2026-09-07T17:55:12.3548563Z Current runner version: '2.337.0'
2026-09-07T17:55:12.3573122Z ##[group]Runner Image Provisioner
2026-09-07T17:55:12.3574149Z Hosted Compute Agent
2026-09-07T17:55:12.3574766Z Version: 20260828.587
2026-09-07T17:55:12.3575782Z Commit: abac92662cab4cc7352de4f9f9d2e2419aad9c29
2026-09-07T17:55:12.3576625Z Build Date: 2026-08-28T16:44:25Z
2026-09-07T17:55:12.3577347Z Worker ID: {adbca941-067e-4d38-a3d7-2a55b3243f4a}
2026-09-07T17:55:12.3578179Z Azure Region: westus3
2026-09-07T17:55:12.3578779Z ##[endgroup]
2026-09-07T17:55:12.3580495Z ##[group]Operating System
2026-09-07T17:55:12.3581195Z Ubuntu
2026-09-07T17:55:12.3581758Z 22.04.5
2026-09-07T17:55:12.3582353Z LTS
2026-09-07T17:55:12.3582884Z ##[endgroup]
2026-09-07T17:55:12.3583457Z ##[group]Runner Image
2026-09-07T17:55:12.3584207Z Image: ubuntu-22.04
2026-09-07T17:55:12.3584811Z Version: 20260831.284.1
2026-09-07T17:55:12.3586389Z Included Software: https://github.com/actions/runner-images/blob/ubuntu22/20260831.284/images/ubuntu/Ubuntu2204-Readme.md
2026-09-07T17:55:12.3588378Z Image Release: https://github.com/actions/runner-images/releases/tag/ubuntu22%2F20260831.284
2026-09-07T17:55:12.3589405Z ##[endgroup]
2026-09-07T17:55:12.3592427Z ##[group]GITHUB_TOKEN Permissions
2026-09-07T17:55:12.3594693Z Actions: write
2026-09-07T17:55:12.3595567Z ArtifactMetadata: write
2026-09-07T17:55:12.3596321Z Attestations: write
2026-09-07T17:55:12.3596992Z Checks: write
2026-09-07T17:55:12.3597618Z CodeQuality: write
2026-09-07T17:55:12.3598240Z Contents: write
2026-09-07T17:55:12.3598823Z CopilotRequests: write
2026-09-07T17:55:12.3599492Z Deployments: write
2026-09-07T17:55:12.3600087Z Discussions: write
2026-09-07T17:55:12.3600642Z Drives: write
2026-09-07T17:55:12.3601293Z Issues: write
2026-09-07T17:55:12.3601849Z Metadata: read
2026-09-07T17:55:12.3602621Z Models: read
2026-09-07T17:55:12.3603200Z Packages: write
2026-09-07T17:55:12.3603742Z Pages: write
2026-09-07T17:55:12.3604400Z PullRequests: write
2026-09-07T17:55:12.3605019Z RepositoryProjects: write
2026-09-07T17:55:12.3605950Z SecurityEvents: write
2026-09-07T17:55:12.3606595Z Statuses: write
2026-09-07T17:55:12.3607176Z VulnerabilityAlerts: read
2026-09-07T17:55:12.3607866Z ##[endgroup]
2026-09-07T17:55:12.3609949Z Secret source: Actions
2026-09-07T17:55:12.3611175Z Prepare workflow directory
2026-09-07T17:55:12.4019552Z Prepare all required actions
2026-09-07T17:55:12.4067490Z Getting action download info
2026-09-07T17:55:12.6857637Z Download action repository 'actions/checkout@v4' (SHA:11d5960a326750d5838078e36cf38b85af677262)
2026-09-07T17:55:12.7875100Z Download action repository 'actions/cache@v4' (SHA:0057852bfaa89a56745cba8c7296529d2fc39830)
2026-09-07T17:55:13.0015708Z Complete job name: Build engine core + smoke test
2026-09-07T17:55:13.0808100Z Node 20 is being deprecated. This workflow is running with Node 24 by default. If you need to temporarily use Node 20, you can set the ACTIONS_ALLOW_USE_UNSECURE_NODE_VERSION=true environment variable. For more information see: https://github.blog/changelog/2025-09-19-deprecation-of-node-20-on-github-actions-runners/
2026-09-07T17:55:13.0816904Z ##[group]Run actions/checkout@v4
2026-09-07T17:55:13.0817626Z with:
2026-09-07T17:55:13.0818075Z   repository: FiresonZ/PocketKrKr
2026-09-07T17:55:13.0822006Z   token: ***
2026-09-07T17:55:13.0822430Z   ssh-strict: true
2026-09-07T17:55:13.0822856Z   ssh-user: git
2026-09-07T17:55:13.0823295Z   persist-credentials: true
2026-09-07T17:55:13.0823773Z   clean: true
2026-09-07T17:55:13.0824202Z   sparse-checkout-cone-mode: true
2026-09-07T17:55:13.0824711Z   fetch-depth: 1
2026-09-07T17:55:13.0825127Z   fetch-tags: false
2026-09-07T17:55:13.0825914Z   show-progress: true
2026-09-07T17:55:13.0826363Z   lfs: false
2026-09-07T17:55:13.0826805Z   submodules: false
2026-09-07T17:55:13.0827246Z   set-safe-directory: true
2026-09-07T17:55:13.0827749Z   allow-unsafe-pr-checkout: false
2026-09-07T17:55:13.0828542Z env:
2026-09-07T17:55:13.0828985Z   JOBS: 4
2026-09-07T17:55:13.0829373Z ##[endgroup]
2026-09-07T17:55:13.1902845Z Syncing repository: FiresonZ/PocketKrKr
2026-09-07T17:55:13.1906333Z ##[group]Getting Git version info
2026-09-07T17:55:13.1907777Z Working directory is '/home/runner/work/PocketKrKr/PocketKrKr'
2026-09-07T17:55:13.1909650Z [command]/usr/bin/git version
2026-09-07T17:55:13.1983461Z git version 2.55.0
2026-09-07T17:55:13.2006957Z ##[endgroup]
2026-09-07T17:55:13.2022220Z Temporarily overriding HOME='/home/runner/work/_temp/7158fa0a-ecfe-41ee-8d9c-a1201b7d3022' before making global git config changes
2026-09-07T17:55:13.2024624Z Adding repository directory to the temporary git global config as a safe directory
2026-09-07T17:55:13.2028097Z [command]/usr/bin/git config --global --add safe.directory /home/runner/work/PocketKrKr/PocketKrKr
2026-09-07T17:55:13.2070742Z Deleting the contents of '/home/runner/work/PocketKrKr/PocketKrKr'
2026-09-07T17:55:13.2074766Z ##[group]Initializing the repository
2026-09-07T17:55:13.2078973Z [command]/usr/bin/git init /home/runner/work/PocketKrKr/PocketKrKr
2026-09-07T17:55:13.2209146Z hint: Using 'master' as the name for the initial branch. This default branch name
2026-09-07T17:55:13.2211102Z hint: will change to "main" in Git 3.0. To configure the initial branch name
2026-09-07T17:55:13.2212838Z hint: to use in all of your new repositories, which will suppress this warning,
2026-09-07T17:55:13.2214243Z hint: call:
2026-09-07T17:55:13.2215054Z hint:
2026-09-07T17:55:13.2216321Z hint: 	git config --global init.defaultBranch <name>
2026-09-07T17:55:13.2217496Z hint:
2026-09-07T17:55:13.2218606Z hint: Names commonly chosen instead of 'master' are 'main', 'trunk' and
2026-09-07T17:55:13.2220300Z hint: 'development'. The just-created branch can be renamed via this command:
2026-09-07T17:55:13.2221682Z hint:
2026-09-07T17:55:13.2222535Z hint: 	git branch -m <name>
2026-09-07T17:55:13.2223615Z hint:
2026-09-07T17:55:13.2224799Z hint: Disable this message with "git config set advice.defaultBranchName false"
2026-09-07T17:55:13.2226932Z Initialized empty Git repository in /home/runner/work/PocketKrKr/PocketKrKr/.git/
2026-09-07T17:55:13.2230524Z [command]/usr/bin/git remote add origin https://github.com/FiresonZ/PocketKrKr
2026-09-07T17:55:13.2263744Z ##[endgroup]
2026-09-07T17:55:13.2265078Z ##[group]Disabling automatic garbage collection
2026-09-07T17:55:13.2269010Z [command]/usr/bin/git config --local gc.auto 0
2026-09-07T17:55:13.2304318Z ##[endgroup]
2026-09-07T17:55:13.2305737Z ##[group]Setting up auth
2026-09-07T17:55:13.2310452Z [command]/usr/bin/git config --local --name-only --get-regexp core\.sshCommand
2026-09-07T17:55:13.2348037Z [command]/usr/bin/git submodule foreach --recursive sh -c "git config --local --name-only --get-regexp 'core\.sshCommand' && git config --local --unset-all 'core.sshCommand' || :"
2026-09-07T17:55:13.2785155Z [command]/usr/bin/git config --local --name-only --get-regexp http\.https\:\/\/github\.com\/\.extraheader
2026-09-07T17:55:13.2829515Z [command]/usr/bin/git submodule foreach --recursive sh -c "git config --local --name-only --get-regexp 'http\.https\:\/\/github\.com\/\.extraheader' && git config --local --unset-all 'http.https://github.com/.extraheader' || :"
2026-09-07T17:55:13.3116320Z [command]/usr/bin/git config --local --name-only --get-regexp ^includeIf\.gitdir:
2026-09-07T17:55:13.3158216Z [command]/usr/bin/git submodule foreach --recursive git config --local --show-origin --name-only --get-regexp remote.origin.url
2026-09-07T17:55:13.3440321Z [command]/usr/bin/git config --local http.https://github.com/.extraheader AUTHORIZATION: basic ***
2026-09-07T17:55:13.3484781Z ##[endgroup]
2026-09-07T17:55:13.3486437Z ##[group]Fetching the repository
2026-09-07T17:55:13.3496210Z [command]/usr/bin/git -c protocol.version=2 fetch --no-tags --prune --no-recurse-submodules --depth=1 origin +8aee3ad3313b6fa75419ddf2e7710d67b3235c33:refs/remotes/origin/main
2026-09-07T17:55:14.3434094Z From https://github.com/FiresonZ/PocketKrKr
2026-09-07T17:55:14.3436616Z  * [new ref]         8aee3ad3313b6fa75419ddf2e7710d67b3235c33 -> origin/main
2026-09-07T17:55:14.3447497Z ##[endgroup]
2026-09-07T17:55:14.3449096Z ##[group]Determining the checkout info
2026-09-07T17:55:14.3450409Z ##[endgroup]
2026-09-07T17:55:14.3451209Z [command]/usr/bin/git sparse-checkout disable
2026-09-07T17:55:14.3499272Z [command]/usr/bin/git config --local --unset-all extensions.worktreeConfig
2026-09-07T17:55:14.3535789Z ##[group]Checking out the ref
2026-09-07T17:55:14.3577460Z [command]/usr/bin/git checkout --progress --force -B main refs/remotes/origin/main
2026-09-07T17:55:14.4592901Z Switched to a new branch 'main'
2026-09-07T17:55:14.4598481Z branch 'main' set up to track 'origin/main'.
2026-09-07T17:55:14.4609528Z ##[endgroup]
2026-09-07T17:55:14.4656032Z [command]/usr/bin/git log -1 --format=%H
2026-09-07T17:55:14.4690428Z 8aee3ad3313b6fa75419ddf2e7710d67b3235c33
2026-09-07T17:55:14.4948827Z ##[group]Run sudo apt-get update
2026-09-07T17:55:14.4950273Z [36;1msudo apt-get update[0m
2026-09-07T17:55:14.4952235Z [36;1msudo apt-get install -y cmake ninja-build ccache bison mesa-common-dev nasm yasm[0m
2026-09-07T17:55:14.4954409Z [36;1mcmake --version | head -1[0m
2026-09-07T17:55:14.4956038Z [36;1mninja --version[0m
2026-09-07T17:55:14.4957241Z [36;1mbison --version | head -1[0m
2026-09-07T17:55:14.5387724Z shell: /usr/bin/bash -e {0}
2026-09-07T17:55:14.5389013Z env:
2026-09-07T17:55:14.5389956Z   JOBS: 4
2026-09-07T17:55:14.5390924Z ##[endgroup]
2026-09-07T17:55:14.6783442Z Get:1 file:/etc/apt/apt-mirrors.txt Mirrorlist [144 B]
2026-09-07T17:55:14.7238381Z Hit:2 http://azure.archive.ubuntu.com/ubuntu jammy InRelease
2026-09-07T17:55:14.7268533Z Get:3 http://azure.archive.ubuntu.com/ubuntu jammy-updates InRelease [128 kB]
2026-09-07T17:55:14.7327487Z Get:4 http://azure.archive.ubuntu.com/ubuntu jammy-backports InRelease [127 kB]
2026-09-07T17:55:14.7357774Z Get:5 http://azure.archive.ubuntu.com/ubuntu jammy-security InRelease [129 kB]
2026-09-07T17:55:14.7387453Z Get:6 https://packages.microsoft.com/ubuntu/22.04/prod jammy InRelease [3632 B]
2026-09-07T17:55:14.7576453Z Get:7 https://dl.google.com/linux/chrome-stable/deb stable InRelease [2548 B]
2026-09-07T17:55:14.9271792Z Get:8 http://azure.archive.ubuntu.com/ubuntu jammy-updates/main amd64 Packages [3794 kB]
2026-09-07T17:55:14.9592683Z Get:9 http://azure.archive.ubuntu.com/ubuntu jammy-updates/main Translation-en [563 kB]
2026-09-07T17:55:14.9631293Z Get:10 http://azure.archive.ubuntu.com/ubuntu jammy-updates/restricted amd64 Packages [6541 kB]
2026-09-07T17:55:15.0026640Z Get:11 http://azure.archive.ubuntu.com/ubuntu jammy-updates/restricted Translation-en [1255 kB]
2026-09-07T17:55:15.0097641Z Get:12 http://azure.archive.ubuntu.com/ubuntu jammy-updates/universe amd64 Packages [1282 kB]
2026-09-07T17:55:15.0173324Z Get:13 http://azure.archive.ubuntu.com/ubuntu jammy-updates/universe Translation-en [323 kB]
2026-09-07T17:55:15.1177785Z Get:14 http://azure.archive.ubuntu.com/ubuntu jammy-security/main amd64 Packages [3523 kB]
2026-09-07T17:55:15.1369021Z Get:15 http://azure.archive.ubuntu.com/ubuntu jammy-security/main Translation-en [495 kB]
2026-09-07T17:55:15.1398781Z Get:16 http://azure.archive.ubuntu.com/ubuntu jammy-security/restricted amd64 Packages [6299 kB]
2026-09-07T17:55:15.1723878Z Get:17 http://azure.archive.ubuntu.com/ubuntu jammy-security/restricted Translation-en [1212 kB]
2026-09-07T17:55:15.1966784Z Get:20 https://packages.microsoft.com/ubuntu/22.04/prod jammy/main arm64 Packages [489 kB]
2026-09-07T17:55:15.2056644Z Get:21 https://packages.microsoft.com/ubuntu/22.04/prod jammy/main amd64 Packages [721 kB]
2026-09-07T17:55:15.2260548Z Get:18 http://azure.archive.ubuntu.com/ubuntu jammy-security/universe amd64 Packages [1048 kB]
2026-09-07T17:55:15.2328101Z Get:19 http://azure.archive.ubuntu.com/ubuntu jammy-security/universe Translation-en [235 kB]
2026-09-07T17:55:15.4057536Z Get:22 https://dl.google.com/linux/chrome-stable/deb stable/main amd64 Packages [1403 B]
2026-09-07T17:55:20.7806070Z Fetched 28.2 MB in 3s (8812 kB/s)
2026-09-07T17:55:22.0893254Z Reading package lists...
2026-09-07T17:55:22.1612573Z Reading package lists...
2026-09-07T17:55:22.4209026Z Building dependency tree...
2026-09-07T17:55:22.4221166Z Reading state information...
2026-09-07T17:55:22.6062914Z bison is already the newest version (2:3.8.2+dfsg-1build1).
2026-09-07T17:55:22.6063760Z The following additional packages will be installed:
2026-09-07T17:55:22.6066647Z   cmake-data dh-elpa-helper libdrm-dev libgl-dev libglx-dev libhiredis0.14
2026-09-07T17:55:22.6072067Z   libjsoncpp25 libpciaccess-dev librhash0
2026-09-07T17:55:22.6079432Z Suggested packages:
2026-09-07T17:55:22.6079859Z   distcc | icecc cmake-doc cmake-format
2026-09-07T17:55:22.6333458Z The following NEW packages will be installed:
2026-09-07T17:55:22.6334826Z   ccache cmake cmake-data dh-elpa-helper libdrm-dev libgl-dev libglx-dev
2026-09-07T17:55:22.6341454Z   libhiredis0.14 libjsoncpp25 libpciaccess-dev librhash0 mesa-common-dev nasm
2026-09-07T17:55:22.6342637Z   ninja-build yasm
2026-09-07T17:55:22.6544034Z 0 upgraded, 15 newly installed, 0 to remove and 34 not upgraded.
2026-09-07T17:55:22.6545002Z Need to get 11.2 MB of archives.
2026-09-07T17:55:22.6545846Z After this operation, 45.0 MB of additional disk space will be used.
2026-09-07T17:55:22.6546594Z Get:1 file:/etc/apt/apt-mirrors.txt Mirrorlist [144 B]
2026-09-07T17:55:22.7219967Z Get:2 http://azure.archive.ubuntu.com/ubuntu jammy/universe amd64 libhiredis0.14 amd64 0.14.1-2 [32.8 kB]
2026-09-07T17:55:22.7694578Z Get:3 http://azure.archive.ubuntu.com/ubuntu jammy/universe amd64 ccache amd64 4.5.1-1 [495 kB]
2026-09-07T17:55:22.8193157Z Get:4 http://azure.archive.ubuntu.com/ubuntu jammy/main amd64 libjsoncpp25 amd64 1.9.5-3 [80.0 kB]
2026-09-07T17:55:22.8660667Z Get:5 http://azure.archive.ubuntu.com/ubuntu jammy/main amd64 librhash0 amd64 1.4.2-1ubuntu1 [125 kB]
2026-09-07T17:55:22.9129546Z Get:6 http://azure.archive.ubuntu.com/ubuntu jammy/main amd64 dh-elpa-helper all 2.0.9ubuntu1 [7610 B]
2026-09-07T17:55:22.9595468Z Get:7 http://azure.archive.ubuntu.com/ubuntu jammy-updates/main amd64 cmake-data all 3.22.1-1ubuntu1.22.04.2 [1913 kB]
2026-09-07T17:55:23.0166910Z Get:8 http://azure.archive.ubuntu.com/ubuntu jammy-updates/main amd64 cmake amd64 3.22.1-1ubuntu1.22.04.2 [5010 kB]
2026-09-07T17:55:23.1218311Z Get:9 http://azure.archive.ubuntu.com/ubuntu jammy/main amd64 libpciaccess-dev amd64 0.16-3 [21.9 kB]
2026-09-07T17:55:23.1679633Z Get:10 http://azure.archive.ubuntu.com/ubuntu jammy-updates/main amd64 libdrm-dev amd64 2.4.113-2~ubuntu0.22.04.1 [292 kB]
2026-09-07T17:55:23.2158146Z Get:11 http://azure.archive.ubuntu.com/ubuntu jammy/main amd64 libglx-dev amd64 1.4.0-1 [14.1 kB]
2026-09-07T17:55:23.2625597Z Get:12 http://azure.archive.ubuntu.com/ubuntu jammy/main amd64 libgl-dev amd64 1.4.0-1 [101 kB]
2026-09-07T17:55:23.3102011Z Get:13 http://azure.archive.ubuntu.com/ubuntu jammy-updates/main amd64 mesa-common-dev amd64 23.2.1-1ubuntu3.1~22.04.4 [2208 kB]
2026-09-07T17:55:23.4142825Z Get:14 http://azure.archive.ubuntu.com/ubuntu jammy/universe amd64 nasm amd64 2.15.05-1 [375 kB]
2026-09-07T17:55:23.6876583Z Get:15 http://azure.archive.ubuntu.com/ubuntu jammy/universe amd64 ninja-build amd64 1.10.1-1 [111 kB]
2026-09-07T17:55:23.7346063Z Get:16 http://azure.archive.ubuntu.com/ubuntu jammy/universe amd64 yasm amd64 1.3.0-2.1 [413 kB]
2026-09-07T17:55:24.0670093Z Fetched 11.2 MB in 1s (10.2 MB/s)
2026-09-07T17:55:24.0953816Z Selecting previously unselected package libhiredis0.14:amd64.
2026-09-07T17:55:24.1354110Z (Reading database ... 
2026-09-07T17:55:24.1354411Z (Reading database ... 5%
2026-09-07T17:55:24.1354657Z (Reading database ... 10%
2026-09-07T17:55:24.1354887Z (Reading database ... 15%
2026-09-07T17:55:24.1355107Z (Reading database ... 20%
2026-09-07T17:55:24.1355621Z (Reading database ... 25%
2026-09-07T17:55:24.1355844Z (Reading database ... 30%
2026-09-07T17:55:24.1356090Z (Reading database ... 35%
2026-09-07T17:55:24.1356305Z (Reading database ... 40%
2026-09-07T17:55:24.1356514Z (Reading database ... 45%
2026-09-07T17:55:24.1356726Z (Reading database ... 50%
2026-09-07T17:55:24.1812482Z (Reading database ... 55%
2026-09-07T17:55:24.3697407Z (Reading database ... 60%
2026-09-07T17:55:24.5816741Z (Reading database ... 65%
2026-09-07T17:55:24.8041055Z (Reading database ... 70%
2026-09-07T17:55:24.9849025Z (Reading database ... 75%
2026-09-07T17:55:25.0728950Z (Reading database ... 80%
2026-09-07T17:55:25.2163564Z (Reading database ... 85%
2026-09-07T17:55:25.4262552Z (Reading database ... 90%
2026-09-07T17:55:25.5354760Z (Reading database ... 95%
2026-09-07T17:55:25.5355734Z (Reading database ... 100%
2026-09-07T17:55:25.5356329Z (Reading database ... 262009 files and directories currently installed.)
2026-09-07T17:55:25.5409934Z Preparing to unpack .../00-libhiredis0.14_0.14.1-2_amd64.deb ...
2026-09-07T17:55:25.5455621Z Unpacking libhiredis0.14:amd64 (0.14.1-2) ...
2026-09-07T17:55:25.5715731Z Selecting previously unselected package ccache.
2026-09-07T17:55:25.5917231Z Preparing to unpack .../01-ccache_4.5.1-1_amd64.deb ...
2026-09-07T17:55:25.5928545Z Unpacking ccache (4.5.1-1) ...
2026-09-07T17:55:25.6332797Z Selecting previously unselected package libjsoncpp25:amd64.
2026-09-07T17:55:25.6537981Z Preparing to unpack .../02-libjsoncpp25_1.9.5-3_amd64.deb ...
2026-09-07T17:55:25.6551170Z Unpacking libjsoncpp25:amd64 (1.9.5-3) ...
2026-09-07T17:55:25.6824846Z Selecting previously unselected package librhash0:amd64.
2026-09-07T17:55:25.7028123Z Preparing to unpack .../03-librhash0_1.4.2-1ubuntu1_amd64.deb ...
2026-09-07T17:55:25.7041391Z Unpacking librhash0:amd64 (1.4.2-1ubuntu1) ...
2026-09-07T17:55:25.7305473Z Selecting previously unselected package dh-elpa-helper.
2026-09-07T17:55:25.7508521Z Preparing to unpack .../04-dh-elpa-helper_2.0.9ubuntu1_all.deb ...
2026-09-07T17:55:25.7521220Z Unpacking dh-elpa-helper (2.0.9ubuntu1) ...
2026-09-07T17:55:25.7804067Z Selecting previously unselected package cmake-data.
2026-09-07T17:55:25.8010630Z Preparing to unpack .../05-cmake-data_3.22.1-1ubuntu1.22.04.2_all.deb ...
2026-09-07T17:55:25.8101499Z Unpacking cmake-data (3.22.1-1ubuntu1.22.04.2) ...
2026-09-07T17:55:26.4121974Z Selecting previously unselected package cmake.
2026-09-07T17:55:26.4336134Z Preparing to unpack .../06-cmake_3.22.1-1ubuntu1.22.04.2_amd64.deb ...
2026-09-07T17:55:26.4348025Z Unpacking cmake (3.22.1-1ubuntu1.22.04.2) ...
2026-09-07T17:55:26.5419086Z Selecting previously unselected package libpciaccess-dev:amd64.
2026-09-07T17:55:26.5626348Z Preparing to unpack .../07-libpciaccess-dev_0.16-3_amd64.deb ...
2026-09-07T17:55:26.5639003Z Unpacking libpciaccess-dev:amd64 (0.16-3) ...
2026-09-07T17:55:26.5913785Z Selecting previously unselected package libdrm-dev:amd64.
2026-09-07T17:55:26.6119795Z Preparing to unpack .../08-libdrm-dev_2.4.113-2~ubuntu0.22.04.1_amd64.deb ...
2026-09-07T17:55:26.6131811Z Unpacking libdrm-dev:amd64 (2.4.113-2~ubuntu0.22.04.1) ...
2026-09-07T17:55:26.6535002Z Selecting previously unselected package libglx-dev:amd64.
2026-09-07T17:55:26.6741686Z Preparing to unpack .../09-libglx-dev_1.4.0-1_amd64.deb ...
2026-09-07T17:55:26.6753067Z Unpacking libglx-dev:amd64 (1.4.0-1) ...
2026-09-07T17:55:26.7019597Z Selecting previously unselected package libgl-dev:amd64.
2026-09-07T17:55:26.7230813Z Preparing to unpack .../10-libgl-dev_1.4.0-1_amd64.deb ...
2026-09-07T17:55:26.7241805Z Unpacking libgl-dev:amd64 (1.4.0-1) ...
2026-09-07T17:55:26.7541881Z Selecting previously unselected package mesa-common-dev:amd64.
2026-09-07T17:55:26.7748940Z Preparing to unpack .../11-mesa-common-dev_23.2.1-1ubuntu3.1~22.04.4_amd64.deb ...
2026-09-07T17:55:26.7771345Z Unpacking mesa-common-dev:amd64 (23.2.1-1ubuntu3.1~22.04.4) ...
2026-09-07T17:55:26.8910116Z Selecting previously unselected package nasm.
2026-09-07T17:55:26.9117175Z Preparing to unpack .../12-nasm_2.15.05-1_amd64.deb ...
2026-09-07T17:55:26.9128892Z Unpacking nasm (2.15.05-1) ...
2026-09-07T17:55:26.9800657Z Selecting previously unselected package ninja-build.
2026-09-07T17:55:27.0004912Z Preparing to unpack .../13-ninja-build_1.10.1-1_amd64.deb ...
2026-09-07T17:55:27.0016252Z Unpacking ninja-build (1.10.1-1) ...
2026-09-07T17:55:27.0366018Z Selecting previously unselected package yasm.
2026-09-07T17:55:27.0576415Z Preparing to unpack .../14-yasm_1.3.0-2.1_amd64.deb ...
2026-09-07T17:55:27.0587514Z Unpacking yasm (1.3.0-2.1) ...
2026-09-07T17:55:27.1454983Z Setting up libpciaccess-dev:amd64 (0.16-3) ...
2026-09-07T17:55:27.1485547Z Setting up ninja-build (1.10.1-1) ...
2026-09-07T17:55:27.1510942Z Setting up yasm (1.3.0-2.1) ...
2026-09-07T17:55:27.1538209Z Setting up dh-elpa-helper (2.0.9ubuntu1) ...
2026-09-07T17:55:27.1580880Z Setting up libjsoncpp25:amd64 (1.9.5-3) ...
2026-09-07T17:55:27.1619602Z Setting up nasm (2.15.05-1) ...
2026-09-07T17:55:27.1649644Z Setting up librhash0:amd64 (1.4.2-1ubuntu1) ...
2026-09-07T17:55:27.1674609Z Setting up libglx-dev:amd64 (1.4.0-1) ...
2026-09-07T17:55:27.1697709Z Setting up cmake-data (3.22.1-1ubuntu1.22.04.2) ...
2026-09-07T17:55:27.2251242Z Setting up libgl-dev:amd64 (1.4.0-1) ...
2026-09-07T17:55:27.2272521Z Setting up libhiredis0.14:amd64 (0.14.1-2) ...
2026-09-07T17:55:27.2293914Z Setting up libdrm-dev:amd64 (2.4.113-2~ubuntu0.22.04.1) ...
2026-09-07T17:55:27.2315753Z Setting up ccache (4.5.1-1) ...
2026-09-07T17:55:27.2341547Z Updating symlinks in /usr/lib/ccache ...
2026-09-07T17:55:27.2438076Z Setting up cmake (3.22.1-1ubuntu1.22.04.2) ...
2026-09-07T17:55:27.2459574Z Setting up mesa-common-dev:amd64 (23.2.1-1ubuntu3.1~22.04.4) ...
2026-09-07T17:55:27.2488038Z Processing triggers for man-db (2.10.2-1) ...
2026-09-07T17:55:27.2512986Z Not building database; man-db/auto-update is not 'true'.
2026-09-07T17:55:27.2527627Z Processing triggers for libc-bin (2.35-0ubuntu3.14) ...
2026-09-07T17:55:27.9401863Z 
2026-09-07T17:55:27.9402423Z Running kernel seems to be up-to-date.
2026-09-07T17:55:27.9402827Z 
2026-09-07T17:55:27.9403030Z No services need to be restarted.
2026-09-07T17:55:27.9403375Z 
2026-09-07T17:55:27.9403489Z No containers need to be restarted.
2026-09-07T17:55:27.9403698Z 
2026-09-07T17:55:27.9403838Z No user sessions are running outdated binaries.
2026-09-07T17:55:27.9404082Z 
2026-09-07T17:55:27.9404297Z No VM guests are running outdated hypervisor (qemu) binaries on this host.
2026-09-07T17:55:29.3167023Z cmake version 3.31.6
2026-09-07T17:55:29.3327705Z 1.13.2
2026-09-07T17:55:29.3609878Z bison (GNU Bison) 3.8.2
2026-09-07T17:55:29.3702499Z Node 20 is being deprecated. This workflow is running with Node 24 by default. If you need to temporarily use Node 20, you can set the ACTIONS_ALLOW_USE_UNSECURE_NODE_VERSION=true environment variable. For more information see: https://github.blog/changelog/2025-09-19-deprecation-of-node-20-on-github-actions-runners/
2026-09-07T17:55:29.3704603Z ##[group]Run actions/cache/restore@v4
2026-09-07T17:55:29.3704881Z with:
2026-09-07T17:55:29.3705076Z   path: ~/.cache/ccache
2026-09-07T17:55:29.3705614Z   key: ccache-linux-core-refs/heads/main
2026-09-07T17:55:29.3705918Z   restore-keys: ccache-linux-core-

2026-09-07T17:55:29.3706192Z   enableCrossOsArchive: false
2026-09-07T17:55:29.3706440Z   fail-on-cache-miss: false
2026-09-07T17:55:29.3706668Z   lookup-only: false
2026-09-07T17:55:29.3706882Z env:
2026-09-07T17:55:29.3707051Z   JOBS: 4
2026-09-07T17:55:29.3707227Z ##[endgroup]
2026-09-07T17:55:29.4879663Z (node:2659) [DEP0040] DeprecationWarning: The `punycode` module is deprecated. Please use a userland alternative instead.
2026-09-07T17:55:29.4880596Z (Use `node --trace-deprecation ...` to show where the warning was created)
2026-09-07T17:55:29.7086919Z Cache hit for: ccache-linux-core-refs/heads/main
2026-09-07T17:55:29.7191299Z (node:2659) [DEP0169] DeprecationWarning: `url.parse()` behavior is not standardized and prone to errors that have security implications. Use the WHATWG URL API instead. CVEs are not issued for `url.parse()` vulnerabilities.
2026-09-07T17:55:30.9221786Z Received 37748736 of 348357567 (10.8%), 35.9 MBs/sec
2026-09-07T17:55:31.9202082Z Received 171966464 of 348357567 (49.4%), 81.9 MBs/sec
2026-09-07T17:55:32.9212434Z Received 339968959 of 348357567 (97.6%), 107.9 MBs/sec
2026-09-07T17:55:33.0392993Z Received 348357567 of 348357567 (100.0%), 106.4 MBs/sec
2026-09-07T17:55:33.0396794Z Cache Size: ~332 MB (348357567 B)
2026-09-07T17:55:33.0504045Z [command]/usr/bin/tar -xf /home/runner/work/_temp/c8b50ae9-2314-4b6a-8343-c76b4f00341e/cache.tzst -P -C /home/runner/work/PocketKrKr/PocketKrKr --use-compress-program unzstd
2026-09-07T17:55:33.7355063Z Cache restored successfully
2026-09-07T17:55:33.8212802Z Cache restored from key: ccache-linux-core-refs/heads/main
2026-09-07T17:55:33.9977836Z Node 20 is being deprecated. This workflow is running with Node 24 by default. If you need to temporarily use Node 20, you can set the ACTIONS_ALLOW_USE_UNSECURE_NODE_VERSION=true environment variable. For more information see: https://github.blog/changelog/2025-09-19-deprecation-of-node-20-on-github-actions-runners/
2026-09-07T17:55:33.9979191Z ##[group]Run actions/cache/restore@v4
2026-09-07T17:55:33.9979460Z with:
2026-09-07T17:55:33.9979670Z   path: ~/.cache/vcpkg
2026-09-07T17:55:33.9980067Z   key: vcpkg-linux-973ab3e6891fa53385dac25149d5a3d2fefc93867f3bc9b47be446615efa254d
2026-09-07T17:55:33.9980550Z   restore-keys: vcpkg-linux-

2026-09-07T17:55:33.9980817Z   enableCrossOsArchive: false
2026-09-07T17:55:33.9981077Z   fail-on-cache-miss: false
2026-09-07T17:55:33.9981316Z   lookup-only: false
2026-09-07T17:55:33.9981518Z env:
2026-09-07T17:55:33.9981696Z   JOBS: 4
2026-09-07T17:55:33.9981878Z ##[endgroup]
2026-09-07T17:55:34.1099498Z (node:2687) [DEP0040] DeprecationWarning: The `punycode` module is deprecated. Please use a userland alternative instead.
2026-09-07T17:55:34.1100229Z (Use `node --trace-deprecation ...` to show where the warning was created)
2026-09-07T17:55:34.3230376Z Cache hit for: vcpkg-linux-973ab3e6891fa53385dac25149d5a3d2fefc93867f3bc9b47be446615efa254d
2026-09-07T17:55:34.3336913Z (node:2687) [DEP0169] DeprecationWarning: `url.parse()` behavior is not standardized and prone to errors that have security implications. Use the WHATWG URL API instead. CVEs are not issued for `url.parse()` vulnerabilities.
2026-09-07T17:55:35.5336993Z Received 46137344 of 2028523052 (2.3%), 44.0 MBs/sec
2026-09-07T17:55:36.5368395Z Received 205520896 of 2028523052 (10.1%), 97.9 MBs/sec
2026-09-07T17:55:37.5406810Z Received 356515840 of 2028523052 (17.6%), 113.1 MBs/sec
2026-09-07T17:55:38.5398188Z Received 503316480 of 2028523052 (24.8%), 119.8 MBs/sec
2026-09-07T17:55:39.5405816Z Received 645922816 of 2028523052 (31.8%), 123.0 MBs/sec
2026-09-07T17:55:40.5449783Z Received 792723456 of 2028523052 (39.1%), 125.9 MBs/sec
2026-09-07T17:55:41.5426808Z Received 918552576 of 2028523052 (45.3%), 125.0 MBs/sec
2026-09-07T17:55:42.5426410Z Received 1065353216 of 2028523052 (52.5%), 126.9 MBs/sec
2026-09-07T17:55:43.5466404Z Received 1203765248 of 2028523052 (59.3%), 127.4 MBs/sec
2026-09-07T17:55:44.6195598Z Received 1342177280 of 2028523052 (66.2%), 126.9 MBs/sec
2026-09-07T17:55:45.6439553Z Received 1476395008 of 2028523052 (72.8%), 126.8 MBs/sec
2026-09-07T17:55:46.6420513Z Received 1610612736 of 2028523052 (79.4%), 126.9 MBs/sec
2026-09-07T17:55:47.7315911Z Received 1744830464 of 2028523052 (86.0%), 126.1 MBs/sec
2026-09-07T17:55:48.7855979Z Received 1879048192 of 2028523052 (92.6%), 125.7 MBs/sec
2026-09-07T17:55:49.7849148Z Received 2004877312 of 2028523052 (98.8%), 125.4 MBs/sec
2026-09-07T17:55:50.2282788Z Received 2028523052 of 2028523052 (100.0%), 123.3 MBs/sec
2026-09-07T17:55:50.2285595Z Cache Size: ~1935 MB (2028523052 B)
2026-09-07T17:55:50.2323979Z [command]/usr/bin/tar -xf /home/runner/work/_temp/710c8b3a-5d9a-4d83-ac85-a9f234eaf889/cache.tzst -P -C /home/runner/work/PocketKrKr/PocketKrKr --use-compress-program unzstd
2026-09-07T17:55:53.6889661Z Cache restored successfully
2026-09-07T17:55:54.0494760Z Cache restored from key: vcpkg-linux-973ab3e6891fa53385dac25149d5a3d2fefc93867f3bc9b47be446615efa254d
2026-09-07T17:55:54.0771820Z ##[group]Run export VCPKG_BINARY_SOURCES="files,${HOME}/.cache/vcpkg,readwrite"
2026-09-07T17:55:54.0772469Z [36;1mexport VCPKG_BINARY_SOURCES="files,${HOME}/.cache/vcpkg,readwrite"[0m
2026-09-07T17:55:54.0772914Z [36;1mexport CCACHE_DIR="${HOME}/.cache/ccache"[0m
2026-09-07T17:55:54.0773448Z [36;1m# vcpkg 自举（与 build/*.sh 相同的路径约定）[0m
2026-09-07T17:55:54.0773777Z [36;1mif [ ! -d ".devtools/vcpkg/.git" ]; then[0m
2026-09-07T17:55:54.0774208Z [36;1m  git clone https://github.com/microsoft/vcpkg.git .devtools/vcpkg[0m
2026-09-07T17:55:54.0774707Z [36;1m  (cd .devtools/vcpkg && ./bootstrap-vcpkg.sh -disableMetrics)[0m
2026-09-07T17:55:54.0775064Z [36;1mfi[0m
2026-09-07T17:55:54.0775586Z [36;1mexport VCPKG_ROOT="$PWD/.devtools/vcpkg"[0m
2026-09-07T17:55:54.0775929Z [36;1mcmake --preset "Linux Debug Config"[0m
2026-09-07T17:55:54.0776303Z [36;1mcmake --build --preset "Linux Debug Build" -- -j"$JOBS"[0m
2026-09-07T17:55:54.0849169Z shell: /usr/bin/bash -e {0}
2026-09-07T17:55:54.0849672Z env:
2026-09-07T17:55:54.0850003Z   JOBS: 4
2026-09-07T17:55:54.0850212Z ##[endgroup]
2026-09-07T17:55:54.0959638Z Cloning into '.devtools/vcpkg'...
2026-09-07T17:56:06.9171295Z Downloading vcpkg-glibc...
2026-09-07T17:56:07.6066261Z vcpkg package management program version 2026-07-27-98d7cb0cf1f4686a3e43aa5672b6230c1d56bce8
2026-09-07T17:56:07.6067044Z 
2026-09-07T17:56:07.6067244Z See LICENSE.txt for license information.
2026-09-07T17:56:07.6141093Z Preset CMake variables:
2026-09-07T17:56:07.6141415Z 
2026-09-07T17:56:07.6141526Z   BUILD_TOOLS:BOOL="TRUE"
2026-09-07T17:56:07.6141793Z   CMAKE_BUILD_TYPE="Debug"
2026-09-07T17:56:07.6142141Z   CMAKE_EXPORT_COMPILE_COMMANDS:BOOL="TRUE"
2026-09-07T17:56:07.6142694Z   ENABLE_TESTS:BOOL="TRUE"
2026-09-07T17:56:07.6143134Z   VCPKG_TARGET_TRIPLET="x64-linux"
2026-09-07T17:56:07.6143637Z 
2026-09-07T17:56:07.6143818Z -- Ccache found: /usr/bin/ccache
2026-09-07T17:56:07.6212540Z -- Running vcpkg install
2026-09-07T17:56:07.6883163Z A suitable version of cmake was not found (required v4.4.2).
2026-09-07T17:56:07.6884246Z Downloading https://github.com/Kitware/CMake/releases/download/v4.4.2/cmake-4.4.2-linux-x86_64.tar.gz -> cmake-4.4.2-linux-x86_64.tar.gz
2026-09-07T17:56:08.8075048Z Successfully downloaded cmake-4.4.2-linux-x86_64.tar.gz
2026-09-07T17:56:08.8094101Z Extracting cmake...
2026-09-07T17:56:11.0101495Z Detecting compiler hash for triplet x64-linux...
2026-09-07T17:56:11.5437416Z Compiler found: /usr/bin/c++
2026-09-07T17:56:11.6048209Z The following packages will be built and installed:
2026-09-07T17:56:11.6049327Z     7zip:x64-linux@24.09#1 -- /home/runner/work/PocketKrKr/PocketKrKr/./vcpkg/ports/7zip
2026-09-07T17:56:11.6050263Z   * alsa:x64-linux@1.2.14
2026-09-07T17:56:11.6051246Z     angle[core,vulkan]:x64-linux@chromium_7258#3 -- /home/runner/work/PocketKrKr/PocketKrKr/./vcpkg/ports/angle
2026-09-07T17:56:11.6052293Z     argparse:x64-linux@3.2
2026-09-07T17:56:11.6052800Z   * boost-algorithm:x64-linux@1.88.0
2026-09-07T17:56:11.6053374Z   * boost-align:x64-linux@1.88.0
2026-09-07T17:56:11.6053786Z   * boost-array:x64-linux@1.88.0
2026-09-07T17:56:11.6054140Z   * boost-assert:x64-linux@1.88.0
2026-09-07T17:56:11.6054487Z   * boost-atomic:x64-linux@1.88.0
2026-09-07T17:56:11.6054825Z   * boost-bind:x64-linux@1.88.0
2026-09-07T17:56:11.6055548Z   * boost-charconv:x64-linux@1.88.0#1
2026-09-07T17:56:11.6056063Z   * boost-chrono:x64-linux@1.88.0
2026-09-07T17:56:11.6056412Z   * boost-cmake:x64-linux@1.88.0
2026-09-07T17:56:11.6056764Z   * boost-concept-check:x64-linux@1.88.0
2026-09-07T17:56:11.6057143Z   * boost-config:x64-linux@1.88.0
2026-09-07T17:56:11.6057501Z   * boost-container:x64-linux@1.88.0#1
2026-09-07T17:56:11.6057882Z   * boost-container-hash:x64-linux@1.88.0
2026-09-07T17:56:11.6058268Z   * boost-conversion:x64-linux@1.88.0
2026-09-07T17:56:11.6058633Z   * boost-core:x64-linux@1.88.0
2026-09-07T17:56:11.6058969Z   * boost-date-time:x64-linux@1.88.0
2026-09-07T17:56:11.6059323Z   * boost-describe:x64-linux@1.88.0
2026-09-07T17:56:11.6059918Z   * boost-detail:x64-linux@1.88.0
2026-09-07T17:56:11.6060209Z   * boost-dynamic-bitset:x64-linux@1.88.0
2026-09-07T17:56:11.6060517Z   * boost-endian:x64-linux@1.88.0
2026-09-07T17:56:11.6060789Z   * boost-exception:x64-linux@1.88.0
2026-09-07T17:56:11.6061075Z   * boost-function:x64-linux@1.88.0
2026-09-07T17:56:11.6061522Z   * boost-function-types:x64-linux@1.88.0
2026-09-07T17:56:11.6061818Z   * boost-functional:x64-linux@1.88.0
2026-09-07T17:56:11.6062096Z   * boost-fusion:x64-linux@1.88.0
2026-09-07T17:56:11.6062358Z   * boost-headers:x64-linux@1.88.0
2026-09-07T17:56:11.6062624Z   * boost-integer:x64-linux@1.88.0
2026-09-07T17:56:11.6062895Z   * boost-intrusive:x64-linux@1.88.0
2026-09-07T17:56:11.6063208Z   * boost-io:x64-linux@1.88.0
2026-09-07T17:56:11.6063818Z     boost-iostreams[bzip2,core,lzma,zlib,zstd]:x64-linux@1.88.0
2026-09-07T17:56:11.6064475Z   * boost-iterator:x64-linux@1.88.0
2026-09-07T17:56:11.6064987Z   * boost-lexical-cast:x64-linux@1.88.0
2026-09-07T17:56:11.6065722Z     boost-locale:x64-linux@1.88.0#1
2026-09-07T17:56:11.6066214Z   * boost-move:x64-linux@1.88.0
2026-09-07T17:56:11.6066683Z   * boost-mp11:x64-linux@1.88.0
2026-09-07T17:56:11.6067132Z   * boost-mpl:x64-linux@1.88.0
2026-09-07T17:56:11.6067613Z   * boost-numeric-conversion:x64-linux@1.88.0
2026-09-07T17:56:11.6068272Z   * boost-optional:x64-linux@1.88.0
2026-09-07T17:56:11.6068596Z     boost-phoenix:x64-linux@1.88.0
2026-09-07T17:56:11.6068882Z   * boost-pool:x64-linux@1.88.0
2026-09-07T17:56:11.6069152Z   * boost-predef:x64-linux@1.88.0
2026-09-07T17:56:11.6069668Z   * boost-preprocessor:x64-linux@1.88.0
2026-09-07T17:56:11.6069962Z   * boost-proto:x64-linux@1.88.0
2026-09-07T17:56:11.6070375Z   * boost-random:x64-linux@1.88.0
2026-09-07T17:56:11.6076115Z   * boost-range:x64-linux@1.88.0
2026-09-07T17:56:11.6076604Z   * boost-ratio:x64-linux@1.88.0
2026-09-07T17:56:11.6077061Z   * boost-regex:x64-linux@1.88.0
2026-09-07T17:56:11.6077533Z   * boost-smart-ptr:x64-linux@1.88.0
2026-09-07T17:56:11.6078041Z     boost-spirit:x64-linux@1.88.0
2026-09-07T17:56:11.6078527Z   * boost-static-assert:x64-linux@1.88.0
2026-09-07T17:56:11.6079046Z   * boost-system:x64-linux@1.88.0
2026-09-07T17:56:11.6079499Z   * boost-thread:x64-linux@1.88.0
2026-09-07T17:56:11.6080094Z   * boost-throw-exception:x64-linux@1.88.0
2026-09-07T17:56:11.6080641Z   * boost-tokenizer:x64-linux@1.88.0
2026-09-07T17:56:11.6081126Z   * boost-tuple:x64-linux@1.88.0
2026-09-07T17:56:11.6081589Z   * boost-type-index:x64-linux@1.88.0
2026-09-07T17:56:11.6082095Z   * boost-type-traits:x64-linux@1.88.0
2026-09-07T17:56:11.6082579Z   * boost-typeof:x64-linux@1.88.0
2026-09-07T17:56:11.6083054Z   * boost-uninstall:x64-linux@1.88.0
2026-09-07T17:56:11.6083558Z   * boost-unordered:x64-linux@1.88.0
2026-09-07T17:56:11.6084141Z   * boost-utility:x64-linux@1.88.0
2026-09-07T17:56:11.6084616Z   * boost-variant:x64-linux@1.88.0
2026-09-07T17:56:11.6085099Z   * boost-variant2:x64-linux@1.88.0
2026-09-07T17:56:11.6085878Z   * boost-winapi:x64-linux@1.88.0
2026-09-07T17:56:11.6086718Z   * brotli:x64-linux@1.1.0#2 -- /home/runner/work/PocketKrKr/PocketKrKr/./vcpkg/ports/brotli
2026-09-07T17:56:11.6087962Z   * bzip2[core,tool]:x64-linux@1.0.8#7 -- /home/runner/work/PocketKrKr/PocketKrKr/./vcpkg/ports/bzip2
2026-09-07T17:56:11.6089337Z   * cairo[core,fontconfig,freetype,gobject]:x64-linux@1.18.4#1 -- /home/runner/work/PocketKrKr/PocketKrKr/./vcpkg/ports/cairo
2026-09-07T17:56:11.6090383Z     catch2:x64-linux@3.10.0
2026-09-07T17:56:11.6090823Z   * dirent:x64-linux@1.26
2026-09-07T17:56:11.6091262Z   * egl-registry:x64-linux@2024-01-25
2026-09-07T17:56:11.6092005Z   * expat:x64-linux@2.7.1#1 -- /home/runner/work/PocketKrKr/PocketKrKr/./vcpkg/ports/expat
2026-09-07T17:56:11.6093033Z     ffmpeg:x64-linux@3.3.9#2 -- /home/runner/work/PocketKrKr/PocketKrKr/./vcpkg/ports/ffmpeg
2026-09-07T17:56:11.6093790Z     fmt:x64-linux@11.2.0
2026-09-07T17:56:11.6094538Z   * fontconfig:x64-linux@2.15.0#4 -- /home/runner/work/PocketKrKr/PocketKrKr/./vcpkg/ports/fontconfig
2026-09-07T17:56:11.6096479Z   * freetype[brotli,bzip2,core,png,zlib]:x64-linux@2.13.3#1 -- /home/runner/work/PocketKrKr/PocketKrKr/./vcpkg/ports/freetype
2026-09-07T17:56:11.6097484Z   * fribidi:x64-linux@1.0.16
2026-09-07T17:56:11.6097938Z   * gettext[core,tools]:x64-linux@0.22.5#2
2026-09-07T17:56:11.6099083Z   * gettext-libintl:x64-linux@0.22.5#5 -- /home/runner/work/PocketKrKr/PocketKrKr/./vcpkg/ports/gettext-libintl
2026-09-07T17:56:11.6100391Z   * glib:x64-linux@2.84.2#7 -- /home/runner/work/PocketKrKr/PocketKrKr/./vcpkg/ports/glib
2026-09-07T17:56:11.6101179Z   * gperf:x64-linux@3.3
2026-09-07T17:56:11.6101640Z   * harfbuzz[core,freetype]:x64-linux@11.3.3
2026-09-07T17:56:11.6102163Z     highway:x64-linux@1.3.0
2026-09-07T17:56:11.6102573Z     jxrlib:x64-linux@2019.10.9#7
2026-09-07T17:56:11.6103370Z     libarchive:x64-linux@3.7.7 -- /home/runner/work/PocketKrKr/PocketKrKr/./vcpkg/ports/libarchive
2026-09-07T17:56:11.6104488Z   * libexif:x64-linux@0.6.25 -- /home/runner/work/PocketKrKr/PocketKrKr/./vcpkg/ports/libexif
2026-09-07T17:56:11.6105903Z   * libffi:x64-linux@3.5.2#1 -- /home/runner/work/PocketKrKr/PocketKrKr/./vcpkg/ports/libffi
2026-09-07T17:56:11.6107000Z     libgdiplus:x64-linux@5.6.1#5 -- /home/runner/work/PocketKrKr/PocketKrKr/./vcpkg/ports/libgdiplus
2026-09-07T17:56:11.6108117Z   * libiconv:x64-linux@1.18#2 -- /home/runner/work/PocketKrKr/PocketKrKr/./vcpkg/ports/libiconv
2026-09-07T17:56:11.6108938Z     libjpeg-turbo:x64-linux@3.1.1
2026-09-07T17:56:11.6109399Z   * liblzma:x64-linux@5.8.1
2026-09-07T17:56:11.6109826Z   * libogg:x64-linux@1.3.6#1
2026-09-07T17:56:11.6110523Z   * libpng:x64-linux@1.6.50#1 -- /home/runner/work/PocketKrKr/PocketKrKr/./vcpkg/ports/libpng
2026-09-07T17:56:11.6111322Z   * libuuid:x64-linux@1.0.3#15
2026-09-07T17:56:11.6111779Z     libvorbis:x64-linux@1.3.7#4
2026-09-07T17:56:11.6112384Z     libwebp[core,libwebpmux,nearlossless,simd]:x64-linux@1.6.0#1
2026-09-07T17:56:11.6113090Z     libxml2[core,iconv,zlib]:x64-linux@2.14.5#1
2026-09-07T17:56:11.6113622Z     lz4:x64-linux@1.10.0
2026-09-07T17:56:11.6114053Z     minizip:x64-linux@1.3.1#1
2026-09-07T17:56:11.6114505Z     oniguruma:x64-linux@6.9.10
2026-09-07T17:56:11.6114957Z     openal-soft:x64-linux@1.24.3#1
2026-09-07T17:56:11.6115746Z     opencv4[core,openmp]:x64-linux@4.7.0#6
2026-09-07T17:56:11.6116286Z   * opengl-registry:x64-linux@2024-02-10#1
2026-09-07T17:56:11.6116788Z   * opus:x64-linux@1.5.2
2026-09-07T17:56:11.6117190Z     opusfile:x64-linux@0.12+20221121#1
2026-09-07T17:56:11.6117596Z   * pango:x64-linux@1.56.1#2
2026-09-07T17:56:11.6118378Z   * pcre2[core,jit,platform-default-features]:x64-linux@10.46#1 -- /home/runner/work/PocketKrKr/PocketKrKr/./vcpkg/ports/pcre2
2026-09-07T17:56:11.6119540Z   * pixman:x64-linux@0.44.2 -- /home/runner/work/PocketKrKr/PocketKrKr/./vcpkg/ports/pixman
2026-09-07T17:56:11.6120320Z   * pkgconf:x64-linux@2.5.1#1
2026-09-07T17:56:11.6120741Z   * pthread:x64-linux@3.0.0#2
2026-09-07T17:56:11.6121126Z   * pthreads:x64-linux@3.0.0#14
2026-09-07T17:56:11.6121474Z     sdl2:x64-linux@2.32.10
2026-09-07T17:56:11.6121810Z     spdlog:x64-linux@1.15.3
2026-09-07T17:56:11.6122169Z   * spirv-headers:x64-linux@1.4.309.0
2026-09-07T17:56:11.6122561Z   * spirv-tools:x64-linux@1.4.309.0
2026-09-07T17:56:11.6123063Z   * tiff[core,jpeg,lzma,zip]:x64-linux@4.7.0
2026-09-07T17:56:11.6123579Z     tinyxml2:x64-linux@11.0.0
2026-09-07T17:56:11.6123989Z     uchardet:x64-linux@0.0.8
2026-09-07T17:56:11.6124619Z     unrar:x64-linux@6.0.7#1 -- /home/runner/work/PocketKrKr/PocketKrKr/./vcpkg/ports/unrar
2026-09-07T17:56:11.6125505Z   * vcpkg-boost:x64-linux@2025-03-29
2026-09-07T17:56:11.6125993Z     vcpkg-cmake:x64-linux@2024-04-23
2026-09-07T17:56:11.6126486Z   * vcpkg-cmake-config:x64-linux@2024-05-23
2026-09-07T17:56:11.6127024Z   * vcpkg-cmake-get-vars:x64-linux@2025-05-29
2026-09-07T17:56:11.6127616Z   * vcpkg-get-python-packages:x64-linux@2025-04-05
2026-09-07T17:56:11.6128193Z   * vcpkg-make:x64-linux@2025-08-21
2026-09-07T17:56:11.6128737Z   * vcpkg-pkgconfig-get-modules:x64-linux@2024-04-03
2026-09-07T17:56:11.6129531Z   * vcpkg-tool-meson:x64-linux@1.9.0
2026-09-07T17:56:11.6130042Z   * vulkan-headers:x64-linux@1.4.309.0
2026-09-07T17:56:11.6130564Z   * vulkan-memory-allocator:x64-linux@3.3.0
2026-09-07T17:56:11.6131335Z   * zlib:x64-linux@1.3.1#1 -- /home/runner/work/PocketKrKr/PocketKrKr/./vcpkg/ports/zlib
2026-09-07T17:56:11.6132299Z     zstd:x64-linux@1.5.7
2026-09-07T17:56:11.6132901Z Additional packages (*) will be modified to complete this operation.
2026-09-07T17:56:22.4458372Z Restored 134 package(s) from /home/runner/.cache/vcpkg/archives in 11 s. Use --debug to see more details.
2026-09-07T17:56:22.4459150Z Installing 1/134 vcpkg-cmake-config:x64-linux@2024-05-23...
2026-09-07T17:56:22.4459926Z vcpkg-cmake-config:x64-linux@2024-05-23 package ABI: 15e2f6bf6d919f96b1d4d4577e24197e5fb3108dd66739bfdbc91ddd15f5dbab
2026-09-07T17:56:22.4467563Z Elapsed time to handle vcpkg-cmake-config:x64-linux: 975 us
2026-09-07T17:56:22.4468049Z Installing 2/134 vcpkg-cmake:x64-linux@2024-04-23...
2026-09-07T17:56:22.4468730Z vcpkg-cmake:x64-linux@2024-04-23 package ABI: 665c9a6c66b656b599b53984e67591ac9096780092fe9b822f4e4cf20cc8ebf5
2026-09-07T17:56:22.4477725Z Elapsed time to handle vcpkg-cmake:x64-linux: 816 us
2026-09-07T17:56:22.4478121Z Installing 3/134 7zip:x64-linux@24.09#1...
2026-09-07T17:56:22.4478645Z 7zip:x64-linux@24.09#1 package ABI: f8d1fc10cfc7010274cf86f26fe356063a123d0f21c282a69ce8f002d870c361
2026-09-07T17:56:22.4599323Z Elapsed time to handle 7zip:x64-linux: 12.3 ms
2026-09-07T17:56:22.4600039Z Installing 4/134 vulkan-memory-allocator:x64-linux@3.3.0...
2026-09-07T17:56:22.4601157Z vulkan-memory-allocator:x64-linux@3.3.0 package ABI: a603fd2832fef2e4f1a212e231e375f39b8cad791dfddd1c05e2142aece6bbf0
2026-09-07T17:56:22.4612737Z Elapsed time to handle vulkan-memory-allocator:x64-linux: 1.32 ms
2026-09-07T17:56:22.4613493Z Installing 5/134 vulkan-headers:x64-linux@1.4.309.0...
2026-09-07T17:56:22.4614539Z vulkan-headers:x64-linux@1.4.309.0 package ABI: 428d62c1a9cb94c0ccb5cbc588c4a12b86656ce63851d4396a0dc9d9cfe4918f
2026-09-07T17:56:22.4641718Z Elapsed time to handle vulkan-headers:x64-linux: 2.89 ms
2026-09-07T17:56:22.4642727Z Installing 6/134 spirv-headers:x64-linux@1.4.309.0...
2026-09-07T17:56:22.4643724Z spirv-headers:x64-linux@1.4.309.0 package ABI: 796798f95da44a8794009f05a4f6b1130f91f0821123feec23304c92185ac610
2026-09-07T17:56:22.4673010Z Elapsed time to handle spirv-headers:x64-linux: 3.1 ms
2026-09-07T17:56:22.4673917Z Installing 7/134 spirv-tools:x64-linux@1.4.309.0...
2026-09-07T17:56:22.4675103Z spirv-tools:x64-linux@1.4.309.0 package ABI: 0965e68033880b0540ae10f8ac9d7b2a8add49dd6e28ee04486771298e85bac7
2026-09-07T17:56:22.4697417Z Elapsed time to handle spirv-tools:x64-linux: 2.42 ms
2026-09-07T17:56:22.4698050Z Installing 8/134 zlib:x64-linux@1.3.1#1...
2026-09-07T17:56:22.4698926Z zlib:x64-linux@1.3.1#1 package ABI: 5d13cd5b334efdac858d3c1bccfc9033b000d01d776bf02d86f5e70e1341d6fc
2026-09-07T17:56:22.4715100Z Elapsed time to handle zlib:x64-linux: 1.73 ms
2026-09-07T17:56:22.4716290Z Installing 9/134 vcpkg-get-python-packages:x64-linux@2025-04-05...
2026-09-07T17:56:22.4717639Z vcpkg-get-python-packages:x64-linux@2025-04-05 package ABI: 27413decb1b50431c2e4843e982c56df8afd25bd564e28388a8cbcae42d80bc5
2026-09-07T17:56:22.4730774Z Elapsed time to handle vcpkg-get-python-packages:x64-linux: 1.55 ms
2026-09-07T17:56:22.4731576Z Installing 10/134 egl-registry:x64-linux@2024-01-25...
2026-09-07T17:56:22.4732590Z egl-registry:x64-linux@2024-01-25 package ABI: ef5052f9363a178cc6072cb4901b945c760b78c87ca5ded49f15bc59246e60f3
2026-09-07T17:56:22.4747413Z Elapsed time to handle egl-registry:x64-linux: 1.66 ms
2026-09-07T17:56:22.4747922Z Installing 11/134 opengl-registry:x64-linux@2024-02-10#1...
2026-09-07T17:56:22.4748546Z opengl-registry:x64-linux@2024-02-10#1 package ABI: 1ba80833567549aed8e5ffb84a13751b627b5b7be0a4d9ba9ecb91432dc79bd7
2026-09-07T17:56:22.4767573Z Elapsed time to handle opengl-registry:x64-linux: 1.98 ms
2026-09-07T17:56:22.4768625Z Installing 12/134 angle[core,vulkan]:x64-linux@chromium_7258#3...
2026-09-07T17:56:22.4769777Z angle[core,vulkan]:x64-linux@chromium_7258#3 package ABI: e7ec60d720e706839473624b2809a7a46d10bd5e26c15b4ff06b00cf097b7171
2026-09-07T17:56:22.4790542Z Elapsed time to handle angle:x64-linux: 2.26 ms
2026-09-07T17:56:22.4791174Z Installing 13/134 argparse:x64-linux@3.2...
2026-09-07T17:56:22.4792367Z argparse:x64-linux@3.2 package ABI: 2ca22a7fafd326a4fbc28680cb822798dadaf311473be757fe88132a2997539b
2026-09-07T17:56:22.4807683Z Elapsed time to handle argparse:x64-linux: 1.72 ms
2026-09-07T17:56:22.4808289Z Installing 14/134 zstd:x64-linux@1.5.7...
2026-09-07T17:56:22.4809130Z zstd:x64-linux@1.5.7 package ABI: 9f710ddd687e2670fbb57ddd3434f3a0dfe22cb07a6ae8068fdb9591202dee14
2026-09-07T17:56:22.4823997Z Elapsed time to handle zstd:x64-linux: 1.62 ms
2026-09-07T17:56:22.4824437Z Installing 15/134 liblzma:x64-linux@5.8.1...
2026-09-07T17:56:22.4824962Z liblzma:x64-linux@5.8.1 package ABI: e2b5b5627e6f9085ba65e9c10aaa440127e48eb64ed0c35f1b6e25b422cc2226
2026-09-07T17:56:22.4846333Z Elapsed time to handle liblzma:x64-linux: 2.18 ms
2026-09-07T17:56:22.4846871Z Installing 16/134 vcpkg-boost:x64-linux@2025-03-29...
2026-09-07T17:56:22.4847458Z vcpkg-boost:x64-linux@2025-03-29 package ABI: be69984321147e862a5f41eb26927d2bfd342a51e9abe0fe7f17c6ac9181d358
2026-09-07T17:56:22.4861809Z Elapsed time to handle vcpkg-boost:x64-linux: 1.5 ms
2026-09-07T17:56:22.4862482Z Installing 17/134 boost-uninstall:x64-linux@1.88.0...
2026-09-07T17:56:22.4863523Z boost-uninstall:x64-linux@1.88.0 package ABI: c412c9abb4b56bb7d85b7b190db3acd4ee6bb71f29e71aa22d66be4ed85edc0d
2026-09-07T17:56:22.4877807Z Elapsed time to handle boost-uninstall:x64-linux: 1.59 ms
2026-09-07T17:56:22.4878285Z Installing 18/134 boost-cmake:x64-linux@1.88.0...
2026-09-07T17:56:22.4878828Z boost-cmake:x64-linux@1.88.0 package ABI: 74ffd13a26730feb83e04d52bc55a93546e11f0142d49b2ff42c9126f0bb1134
2026-09-07T17:56:22.4894322Z Elapsed time to handle boost-cmake:x64-linux: 1.62 ms
2026-09-07T17:56:22.4894990Z Installing 19/134 boost-headers:x64-linux@1.88.0...
2026-09-07T17:56:22.4896286Z boost-headers:x64-linux@1.88.0 package ABI: 8aaff5e9592f7469fb2861fd3d2dd06d70d11a46f0b053b299965843eca5f129
2026-09-07T17:56:22.4913302Z Elapsed time to handle boost-headers:x64-linux: 1.86 ms
2026-09-07T17:56:22.4913969Z Installing 20/134 boost-config:x64-linux@1.88.0...
2026-09-07T17:56:22.4914954Z boost-config:x64-linux@1.88.0 package ABI: 5715627ceff5c7bfb01e3dc1dcf7587f5b5604873d6e1db700a91f2bb7c8f851
2026-09-07T17:56:22.4984637Z Elapsed time to handle boost-config:x64-linux: 7.13 ms
2026-09-07T17:56:22.4985128Z Installing 21/134 boost-static-assert:x64-linux@1.88.0...
2026-09-07T17:56:22.4986055Z boost-static-assert:x64-linux@1.88.0 package ABI: b96a6d532bbe56216196dab6c4badd373d699e040becdcbe63ab394373efc5cb
2026-09-07T17:56:22.5005049Z Elapsed time to handle boost-static-assert:x64-linux: 1.99 ms
2026-09-07T17:56:22.5006033Z Installing 22/134 boost-type-traits:x64-linux@1.88.0...
2026-09-07T17:56:22.5007053Z boost-type-traits:x64-linux@1.88.0 package ABI: 63118fde1e18c369bd2716337d6463bce4207e46acc8544076495c79a1d8f005
2026-09-07T17:56:22.5072850Z Elapsed time to handle boost-type-traits:x64-linux: 6.77 ms
2026-09-07T17:56:22.5073551Z Installing 23/134 boost-assert:x64-linux@1.88.0...
2026-09-07T17:56:22.5074523Z boost-assert:x64-linux@1.88.0 package ABI: 8b3754801d56eb9cb51c4d0ba5b42f0110696858c8ad37165d43bb43993f77bb
2026-09-07T17:56:22.5094168Z Elapsed time to handle boost-assert:x64-linux: 2.09 ms
2026-09-07T17:56:22.5094931Z Installing 24/134 boost-throw-exception:x64-linux@1.88.0...
2026-09-07T17:56:22.5096386Z boost-throw-exception:x64-linux@1.88.0 package ABI: b10fa33cca2f403cfcf0b0878dfad8c81e7c638ce70b04c152e1e018e61e9de6
2026-09-07T17:56:22.5115723Z Elapsed time to handle boost-throw-exception:x64-linux: 2.1 ms
2026-09-07T17:56:22.5116493Z Installing 25/134 boost-preprocessor:x64-linux@1.88.0...
2026-09-07T17:56:22.5117573Z boost-preprocessor:x64-linux@1.88.0 package ABI: 71f1dbf0edaae700a6d7ea7edf2dbac092a83a423734e51344394f9dbb4cb883
2026-09-07T17:56:22.5213869Z Elapsed time to handle boost-preprocessor:x64-linux: 9.79 ms
2026-09-07T17:56:22.5214594Z Installing 26/134 boost-io:x64-linux@1.88.0...
2026-09-07T17:56:22.5215747Z boost-io:x64-linux@1.88.0 package ABI: 699f87570c670f906de2591482153a9f8d256bf63dfb6437e6c1c4d3fee57403
2026-09-07T17:56:22.5239114Z Elapsed time to handle boost-io:x64-linux: 2.53 ms
2026-09-07T17:56:22.5239762Z Installing 27/134 boost-core:x64-linux@1.88.0...
2026-09-07T17:56:22.5240693Z boost-core:x64-linux@1.88.0 package ABI: 72816583fd9817dae493351a61cb0c71019945bf089d64b68b7d65347687bf3f
2026-09-07T17:56:22.5278130Z Elapsed time to handle boost-core:x64-linux: 3.88 ms
2026-09-07T17:56:22.5278757Z Installing 28/134 boost-utility:x64-linux@1.88.0...
2026-09-07T17:56:22.5279693Z boost-utility:x64-linux@1.88.0 package ABI: 8a7c6108ac75896538d32e3133c92ebfba29a863b8c566cef276d215151bb2df
2026-09-07T17:56:22.5306976Z Elapsed time to handle boost-utility:x64-linux: 2.87 ms
2026-09-07T17:56:22.5307679Z Installing 29/134 boost-smart-ptr:x64-linux@1.88.0...
2026-09-07T17:56:22.5308412Z boost-smart-ptr:x64-linux@1.88.0 package ABI: 94fee5a66f584efe3f00f524f4ab1da9ae6975f5bc0a57f13b851ae9a1cc0ace
2026-09-07T17:56:22.5351243Z Elapsed time to handle boost-smart-ptr:x64-linux: 4.4 ms
2026-09-07T17:56:22.5351680Z Installing 30/134 boost-predef:x64-linux@1.88.0...
2026-09-07T17:56:22.5352247Z boost-predef:x64-linux@1.88.0 package ABI: 494d4b2b2104762a665b34d667c14897934a7fafcecad31342ca3ee9cb1dd74d
2026-09-07T17:56:22.5409357Z Elapsed time to handle boost-predef:x64-linux: 5.79 ms
2026-09-07T17:56:22.5409781Z Installing 31/134 boost-mpl:x64-linux@1.88.0...
2026-09-07T17:56:22.5410330Z boost-mpl:x64-linux@1.88.0 package ABI: c5bc08ff3db746a363c3fcfdc7a4ddd3a8cd90839ed3c42a949a05ffcadf7d96
2026-09-07T17:56:22.5654658Z Elapsed time to handle boost-mpl:x64-linux: 24.5 ms
2026-09-07T17:56:22.5655541Z Installing 32/134 boost-integer:x64-linux@1.88.0...
2026-09-07T17:56:22.5656284Z boost-integer:x64-linux@1.88.0 package ABI: 448f0f0a89f030cf33738c3ca19977816c65ce89710d75ee023e0bf326bdb5d4
2026-09-07T17:56:22.5698302Z Elapsed time to handle boost-integer:x64-linux: 4.35 ms
2026-09-07T17:56:22.5698734Z Installing 33/134 boost-mp11:x64-linux@1.88.0...
2026-09-07T17:56:22.5699272Z boost-mp11:x64-linux@1.88.0 package ABI: 3ff26e5d81bd5273a01e8ff2f96bc3414765a60eea924e9a8159c6930c547a6c
2026-09-07T17:56:22.5743113Z Elapsed time to handle boost-mp11:x64-linux: 4.45 ms
2026-09-07T17:56:22.5743520Z Installing 34/134 boost-describe:x64-linux@1.88.0...
2026-09-07T17:56:22.5744100Z boost-describe:x64-linux@1.88.0 package ABI: 46705244c2148a60c209addb93f71c67ac7b883aeef85b9a7b7b9dd56ca90289
2026-09-07T17:56:22.5788842Z Elapsed time to handle boost-describe:x64-linux: 4.54 ms
2026-09-07T17:56:22.5789551Z Installing 35/134 boost-container-hash:x64-linux@1.88.0...
2026-09-07T17:56:22.5790304Z boost-container-hash:x64-linux@1.88.0 package ABI: 6f515b4ce4f3b14b14f02e2092aa91806a3488e573057b833ac1b3cf58049cb8
2026-09-07T17:56:22.5831753Z Elapsed time to handle boost-container-hash:x64-linux: 4.27 ms
2026-09-07T17:56:22.5832202Z Installing 36/134 boost-concept-check:x64-linux@1.88.0...
2026-09-07T17:56:22.5832814Z boost-concept-check:x64-linux@1.88.0 package ABI: a028f04e827dcb250df58de1b0a9c76ddaaabe61c63829a7902f5866a1330bcc
2026-09-07T17:56:22.5876464Z Elapsed time to handle boost-concept-check:x64-linux: 4.41 ms
2026-09-07T17:56:22.5877203Z Installing 37/134 boost-regex:x64-linux@1.88.0...
2026-09-07T17:56:22.5878128Z boost-regex:x64-linux@1.88.0 package ABI: 27e601320100398e73cefb60bf8f94508ce0c428a246109c49ab13d3138c1786
2026-09-07T17:56:22.5937966Z Elapsed time to handle boost-regex:x64-linux: 6.17 ms
2026-09-07T17:56:22.5938639Z Installing 38/134 boost-tuple:x64-linux@1.88.0...
2026-09-07T17:56:22.5939598Z boost-tuple:x64-linux@1.88.0 package ABI: b08a80473e1a6bf16d313edf0fc0833c8ed07e98945f6e30b563da05b4ac52c4
2026-09-07T17:56:22.5983929Z Elapsed time to handle boost-tuple:x64-linux: 4.58 ms
2026-09-07T17:56:22.5984893Z Installing 39/134 boost-optional:x64-linux@1.88.0...
2026-09-07T17:56:22.5986125Z boost-optional:x64-linux@1.88.0 package ABI: 061924106d3ed6b92862de85f3c22d5706b5709c0b6207127677a1eba977a2b7
2026-09-07T17:56:22.6036049Z Elapsed time to handle boost-optional:x64-linux: 5.15 ms
2026-09-07T17:56:22.6036742Z Installing 40/134 boost-typeof:x64-linux@1.88.0...
2026-09-07T17:56:22.6037989Z boost-typeof:x64-linux@1.88.0 package ABI: ad8311295f4dfe3c1af0db9d0fe18b402416c5ff1350b4bf743bfb26ce766cbc
2026-09-07T17:56:22.6085884Z Elapsed time to handle boost-typeof:x64-linux: 4.99 ms
2026-09-07T17:56:22.6086291Z Installing 41/134 boost-detail:x64-linux@1.88.0...
2026-09-07T17:56:22.6086850Z boost-detail:x64-linux@1.88.0 package ABI: f3aa00456d8dae51761f048172629fe05d9d7a5e52e7b1736c17d8706a226c20
2026-09-07T17:56:22.6134682Z Elapsed time to handle boost-detail:x64-linux: 4.86 ms
2026-09-07T17:56:22.6135634Z Installing 42/134 boost-function-types:x64-linux@1.88.0...
2026-09-07T17:56:22.6136421Z boost-function-types:x64-linux@1.88.0 package ABI: 30a791dc40fcbf8de8256cde468f0d13ff76c7d7022eabb3709de31d8a8a4a28
2026-09-07T17:56:22.6193115Z Elapsed time to handle boost-function-types:x64-linux: 5.85 ms
2026-09-07T17:56:22.6193803Z Installing 43/134 boost-bind:x64-linux@1.88.0...
2026-09-07T17:56:22.6194857Z boost-bind:x64-linux@1.88.0 package ABI: 36a71244b2b2539be963e5c29f5fe6e5f087064d96cfc0ee743bd0e6496c1bdf
2026-09-07T17:56:22.6258563Z Elapsed time to handle boost-bind:x64-linux: 6.49 ms
2026-09-07T17:56:22.6259234Z Installing 44/134 boost-function:x64-linux@1.88.0...
2026-09-07T17:56:22.6260242Z boost-function:x64-linux@1.88.0 package ABI: c01e57203064f40f9b5a2eb53aff85b021783fcf203e346c61530f1dee2e1f9b
2026-09-07T17:56:22.6309239Z Elapsed time to handle boost-function:x64-linux: 5.05 ms
2026-09-07T17:56:22.6309729Z Installing 45/134 boost-functional:x64-linux@1.88.0...
2026-09-07T17:56:22.6310312Z boost-functional:x64-linux@1.88.0 package ABI: 767b546a39542f7114a12cf5d8652456fea6b5fc78805b4383d4778242c4ef93
2026-09-07T17:56:22.6356739Z Elapsed time to handle boost-functional:x64-linux: 4.73 ms
2026-09-07T17:56:22.6357184Z Installing 46/134 boost-fusion:x64-linux@1.88.0...
2026-09-07T17:56:22.6357748Z boost-fusion:x64-linux@1.88.0 package ABI: ec2eebd69d32424c3365df617aae3be1d7243a10f2e9220a48fa01d0615bddf3
2026-09-07T17:56:22.7896841Z Elapsed time to handle boost-fusion:x64-linux: 154 ms
2026-09-07T17:56:22.7897299Z Installing 47/134 boost-iterator:x64-linux@1.88.0...
2026-09-07T17:56:22.7897878Z boost-iterator:x64-linux@1.88.0 package ABI: 87fbca1191962f49c1103c922a13a06a02a073ebb831a34ee70fa3522748ed1b
2026-09-07T17:56:22.7961880Z Elapsed time to handle boost-iterator:x64-linux: 6.49 ms
2026-09-07T17:56:22.7962576Z Installing 48/134 boost-conversion:x64-linux@1.88.0...
2026-09-07T17:56:22.7963208Z boost-conversion:x64-linux@1.88.0 package ABI: a468df46af9219749d0eaa1491f0fa99bc30c6781c07d48bab62bebd1e4b1fb6
2026-09-07T17:56:22.8018432Z Elapsed time to handle boost-conversion:x64-linux: 5.65 ms
2026-09-07T17:56:22.8019101Z Installing 49/134 boost-array:x64-linux@1.88.0...
2026-09-07T17:56:22.8078058Z boost-array:x64-linux@1.88.0 package ABI: 6016f80dcd8ea51edb12dcf55e752d618c46a3ad953c077ee48f57b3bd35c981
2026-09-07T17:56:22.8079074Z Elapsed time to handle boost-array:x64-linux: 5.9 ms
2026-09-07T17:56:22.8079711Z Installing 50/134 boost-range:x64-linux@1.88.0...
2026-09-07T17:56:22.8080666Z boost-range:x64-linux@1.88.0 package ABI: 5e02ff4c9856b7c703357fcd4f56055236de22d472d5ab87e25f954f071b3f72
2026-09-07T17:56:22.8172785Z Elapsed time to handle boost-range:x64-linux: 9.49 ms
2026-09-07T17:56:22.8173454Z Installing 51/134 boost-winapi:x64-linux@1.88.0...
2026-09-07T17:56:22.8174129Z boost-winapi:x64-linux@1.88.0 package ABI: 760757ad88e940d6fe883f69bc1a6d9e3a6e13f5e8e43b6512f69beea27248ce
2026-09-07T17:56:22.8256120Z Elapsed time to handle boost-winapi:x64-linux: 8.3 ms
2026-09-07T17:56:22.8256782Z Installing 52/134 boost-variant2:x64-linux@1.88.0...
2026-09-07T17:56:22.8257707Z boost-variant2:x64-linux@1.88.0 package ABI: 886ed437153bc413e28f442234843d1b1fdea9f04492fdd90fc70afe7aa6e4f2
2026-09-07T17:56:22.8319057Z Elapsed time to handle boost-variant2:x64-linux: 6.29 ms
2026-09-07T17:56:22.8319792Z Installing 53/134 boost-system:x64-linux@1.88.0...
2026-09-07T17:56:22.8320571Z boost-system:x64-linux@1.88.0 package ABI: bb246370d37295b34cf3897f8e1981f2e9c752005c2f17f8872a098e5c83a0a8
2026-09-07T17:56:22.8388249Z Elapsed time to handle boost-system:x64-linux: 6.9 ms
2026-09-07T17:56:22.8388987Z Installing 54/134 boost-move:x64-linux@1.88.0...
2026-09-07T17:56:22.8389968Z boost-move:x64-linux@1.88.0 package ABI: fbe94c8d99460f9f7bca0bec8757e994d1d9f4c6e0dd8aff6f2c68bb98f6ce8a
2026-09-07T17:56:22.8457165Z Elapsed time to handle boost-move:x64-linux: 6.87 ms
2026-09-07T17:56:22.8457884Z Installing 55/134 boost-dynamic-bitset:x64-linux@1.88.0...
2026-09-07T17:56:22.8458975Z boost-dynamic-bitset:x64-linux@1.88.0 package ABI: dc1fc00f867de838cc155fbc4ca2b5297364316c5c481174886fb180e395caa9
2026-09-07T17:56:22.8522676Z Elapsed time to handle boost-dynamic-bitset:x64-linux: 6.52 ms
2026-09-07T17:56:22.8523395Z Installing 56/134 boost-random:x64-linux@1.88.0...
2026-09-07T17:56:22.8524373Z boost-random:x64-linux@1.88.0 package ABI: 3e6bd5c9b8fae056ce190094b38c899cae1a2219914179142d984884bb5ec1e6
2026-09-07T17:56:22.8602497Z Elapsed time to handle boost-random:x64-linux: 7.96 ms
2026-09-07T17:56:22.8603238Z Installing 57/134 boost-numeric-conversion:x64-linux@1.88.0...
2026-09-07T17:56:22.8603987Z boost-numeric-conversion:x64-linux@1.88.0 package ABI: 44dccf067388b7d31d8c4b9b98a6478b55969b91ae71b364912160d901232d3c
2026-09-07T17:56:22.8669153Z Elapsed time to handle boost-numeric-conversion:x64-linux: 6.64 ms
2026-09-07T17:56:22.8669902Z Installing 58/134 bzip2[core,tool]:x64-linux@1.0.8#7...
2026-09-07T17:56:22.8670539Z bzip2[core,tool]:x64-linux@1.0.8#7 package ABI: d312d54d25e4abc34b0ecd12bf7637f7a314f3fc2141a7d9955888b34b053366
2026-09-07T17:56:22.8740199Z Elapsed time to handle bzip2:x64-linux: 7.09 ms
2026-09-07T17:56:22.8741014Z Installing 59/134 boost-iostreams[bzip2,core,lzma,zlib,zstd]:x64-linux@1.88.0...
2026-09-07T17:56:22.8741917Z boost-iostreams[bzip2,core,lzma,zlib,zstd]:x64-linux@1.88.0 package ABI: 6234c6e30e8da56d750a5f6bf863d2e2260bd9c41a309e72905ad39633b478a7
2026-09-07T17:56:22.8856466Z Elapsed time to handle boost-iostreams:x64-linux: 9.77 ms
2026-09-07T17:56:22.8857233Z Installing 60/134 vcpkg-cmake-get-vars:x64-linux@2025-05-29...
2026-09-07T17:56:22.8858133Z vcpkg-cmake-get-vars:x64-linux@2025-05-29 package ABI: f70bb2653e4ef0376e485ff1851c9d806d338db216c4a9a0a8945e2a46eb1172
2026-09-07T17:56:22.8922087Z Elapsed time to handle vcpkg-cmake-get-vars:x64-linux: 8.33 ms
2026-09-07T17:56:22.8922945Z Installing 61/134 vcpkg-make:x64-linux@2025-08-21...
2026-09-07T17:56:22.8924021Z vcpkg-make:x64-linux@2025-08-21 package ABI: 1338e070093a4ecad2ddc303d4207dbaf7064b14b013a2ade2a031ff0d7bb197
2026-09-07T17:56:22.8990367Z Elapsed time to handle vcpkg-make:x64-linux: 6.87 ms
2026-09-07T17:56:22.8990756Z Installing 62/134 libiconv:x64-linux@1.18#2...
2026-09-07T17:56:22.8991283Z libiconv:x64-linux@1.18#2 package ABI: c0a02752f6206cd6491a6843c93d28010430c7c904879c7e226b7d2456ffff8c
2026-09-07T17:56:22.9058478Z Elapsed time to handle libiconv:x64-linux: 6.79 ms
2026-09-07T17:56:22.9058872Z Installing 63/134 boost-exception:x64-linux@1.88.0...
2026-09-07T17:56:22.9059457Z boost-exception:x64-linux@1.88.0 package ABI: 4ebb4892f4d9f48bcca9b0860bd56baed278e2a449b4c1a8ad401871bb18a9a7
2026-09-07T17:56:22.9126526Z Elapsed time to handle boost-exception:x64-linux: 6.74 ms
2026-09-07T17:56:22.9127227Z Installing 64/134 boost-tokenizer:x64-linux@1.88.0...
2026-09-07T17:56:22.9128265Z boost-tokenizer:x64-linux@1.88.0 package ABI: 8ab08a7e6c3d6c6c557ab5f8874e9ab07be0f3184c65245fe3bb3616755e1fc0
2026-09-07T17:56:22.9190713Z Elapsed time to handle boost-tokenizer:x64-linux: 6.41 ms
2026-09-07T17:56:22.9191140Z Installing 65/134 boost-intrusive:x64-linux@1.88.0...
2026-09-07T17:56:22.9191714Z boost-intrusive:x64-linux@1.88.0 package ABI: 0c622114de4b05cc916ee308d9530302a100b56be48a854204f2892c9fb0161f
2026-09-07T17:56:22.9286143Z Elapsed time to handle boost-intrusive:x64-linux: 9.45 ms
2026-09-07T17:56:22.9286869Z Installing 66/134 boost-container:x64-linux@1.88.0#1...
2026-09-07T17:56:22.9287892Z boost-container:x64-linux@1.88.0#1 package ABI: c5a6acde46da14b58cf80045af026afa7bfda373d45e8661372c90518a7a1875
2026-09-07T17:56:22.9418800Z Elapsed time to handle boost-container:x64-linux: 13.3 ms
2026-09-07T17:56:22.9419670Z Installing 67/134 boost-lexical-cast:x64-linux@1.88.0...
2026-09-07T17:56:22.9420950Z boost-lexical-cast:x64-linux@1.88.0 package ABI: 109f49ceb7bd7c90e13ee28a11e4c378ed403128c0f15e2d761280a3d8334bb0
2026-09-07T17:56:22.9498522Z Elapsed time to handle boost-lexical-cast:x64-linux: 7.95 ms
2026-09-07T17:56:22.9499259Z Installing 68/134 boost-unordered:x64-linux@1.88.0...
2026-09-07T17:56:22.9500263Z boost-unordered:x64-linux@1.88.0 package ABI: a3bb5de36f78fe275ae06500a7b6e49898c2a43f280aad67de7204c525a39a50
2026-09-07T17:56:22.9577042Z Elapsed time to handle boost-unordered:x64-linux: 7.85 ms
2026-09-07T17:56:22.9577760Z Installing 69/134 boost-algorithm:x64-linux@1.88.0...
2026-09-07T17:56:22.9578756Z boost-algorithm:x64-linux@1.88.0 package ABI: 578b75b3d9444e80e0c1aaeb6fe6e9235a955248dea3d952f565ff1b62f062f7
2026-09-07T17:56:22.9658294Z Elapsed time to handle boost-algorithm:x64-linux: 8.11 ms
2026-09-07T17:56:22.9659059Z Installing 70/134 boost-date-time:x64-linux@1.88.0...
2026-09-07T17:56:22.9660037Z boost-date-time:x64-linux@1.88.0 package ABI: 90b22944454e3fdf289155be566275641f10c655c1f7884ff3313ff41a9d6112
2026-09-07T17:56:22.9761528Z Elapsed time to handle boost-date-time:x64-linux: 10.3 ms
2026-09-07T17:56:22.9762397Z Installing 71/134 boost-ratio:x64-linux@1.88.0...
2026-09-07T17:56:22.9763573Z boost-ratio:x64-linux@1.88.0 package ABI: 52af9682764903cb4459f273c1a3d4495e233431410ca9e664a79dfe7e2af160
2026-09-07T17:56:22.9833549Z Elapsed time to handle boost-ratio:x64-linux: 7.16 ms
2026-09-07T17:56:22.9834230Z Installing 72/134 boost-chrono:x64-linux@1.88.0...
2026-09-07T17:56:22.9840246Z boost-chrono:x64-linux@1.88.0 package ABI: a165cf116119bd5da3bfbdac63e038547a3d1ab093279eda94c2e54ef884463b
2026-09-07T17:56:22.9919137Z Elapsed time to handle boost-chrono:x64-linux: 8.56 ms
2026-09-07T17:56:22.9919808Z Installing 73/134 boost-align:x64-linux@1.88.0...
2026-09-07T17:56:22.9920776Z boost-align:x64-linux@1.88.0 package ABI: ce3c27c16f7103bc511f2b220a86c3891d1e18622393e9b774b9e003b3cd357e
2026-09-07T17:56:22.9996879Z Elapsed time to handle boost-align:x64-linux: 7.74 ms
2026-09-07T17:56:22.9997552Z Installing 74/134 boost-atomic:x64-linux@1.88.0...
2026-09-07T17:56:22.9998514Z boost-atomic:x64-linux@1.88.0 package ABI: fb9317ebd7564d88d3160a3c9d0f453784af9fb2b60a1324baa189fb6fa78dda
2026-09-07T17:56:23.0098289Z Elapsed time to handle boost-atomic:x64-linux: 10.1 ms
2026-09-07T17:56:23.0098695Z Installing 75/134 boost-thread:x64-linux@1.88.0...
2026-09-07T17:56:23.0099257Z boost-thread:x64-linux@1.88.0 package ABI: dce4c3cc277c259c2512ebde71acc5dd440457ad593c9146419411cdd8f3e378
2026-09-07T17:56:23.0221825Z Elapsed time to handle boost-thread:x64-linux: 12.3 ms
2026-09-07T17:56:23.0222724Z Installing 76/134 boost-charconv:x64-linux@1.88.0#1...
2026-09-07T17:56:23.0223817Z boost-charconv:x64-linux@1.88.0#1 package ABI: ce156f35ffec41ccd3ef24bd3fc47c07cec349aa9b6917bcaedb38684c414cba
2026-09-07T17:56:23.0307279Z Elapsed time to handle boost-charconv:x64-linux: 8.52 ms
2026-09-07T17:56:23.0308118Z Installing 77/134 boost-locale:x64-linux@1.88.0#1...
2026-09-07T17:56:23.0309276Z boost-locale:x64-linux@1.88.0#1 package ABI: 3a2200da5408d62193d72e9cc8ad933900a2806ce65b9d8c4011fb8860c5ef65
2026-09-07T17:56:23.0396338Z Elapsed time to handle boost-locale:x64-linux: 8.85 ms
2026-09-07T17:56:23.0397002Z Installing 78/134 boost-proto:x64-linux@1.88.0...
2026-09-07T17:56:23.0397971Z boost-proto:x64-linux@1.88.0 package ABI: 6bfb887010d27601f77b40476746a937aeab0a812a03aba9c97aad64917dcd9e
2026-09-07T17:56:23.0498130Z Elapsed time to handle boost-proto:x64-linux: 10.2 ms
2026-09-07T17:56:23.0499067Z Installing 79/134 boost-phoenix:x64-linux@1.88.0...
2026-09-07T17:56:23.0500089Z boost-phoenix:x64-linux@1.88.0 package ABI: d8f9b51cdf1c90b45a6e7fc0b2e955945a6ea0122d9dd5e5adb8a6cf268bb51a
2026-09-07T17:56:23.0643960Z Elapsed time to handle boost-phoenix:x64-linux: 14.5 ms
2026-09-07T17:56:23.0644935Z Installing 80/134 boost-type-index:x64-linux@1.88.0...
2026-09-07T17:56:23.0646232Z boost-type-index:x64-linux@1.88.0 package ABI: c8ebc60a8e1cc423b15689e7f94c5f8832f2f2633097ba3498a698536a42696e
2026-09-07T17:56:23.0734816Z Elapsed time to handle boost-type-index:x64-linux: 9.08 ms
2026-09-07T17:56:23.0735992Z Installing 81/134 boost-variant:x64-linux@1.88.0...
2026-09-07T17:56:23.0736991Z boost-variant:x64-linux@1.88.0 package ABI: 2b2ea84e187453e3df6fb1359f79d1c07a440f9525004dee1453d4b13534f1dc
2026-09-07T17:56:23.0821248Z Elapsed time to handle boost-variant:x64-linux: 8.62 ms
2026-09-07T17:56:23.0821655Z Installing 82/134 boost-pool:x64-linux@1.88.0...
2026-09-07T17:56:23.0822206Z boost-pool:x64-linux@1.88.0 package ABI: 61e27178f0ac8714e70cac83432045023721780407fda936b6db66158927d4ec
2026-09-07T17:56:23.0902746Z Elapsed time to handle boost-pool:x64-linux: 8.13 ms
2026-09-07T17:56:23.0903171Z Installing 83/134 boost-endian:x64-linux@1.88.0...
2026-09-07T17:56:23.0903799Z boost-endian:x64-linux@1.88.0 package ABI: 26e2f1cf409ea107a5e8f3f29a866e5832cfc4003d229bfb8012e84a2d73f9f5
2026-09-07T17:56:23.0983969Z Elapsed time to handle boost-endian:x64-linux: 8.1 ms
2026-09-07T17:56:23.0984399Z Installing 84/134 boost-spirit:x64-linux@1.88.0...
2026-09-07T17:56:23.0985027Z boost-spirit:x64-linux@1.88.0 package ABI: 99f110e8312ba976a5d1dffc4c0216ba494012ad9fc9bcaa0128b8fc319f1346
2026-09-07T17:56:23.1340113Z Elapsed time to handle boost-spirit:x64-linux: 35.6 ms
2026-09-07T17:56:23.1340528Z Installing 85/134 catch2:x64-linux@3.10.0...
2026-09-07T17:56:23.1341046Z catch2:x64-linux@3.10.0 package ABI: ce2ca69b1f59f09423acd5d469a46ccddb882a627dc1c6b2a2c014db27f6747e
2026-09-07T17:56:23.1474260Z Elapsed time to handle catch2:x64-linux: 13.4 ms
2026-09-07T17:56:23.1474667Z Installing 86/134 vcpkg-tool-meson:x64-linux@1.9.0...
2026-09-07T17:56:23.1475537Z vcpkg-tool-meson:x64-linux@1.9.0 package ABI: ff5ed3bd03ea7ddaff661e77cd09013d679902b2bd4d7107880fe3a310c26ad0
2026-09-07T17:56:23.1564500Z Elapsed time to handle vcpkg-tool-meson:x64-linux: 8.99 ms
2026-09-07T17:56:23.1565037Z Installing 87/134 pkgconf:x64-linux@2.5.1#1...
2026-09-07T17:56:23.1565941Z pkgconf:x64-linux@2.5.1#1 package ABI: 3f2e213473faf11ebca0650921fd985fa4d1d1fc92c7dd9c15798030c51f5d13
2026-09-07T17:56:23.1662345Z Elapsed time to handle pkgconf:x64-linux: 9.78 ms
2026-09-07T17:56:23.1662866Z Installing 88/134 vcpkg-pkgconfig-get-modules:x64-linux@2024-04-03...
2026-09-07T17:56:23.1663740Z vcpkg-pkgconfig-get-modules:x64-linux@2024-04-03 package ABI: f9a33311fcd611c007c0486bb4cae8dabaf98ee7df490cbc2ed25069207844fc
2026-09-07T17:56:23.1755025Z Elapsed time to handle vcpkg-pkgconfig-get-modules:x64-linux: 9.23 ms
2026-09-07T17:56:23.1755908Z Installing 89/134 ffmpeg:x64-linux@3.3.9#2...
2026-09-07T17:56:23.1756517Z ffmpeg:x64-linux@3.3.9#2 package ABI: 85a995a9b2294212dc0ce839036e12866d33d477c183f27c9fc2378d5af1b8e9
2026-09-07T17:56:23.1890802Z Elapsed time to handle ffmpeg:x64-linux: 13.5 ms
2026-09-07T17:56:23.1891412Z Installing 90/134 fmt:x64-linux@11.2.0...
2026-09-07T17:56:23.1892285Z fmt:x64-linux@11.2.0 package ABI: 6e9f2e80dfcb6229291f6e84366ecb21aa4b5bdff75ca4d09eaa0c374f88b317
2026-09-07T17:56:23.1990919Z Elapsed time to handle fmt:x64-linux: 10.1 ms
2026-09-07T17:56:23.1991499Z Installing 91/134 highway:x64-linux@1.3.0...
2026-09-07T17:56:23.1992182Z highway:x64-linux@1.3.0 package ABI: 107473055bb3622f709042648a54a84090483942041274a50ae55fca8b652218
2026-09-07T17:56:23.2096642Z Elapsed time to handle highway:x64-linux: 10.6 ms
2026-09-07T17:56:23.2097249Z Installing 92/134 jxrlib:x64-linux@2019.10.9#7...
2026-09-07T17:56:23.2097958Z jxrlib:x64-linux@2019.10.9#7 package ABI: 8328f4b1d08c23a92120bb9190184a62a023a6022deaec24a4dc65f716ddf3a2
2026-09-07T17:56:23.2197425Z Elapsed time to handle jxrlib:x64-linux: 10 ms
2026-09-07T17:56:23.2198090Z Installing 93/134 libarchive:x64-linux@3.7.7...
2026-09-07T17:56:23.2198767Z libarchive:x64-linux@3.7.7 package ABI: c87c72977c45a47ac827ff47dab2b7b49abc85df98c220cfd637e31e58a1f30b
2026-09-07T17:56:23.2323431Z Elapsed time to handle libarchive:x64-linux: 12.6 ms
2026-09-07T17:56:23.2324202Z Installing 94/134 libjpeg-turbo:x64-linux@3.1.1...
2026-09-07T17:56:23.2325457Z libjpeg-turbo:x64-linux@3.1.1 package ABI: 9be6c0194496c16096ea225a5c9c91aa2cb20f4177d7ed95da161596c2ee29b2
2026-09-07T17:56:23.2479126Z Elapsed time to handle libjpeg-turbo:x64-linux: 15.5 ms
2026-09-07T17:56:23.2479655Z Installing 95/134 tiff[core,jpeg,lzma,zip]:x64-linux@4.7.0...
2026-09-07T17:56:23.2480390Z tiff[core,jpeg,lzma,zip]:x64-linux@4.7.0 package ABI: 073a83fdc51fb272bece9e1fe2b46a869f19a610b553886283018888120f2f79
2026-09-07T17:56:23.2592946Z Elapsed time to handle tiff:x64-linux: 11.4 ms
2026-09-07T17:56:23.2593607Z Installing 96/134 libpng:x64-linux@1.6.50#1...
2026-09-07T17:56:23.2594363Z libpng:x64-linux@1.6.50#1 package ABI: c197d441ba4565a9586becd253c52a8927fb4ea662a9c467a2f53f58b4c54e90
2026-09-07T17:56:23.2696341Z Elapsed time to handle libpng:x64-linux: 10.3 ms
2026-09-07T17:56:23.2697006Z Installing 97/134 brotli:x64-linux@1.1.0#2...
2026-09-07T17:56:23.2697998Z brotli:x64-linux@1.1.0#2 package ABI: 28ff3d81394eb7257ccaddc4e271f243e0fc0d4bb0c42678a2605d6861f3e5fa
2026-09-07T17:56:23.2818794Z Elapsed time to handle brotli:x64-linux: 12.2 ms
2026-09-07T17:56:23.2819550Z Installing 98/134 freetype[brotli,bzip2,core,png,zlib]:x64-linux@2.13.3#1...
2026-09-07T17:56:23.2820309Z freetype[brotli,bzip2,core,png,zlib]:x64-linux@2.13.3#1 package ABI: 174f95c7a16d933c9a2e49bf71b974d48aa47ffa10ae1ab8fd2efbdee3adbbce
2026-09-07T17:56:23.2943779Z Elapsed time to handle freetype:x64-linux: 12.5 ms
2026-09-07T17:56:23.2944547Z Installing 99/134 harfbuzz[core,freetype]:x64-linux@11.3.3...
2026-09-07T17:56:23.2945941Z harfbuzz[core,freetype]:x64-linux@11.3.3 package ABI: f038946fe2aa774e7ca3cf0b1224c128194068b15ddfb3ddc937d9bc1c23fbc2
2026-09-07T17:56:23.3054431Z Elapsed time to handle harfbuzz:x64-linux: 11.1 ms
2026-09-07T17:56:23.3055583Z Installing 100/134 pcre2[core,jit,platform-default-features]:x64-linux@10.46#1...
2026-09-07T17:56:23.3057002Z pcre2[core,jit,platform-default-features]:x64-linux@10.46#1 package ABI: a35cf9aa23c6bb816e3d6f186512c34ce8738f3b761410488fd70addc1299014
2026-09-07T17:56:23.3183947Z Elapsed time to handle pcre2:x64-linux: 12.9 ms
2026-09-07T17:56:23.3184548Z Installing 101/134 libffi:x64-linux@3.5.2#1...
2026-09-07T17:56:23.3185433Z libffi:x64-linux@3.5.2#1 package ABI: d57e172d145d349a6297297cff56d0a05a82479405f1a050b6c6e91c90d79f82
2026-09-07T17:56:23.3306846Z Elapsed time to handle libffi:x64-linux: 12.3 ms
2026-09-07T17:56:23.3307522Z Installing 102/134 gettext-libintl:x64-linux@0.22.5#5...
2026-09-07T17:56:23.3308231Z gettext-libintl:x64-linux@0.22.5#5 package ABI: 45849235bca7f6295ef16470b8954b2b3113c61fb4a04ec90d8e8faac71e37fe
2026-09-07T17:56:23.3407356Z Elapsed time to handle gettext-libintl:x64-linux: 10 ms
2026-09-07T17:56:23.3408186Z Installing 103/134 gettext[core,tools]:x64-linux@0.22.5#2...
2026-09-07T17:56:23.3408931Z gettext[core,tools]:x64-linux@0.22.5#2 package ABI: 4651aa6c422771571086b5282b7189c7731390f4cf8e0f2e3df61c4862a7f2f0
2026-09-07T17:56:23.3562952Z Elapsed time to handle gettext:x64-linux: 15.5 ms
2026-09-07T17:56:23.3563655Z Installing 104/134 dirent:x64-linux@1.26...
2026-09-07T17:56:23.3564687Z dirent:x64-linux@1.26 package ABI: 470b87cc542c5efa8b8e1fc907fdecd58a713d0579799e46830d7e09f172abf6
2026-09-07T17:56:23.3668758Z Elapsed time to handle dirent:x64-linux: 10.6 ms
2026-09-07T17:56:23.3669122Z Installing 105/134 glib:x64-linux@2.84.2#7...
2026-09-07T17:56:23.3669625Z glib:x64-linux@2.84.2#7 package ABI: a858b6c30e1f47fcdb3293f6025afd9294e7f6c0dc48e03199e0142db49c8649
2026-09-07T17:56:23.3976930Z Elapsed time to handle glib:x64-linux: 30.7 ms
2026-09-07T17:56:23.3977890Z Installing 106/134 fribidi:x64-linux@1.0.16...
2026-09-07T17:56:23.3978809Z fribidi:x64-linux@1.0.16 package ABI: 9e56b2d22d032ebb0d71dc51b5803a912b5aeffcf52ebc2f800277a3e2a45b9c
2026-09-07T17:56:23.4087882Z Elapsed time to handle fribidi:x64-linux: 11.1 ms
2026-09-07T17:56:23.4088553Z Installing 107/134 pthreads:x64-linux@3.0.0#14...
2026-09-07T17:56:23.4089775Z pthreads:x64-linux@3.0.0#14 package ABI: c94268c6da3ca1353e9e51134843403edd787677f81e55744264a5679a14345a
2026-09-07T17:56:23.4199075Z Elapsed time to handle pthreads:x64-linux: 11.1 ms
2026-09-07T17:56:23.4199686Z Installing 108/134 pthread:x64-linux@3.0.0#2...
2026-09-07T17:56:23.4200574Z pthread:x64-linux@3.0.0#2 package ABI: 21c3833f142d30cfbc8e7e7c6b2c33f2ec26696453b6dadccc055fe4b7c49ddb
2026-09-07T17:56:23.4301755Z Elapsed time to handle pthread:x64-linux: 10.2 ms
2026-09-07T17:56:23.4302397Z Installing 109/134 libuuid:x64-linux@1.0.3#15...
2026-09-07T17:56:23.4303005Z libuuid:x64-linux@1.0.3#15 package ABI: 55d6da0e396591bd4742bdcc9ce362449f2e2dec08f703bce994a18c1b0aa30c
2026-09-07T17:56:23.4408139Z Elapsed time to handle libuuid:x64-linux: 10.6 ms
2026-09-07T17:56:23.4408880Z Installing 110/134 gperf:x64-linux@3.3...
2026-09-07T17:56:23.4409713Z gperf:x64-linux@3.3 package ABI: bdecbf8879fb3064a797bf8858d33267d30eed8f177b6b589a0830a9caf7c5f6
2026-09-07T17:56:23.4516563Z Elapsed time to handle gperf:x64-linux: 10.8 ms
2026-09-07T17:56:23.4517193Z Installing 111/134 expat:x64-linux@2.7.1#1...
2026-09-07T17:56:23.4517790Z expat:x64-linux@2.7.1#1 package ABI: af97be90484f8a5cfb79ec1e73028b92be2dd83f1d104fc81a56f441e182d61a
2026-09-07T17:56:23.4622269Z Elapsed time to handle expat:x64-linux: 10.6 ms
2026-09-07T17:56:23.4622901Z Installing 112/134 fontconfig:x64-linux@2.15.0#4...
2026-09-07T17:56:23.4623610Z fontconfig:x64-linux@2.15.0#4 package ABI: d8d671ac22333d09103ea128b1df44014d8fb8591b13054a2a5b28819a9a0ce1
2026-09-07T17:56:23.4745004Z Elapsed time to handle fontconfig:x64-linux: 12.2 ms
2026-09-07T17:56:23.4745811Z Installing 113/134 pixman:x64-linux@0.44.2...
2026-09-07T17:56:23.4746439Z pixman:x64-linux@0.44.2 package ABI: a41c57a5157f87935f0523f72e859af136bd2810f306aebf0909182620665a8d
2026-09-07T17:56:23.4853458Z Elapsed time to handle pixman:x64-linux: 10.9 ms
2026-09-07T17:56:23.4854323Z Installing 114/134 cairo[core,fontconfig,freetype,gobject]:x64-linux@1.18.4#1...
2026-09-07T17:56:23.4855586Z cairo[core,fontconfig,freetype,gobject]:x64-linux@1.18.4#1 package ABI: b8951d2ec2e8406b1eb06eb24efe20b04f3e77cae9e24978001e9d34da5de39e
2026-09-07T17:56:23.4970936Z Elapsed time to handle cairo:x64-linux: 11.7 ms
2026-09-07T17:56:23.4971534Z Installing 115/134 pango:x64-linux@1.56.1#2...
2026-09-07T17:56:23.4972217Z pango:x64-linux@1.56.1#2 package ABI: 53e8dc60909f157ef6c117246822147b9e0c2897638501fb060f94883fa593de
2026-09-07T17:56:23.5088318Z Elapsed time to handle pango:x64-linux: 11.7 ms
2026-09-07T17:56:23.5088950Z Installing 116/134 libexif:x64-linux@0.6.25...
2026-09-07T17:56:23.5089897Z libexif:x64-linux@0.6.25 package ABI: 34191c3fb4c413b59091ccdcdb182723b38913859538960ea11bdc6cfc5f6f61
2026-09-07T17:56:23.5201602Z Elapsed time to handle libexif:x64-linux: 11.3 ms
2026-09-07T17:56:23.5202253Z Installing 117/134 libgdiplus:x64-linux@5.6.1#5...
2026-09-07T17:56:23.5203202Z libgdiplus:x64-linux@5.6.1#5 package ABI: 232f13a282f93b5aedb6308b155e38655e9a0cbcc9eeccfe5d21f5149109f559
2026-09-07T17:56:23.5332151Z Elapsed time to handle libgdiplus:x64-linux: 13 ms
2026-09-07T17:56:23.5332800Z Installing 118/134 libogg:x64-linux@1.3.6#1...
2026-09-07T17:56:23.5333409Z libogg:x64-linux@1.3.6#1 package ABI: 9297b07d6075117c5c93948533d5ac675c21d07bafbea28eab6547444fefd816
2026-09-07T17:56:23.5452471Z Elapsed time to handle libogg:x64-linux: 12 ms
2026-09-07T17:56:23.5453110Z Installing 119/134 libvorbis:x64-linux@1.3.7#4...
2026-09-07T17:56:23.5453737Z libvorbis:x64-linux@1.3.7#4 package ABI: 328c7f5b06ae7ed41bdb78a3dcda24b9a2e56154deadb8fd7ddf55330822aea0
2026-09-07T17:56:23.5567214Z Elapsed time to handle libvorbis:x64-linux: 11.5 ms
2026-09-07T17:56:23.5568328Z Installing 120/134 libwebp[core,libwebpmux,nearlossless,simd]:x64-linux@1.6.0#1...
2026-09-07T17:56:23.5569285Z libwebp[core,libwebpmux,nearlossless,simd]:x64-linux@1.6.0#1 package ABI: 8ec8f12d25983ab06630f7540e572c15175e083be8a460449953aea5358126fb
2026-09-07T17:56:23.5691667Z Elapsed time to handle libwebp:x64-linux: 12.4 ms
2026-09-07T17:56:23.5692627Z Installing 121/134 libxml2[core,iconv,zlib]:x64-linux@2.14.5#1...
2026-09-07T17:56:23.5693409Z libxml2[core,iconv,zlib]:x64-linux@2.14.5#1 package ABI: 2aa378c47131d46443f106cd302fbf9370d24c21797020d2696e6de0e5fb4ec8
2026-09-07T17:56:23.5848881Z Elapsed time to handle libxml2:x64-linux: 15.7 ms
2026-09-07T17:56:23.5849503Z Installing 122/134 lz4:x64-linux@1.10.0...
2026-09-07T17:56:23.5850003Z lz4:x64-linux@1.10.0 package ABI: eb734ccf77f14ca48e68676311354594db265044ad36e075276e0284a2e6c66b
2026-09-07T17:56:23.6271884Z Elapsed time to handle lz4:x64-linux: 42.3 ms
2026-09-07T17:56:23.6272302Z Installing 123/134 minizip:x64-linux@1.3.1#1...
2026-09-07T17:56:23.6272897Z minizip:x64-linux@1.3.1#1 package ABI: 5a254b263ab59f5f92138f338c9a4a85e7e0fa40472c6d49f50b3aa370582de1
2026-09-07T17:56:23.6404315Z Elapsed time to handle minizip:x64-linux: 13.3 ms
2026-09-07T17:56:23.6404768Z Installing 124/134 oniguruma:x64-linux@6.9.10...
2026-09-07T17:56:23.6405745Z oniguruma:x64-linux@6.9.10 package ABI: dc05a3dc6f17056a484636014c3aea4c46326ff9db69a5b672c63b3ba1be6335
2026-09-07T17:56:23.6522105Z Elapsed time to handle oniguruma:x64-linux: 11.8 ms
2026-09-07T17:56:23.6522575Z Installing 125/134 alsa:x64-linux@1.2.14...
2026-09-07T17:56:23.6523203Z alsa:x64-linux@1.2.14 package ABI: ba7de11a3ae1c13fa8aee2fe76f5c524b63d14af9b9f69953863e83e0dbfc115
2026-09-07T17:56:23.6649465Z Elapsed time to handle alsa:x64-linux: 12.7 ms
2026-09-07T17:56:23.6649916Z Installing 126/134 openal-soft:x64-linux@1.24.3#1...
2026-09-07T17:56:23.6650588Z openal-soft:x64-linux@1.24.3#1 package ABI: ed951ac54ed110689889ef187d069f48cd25dfc079b5da86e29f093bcafb65fa
2026-09-07T17:56:23.6803383Z Elapsed time to handle openal-soft:x64-linux: 15.3 ms
2026-09-07T17:56:23.6804110Z Installing 127/134 opencv4[core,openmp]:x64-linux@4.7.0#6...
2026-09-07T17:56:23.6805446Z opencv4[core,openmp]:x64-linux@4.7.0#6 package ABI: 543ef4dc602663c9ab0a808ba3814e84311b638ea20eed986320d42601f12dad
2026-09-07T17:56:23.6976276Z Elapsed time to handle opencv4:x64-linux: 17.2 ms
2026-09-07T17:56:23.6976909Z Installing 128/134 opus:x64-linux@1.5.2...
2026-09-07T17:56:23.6977779Z opus:x64-linux@1.5.2 package ABI: c6e0a17ef88be6bb4abce44d788a9bbb840099a594aa9048c6d5381c9766b39c
2026-09-07T17:56:23.7090207Z Elapsed time to handle opus:x64-linux: 11.4 ms
2026-09-07T17:56:23.7090621Z Installing 129/134 opusfile:x64-linux@0.12+20221121#1...
2026-09-07T17:56:23.7091430Z opusfile:x64-linux@0.12+20221121#1 package ABI: 6a7d6ef1e76fc14ee0e29d2b91f4905edf8697fa9377bff894d5049d0ab15c0d
2026-09-07T17:56:23.7207125Z Elapsed time to handle opusfile:x64-linux: 11.7 ms
2026-09-07T17:56:23.7207752Z Installing 130/134 sdl2:x64-linux@2.32.10...
2026-09-07T17:56:23.7208651Z sdl2:x64-linux@2.32.10 package ABI: 93eea1c4017793ef8d3454c5bf0cf38808d9fcb3dd9b5d9734f40576f8823ad1
2026-09-07T17:56:23.7339773Z Elapsed time to handle sdl2:x64-linux: 13.2 ms
2026-09-07T17:56:23.7340364Z Installing 131/134 spdlog:x64-linux@1.15.3...
2026-09-07T17:56:23.7341018Z spdlog:x64-linux@1.15.3 package ABI: 8cec2f79dc9a659a40822666a42b59c2091e0fccf88530fb2aac4cd34ec6c487
2026-09-07T17:56:23.7472440Z Elapsed time to handle spdlog:x64-linux: 13.3 ms
2026-09-07T17:56:23.7473075Z Installing 132/134 tinyxml2:x64-linux@11.0.0...
2026-09-07T17:56:23.7474038Z tinyxml2:x64-linux@11.0.0 package ABI: bba4766d55b11d84df22e71e02e3cb23a0f5c220b176735c73ba7dda3478b4e2
2026-09-07T17:56:23.7591080Z Elapsed time to handle tinyxml2:x64-linux: 11.9 ms
2026-09-07T17:56:23.7591480Z Installing 133/134 uchardet:x64-linux@0.0.8...
2026-09-07T17:56:23.7592003Z uchardet:x64-linux@0.0.8 package ABI: f53e845c7fed05769b1f899f1cf7b8da8c00660e0ba444305eb7631defbac123
2026-09-07T17:56:23.7711201Z Elapsed time to handle uchardet:x64-linux: 12 ms
2026-09-07T17:56:23.7711844Z Installing 134/134 unrar:x64-linux@6.0.7#1...
2026-09-07T17:56:23.7712721Z unrar:x64-linux@6.0.7#1 package ABI: 4c170a91118d796ee4e42cfa18febacd15d862d84fab8c6959f88d092b24e6fb
2026-09-07T17:56:23.7853995Z Elapsed time to handle unrar:x64-linux: 14.3 ms
2026-09-07T17:56:23.7980375Z Installed contents are licensed to you by owners. Microsoft is not responsible for, nor does it grant any licenses to, third-party packages.
2026-09-07T17:56:23.7981580Z Some packages did not declare an SPDX license. Check the `copyright` file for each package for more information about their licensing.
2026-09-07T17:56:23.7982601Z Packages installed in this vcpkg installation declare the following licenses:
2026-09-07T17:56:23.7983170Z (Apache-2.0 OR MIT)
2026-09-07T17:56:23.7983482Z (BSD-3-Clause OR GPL-2.0-only)
2026-09-07T17:56:23.7983802Z (FTL OR GPL-2.0-or-later)
2026-09-07T17:56:23.7984097Z (LGPL-2.1-only OR MPL-1.1)
2026-09-07T17:56:23.7984378Z Apache-2.0
2026-09-07T17:56:23.7984630Z BSD-1-Clause
2026-09-07T17:56:23.7984866Z BSD-2-Clause
2026-09-07T17:56:23.7985096Z BSD-3-Clause
2026-09-07T17:56:23.7985637Z BSL-1.0
2026-09-07T17:56:23.7986033Z GPL-2.0
2026-09-07T17:56:23.7986406Z GPL-3.0-only
2026-09-07T17:56:23.7986757Z GPL-3.0-or-later
2026-09-07T17:56:23.7987024Z LGPL-2.0-or-later
2026-09-07T17:56:23.7987263Z LGPL-2.1-or-later
2026-09-07T17:56:23.7987502Z MIT
2026-09-07T17:56:23.7987721Z MIT-Modern-Variant
2026-09-07T17:56:23.7987950Z MPL-1.1
2026-09-07T17:56:23.7988261Z Zlib
2026-09-07T17:56:23.7988579Z bzip2-1.0.6
2026-09-07T17:56:23.7988913Z libpng-2.0
2026-09-07T17:56:23.7989232Z libtiff
2026-09-07T17:56:23.7989583Z 7zip provides CMake targets:
2026-09-07T17:56:23.7989874Z 
2026-09-07T17:56:23.7990048Z   # this is heuristically generated, and may not be correct
2026-09-07T17:56:23.7990685Z   find_package(7zip CONFIG REQUIRED)
2026-09-07T17:56:23.7996962Z   target_link_libraries(main PRIVATE 7zip::7zip)
2026-09-07T17:56:23.7997584Z 
2026-09-07T17:56:23.7997901Z The package angle provides unofficial CMake targets:
2026-09-07T17:56:23.7998247Z 
2026-09-07T17:56:23.7998448Z     find_package(unofficial-angle REQUIRED CONFIG)
2026-09-07T17:56:23.7999070Z     target_link_libraries(main PRIVATE unofficial::angle::libGLESv2)
2026-09-07T17:56:23.7999432Z 
2026-09-07T17:56:23.7999584Z     # Or use the EGL target
2026-09-07T17:56:23.8008397Z     find_package(unofficial-angle REQUIRED CONFIG)
2026-09-07T17:56:23.8008918Z     target_link_libraries(main PRIVATE unofficial::angle::libEGL)
2026-09-07T17:56:23.8009202Z 
2026-09-07T17:56:23.8009312Z argparse provides CMake targets:
2026-09-07T17:56:23.8009490Z 
2026-09-07T17:56:23.8009643Z   # this is heuristically generated, and may not be correct
2026-09-07T17:56:23.8010014Z   find_package(argparse CONFIG REQUIRED)
2026-09-07T17:56:23.8010374Z   target_link_libraries(main PRIVATE argparse::argparse)
2026-09-07T17:56:23.8010617Z 
2026-09-07T17:56:23.8010714Z zstd provides CMake targets:
2026-09-07T17:56:23.8010890Z 
2026-09-07T17:56:23.8011004Z   find_package(zstd CONFIG REQUIRED)
2026-09-07T17:56:23.8011319Z   target_link_libraries(main PRIVATE zstd::libzstd)
2026-09-07T17:56:23.8011549Z 
2026-09-07T17:56:23.8011661Z boost-iostreams provides CMake targets:
2026-09-07T17:56:23.8011851Z 
2026-09-07T17:56:23.8012009Z   # this is heuristically generated, and may not be correct
2026-09-07T17:56:23.8012383Z   find_package(boost_iostreams CONFIG REQUIRED)
2026-09-07T17:56:23.8012734Z   target_link_libraries(main PRIVATE Boost::iostreams)
2026-09-07T17:56:23.8012965Z 
2026-09-07T17:56:23.8013063Z boost-locale provides CMake targets:
2026-09-07T17:56:23.8013245Z 
2026-09-07T17:56:23.8013390Z   # this is heuristically generated, and may not be correct
2026-09-07T17:56:23.8013733Z   find_package(boost_locale CONFIG REQUIRED)
2026-09-07T17:56:23.8014058Z   target_link_libraries(main PRIVATE Boost::locale)
2026-09-07T17:56:23.8014269Z 
2026-09-07T17:56:23.8014446Z boost-phoenix provides CMake targets:
2026-09-07T17:56:23.8014629Z 
2026-09-07T17:56:23.8014994Z   # this is heuristically generated, and may not be correct
2026-09-07T17:56:23.8015635Z   find_package(boost_phoenix CONFIG REQUIRED)
2026-09-07T17:56:23.8015996Z   target_link_libraries(main PRIVATE Boost::phoenix)
2026-09-07T17:56:23.8016219Z 
2026-09-07T17:56:23.8016325Z boost-spirit provides CMake targets:
2026-09-07T17:56:23.8016676Z 
2026-09-07T17:56:23.8016828Z   # this is heuristically generated, and may not be correct
2026-09-07T17:56:23.8017175Z   find_package(boost_spirit CONFIG REQUIRED)
2026-09-07T17:56:23.8017496Z   target_link_libraries(main PRIVATE Boost::spirit)
2026-09-07T17:56:23.8017716Z 
2026-09-07T17:56:23.8017820Z catch2 provides CMake targets:
2026-09-07T17:56:23.8017993Z 
2026-09-07T17:56:23.8018135Z   # this is heuristically generated, and may not be correct
2026-09-07T17:56:23.8018482Z   find_package(Catch2 CONFIG REQUIRED)
2026-09-07T17:56:23.8018887Z   target_link_libraries(main PRIVATE Catch2::Catch2 Catch2::Catch2WithMain)
2026-09-07T17:56:23.8019210Z 
2026-09-07T17:56:23.8019319Z catch2 provides pkg-config modules:
2026-09-07T17:56:23.8019509Z 
2026-09-07T17:56:23.8019730Z   # A modern, C++-native test framework for C++14 and above (links in default main)
2026-09-07T17:56:23.8020132Z   catch2-with-main
2026-09-07T17:56:23.8020269Z 
2026-09-07T17:56:23.8020422Z   # A modern, C++-native, test framework for C++14 and above
2026-09-07T17:56:23.8020743Z   catch2
2026-09-07T17:56:23.8020851Z 
2026-09-07T17:56:23.8020990Z To use ffmpeg add the following to your CMake project:
2026-09-07T17:56:23.8021226Z 
2026-09-07T17:56:23.8021333Z     find_package(FFMPEG REQUIRED)
2026-09-07T17:56:23.8021685Z     target_include_directories(main PRIVATE ${FFMPEG_INCLUDE_DIRS})
2026-09-07T17:56:23.8022122Z     target_link_directories(main PRIVATE ${FFMPEG_LIBRARIES})
2026-09-07T17:56:23.8022383Z 
2026-09-07T17:56:23.8022500Z The package fmt provides CMake targets:
2026-09-07T17:56:23.8022696Z 
2026-09-07T17:56:23.8022807Z     find_package(fmt CONFIG REQUIRED)
2026-09-07T17:56:23.8023116Z     target_link_libraries(main PRIVATE fmt::fmt)
2026-09-07T17:56:23.8023332Z 
2026-09-07T17:56:23.8023432Z     # Or use the header-only version
2026-09-07T17:56:23.8023713Z     find_package(fmt CONFIG REQUIRED)
2026-09-07T17:56:23.8024048Z     target_link_libraries(main PRIVATE fmt::fmt-header-only)
2026-09-07T17:56:23.8024304Z 
2026-09-07T17:56:23.8024407Z highway provides CMake targets:
2026-09-07T17:56:23.8024575Z 
2026-09-07T17:56:23.8024679Z     find_package(hwy CONFIG REQUIRED)
2026-09-07T17:56:23.8024974Z     target_link_libraries(main PRIVATE hwy::hwy)
2026-09-07T17:56:23.8025456Z 
2026-09-07T17:56:23.8025603Z The package jxrlib provides CMake integration:
2026-09-07T17:56:23.8025834Z 
2026-09-07T17:56:23.8025934Z     find_package(JXR REQUIRED)
2026-09-07T17:56:23.8026268Z     target_include_directories(main PRIVATE ${JXR_INCLUDE_DIRS})
2026-09-07T17:56:23.8026672Z     target_link_libraries(main PRIVATE ${JXR_LIBRARIES})
2026-09-07T17:56:23.8026912Z 
2026-09-07T17:56:23.8027054Z libarchive is compatible with the CMake Find Module:
2026-09-07T17:56:23.8027286Z 
2026-09-07T17:56:23.8027389Z   find_package(LibArchive REQUIRED)
2026-09-07T17:56:23.8027777Z   target_link_libraries(main PRIVATE LibArchive::LibArchive) # since CMake 3.17
2026-09-07T17:56:23.8028100Z 
2026-09-07T17:56:23.8028213Z libarchive provides pkg-config modules:
2026-09-07T17:56:23.8028408Z 
2026-09-07T17:56:23.8028591Z   # library that can create and read several streaming archive formats
2026-09-07T17:56:23.8028949Z   libarchive
2026-09-07T17:56:23.8029065Z 
2026-09-07T17:56:23.8029304Z libjpeg-turbo is compatible with built-in implementation-agnostic CMake targets:
2026-09-07T17:56:23.8029639Z 
2026-09-07T17:56:23.8029734Z     find_package(JPEG REQUIRED)
2026-09-07T17:56:23.8030031Z     target_link_libraries(main PRIVATE JPEG::JPEG)
2026-09-07T17:56:23.8030246Z 
2026-09-07T17:56:23.8030418Z libjpeg-turbo provides CMake targets for the TurboJPEG C API:
2026-09-07T17:56:23.8030682Z 
2026-09-07T17:56:23.8030807Z     find_package(libjpeg-turbo CONFIG REQUIRED)
2026-09-07T17:56:23.8031631Z     target_link_libraries(main PRIVATE $<IF:$<TARGET_EXISTS:libjpeg-turbo::turbojpeg>,libjpeg-turbo::turbojpeg,libjpeg-turbo::turbojpeg-static>)
2026-09-07T17:56:23.8032225Z 
2026-09-07T17:56:23.8032383Z To use libgdiplus add the following to your CMake project:
2026-09-07T17:56:23.8032832Z 
2026-09-07T17:56:23.8032951Z     find_package(libgdiplus CONFIG REQUIRED)
2026-09-07T17:56:23.8033331Z     target_include_directories(main PRIVATE libgdiplus::libgdiplus)
2026-09-07T17:56:23.8033613Z 
2026-09-07T17:56:23.8033739Z The package libvorbis provides CMake targets:
2026-09-07T17:56:23.8033954Z 
2026-09-07T17:56:23.8034093Z     # Vorbis reference encoder and decoder, low-level API
2026-09-07T17:56:23.8034433Z     find_package(Vorbis CONFIG REQUIRED)
2026-09-07T17:56:23.8034756Z     target_link_libraries(main PRIVATE Vorbis::vorbis)
2026-09-07T17:56:23.8034979Z 
2026-09-07T17:56:23.8035149Z     # Audio stream decoding and basic manipulation, high-level API
2026-09-07T17:56:23.8035668Z     find_package(Vorbis CONFIG REQUIRED)
2026-09-07T17:56:23.8035996Z     target_link_libraries(main PRIVATE Vorbis::vorbisfile)
2026-09-07T17:56:23.8036235Z 
2026-09-07T17:56:23.8036391Z     # Convenience API for setting up an encoding environment
2026-09-07T17:56:23.8036728Z     find_package(Vorbis CONFIG REQUIRED)
2026-09-07T17:56:23.8037059Z     target_link_libraries(main PRIVATE Vorbis::vorbisenc)
2026-09-07T17:56:23.8037295Z 
2026-09-07T17:56:23.8037400Z libwebp provides CMake targets:
2026-09-07T17:56:23.8037571Z 
2026-09-07T17:56:23.8037670Z     find_package(WebP CONFIG REQUIRED)
2026-09-07T17:56:23.8037936Z     # basic usage
2026-09-07T17:56:23.8038286Z     target_link_libraries(main PRIVATE WebP::webp WebP::webpdecoder WebP::webpdemux)
2026-09-07T17:56:23.8038837Z     # for manipulating the WebP graphics format container (port feature libwebpmux)
2026-09-07T17:56:23.8039297Z     target_link_libraries(main PRIVATE WebP::libwebpmux)
2026-09-07T17:56:23.8039620Z     # for sharp RGB to YUV conversion
2026-09-07T17:56:23.8039939Z     target_link_libraries(main PRIVATE WebP::sharpyuv)
2026-09-07T17:56:23.8040156Z 
2026-09-07T17:56:23.8040328Z The package libxml2 is compatible with built-in CMake targets:
2026-09-07T17:56:23.8040588Z 
2026-09-07T17:56:23.8040687Z     find_package(LibXml2 REQUIRED)
2026-09-07T17:56:23.8040997Z     target_link_libraries(main PRIVATE LibXml2::LibXml2)
2026-09-07T17:56:23.8041225Z 
2026-09-07T17:56:23.8041320Z lz4 provides CMake targets:
2026-09-07T17:56:23.8041479Z 
2026-09-07T17:56:23.8041578Z   find_package(lz4 CONFIG REQUIRED)
2026-09-07T17:56:23.8041873Z   target_link_libraries(main PRIVATE lz4::lz4)
2026-09-07T17:56:23.8042084Z 
2026-09-07T17:56:23.8042187Z lz4 provides pkg-config modules:
2026-09-07T17:56:23.8042353Z 
2026-09-07T17:56:23.8042437Z   liblz4
2026-09-07T17:56:23.8042547Z 
2026-09-07T17:56:23.8042641Z minizip provides CMake targets:
2026-09-07T17:56:23.8042807Z 
2026-09-07T17:56:23.8042950Z     find_package(unofficial-minizip CONFIG REQUIRED)
2026-09-07T17:56:23.8043356Z     target_link_libraries(main PRIVATE unofficial::minizip::minizip)
2026-09-07T17:56:23.8043633Z 
2026-09-07T17:56:23.8043735Z oniguruma provides CMake targets:
2026-09-07T17:56:23.8043907Z 
2026-09-07T17:56:23.8044056Z   # this is heuristically generated, and may not be correct
2026-09-07T17:56:23.8044412Z   find_package(oniguruma CONFIG REQUIRED)
2026-09-07T17:56:23.8044743Z   target_link_libraries(main PRIVATE oniguruma::onig)
2026-09-07T17:56:23.8044969Z 
2026-09-07T17:56:23.8045073Z oniguruma provides pkg-config modules:
2026-09-07T17:56:23.8045384Z 
2026-09-07T17:56:23.8045484Z   # Regular expression library
2026-09-07T17:56:23.8045720Z   oniguruma
2026-09-07T17:56:23.8045833Z 
2026-09-07T17:56:23.8045941Z openal-soft provides CMake targets:
2026-09-07T17:56:23.8046113Z 
2026-09-07T17:56:23.8046260Z   # this is heuristically generated, and may not be correct
2026-09-07T17:56:23.8046605Z   find_package(OpenAL CONFIG REQUIRED)
2026-09-07T17:56:23.8047063Z   target_link_libraries(main PRIVATE OpenAL::OpenAL)
2026-09-07T17:56:23.8047290Z 
2026-09-07T17:56:23.8047409Z openal-soft provides pkg-config modules:
2026-09-07T17:56:23.8047608Z 
2026-09-07T17:56:23.8047722Z   # OpenAL is a cross-platform 3D audio API
2026-09-07T17:56:23.8047997Z   openal
2026-09-07T17:56:23.8048101Z 
2026-09-07T17:56:23.8048491Z If you do not install the meta-port *opencv*, the package opencv4 is compatible with CMake
2026-09-07T17:56:23.8048987Z if you set the OpenCV_DIR *before* the find_package call
2026-09-07T17:56:23.8049214Z 
2026-09-07T17:56:23.8049393Z     set(OpenCV_DIR "${VCPKG_INSTALLED_DIR}/x64-linux/share/opencv4")
2026-09-07T17:56:23.8049757Z     find_package(OpenCV REQUIRED)
2026-09-07T17:56:23.8049932Z 
2026-09-07T17:56:23.8050056Z The package opusfile provides CMake targets:
2026-09-07T17:56:23.8050259Z 
2026-09-07T17:56:23.8050370Z     find_package(OpusFile CONFIG REQUIRED)
2026-09-07T17:56:23.8050708Z     target_link_libraries(main PRIVATE OpusFile::opusfile)
2026-09-07T17:56:23.8050944Z 
2026-09-07T17:56:23.8051042Z     # To use the opusurl API
2026-09-07T17:56:23.8051336Z     target_link_libraries(main PRIVATE OpusFile::opusurl)
2026-09-07T17:56:23.8051569Z 
2026-09-07T17:56:23.8051665Z sdl2 provides CMake targets:
2026-09-07T17:56:23.8051816Z 
2026-09-07T17:56:23.8051918Z     find_package(SDL2 CONFIG REQUIRED)
2026-09-07T17:56:23.8052201Z     target_link_libraries(main
2026-09-07T17:56:23.8052437Z         PRIVATE
2026-09-07T17:56:23.8052660Z         $<TARGET_NAME_IF_EXISTS:SDL2::SDL2main>
2026-09-07T17:56:23.8053021Z         $<IF:$<TARGET_EXISTS:SDL2::SDL2>,SDL2::SDL2,SDL2::SDL2-static>
2026-09-07T17:56:23.8053347Z     )
2026-09-07T17:56:23.8053452Z 
2026-09-07T17:56:23.8053561Z The package spdlog provides CMake targets:
2026-09-07T17:56:23.8053765Z 
2026-09-07T17:56:23.8053869Z     find_package(spdlog CONFIG REQUIRED)
2026-09-07T17:56:23.8054187Z     target_link_libraries(main PRIVATE spdlog::spdlog)
2026-09-07T17:56:23.8054412Z 
2026-09-07T17:56:23.8054512Z     # Or use the header-only version
2026-09-07T17:56:23.8054786Z     find_package(spdlog CONFIG REQUIRED)
2026-09-07T17:56:23.8055255Z     target_link_libraries(main PRIVATE spdlog::spdlog_header_only)
2026-09-07T17:56:23.8055530Z 
2026-09-07T17:56:23.8055632Z tinyxml2 provides CMake targets:
2026-09-07T17:56:23.8055806Z 
2026-09-07T17:56:23.8055957Z   # this is heuristically generated, and may not be correct
2026-09-07T17:56:23.8056302Z   find_package(tinyxml2 CONFIG REQUIRED)
2026-09-07T17:56:23.8056637Z   target_link_libraries(main PRIVATE tinyxml2::tinyxml2)
2026-09-07T17:56:23.8056868Z 
2026-09-07T17:56:23.8056972Z tinyxml2 provides pkg-config modules:
2026-09-07T17:56:23.8057150Z 
2026-09-07T17:56:23.8057250Z   # simple, small, C++ XML parser
2026-09-07T17:56:23.8057491Z   tinyxml2
2026-09-07T17:56:23.8057598Z 
2026-09-07T17:56:23.8057698Z uchardet provides CMake targets:
2026-09-07T17:56:23.8057863Z 
2026-09-07T17:56:23.8058010Z   # this is heuristically generated, and may not be correct
2026-09-07T17:56:23.8058351Z   find_package(uchardet CONFIG REQUIRED)
2026-09-07T17:56:23.8058683Z   target_link_libraries(main PRIVATE uchardet::libuchardet)
2026-09-07T17:56:23.8058924Z 
2026-09-07T17:56:23.8059025Z uchardet provides pkg-config modules:
2026-09-07T17:56:23.8059212Z 
2026-09-07T17:56:23.8059343Z   # An encoding detector library ported from Mozilla
2026-09-07T17:56:23.8059640Z   uchardet
2026-09-07T17:56:23.8059748Z 
2026-09-07T17:56:23.8059869Z unrar is compatible with the CMake Find Module:
2026-09-07T17:56:23.8060083Z 
2026-09-07T17:56:23.8060185Z   find_package(unrar CONFIG REQUIRED)
2026-09-07T17:56:23.8060488Z   target_link_libraries(main PRIVATE unrar::unrar)
2026-09-07T17:56:23.8060876Z All requested installations completed successfully in: 1.4 s
2026-09-07T17:56:23.8257245Z -- Running vcpkg install - done
2026-09-07T17:56:25.5590326Z -- The C compiler identification is GNU 11.4.0
2026-09-07T17:56:25.6316224Z -- The CXX compiler identification is GNU 11.4.0
2026-09-07T17:56:25.6517128Z -- Detecting C compiler ABI info
2026-09-07T17:56:25.7112955Z -- Detecting C compiler ABI info - done
2026-09-07T17:56:25.7278393Z -- Check for working C compiler: /usr/bin/cc - skipped
2026-09-07T17:56:25.7286292Z -- Detecting C compile features
2026-09-07T17:56:25.7294305Z -- Detecting C compile features - done
2026-09-07T17:56:25.7456142Z -- Detecting CXX compiler ABI info
2026-09-07T17:56:25.8102542Z -- Detecting CXX compiler ABI info - done
2026-09-07T17:56:25.8275580Z -- Check for working CXX compiler: /usr/bin/c++ - skipped
2026-09-07T17:56:25.8279970Z -- Detecting CXX compile features
2026-09-07T17:56:25.8287738Z -- Detecting CXX compile features - done
2026-09-07T17:56:25.8879803Z -- Found FFMPEG: optimized;/home/runner/work/PocketKrKr/PocketKrKr/out/linux/debug/vcpkg_installed/x64-linux/lib/libavfilter.a;debug;/home/runner/work/PocketKrKr/PocketKrKr/out/linux/debug/vcpkg_installed/x64-linux/debug/lib/libavfilter.a;optimized;/home/runner/work/PocketKrKr/PocketKrKr/out/linux/debug/vcpkg_installed/x64-linux/lib/libavformat.a;debug;/home/runner/work/PocketKrKr/PocketKrKr/out/linux/debug/vcpkg_installed/x64-linux/debug/lib/libavformat.a;optimized;/home/runner/work/PocketKrKr/PocketKrKr/out/linux/debug/vcpkg_installed/x64-linux/lib/libavcodec.a;debug;/home/runner/work/PocketKrKr/PocketKrKr/out/linux/debug/vcpkg_installed/x64-linux/debug/lib/libavcodec.a;optimized;/home/runner/work/PocketKrKr/PocketKrKr/out/linux/debug/vcpkg_installed/x64-linux/lib/libswresample.a;debug;/home/runner/work/PocketKrKr/PocketKrKr/out/linux/debug/vcpkg_installed/x64-linux/debug/lib/libswresample.a;optimized;/home/runner/work/PocketKrKr/PocketKrKr/out/linux/debug/vcpkg_installed/x64-linux/lib/libswscale.a;debug;/home/runner/work/PocketKrKr/PocketKrKr/out/linux/debug/vcpkg_installed/x64-linux/debug/lib/libswscale.a;optimized;/home/runner/work/PocketKrKr/PocketKrKr/out/linux/debug/vcpkg_installed/x64-linux/lib/libavutil.a;debug;/home/runner/work/PocketKrKr/PocketKrKr/out/linux/debug/vcpkg_installed/x64-linux/debug/lib/libavutil.a;/home/runner/work/PocketKrKr/PocketKrKr/out/linux/debug/vcpkg_installed/x64-linux/debug/lib/libiconv.a;/usr/lib/x86_64-linux-gnu/libxcb-shm.so;/usr/lib/x86_64-linux-gnu/libxcb.so;/usr/lib/x86_64-linux-gnu/libXau.so;/usr/lib/x86_64-linux-gnu/libXdmcp.so;/home/runner/work/PocketKrKr/PocketKrKr/out/linux/debug/vcpkg_installed/x64-linux/debug/lib/liblzma.a;/home/runner/work/PocketKrKr/PocketKrKr/out/linux/debug/vcpkg_installed/x64-linux/lib/libbz2.a;/home/runner/work/PocketKrKr/PocketKrKr/out/linux/debug/vcpkg_installed/x64-linux/debug/lib/libz.a;-pthread;m
2026-09-07T17:56:26.7481931Z '/usr/bin/bison' '/home/runner/work/PocketKrKr/PocketKrKr/cpp/core/tjs2/bison/tjs.y'
2026-09-07T17:56:26.7483078Z '/usr/bin/bison' '/home/runner/work/PocketKrKr/PocketKrKr/cpp/core/tjs2/bison/tjsdate.y'
2026-09-07T17:56:26.7484189Z '/usr/bin/bison' '/home/runner/work/PocketKrKr/PocketKrKr/cpp/core/tjs2/bison/tjspp.y'
2026-09-07T17:56:26.7485618Z -- Found Python3: /usr/bin/python3.10 (found version "3.10.12") found components: Interpreter
2026-09-07T17:56:26.7682548Z '/usr/bin/python3.10' 'create_world_map.py' '/home/runner/work/PocketKrKr/PocketKrKr/out/linux/debug/cpp/core/tjs2/gen/tjsDateWordMap.inc'
2026-09-07T17:56:26.7684224Z create file: /home/runner/work/PocketKrKr/PocketKrKr/out/linux/debug/cpp/core/tjs2/gen/tjsDateWordMap.inc
2026-09-07T17:56:26.8682257Z -- Performing Test CMAKE_HAVE_LIBC_PTHREAD
2026-09-07T17:56:26.9432892Z -- Performing Test CMAKE_HAVE_LIBC_PTHREAD - Success
2026-09-07T17:56:26.9444383Z -- Found Threads: TRUE
2026-09-07T17:56:27.0329506Z -- Performing Test Iconv_IS_BUILT_IN
2026-09-07T17:56:27.0919159Z -- Performing Test Iconv_IS_BUILT_IN - Success
2026-09-07T17:56:27.0930114Z -- Found Iconv: built in to C library
2026-09-07T17:56:27.1225764Z -- Found LibArchive: /home/runner/work/PocketKrKr/PocketKrKr/out/linux/debug/vcpkg_installed/x64-linux/debug/lib/libarchive.a (found version "3.7.7")
2026-09-07T17:56:27.1354731Z -- Found ZLIB: optimized;/home/runner/work/PocketKrKr/PocketKrKr/out/linux/debug/vcpkg_installed/x64-linux/lib/libz.a;debug;/home/runner/work/PocketKrKr/PocketKrKr/out/linux/debug/vcpkg_installed/x64-linux/debug/lib/libz.a (found version "1.3.1")
2026-09-07T17:56:27.2041495Z -- ANGLE found — EGL + GLES2 libraries linked
2026-09-07T17:56:27.2276418Z -- Found JXR: /home/runner/work/PocketKrKr/PocketKrKr/out/linux/debug/vcpkg_installed/x64-linux/include/jxrlib
2026-09-07T17:56:27.4881681Z -- Found OpenMP_C: -fopenmp (found version "4.5")
2026-09-07T17:56:27.5653871Z -- Found OpenMP_CXX: -fopenmp (found version "4.5")
2026-09-07T17:56:27.5659402Z -- Found OpenMP: TRUE (found version "4.5")
2026-09-07T17:56:27.5705433Z -- Found OpenCV: /home/runner/work/PocketKrKr/PocketKrKr/out/linux/debug/vcpkg_installed/x64-linux (found version "4.7.0")
2026-09-07T17:56:27.5982373Z -- Found BZip2: optimized;/home/runner/work/PocketKrKr/PocketKrKr/out/linux/debug/vcpkg_installed/x64-linux/lib/libbz2.a;debug;/home/runner/work/PocketKrKr/PocketKrKr/out/linux/debug/vcpkg_installed/x64-linux/debug/lib/libbz2d.a (found version "1.0.8")
2026-09-07T17:56:27.5992561Z -- Looking for BZ2_bzCompressInit
2026-09-07T17:56:27.6612158Z -- Looking for BZ2_bzCompressInit - found
2026-09-07T17:56:27.6899489Z -- Found PNG: optimized;/home/runner/work/PocketKrKr/PocketKrKr/out/linux/debug/vcpkg_installed/x64-linux/lib/libpng16.a;debug;/home/runner/work/PocketKrKr/PocketKrKr/out/linux/debug/vcpkg_installed/x64-linux/debug/lib/libpng16d.a (found version "1.6.50")
2026-09-07T17:56:27.7237258Z -- ANGLE found — KRKR_USE_ANGLE=1 propagated to all modules
2026-09-07T17:56:27.7248948Z CMake Warning at cpp/plugins/CMakeLists.txt:128 (message):
2026-09-07T17:56:27.7249967Z   Live2D Cubism SDK not found (cubism/Framework + Core/lib) — Live2D plugin
2026-09-07T17:56:27.7250659Z   disabled
2026-09-07T17:56:27.7250855Z 
2026-09-07T17:56:27.7250861Z 
2026-09-07T17:56:27.8202981Z -- Found LibLZMA: optimized;/home/runner/work/PocketKrKr/PocketKrKr/out/linux/debug/vcpkg_installed/x64-linux/lib/liblzma.a;debug;/home/runner/work/PocketKrKr/PocketKrKr/out/linux/debug/vcpkg_installed/x64-linux/debug/lib/liblzma.a (found version "5.8.1")
2026-09-07T17:56:27.8475212Z -- Configuring done (20.2s)
2026-09-07T17:56:28.0423457Z -- Generating done (0.2s)
2026-09-07T17:56:28.0432413Z -- Build files have been written to: /home/runner/work/PocketKrKr/PocketKrKr/out/linux/debug
2026-09-07T17:56:28.1040963Z [1/741] Building C object cpp/external/libbpg/CMakeFiles/libbpg.dir/libbpg.c.o
2026-09-07T17:56:28.1074715Z In file included from /home/runner/work/PocketKrKr/PocketKrKr/out/linux/debug/vcpkg_installed/x64-linux/include/libavutil/common.h:464,
2026-09-07T17:56:28.1078513Z                  from /home/runner/work/PocketKrKr/PocketKrKr/out/linux/debug/vcpkg_installed/x64-linux/include/libavutil/avutil.h:296,
2026-09-07T17:56:28.1080366Z                  from /home/runner/work/PocketKrKr/PocketKrKr/out/linux/debug/vcpkg_installed/x64-linux/include/libavutil/opt.h:31,
2026-09-07T17:56:28.1083015Z                  from /home/runner/work/PocketKrKr/PocketKrKr/cpp/external/libbpg/libbpg.c:29:
2026-09-07T17:56:28.1085854Z /home/runner/work/PocketKrKr/PocketKrKr/out/linux/debug/vcpkg_installed/x64-linux/include/libavutil/mem.h:341:1: warning: ‘alloc_size’ attribute ignored on a function returning ‘int’ [-Wattributes]
2026-09-07T17:56:28.1101976Z   341 | av_alloc_size(2, 3) int av_reallocp_array(void *ptr, size_t nmemb, size_t size);
2026-09-07T17:56:28.1102936Z       | ^~~~~~~~~~~~~
2026-09-07T17:56:28.1104151Z /home/runner/work/PocketKrKr/PocketKrKr/cpp/external/libbpg/libbpg.c: In function ‘hevc_write_frame’:
2026-09-07T17:56:28.1107635Z /home/runner/work/PocketKrKr/PocketKrKr/cpp/external/libbpg/libbpg.c:401:5: warning: ‘avcodec_decode_video2’ is deprecated [-Wdeprecated-declarations]
2026-09-07T17:56:28.1109298Z   401 |     len = avcodec_decode_video2(avctx, frame, &got_frame, &avpkt);
2026-09-07T17:56:28.1112140Z       |     ^~~
2026-09-07T17:56:28.1113092Z In file included from /home/runner/work/PocketKrKr/PocketKrKr/cpp/external/libbpg/libbpg.c:30:
2026-09-07T17:56:28.1115047Z /home/runner/work/PocketKrKr/PocketKrKr/out/linux/debug/vcpkg_installed/x64-linux/include/libavcodec/avcodec.h:4901:5: note: declared here
2026-09-07T17:56:28.1118847Z  4901 | int avcodec_decode_video2(AVCodecContext *avctx, AVFrame *picture,
2026-09-07T17:56:28.1119732Z       |     ^~~~~~~~~~~~~~~~~~~~~
2026-09-07T17:56:28.1287301Z [2/741] Generate Bison File From /home/runner/work/PocketKrKr/PocketKrKr/cpp/core/tjs2/bison/tjsdate.y
2026-09-07T17:56:28.1522361Z [3/741] Generate Bison File From /home/runner/work/PocketKrKr/PocketKrKr/cpp/core/tjs2/bison/tjspp.y
2026-09-07T17:56:28.3029238Z [4/741] Generate Bison File From /home/runner/work/PocketKrKr/PocketKrKr/cpp/core/tjs2/bison/tjs.y
2026-09-07T17:56:28.4083386Z [5/741] Building CXX object cpp/core/tjs2/CMakeFiles/tjs2.dir/gen/tjsdate.tab.cpp.o
2026-09-07T17:56:28.5469337Z [6/741] Building CXX object cpp/core/tjs2/CMakeFiles/tjs2.dir/gen/tjspp.tab.cpp.o
2026-09-07T17:56:28.5624691Z [7/741] Building CXX object cpp/core/tjs2/CMakeFiles/tjs2.dir/tjsNative.cpp.o
2026-09-07T17:56:28.5631236Z [8/741] Building CXX object cpp/core/tjs2/CMakeFiles/tjs2.dir/gen/tjs.tab.cpp.o
2026-09-07T17:56:28.5759610Z [9/741] Building CXX object cpp/core/tjs2/CMakeFiles/tjs2.dir/tjsRandomGenerator.cpp.o
2026-09-07T17:56:28.5904426Z [10/741] Building CXX object cpp/core/tjs2/CMakeFiles/tjs2.dir/tjsRegExp.cpp.o
2026-09-07T17:56:28.6087081Z [11/741] Building CXX object cpp/core/tjs2/CMakeFiles/tjs2.dir/tjsBinarySerializer.cpp.o
2026-09-07T17:56:28.6099948Z [12/741] Building CXX object cpp/core/tjs2/CMakeFiles/tjs2.dir/tjsLex.cpp.o
2026-09-07T17:56:28.6251629Z [13/741] Building CXX object cpp/core/tjs2/CMakeFiles/tjs2.dir/tjsObject.cpp.o
2026-09-07T17:56:28.7443258Z [14/741] Building CXX object cpp/core/tjs2/CMakeFiles/tjs2.dir/tjsDebug.cpp.o
2026-09-07T17:56:28.7654183Z [15/741] Building CXX object cpp/core/tjs2/CMakeFiles/tjs2.dir/tjsUtils.cpp.o
2026-09-07T17:56:28.7756179Z [16/741] Linking C static library cpp/external/libbpg/liblibbpg.a
2026-09-07T17:56:28.7804415Z [17/741] Building CXX object cpp/core/tjs2/CMakeFiles/tjs2.dir/tjsException.cpp.o
2026-09-07T17:56:28.7912699Z [18/741] Building CXX object cpp/core/tjs2/CMakeFiles/tjs2.dir/tjsDictionary.cpp.o
2026-09-07T17:56:28.8114040Z [19/741] Building CXX object cpp/core/tjs2/CMakeFiles/tjs2.dir/tjsVariantString.cpp.o
2026-09-07T17:56:28.8616461Z [20/741] Building CXX object cpp/core/tjs2/CMakeFiles/tjs2.dir/tjsConstArrayData.cpp.o
2026-09-07T17:56:28.8676221Z [21/741] Building CXX object cpp/core/tjs2/CMakeFiles/tjs2.dir/tjsInterCodeGen.cpp.o
2026-09-07T17:56:28.8766093Z [22/741] Building CXX object cpp/core/tjs2/CMakeFiles/tjs2.dir/tjsMath.cpp.o
2026-09-07T17:56:28.8916150Z [23/741] Building CXX object cpp/core/tjs2/CMakeFiles/tjs2.dir/tjsMessage.cpp.o
2026-09-07T17:56:29.0441798Z [24/741] Building CXX object cpp/core/tjs2/CMakeFiles/tjs2.dir/tjsScriptBlock.cpp.o
2026-09-07T17:56:29.0450856Z [25/741] Building CXX object cpp/core/tjs2/CMakeFiles/tjs2.dir/tjsInterCodeExec.cpp.o
2026-09-07T17:56:29.1266562Z [26/741] Building CXX object cpp/core/tjs2/CMakeFiles/tjs2.dir/tjsDisassemble.cpp.o
2026-09-07T17:56:29.1406241Z [27/741] Building CXX object cpp/core/tjs2/CMakeFiles/tjs2.dir/tjsInterface.cpp.o
2026-09-07T17:56:29.1536124Z [28/741] Building CXX object cpp/core/tjs2/CMakeFiles/tjs2.dir/tjsMT19937ar-cok.cpp.o
2026-09-07T17:56:29.1716236Z [29/741] Building CXX object cpp/core/tjs2/CMakeFiles/tjs2.dir/tjsArray.cpp.o
2026-09-07T17:56:29.2606792Z [30/741] Building CXX object cpp/core/tjs2/CMakeFiles/tjs2.dir/tjsDate.cpp.o
2026-09-07T17:56:29.2863136Z [31/741] Building CXX object cpp/core/tjs2/CMakeFiles/tjs2.dir/tjsError.cpp.o
2026-09-07T17:56:29.3040594Z [32/741] Building CXX object cpp/core/tjs2/CMakeFiles/tjs2.dir/tjsGlobalStringMap.cpp.o
2026-09-07T17:56:29.3246518Z [33/741] Building CXX object cpp/core/tjs2/CMakeFiles/tjs2.dir/tjsOctPack.cpp.o
2026-09-07T17:56:29.3426247Z [34/741] Building CXX object cpp/core/tjs2/CMakeFiles/tjs2.dir/tjsNamespace.cpp.o
2026-09-07T17:56:29.4116646Z [35/741] Building CXX object cpp/core/tjs2/CMakeFiles/tjs2.dir/tjsByteCodeLoader.cpp.o
2026-09-07T17:56:29.4296979Z [36/741] Building CXX object cpp/core/tjs2/CMakeFiles/tjs2.dir/tjsConfig.cpp.o
2026-09-07T17:56:29.4326145Z /home/runner/work/PocketKrKr/PocketKrKr/cpp/core/tjs2/tjsConfig.cpp:26: warning: "INTMAX_MAX" redefined
2026-09-07T17:56:29.4346410Z    26 | #define INTMAX_MAX 0x7fffffffffffffff
2026-09-07T17:56:29.4348666Z       | 
2026-09-07T17:56:29.4349507Z In file included from /usr/lib/gcc/x86_64-linux-gnu/11/include/stdint.h:9,
2026-09-07T17:56:29.4350709Z                  from /usr/include/c++/11/bits/align.h:36,
2026-09-07T17:56:29.4351597Z                  from /usr/include/c++/11/memory:72,
2026-09-07T17:56:29.4352621Z                  from /home/runner/work/PocketKrKr/PocketKrKr/cpp/core/tjs2/tjsCommHead.h:44,
2026-09-07T17:56:29.4353930Z                  from /home/runner/work/PocketKrKr/PocketKrKr/cpp/core/tjs2/tjsConfig.cpp:12:
2026-09-07T17:56:29.4355152Z /usr/include/stdint.h:199: note: this is the location of the previous definition
2026-09-07T17:56:29.4356562Z   199 | # define INTMAX_MAX             (__INT64_C(9223372036854775807))
2026-09-07T17:56:29.4357389Z       | 
2026-09-07T17:56:29.4966872Z [37/741] Building CXX object cpp/core/tjs2/CMakeFiles/tjs2.dir/tjsDateParser.cpp.o
2026-09-07T17:56:29.5144805Z [38/741] Building CXX object cpp/core/tjs2/CMakeFiles/tjs2.dir/tjsObjectExtendable.cpp.o
2026-09-07T17:56:29.5359471Z [39/741] Building CXX object cpp/core/tjs2/CMakeFiles/tjs2.dir/tjsVariant.cpp.o
2026-09-07T17:56:29.5512470Z [40/741] Building CXX object cpp/core/tjs2/CMakeFiles/tjs2.dir/tjsString.cpp.o
2026-09-07T17:56:29.5707618Z [41/741] Building CXX object cpp/core/extension/CMakeFiles/core_extension_module.dir/Extension.cpp.o
2026-09-07T17:56:29.5793724Z [42/741] Building CXX object cpp/core/tjs2/CMakeFiles/tjs2.dir/tjsScriptCache.cpp.o
2026-09-07T17:56:29.5958915Z [43/741] Building CXX object cpp/core/visual/simd/CMakeFiles/tvpgl_simd.dir/tvpgl_simd_copy.cpp.o
2026-09-07T17:56:29.6078364Z [44/741] Building CXX object cpp/core/visual/simd/CMakeFiles/tvpgl_simd.dir/tvpgl_simd_alpha_blend.cpp.o
2026-09-07T17:56:29.6789347Z [45/741] Building CXX object cpp/core/visual/simd/CMakeFiles/tvpgl_simd.dir/tvpgl_simd_init.cpp.o
2026-09-07T17:56:29.6826301Z [46/741] Building CXX object cpp/core/tjs2/CMakeFiles/tjs2.dir/tjsCompileControl.cpp.o
2026-09-07T17:56:29.6908460Z [47/741] Building CXX object cpp/core/visual/simd/CMakeFiles/tvpgl_simd.dir/tvpgl_simd_const_blend.cpp.o
2026-09-07T17:56:29.6934410Z [48/741] Building CXX object cpp/core/visual/simd/CMakeFiles/tvpgl_simd.dir/tvpgl_simd_premul_blend.cpp.o
2026-09-07T17:56:30.9846618Z [49/741] Building CXX object cpp/core/tjs2/CMakeFiles/tjs2.dir/tjs.cpp.o
2026-09-07T17:56:31.2846937Z [50/741] Building CXX object cpp/core/visual/simd/CMakeFiles/tvpgl_simd.dir/tvpgl_simd_arithmetic_blend.cpp.o
2026-09-07T17:56:31.2936616Z [51/741] Building CXX object cpp/core/visual/simd/CMakeFiles/tvpgl_simd.dir/tvpgl_simd_convert.cpp.o
2026-09-07T17:56:31.3056416Z [52/741] Building CXX object cpp/core/visual/simd/CMakeFiles/tvpgl_simd.dir/tvpgl_simd_misc.cpp.o
2026-09-07T17:56:31.3146316Z [53/741] Building CXX object cpp/core/visual/simd/CMakeFiles/tvpgl_simd.dir/tvpgl_simd_blur.cpp.o
2026-09-07T17:56:31.3296350Z [54/741] Building CXX object cpp/core/utils/CMakeFiles/core_utils_module.dir/ClipboardIntf.cpp.o
2026-09-07T17:56:31.3476406Z [55/741] Building CXX object cpp/core/utils/CMakeFiles/core_utils_module.dir/DebugIntf.cpp.o
2026-09-07T17:56:31.3526215Z [56/741] Building CXX object cpp/core/utils/CMakeFiles/core_utils_module.dir/MathAlgorithms_Default.cpp.o
2026-09-07T17:56:31.3586101Z [57/741] Building C object cpp/core/utils/CMakeFiles/core_utils_module.dir/md5.c.o
2026-09-07T17:56:31.3749898Z [58/741] Building CXX object cpp/core/utils/CMakeFiles/core_utils_module.dir/MiscUtility.cpp.o
2026-09-07T17:56:31.3922308Z [59/741] Building CXX object cpp/core/utils/CMakeFiles/core_utils_module.dir/PadIntf.cpp.o
2026-09-07T17:56:31.4096157Z [60/741] Building CXX object cpp/core/utils/CMakeFiles/core_utils_module.dir/Random.cpp.o
2026-09-07T17:56:31.4178906Z [61/741] Building CXX object cpp/core/utils/CMakeFiles/core_utils_module.dir/RealFFT_Default.cpp.o
2026-09-07T17:56:31.4339422Z [62/741] Building CXX object cpp/core/utils/CMakeFiles/core_utils_module.dir/ThreadIntf.cpp.o
2026-09-07T17:56:31.4495392Z [63/741] Building CXX object cpp/core/utils/CMakeFiles/core_utils_module.dir/TickCount.cpp.o
2026-09-07T17:56:31.4656436Z [64/741] Building CXX object cpp/core/utils/CMakeFiles/core_utils_module.dir/TimerIntf.cpp.o
2026-09-07T17:56:31.4806417Z [65/741] Building CXX object cpp/core/utils/CMakeFiles/core_utils_module.dir/VelocityTracker.cpp.o
2026-09-07T17:56:31.4872610Z [66/741] Building C object cpp/core/utils/CMakeFiles/core_utils_module.dir/encoding/gbk2unicode.c.o
2026-09-07T17:56:31.4928563Z [67/741] Building C object cpp/core/utils/CMakeFiles/core_utils_module.dir/encoding/jis2unicode.c.o
2026-09-07T17:56:31.5095559Z [68/741] Building CXX object cpp/core/utils/CMakeFiles/core_utils_module.dir/win32/ClipboardImpl.cpp.o
2026-09-07T17:56:31.5254214Z [69/741] Linking CXX static library cpp/core/tjs2/libtjs2.a
2026-09-07T17:56:31.5267161Z [70/741] Building CXX object cpp/core/utils/CMakeFiles/core_utils_module.dir/win32/DebugImpl.cpp.o
2026-09-07T17:56:31.5446435Z [71/741] Building CXX object cpp/core/utils/CMakeFiles/core_utils_module.dir/win32/PadImpl.cpp.o
2026-09-07T17:56:31.5606493Z [72/741] Building CXX object cpp/core/utils/CMakeFiles/core_utils_module.dir/win32/ThreadImpl.cpp.o
2026-09-07T17:56:31.5786640Z [73/741] Building CXX object cpp/core/utils/CMakeFiles/core_utils_module.dir/win32/TimerImpl.cpp.o
2026-09-07T17:56:31.5936467Z [74/741] Building CXX object cpp/core/utils/CMakeFiles/core_utils_module.dir/win32/TVPTimer.cpp.o
2026-09-07T17:56:31.6151587Z [75/741] Building CXX object cpp/core/visual/CMakeFiles/core_visual_module.dir/LoadWEBP.cpp.o
2026-09-07T17:56:31.6747719Z [76/741] Linking CXX static library cpp/core/extension/libcore_extension_module.a
2026-09-07T17:56:31.8936840Z [77/741] Building CXX object cpp/core/visual/simd/CMakeFiles/tvpgl_simd.dir/tvpgl_simd_ps_blend2.cpp.o
2026-09-07T17:56:32.1146657Z [78/741] Building CXX object cpp/core/visual/simd/CMakeFiles/tvpgl_simd.dir/tvpgl_simd_ps_blend.cpp.o
2026-09-07T17:56:32.2768112Z [79/741] Linking CXX static library cpp/core/visual/simd/libtvpgl_simd.a
2026-09-07T17:56:32.2976763Z [80/741] Building CXX object cpp/core/visual/CMakeFiles/core_visual_module.dir/FontSystem.cpp.o
2026-09-07T17:56:33.7061759Z [81/741] Building CXX object cpp/core/visual/CMakeFiles/core_visual_module.dir/SaveTLG5.cpp.o
2026-09-07T17:56:33.7125587Z [82/741] Building CXX object cpp/core/visual/CMakeFiles/core_visual_module.dir/MenuItemIntf.cpp.o
2026-09-07T17:56:33.7227786Z [83/741] Building CXX object cpp/core/visual/CMakeFiles/core_visual_module.dir/RectItf.cpp.o
2026-09-07T17:56:33.9022721Z [84/741] Building CXX object cpp/core/visual/CMakeFiles/core_visual_module.dir/TransIntf.cpp.o
2026-09-07T17:56:34.4296635Z [85/741] Building CXX object cpp/core/visual/CMakeFiles/core_visual_module.dir/LoadPVRv3.cpp.o
2026-09-07T17:56:35.7816764Z [86/741] Building CXX object cpp/core/visual/CMakeFiles/core_visual_module.dir/VideoOvlIntf.cpp.o
2026-09-07T17:56:35.7989114Z [87/741] Building CXX object cpp/core/visual/CMakeFiles/core_visual_module.dir/LayerBitmapIntf.cpp.o
2026-09-07T17:56:36.3596694Z [88/741] Building CXX object cpp/core/visual/CMakeFiles/core_visual_module.dir/FontImpl.cpp.o
2026-09-07T17:56:37.6642386Z [89/741] Building CXX object cpp/core/visual/CMakeFiles/core_visual_module.dir/LoadJPEG.cpp.o
2026-09-07T17:56:38.4066546Z [90/741] Building CXX object cpp/core/visual/CMakeFiles/core_visual_module.dir/SaveTLG6.cpp.o
2026-09-07T17:56:38.6486629Z [91/741] Building CXX object cpp/core/visual/CMakeFiles/core_visual_module.dir/GraphicsLoaderIntf.cpp.o
2026-09-07T17:56:39.7136806Z [92/741] Building CXX object cpp/core/visual/CMakeFiles/core_visual_module.dir/FreeType.cpp.o
2026-09-07T17:56:39.7226264Z [93/741] Building CXX object cpp/core/visual/CMakeFiles/core_visual_module.dir/tvpgl.cpp.o
2026-09-07T17:56:39.7406638Z [94/741] Building CXX object cpp/core/visual/CMakeFiles/core_visual_module.dir/LoadTLG.cpp.o
2026-09-07T17:56:40.3086420Z [95/741] Building CXX object cpp/core/visual/CMakeFiles/core_visual_module.dir/LoadJXR.cpp.o
2026-09-07T17:56:40.5410956Z [96/741] Building CXX object cpp/core/visual/CMakeFiles/core_visual_module.dir/ImageFunction.cpp.o
2026-09-07T17:56:41.8282078Z [97/741] Building CXX object cpp/core/visual/CMakeFiles/core_visual_module.dir/LayerTreeOwnerImpl.cpp.o
2026-09-07T17:56:41.8476557Z [98/741] Building CXX object cpp/core/visual/CMakeFiles/core_visual_module.dir/PrerenderedFont.cpp.o
2026-09-07T17:56:41.8626519Z [99/741] Building CXX object cpp/core/visual/CMakeFiles/core_visual_module.dir/LoadBPG.cpp.o
2026-09-07T17:56:42.7356726Z [100/741] Building CXX object cpp/core/visual/CMakeFiles/core_visual_module.dir/RenderManager.cpp.o
2026-09-07T17:56:42.7372032Z /home/runner/work/PocketKrKr/PocketKrKr/cpp/core/visual/RenderManager.cpp: In member function ‘virtual tjs_uint tTVPSoftwareTexture2D_lz4::DecompressLineData(tjs_uint, tjs_uint8*)’:
2026-09-07T17:56:42.7375823Z /home/runner/work/PocketKrKr/PocketKrKr/cpp/core/visual/RenderManager.cpp:700:32: warning: ‘int LZ4_decompress_fast(const char*, char*, int)’ is deprecated: This function is deprecated and unsafe. Consider using LZ4_decompress_safe_partial() instead [-Wdeprecated-declarations]
2026-09-07T17:56:42.7378363Z   700 |         n = LZ4_decompress_fast(blk.Data, (char *)buf, blk.Height * Pitch);
2026-09-07T17:56:42.7379339Z       |             ~~~~~~~~~~~~~~~~~~~^~~~~~~~~~~~~~~~~~~~~~~~~~~~~~~~~~~~~~~~~~~
2026-09-07T17:56:42.7380502Z In file included from /home/runner/work/PocketKrKr/PocketKrKr/cpp/core/visual/RenderManager.cpp:72:
2026-09-07T17:56:42.7382121Z /home/runner/work/PocketKrKr/PocketKrKr/out/linux/debug/vcpkg_installed/x64-linux/include/lz4.h:863:16: note: declared here
2026-09-07T17:56:42.7383615Z   863 | LZ4LIB_API int LZ4_decompress_fast (const char* src, char* dst, int originalSize);
2026-09-07T17:56:42.7384625Z       |                ^~~~~~~~~~~~~~~~~~~
2026-09-07T17:56:42.7387033Z /home/runner/work/PocketKrKr/PocketKrKr/cpp/core/visual/RenderManager.cpp: In member function ‘virtual tjs_uint tTVPSoftwareTexture2D_lz4_tlg5::DecompressLineData(tjs_uint, tjs_uint8*)’:
2026-09-07T17:56:42.7428167Z /home/runner/work/PocketKrKr/PocketKrKr/cpp/core/visual/RenderManager.cpp:825:32: warning: ‘int LZ4_decompress_fast(const char*, char*, int)’ is deprecated: This function is deprecated and unsafe. Consider using LZ4_decompress_safe_partial() instead [-Wdeprecated-declarations]
2026-09-07T17:56:42.7486156Z   825 |         n = LZ4_decompress_fast(blk.Data, (char *)tranbuf, blkSize);
2026-09-07T17:56:42.7487417Z       |             ~~~~~~~~~~~~~~~~~~~^~~~~~~~~~~~~~~~~~~~~~~~~~~~~~~~~~~~
2026-09-07T17:56:42.7516324Z In file included from /home/runner/work/PocketKrKr/PocketKrKr/cpp/core/visual/RenderManager.cpp:72:
2026-09-07T17:56:42.7546225Z /home/runner/work/PocketKrKr/PocketKrKr/out/linux/debug/vcpkg_installed/x64-linux/include/lz4.h:863:16: note: declared here
2026-09-07T17:56:42.7547621Z   863 | LZ4LIB_API int LZ4_decompress_fast (const char* src, char* dst, int originalSize);
2026-09-07T17:56:42.7575910Z       |                ^~~~~~~~~~~~~~~~~~~
2026-09-07T17:56:42.8290551Z [101/741] Building CXX object cpp/core/visual/CMakeFiles/core_visual_module.dir/LayerManager.cpp.o
2026-09-07T17:56:42.8401913Z [102/741] Building CXX object cpp/core/visual/CMakeFiles/core_visual_module.dir/GraphicsLoadThread.cpp.o
2026-09-07T17:56:44.5316657Z [103/741] Building CXX object cpp/core/visual/CMakeFiles/core_visual_module.dir/FreeTypeFontRasterizer.cpp.o
2026-09-07T17:56:44.5476593Z [104/741] Building CXX object cpp/core/visual/CMakeFiles/core_visual_module.dir/ComplexRect.cpp.o
2026-09-07T17:56:44.5626556Z [105/741] Building CXX object cpp/core/visual/CMakeFiles/core_visual_module.dir/CharacterData.cpp.o
2026-09-07T17:56:44.6246472Z [106/741] Building CXX object cpp/core/visual/CMakeFiles/core_visual_module.dir/WindowIntf.cpp.o
2026-09-07T17:56:44.7157102Z [107/741] Building CXX object cpp/core/visual/CMakeFiles/core_visual_module.dir/LoadPNG.cpp.o
2026-09-07T17:56:44.7256363Z [108/741] Building CXX object cpp/core/visual/CMakeFiles/core_visual_module.dir/argb.cpp.o
2026-09-07T17:56:44.7467192Z [109/741] Building CXX object cpp/core/visual/CMakeFiles/core_visual_module.dir/LoadAMV.cpp.o
2026-09-07T17:56:44.7569615Z [110/741] Building CXX object cpp/core/visual/CMakeFiles/core_visual_module.dir/gl/blend_function.cpp.o
2026-09-07T17:56:46.4796949Z [111/741] Building CXX object cpp/core/visual/CMakeFiles/core_visual_module.dir/BitmapLayerTreeOwner.cpp.o
2026-09-07T17:56:46.4976797Z [112/741] Building CXX object cpp/core/visual/CMakeFiles/core_visual_module.dir/gl/WeightFunctor.cpp.o
2026-09-07T17:56:46.5066433Z [113/741] Building CXX object cpp/core/visual/CMakeFiles/core_visual_module.dir/ogl/astcrt.cpp.o
2026-09-07T17:56:46.5302296Z [114/741] Building CXX object cpp/core/visual/CMakeFiles/core_visual_module.dir/ogl/etcpak.cpp.o
2026-09-07T17:56:46.5411103Z [115/741] Building CXX object cpp/core/visual/CMakeFiles/core_visual_module.dir/ogl/imagepacker.cpp.o
2026-09-07T17:56:46.5424051Z In file included from /home/runner/work/PocketKrKr/PocketKrKr/cpp/core/visual/ogl/imagepacker.cpp:1:
2026-09-07T17:56:46.5427180Z /home/runner/work/PocketKrKr/PocketKrKr/cpp/core/visual/ogl/imagepacker.h:69:27: warning: ‘nodiscard’ attribute can only be applied to functions or to class or enumeration types [-Wattributes]
2026-09-07T17:56:46.5429083Z    69 |         [[nodiscard]] int w, h, area(), perimeter(),
2026-09-07T17:56:46.5432698Z       |                           ^
2026-09-07T17:56:46.5434615Z /home/runner/work/PocketKrKr/PocketKrKr/cpp/core/visual/ogl/imagepacker.h:69:30: warning: ‘nodiscard’ attribute can only be applied to functions or to class or enumeration types [-Wattributes]
2026-09-07T17:56:46.5447453Z    69 |         [[nodiscard]] int w, h, area(), perimeter(),
2026-09-07T17:56:46.5448245Z       |                              ^
2026-09-07T17:56:46.5450252Z /home/runner/work/PocketKrKr/PocketKrKr/cpp/core/visual/ogl/imagepacker.h:80:69: warning: ‘nodiscard’ attribute can only be applied to functions or to class or enumeration types [-Wattributes]
2026-09-07T17:56:46.5452154Z    80 |         [[nodiscard]] [[nodiscard]] [[nodiscard]] [[nodiscard]] int l, t, r, b,
2026-09-07T17:56:46.5453059Z       |                                                                     ^
2026-09-07T17:56:46.5455059Z /home/runner/work/PocketKrKr/PocketKrKr/cpp/core/visual/ogl/imagepacker.h:80:69: warning: ‘nodiscard’ attribute can only be applied to functions or to class or enumeration types [-Wattributes]
2026-09-07T17:56:46.5458304Z /home/runner/work/PocketKrKr/PocketKrKr/cpp/core/visual/ogl/imagepacker.h:80:69: warning: ‘nodiscard’ attribute can only be applied to functions or to class or enumeration types [-Wattributes]
2026-09-07T17:56:46.5461290Z /home/runner/work/PocketKrKr/PocketKrKr/cpp/core/visual/ogl/imagepacker.h:80:69: warning: ‘nodiscard’ attribute can only be applied to functions or to class or enumeration types [-Wattributes]
2026-09-07T17:56:46.5464323Z /home/runner/work/PocketKrKr/PocketKrKr/cpp/core/visual/ogl/imagepacker.h:80:72: warning: ‘nodiscard’ attribute can only be applied to functions or to class or enumeration types [-Wattributes]
2026-09-07T17:56:46.5467662Z    80 |         [[nodiscard]] [[nodiscard]] [[nodiscard]] [[nodiscard]] int l, t, r, b,
2026-09-07T17:56:46.5468649Z       |                                                                        ^
2026-09-07T17:56:46.5470702Z /home/runner/work/PocketKrKr/PocketKrKr/cpp/core/visual/ogl/imagepacker.h:80:72: warning: ‘nodiscard’ attribute can only be applied to functions or to class or enumeration types [-Wattributes]
2026-09-07T17:56:46.5473707Z /home/runner/work/PocketKrKr/PocketKrKr/cpp/core/visual/ogl/imagepacker.h:80:72: warning: ‘nodiscard’ attribute can only be applied to functions or to class or enumeration types [-Wattributes]
2026-09-07T17:56:46.5477263Z /home/runner/work/PocketKrKr/PocketKrKr/cpp/core/visual/ogl/imagepacker.h:80:72: warning: ‘nodiscard’ attribute can only be applied to functions or to class or enumeration types [-Wattributes]
2026-09-07T17:56:46.5480259Z /home/runner/work/PocketKrKr/PocketKrKr/cpp/core/visual/ogl/imagepacker.h:80:75: warning: ‘nodiscard’ attribute can only be applied to functions or to class or enumeration types [-Wattributes]
2026-09-07T17:56:46.5482478Z    80 |         [[nodiscard]] [[nodiscard]] [[nodiscard]] [[nodiscard]] int l, t, r, b,
2026-09-07T17:56:46.5483437Z       |                                                                           ^
2026-09-07T17:56:46.5485686Z /home/runner/work/PocketKrKr/PocketKrKr/cpp/core/visual/ogl/imagepacker.h:80:75: warning: ‘nodiscard’ attribute can only be applied to functions or to class or enumeration types [-Wattributes]
2026-09-07T17:56:46.5488691Z /home/runner/work/PocketKrKr/PocketKrKr/cpp/core/visual/ogl/imagepacker.h:80:75: warning: ‘nodiscard’ attribute can only be applied to functions or to class or enumeration types [-Wattributes]
2026-09-07T17:56:46.5491660Z /home/runner/work/PocketKrKr/PocketKrKr/cpp/core/visual/ogl/imagepacker.h:80:75: warning: ‘nodiscard’ attribute can only be applied to functions or to class or enumeration types [-Wattributes]
2026-09-07T17:56:46.5494804Z /home/runner/work/PocketKrKr/PocketKrKr/cpp/core/visual/ogl/imagepacker.h:80:78: warning: ‘nodiscard’ attribute can only be applied to functions or to class or enumeration types [-Wattributes]
2026-09-07T17:56:46.5496987Z    80 |         [[nodiscard]] [[nodiscard]] [[nodiscard]] [[nodiscard]] int l, t, r, b,
2026-09-07T17:56:46.5497928Z       |                                                                              ^
2026-09-07T17:56:46.5500063Z /home/runner/work/PocketKrKr/PocketKrKr/cpp/core/visual/ogl/imagepacker.h:80:78: warning: ‘nodiscard’ attribute can only be applied to functions or to class or enumeration types [-Wattributes]
2026-09-07T17:56:46.5503041Z /home/runner/work/PocketKrKr/PocketKrKr/cpp/core/visual/ogl/imagepacker.h:80:78: warning: ‘nodiscard’ attribute can only be applied to functions or to class or enumeration types [-Wattributes]
2026-09-07T17:56:46.5506389Z /home/runner/work/PocketKrKr/PocketKrKr/cpp/core/visual/ogl/imagepacker.h:80:78: warning: ‘nodiscard’ attribute can only be applied to functions or to class or enumeration types [-Wattributes]
2026-09-07T17:56:46.5509676Z /home/runner/work/PocketKrKr/PocketKrKr/cpp/core/visual/ogl/imagepacker.h:91:41: warning: ‘nodiscard’ attribute can only be applied to functions or to class or enumeration types [-Wattributes]
2026-09-07T17:56:46.5511794Z    91 |         [[nodiscard]] [[nodiscard]] int x, y, r() const, b() const;
2026-09-07T17:56:46.5512709Z       |                                         ^
2026-09-07T17:56:46.5514721Z /home/runner/work/PocketKrKr/PocketKrKr/cpp/core/visual/ogl/imagepacker.h:91:41: warning: ‘nodiscard’ attribute can only be applied to functions or to class or enumeration types [-Wattributes]
2026-09-07T17:56:46.5518089Z /home/runner/work/PocketKrKr/PocketKrKr/cpp/core/visual/ogl/imagepacker.h:91:44: warning: ‘nodiscard’ attribute can only be applied to functions or to class or enumeration types [-Wattributes]
2026-09-07T17:56:46.5520012Z    91 |         [[nodiscard]] [[nodiscard]] int x, y, r() const, b() const;
2026-09-07T17:56:46.5520955Z       |                                            ^
2026-09-07T17:56:46.5523017Z /home/runner/work/PocketKrKr/PocketKrKr/cpp/core/visual/ogl/imagepacker.h:91:44: warning: ‘nodiscard’ attribute can only be applied to functions or to class or enumeration types [-Wattributes]
2026-09-07T17:56:46.5584189Z [116/741] Building CXX object cpp/core/visual/CMakeFiles/core_visual_module.dir/ogl/pvrtc.cpp.o
2026-09-07T17:56:46.5672217Z [117/741] Building CXX object cpp/core/visual/CMakeFiles/core_visual_module.dir/ogl/PVRTDecompress.cpp.o
2026-09-07T17:56:46.6044587Z [118/741] Building CXX object cpp/core/visual/CMakeFiles/core_visual_module.dir/BitmapIntf.cpp.o
2026-09-07T17:56:46.6138208Z [119/741] Building CXX object cpp/core/visual/CMakeFiles/core_visual_module.dir/ogl/krkr_gl.cpp.o
2026-09-07T17:56:46.6277914Z [120/741] Building CXX object cpp/core/visual/CMakeFiles/core_visual_module.dir/ogl/krkr_egl_context.cpp.o
2026-09-07T17:56:47.1774136Z [121/741] Building CXX object cpp/core/visual/CMakeFiles/core_visual_module.dir/gl/ResampleImage.cpp.o
2026-09-07T17:56:47.1777930Z /home/runner/work/PocketKrKr/PocketKrKr/cpp/core/visual/gl/ResampleImage.cpp: In static member function ‘static int AxisParam<TWeight, NAlign>::toAlign(int&)’:
2026-09-07T17:56:47.1780268Z /home/runner/work/PocketKrKr/PocketKrKr/cpp/core/visual/gl/ResampleImage.cpp:237:5: warning: no return statement in function returning non-void [-Wreturn-type]
2026-09-07T17:56:47.1781728Z   237 |     }
2026-09-07T17:56:47.1782288Z       |     ^
2026-09-07T17:56:47.2104208Z [122/741] Building CXX object cpp/core/visual/CMakeFiles/core_visual_module.dir/LayerIntf.cpp.o
2026-09-07T17:56:47.2266645Z [123/741] Building CXX object cpp/core/visual/CMakeFiles/core_visual_module.dir/impl/BitmapInfomation.cpp.o
2026-09-07T17:56:48.8900176Z [124/741] Building CXX object cpp/core/visual/CMakeFiles/core_visual_module.dir/impl/BitmapBitsAlloc.cpp.o
2026-09-07T17:56:48.9836880Z [125/741] Building CXX object cpp/core/visual/CMakeFiles/core_visual_module.dir/impl/BasicDrawDevice.cpp.o
2026-09-07T17:56:49.1826861Z [126/741] Building CXX object cpp/core/visual/CMakeFiles/core_visual_module.dir/impl/DInputMgn.cpp.o
2026-09-07T17:56:50.7454942Z [127/741] Building CXX object cpp/core/visual/CMakeFiles/core_visual_module.dir/impl/GraphicsLoaderImpl.cpp.o
2026-09-07T17:56:50.8516627Z [128/741] Building CXX object cpp/core/visual/CMakeFiles/core_visual_module.dir/impl/DrawDevice.cpp.o
2026-09-07T17:56:51.5076985Z [129/741] Building CXX object cpp/core/visual/CMakeFiles/core_visual_module.dir/impl/LayerBitmapImpl.cpp.o
2026-09-07T17:56:52.2816785Z [130/741] Building CXX object cpp/core/visual/CMakeFiles/core_visual_module.dir/ogl/RenderManager_ogl.cpp.o
2026-09-07T17:56:52.2966622Z [131/741] Building CXX object cpp/core/visual/CMakeFiles/core_visual_module.dir/impl/TVPScreen.cpp.o
2026-09-07T17:56:52.5176643Z [132/741] Building CXX object cpp/core/visual/CMakeFiles/core_visual_module.dir/impl/LayerImpl.cpp.o
2026-09-07T17:56:53.0646995Z [133/741] Building CXX object cpp/core/visual/CMakeFiles/core_visual_module.dir/impl/MenuItemImpl.cpp.o
2026-09-07T17:56:53.3026455Z [134/741] Linking CXX static library cpp/core/utils/libcore_utils_module.a
2026-09-07T17:56:53.3236803Z [135/741] Building CXX object cpp/core/sound/CMakeFiles/core_sound_module.dir/CDDAIntf.cpp.o
2026-09-07T17:56:53.3416606Z [136/741] Building CXX object cpp/core/sound/CMakeFiles/core_sound_module.dir/FFWaveDecoder.cpp.o
2026-09-07T17:56:53.3446875Z /home/runner/work/PocketKrKr/PocketKrKr/cpp/core/sound/FFWaveDecoder.cpp: In member function ‘void FFWaveDecoder::Clear()’:
2026-09-07T17:56:53.3476925Z /home/runner/work/PocketKrKr/PocketKrKr/cpp/core/sound/FFWaveDecoder.cpp:54:54: warning: ‘AVStream::codec’ is deprecated [-Wdeprecated-declarations]
2026-09-07T17:56:53.3506010Z    54 |                 avcodec_close(FormatCtx->streams[i]->codec);
2026-09-07T17:56:53.3535830Z       |                                                      ^~~~~
2026-09-07T17:56:53.3556285Z In file included from /home/runner/work/PocketKrKr/PocketKrKr/cpp/core/sound/FFWaveDecoder.cpp:22:
2026-09-07T17:56:53.3577797Z /home/runner/work/PocketKrKr/PocketKrKr/out/linux/debug/vcpkg_installed/x64-linux/include/libavformat/avformat.h:893:21: note: declared here
2026-09-07T17:56:53.3625791Z   893 |     AVCodecContext *codec;
2026-09-07T17:56:53.3636453Z       |                     ^~~~~
2026-09-07T17:56:53.3667143Z /home/runner/work/PocketKrKr/PocketKrKr/cpp/core/sound/FFWaveDecoder.cpp:54:54: warning: ‘AVStream::codec’ is deprecated [-Wdeprecated-declarations]
2026-09-07T17:56:53.3668516Z    54 |                 avcodec_close(FormatCtx->streams[i]->codec);
2026-09-07T17:56:53.3669157Z       |                                                      ^~~~~
2026-09-07T17:56:53.3670426Z In file included from /home/runner/work/PocketKrKr/PocketKrKr/cpp/core/sound/FFWaveDecoder.cpp:22:
2026-09-07T17:56:53.3671997Z /home/runner/work/PocketKrKr/PocketKrKr/out/linux/debug/vcpkg_installed/x64-linux/include/libavformat/avformat.h:893:21: note: declared here
2026-09-07T17:56:53.3673151Z   893 |     AVCodecContext *codec;
2026-09-07T17:56:53.3673851Z       |                     ^~~~~
2026-09-07T17:56:53.3675511Z /home/runner/work/PocketKrKr/PocketKrKr/cpp/core/sound/FFWaveDecoder.cpp:54:54: warning: ‘AVStream::codec’ is deprecated [-Wdeprecated-declarations]
2026-09-07T17:56:53.3676874Z    54 |                 avcodec_close(FormatCtx->streams[i]->codec);
2026-09-07T17:56:53.3705807Z       |                                                      ^~~~~
2026-09-07T17:56:53.3726138Z In file included from /home/runner/work/PocketKrKr/PocketKrKr/cpp/core/sound/FFWaveDecoder.cpp:22:
2026-09-07T17:56:53.3746475Z /home/runner/work/PocketKrKr/PocketKrKr/out/linux/debug/vcpkg_installed/x64-linux/include/libavformat/avformat.h:893:21: note: declared here
2026-09-07T17:56:53.3766010Z   893 |     AVCodecContext *codec;
2026-09-07T17:56:53.3766462Z       |                     ^~~~~
2026-09-07T17:56:53.3767896Z /home/runner/work/PocketKrKr/PocketKrKr/cpp/core/sound/FFWaveDecoder.cpp: In member function ‘virtual bool FFWaveDecoder::SetPosition(tjs_uint64)’:
2026-09-07T17:56:53.3769847Z /home/runner/work/PocketKrKr/PocketKrKr/cpp/core/sound/FFWaveDecoder.cpp:212:27: warning: ‘void av_free_packet(AVPacket*)’ is deprecated [-Wdeprecated-declarations]
2026-09-07T17:56:53.3771006Z   212 |             av_free_packet(&Packet);
2026-09-07T17:56:53.3771446Z       |             ~~~~~~~~~~~~~~^~~~~~~~~
2026-09-07T17:56:53.3772198Z In file included from /home/runner/work/PocketKrKr/PocketKrKr/cpp/core/sound/FFWaveDecoder.cpp:21:
2026-09-07T17:56:53.3773520Z /home/runner/work/PocketKrKr/PocketKrKr/out/linux/debug/vcpkg_installed/x64-linux/include/libavcodec/avcodec.h:4558:6: note: declared here
2026-09-07T17:56:53.3774528Z  4558 | void av_free_packet(AVPacket *pkt);
2026-09-07T17:56:53.3774967Z       |      ^~~~~~~~~~~~~~
2026-09-07T17:56:53.3776484Z /home/runner/work/PocketKrKr/PocketKrKr/cpp/core/sound/FFWaveDecoder.cpp:231:27: warning: ‘void av_free_packet(AVPacket*)’ is deprecated [-Wdeprecated-declarations]
2026-09-07T17:56:53.3777681Z   231 |             av_free_packet(&Packet);
2026-09-07T17:56:53.3778128Z       |             ~~~~~~~~~~~~~~^~~~~~~~~
2026-09-07T17:56:53.3778853Z In file included from /home/runner/work/PocketKrKr/PocketKrKr/cpp/core/sound/FFWaveDecoder.cpp:21:
2026-09-07T17:56:53.3780192Z /home/runner/work/PocketKrKr/PocketKrKr/out/linux/debug/vcpkg_installed/x64-linux/include/libavcodec/avcodec.h:4558:6: note: declared here
2026-09-07T17:56:53.3781270Z  4558 | void av_free_packet(AVPacket *pkt);
2026-09-07T17:56:53.3781735Z       |      ^~~~~~~~~~~~~~
2026-09-07T17:56:53.3782985Z /home/runner/work/PocketKrKr/PocketKrKr/cpp/core/sound/FFWaveDecoder.cpp: In member function ‘bool FFWaveDecoder::SetStream(const ttstr&)’:
2026-09-07T17:56:53.3785024Z /home/runner/work/PocketKrKr/PocketKrKr/cpp/core/sound/FFWaveDecoder.cpp:298:53: warning: ‘AVStream::codec’ is deprecated [-Wdeprecated-declarations]
2026-09-07T17:56:53.3796704Z   298 |     AVCodecContext *avctx = ic->streams[StreamIdx]->codec;
2026-09-07T17:56:53.3797376Z       |                                                     ^~~~~
2026-09-07T17:56:53.3798274Z In file included from /home/runner/work/PocketKrKr/PocketKrKr/cpp/core/sound/FFWaveDecoder.cpp:22:
2026-09-07T17:56:53.3799694Z /home/runner/work/PocketKrKr/PocketKrKr/out/linux/debug/vcpkg_installed/x64-linux/include/libavformat/avformat.h:893:21: note: declared here
2026-09-07T17:56:53.3800784Z   893 |     AVCodecContext *codec;
2026-09-07T17:56:53.3801207Z       |                     ^~~~~
2026-09-07T17:56:53.3802724Z /home/runner/work/PocketKrKr/PocketKrKr/cpp/core/sound/FFWaveDecoder.cpp:298:53: warning: ‘AVStream::codec’ is deprecated [-Wdeprecated-declarations]
2026-09-07T17:56:53.3803941Z   298 |     AVCodecContext *avctx = ic->streams[StreamIdx]->codec;
2026-09-07T17:56:53.3804870Z       |                                                     ^~~~~
2026-09-07T17:56:53.3818812Z In file included from /home/runner/work/PocketKrKr/PocketKrKr/cpp/core/sound/FFWaveDecoder.cpp:22:
2026-09-07T17:56:53.3820226Z /home/runner/work/PocketKrKr/PocketKrKr/out/linux/debug/vcpkg_installed/x64-linux/include/libavformat/avformat.h:893:21: note: declared here
2026-09-07T17:56:53.3821652Z   893 |     AVCodecContext *codec;
2026-09-07T17:56:53.3822091Z       |                     ^~~~~
2026-09-07T17:56:53.3823569Z /home/runner/work/PocketKrKr/PocketKrKr/cpp/core/sound/FFWaveDecoder.cpp:298:53: warning: ‘AVStream::codec’ is deprecated [-Wdeprecated-declarations]
2026-09-07T17:56:53.3824864Z   298 |     AVCodecContext *avctx = ic->streams[StreamIdx]->codec;
2026-09-07T17:56:53.3825749Z       |                                                     ^~~~~
2026-09-07T17:56:53.3826619Z In file included from /home/runner/work/PocketKrKr/PocketKrKr/cpp/core/sound/FFWaveDecoder.cpp:22:
2026-09-07T17:56:53.3828074Z /home/runner/work/PocketKrKr/PocketKrKr/out/linux/debug/vcpkg_installed/x64-linux/include/libavformat/avformat.h:893:21: note: declared here
2026-09-07T17:56:53.3829166Z   893 |     AVCodecContext *codec;
2026-09-07T17:56:53.3829586Z       |                     ^~~~~
2026-09-07T17:56:53.3830877Z /home/runner/work/PocketKrKr/PocketKrKr/cpp/core/sound/FFWaveDecoder.cpp: In member function ‘int FFWaveDecoder::audio_decode_frame()’:
2026-09-07T17:56:53.3832822Z /home/runner/work/PocketKrKr/PocketKrKr/cpp/core/sound/FFWaveDecoder.cpp:367:37: warning: ‘AVStream::codec’ is deprecated [-Wdeprecated-declarations]
2026-09-07T17:56:53.3833995Z   367 |     AVCodecContext *dec = audio_st->codec;
2026-09-07T17:56:53.3834508Z       |                                     ^~~~~
2026-09-07T17:56:53.3845659Z In file included from /home/runner/work/PocketKrKr/PocketKrKr/cpp/core/sound/FFWaveDecoder.cpp:22:
2026-09-07T17:56:53.3847406Z /home/runner/work/PocketKrKr/PocketKrKr/out/linux/debug/vcpkg_installed/x64-linux/include/libavformat/avformat.h:893:21: note: declared here
2026-09-07T17:56:53.3848440Z   893 |     AVCodecContext *codec;
2026-09-07T17:56:53.3848825Z       |                     ^~~~~
2026-09-07T17:56:53.3850104Z /home/runner/work/PocketKrKr/PocketKrKr/cpp/core/sound/FFWaveDecoder.cpp:367:37: warning: ‘AVStream::codec’ is deprecated [-Wdeprecated-declarations]
2026-09-07T17:56:53.3851171Z   367 |     AVCodecContext *dec = audio_st->codec;
2026-09-07T17:56:53.3851628Z       |                                     ^~~~~
2026-09-07T17:56:53.3852364Z In file included from /home/runner/work/PocketKrKr/PocketKrKr/cpp/core/sound/FFWaveDecoder.cpp:22:
2026-09-07T17:56:53.3853654Z /home/runner/work/PocketKrKr/PocketKrKr/out/linux/debug/vcpkg_installed/x64-linux/include/libavformat/avformat.h:893:21: note: declared here
2026-09-07T17:56:53.3854616Z   893 |     AVCodecContext *codec;
2026-09-07T17:56:53.3854978Z       |                     ^~~~~
2026-09-07T17:56:53.3886846Z /home/runner/work/PocketKrKr/PocketKrKr/cpp/core/sound/FFWaveDecoder.cpp:367:37: warning: ‘AVStream::codec’ is deprecated [-Wdeprecated-declarations]
2026-09-07T17:56:53.3887995Z   367 |     AVCodecContext *dec = audio_st->codec;
2026-09-07T17:56:53.3888501Z       |                                     ^~~~~
2026-09-07T17:56:53.3889292Z In file included from /home/runner/work/PocketKrKr/PocketKrKr/cpp/core/sound/FFWaveDecoder.cpp:22:
2026-09-07T17:56:53.3890666Z /home/runner/work/PocketKrKr/PocketKrKr/out/linux/debug/vcpkg_installed/x64-linux/include/libavformat/avformat.h:893:21: note: declared here
2026-09-07T17:56:53.3891703Z   893 |     AVCodecContext *codec;
2026-09-07T17:56:53.3892106Z       |                     ^~~~~
2026-09-07T17:56:53.3893691Z /home/runner/work/PocketKrKr/PocketKrKr/cpp/core/sound/FFWaveDecoder.cpp:378:45: warning: ‘int avcodec_decode_audio4(AVCodecContext*, AVFrame*, int*, const AVPacket*)’ is deprecated [-Wdeprecated-declarations]
2026-09-07T17:56:53.3895772Z   378 |             int len1 = avcodec_decode_audio4(dec, frame, &got_frame, &pkt_temp);
2026-09-07T17:56:53.3896556Z       |                        ~~~~~~~~~~~~~~~~~~~~~^~~~~~~~~~~~~~~~~~~~~~~~~~~~~~~~~~~
2026-09-07T17:56:53.3897436Z In file included from /home/runner/work/PocketKrKr/PocketKrKr/cpp/core/sound/FFWaveDecoder.cpp:21:
2026-09-07T17:56:53.3899008Z /home/runner/work/PocketKrKr/PocketKrKr/out/linux/debug/vcpkg_installed/x64-linux/include/libavcodec/avcodec.h:4852:5: note: declared here
2026-09-07T17:56:53.3900205Z  4852 | int avcodec_decode_audio4(AVCodecContext *avctx, AVFrame *frame,
2026-09-07T17:56:53.3900790Z       |     ^~~~~~~~~~~~~~~~~~~~~
2026-09-07T17:56:53.3902192Z /home/runner/work/PocketKrKr/PocketKrKr/cpp/core/sound/FFWaveDecoder.cpp:400:28: warning: ‘AVFrame::pkt_pts’ is deprecated [-Wdeprecated-declarations]
2026-09-07T17:56:53.3903411Z   400 |             else if(frame->pkt_pts != AV_NOPTS_VALUE)
2026-09-07T17:56:53.3903948Z       |                            ^~~~~~~
2026-09-07T17:56:53.3905006Z In file included from /home/runner/work/PocketKrKr/PocketKrKr/out/linux/debug/vcpkg_installed/x64-linux/include/libavcodec/avcodec.h:38,
2026-09-07T17:56:53.3906586Z                  from /home/runner/work/PocketKrKr/PocketKrKr/cpp/core/sound/FFWaveDecoder.cpp:21:
2026-09-07T17:56:53.3907921Z /home/runner/work/PocketKrKr/PocketKrKr/out/linux/debug/vcpkg_installed/x64-linux/include/libavutil/frame.h:279:13: note: declared here
2026-09-07T17:56:53.3908975Z   279 |     int64_t pkt_pts;
2026-09-07T17:56:53.3909368Z       |             ^~~~~~~
2026-09-07T17:56:53.3910718Z /home/runner/work/PocketKrKr/PocketKrKr/cpp/core/sound/FFWaveDecoder.cpp:400:28: warning: ‘AVFrame::pkt_pts’ is deprecated [-Wdeprecated-declarations]
2026-09-07T17:56:53.3911916Z   400 |             else if(frame->pkt_pts != AV_NOPTS_VALUE)
2026-09-07T17:56:53.3912446Z       |                            ^~~~~~~
2026-09-07T17:56:53.3913445Z In file included from /home/runner/work/PocketKrKr/PocketKrKr/out/linux/debug/vcpkg_installed/x64-linux/include/libavcodec/avcodec.h:38,
2026-09-07T17:56:53.3914773Z                  from /home/runner/work/PocketKrKr/PocketKrKr/cpp/core/sound/FFWaveDecoder.cpp:21:
2026-09-07T17:56:53.3916326Z /home/runner/work/PocketKrKr/PocketKrKr/out/linux/debug/vcpkg_installed/x64-linux/include/libavutil/frame.h:279:13: note: declared here
2026-09-07T17:56:53.3917392Z   279 |     int64_t pkt_pts;
2026-09-07T17:56:53.3917770Z       |             ^~~~~~~
2026-09-07T17:56:53.3919105Z /home/runner/work/PocketKrKr/PocketKrKr/cpp/core/sound/FFWaveDecoder.cpp:400:28: warning: ‘AVFrame::pkt_pts’ is deprecated [-Wdeprecated-declarations]
2026-09-07T17:56:53.3920340Z   400 |             else if(frame->pkt_pts != AV_NOPTS_VALUE)
2026-09-07T17:56:53.3920864Z       |                            ^~~~~~~
2026-09-07T17:56:53.3921884Z In file included from /home/runner/work/PocketKrKr/PocketKrKr/out/linux/debug/vcpkg_installed/x64-linux/include/libavcodec/avcodec.h:38,
2026-09-07T17:56:53.3923220Z                  from /home/runner/work/PocketKrKr/PocketKrKr/cpp/core/sound/FFWaveDecoder.cpp:21:
2026-09-07T17:56:53.3924555Z /home/runner/work/PocketKrKr/PocketKrKr/out/linux/debug/vcpkg_installed/x64-linux/include/libavutil/frame.h:279:13: note: declared here
2026-09-07T17:56:53.3925823Z   279 |     int64_t pkt_pts;
2026-09-07T17:56:53.3926208Z       |             ^~~~~~~
2026-09-07T17:56:53.3927559Z /home/runner/work/PocketKrKr/PocketKrKr/cpp/core/sound/FFWaveDecoder.cpp:402:41: warning: ‘AVFrame::pkt_pts’ is deprecated [-Wdeprecated-declarations]
2026-09-07T17:56:53.3928856Z   402 |                     av_rescale_q(frame->pkt_pts, audio_st->time_base, tb);
2026-09-07T17:56:53.3929498Z       |                                         ^~~~~~~
2026-09-07T17:56:53.3930583Z In file included from /home/runner/work/PocketKrKr/PocketKrKr/out/linux/debug/vcpkg_installed/x64-linux/include/libavcodec/avcodec.h:38,
2026-09-07T17:56:53.3931953Z                  from /home/runner/work/PocketKrKr/PocketKrKr/cpp/core/sound/FFWaveDecoder.cpp:21:
2026-09-07T17:56:53.3933576Z /home/runner/work/PocketKrKr/PocketKrKr/out/linux/debug/vcpkg_installed/x64-linux/include/libavutil/frame.h:279:13: note: declared here
2026-09-07T17:56:53.3934680Z   279 |     int64_t pkt_pts;
2026-09-07T17:56:53.3935082Z       |             ^~~~~~~
2026-09-07T17:56:53.3967021Z /home/runner/work/PocketKrKr/PocketKrKr/cpp/core/sound/FFWaveDecoder.cpp:402:41: warning: ‘AVFrame::pkt_pts’ is deprecated [-Wdeprecated-declarations]
2026-09-07T17:56:53.3968651Z   402 |                     av_rescale_q(frame->pkt_pts, audio_st->time_base, tb);
2026-09-07T17:56:53.3969313Z       |                                         ^~~~~~~
2026-09-07T17:56:53.3970413Z In file included from /home/runner/work/PocketKrKr/PocketKrKr/out/linux/debug/vcpkg_installed/x64-linux/include/libavcodec/avcodec.h:38,
2026-09-07T17:56:53.3971801Z                  from /home/runner/work/PocketKrKr/PocketKrKr/cpp/core/sound/FFWaveDecoder.cpp:21:
2026-09-07T17:56:53.3973126Z /home/runner/work/PocketKrKr/PocketKrKr/out/linux/debug/vcpkg_installed/x64-linux/include/libavutil/frame.h:279:13: note: declared here
2026-09-07T17:56:53.3974252Z   279 |     int64_t pkt_pts;
2026-09-07T17:56:53.3975001Z       |             ^~~~~~~
2026-09-07T17:56:53.3976815Z /home/runner/work/PocketKrKr/PocketKrKr/cpp/core/sound/FFWaveDecoder.cpp:402:41: warning: ‘AVFrame::pkt_pts’ is deprecated [-Wdeprecated-declarations]
2026-09-07T17:56:53.4013078Z   402 |                     av_rescale_q(frame->pkt_pts, audio_st->time_base, tb);
2026-09-07T17:56:53.4013707Z       |                                         ^~~~~~~
2026-09-07T17:56:53.4014775Z In file included from /home/runner/work/PocketKrKr/PocketKrKr/out/linux/debug/vcpkg_installed/x64-linux/include/libavcodec/avcodec.h:38,
2026-09-07T17:56:53.4046668Z                  from /home/runner/work/PocketKrKr/PocketKrKr/cpp/core/sound/FFWaveDecoder.cpp:21:
2026-09-07T17:56:53.4048199Z /home/runner/work/PocketKrKr/PocketKrKr/out/linux/debug/vcpkg_installed/x64-linux/include/libavutil/frame.h:279:13: note: declared here
2026-09-07T17:56:53.4049397Z   279 |     int64_t pkt_pts;
2026-09-07T17:56:53.4049864Z       |             ^~~~~~~
2026-09-07T17:56:53.4051459Z /home/runner/work/PocketKrKr/PocketKrKr/cpp/core/sound/FFWaveDecoder.cpp:424:27: warning: ‘void av_free_packet(AVPacket*)’ is deprecated [-Wdeprecated-declarations]
2026-09-07T17:56:53.4052858Z   424 |             av_free_packet(&Packet);
2026-09-07T17:56:53.4053364Z       |             ~~~~~~~~~~~~~~^~~~~~~~~
2026-09-07T17:56:53.4054239Z In file included from /home/runner/work/PocketKrKr/PocketKrKr/cpp/core/sound/FFWaveDecoder.cpp:21:
2026-09-07T17:56:53.4056102Z /home/runner/work/PocketKrKr/PocketKrKr/out/linux/debug/vcpkg_installed/x64-linux/include/libavcodec/avcodec.h:4558:6: note: declared here
2026-09-07T17:56:53.4057337Z  4558 | void av_free_packet(AVPacket *pkt);
2026-09-07T17:56:53.4057840Z       |      ^~~~~~~~~~~~~~
2026-09-07T17:56:53.4059175Z /home/runner/work/PocketKrKr/PocketKrKr/cpp/core/sound/FFWaveDecoder.cpp: In member function ‘bool FFWaveDecoder::ReadPacket()’:
2026-09-07T17:56:53.4061365Z /home/runner/work/PocketKrKr/PocketKrKr/cpp/core/sound/FFWaveDecoder.cpp:449:23: warning: ‘void av_free_packet(AVPacket*)’ is deprecated [-Wdeprecated-declarations]
2026-09-07T17:56:53.4062659Z   449 |         av_free_packet(&Packet);
2026-09-07T17:56:53.4063120Z       |         ~~~~~~~~~~~~~~^~~~~~~~~
2026-09-07T17:56:53.4063905Z In file included from /home/runner/work/PocketKrKr/PocketKrKr/cpp/core/sound/FFWaveDecoder.cpp:21:
2026-09-07T17:56:53.4065572Z /home/runner/work/PocketKrKr/PocketKrKr/out/linux/debug/vcpkg_installed/x64-linux/include/libavcodec/avcodec.h:4558:6: note: declared here
2026-09-07T17:56:53.4066702Z  4558 | void av_free_packet(AVPacket *pkt);
2026-09-07T17:56:53.4067163Z       |      ^~~~~~~~~~~~~~
2026-09-07T17:56:53.4067857Z [137/741] Building CXX object cpp/core/sound/CMakeFiles/core_sound_module.dir/MIDIIntf.cpp.o
2026-09-07T17:56:53.4068934Z [138/741] Building CXX object cpp/core/sound/CMakeFiles/core_sound_module.dir/PhaseVocoderDSP.cpp.o
2026-09-07T17:56:53.4070431Z [139/741] Building CXX object cpp/core/sound/CMakeFiles/core_sound_module.dir/PhaseVocoderFilter.cpp.o
2026-09-07T17:56:53.4086256Z [140/741] Building CXX object cpp/core/sound/CMakeFiles/core_sound_module.dir/SoundBufferBaseIntf.cpp.o
2026-09-07T17:56:53.4256749Z [141/741] Building CXX object cpp/core/sound/CMakeFiles/core_sound_module.dir/VorbisWaveDecoder.cpp.o
2026-09-07T17:56:53.4416562Z [142/741] Building CXX object cpp/core/sound/CMakeFiles/core_sound_module.dir/WaveFormatConverter.cpp.o
2026-09-07T17:56:53.4606640Z [143/741] Building CXX object cpp/core/sound/CMakeFiles/core_sound_module.dir/WaveIntf.cpp.o
2026-09-07T17:56:53.4786572Z [144/741] Building CXX object cpp/core/sound/CMakeFiles/core_sound_module.dir/WaveLoopManager.cpp.o
2026-09-07T17:56:53.4956578Z [145/741] Building CXX object cpp/core/sound/CMakeFiles/core_sound_module.dir/WaveSegmentQueue.cpp.o
2026-09-07T17:56:53.5136546Z [146/741] Building CXX object cpp/core/sound/CMakeFiles/core_sound_module.dir/win32/CDDAImpl.cpp.o
2026-09-07T17:56:53.5296670Z [147/741] Building CXX object cpp/core/sound/CMakeFiles/core_sound_module.dir/win32/MIDIImpl.cpp.o
2026-09-07T17:56:53.5466701Z [148/741] Building CXX object cpp/core/sound/CMakeFiles/core_sound_module.dir/win32/SoundBufferBaseImpl.cpp.o
2026-09-07T17:56:53.5526204Z [149/741] Building CXX object cpp/core/sound/CMakeFiles/core_sound_module.dir/win32/tvpsnd.cpp.o
2026-09-07T17:56:53.5756905Z [150/741] Building CXX object cpp/core/sound/CMakeFiles/core_sound_module.dir/win32/WaveImpl.cpp.o
2026-09-07T17:56:53.6361708Z [151/741] Building CXX object cpp/core/sound/CMakeFiles/core_sound_module.dir/win32/WaveMixer.cpp.o
2026-09-07T17:56:53.6472503Z [152/741] Building CXX object cpp/core/movie/CMakeFiles/core_movie_module.dir/ffmpeg/AEChannelInfo.cpp.o
2026-09-07T17:56:53.6671929Z [153/741] Building CXX object cpp/core/movie/CMakeFiles/core_movie_module.dir/ffmpeg/AEFactory.cpp.o
2026-09-07T17:56:53.6786225Z [154/741] Building CXX object cpp/core/movie/CMakeFiles/core_movie_module.dir/ffmpeg/AEStreamInfo.cpp.o
2026-09-07T17:56:53.6892998Z [155/741] Building CXX object cpp/core/movie/CMakeFiles/core_movie_module.dir/ffmpeg/AEUtil.cpp.o
2026-09-07T17:56:53.7023448Z [156/741] Building CXX object cpp/core/movie/CMakeFiles/core_movie_module.dir/ffmpeg/AudioCodecFFmpeg.cpp.o
2026-09-07T17:56:53.7067479Z /home/runner/work/PocketKrKr/PocketKrKr/cpp/core/movie/ffmpeg/AudioCodecFFmpeg.cpp: In member function ‘virtual int KRMovie::CDVDAudioCodecFFmpeg::Decode(uint8_t*, int, double, double)’:
2026-09-07T17:56:53.7070906Z /home/runner/work/PocketKrKr/PocketKrKr/cpp/core/movie/ffmpeg/AudioCodecFFmpeg.cpp:136:30: warning: ‘int avcodec_decode_audio4(AVCodecContext*, AVFrame*, int*, const AVPacket*)’ is deprecated [-Wdeprecated-declarations]
2026-09-07T17:56:53.7096227Z   136 |         avcodec_decode_audio4(m_pCodecContext, m_pFrame1, &m_gotFrame, &avpkt);
2026-09-07T17:56:53.7125794Z       |         ~~~~~~~~~~~~~~~~~~~~~^~~~~~~~~~~~~~~~~~~~~~~~~~~~~~~~~~~~~~~~~~~~~~~~~
2026-09-07T17:56:53.7148158Z In file included from /home/runner/work/PocketKrKr/PocketKrKr/cpp/core/movie/ffmpeg/AudioCodec.h:8,
2026-09-07T17:56:53.7156161Z                  from /home/runner/work/PocketKrKr/PocketKrKr/cpp/core/movie/ffmpeg/AudioCodecFFmpeg.h:4,
2026-09-07T17:56:53.7171563Z                  from /home/runner/work/PocketKrKr/PocketKrKr/cpp/core/movie/ffmpeg/AudioCodecFFmpeg.cpp:1:
2026-09-07T17:56:53.7173350Z /home/runner/work/PocketKrKr/PocketKrKr/out/linux/debug/vcpkg_installed/x64-linux/include/libavcodec/avcodec.h:4852:5: note: declared here
2026-09-07T17:56:53.7174890Z  4852 | int avcodec_decode_audio4(AVCodecContext *avctx, AVFrame *frame,
2026-09-07T17:56:53.7176051Z       |     ^~~~~~~~~~~~~~~~~~~~~
2026-09-07T17:56:53.7177229Z [157/741] Building CXX object cpp/core/movie/CMakeFiles/core_movie_module.dir/ffmpeg/AudioCodecPassthrough.cpp.o
2026-09-07T17:56:53.7179975Z /home/runner/work/PocketKrKr/PocketKrKr/cpp/core/movie/ffmpeg/AudioCodecPassthrough.cpp: In member function ‘virtual int KRMovie::CDVDAudioCodecPassthrough::Decode(uint8_t*, int, double, double)’:
2026-09-07T17:56:53.7183213Z /home/runner/work/PocketKrKr/PocketKrKr/cpp/core/movie/ffmpeg/AudioCodecPassthrough.cpp:112:49: warning: ‘int av_packet_split_side_data(AVPacket*)’ is deprecated [-Wdeprecated-declarations]
2026-09-07T17:56:53.7184980Z   112 |         int didSplit = av_packet_split_side_data(&pkt);
2026-09-07T17:56:53.7186296Z       |                        ~~~~~~~~~~~~~~~~~~~~~~~~~^~~~~~
2026-09-07T17:56:53.7187367Z In file included from /home/runner/work/PocketKrKr/PocketKrKr/cpp/core/movie/ffmpeg/AudioCodec.h:8,
2026-09-07T17:56:53.7189145Z                  from /home/runner/work/PocketKrKr/PocketKrKr/cpp/core/movie/ffmpeg/AudioCodecPassthrough.h:2,
2026-09-07T17:56:53.7190826Z                  from /home/runner/work/PocketKrKr/PocketKrKr/cpp/core/movie/ffmpeg/AudioCodecPassthrough.cpp:1:
2026-09-07T17:56:53.7192583Z /home/runner/work/PocketKrKr/PocketKrKr/out/linux/debug/vcpkg_installed/x64-linux/include/libavcodec/avcodec.h:4614:5: note: declared here
2026-09-07T17:56:53.7194059Z  4614 | int av_packet_split_side_data(AVPacket *pkt);
2026-09-07T17:56:53.7194818Z       |     ^~~~~~~~~~~~~~~~~~~~~~~~~
2026-09-07T17:56:53.7326821Z [158/741] Building CXX object cpp/core/movie/CMakeFiles/core_movie_module.dir/ffmpeg/AudioDevice.cpp.o
2026-09-07T17:56:53.7437651Z [159/741] Building CXX object cpp/core/movie/CMakeFiles/core_movie_module.dir/ffmpeg/BaseRenderer.cpp.o
2026-09-07T17:56:53.7546448Z [160/741] Building CXX object cpp/core/movie/CMakeFiles/core_movie_module.dir/ffmpeg/BitstreamStats.cpp.o
2026-09-07T17:56:53.7636245Z [161/741] Building CXX object cpp/core/movie/CMakeFiles/core_movie_module.dir/ffmpeg/Clock.cpp.o
2026-09-07T17:56:53.7756389Z [162/741] Building CXX object cpp/core/movie/CMakeFiles/core_movie_module.dir/ffmpeg/CodecUtils.cpp.o
2026-09-07T17:56:53.7866267Z [163/741] Building CXX object cpp/core/movie/CMakeFiles/core_movie_module.dir/ffmpeg/Demux.cpp.o
2026-09-07T17:56:53.8056648Z [164/741] Building CXX object cpp/core/movie/CMakeFiles/core_movie_module.dir/ffmpeg/DemuxFFmpeg.cpp.o
2026-09-07T17:56:53.8059247Z /home/runner/work/PocketKrKr/PocketKrKr/cpp/core/movie/ffmpeg/DemuxFFmpeg.cpp: In member function ‘bool KRMovie::CDVDDemuxFFmpeg::Open(KRMovie::InputStream*, bool, bool)’:
2026-09-07T17:56:53.8062026Z /home/runner/work/PocketKrKr/PocketKrKr/cpp/core/movie/ffmpeg/DemuxFFmpeg.cpp:349:20: warning: ‘AVStream::codec’ is deprecated [-Wdeprecated-declarations]
2026-09-07T17:56:53.8063678Z   349 |             if(st->codec->codec_type == AVMEDIA_TYPE_AUDIO &&
2026-09-07T17:56:53.8064650Z       |                    ^~~~~
2026-09-07T17:56:53.8065986Z In file included from /home/runner/work/PocketKrKr/PocketKrKr/cpp/core/movie/ffmpeg/DemuxFFmpeg.h:8,
2026-09-07T17:56:53.8067469Z                  from /home/runner/work/PocketKrKr/PocketKrKr/cpp/core/movie/ffmpeg/DemuxFFmpeg.cpp:1:
2026-09-07T17:56:53.8069176Z /home/runner/work/PocketKrKr/PocketKrKr/out/linux/debug/vcpkg_installed/x64-linux/include/libavformat/avformat.h:893:21: note: declared here
2026-09-07T17:56:53.8070471Z   893 |     AVCodecContext *codec;
2026-09-07T17:56:53.8071012Z       |                     ^~~~~
2026-09-07T17:56:53.8072657Z /home/runner/work/PocketKrKr/PocketKrKr/cpp/core/movie/ffmpeg/DemuxFFmpeg.cpp:349:20: warning: ‘AVStream::codec’ is deprecated [-Wdeprecated-declarations]
2026-09-07T17:56:53.8074149Z   349 |             if(st->codec->codec_type == AVMEDIA_TYPE_AUDIO &&
2026-09-07T17:56:53.8074830Z       |                    ^~~~~
2026-09-07T17:56:53.8075916Z In file included from /home/runner/work/PocketKrKr/PocketKrKr/cpp/core/movie/ffmpeg/DemuxFFmpeg.h:8,
2026-09-07T17:56:53.8077295Z                  from /home/runner/work/PocketKrKr/PocketKrKr/cpp/core/movie/ffmpeg/DemuxFFmpeg.cpp:1:
2026-09-07T17:56:53.8079053Z /home/runner/work/PocketKrKr/PocketKrKr/out/linux/debug/vcpkg_installed/x64-linux/include/libavformat/avformat.h:893:21: note: declared here
2026-09-07T17:56:53.8080471Z   893 |     AVCodecContext *codec;
2026-09-07T17:56:53.8081105Z       |                     ^~~~~
2026-09-07T17:56:53.8083219Z /home/runner/work/PocketKrKr/PocketKrKr/cpp/core/movie/ffmpeg/DemuxFFmpeg.cpp:349:20: warning: ‘AVStream::codec’ is deprecated [-Wdeprecated-declarations]
2026-09-07T17:56:53.8084844Z   349 |             if(st->codec->codec_type == AVMEDIA_TYPE_AUDIO &&
2026-09-07T17:56:53.8085888Z       |                    ^~~~~
2026-09-07T17:56:53.8087192Z In file included from /home/runner/work/PocketKrKr/PocketKrKr/cpp/core/movie/ffmpeg/DemuxFFmpeg.h:8,
2026-09-07T17:56:53.8088613Z                  from /home/runner/work/PocketKrKr/PocketKrKr/cpp/core/movie/ffmpeg/DemuxFFmpeg.cpp:1:
2026-09-07T17:56:53.8090242Z /home/runner/work/PocketKrKr/PocketKrKr/out/linux/debug/vcpkg_installed/x64-linux/include/libavformat/avformat.h:893:21: note: declared here
2026-09-07T17:56:53.8091584Z   893 |     AVCodecContext *codec;
2026-09-07T17:56:53.8092185Z       |                     ^~~~~
2026-09-07T17:56:53.8118013Z /home/runner/work/PocketKrKr/PocketKrKr/cpp/core/movie/ffmpeg/DemuxFFmpeg.cpp:350:20: warning: ‘AVStream::codec’ is deprecated [-Wdeprecated-declarations]
2026-09-07T17:56:53.8119681Z   350 |                st->codec->codec_id == AV_CODEC_ID_DTS) {
2026-09-07T17:56:53.8120234Z       |                    ^~~~~
2026-09-07T17:56:53.8121013Z In file included from /home/runner/work/PocketKrKr/PocketKrKr/cpp/core/movie/ffmpeg/DemuxFFmpeg.h:8,
2026-09-07T17:56:53.8122235Z                  from /home/runner/work/PocketKrKr/PocketKrKr/cpp/core/movie/ffmpeg/DemuxFFmpeg.cpp:1:
2026-09-07T17:56:53.8123801Z /home/runner/work/PocketKrKr/PocketKrKr/out/linux/debug/vcpkg_installed/x64-linux/include/libavformat/avformat.h:893:21: note: declared here
2026-09-07T17:56:53.8125025Z   893 |     AVCodecContext *codec;
2026-09-07T17:56:53.8125744Z       |                     ^~~~~
2026-09-07T17:56:53.8127362Z /home/runner/work/PocketKrKr/PocketKrKr/cpp/core/movie/ffmpeg/DemuxFFmpeg.cpp:350:20: warning: ‘AVStream::codec’ is deprecated [-Wdeprecated-declarations]
2026-09-07T17:56:53.8128780Z   350 |                st->codec->codec_id == AV_CODEC_ID_DTS) {
2026-09-07T17:56:53.8129390Z       |                    ^~~~~
2026-09-07T17:56:53.8130274Z In file included from /home/runner/work/PocketKrKr/PocketKrKr/cpp/core/movie/ffmpeg/DemuxFFmpeg.h:8,
2026-09-07T17:56:53.8131559Z                  from /home/runner/work/PocketKrKr/PocketKrKr/cpp/core/movie/ffmpeg/DemuxFFmpeg.cpp:1:
2026-09-07T17:56:53.8133183Z /home/runner/work/PocketKrKr/PocketKrKr/out/linux/debug/vcpkg_installed/x64-linux/include/libavformat/avformat.h:893:21: note: declared here
2026-09-07T17:56:53.8134415Z   893 |     AVCodecContext *codec;
2026-09-07T17:56:53.8134895Z       |                     ^~~~~
2026-09-07T17:56:53.8136843Z /home/runner/work/PocketKrKr/PocketKrKr/cpp/core/movie/ffmpeg/DemuxFFmpeg.cpp:350:20: warning: ‘AVStream::codec’ is deprecated [-Wdeprecated-declarations]
2026-09-07T17:56:53.8138250Z   350 |                st->codec->codec_id == AV_CODEC_ID_DTS) {
2026-09-07T17:56:53.8138834Z       |                    ^~~~~
2026-09-07T17:56:53.8139706Z In file included from /home/runner/work/PocketKrKr/PocketKrKr/cpp/core/movie/ffmpeg/DemuxFFmpeg.h:8,
2026-09-07T17:56:53.8141003Z                  from /home/runner/work/PocketKrKr/PocketKrKr/cpp/core/movie/ffmpeg/DemuxFFmpeg.cpp:1:
2026-09-07T17:56:53.8142525Z /home/runner/work/PocketKrKr/PocketKrKr/out/linux/debug/vcpkg_installed/x64-linux/include/libavformat/avformat.h:893:21: note: declared here
2026-09-07T17:56:53.8143745Z   893 |     AVCodecContext *codec;
2026-09-07T17:56:53.8144216Z       |                     ^~~~~
2026-09-07T17:56:53.8147565Z /home/runner/work/PocketKrKr/PocketKrKr/cpp/core/movie/ffmpeg/DemuxFFmpeg.cpp:353:25: warning: ‘AVStream::codec’ is deprecated [-Wdeprecated-declarations]
2026-09-07T17:56:53.8148946Z   353 |                     st->codec->codec = pCodec;
2026-09-07T17:56:53.8149559Z       |                         ^~~~~
2026-09-07T17:56:53.8150413Z In file included from /home/runner/work/PocketKrKr/PocketKrKr/cpp/core/movie/ffmpeg/DemuxFFmpeg.h:8,
2026-09-07T17:56:53.8151937Z                  from /home/runner/work/PocketKrKr/PocketKrKr/cpp/core/movie/ffmpeg/DemuxFFmpeg.cpp:1:
2026-09-07T17:56:53.8153413Z /home/runner/work/PocketKrKr/PocketKrKr/out/linux/debug/vcpkg_installed/x64-linux/include/libavformat/avformat.h:893:21: note: declared here
2026-09-07T17:56:53.8154578Z   893 |     AVCodecContext *codec;
2026-09-07T17:56:53.8155539Z       |                     ^~~~~
2026-09-07T17:56:53.8157150Z /home/runner/work/PocketKrKr/PocketKrKr/cpp/core/movie/ffmpeg/DemuxFFmpeg.cpp:353:25: warning: ‘AVStream::codec’ is deprecated [-Wdeprecated-declarations]
2026-09-07T17:56:53.8158487Z   353 |                     st->codec->codec = pCodec;
2026-09-07T17:56:53.8158990Z       |                         ^~~~~
2026-09-07T17:56:53.8159835Z In file included from /home/runner/work/PocketKrKr/PocketKrKr/cpp/core/movie/ffmpeg/DemuxFFmpeg.h:8,
2026-09-07T17:56:53.8161072Z                  from /home/runner/work/PocketKrKr/PocketKrKr/cpp/core/movie/ffmpeg/DemuxFFmpeg.cpp:1:
2026-09-07T17:56:53.8162613Z /home/runner/work/PocketKrKr/PocketKrKr/out/linux/debug/vcpkg_installed/x64-linux/include/libavformat/avformat.h:893:21: note: declared here
2026-09-07T17:56:53.8163813Z   893 |     AVCodecContext *codec;
2026-09-07T17:56:53.8164298Z       |                     ^~~~~
2026-09-07T17:56:53.8166166Z /home/runner/work/PocketKrKr/PocketKrKr/cpp/core/movie/ffmpeg/DemuxFFmpeg.cpp:353:25: warning: ‘AVStream::codec’ is deprecated [-Wdeprecated-declarations]
2026-09-07T17:56:53.8167567Z   353 |                     st->codec->codec = pCodec;
2026-09-07T17:56:53.8168111Z       |                         ^~~~~
2026-09-07T17:56:53.8169003Z In file included from /home/runner/work/PocketKrKr/PocketKrKr/cpp/core/movie/ffmpeg/DemuxFFmpeg.h:8,
2026-09-07T17:56:53.8170250Z                  from /home/runner/work/PocketKrKr/PocketKrKr/cpp/core/movie/ffmpeg/DemuxFFmpeg.cpp:1:
2026-09-07T17:56:53.8171820Z /home/runner/work/PocketKrKr/PocketKrKr/out/linux/debug/vcpkg_installed/x64-linux/include/libavformat/avformat.h:893:21: note: declared here
2026-09-07T17:56:53.8173047Z   893 |     AVCodecContext *codec;
2026-09-07T17:56:53.8173511Z       |                     ^~~~~
2026-09-07T17:56:53.8175138Z /home/runner/work/PocketKrKr/PocketKrKr/cpp/core/movie/ffmpeg/DemuxFFmpeg.cpp:375:48: warning: ‘AVStream::codec’ is deprecated [-Wdeprecated-declarations]
2026-09-07T17:56:53.8207006Z   375 |                  m_pFormatContext->streams[0]->codec->codec_id ==
2026-09-07T17:56:53.8207731Z       |                                                ^~~~~
2026-09-07T17:56:53.8208668Z In file included from /home/runner/work/PocketKrKr/PocketKrKr/cpp/core/movie/ffmpeg/DemuxFFmpeg.h:8,
2026-09-07T17:56:53.8209946Z                  from /home/runner/work/PocketKrKr/PocketKrKr/cpp/core/movie/ffmpeg/DemuxFFmpeg.cpp:1:
2026-09-07T17:56:53.8211515Z /home/runner/work/PocketKrKr/PocketKrKr/out/linux/debug/vcpkg_installed/x64-linux/include/libavformat/avformat.h:893:21: note: declared here
2026-09-07T17:56:53.8212695Z   893 |     AVCodecContext *codec;
2026-09-07T17:56:53.8213181Z       |                     ^~~~~
2026-09-07T17:56:53.8214776Z /home/runner/work/PocketKrKr/PocketKrKr/cpp/core/movie/ffmpeg/DemuxFFmpeg.cpp:375:48: warning: ‘AVStream::codec’ is deprecated [-Wdeprecated-declarations]
2026-09-07T17:56:53.8216601Z   375 |                  m_pFormatContext->streams[0]->codec->codec_id ==
2026-09-07T17:56:53.8217301Z       |                                                ^~~~~
2026-09-07T17:56:53.8218227Z In file included from /home/runner/work/PocketKrKr/PocketKrKr/cpp/core/movie/ffmpeg/DemuxFFmpeg.h:8,
2026-09-07T17:56:53.8219469Z                  from /home/runner/work/PocketKrKr/PocketKrKr/cpp/core/movie/ffmpeg/DemuxFFmpeg.cpp:1:
2026-09-07T17:56:53.8220994Z /home/runner/work/PocketKrKr/PocketKrKr/out/linux/debug/vcpkg_installed/x64-linux/include/libavformat/avformat.h:893:21: note: declared here
2026-09-07T17:56:53.8222228Z   893 |     AVCodecContext *codec;
2026-09-07T17:56:53.8222700Z       |                     ^~~~~
2026-09-07T17:56:53.8224591Z /home/runner/work/PocketKrKr/PocketKrKr/cpp/core/movie/ffmpeg/DemuxFFmpeg.cpp:375:48: warning: ‘AVStream::codec’ is deprecated [-Wdeprecated-declarations]
2026-09-07T17:56:53.8226321Z   375 |                  m_pFormatContext->streams[0]->codec->codec_id ==
2026-09-07T17:56:53.8226975Z       |                                                ^~~~~
2026-09-07T17:56:53.8228158Z In file included from /home/runner/work/PocketKrKr/PocketKrKr/cpp/core/movie/ffmpeg/DemuxFFmpeg.h:8,
2026-09-07T17:56:53.8229369Z                  from /home/runner/work/PocketKrKr/PocketKrKr/cpp/core/movie/ffmpeg/DemuxFFmpeg.cpp:1:
2026-09-07T17:56:53.8230832Z /home/runner/work/PocketKrKr/PocketKrKr/out/linux/debug/vcpkg_installed/x64-linux/include/libavformat/avformat.h:893:21: note: declared here
2026-09-07T17:56:53.8232032Z   893 |     AVCodecContext *codec;
2026-09-07T17:56:53.8232502Z       |                     ^~~~~
2026-09-07T17:56:53.8233976Z /home/runner/work/PocketKrKr/PocketKrKr/cpp/core/movie/ffmpeg/DemuxFFmpeg.cpp: In member function ‘void KRMovie::CDVDDemuxFFmpeg::Dispose()’:
2026-09-07T17:56:53.8266764Z /home/runner/work/PocketKrKr/PocketKrKr/cpp/core/movie/ffmpeg/DemuxFFmpeg.cpp:454:57: warning: ‘AVStream::codec’ is deprecated [-Wdeprecated-declarations]
2026-09-07T17:56:53.8268232Z   454 |             avcodec_close(m_pFormatContext->streams[i]->codec);
2026-09-07T17:56:53.8268958Z       |                                                         ^~~~~
2026-09-07T17:56:53.8269947Z In file included from /home/runner/work/PocketKrKr/PocketKrKr/cpp/core/movie/ffmpeg/DemuxFFmpeg.h:8,
2026-09-07T17:56:53.8271234Z                  from /home/runner/work/PocketKrKr/PocketKrKr/cpp/core/movie/ffmpeg/DemuxFFmpeg.cpp:1:
2026-09-07T17:56:53.8272793Z /home/runner/work/PocketKrKr/PocketKrKr/out/linux/debug/vcpkg_installed/x64-linux/include/libavformat/avformat.h:893:21: note: declared here
2026-09-07T17:56:53.8274045Z   893 |     AVCodecContext *codec;
2026-09-07T17:56:53.8274535Z       |                     ^~~~~
2026-09-07T17:56:53.8276473Z /home/runner/work/PocketKrKr/PocketKrKr/cpp/core/movie/ffmpeg/DemuxFFmpeg.cpp:454:57: warning: ‘AVStream::codec’ is deprecated [-Wdeprecated-declarations]
2026-09-07T17:56:53.8277906Z   454 |             avcodec_close(m_pFormatContext->streams[i]->codec);
2026-09-07T17:56:53.8278583Z       |                                                         ^~~~~
2026-09-07T17:56:53.8279547Z In file included from /home/runner/work/PocketKrKr/PocketKrKr/cpp/core/movie/ffmpeg/DemuxFFmpeg.h:8,
2026-09-07T17:56:53.8280842Z                  from /home/runner/work/PocketKrKr/PocketKrKr/cpp/core/movie/ffmpeg/DemuxFFmpeg.cpp:1:
2026-09-07T17:56:53.8282407Z /home/runner/work/PocketKrKr/PocketKrKr/out/linux/debug/vcpkg_installed/x64-linux/include/libavformat/avformat.h:893:21: note: declared here
2026-09-07T17:56:53.8283636Z   893 |     AVCodecContext *codec;
2026-09-07T17:56:53.8284125Z       |                     ^~~~~
2026-09-07T17:56:53.8286040Z /home/runner/work/PocketKrKr/PocketKrKr/cpp/core/movie/ffmpeg/DemuxFFmpeg.cpp:454:57: warning: ‘AVStream::codec’ is deprecated [-Wdeprecated-declarations]
2026-09-07T17:56:53.8287481Z   454 |             avcodec_close(m_pFormatContext->streams[i]->codec);
2026-09-07T17:56:53.8288182Z       |                                                         ^~~~~
2026-09-07T17:56:53.8289141Z In file included from /home/runner/work/PocketKrKr/PocketKrKr/cpp/core/movie/ffmpeg/DemuxFFmpeg.h:8,
2026-09-07T17:56:53.8290413Z                  from /home/runner/work/PocketKrKr/PocketKrKr/cpp/core/movie/ffmpeg/DemuxFFmpeg.cpp:1:
2026-09-07T17:56:53.8291952Z /home/runner/work/PocketKrKr/PocketKrKr/out/linux/debug/vcpkg_installed/x64-linux/include/libavformat/avformat.h:893:21: note: declared here
2026-09-07T17:56:53.8293164Z   893 |     AVCodecContext *codec;
2026-09-07T17:56:53.8293635Z       |                     ^~~~~
2026-09-07T17:56:53.8325624Z /home/runner/work/PocketKrKr/PocketKrKr/cpp/core/movie/ffmpeg/DemuxFFmpeg.cpp: In member function ‘virtual KRMovie::DemuxPacket* KRMovie::CDVDDemuxFFmpeg::Read()’:
2026-09-07T17:56:53.8328527Z /home/runner/work/PocketKrKr/PocketKrKr/cpp/core/movie/ffmpeg/DemuxFFmpeg.cpp:819:47: warning: ‘AVStream::codec’ is deprecated [-Wdeprecated-declarations]
2026-09-07T17:56:53.8329947Z   819 |                     if(m_bMatroska && stream->codec &&
2026-09-07T17:56:53.8330559Z       |                                               ^~~~~
2026-09-07T17:56:53.8331812Z In file included from /home/runner/work/PocketKrKr/PocketKrKr/cpp/core/movie/ffmpeg/DemuxFFmpeg.h:8,
2026-09-07T17:56:53.8333109Z                  from /home/runner/work/PocketKrKr/PocketKrKr/cpp/core/movie/ffmpeg/DemuxFFmpeg.cpp:1:
2026-09-07T17:56:53.8334686Z /home/runner/work/PocketKrKr/PocketKrKr/out/linux/debug/vcpkg_installed/x64-linux/include/libavformat/avformat.h:893:21: note: declared here
2026-09-07T17:56:53.8336141Z   893 |     AVCodecContext *codec;
2026-09-07T17:56:53.8336614Z       |                     ^~~~~
2026-09-07T17:56:53.8338263Z /home/runner/work/PocketKrKr/PocketKrKr/cpp/core/movie/ffmpeg/DemuxFFmpeg.cpp:819:47: warning: ‘AVStream::codec’ is deprecated [-Wdeprecated-declarations]
2026-09-07T17:56:53.8339641Z   819 |                     if(m_bMatroska && stream->codec &&
2026-09-07T17:56:53.8340276Z       |                                               ^~~~~
2026-09-07T17:56:53.8341244Z In file included from /home/runner/work/PocketKrKr/PocketKrKr/cpp/core/movie/ffmpeg/DemuxFFmpeg.h:8,
2026-09-07T17:56:53.8342582Z                  from /home/runner/work/PocketKrKr/PocketKrKr/cpp/core/movie/ffmpeg/DemuxFFmpeg.cpp:1:
2026-09-07T17:56:53.8344196Z /home/runner/work/PocketKrKr/PocketKrKr/out/linux/debug/vcpkg_installed/x64-linux/include/libavformat/avformat.h:893:21: note: declared here
2026-09-07T17:56:53.8345707Z   893 |     AVCodecContext *codec;
2026-09-07T17:56:53.8346180Z       |                     ^~~~~
2026-09-07T17:56:53.8347775Z /home/runner/work/PocketKrKr/PocketKrKr/cpp/core/movie/ffmpeg/DemuxFFmpeg.cpp:819:47: warning: ‘AVStream::codec’ is deprecated [-Wdeprecated-declarations]
2026-09-07T17:56:53.8349207Z   819 |                     if(m_bMatroska && stream->codec &&
2026-09-07T17:56:53.8349825Z       |                                               ^~~~~
2026-09-07T17:56:53.8350765Z In file included from /home/runner/work/PocketKrKr/PocketKrKr/cpp/core/movie/ffmpeg/DemuxFFmpeg.h:8,
2026-09-07T17:56:53.8352067Z                  from /home/runner/work/PocketKrKr/PocketKrKr/cpp/core/movie/ffmpeg/DemuxFFmpeg.cpp:1:
2026-09-07T17:56:53.8353635Z /home/runner/work/PocketKrKr/PocketKrKr/out/linux/debug/vcpkg_installed/x64-linux/include/libavformat/avformat.h:893:21: note: declared here
2026-09-07T17:56:53.8354867Z   893 |     AVCodecContext *codec;
2026-09-07T17:56:53.8385718Z       |                     ^~~~~
2026-09-07T17:56:53.8387383Z /home/runner/work/PocketKrKr/PocketKrKr/cpp/core/movie/ffmpeg/DemuxFFmpeg.cpp:820:32: warning: ‘AVStream::codec’ is deprecated [-Wdeprecated-declarations]
2026-09-07T17:56:53.8388789Z   820 |                        stream->codec->codec_type ==
2026-09-07T17:56:53.8389355Z       |                                ^~~~~
2026-09-07T17:56:53.8390264Z In file included from /home/runner/work/PocketKrKr/PocketKrKr/cpp/core/movie/ffmpeg/DemuxFFmpeg.h:8,
2026-09-07T17:56:53.8391524Z                  from /home/runner/work/PocketKrKr/PocketKrKr/cpp/core/movie/ffmpeg/DemuxFFmpeg.cpp:1:
2026-09-07T17:56:53.8393088Z /home/runner/work/PocketKrKr/PocketKrKr/out/linux/debug/vcpkg_installed/x64-linux/include/libavformat/avformat.h:893:21: note: declared here
2026-09-07T17:56:53.8394316Z   893 |     AVCodecContext *codec;
2026-09-07T17:56:53.8394783Z       |                     ^~~~~
2026-09-07T17:56:53.8396730Z /home/runner/work/PocketKrKr/PocketKrKr/cpp/core/movie/ffmpeg/DemuxFFmpeg.cpp:820:32: warning: ‘AVStream::codec’ is deprecated [-Wdeprecated-declarations]
2026-09-07T17:56:53.8398151Z   820 |                        stream->codec->codec_type ==
2026-09-07T17:56:53.8398710Z       |                                ^~~~~
2026-09-07T17:56:53.8399855Z In file included from /home/runner/work/PocketKrKr/PocketKrKr/cpp/core/movie/ffmpeg/DemuxFFmpeg.h:8,
2026-09-07T17:56:53.8401110Z                  from /home/runner/work/PocketKrKr/PocketKrKr/cpp/core/movie/ffmpeg/DemuxFFmpeg.cpp:1:
2026-09-07T17:56:53.8402630Z /home/runner/work/PocketKrKr/PocketKrKr/out/linux/debug/vcpkg_installed/x64-linux/include/libavformat/avformat.h:893:21: note: declared here
2026-09-07T17:56:53.8404085Z   893 |     AVCodecContext *codec;
2026-09-07T17:56:53.8404566Z       |                     ^~~~~
2026-09-07T17:56:53.8406323Z /home/runner/work/PocketKrKr/PocketKrKr/cpp/core/movie/ffmpeg/DemuxFFmpeg.cpp:820:32: warning: ‘AVStream::codec’ is deprecated [-Wdeprecated-declarations]
2026-09-07T17:56:53.8407664Z   820 |                        stream->codec->codec_type ==
2026-09-07T17:56:53.8408227Z       |                                ^~~~~
2026-09-07T17:56:53.8409093Z In file included from /home/runner/work/PocketKrKr/PocketKrKr/cpp/core/movie/ffmpeg/DemuxFFmpeg.h:8,
2026-09-07T17:56:53.8410347Z                  from /home/runner/work/PocketKrKr/PocketKrKr/cpp/core/movie/ffmpeg/DemuxFFmpeg.cpp:1:
2026-09-07T17:56:53.8411852Z /home/runner/work/PocketKrKr/PocketKrKr/out/linux/debug/vcpkg_installed/x64-linux/include/libavformat/avformat.h:893:21: note: declared here
2026-09-07T17:56:53.8413029Z   893 |     AVCodecContext *codec;
2026-09-07T17:56:53.8413502Z       |                     ^~~~~
2026-09-07T17:56:53.8415021Z /home/runner/work/PocketKrKr/PocketKrKr/cpp/core/movie/ffmpeg/DemuxFFmpeg.cpp:829:36: warning: ‘AVStream::codec’ is deprecated [-Wdeprecated-declarations]
2026-09-07T17:56:53.8446764Z   829 |                         if(stream->codec->codec_tag == 0)
2026-09-07T17:56:53.8447367Z       |                                    ^~~~~
2026-09-07T17:56:53.8448270Z In file included from /home/runner/work/PocketKrKr/PocketKrKr/cpp/core/movie/ffmpeg/DemuxFFmpeg.h:8,
2026-09-07T17:56:53.8449507Z                  from /home/runner/work/PocketKrKr/PocketKrKr/cpp/core/movie/ffmpeg/DemuxFFmpeg.cpp:1:
2026-09-07T17:56:53.8451042Z /home/runner/work/PocketKrKr/PocketKrKr/out/linux/debug/vcpkg_installed/x64-linux/include/libavformat/avformat.h:893:21: note: declared here
2026-09-07T17:56:53.8452251Z   893 |     AVCodecContext *codec;
2026-09-07T17:56:53.8452708Z       |                     ^~~~~
2026-09-07T17:56:53.8454310Z /home/runner/work/PocketKrKr/PocketKrKr/cpp/core/movie/ffmpeg/DemuxFFmpeg.cpp:829:36: warning: ‘AVStream::codec’ is deprecated [-Wdeprecated-declarations]
2026-09-07T17:56:53.8455915Z   829 |                         if(stream->codec->codec_tag == 0)
2026-09-07T17:56:53.8456494Z       |                                    ^~~~~
2026-09-07T17:56:53.8457396Z In file included from /home/runner/work/PocketKrKr/PocketKrKr/cpp/core/movie/ffmpeg/DemuxFFmpeg.h:8,
2026-09-07T17:56:53.8458660Z                  from /home/runner/work/PocketKrKr/PocketKrKr/cpp/core/movie/ffmpeg/DemuxFFmpeg.cpp:1:
2026-09-07T17:56:53.8460181Z /home/runner/work/PocketKrKr/PocketKrKr/out/linux/debug/vcpkg_installed/x64-linux/include/libavformat/avformat.h:893:21: note: declared here
2026-09-07T17:56:53.8461376Z   893 |     AVCodecContext *codec;
2026-09-07T17:56:53.8461835Z       |                     ^~~~~
2026-09-07T17:56:53.8463371Z /home/runner/work/PocketKrKr/PocketKrKr/cpp/core/movie/ffmpeg/DemuxFFmpeg.cpp:829:36: warning: ‘AVStream::codec’ is deprecated [-Wdeprecated-declarations]
2026-09-07T17:56:53.8464716Z   829 |                         if(stream->codec->codec_tag == 0)
2026-09-07T17:56:53.8465506Z       |                                    ^~~~~
2026-09-07T17:56:53.8466419Z In file included from /home/runner/work/PocketKrKr/PocketKrKr/cpp/core/movie/ffmpeg/DemuxFFmpeg.h:8,
2026-09-07T17:56:53.8467655Z                  from /home/runner/work/PocketKrKr/PocketKrKr/cpp/core/movie/ffmpeg/DemuxFFmpeg.cpp:1:
2026-09-07T17:56:53.8469194Z /home/runner/work/PocketKrKr/PocketKrKr/out/linux/debug/vcpkg_installed/x64-linux/include/libavformat/avformat.h:893:21: note: declared here
2026-09-07T17:56:53.8470441Z   893 |     AVCodecContext *codec;
2026-09-07T17:56:53.8470904Z       |                     ^~~~~
2026-09-07T17:56:53.8472765Z /home/runner/work/PocketKrKr/PocketKrKr/cpp/core/movie/ffmpeg/DemuxFFmpeg.cpp:835:42: warning: ‘AVStream::codec’ is deprecated [-Wdeprecated-declarations]
2026-09-07T17:56:53.8474138Z   835 |                     if(m_bAVI && stream->codec &&
2026-09-07T17:56:53.8474976Z       |                                          ^~~~~
2026-09-07T17:56:53.8482717Z In file included from /home/runner/work/PocketKrKr/PocketKrKr/cpp/core/movie/ffmpeg/DemuxFFmpeg.h:8,
2026-09-07T17:56:53.8483927Z                  from /home/runner/work/PocketKrKr/PocketKrKr/cpp/core/movie/ffmpeg/DemuxFFmpeg.cpp:1:
2026-09-07T17:56:53.8485887Z /home/runner/work/PocketKrKr/PocketKrKr/out/linux/debug/vcpkg_installed/x64-linux/include/libavformat/avformat.h:893:21: note: declared here
2026-09-07T17:56:53.8487153Z   893 |     AVCodecContext *codec;
2026-09-07T17:56:53.8487627Z       |                     ^~~~~
2026-09-07T17:56:53.8489390Z /home/runner/work/PocketKrKr/PocketKrKr/cpp/core/movie/ffmpeg/DemuxFFmpeg.cpp:835:42: warning: ‘AVStream::codec’ is deprecated [-Wdeprecated-declarations]
2026-09-07T17:56:53.8490885Z   835 |                     if(m_bAVI && stream->codec &&
2026-09-07T17:56:53.8491465Z       |                                          ^~~~~
2026-09-07T17:56:53.8492401Z In file included from /home/runner/work/PocketKrKr/PocketKrKr/cpp/core/movie/ffmpeg/DemuxFFmpeg.h:8,
2026-09-07T17:56:53.8493684Z                  from /home/runner/work/PocketKrKr/PocketKrKr/cpp/core/movie/ffmpeg/DemuxFFmpeg.cpp:1:
2026-09-07T17:56:53.8495495Z /home/runner/work/PocketKrKr/PocketKrKr/out/linux/debug/vcpkg_installed/x64-linux/include/libavformat/avformat.h:893:21: note: declared here
2026-09-07T17:56:53.8496720Z   893 |     AVCodecContext *codec;
2026-09-07T17:56:53.8497208Z       |                     ^~~~~
2026-09-07T17:56:53.8498892Z /home/runner/work/PocketKrKr/PocketKrKr/cpp/core/movie/ffmpeg/DemuxFFmpeg.cpp:835:42: warning: ‘AVStream::codec’ is deprecated [-Wdeprecated-declarations]
2026-09-07T17:56:53.8500260Z   835 |                     if(m_bAVI && stream->codec &&
2026-09-07T17:56:53.8500805Z       |                                          ^~~~~
2026-09-07T17:56:53.8501692Z In file included from /home/runner/work/PocketKrKr/PocketKrKr/cpp/core/movie/ffmpeg/DemuxFFmpeg.h:8,
2026-09-07T17:56:53.8502962Z                  from /home/runner/work/PocketKrKr/PocketKrKr/cpp/core/movie/ffmpeg/DemuxFFmpeg.cpp:1:
2026-09-07T17:56:53.8504490Z /home/runner/work/PocketKrKr/PocketKrKr/out/linux/debug/vcpkg_installed/x64-linux/include/libavformat/avformat.h:893:21: note: declared here
2026-09-07T17:56:53.8505934Z   893 |     AVCodecContext *codec;
2026-09-07T17:56:53.8506384Z       |                     ^~~~~
2026-09-07T17:56:53.8507815Z /home/runner/work/PocketKrKr/PocketKrKr/cpp/core/movie/ffmpeg/DemuxFFmpeg.cpp:836:32: warning: ‘AVStream::codec’ is deprecated [-Wdeprecated-declarations]
2026-09-07T17:56:53.8509383Z   836 |                        stream->codec->codec_type == AVMEDIA_TYPE_VIDEO) {
2026-09-07T17:56:53.8510037Z       |                                ^~~~~
2026-09-07T17:56:53.8510858Z In file included from /home/runner/work/PocketKrKr/PocketKrKr/cpp/core/movie/ffmpeg/DemuxFFmpeg.h:8,
2026-09-07T17:56:53.8512258Z                  from /home/runner/work/PocketKrKr/PocketKrKr/cpp/core/movie/ffmpeg/DemuxFFmpeg.cpp:1:
2026-09-07T17:56:53.8513709Z /home/runner/work/PocketKrKr/PocketKrKr/out/linux/debug/vcpkg_installed/x64-linux/include/libavformat/avformat.h:893:21: note: declared here
2026-09-07T17:56:53.8514907Z   893 |     AVCodecContext *codec;
2026-09-07T17:56:53.8515633Z       |                     ^~~~~
2026-09-07T17:56:53.8517165Z /home/runner/work/PocketKrKr/PocketKrKr/cpp/core/movie/ffmpeg/DemuxFFmpeg.cpp:836:32: warning: ‘AVStream::codec’ is deprecated [-Wdeprecated-declarations]
2026-09-07T17:56:53.8518476Z   836 |                        stream->codec->codec_type == AVMEDIA_TYPE_VIDEO) {
2026-09-07T17:56:53.8519120Z       |                                ^~~~~
2026-09-07T17:56:53.8520205Z In file included from /home/runner/work/PocketKrKr/PocketKrKr/cpp/core/movie/ffmpeg/DemuxFFmpeg.h:8,
2026-09-07T17:56:53.8521430Z                  from /home/runner/work/PocketKrKr/PocketKrKr/cpp/core/movie/ffmpeg/DemuxFFmpeg.cpp:1:
2026-09-07T17:56:53.8522944Z /home/runner/work/PocketKrKr/PocketKrKr/out/linux/debug/vcpkg_installed/x64-linux/include/libavformat/avformat.h:893:21: note: declared here
2026-09-07T17:56:53.8524431Z   893 |     AVCodecContext *codec;
2026-09-07T17:56:53.8524904Z       |                     ^~~~~
2026-09-07T17:56:53.8526758Z /home/runner/work/PocketKrKr/PocketKrKr/cpp/core/movie/ffmpeg/DemuxFFmpeg.cpp:836:32: warning: ‘AVStream::codec’ is deprecated [-Wdeprecated-declarations]
2026-09-07T17:56:53.8528183Z   836 |                        stream->codec->codec_type == AVMEDIA_TYPE_VIDEO) {
2026-09-07T17:56:53.8528862Z       |                                ^~~~~
2026-09-07T17:56:53.8529772Z In file included from /home/runner/work/PocketKrKr/PocketKrKr/cpp/core/movie/ffmpeg/DemuxFFmpeg.h:8,
2026-09-07T17:56:53.8531087Z                  from /home/runner/work/PocketKrKr/PocketKrKr/cpp/core/movie/ffmpeg/DemuxFFmpeg.cpp:1:
2026-09-07T17:56:53.8532634Z /home/runner/work/PocketKrKr/PocketKrKr/out/linux/debug/vcpkg_installed/x64-linux/include/libavformat/avformat.h:893:21: note: declared here
2026-09-07T17:56:53.8533839Z   893 |     AVCodecContext *codec;
2026-09-07T17:56:53.8534277Z       |                     ^~~~~
2026-09-07T17:56:53.8536375Z /home/runner/work/PocketKrKr/PocketKrKr/cpp/core/movie/ffmpeg/DemuxFFmpeg.cpp:900:34: warning: ‘AVStream::codec’ is deprecated [-Wdeprecated-declarations]
2026-09-07T17:56:53.8537681Z   900 |                         (stream->codec &&
2026-09-07T17:56:53.8538214Z       |                                  ^~~~~
2026-09-07T17:56:53.8539117Z In file included from /home/runner/work/PocketKrKr/PocketKrKr/cpp/core/movie/ffmpeg/DemuxFFmpeg.h:8,
2026-09-07T17:56:53.8540399Z                  from /home/runner/work/PocketKrKr/PocketKrKr/cpp/core/movie/ffmpeg/DemuxFFmpeg.cpp:1:
2026-09-07T17:56:53.8541975Z /home/runner/work/PocketKrKr/PocketKrKr/out/linux/debug/vcpkg_installed/x64-linux/include/libavformat/avformat.h:893:21: note: declared here
2026-09-07T17:56:53.8543198Z   893 |     AVCodecContext *codec;
2026-09-07T17:56:53.8543653Z       |                     ^~~~~
2026-09-07T17:56:53.8545634Z /home/runner/work/PocketKrKr/PocketKrKr/cpp/core/movie/ffmpeg/DemuxFFmpeg.cpp:900:34: warning: ‘AVStream::codec’ is deprecated [-Wdeprecated-declarations]
2026-09-07T17:56:53.8547015Z   900 |                         (stream->codec &&
2026-09-07T17:56:53.8547609Z       |                                  ^~~~~
2026-09-07T17:56:53.8548502Z In file included from /home/runner/work/PocketKrKr/PocketKrKr/cpp/core/movie/ffmpeg/DemuxFFmpeg.h:8,
2026-09-07T17:56:53.8549728Z                  from /home/runner/work/PocketKrKr/PocketKrKr/cpp/core/movie/ffmpeg/DemuxFFmpeg.cpp:1:
2026-09-07T17:56:53.8551247Z /home/runner/work/PocketKrKr/PocketKrKr/out/linux/debug/vcpkg_installed/x64-linux/include/libavformat/avformat.h:893:21: note: declared here
2026-09-07T17:56:53.8552430Z   893 |     AVCodecContext *codec;
2026-09-07T17:56:53.8552876Z       |                     ^~~~~
2026-09-07T17:56:53.8554539Z /home/runner/work/PocketKrKr/PocketKrKr/cpp/core/movie/ffmpeg/DemuxFFmpeg.cpp:900:34: warning: ‘AVStream::codec’ is deprecated [-Wdeprecated-declarations]
2026-09-07T17:56:53.8556036Z   900 |                         (stream->codec &&
2026-09-07T17:56:53.8556516Z       |                                  ^~~~~
2026-09-07T17:56:53.8557358Z In file included from /home/runner/work/PocketKrKr/PocketKrKr/cpp/core/movie/ffmpeg/DemuxFFmpeg.h:8,
2026-09-07T17:56:53.8558581Z                  from /home/runner/work/PocketKrKr/PocketKrKr/cpp/core/movie/ffmpeg/DemuxFFmpeg.cpp:1:
2026-09-07T17:56:53.8560076Z /home/runner/work/PocketKrKr/PocketKrKr/out/linux/debug/vcpkg_installed/x64-linux/include/libavformat/avformat.h:893:21: note: declared here
2026-09-07T17:56:53.8561192Z   893 |     AVCodecContext *codec;
2026-09-07T17:56:53.8561862Z       |                     ^~~~~
2026-09-07T17:56:53.8563411Z /home/runner/work/PocketKrKr/PocketKrKr/cpp/core/movie/ffmpeg/DemuxFFmpeg.cpp:901:35: warning: ‘AVStream::codec’ is deprecated [-Wdeprecated-declarations]
2026-09-07T17:56:53.8564775Z   901 |                          (stream->codec->codec_type == AVMEDIA_TYPE_VIDEO ||
2026-09-07T17:56:53.8565873Z       |                                   ^~~~~
2026-09-07T17:56:53.8566741Z In file included from /home/runner/work/PocketKrKr/PocketKrKr/cpp/core/movie/ffmpeg/DemuxFFmpeg.h:8,
2026-09-07T17:56:53.8567964Z                  from /home/runner/work/PocketKrKr/PocketKrKr/cpp/core/movie/ffmpeg/DemuxFFmpeg.cpp:1:
2026-09-07T17:56:53.8569469Z /home/runner/work/PocketKrKr/PocketKrKr/out/linux/debug/vcpkg_installed/x64-linux/include/libavformat/avformat.h:893:21: note: declared here
2026-09-07T17:56:53.8570657Z   893 |     AVCodecContext *codec;
2026-09-07T17:56:53.8571104Z       |                     ^~~~~
2026-09-07T17:56:53.8572731Z /home/runner/work/PocketKrKr/PocketKrKr/cpp/core/movie/ffmpeg/DemuxFFmpeg.cpp:901:35: warning: ‘AVStream::codec’ is deprecated [-Wdeprecated-declarations]
2026-09-07T17:56:53.8574114Z   901 |                          (stream->codec->codec_type == AVMEDIA_TYPE_VIDEO ||
2026-09-07T17:56:53.8574750Z       |                                   ^~~~~
2026-09-07T17:56:53.8576010Z In file included from /home/runner/work/PocketKrKr/PocketKrKr/cpp/core/movie/ffmpeg/DemuxFFmpeg.h:8,
2026-09-07T17:56:53.8577755Z                  from /home/runner/work/PocketKrKr/PocketKrKr/cpp/core/movie/ffmpeg/DemuxFFmpeg.cpp:1:
2026-09-07T17:56:53.8579328Z /home/runner/work/PocketKrKr/PocketKrKr/out/linux/debug/vcpkg_installed/x64-linux/include/libavformat/avformat.h:893:21: note: declared here
2026-09-07T17:56:53.8580568Z   893 |     AVCodecContext *codec;
2026-09-07T17:56:53.8581045Z       |                     ^~~~~
2026-09-07T17:56:53.8582670Z /home/runner/work/PocketKrKr/PocketKrKr/cpp/core/movie/ffmpeg/DemuxFFmpeg.cpp:901:35: warning: ‘AVStream::codec’ is deprecated [-Wdeprecated-declarations]
2026-09-07T17:56:53.8584147Z   901 |                          (stream->codec->codec_type == AVMEDIA_TYPE_VIDEO ||
2026-09-07T17:56:53.8584833Z       |                                   ^~~~~
2026-09-07T17:56:53.8586049Z In file included from /home/runner/work/PocketKrKr/PocketKrKr/cpp/core/movie/ffmpeg/DemuxFFmpeg.h:8,
2026-09-07T17:56:53.8587357Z                  from /home/runner/work/PocketKrKr/PocketKrKr/cpp/core/movie/ffmpeg/DemuxFFmpeg.cpp:1:
2026-09-07T17:56:53.8588929Z /home/runner/work/PocketKrKr/PocketKrKr/out/linux/debug/vcpkg_installed/x64-linux/include/libavformat/avformat.h:893:21: note: declared here
2026-09-07T17:56:53.8590146Z   893 |     AVCodecContext *codec;
2026-09-07T17:56:53.8590602Z       |                     ^~~~~
2026-09-07T17:56:53.8592180Z /home/runner/work/PocketKrKr/PocketKrKr/cpp/core/movie/ffmpeg/DemuxFFmpeg.cpp:902:35: warning: ‘AVStream::codec’ is deprecated [-Wdeprecated-declarations]
2026-09-07T17:56:53.8593647Z   902 |                           stream->codec->codec_type == AVMEDIA_TYPE_AUDIO));
2026-09-07T17:56:53.8594329Z       |                                   ^~~~~
2026-09-07T17:56:53.8595492Z In file included from /home/runner/work/PocketKrKr/PocketKrKr/cpp/core/movie/ffmpeg/DemuxFFmpeg.h:8,
2026-09-07T17:56:53.8596791Z                  from /home/runner/work/PocketKrKr/PocketKrKr/cpp/core/movie/ffmpeg/DemuxFFmpeg.cpp:1:
2026-09-07T17:56:53.8598412Z /home/runner/work/PocketKrKr/PocketKrKr/out/linux/debug/vcpkg_installed/x64-linux/include/libavformat/avformat.h:893:21: note: declared here
2026-09-07T17:56:53.8599632Z   893 |     AVCodecContext *codec;
2026-09-07T17:56:53.8600107Z       |                     ^~~~~
2026-09-07T17:56:53.8601695Z /home/runner/work/PocketKrKr/PocketKrKr/cpp/core/movie/ffmpeg/DemuxFFmpeg.cpp:902:35: warning: ‘AVStream::codec’ is deprecated [-Wdeprecated-declarations]
2026-09-07T17:56:53.8603157Z   902 |                           stream->codec->codec_type == AVMEDIA_TYPE_AUDIO));
2026-09-07T17:56:53.8604049Z       |                                   ^~~~~
2026-09-07T17:56:53.8604979Z In file included from /home/runner/work/PocketKrKr/PocketKrKr/cpp/core/movie/ffmpeg/DemuxFFmpeg.h:8,
2026-09-07T17:56:53.8606606Z                  from /home/runner/work/PocketKrKr/PocketKrKr/cpp/core/movie/ffmpeg/DemuxFFmpeg.cpp:1:
2026-09-07T17:56:53.8608369Z /home/runner/work/PocketKrKr/PocketKrKr/out/linux/debug/vcpkg_installed/x64-linux/include/libavformat/avformat.h:893:21: note: declared here
2026-09-07T17:56:53.8609526Z   893 |     AVCodecContext *codec;
2026-09-07T17:56:53.8609969Z       |                     ^~~~~
2026-09-07T17:56:53.8611559Z /home/runner/work/PocketKrKr/PocketKrKr/cpp/core/movie/ffmpeg/DemuxFFmpeg.cpp:902:35: warning: ‘AVStream::codec’ is deprecated [-Wdeprecated-declarations]
2026-09-07T17:56:53.8612961Z   902 |                           stream->codec->codec_type == AVMEDIA_TYPE_AUDIO));
2026-09-07T17:56:53.8613614Z       |                                   ^~~~~
2026-09-07T17:56:53.8614489Z In file included from /home/runner/work/PocketKrKr/PocketKrKr/cpp/core/movie/ffmpeg/DemuxFFmpeg.h:8,
2026-09-07T17:56:53.8615918Z                  from /home/runner/work/PocketKrKr/PocketKrKr/cpp/core/movie/ffmpeg/DemuxFFmpeg.cpp:1:
2026-09-07T17:56:53.8617405Z /home/runner/work/PocketKrKr/PocketKrKr/out/linux/debug/vcpkg_installed/x64-linux/include/libavformat/avformat.h:893:21: note: declared here
2026-09-07T17:56:53.8618591Z   893 |     AVCodecContext *codec;
2026-09-07T17:56:53.8619055Z       |                     ^~~~~
2026-09-07T17:56:53.8620542Z /home/runner/work/PocketKrKr/PocketKrKr/cpp/core/movie/ffmpeg/DemuxFFmpeg.cpp:947:63: warning: ‘AVStream::codec’ is deprecated [-Wdeprecated-declarations]
2026-09-07T17:56:53.8622018Z   947 |                m_pFormatContext->streams[pPacket->iStreamId]->codec->codec_id) {
2026-09-07T17:56:53.8622817Z       |                                                               ^~~~~
2026-09-07T17:56:53.8623764Z In file included from /home/runner/work/PocketKrKr/PocketKrKr/cpp/core/movie/ffmpeg/DemuxFFmpeg.h:8,
2026-09-07T17:56:53.8624979Z                  from /home/runner/work/PocketKrKr/PocketKrKr/cpp/core/movie/ffmpeg/DemuxFFmpeg.cpp:1:
2026-09-07T17:56:53.8626764Z /home/runner/work/PocketKrKr/PocketKrKr/out/linux/debug/vcpkg_installed/x64-linux/include/libavformat/avformat.h:893:21: note: declared here
2026-09-07T17:56:53.8627941Z   893 |     AVCodecContext *codec;
2026-09-07T17:56:53.8628400Z       |                     ^~~~~
2026-09-07T17:56:53.8629880Z /home/runner/work/PocketKrKr/PocketKrKr/cpp/core/movie/ffmpeg/DemuxFFmpeg.cpp:947:63: warning: ‘AVStream::codec’ is deprecated [-Wdeprecated-declarations]
2026-09-07T17:56:53.8631340Z   947 |                m_pFormatContext->streams[pPacket->iStreamId]->codec->codec_id) {
2026-09-07T17:56:53.8632120Z       |                                                               ^~~~~
2026-09-07T17:56:53.8633052Z In file included from /home/runner/work/PocketKrKr/PocketKrKr/cpp/core/movie/ffmpeg/DemuxFFmpeg.h:8,
2026-09-07T17:56:53.8634282Z                  from /home/runner/work/PocketKrKr/PocketKrKr/cpp/core/movie/ffmpeg/DemuxFFmpeg.cpp:1:
2026-09-07T17:56:53.8636000Z /home/runner/work/PocketKrKr/PocketKrKr/out/linux/debug/vcpkg_installed/x64-linux/include/libavformat/avformat.h:893:21: note: declared here
2026-09-07T17:56:53.8637201Z   893 |     AVCodecContext *codec;
2026-09-07T17:56:53.8637650Z       |                     ^~~~~
2026-09-07T17:56:53.8639199Z /home/runner/work/PocketKrKr/PocketKrKr/cpp/core/movie/ffmpeg/DemuxFFmpeg.cpp:947:63: warning: ‘AVStream::codec’ is deprecated [-Wdeprecated-declarations]
2026-09-07T17:56:53.8640693Z   947 |                m_pFormatContext->streams[pPacket->iStreamId]->codec->codec_id) {
2026-09-07T17:56:53.8641487Z       |                                                               ^~~~~
2026-09-07T17:56:53.8642429Z In file included from /home/runner/work/PocketKrKr/PocketKrKr/cpp/core/movie/ffmpeg/DemuxFFmpeg.h:8,
2026-09-07T17:56:53.8643921Z                  from /home/runner/work/PocketKrKr/PocketKrKr/cpp/core/movie/ffmpeg/DemuxFFmpeg.cpp:1:
2026-09-07T17:56:53.8645852Z /home/runner/work/PocketKrKr/PocketKrKr/out/linux/debug/vcpkg_installed/x64-linux/include/libavformat/avformat.h:893:21: note: declared here
2026-09-07T17:56:53.8647045Z   893 |     AVCodecContext *codec;
2026-09-07T17:56:53.8647773Z       |                     ^~~~~
2026-09-07T17:56:53.8649326Z /home/runner/work/PocketKrKr/PocketKrKr/cpp/core/movie/ffmpeg/DemuxFFmpeg.cpp:956:26: warning: ‘AVStream::codec’ is deprecated [-Wdeprecated-declarations]
2026-09-07T17:56:53.8650630Z   956 |                        ->codec->channels ||
2026-09-07T17:56:53.8651158Z       |                          ^~~~~
2026-09-07T17:56:53.8652005Z In file included from /home/runner/work/PocketKrKr/PocketKrKr/cpp/core/movie/ffmpeg/DemuxFFmpeg.h:8,
2026-09-07T17:56:53.8653223Z                  from /home/runner/work/PocketKrKr/PocketKrKr/cpp/core/movie/ffmpeg/DemuxFFmpeg.cpp:1:
2026-09-07T17:56:53.8654710Z /home/runner/work/PocketKrKr/PocketKrKr/out/linux/debug/vcpkg_installed/x64-linux/include/libavformat/avformat.h:893:21: note: declared here
2026-09-07T17:56:53.8656091Z   893 |     AVCodecContext *codec;
2026-09-07T17:56:53.8656526Z       |                     ^~~~~
2026-09-07T17:56:53.8658003Z /home/runner/work/PocketKrKr/PocketKrKr/cpp/core/movie/ffmpeg/DemuxFFmpeg.cpp:956:26: warning: ‘AVStream::codec’ is deprecated [-Wdeprecated-declarations]
2026-09-07T17:56:53.8659278Z   956 |                        ->codec->channels ||
2026-09-07T17:56:53.8659789Z       |                          ^~~~~
2026-09-07T17:56:53.8660620Z In file included from /home/runner/work/PocketKrKr/PocketKrKr/cpp/core/movie/ffmpeg/DemuxFFmpeg.h:8,
2026-09-07T17:56:53.8661817Z                  from /home/runner/work/PocketKrKr/PocketKrKr/cpp/core/movie/ffmpeg/DemuxFFmpeg.cpp:1:
2026-09-07T17:56:53.8663277Z /home/runner/work/PocketKrKr/PocketKrKr/out/linux/debug/vcpkg_installed/x64-linux/include/libavformat/avformat.h:893:21: note: declared here
2026-09-07T17:56:53.8664442Z   893 |     AVCodecContext *codec;
2026-09-07T17:56:53.8664873Z       |                     ^~~~~
2026-09-07T17:56:53.8666604Z /home/runner/work/PocketKrKr/PocketKrKr/cpp/core/movie/ffmpeg/DemuxFFmpeg.cpp:956:26: warning: ‘AVStream::codec’ is deprecated [-Wdeprecated-declarations]
2026-09-07T17:56:53.8667903Z   956 |                        ->codec->channels ||
2026-09-07T17:56:53.8668414Z       |                          ^~~~~
2026-09-07T17:56:53.8669251Z In file included from /home/runner/work/PocketKrKr/PocketKrKr/cpp/core/movie/ffmpeg/DemuxFFmpeg.h:8,
2026-09-07T17:56:53.8670446Z                  from /home/runner/work/PocketKrKr/PocketKrKr/cpp/core/movie/ffmpeg/DemuxFFmpeg.cpp:1:
2026-09-07T17:56:53.8671937Z /home/runner/work/PocketKrKr/PocketKrKr/out/linux/debug/vcpkg_installed/x64-linux/include/libavformat/avformat.h:893:21: note: declared here
2026-09-07T17:56:53.8673087Z   893 |     AVCodecContext *codec;
2026-09-07T17:56:53.8673526Z       |                     ^~~~~
2026-09-07T17:56:53.8675012Z /home/runner/work/PocketKrKr/PocketKrKr/cpp/core/movie/ffmpeg/DemuxFFmpeg.cpp:959:26: warning: ‘AVStream::codec’ is deprecated [-Wdeprecated-declarations]
2026-09-07T17:56:53.8676535Z   959 |                        ->codec->sample_rate) {
2026-09-07T17:56:53.8677067Z       |                          ^~~~~
2026-09-07T17:56:53.8677956Z In file included from /home/runner/work/PocketKrKr/PocketKrKr/cpp/core/movie/ffmpeg/DemuxFFmpeg.h:8,
2026-09-07T17:56:53.8679190Z                  from /home/runner/work/PocketKrKr/PocketKrKr/cpp/core/movie/ffmpeg/DemuxFFmpeg.cpp:1:
2026-09-07T17:56:53.8680666Z /home/runner/work/PocketKrKr/PocketKrKr/out/linux/debug/vcpkg_installed/x64-linux/include/libavformat/avformat.h:893:21: note: declared here
2026-09-07T17:56:53.8681860Z   893 |     AVCodecContext *codec;
2026-09-07T17:56:53.8682309Z       |                     ^~~~~
2026-09-07T17:56:53.8683777Z /home/runner/work/PocketKrKr/PocketKrKr/cpp/core/movie/ffmpeg/DemuxFFmpeg.cpp:959:26: warning: ‘AVStream::codec’ is deprecated [-Wdeprecated-declarations]
2026-09-07T17:56:53.8685610Z   959 |                        ->codec->sample_rate) {
2026-09-07T17:56:53.8686173Z       |                          ^~~~~
2026-09-07T17:56:53.8687015Z In file included from /home/runner/work/PocketKrKr/PocketKrKr/cpp/core/movie/ffmpeg/DemuxFFmpeg.h:8,
2026-09-07T17:56:53.8688440Z                  from /home/runner/work/PocketKrKr/PocketKrKr/cpp/core/movie/ffmpeg/DemuxFFmpeg.cpp:1:
2026-09-07T17:56:53.8689919Z /home/runner/work/PocketKrKr/PocketKrKr/out/linux/debug/vcpkg_installed/x64-linux/include/libavformat/avformat.h:893:21: note: declared here
2026-09-07T17:56:53.8691097Z   893 |     AVCodecContext *codec;
2026-09-07T17:56:53.8691538Z       |                     ^~~~~
2026-09-07T17:56:53.8693025Z /home/runner/work/PocketKrKr/PocketKrKr/cpp/core/movie/ffmpeg/DemuxFFmpeg.cpp:959:26: warning: ‘AVStream::codec’ is deprecated [-Wdeprecated-declarations]
2026-09-07T17:56:53.8694321Z   959 |                        ->codec->sample_rate) {
2026-09-07T17:56:53.8694850Z       |                          ^~~~~
2026-09-07T17:56:53.8695914Z In file included from /home/runner/work/PocketKrKr/PocketKrKr/cpp/core/movie/ffmpeg/DemuxFFmpeg.h:8,
2026-09-07T17:56:53.8697133Z                  from /home/runner/work/PocketKrKr/PocketKrKr/cpp/core/movie/ffmpeg/DemuxFFmpeg.cpp:1:
2026-09-07T17:56:53.8698686Z /home/runner/work/PocketKrKr/PocketKrKr/out/linux/debug/vcpkg_installed/x64-linux/include/libavformat/avformat.h:893:21: note: declared here
2026-09-07T17:56:53.8699823Z   893 |     AVCodecContext *codec;
2026-09-07T17:56:53.8700256Z       |                     ^~~~~
2026-09-07T17:56:53.8701744Z /home/runner/work/PocketKrKr/PocketKrKr/cpp/core/movie/ffmpeg/DemuxFFmpeg.cpp:966:26: warning: ‘AVStream::codec’ is deprecated [-Wdeprecated-declarations]
2026-09-07T17:56:53.8703006Z   966 |                        ->codec->width ||
2026-09-07T17:56:53.8703516Z       |                          ^~~~~
2026-09-07T17:56:53.8704349Z In file included from /home/runner/work/PocketKrKr/PocketKrKr/cpp/core/movie/ffmpeg/DemuxFFmpeg.h:8,
2026-09-07T17:56:53.8705729Z                  from /home/runner/work/PocketKrKr/PocketKrKr/cpp/core/movie/ffmpeg/DemuxFFmpeg.cpp:1:
2026-09-07T17:56:53.8707188Z /home/runner/work/PocketKrKr/PocketKrKr/out/linux/debug/vcpkg_installed/x64-linux/include/libavformat/avformat.h:893:21: note: declared here
2026-09-07T17:56:53.8708320Z   893 |     AVCodecContext *codec;
2026-09-07T17:56:53.8708753Z       |                     ^~~~~
2026-09-07T17:56:53.8710183Z /home/runner/work/PocketKrKr/PocketKrKr/cpp/core/movie/ffmpeg/DemuxFFmpeg.cpp:966:26: warning: ‘AVStream::codec’ is deprecated [-Wdeprecated-declarations]
2026-09-07T17:56:53.8711420Z   966 |                        ->codec->width ||
2026-09-07T17:56:53.8711916Z       |                          ^~~~~
2026-09-07T17:56:53.8712722Z In file included from /home/runner/work/PocketKrKr/PocketKrKr/cpp/core/movie/ffmpeg/DemuxFFmpeg.h:8,
2026-09-07T17:56:53.8713906Z                  from /home/runner/work/PocketKrKr/PocketKrKr/cpp/core/movie/ffmpeg/DemuxFFmpeg.cpp:1:
2026-09-07T17:56:53.8715555Z /home/runner/work/PocketKrKr/PocketKrKr/out/linux/debug/vcpkg_installed/x64-linux/include/libavformat/avformat.h:893:21: note: declared here
2026-09-07T17:56:53.8716699Z   893 |     AVCodecContext *codec;
2026-09-07T17:56:53.8717131Z       |                     ^~~~~
2026-09-07T17:56:53.8718594Z /home/runner/work/PocketKrKr/PocketKrKr/cpp/core/movie/ffmpeg/DemuxFFmpeg.cpp:966:26: warning: ‘AVStream::codec’ is deprecated [-Wdeprecated-declarations]
2026-09-07T17:56:53.8719836Z   966 |                        ->codec->width ||
2026-09-07T17:56:53.8720321Z       |                          ^~~~~
2026-09-07T17:56:53.8721133Z In file included from /home/runner/work/PocketKrKr/PocketKrKr/cpp/core/movie/ffmpeg/DemuxFFmpeg.h:8,
2026-09-07T17:56:53.8722311Z                  from /home/runner/work/PocketKrKr/PocketKrKr/cpp/core/movie/ffmpeg/DemuxFFmpeg.cpp:1:
2026-09-07T17:56:53.8723975Z /home/runner/work/PocketKrKr/PocketKrKr/out/linux/debug/vcpkg_installed/x64-linux/include/libavformat/avformat.h:893:21: note: declared here
2026-09-07T17:56:53.8725147Z   893 |     AVCodecContext *codec;
2026-09-07T17:56:53.8725944Z       |                     ^~~~~
2026-09-07T17:56:53.8727473Z /home/runner/work/PocketKrKr/PocketKrKr/cpp/core/movie/ffmpeg/DemuxFFmpeg.cpp:969:26: warning: ‘AVStream::codec’ is deprecated [-Wdeprecated-declarations]
2026-09-07T17:56:53.8728970Z   969 |                        ->codec->height) {
2026-09-07T17:56:53.8729472Z       |                          ^~~~~
2026-09-07T17:56:53.8730326Z In file included from /home/runner/work/PocketKrKr/PocketKrKr/cpp/core/movie/ffmpeg/DemuxFFmpeg.h:8,
2026-09-07T17:56:53.8731533Z                  from /home/runner/work/PocketKrKr/PocketKrKr/cpp/core/movie/ffmpeg/DemuxFFmpeg.cpp:1:
2026-09-07T17:56:53.8733056Z /home/runner/work/PocketKrKr/PocketKrKr/out/linux/debug/vcpkg_installed/x64-linux/include/libavformat/avformat.h:893:21: note: declared here
2026-09-07T17:56:53.8734204Z   893 |     AVCodecContext *codec;
2026-09-07T17:56:53.8734658Z       |                     ^~~~~
2026-09-07T17:56:53.8736423Z /home/runner/work/PocketKrKr/PocketKrKr/cpp/core/movie/ffmpeg/DemuxFFmpeg.cpp:969:26: warning: ‘AVStream::codec’ is deprecated [-Wdeprecated-declarations]
2026-09-07T17:56:53.8737709Z   969 |                        ->codec->height) {
2026-09-07T17:56:53.8738235Z       |                          ^~~~~
2026-09-07T17:56:53.8739072Z In file included from /home/runner/work/PocketKrKr/PocketKrKr/cpp/core/movie/ffmpeg/DemuxFFmpeg.h:8,
2026-09-07T17:56:53.8740284Z                  from /home/runner/work/PocketKrKr/PocketKrKr/cpp/core/movie/ffmpeg/DemuxFFmpeg.cpp:1:
2026-09-07T17:56:53.8741765Z /home/runner/work/PocketKrKr/PocketKrKr/out/linux/debug/vcpkg_installed/x64-linux/include/libavformat/avformat.h:893:21: note: declared here
2026-09-07T17:56:53.8742917Z   893 |     AVCodecContext *codec;
2026-09-07T17:56:53.8743382Z       |                     ^~~~~
2026-09-07T17:56:53.8744862Z /home/runner/work/PocketKrKr/PocketKrKr/cpp/core/movie/ffmpeg/DemuxFFmpeg.cpp:969:26: warning: ‘AVStream::codec’ is deprecated [-Wdeprecated-declarations]
2026-09-07T17:56:53.8746384Z   969 |                        ->codec->height) {
2026-09-07T17:56:53.8746862Z       |                          ^~~~~
2026-09-07T17:56:53.8747655Z In file included from /home/runner/work/PocketKrKr/PocketKrKr/cpp/core/movie/ffmpeg/DemuxFFmpeg.h:8,
2026-09-07T17:56:53.8748875Z                  from /home/runner/work/PocketKrKr/PocketKrKr/cpp/core/movie/ffmpeg/DemuxFFmpeg.cpp:1:
2026-09-07T17:56:53.8750324Z /home/runner/work/PocketKrKr/PocketKrKr/out/linux/debug/vcpkg_installed/x64-linux/include/libavformat/avformat.h:893:21: note: declared here
2026-09-07T17:56:53.8751454Z   893 |     AVCodecContext *codec;
2026-09-07T17:56:53.8751877Z       |                     ^~~~~
2026-09-07T17:56:53.8753427Z /home/runner/work/PocketKrKr/PocketKrKr/cpp/core/movie/ffmpeg/DemuxFFmpeg.cpp: In member function ‘double KRMovie::CDVDDemuxFFmpeg::SelectAspect(AVStream*, bool&)’:
2026-09-07T17:56:53.8756157Z /home/runner/work/PocketKrKr/PocketKrKr/cpp/core/movie/ffmpeg/DemuxFFmpeg.cpp:1151:12: warning: ‘AVStream::codec’ is deprecated [-Wdeprecated-declarations]
2026-09-07T17:56:53.8757465Z  1151 |        st->codec->sample_aspect_ratio.num != 0) {
2026-09-07T17:56:53.8758000Z       |            ^~~~~
2026-09-07T17:56:53.8758775Z In file included from /home/runner/work/PocketKrKr/PocketKrKr/cpp/core/movie/ffmpeg/DemuxFFmpeg.h:8,
2026-09-07T17:56:53.8759932Z                  from /home/runner/work/PocketKrKr/PocketKrKr/cpp/core/movie/ffmpeg/DemuxFFmpeg.cpp:1:
2026-09-07T17:56:53.8761356Z /home/runner/work/PocketKrKr/PocketKrKr/out/linux/debug/vcpkg_installed/x64-linux/include/libavformat/avformat.h:893:21: note: declared here
2026-09-07T17:56:53.8762452Z   893 |     AVCodecContext *codec;
2026-09-07T17:56:53.8762900Z       |                     ^~~~~
2026-09-07T17:56:53.8764629Z /home/runner/work/PocketKrKr/PocketKrKr/cpp/core/movie/ffmpeg/DemuxFFmpeg.cpp:1151:12: warning: ‘AVStream::codec’ is deprecated [-Wdeprecated-declarations]
2026-09-07T17:56:53.8766204Z  1151 |        st->codec->sample_aspect_ratio.num != 0) {
2026-09-07T17:56:53.8766724Z       |            ^~~~~
2026-09-07T17:56:53.8767479Z In file included from /home/runner/work/PocketKrKr/PocketKrKr/cpp/core/movie/ffmpeg/DemuxFFmpeg.h:8,
2026-09-07T17:56:53.8768913Z                  from /home/runner/work/PocketKrKr/PocketKrKr/cpp/core/movie/ffmpeg/DemuxFFmpeg.cpp:1:
2026-09-07T17:56:53.8770334Z /home/runner/work/PocketKrKr/PocketKrKr/out/linux/debug/vcpkg_installed/x64-linux/include/libavformat/avformat.h:893:21: note: declared here
2026-09-07T17:56:53.8771449Z   893 |     AVCodecContext *codec;
2026-09-07T17:56:53.8771877Z       |                     ^~~~~
2026-09-07T17:56:53.8773292Z /home/runner/work/PocketKrKr/PocketKrKr/cpp/core/movie/ffmpeg/DemuxFFmpeg.cpp:1151:12: warning: ‘AVStream::codec’ is deprecated [-Wdeprecated-declarations]
2026-09-07T17:56:53.8774566Z  1151 |        st->codec->sample_aspect_ratio.num != 0) {
2026-09-07T17:56:53.8775099Z       |            ^~~~~
2026-09-07T17:56:53.8776096Z In file included from /home/runner/work/PocketKrKr/PocketKrKr/cpp/core/movie/ffmpeg/DemuxFFmpeg.h:8,
2026-09-07T17:56:53.8777272Z                  from /home/runner/work/PocketKrKr/PocketKrKr/cpp/core/movie/ffmpeg/DemuxFFmpeg.cpp:1:
2026-09-07T17:56:53.8778694Z /home/runner/work/PocketKrKr/PocketKrKr/out/linux/debug/vcpkg_installed/x64-linux/include/libavformat/avformat.h:893:21: note: declared here
2026-09-07T17:56:53.8780077Z   893 |     AVCodecContext *codec;
2026-09-07T17:56:53.8780535Z       |                     ^~~~~
2026-09-07T17:56:53.8782083Z /home/runner/work/PocketKrKr/PocketKrKr/cpp/core/movie/ffmpeg/DemuxFFmpeg.cpp:1152:27: warning: ‘AVStream::codec’ is deprecated [-Wdeprecated-declarations]
2026-09-07T17:56:53.8783446Z  1152 |         return av_q2d(st->codec->sample_aspect_ratio);
2026-09-07T17:56:53.8784035Z       |                           ^~~~~
2026-09-07T17:56:53.8784902Z In file included from /home/runner/work/PocketKrKr/PocketKrKr/cpp/core/movie/ffmpeg/DemuxFFmpeg.h:8,
2026-09-07T17:56:53.8786478Z                  from /home/runner/work/PocketKrKr/PocketKrKr/cpp/core/movie/ffmpeg/DemuxFFmpeg.cpp:1:
2026-09-07T17:56:53.8787968Z /home/runner/work/PocketKrKr/PocketKrKr/out/linux/debug/vcpkg_installed/x64-linux/include/libavformat/avformat.h:893:21: note: declared here
2026-09-07T17:56:53.8789100Z   893 |     AVCodecContext *codec;
2026-09-07T17:56:53.8789563Z       |                     ^~~~~
2026-09-07T17:56:53.8791107Z /home/runner/work/PocketKrKr/PocketKrKr/cpp/core/movie/ffmpeg/DemuxFFmpeg.cpp:1152:27: warning: ‘AVStream::codec’ is deprecated [-Wdeprecated-declarations]
2026-09-07T17:56:53.8792754Z  1152 |         return av_q2d(st->codec->sample_aspect_ratio);
2026-09-07T17:56:53.8793336Z       |                           ^~~~~
2026-09-07T17:56:53.8794165Z In file included from /home/runner/work/PocketKrKr/PocketKrKr/cpp/core/movie/ffmpeg/DemuxFFmpeg.h:8,
2026-09-07T17:56:53.8795599Z                  from /home/runner/work/PocketKrKr/PocketKrKr/cpp/core/movie/ffmpeg/DemuxFFmpeg.cpp:1:
2026-09-07T17:56:53.8797117Z /home/runner/work/PocketKrKr/PocketKrKr/out/linux/debug/vcpkg_installed/x64-linux/include/libavformat/avformat.h:893:21: note: declared here
2026-09-07T17:56:53.8798337Z   893 |     AVCodecContext *codec;
2026-09-07T17:56:53.8798821Z       |                     ^~~~~
2026-09-07T17:56:53.8800374Z /home/runner/work/PocketKrKr/PocketKrKr/cpp/core/movie/ffmpeg/DemuxFFmpeg.cpp:1152:27: warning: ‘AVStream::codec’ is deprecated [-Wdeprecated-declarations]
2026-09-07T17:56:53.8801717Z  1152 |         return av_q2d(st->codec->sample_aspect_ratio);
2026-09-07T17:56:53.8802297Z       |                           ^~~~~
2026-09-07T17:56:53.8803154Z In file included from /home/runner/work/PocketKrKr/PocketKrKr/cpp/core/movie/ffmpeg/DemuxFFmpeg.h:8,
2026-09-07T17:56:53.8804402Z                  from /home/runner/work/PocketKrKr/PocketKrKr/cpp/core/movie/ffmpeg/DemuxFFmpeg.cpp:1:
2026-09-07T17:56:53.8806499Z /home/runner/work/PocketKrKr/PocketKrKr/out/linux/debug/vcpkg_installed/x64-linux/include/libavformat/avformat.h:893:21: note: declared here
2026-09-07T17:56:53.8807771Z   893 |     AVCodecContext *codec;
2026-09-07T17:56:53.8808254Z       |                     ^~~~~
2026-09-07T17:56:53.8809941Z /home/runner/work/PocketKrKr/PocketKrKr/cpp/core/movie/ffmpeg/DemuxFFmpeg.cpp: In member function ‘KRMovie::CDemuxStream* KRMovie::CDVDDemuxFFmpeg::AddStream(int)’:
2026-09-07T17:56:53.8812820Z /home/runner/work/PocketKrKr/PocketKrKr/cpp/core/movie/ffmpeg/DemuxFFmpeg.cpp:1217:25: warning: ‘AVStream::codec’ is deprecated [-Wdeprecated-declarations]
2026-09-07T17:56:53.8814216Z  1217 |         switch(pStream->codec->codec_type) {
2026-09-07T17:56:53.8814795Z       |                         ^~~~~
2026-09-07T17:56:53.8815913Z In file included from /home/runner/work/PocketKrKr/PocketKrKr/cpp/core/movie/ffmpeg/DemuxFFmpeg.h:8,
2026-09-07T17:56:53.8817216Z                  from /home/runner/work/PocketKrKr/PocketKrKr/cpp/core/movie/ffmpeg/DemuxFFmpeg.cpp:1:
2026-09-07T17:56:53.8818783Z /home/runner/work/PocketKrKr/PocketKrKr/out/linux/debug/vcpkg_installed/x64-linux/include/libavformat/avformat.h:893:21: note: declared here
2026-09-07T17:56:53.8820019Z   893 |     AVCodecContext *codec;
2026-09-07T17:56:53.8820500Z       |                     ^~~~~
2026-09-07T17:56:53.8822093Z /home/runner/work/PocketKrKr/PocketKrKr/cpp/core/movie/ffmpeg/DemuxFFmpeg.cpp:1217:25: warning: ‘AVStream::codec’ is deprecated [-Wdeprecated-declarations]
2026-09-07T17:56:53.8823422Z  1217 |         switch(pStream->codec->codec_type) {
2026-09-07T17:56:53.8823952Z       |                         ^~~~~
2026-09-07T17:56:53.8824806Z In file included from /home/runner/work/PocketKrKr/PocketKrKr/cpp/core/movie/ffmpeg/DemuxFFmpeg.h:8,
2026-09-07T17:56:53.8826702Z                  from /home/runner/work/PocketKrKr/PocketKrKr/cpp/core/movie/ffmpeg/DemuxFFmpeg.cpp:1:
2026-09-07T17:56:53.8845901Z /home/runner/work/PocketKrKr/PocketKrKr/out/linux/debug/vcpkg_installed/x64-linux/include/libavformat/avformat.h:893:21: note: declared here
2026-09-07T17:56:53.8847044Z   893 |     AVCodecContext *codec;
2026-09-07T17:56:53.8847518Z       |                     ^~~~~
2026-09-07T17:56:53.8849199Z /home/runner/work/PocketKrKr/PocketKrKr/cpp/core/movie/ffmpeg/DemuxFFmpeg.cpp:1217:25: warning: ‘AVStream::codec’ is deprecated [-Wdeprecated-declarations]
2026-09-07T17:56:53.8850553Z  1217 |         switch(pStream->codec->codec_type) {
2026-09-07T17:56:53.8851098Z       |                         ^~~~~
2026-09-07T17:56:53.8851982Z In file included from /home/runner/work/PocketKrKr/PocketKrKr/cpp/core/movie/ffmpeg/DemuxFFmpeg.h:8,
2026-09-07T17:56:53.8853222Z                  from /home/runner/work/PocketKrKr/PocketKrKr/cpp/core/movie/ffmpeg/DemuxFFmpeg.cpp:1:
2026-09-07T17:56:53.8854737Z /home/runner/work/PocketKrKr/PocketKrKr/out/linux/debug/vcpkg_installed/x64-linux/include/libavformat/avformat.h:893:21: note: declared here
2026-09-07T17:56:53.8856329Z   893 |     AVCodecContext *codec;
2026-09-07T17:56:53.8856825Z       |                     ^~~~~
2026-09-07T17:56:53.8858393Z /home/runner/work/PocketKrKr/PocketKrKr/cpp/core/movie/ffmpeg/DemuxFFmpeg.cpp:1221:42: warning: ‘AVStream::codec’ is deprecated [-Wdeprecated-declarations]
2026-09-07T17:56:53.8859751Z  1221 |                 st->iChannels = pStream->codec->channels;
2026-09-07T17:56:53.8860373Z       |                                          ^~~~~
2026-09-07T17:56:53.8861248Z In file included from /home/runner/work/PocketKrKr/PocketKrKr/cpp/core/movie/ffmpeg/DemuxFFmpeg.h:8,
2026-09-07T17:56:53.8862497Z                  from /home/runner/work/PocketKrKr/PocketKrKr/cpp/core/movie/ffmpeg/DemuxFFmpeg.cpp:1:
2026-09-07T17:56:53.8864005Z /home/runner/work/PocketKrKr/PocketKrKr/out/linux/debug/vcpkg_installed/x64-linux/include/libavformat/avformat.h:893:21: note: declared here
2026-09-07T17:56:53.8865170Z   893 |     AVCodecContext *codec;
2026-09-07T17:56:53.8865977Z       |                     ^~~~~
2026-09-07T17:56:53.8867740Z /home/runner/work/PocketKrKr/PocketKrKr/cpp/core/movie/ffmpeg/DemuxFFmpeg.cpp:1221:42: warning: ‘AVStream::codec’ is deprecated [-Wdeprecated-declarations]
2026-09-07T17:56:53.8869133Z  1221 |                 st->iChannels = pStream->codec->channels;
2026-09-07T17:56:53.8869730Z       |                                          ^~~~~
2026-09-07T17:56:53.8870882Z In file included from /home/runner/work/PocketKrKr/PocketKrKr/cpp/core/movie/ffmpeg/DemuxFFmpeg.h:8,
2026-09-07T17:56:53.8872117Z                  from /home/runner/work/PocketKrKr/PocketKrKr/cpp/core/movie/ffmpeg/DemuxFFmpeg.cpp:1:
2026-09-07T17:56:53.8873547Z /home/runner/work/PocketKrKr/PocketKrKr/out/linux/debug/vcpkg_installed/x64-linux/include/libavformat/avformat.h:893:21: note: declared here
2026-09-07T17:56:53.8874660Z   893 |     AVCodecContext *codec;
2026-09-07T17:56:53.8875125Z       |                     ^~~~~
2026-09-07T17:56:53.8876969Z /home/runner/work/PocketKrKr/PocketKrKr/cpp/core/movie/ffmpeg/DemuxFFmpeg.cpp:1221:42: warning: ‘AVStream::codec’ is deprecated [-Wdeprecated-declarations]
2026-09-07T17:56:53.8878393Z  1221 |                 st->iChannels = pStream->codec->channels;
2026-09-07T17:56:53.8879015Z       |                                          ^~~~~
2026-09-07T17:56:53.8879930Z In file included from /home/runner/work/PocketKrKr/PocketKrKr/cpp/core/movie/ffmpeg/DemuxFFmpeg.h:8,
2026-09-07T17:56:53.8881175Z                  from /home/runner/work/PocketKrKr/PocketKrKr/cpp/core/movie/ffmpeg/DemuxFFmpeg.cpp:1:
2026-09-07T17:56:53.8882727Z /home/runner/work/PocketKrKr/PocketKrKr/out/linux/debug/vcpkg_installed/x64-linux/include/libavformat/avformat.h:893:21: note: declared here
2026-09-07T17:56:53.8883917Z   893 |     AVCodecContext *codec;
2026-09-07T17:56:53.8884389Z       |                     ^~~~~
2026-09-07T17:56:53.8886268Z /home/runner/work/PocketKrKr/PocketKrKr/cpp/core/movie/ffmpeg/DemuxFFmpeg.cpp:1222:44: warning: ‘AVStream::codec’ is deprecated [-Wdeprecated-declarations]
2026-09-07T17:56:53.8887703Z  1222 |                 st->iSampleRate = pStream->codec->sample_rate;
2026-09-07T17:56:53.8888386Z       |                                            ^~~~~
2026-09-07T17:56:53.8891607Z In file included from /home/runner/work/PocketKrKr/PocketKrKr/cpp/core/movie/ffmpeg/DemuxFFmpeg.h:8,
2026-09-07T17:56:53.8892861Z                  from /home/runner/work/PocketKrKr/PocketKrKr/cpp/core/movie/ffmpeg/DemuxFFmpeg.cpp:1:
2026-09-07T17:56:53.8894259Z /home/runner/work/PocketKrKr/PocketKrKr/out/linux/debug/vcpkg_installed/x64-linux/include/libavformat/avformat.h:893:21: note: declared here
2026-09-07T17:56:53.8896007Z   893 |     AVCodecContext *codec;
2026-09-07T17:56:53.8896498Z       |                     ^~~~~
2026-09-07T17:56:53.8898173Z /home/runner/work/PocketKrKr/PocketKrKr/cpp/core/movie/ffmpeg/DemuxFFmpeg.cpp:1222:44: warning: ‘AVStream::codec’ is deprecated [-Wdeprecated-declarations]
2026-09-07T17:56:53.8899624Z  1222 |                 st->iSampleRate = pStream->codec->sample_rate;
2026-09-07T17:56:53.8900261Z       |                                            ^~~~~
2026-09-07T17:56:53.8901217Z In file included from /home/runner/work/PocketKrKr/PocketKrKr/cpp/core/movie/ffmpeg/DemuxFFmpeg.h:8,
2026-09-07T17:56:53.8902455Z                  from /home/runner/work/PocketKrKr/PocketKrKr/cpp/core/movie/ffmpeg/DemuxFFmpeg.cpp:1:
2026-09-07T17:56:53.8903916Z /home/runner/work/PocketKrKr/PocketKrKr/out/linux/debug/vcpkg_installed/x64-linux/include/libavformat/avformat.h:893:21: note: declared here
2026-09-07T17:56:53.8905098Z   893 |     AVCodecContext *codec;
2026-09-07T17:56:53.8905806Z       |                     ^~~~~
2026-09-07T17:56:53.8907333Z /home/runner/work/PocketKrKr/PocketKrKr/cpp/core/movie/ffmpeg/DemuxFFmpeg.cpp:1222:44: warning: ‘AVStream::codec’ is deprecated [-Wdeprecated-declarations]
2026-09-07T17:56:53.8908676Z  1222 |                 st->iSampleRate = pStream->codec->sample_rate;
2026-09-07T17:56:53.8909276Z       |                                            ^~~~~
2026-09-07T17:56:53.8910365Z In file included from /home/runner/work/PocketKrKr/PocketKrKr/cpp/core/movie/ffmpeg/DemuxFFmpeg.h:8,
2026-09-07T17:56:53.8911599Z                  from /home/runner/work/PocketKrKr/PocketKrKr/cpp/core/movie/ffmpeg/DemuxFFmpeg.cpp:1:
2026-09-07T17:56:53.8913156Z /home/runner/work/PocketKrKr/PocketKrKr/out/linux/debug/vcpkg_installed/x64-linux/include/libavformat/avformat.h:893:21: note: declared here
2026-09-07T17:56:53.8914594Z   893 |     AVCodecContext *codec;
2026-09-07T17:56:53.8915050Z       |                     ^~~~~
2026-09-07T17:56:53.8919182Z /home/runner/work/PocketKrKr/PocketKrKr/cpp/core/movie/ffmpeg/DemuxFFmpeg.cpp:1223:44: warning: ‘AVStream::codec’ is deprecated [-Wdeprecated-declarations]
2026-09-07T17:56:53.8920724Z  1223 |                 st->iBlockAlign = pStream->codec->block_align;
2026-09-07T17:56:53.8921383Z       |                                            ^~~~~
2026-09-07T17:56:53.8922269Z In file included from /home/runner/work/PocketKrKr/PocketKrKr/cpp/core/movie/ffmpeg/DemuxFFmpeg.h:8,
2026-09-07T17:56:53.8923502Z                  from /home/runner/work/PocketKrKr/PocketKrKr/cpp/core/movie/ffmpeg/DemuxFFmpeg.cpp:1:
2026-09-07T17:56:53.8925034Z /home/runner/work/PocketKrKr/PocketKrKr/out/linux/debug/vcpkg_installed/x64-linux/include/libavformat/avformat.h:893:21: note: declared here
2026-09-07T17:56:53.8926458Z   893 |     AVCodecContext *codec;
2026-09-07T17:56:53.8926952Z       |                     ^~~~~
2026-09-07T17:56:53.8928776Z /home/runner/work/PocketKrKr/PocketKrKr/cpp/core/movie/ffmpeg/DemuxFFmpeg.cpp:1223:44: warning: ‘AVStream::codec’ is deprecated [-Wdeprecated-declarations]
2026-09-07T17:56:53.8930211Z  1223 |                 st->iBlockAlign = pStream->codec->block_align;
2026-09-07T17:56:53.8930863Z       |                                            ^~~~~
2026-09-07T17:56:53.8931753Z In file included from /home/runner/work/PocketKrKr/PocketKrKr/cpp/core/movie/ffmpeg/DemuxFFmpeg.h:8,
2026-09-07T17:56:53.8932973Z                  from /home/runner/work/PocketKrKr/PocketKrKr/cpp/core/movie/ffmpeg/DemuxFFmpeg.cpp:1:
2026-09-07T17:56:53.8934490Z /home/runner/work/PocketKrKr/PocketKrKr/out/linux/debug/vcpkg_installed/x64-linux/include/libavformat/avformat.h:893:21: note: declared here
2026-09-07T17:56:53.8936156Z   893 |     AVCodecContext *codec;
2026-09-07T17:56:53.8936624Z       |                     ^~~~~
2026-09-07T17:56:53.8938190Z /home/runner/work/PocketKrKr/PocketKrKr/cpp/core/movie/ffmpeg/DemuxFFmpeg.cpp:1223:44: warning: ‘AVStream::codec’ is deprecated [-Wdeprecated-declarations]
2026-09-07T17:56:53.8939601Z  1223 |                 st->iBlockAlign = pStream->codec->block_align;
2026-09-07T17:56:53.8940245Z       |                                            ^~~~~
2026-09-07T17:56:53.8941161Z In file included from /home/runner/work/PocketKrKr/PocketKrKr/cpp/core/movie/ffmpeg/DemuxFFmpeg.h:8,
2026-09-07T17:56:53.8942431Z                  from /home/runner/work/PocketKrKr/PocketKrKr/cpp/core/movie/ffmpeg/DemuxFFmpeg.cpp:1:
2026-09-07T17:56:53.8944020Z /home/runner/work/PocketKrKr/PocketKrKr/out/linux/debug/vcpkg_installed/x64-linux/include/libavformat/avformat.h:893:21: note: declared here
2026-09-07T17:56:53.8945682Z   893 |     AVCodecContext *codec;
2026-09-07T17:56:53.8946186Z       |                     ^~~~~
2026-09-07T17:56:53.8947825Z /home/runner/work/PocketKrKr/PocketKrKr/cpp/core/movie/ffmpeg/DemuxFFmpeg.cpp:1224:41: warning: ‘AVStream::codec’ is deprecated [-Wdeprecated-declarations]
2026-09-07T17:56:53.8949263Z  1224 |                 st->iBitRate = pStream->codec->bit_rate;
2026-09-07T17:56:53.8949868Z       |                                         ^~~~~
2026-09-07T17:56:53.8950790Z In file included from /home/runner/work/PocketKrKr/PocketKrKr/cpp/core/movie/ffmpeg/DemuxFFmpeg.h:8,
2026-09-07T17:56:53.8952014Z                  from /home/runner/work/PocketKrKr/PocketKrKr/cpp/core/movie/ffmpeg/DemuxFFmpeg.cpp:1:
2026-09-07T17:56:53.8953544Z /home/runner/work/PocketKrKr/PocketKrKr/out/linux/debug/vcpkg_installed/x64-linux/include/libavformat/avformat.h:893:21: note: declared here
2026-09-07T17:56:53.8954930Z   893 |     AVCodecContext *codec;
2026-09-07T17:56:53.8955708Z       |                     ^~~~~
2026-09-07T17:56:53.8957311Z /home/runner/work/PocketKrKr/PocketKrKr/cpp/core/movie/ffmpeg/DemuxFFmpeg.cpp:1224:41: warning: ‘AVStream::codec’ is deprecated [-Wdeprecated-declarations]
2026-09-07T17:56:53.8958709Z  1224 |                 st->iBitRate = pStream->codec->bit_rate;
2026-09-07T17:56:53.8959598Z       |                                         ^~~~~
2026-09-07T17:56:53.8960485Z In file included from /home/runner/work/PocketKrKr/PocketKrKr/cpp/core/movie/ffmpeg/DemuxFFmpeg.h:8,
2026-09-07T17:56:53.8961722Z                  from /home/runner/work/PocketKrKr/PocketKrKr/cpp/core/movie/ffmpeg/DemuxFFmpeg.cpp:1:
2026-09-07T17:56:53.8963224Z /home/runner/work/PocketKrKr/PocketKrKr/out/linux/debug/vcpkg_installed/x64-linux/include/libavformat/avformat.h:893:21: note: declared here
2026-09-07T17:56:53.8964427Z   893 |     AVCodecContext *codec;
2026-09-07T17:56:53.8964909Z       |                     ^~~~~
2026-09-07T17:56:53.8966765Z /home/runner/work/PocketKrKr/PocketKrKr/cpp/core/movie/ffmpeg/DemuxFFmpeg.cpp:1224:41: warning: ‘AVStream::codec’ is deprecated [-Wdeprecated-declarations]
2026-09-07T17:56:53.8968139Z  1224 |                 st->iBitRate = pStream->codec->bit_rate;
2026-09-07T17:56:53.8968752Z       |                                         ^~~~~
2026-09-07T17:56:53.8969659Z In file included from /home/runner/work/PocketKrKr/PocketKrKr/cpp/core/movie/ffmpeg/DemuxFFmpeg.h:8,
2026-09-07T17:56:53.8970892Z                  from /home/runner/work/PocketKrKr/PocketKrKr/cpp/core/movie/ffmpeg/DemuxFFmpeg.cpp:1:
2026-09-07T17:56:53.8972407Z /home/runner/work/PocketKrKr/PocketKrKr/out/linux/debug/vcpkg_installed/x64-linux/include/libavformat/avformat.h:893:21: note: declared here
2026-09-07T17:56:53.8973612Z   893 |     AVCodecContext *codec;
2026-09-07T17:56:53.8974076Z       |                     ^~~~~
2026-09-07T17:56:53.8976174Z /home/runner/work/PocketKrKr/PocketKrKr/cpp/core/movie/ffmpeg/DemuxFFmpeg.cpp:1225:47: warning: ‘AVStream::codec’ is deprecated [-Wdeprecated-declarations]
2026-09-07T17:56:53.8977619Z  1225 |                 st->iBitsPerSample = pStream->codec->bits_per_raw_sample;
2026-09-07T17:56:53.8978437Z       |                                               ^~~~~
2026-09-07T17:56:53.8979358Z In file included from /home/runner/work/PocketKrKr/PocketKrKr/cpp/core/movie/ffmpeg/DemuxFFmpeg.h:8,
2026-09-07T17:56:53.8980615Z                  from /home/runner/work/PocketKrKr/PocketKrKr/cpp/core/movie/ffmpeg/DemuxFFmpeg.cpp:1:
2026-09-07T17:56:53.8982119Z /home/runner/work/PocketKrKr/PocketKrKr/out/linux/debug/vcpkg_installed/x64-linux/include/libavformat/avformat.h:893:21: note: declared here
2026-09-07T17:56:53.8983302Z   893 |     AVCodecContext *codec;
2026-09-07T17:56:53.8983761Z       |                     ^~~~~
2026-09-07T17:56:53.8985562Z /home/runner/work/PocketKrKr/PocketKrKr/cpp/core/movie/ffmpeg/DemuxFFmpeg.cpp:1225:47: warning: ‘AVStream::codec’ is deprecated [-Wdeprecated-declarations]
2026-09-07T17:56:53.8987032Z  1225 |                 st->iBitsPerSample = pStream->codec->bits_per_raw_sample;
2026-09-07T17:56:53.8987726Z       |                                               ^~~~~
2026-09-07T17:56:53.8988636Z In file included from /home/runner/work/PocketKrKr/PocketKrKr/cpp/core/movie/ffmpeg/DemuxFFmpeg.h:8,
2026-09-07T17:56:53.8989871Z                  from /home/runner/work/PocketKrKr/PocketKrKr/cpp/core/movie/ffmpeg/DemuxFFmpeg.cpp:1:
2026-09-07T17:56:53.8991411Z /home/runner/work/PocketKrKr/PocketKrKr/out/linux/debug/vcpkg_installed/x64-linux/include/libavformat/avformat.h:893:21: note: declared here
2026-09-07T17:56:53.8992561Z   893 |     AVCodecContext *codec;
2026-09-07T17:56:53.8993005Z       |                     ^~~~~
2026-09-07T17:56:53.8994546Z /home/runner/work/PocketKrKr/PocketKrKr/cpp/core/movie/ffmpeg/DemuxFFmpeg.cpp:1225:47: warning: ‘AVStream::codec’ is deprecated [-Wdeprecated-declarations]
2026-09-07T17:56:53.8996221Z  1225 |                 st->iBitsPerSample = pStream->codec->bits_per_raw_sample;
2026-09-07T17:56:53.8997162Z       |                                               ^~~~~
2026-09-07T17:56:53.8998190Z In file included from /home/runner/work/PocketKrKr/PocketKrKr/cpp/core/movie/ffmpeg/DemuxFFmpeg.h:8,
2026-09-07T17:56:53.8999445Z                  from /home/runner/work/PocketKrKr/PocketKrKr/cpp/core/movie/ffmpeg/DemuxFFmpeg.cpp:1:
2026-09-07T17:56:53.9001202Z /home/runner/work/PocketKrKr/PocketKrKr/out/linux/debug/vcpkg_installed/x64-linux/include/libavformat/avformat.h:893:21: note: declared here
2026-09-07T17:56:53.9002359Z   893 |     AVCodecContext *codec;
2026-09-07T17:56:53.9002820Z       |                     ^~~~~
2026-09-07T17:56:53.9004350Z /home/runner/work/PocketKrKr/PocketKrKr/cpp/core/movie/ffmpeg/DemuxFFmpeg.cpp:1226:47: warning: ‘AVStream::codec’ is deprecated [-Wdeprecated-declarations]
2026-09-07T17:56:53.9006114Z  1226 |                 st->iChannelLayout = pStream->codec->channel_layout;
2026-09-07T17:56:53.9006840Z       |                                               ^~~~~
2026-09-07T17:56:53.9007777Z In file included from /home/runner/work/PocketKrKr/PocketKrKr/cpp/core/movie/ffmpeg/DemuxFFmpeg.h:8,
2026-09-07T17:56:53.9009030Z                  from /home/runner/work/PocketKrKr/PocketKrKr/cpp/core/movie/ffmpeg/DemuxFFmpeg.cpp:1:
2026-09-07T17:56:53.9010557Z /home/runner/work/PocketKrKr/PocketKrKr/out/linux/debug/vcpkg_installed/x64-linux/include/libavformat/avformat.h:893:21: note: declared here
2026-09-07T17:56:53.9011743Z   893 |     AVCodecContext *codec;
2026-09-07T17:56:53.9012199Z       |                     ^~~~~
2026-09-07T17:56:53.9013770Z /home/runner/work/PocketKrKr/PocketKrKr/cpp/core/movie/ffmpeg/DemuxFFmpeg.cpp:1226:47: warning: ‘AVStream::codec’ is deprecated [-Wdeprecated-declarations]
2026-09-07T17:56:53.9015614Z  1226 |                 st->iChannelLayout = pStream->codec->channel_layout;
2026-09-07T17:56:53.9016326Z       |                                               ^~~~~
2026-09-07T17:56:53.9017244Z In file included from /home/runner/work/PocketKrKr/PocketKrKr/cpp/core/movie/ffmpeg/DemuxFFmpeg.h:8,
2026-09-07T17:56:53.9018445Z                  from /home/runner/work/PocketKrKr/PocketKrKr/cpp/core/movie/ffmpeg/DemuxFFmpeg.cpp:1:
2026-09-07T17:56:53.9019934Z /home/runner/work/PocketKrKr/PocketKrKr/out/linux/debug/vcpkg_installed/x64-linux/include/libavformat/avformat.h:893:21: note: declared here
2026-09-07T17:56:53.9021106Z   893 |     AVCodecContext *codec;
2026-09-07T17:56:53.9021550Z       |                     ^~~~~
2026-09-07T17:56:53.9023021Z /home/runner/work/PocketKrKr/PocketKrKr/cpp/core/movie/ffmpeg/DemuxFFmpeg.cpp:1226:47: warning: ‘AVStream::codec’ is deprecated [-Wdeprecated-declarations]
2026-09-07T17:56:53.9024400Z  1226 |                 st->iChannelLayout = pStream->codec->channel_layout;
2026-09-07T17:56:53.9025098Z       |                                               ^~~~~
2026-09-07T17:56:53.9026422Z In file included from /home/runner/work/PocketKrKr/PocketKrKr/cpp/core/movie/ffmpeg/DemuxFFmpeg.h:8,
2026-09-07T17:56:53.9027675Z                  from /home/runner/work/PocketKrKr/PocketKrKr/cpp/core/movie/ffmpeg/DemuxFFmpeg.cpp:1:
2026-09-07T17:56:53.9029179Z /home/runner/work/PocketKrKr/PocketKrKr/out/linux/debug/vcpkg_installed/x64-linux/include/libavformat/avformat.h:893:21: note: declared here
2026-09-07T17:56:53.9030362Z   893 |     AVCodecContext *codec;
2026-09-07T17:56:53.9030827Z       |                     ^~~~~
2026-09-07T17:56:53.9032348Z /home/runner/work/PocketKrKr/PocketKrKr/cpp/core/movie/ffmpeg/DemuxFFmpeg.cpp:1228:51: warning: ‘AVStream::codec’ is deprecated [-Wdeprecated-declarations]
2026-09-07T17:56:53.9033810Z  1228 |                     st->iBitsPerSample = pStream->codec->bits_per_coded_sample;
2026-09-07T17:56:53.9034585Z       |                                                   ^~~~~
2026-09-07T17:56:53.9035873Z In file included from /home/runner/work/PocketKrKr/PocketKrKr/cpp/core/movie/ffmpeg/DemuxFFmpeg.h:8,
2026-09-07T17:56:53.9037318Z                  from /home/runner/work/PocketKrKr/PocketKrKr/cpp/core/movie/ffmpeg/DemuxFFmpeg.cpp:1:
2026-09-07T17:56:53.9038871Z /home/runner/work/PocketKrKr/PocketKrKr/out/linux/debug/vcpkg_installed/x64-linux/include/libavformat/avformat.h:893:21: note: declared here
2026-09-07T17:56:53.9040070Z   893 |     AVCodecContext *codec;
2026-09-07T17:56:53.9040764Z       |                     ^~~~~
2026-09-07T17:56:53.9042335Z /home/runner/work/PocketKrKr/PocketKrKr/cpp/core/movie/ffmpeg/DemuxFFmpeg.cpp:1228:51: warning: ‘AVStream::codec’ is deprecated [-Wdeprecated-declarations]
2026-09-07T17:56:53.9043818Z  1228 |                     st->iBitsPerSample = pStream->codec->bits_per_coded_sample;
2026-09-07T17:56:53.9044561Z       |                                                   ^~~~~
2026-09-07T17:56:53.9045758Z In file included from /home/runner/work/PocketKrKr/PocketKrKr/cpp/core/movie/ffmpeg/DemuxFFmpeg.h:8,
2026-09-07T17:56:53.9046984Z                  from /home/runner/work/PocketKrKr/PocketKrKr/cpp/core/movie/ffmpeg/DemuxFFmpeg.cpp:1:
2026-09-07T17:56:53.9048542Z /home/runner/work/PocketKrKr/PocketKrKr/out/linux/debug/vcpkg_installed/x64-linux/include/libavformat/avformat.h:893:21: note: declared here
2026-09-07T17:56:53.9049804Z   893 |     AVCodecContext *codec;
2026-09-07T17:56:53.9050268Z       |                     ^~~~~
2026-09-07T17:56:53.9051866Z /home/runner/work/PocketKrKr/PocketKrKr/cpp/core/movie/ffmpeg/DemuxFFmpeg.cpp:1228:51: warning: ‘AVStream::codec’ is deprecated [-Wdeprecated-declarations]
2026-09-07T17:56:53.9053355Z  1228 |                     st->iBitsPerSample = pStream->codec->bits_per_coded_sample;
2026-09-07T17:56:53.9054101Z       |                                                   ^~~~~
2026-09-07T17:56:53.9055028Z In file included from /home/runner/work/PocketKrKr/PocketKrKr/cpp/core/movie/ffmpeg/DemuxFFmpeg.h:8,
2026-09-07T17:56:53.9056588Z                  from /home/runner/work/PocketKrKr/PocketKrKr/cpp/core/movie/ffmpeg/DemuxFFmpeg.cpp:1:
2026-09-07T17:56:53.9058146Z /home/runner/work/PocketKrKr/PocketKrKr/out/linux/debug/vcpkg_installed/x64-linux/include/libavformat/avformat.h:893:21: note: declared here
2026-09-07T17:56:53.9059345Z   893 |     AVCodecContext *codec;
2026-09-07T17:56:53.9059811Z       |                     ^~~~~
2026-09-07T17:56:53.9061396Z /home/runner/work/PocketKrKr/PocketKrKr/cpp/core/movie/ffmpeg/DemuxFFmpeg.cpp:1246:39: warning: ‘AVStream::codec’ is deprecated [-Wdeprecated-declarations]
2026-09-07T17:56:53.9062849Z  1246 |                 if(m_bAVI && pStream->codec->codec_id == AV_CODEC_ID_H264)
2026-09-07T17:56:53.9063540Z       |                                       ^~~~~
2026-09-07T17:56:53.9064433Z In file included from /home/runner/work/PocketKrKr/PocketKrKr/cpp/core/movie/ffmpeg/DemuxFFmpeg.h:8,
2026-09-07T17:56:53.9067736Z                  from /home/runner/work/PocketKrKr/PocketKrKr/cpp/core/movie/ffmpeg/DemuxFFmpeg.cpp:1:
2026-09-07T17:56:53.9069239Z /home/runner/work/PocketKrKr/PocketKrKr/out/linux/debug/vcpkg_installed/x64-linux/include/libavformat/avformat.h:893:21: note: declared here
2026-09-07T17:56:53.9070556Z   893 |     AVCodecContext *codec;
2026-09-07T17:56:53.9071027Z       |                     ^~~~~
2026-09-07T17:56:53.9072570Z /home/runner/work/PocketKrKr/PocketKrKr/cpp/core/movie/ffmpeg/DemuxFFmpeg.cpp:1246:39: warning: ‘AVStream::codec’ is deprecated [-Wdeprecated-declarations]
2026-09-07T17:56:53.9073997Z  1246 |                 if(m_bAVI && pStream->codec->codec_id == AV_CODEC_ID_H264)
2026-09-07T17:56:53.9074666Z       |                                       ^~~~~
2026-09-07T17:56:53.9075946Z In file included from /home/runner/work/PocketKrKr/PocketKrKr/cpp/core/movie/ffmpeg/DemuxFFmpeg.h:8,
2026-09-07T17:56:53.9077175Z                  from /home/runner/work/PocketKrKr/PocketKrKr/cpp/core/movie/ffmpeg/DemuxFFmpeg.cpp:1:
2026-09-07T17:56:53.9078668Z /home/runner/work/PocketKrKr/PocketKrKr/out/linux/debug/vcpkg_installed/x64-linux/include/libavformat/avformat.h:893:21: note: declared here
2026-09-07T17:56:53.9079813Z   893 |     AVCodecContext *codec;
2026-09-07T17:56:53.9080464Z       |                     ^~~~~
2026-09-07T17:56:53.9081991Z /home/runner/work/PocketKrKr/PocketKrKr/cpp/core/movie/ffmpeg/DemuxFFmpeg.cpp:1246:39: warning: ‘AVStream::codec’ is deprecated [-Wdeprecated-declarations]
2026-09-07T17:56:53.9083458Z  1246 |                 if(m_bAVI && pStream->codec->codec_id == AV_CODEC_ID_H264)
2026-09-07T17:56:53.9084509Z       |                                       ^~~~~
2026-09-07T17:56:53.9085648Z In file included from /home/runner/work/PocketKrKr/PocketKrKr/cpp/core/movie/ffmpeg/DemuxFFmpeg.h:8,
2026-09-07T17:56:53.9086822Z                  from /home/runner/work/PocketKrKr/PocketKrKr/cpp/core/movie/ffmpeg/DemuxFFmpeg.cpp:1:
2026-09-07T17:56:53.9088239Z /home/runner/work/PocketKrKr/PocketKrKr/out/linux/debug/vcpkg_installed/x64-linux/include/libavformat/avformat.h:893:21: note: declared here
2026-09-07T17:56:53.9089400Z   893 |     AVCodecContext *codec;
2026-09-07T17:56:53.9089872Z       |                     ^~~~~
2026-09-07T17:56:53.9091485Z /home/runner/work/PocketKrKr/PocketKrKr/cpp/core/movie/ffmpeg/DemuxFFmpeg.cpp:1264:39: warning: ‘AVStream::codec’ is deprecated [-Wdeprecated-declarations]
2026-09-07T17:56:53.9092840Z  1264 |                 st->iWidth = pStream->codec->width;
2026-09-07T17:56:53.9093417Z       |                                       ^~~~~
2026-09-07T17:56:53.9094299Z In file included from /home/runner/work/PocketKrKr/PocketKrKr/cpp/core/movie/ffmpeg/DemuxFFmpeg.h:8,
2026-09-07T17:56:53.9097078Z                  from /home/runner/work/PocketKrKr/PocketKrKr/cpp/core/movie/ffmpeg/DemuxFFmpeg.cpp:1:
2026-09-07T17:56:53.9098810Z /home/runner/work/PocketKrKr/PocketKrKr/out/linux/debug/vcpkg_installed/x64-linux/include/libavformat/avformat.h:893:21: note: declared here
2026-09-07T17:56:53.9100003Z   893 |     AVCodecContext *codec;
2026-09-07T17:56:53.9100479Z       |                     ^~~~~
2026-09-07T17:56:53.9102046Z /home/runner/work/PocketKrKr/PocketKrKr/cpp/core/movie/ffmpeg/DemuxFFmpeg.cpp:1264:39: warning: ‘AVStream::codec’ is deprecated [-Wdeprecated-declarations]
2026-09-07T17:56:53.9103426Z  1264 |                 st->iWidth = pStream->codec->width;
2026-09-07T17:56:53.9104005Z       |                                       ^~~~~
2026-09-07T17:56:53.9104890Z In file included from /home/runner/work/PocketKrKr/PocketKrKr/cpp/core/movie/ffmpeg/DemuxFFmpeg.h:8,
2026-09-07T17:56:53.9106508Z                  from /home/runner/work/PocketKrKr/PocketKrKr/cpp/core/movie/ffmpeg/DemuxFFmpeg.cpp:1:
2026-09-07T17:56:53.9107977Z /home/runner/work/PocketKrKr/PocketKrKr/out/linux/debug/vcpkg_installed/x64-linux/include/libavformat/avformat.h:893:21: note: declared here
2026-09-07T17:56:53.9109136Z   893 |     AVCodecContext *codec;
2026-09-07T17:56:53.9109586Z       |                     ^~~~~
2026-09-07T17:56:53.9111119Z /home/runner/work/PocketKrKr/PocketKrKr/cpp/core/movie/ffmpeg/DemuxFFmpeg.cpp:1264:39: warning: ‘AVStream::codec’ is deprecated [-Wdeprecated-declarations]
2026-09-07T17:56:53.9112465Z  1264 |                 st->iWidth = pStream->codec->width;
2026-09-07T17:56:53.9113044Z       |                                       ^~~~~
2026-09-07T17:56:53.9113936Z In file included from /home/runner/work/PocketKrKr/PocketKrKr/cpp/core/movie/ffmpeg/DemuxFFmpeg.h:8,
2026-09-07T17:56:53.9115139Z                  from /home/runner/work/PocketKrKr/PocketKrKr/cpp/core/movie/ffmpeg/DemuxFFmpeg.cpp:1:
2026-09-07T17:56:53.9116918Z /home/runner/work/PocketKrKr/PocketKrKr/out/linux/debug/vcpkg_installed/x64-linux/include/libavformat/avformat.h:893:21: note: declared here
2026-09-07T17:56:53.9118101Z   893 |     AVCodecContext *codec;
2026-09-07T17:56:53.9118547Z       |                     ^~~~~
2026-09-07T17:56:53.9120061Z /home/runner/work/PocketKrKr/PocketKrKr/cpp/core/movie/ffmpeg/DemuxFFmpeg.cpp:1265:40: warning: ‘AVStream::codec’ is deprecated [-Wdeprecated-declarations]
2026-09-07T17:56:53.9121394Z  1265 |                 st->iHeight = pStream->codec->height;
2026-09-07T17:56:53.9121943Z       |                                        ^~~~~
2026-09-07T17:56:53.9123048Z In file included from /home/runner/work/PocketKrKr/PocketKrKr/cpp/core/movie/ffmpeg/DemuxFFmpeg.h:8,
2026-09-07T17:56:53.9124272Z                  from /home/runner/work/PocketKrKr/PocketKrKr/cpp/core/movie/ffmpeg/DemuxFFmpeg.cpp:1:
2026-09-07T17:56:53.9126083Z /home/runner/work/PocketKrKr/PocketKrKr/out/linux/debug/vcpkg_installed/x64-linux/include/libavformat/avformat.h:893:21: note: declared here
2026-09-07T17:56:53.9127499Z   893 |     AVCodecContext *codec;
2026-09-07T17:56:53.9127959Z       |                     ^~~~~
2026-09-07T17:56:53.9129508Z /home/runner/work/PocketKrKr/PocketKrKr/cpp/core/movie/ffmpeg/DemuxFFmpeg.cpp:1265:40: warning: ‘AVStream::codec’ is deprecated [-Wdeprecated-declarations]
2026-09-07T17:56:53.9130849Z  1265 |                 st->iHeight = pStream->codec->height;
2026-09-07T17:56:53.9131548Z       |                                        ^~~~~
2026-09-07T17:56:53.9132435Z In file included from /home/runner/work/PocketKrKr/PocketKrKr/cpp/core/movie/ffmpeg/DemuxFFmpeg.h:8,
2026-09-07T17:56:53.9133731Z                  from /home/runner/work/PocketKrKr/PocketKrKr/cpp/core/movie/ffmpeg/DemuxFFmpeg.cpp:1:
2026-09-07T17:56:53.9135646Z /home/runner/work/PocketKrKr/PocketKrKr/out/linux/debug/vcpkg_installed/x64-linux/include/libavformat/avformat.h:893:21: note: declared here
2026-09-07T17:56:53.9136884Z   893 |     AVCodecContext *codec;
2026-09-07T17:56:53.9137334Z       |                     ^~~~~
2026-09-07T17:56:53.9138894Z /home/runner/work/PocketKrKr/PocketKrKr/cpp/core/movie/ffmpeg/DemuxFFmpeg.cpp:1265:40: warning: ‘AVStream::codec’ is deprecated [-Wdeprecated-declarations]
2026-09-07T17:56:53.9140283Z  1265 |                 st->iHeight = pStream->codec->height;
2026-09-07T17:56:53.9140867Z       |                                        ^~~~~
2026-09-07T17:56:53.9141753Z In file included from /home/runner/work/PocketKrKr/PocketKrKr/cpp/core/movie/ffmpeg/DemuxFFmpeg.h:8,
2026-09-07T17:56:53.9143014Z                  from /home/runner/work/PocketKrKr/PocketKrKr/cpp/core/movie/ffmpeg/DemuxFFmpeg.cpp:1:
2026-09-07T17:56:53.9144541Z /home/runner/work/PocketKrKr/PocketKrKr/out/linux/debug/vcpkg_installed/x64-linux/include/libavformat/avformat.h:893:21: note: declared here
2026-09-07T17:56:53.9145985Z   893 |     AVCodecContext *codec;
2026-09-07T17:56:53.9146450Z       |                     ^~~~~
2026-09-07T17:56:53.9148021Z /home/runner/work/PocketKrKr/PocketKrKr/cpp/core/movie/ffmpeg/DemuxFFmpeg.cpp:1267:30: warning: ‘AVStream::codec’ is deprecated [-Wdeprecated-declarations]
2026-09-07T17:56:53.9149437Z  1267 |                     pStream->codec->width / pStream->codec->height;
2026-09-07T17:56:53.9150077Z       |                              ^~~~~
2026-09-07T17:56:53.9150958Z In file included from /home/runner/work/PocketKrKr/PocketKrKr/cpp/core/movie/ffmpeg/DemuxFFmpeg.h:8,
2026-09-07T17:56:53.9152185Z                  from /home/runner/work/PocketKrKr/PocketKrKr/cpp/core/movie/ffmpeg/DemuxFFmpeg.cpp:1:
2026-09-07T17:56:53.9153708Z /home/runner/work/PocketKrKr/PocketKrKr/out/linux/debug/vcpkg_installed/x64-linux/include/libavformat/avformat.h:893:21: note: declared here
2026-09-07T17:56:53.9154921Z   893 |     AVCodecContext *codec;
2026-09-07T17:56:53.9155694Z       |                     ^~~~~
2026-09-07T17:56:53.9157252Z /home/runner/work/PocketKrKr/PocketKrKr/cpp/core/movie/ffmpeg/DemuxFFmpeg.cpp:1267:30: warning: ‘AVStream::codec’ is deprecated [-Wdeprecated-declarations]
2026-09-07T17:56:53.9158688Z  1267 |                     pStream->codec->width / pStream->codec->height;
2026-09-07T17:56:53.9159342Z       |                              ^~~~~
2026-09-07T17:56:53.9160221Z In file included from /home/runner/work/PocketKrKr/PocketKrKr/cpp/core/movie/ffmpeg/DemuxFFmpeg.h:8,
2026-09-07T17:56:53.9161451Z                  from /home/runner/work/PocketKrKr/PocketKrKr/cpp/core/movie/ffmpeg/DemuxFFmpeg.cpp:1:
2026-09-07T17:56:53.9162967Z /home/runner/work/PocketKrKr/PocketKrKr/out/linux/debug/vcpkg_installed/x64-linux/include/libavformat/avformat.h:893:21: note: declared here
2026-09-07T17:56:53.9164372Z   893 |     AVCodecContext *codec;
2026-09-07T17:56:53.9164844Z       |                     ^~~~~
2026-09-07T17:56:53.9166578Z /home/runner/work/PocketKrKr/PocketKrKr/cpp/core/movie/ffmpeg/DemuxFFmpeg.cpp:1267:30: warning: ‘AVStream::codec’ is deprecated [-Wdeprecated-declarations]
2026-09-07T17:56:53.9168237Z  1267 |                     pStream->codec->width / pStream->codec->height;
2026-09-07T17:56:53.9168876Z       |                              ^~~~~
2026-09-07T17:56:53.9169768Z In file included from /home/runner/work/PocketKrKr/PocketKrKr/cpp/core/movie/ffmpeg/DemuxFFmpeg.h:8,
2026-09-07T17:56:53.9171024Z                  from /home/runner/work/PocketKrKr/PocketKrKr/cpp/core/movie/ffmpeg/DemuxFFmpeg.cpp:1:
2026-09-07T17:56:53.9172514Z /home/runner/work/PocketKrKr/PocketKrKr/out/linux/debug/vcpkg_installed/x64-linux/include/libavformat/avformat.h:893:21: note: declared here
2026-09-07T17:56:53.9173676Z   893 |     AVCodecContext *codec;
2026-09-07T17:56:53.9174114Z       |                     ^~~~~
2026-09-07T17:56:53.9176038Z /home/runner/work/PocketKrKr/PocketKrKr/cpp/core/movie/ffmpeg/DemuxFFmpeg.cpp:1267:54: warning: ‘AVStream::codec’ is deprecated [-Wdeprecated-declarations]
2026-09-07T17:56:53.9177479Z  1267 |                     pStream->codec->width / pStream->codec->height;
2026-09-07T17:56:53.9178202Z       |                                                      ^~~~~
2026-09-07T17:56:53.9179145Z In file included from /home/runner/work/PocketKrKr/PocketKrKr/cpp/core/movie/ffmpeg/DemuxFFmpeg.h:8,
2026-09-07T17:56:53.9180431Z                  from /home/runner/work/PocketKrKr/PocketKrKr/cpp/core/movie/ffmpeg/DemuxFFmpeg.cpp:1:
2026-09-07T17:56:53.9182002Z /home/runner/work/PocketKrKr/PocketKrKr/out/linux/debug/vcpkg_installed/x64-linux/include/libavformat/avformat.h:893:21: note: declared here
2026-09-07T17:56:53.9183220Z   893 |     AVCodecContext *codec;
2026-09-07T17:56:53.9183686Z       |                     ^~~~~
2026-09-07T17:56:53.9185633Z /home/runner/work/PocketKrKr/PocketKrKr/cpp/core/movie/ffmpeg/DemuxFFmpeg.cpp:1267:54: warning: ‘AVStream::codec’ is deprecated [-Wdeprecated-declarations]
2026-09-07T17:56:53.9187072Z  1267 |                     pStream->codec->width / pStream->codec->height;
2026-09-07T17:56:53.9187757Z       |                                                      ^~~~~
2026-09-07T17:56:53.9188702Z In file included from /home/runner/work/PocketKrKr/PocketKrKr/cpp/core/movie/ffmpeg/DemuxFFmpeg.h:8,
2026-09-07T17:56:53.9189947Z                  from /home/runner/work/PocketKrKr/PocketKrKr/cpp/core/movie/ffmpeg/DemuxFFmpeg.cpp:1:
2026-09-07T17:56:53.9191459Z /home/runner/work/PocketKrKr/PocketKrKr/out/linux/debug/vcpkg_installed/x64-linux/include/libavformat/avformat.h:893:21: note: declared here
2026-09-07T17:56:53.9192628Z   893 |     AVCodecContext *codec;
2026-09-07T17:56:53.9193072Z       |                     ^~~~~
2026-09-07T17:56:53.9194562Z /home/runner/work/PocketKrKr/PocketKrKr/cpp/core/movie/ffmpeg/DemuxFFmpeg.cpp:1267:54: warning: ‘AVStream::codec’ is deprecated [-Wdeprecated-declarations]
2026-09-07T17:56:53.9196180Z  1267 |                     pStream->codec->width / pStream->codec->height;
2026-09-07T17:56:53.9196840Z       |                                                      ^~~~~
2026-09-07T17:56:53.9197770Z In file included from /home/runner/work/PocketKrKr/PocketKrKr/cpp/core/movie/ffmpeg/DemuxFFmpeg.h:8,
2026-09-07T17:56:53.9199096Z                  from /home/runner/work/PocketKrKr/PocketKrKr/cpp/core/movie/ffmpeg/DemuxFFmpeg.cpp:1:
2026-09-07T17:56:53.9200614Z /home/runner/work/PocketKrKr/PocketKrKr/out/linux/debug/vcpkg_installed/x64-linux/include/libavformat/avformat.h:893:21: note: declared here
2026-09-07T17:56:53.9201799Z   893 |     AVCodecContext *codec;
2026-09-07T17:56:53.9202239Z       |                     ^~~~~
2026-09-07T17:56:53.9203762Z /home/runner/work/PocketKrKr/PocketKrKr/cpp/core/movie/ffmpeg/DemuxFFmpeg.cpp:1269:46: warning: ‘AVStream::codec’ is deprecated [-Wdeprecated-declarations]
2026-09-07T17:56:53.9205851Z  1269 |                 st->iBitsPerPixel = pStream->codec->bits_per_coded_sample;
2026-09-07T17:56:53.9206772Z       |                                              ^~~~~
2026-09-07T17:56:53.9207678Z In file included from /home/runner/work/PocketKrKr/PocketKrKr/cpp/core/movie/ffmpeg/DemuxFFmpeg.h:8,
2026-09-07T17:56:53.9209120Z                  from /home/runner/work/PocketKrKr/PocketKrKr/cpp/core/movie/ffmpeg/DemuxFFmpeg.cpp:1:
2026-09-07T17:56:53.9210634Z /home/runner/work/PocketKrKr/PocketKrKr/out/linux/debug/vcpkg_installed/x64-linux/include/libavformat/avformat.h:893:21: note: declared here
2026-09-07T17:56:53.9211797Z   893 |     AVCodecContext *codec;
2026-09-07T17:56:53.9212248Z       |                     ^~~~~
2026-09-07T17:56:53.9213764Z /home/runner/work/PocketKrKr/PocketKrKr/cpp/core/movie/ffmpeg/DemuxFFmpeg.cpp:1269:46: warning: ‘AVStream::codec’ is deprecated [-Wdeprecated-declarations]
2026-09-07T17:56:53.9215446Z  1269 |                 st->iBitsPerPixel = pStream->codec->bits_per_coded_sample;
2026-09-07T17:56:53.9216180Z       |                                              ^~~~~
2026-09-07T17:56:53.9217059Z In file included from /home/runner/work/PocketKrKr/PocketKrKr/cpp/core/movie/ffmpeg/DemuxFFmpeg.h:8,
2026-09-07T17:56:53.9218271Z                  from /home/runner/work/PocketKrKr/PocketKrKr/cpp/core/movie/ffmpeg/DemuxFFmpeg.cpp:1:
2026-09-07T17:56:53.9219753Z /home/runner/work/PocketKrKr/PocketKrKr/out/linux/debug/vcpkg_installed/x64-linux/include/libavformat/avformat.h:893:21: note: declared here
2026-09-07T17:56:53.9220910Z   893 |     AVCodecContext *codec;
2026-09-07T17:56:53.9221354Z       |                     ^~~~~
2026-09-07T17:56:53.9222882Z /home/runner/work/PocketKrKr/PocketKrKr/cpp/core/movie/ffmpeg/DemuxFFmpeg.cpp:1269:46: warning: ‘AVStream::codec’ is deprecated [-Wdeprecated-declarations]
2026-09-07T17:56:53.9224312Z  1269 |                 st->iBitsPerPixel = pStream->codec->bits_per_coded_sample;
2026-09-07T17:56:53.9224999Z       |                                              ^~~~~
2026-09-07T17:56:53.9226129Z In file included from /home/runner/work/PocketKrKr/PocketKrKr/cpp/core/movie/ffmpeg/DemuxFFmpeg.h:8,
2026-09-07T17:56:53.9227332Z                  from /home/runner/work/PocketKrKr/PocketKrKr/cpp/core/movie/ffmpeg/DemuxFFmpeg.cpp:1:
2026-09-07T17:56:53.9228798Z /home/runner/work/PocketKrKr/PocketKrKr/out/linux/debug/vcpkg_installed/x64-linux/include/libavformat/avformat.h:893:21: note: declared here
2026-09-07T17:56:53.9229983Z   893 |     AVCodecContext *codec;
2026-09-07T17:56:53.9230435Z       |                     ^~~~~
2026-09-07T17:56:53.9231959Z /home/runner/work/PocketKrKr/PocketKrKr/cpp/core/movie/ffmpeg/DemuxFFmpeg.cpp:1363:34: warning: ‘AVStream::codec’ is deprecated [-Wdeprecated-declarations]
2026-09-07T17:56:53.9233318Z  1363 |         stream->codec = pStream->codec->codec_id;
2026-09-07T17:56:53.9233892Z       |                                  ^~~~~
2026-09-07T17:56:53.9234737Z In file included from /home/runner/work/PocketKrKr/PocketKrKr/cpp/core/movie/ffmpeg/DemuxFFmpeg.h:8,
2026-09-07T17:56:53.9236241Z                  from /home/runner/work/PocketKrKr/PocketKrKr/cpp/core/movie/ffmpeg/DemuxFFmpeg.cpp:1:
2026-09-07T17:56:53.9237798Z /home/runner/work/PocketKrKr/PocketKrKr/out/linux/debug/vcpkg_installed/x64-linux/include/libavformat/avformat.h:893:21: note: declared here
2026-09-07T17:56:53.9239138Z   893 |     AVCodecContext *codec;
2026-09-07T17:56:53.9239623Z       |                     ^~~~~
2026-09-07T17:56:53.9241260Z /home/runner/work/PocketKrKr/PocketKrKr/cpp/core/movie/ffmpeg/DemuxFFmpeg.cpp:1363:34: warning: ‘AVStream::codec’ is deprecated [-Wdeprecated-declarations]
2026-09-07T17:56:53.9242680Z  1363 |         stream->codec = pStream->codec->codec_id;
2026-09-07T17:56:53.9243272Z       |                                  ^~~~~
2026-09-07T17:56:53.9244183Z In file included from /home/runner/work/PocketKrKr/PocketKrKr/cpp/core/movie/ffmpeg/DemuxFFmpeg.h:8,
2026-09-07T17:56:53.9245844Z                  from /home/runner/work/PocketKrKr/PocketKrKr/cpp/core/movie/ffmpeg/DemuxFFmpeg.cpp:1:
2026-09-07T17:56:53.9247661Z /home/runner/work/PocketKrKr/PocketKrKr/out/linux/debug/vcpkg_installed/x64-linux/include/libavformat/avformat.h:893:21: note: declared here
2026-09-07T17:56:53.9248917Z   893 |     AVCodecContext *codec;
2026-09-07T17:56:53.9249406Z       |                     ^~~~~
2026-09-07T17:56:53.9251297Z /home/runner/work/PocketKrKr/PocketKrKr/cpp/core/movie/ffmpeg/DemuxFFmpeg.cpp:1363:34: warning: ‘AVStream::codec’ is deprecated [-Wdeprecated-declarations]
2026-09-07T17:56:53.9252704Z  1363 |         stream->codec = pStream->codec->codec_id;
2026-09-07T17:56:53.9253299Z       |                                  ^~~~~
2026-09-07T17:56:53.9254214Z In file included from /home/runner/work/PocketKrKr/PocketKrKr/cpp/core/movie/ffmpeg/DemuxFFmpeg.h:8,
2026-09-07T17:56:53.9255753Z                  from /home/runner/work/PocketKrKr/PocketKrKr/cpp/core/movie/ffmpeg/DemuxFFmpeg.cpp:1:
2026-09-07T17:56:53.9257284Z /home/runner/work/PocketKrKr/PocketKrKr/out/linux/debug/vcpkg_installed/x64-linux/include/libavformat/avformat.h:893:21: note: declared here
2026-09-07T17:56:53.9258454Z   893 |     AVCodecContext *codec;
2026-09-07T17:56:53.9258914Z       |                     ^~~~~
2026-09-07T17:56:53.9260471Z /home/runner/work/PocketKrKr/PocketKrKr/cpp/core/movie/ffmpeg/DemuxFFmpeg.cpp:1364:41: warning: ‘AVStream::codec’ is deprecated [-Wdeprecated-declarations]
2026-09-07T17:56:53.9261881Z  1364 |         stream->codec_fourcc = pStream->codec->codec_tag;
2026-09-07T17:56:53.9262492Z       |                                         ^~~~~
2026-09-07T17:56:53.9263379Z In file included from /home/runner/work/PocketKrKr/PocketKrKr/cpp/core/movie/ffmpeg/DemuxFFmpeg.h:8,
2026-09-07T17:56:53.9264586Z                  from /home/runner/work/PocketKrKr/PocketKrKr/cpp/core/movie/ffmpeg/DemuxFFmpeg.cpp:1:
2026-09-07T17:56:53.9266351Z /home/runner/work/PocketKrKr/PocketKrKr/out/linux/debug/vcpkg_installed/x64-linux/include/libavformat/avformat.h:893:21: note: declared here
2026-09-07T17:56:53.9267548Z   893 |     AVCodecContext *codec;
2026-09-07T17:56:53.9267998Z       |                     ^~~~~
2026-09-07T17:56:53.9269560Z /home/runner/work/PocketKrKr/PocketKrKr/cpp/core/movie/ffmpeg/DemuxFFmpeg.cpp:1364:41: warning: ‘AVStream::codec’ is deprecated [-Wdeprecated-declarations]
2026-09-07T17:56:53.9270941Z  1364 |         stream->codec_fourcc = pStream->codec->codec_tag;
2026-09-07T17:56:53.9271558Z       |                                         ^~~~~
2026-09-07T17:56:53.9272439Z In file included from /home/runner/work/PocketKrKr/PocketKrKr/cpp/core/movie/ffmpeg/DemuxFFmpeg.h:8,
2026-09-07T17:56:53.9273663Z                  from /home/runner/work/PocketKrKr/PocketKrKr/cpp/core/movie/ffmpeg/DemuxFFmpeg.cpp:1:
2026-09-07T17:56:53.9275163Z /home/runner/work/PocketKrKr/PocketKrKr/out/linux/debug/vcpkg_installed/x64-linux/include/libavformat/avformat.h:893:21: note: declared here
2026-09-07T17:56:53.9276693Z   893 |     AVCodecContext *codec;
2026-09-07T17:56:53.9277141Z       |                     ^~~~~
2026-09-07T17:56:53.9278665Z /home/runner/work/PocketKrKr/PocketKrKr/cpp/core/movie/ffmpeg/DemuxFFmpeg.cpp:1364:41: warning: ‘AVStream::codec’ is deprecated [-Wdeprecated-declarations]
2026-09-07T17:56:53.9280042Z  1364 |         stream->codec_fourcc = pStream->codec->codec_tag;
2026-09-07T17:56:53.9280660Z       |                                         ^~~~~
2026-09-07T17:56:53.9281539Z In file included from /home/runner/work/PocketKrKr/PocketKrKr/cpp/core/movie/ffmpeg/DemuxFFmpeg.h:8,
2026-09-07T17:56:53.9282755Z                  from /home/runner/work/PocketKrKr/PocketKrKr/cpp/core/movie/ffmpeg/DemuxFFmpeg.cpp:1:
2026-09-07T17:56:53.9284192Z /home/runner/work/PocketKrKr/PocketKrKr/out/linux/debug/vcpkg_installed/x64-linux/include/libavformat/avformat.h:893:21: note: declared here
2026-09-07T17:56:53.9285579Z   893 |     AVCodecContext *codec;
2026-09-07T17:56:53.9286062Z       |                     ^~~~~
2026-09-07T17:56:53.9287940Z /home/runner/work/PocketKrKr/PocketKrKr/cpp/core/movie/ffmpeg/DemuxFFmpeg.cpp:1365:36: warning: ‘AVStream::codec’ is deprecated [-Wdeprecated-declarations]
2026-09-07T17:56:53.9289415Z  1365 |         stream->profile = pStream->codec->profile;
2026-09-07T17:56:53.9290026Z       |                                    ^~~~~
2026-09-07T17:56:53.9290960Z In file included from /home/runner/work/PocketKrKr/PocketKrKr/cpp/core/movie/ffmpeg/DemuxFFmpeg.h:8,
2026-09-07T17:56:53.9292536Z                  from /home/runner/work/PocketKrKr/PocketKrKr/cpp/core/movie/ffmpeg/DemuxFFmpeg.cpp:1:
2026-09-07T17:56:53.9294112Z /home/runner/work/PocketKrKr/PocketKrKr/out/linux/debug/vcpkg_installed/x64-linux/include/libavformat/avformat.h:893:21: note: declared here
2026-09-07T17:56:53.9295786Z   893 |     AVCodecContext *codec;
2026-09-07T17:56:53.9296289Z       |                     ^~~~~
2026-09-07T17:56:53.9297902Z /home/runner/work/PocketKrKr/PocketKrKr/cpp/core/movie/ffmpeg/DemuxFFmpeg.cpp:1365:36: warning: ‘AVStream::codec’ is deprecated [-Wdeprecated-declarations]
2026-09-07T17:56:53.9299429Z  1365 |         stream->profile = pStream->codec->profile;
2026-09-07T17:56:53.9300032Z       |                                    ^~~~~
2026-09-07T17:56:53.9300958Z In file included from /home/runner/work/PocketKrKr/PocketKrKr/cpp/core/movie/ffmpeg/DemuxFFmpeg.h:8,
2026-09-07T17:56:53.9302257Z                  from /home/runner/work/PocketKrKr/PocketKrKr/cpp/core/movie/ffmpeg/DemuxFFmpeg.cpp:1:
2026-09-07T17:56:53.9303840Z /home/runner/work/PocketKrKr/PocketKrKr/out/linux/debug/vcpkg_installed/x64-linux/include/libavformat/avformat.h:893:21: note: declared here
2026-09-07T17:56:53.9305028Z   893 |     AVCodecContext *codec;
2026-09-07T17:56:53.9305794Z       |                     ^~~~~
2026-09-07T17:56:53.9307404Z /home/runner/work/PocketKrKr/PocketKrKr/cpp/core/movie/ffmpeg/DemuxFFmpeg.cpp:1365:36: warning: ‘AVStream::codec’ is deprecated [-Wdeprecated-declarations]
2026-09-07T17:56:53.9308828Z  1365 |         stream->profile = pStream->codec->profile;
2026-09-07T17:56:53.9309444Z       |                                    ^~~~~
2026-09-07T17:56:53.9310392Z In file included from /home/runner/work/PocketKrKr/PocketKrKr/cpp/core/movie/ffmpeg/DemuxFFmpeg.h:8,
2026-09-07T17:56:53.9311691Z                  from /home/runner/work/PocketKrKr/PocketKrKr/cpp/core/movie/ffmpeg/DemuxFFmpeg.cpp:1:
2026-09-07T17:56:53.9313263Z /home/runner/work/PocketKrKr/PocketKrKr/out/linux/debug/vcpkg_installed/x64-linux/include/libavformat/avformat.h:893:21: note: declared here
2026-09-07T17:56:53.9314514Z   893 |     AVCodecContext *codec;
2026-09-07T17:56:53.9315000Z       |                     ^~~~~
2026-09-07T17:56:53.9316865Z /home/runner/work/PocketKrKr/PocketKrKr/cpp/core/movie/ffmpeg/DemuxFFmpeg.cpp:1366:34: warning: ‘AVStream::codec’ is deprecated [-Wdeprecated-declarations]
2026-09-07T17:56:53.9318216Z  1366 |         stream->level = pStream->codec->level;
2026-09-07T17:56:53.9318763Z       |                                  ^~~~~
2026-09-07T17:56:53.9319638Z In file included from /home/runner/work/PocketKrKr/PocketKrKr/cpp/core/movie/ffmpeg/DemuxFFmpeg.h:8,
2026-09-07T17:56:53.9320870Z                  from /home/runner/work/PocketKrKr/PocketKrKr/cpp/core/movie/ffmpeg/DemuxFFmpeg.cpp:1:
2026-09-07T17:56:53.9322336Z /home/runner/work/PocketKrKr/PocketKrKr/out/linux/debug/vcpkg_installed/x64-linux/include/libavformat/avformat.h:893:21: note: declared here
2026-09-07T17:56:53.9323503Z   893 |     AVCodecContext *codec;
2026-09-07T17:56:53.9323946Z       |                     ^~~~~
2026-09-07T17:56:53.9325645Z /home/runner/work/PocketKrKr/PocketKrKr/cpp/core/movie/ffmpeg/DemuxFFmpeg.cpp:1366:34: warning: ‘AVStream::codec’ is deprecated [-Wdeprecated-declarations]
2026-09-07T17:56:53.9326950Z  1366 |         stream->level = pStream->codec->level;
2026-09-07T17:56:53.9327501Z       |                                  ^~~~~
2026-09-07T17:56:53.9328359Z In file included from /home/runner/work/PocketKrKr/PocketKrKr/cpp/core/movie/ffmpeg/DemuxFFmpeg.h:8,
2026-09-07T17:56:53.9329806Z                  from /home/runner/work/PocketKrKr/PocketKrKr/cpp/core/movie/ffmpeg/DemuxFFmpeg.cpp:1:
2026-09-07T17:56:53.9331333Z /home/runner/work/PocketKrKr/PocketKrKr/out/linux/debug/vcpkg_installed/x64-linux/include/libavformat/avformat.h:893:21: note: declared here
2026-09-07T17:56:53.9332481Z   893 |     AVCodecContext *codec;
2026-09-07T17:56:53.9332921Z       |                     ^~~~~
2026-09-07T17:56:53.9334663Z /home/runner/work/PocketKrKr/PocketKrKr/cpp/core/movie/ffmpeg/DemuxFFmpeg.cpp:1366:34: warning: ‘AVStream::codec’ is deprecated [-Wdeprecated-declarations]
2026-09-07T17:56:53.9336410Z  1366 |         stream->level = pStream->codec->level;
2026-09-07T17:56:53.9336977Z       |                                  ^~~~~
2026-09-07T17:56:53.9337869Z In file included from /home/runner/work/PocketKrKr/PocketKrKr/cpp/core/movie/ffmpeg/DemuxFFmpeg.h:8,
2026-09-07T17:56:53.9339096Z                  from /home/runner/work/PocketKrKr/PocketKrKr/cpp/core/movie/ffmpeg/DemuxFFmpeg.cpp:1:
2026-09-07T17:56:53.9340621Z /home/runner/work/PocketKrKr/PocketKrKr/out/linux/debug/vcpkg_installed/x64-linux/include/libavformat/avformat.h:893:21: note: declared here
2026-09-07T17:56:53.9341784Z   893 |     AVCodecContext *codec;
2026-09-07T17:56:53.9342236Z       |                     ^~~~~
2026-09-07T17:56:53.9343746Z /home/runner/work/PocketKrKr/PocketKrKr/cpp/core/movie/ffmpeg/DemuxFFmpeg.cpp:1403:52: warning: ‘AVStream::codec’ is deprecated [-Wdeprecated-declarations]
2026-09-07T17:56:53.9345390Z  1403 |         if(stream->type != STREAM_NONE && pStream->codec->extradata &&
2026-09-07T17:56:53.9346254Z       |                                                    ^~~~~
2026-09-07T17:56:53.9347203Z In file included from /home/runner/work/PocketKrKr/PocketKrKr/cpp/core/movie/ffmpeg/DemuxFFmpeg.h:8,
2026-09-07T17:56:53.9348488Z                  from /home/runner/work/PocketKrKr/PocketKrKr/cpp/core/movie/ffmpeg/DemuxFFmpeg.cpp:1:
2026-09-07T17:56:53.9350082Z /home/runner/work/PocketKrKr/PocketKrKr/out/linux/debug/vcpkg_installed/x64-linux/include/libavformat/avformat.h:893:21: note: declared here
2026-09-07T17:56:53.9351337Z   893 |     AVCodecContext *codec;
2026-09-07T17:56:53.9351811Z       |                     ^~~~~
2026-09-07T17:56:53.9353451Z /home/runner/work/PocketKrKr/PocketKrKr/cpp/core/movie/ffmpeg/DemuxFFmpeg.cpp:1403:52: warning: ‘AVStream::codec’ is deprecated [-Wdeprecated-declarations]
2026-09-07T17:56:53.9354989Z  1403 |         if(stream->type != STREAM_NONE && pStream->codec->extradata &&
2026-09-07T17:56:53.9356142Z       |                                                    ^~~~~
2026-09-07T17:56:53.9356953Z In file included from /home/runner/work/PocketKrKr/PocketKrKr/cpp/core/movie/ffmpeg/DemuxFFmpeg.h:8,
2026-09-07T17:56:53.9357968Z                  from /home/runner/work/PocketKrKr/PocketKrKr/cpp/core/movie/ffmpeg/DemuxFFmpeg.cpp:1:
2026-09-07T17:56:53.9359223Z /home/runner/work/PocketKrKr/PocketKrKr/out/linux/debug/vcpkg_installed/x64-linux/include/libavformat/avformat.h:893:21: note: declared here
2026-09-07T17:56:53.9360211Z   893 |     AVCodecContext *codec;
2026-09-07T17:56:53.9360598Z       |                     ^~~~~
2026-09-07T17:56:53.9361975Z /home/runner/work/PocketKrKr/PocketKrKr/cpp/core/movie/ffmpeg/DemuxFFmpeg.cpp:1403:52: warning: ‘AVStream::codec’ is deprecated [-Wdeprecated-declarations]
2026-09-07T17:56:53.9363490Z  1403 |         if(stream->type != STREAM_NONE && pStream->codec->extradata &&
2026-09-07T17:56:53.9364256Z       |                                                    ^~~~~
2026-09-07T17:56:53.9365495Z In file included from /home/runner/work/PocketKrKr/PocketKrKr/cpp/core/movie/ffmpeg/DemuxFFmpeg.h:8,
2026-09-07T17:56:53.9366787Z                  from /home/runner/work/PocketKrKr/PocketKrKr/cpp/core/movie/ffmpeg/DemuxFFmpeg.cpp:1:
2026-09-07T17:56:53.9368443Z /home/runner/work/PocketKrKr/PocketKrKr/out/linux/debug/vcpkg_installed/x64-linux/include/libavformat/avformat.h:893:21: note: declared here
2026-09-07T17:56:53.9369665Z   893 |     AVCodecContext *codec;
2026-09-07T17:56:53.9370157Z       |                     ^~~~~
2026-09-07T17:56:53.9372027Z /home/runner/work/PocketKrKr/PocketKrKr/cpp/core/movie/ffmpeg/DemuxFFmpeg.cpp:1404:21: warning: ‘AVStream::codec’ is deprecated [-Wdeprecated-declarations]
2026-09-07T17:56:53.9373446Z  1404 |            pStream->codec->extradata_size > 0) {
2026-09-07T17:56:53.9373949Z       |                     ^~~~~
2026-09-07T17:56:53.9375143Z In file included from /home/runner/work/PocketKrKr/PocketKrKr/cpp/core/movie/ffmpeg/DemuxFFmpeg.h:8,
2026-09-07T17:56:53.9376692Z                  from /home/runner/work/PocketKrKr/PocketKrKr/cpp/core/movie/ffmpeg/DemuxFFmpeg.cpp:1:
2026-09-07T17:56:53.9378201Z /home/runner/work/PocketKrKr/PocketKrKr/out/linux/debug/vcpkg_installed/x64-linux/include/libavformat/avformat.h:893:21: note: declared here
2026-09-07T17:56:53.9379373Z   893 |     AVCodecContext *codec;
2026-09-07T17:56:53.9379827Z       |                     ^~~~~
2026-09-07T17:56:53.9381397Z /home/runner/work/PocketKrKr/PocketKrKr/cpp/core/movie/ffmpeg/DemuxFFmpeg.cpp:1404:21: warning: ‘AVStream::codec’ is deprecated [-Wdeprecated-declarations]
2026-09-07T17:56:53.9382732Z  1404 |            pStream->codec->extradata_size > 0) {
2026-09-07T17:56:53.9383259Z       |                     ^~~~~
2026-09-07T17:56:53.9384088Z In file included from /home/runner/work/PocketKrKr/PocketKrKr/cpp/core/movie/ffmpeg/DemuxFFmpeg.h:8,
2026-09-07T17:56:53.9385731Z                  from /home/runner/work/PocketKrKr/PocketKrKr/cpp/core/movie/ffmpeg/DemuxFFmpeg.cpp:1:
2026-09-07T17:56:53.9387273Z /home/runner/work/PocketKrKr/PocketKrKr/out/linux/debug/vcpkg_installed/x64-linux/include/libavformat/avformat.h:893:21: note: declared here
2026-09-07T17:56:53.9388462Z   893 |     AVCodecContext *codec;
2026-09-07T17:56:53.9388904Z       |                     ^~~~~
2026-09-07T17:56:53.9390456Z /home/runner/work/PocketKrKr/PocketKrKr/cpp/core/movie/ffmpeg/DemuxFFmpeg.cpp:1404:21: warning: ‘AVStream::codec’ is deprecated [-Wdeprecated-declarations]
2026-09-07T17:56:53.9391800Z  1404 |            pStream->codec->extradata_size > 0) {
2026-09-07T17:56:53.9392347Z       |                     ^~~~~
2026-09-07T17:56:53.9393173Z In file included from /home/runner/work/PocketKrKr/PocketKrKr/cpp/core/movie/ffmpeg/DemuxFFmpeg.h:8,
2026-09-07T17:56:53.9394394Z                  from /home/runner/work/PocketKrKr/PocketKrKr/cpp/core/movie/ffmpeg/DemuxFFmpeg.cpp:1:
2026-09-07T17:56:53.9396327Z /home/runner/work/PocketKrKr/PocketKrKr/out/linux/debug/vcpkg_installed/x64-linux/include/libavformat/avformat.h:893:21: note: declared here
2026-09-07T17:56:53.9397525Z   893 |     AVCodecContext *codec;
2026-09-07T17:56:53.9397970Z       |                     ^~~~~
2026-09-07T17:56:53.9399587Z /home/runner/work/PocketKrKr/PocketKrKr/cpp/core/movie/ffmpeg/DemuxFFmpeg.cpp:1405:42: warning: ‘AVStream::codec’ is deprecated [-Wdeprecated-declarations]
2026-09-07T17:56:53.9400991Z  1405 |             stream->ExtraSize = pStream->codec->extradata_size;
2026-09-07T17:56:53.9401637Z       |                                          ^~~~~
2026-09-07T17:56:53.9402542Z In file included from /home/runner/work/PocketKrKr/PocketKrKr/cpp/core/movie/ffmpeg/DemuxFFmpeg.h:8,
2026-09-07T17:56:53.9403792Z                  from /home/runner/work/PocketKrKr/PocketKrKr/cpp/core/movie/ffmpeg/DemuxFFmpeg.cpp:1:
2026-09-07T17:56:53.9405517Z /home/runner/work/PocketKrKr/PocketKrKr/out/linux/debug/vcpkg_installed/x64-linux/include/libavformat/avformat.h:893:21: note: declared here
2026-09-07T17:56:53.9406769Z   893 |     AVCodecContext *codec;
2026-09-07T17:56:53.9407250Z       |                     ^~~~~
2026-09-07T17:56:53.9408864Z /home/runner/work/PocketKrKr/PocketKrKr/cpp/core/movie/ffmpeg/DemuxFFmpeg.cpp:1405:42: warning: ‘AVStream::codec’ is deprecated [-Wdeprecated-declarations]
2026-09-07T17:56:53.9410323Z  1405 |             stream->ExtraSize = pStream->codec->extradata_size;
2026-09-07T17:56:53.9410971Z       |                                          ^~~~~
2026-09-07T17:56:53.9411871Z In file included from /home/runner/work/PocketKrKr/PocketKrKr/cpp/core/movie/ffmpeg/DemuxFFmpeg.h:8,
2026-09-07T17:56:53.9413396Z                  from /home/runner/work/PocketKrKr/PocketKrKr/cpp/core/movie/ffmpeg/DemuxFFmpeg.cpp:1:
2026-09-07T17:56:53.9414973Z /home/runner/work/PocketKrKr/PocketKrKr/out/linux/debug/vcpkg_installed/x64-linux/include/libavformat/avformat.h:893:21: note: declared here
2026-09-07T17:56:53.9416724Z   893 |     AVCodecContext *codec;
2026-09-07T17:56:53.9417199Z       |                     ^~~~~
2026-09-07T17:56:53.9418810Z /home/runner/work/PocketKrKr/PocketKrKr/cpp/core/movie/ffmpeg/DemuxFFmpeg.cpp:1405:42: warning: ‘AVStream::codec’ is deprecated [-Wdeprecated-declarations]
2026-09-07T17:56:53.9420139Z  1405 |             stream->ExtraSize = pStream->codec->extradata_size;
2026-09-07T17:56:53.9420813Z       |                                          ^~~~~
2026-09-07T17:56:53.9421731Z In file included from /home/runner/work/PocketKrKr/PocketKrKr/cpp/core/movie/ffmpeg/DemuxFFmpeg.h:8,
2026-09-07T17:56:53.9423030Z                  from /home/runner/work/PocketKrKr/PocketKrKr/cpp/core/movie/ffmpeg/DemuxFFmpeg.cpp:1:
2026-09-07T17:56:53.9424592Z /home/runner/work/PocketKrKr/PocketKrKr/out/linux/debug/vcpkg_installed/x64-linux/include/libavformat/avformat.h:893:21: note: declared here
2026-09-07T17:56:53.9426279Z   893 |     AVCodecContext *codec;
2026-09-07T17:56:53.9426766Z       |                     ^~~~~
2026-09-07T17:56:53.9428409Z /home/runner/work/PocketKrKr/PocketKrKr/cpp/core/movie/ffmpeg/DemuxFFmpeg.cpp:1406:54: warning: ‘AVStream::codec’ is deprecated [-Wdeprecated-declarations]
2026-09-07T17:56:53.9429948Z  1406 |             stream->ExtraData = new uint8_t[pStream->codec->extradata_size];
2026-09-07T17:56:53.9430165Z       |                                                      ^~~~~
2026-09-07T17:56:53.9430731Z In file included from /home/runner/work/PocketKrKr/PocketKrKr/cpp/core/movie/ffmpeg/DemuxFFmpeg.h:8,
2026-09-07T17:56:53.9431252Z                  from /home/runner/work/PocketKrKr/PocketKrKr/cpp/core/movie/ffmpeg/DemuxFFmpeg.cpp:1:
2026-09-07T17:56:53.9432093Z /home/runner/work/PocketKrKr/PocketKrKr/out/linux/debug/vcpkg_installed/x64-linux/include/libavformat/avformat.h:893:21: note: declared here
2026-09-07T17:56:53.9432276Z   893 |     AVCodecContext *codec;
2026-09-07T17:56:53.9432431Z       |                     ^~~~~
2026-09-07T17:56:53.9433765Z /home/runner/work/PocketKrKr/PocketKrKr/cpp/core/movie/ffmpeg/DemuxFFmpeg.cpp:1406:54: warning: ‘AVStream::codec’ is deprecated [-Wdeprecated-declarations]
2026-09-07T17:56:53.9434197Z  1406 |             stream->ExtraData = new uint8_t[pStream->codec->extradata_size];
2026-09-07T17:56:53.9434404Z       |                                                      ^~~~~
2026-09-07T17:56:53.9434981Z In file included from /home/runner/work/PocketKrKr/PocketKrKr/cpp/core/movie/ffmpeg/DemuxFFmpeg.h:8,
2026-09-07T17:56:53.9435763Z                  from /home/runner/work/PocketKrKr/PocketKrKr/cpp/core/movie/ffmpeg/DemuxFFmpeg.cpp:1:
2026-09-07T17:56:53.9436621Z /home/runner/work/PocketKrKr/PocketKrKr/out/linux/debug/vcpkg_installed/x64-linux/include/libavformat/avformat.h:893:21: note: declared here
2026-09-07T17:56:53.9436793Z   893 |     AVCodecContext *codec;
2026-09-07T17:56:53.9436933Z       |                     ^~~~~
2026-09-07T17:56:53.9438215Z /home/runner/work/PocketKrKr/PocketKrKr/cpp/core/movie/ffmpeg/DemuxFFmpeg.cpp:1406:54: warning: ‘AVStream::codec’ is deprecated [-Wdeprecated-declarations]
2026-09-07T17:56:53.9438580Z  1406 |             stream->ExtraData = new uint8_t[pStream->codec->extradata_size];
2026-09-07T17:56:53.9438779Z       |                                                      ^~~~~
2026-09-07T17:56:53.9439315Z In file included from /home/runner/work/PocketKrKr/PocketKrKr/cpp/core/movie/ffmpeg/DemuxFFmpeg.h:8,
2026-09-07T17:56:53.9439830Z                  from /home/runner/work/PocketKrKr/PocketKrKr/cpp/core/movie/ffmpeg/DemuxFFmpeg.cpp:1:
2026-09-07T17:56:53.9440671Z /home/runner/work/PocketKrKr/PocketKrKr/out/linux/debug/vcpkg_installed/x64-linux/include/libavformat/avformat.h:893:21: note: declared here
2026-09-07T17:56:53.9441061Z   893 |     AVCodecContext *codec;
2026-09-07T17:56:53.9441211Z       |                     ^~~~~
2026-09-07T17:56:53.9442467Z /home/runner/work/PocketKrKr/PocketKrKr/cpp/core/movie/ffmpeg/DemuxFFmpeg.cpp:1407:48: warning: ‘AVStream::codec’ is deprecated [-Wdeprecated-declarations]
2026-09-07T17:56:53.9442962Z  1407 |             memcpy(stream->ExtraData, pStream->codec->extradata,
2026-09-07T17:56:53.9443147Z       |                                                ^~~~~
2026-09-07T17:56:53.9443700Z In file included from /home/runner/work/PocketKrKr/PocketKrKr/cpp/core/movie/ffmpeg/DemuxFFmpeg.h:8,
2026-09-07T17:56:53.9444208Z                  from /home/runner/work/PocketKrKr/PocketKrKr/cpp/core/movie/ffmpeg/DemuxFFmpeg.cpp:1:
2026-09-07T17:56:53.9445046Z /home/runner/work/PocketKrKr/PocketKrKr/out/linux/debug/vcpkg_installed/x64-linux/include/libavformat/avformat.h:893:21: note: declared here
2026-09-07T17:56:53.9445433Z   893 |     AVCodecContext *codec;
2026-09-07T17:56:53.9445603Z       |                     ^~~~~
2026-09-07T17:56:53.9446869Z /home/runner/work/PocketKrKr/PocketKrKr/cpp/core/movie/ffmpeg/DemuxFFmpeg.cpp:1407:48: warning: ‘AVStream::codec’ is deprecated [-Wdeprecated-declarations]
2026-09-07T17:56:53.9447171Z  1407 |             memcpy(stream->ExtraData, pStream->codec->extradata,
2026-09-07T17:56:53.9447373Z       |                                                ^~~~~
2026-09-07T17:56:53.9447930Z In file included from /home/runner/work/PocketKrKr/PocketKrKr/cpp/core/movie/ffmpeg/DemuxFFmpeg.h:8,
2026-09-07T17:56:53.9448437Z                  from /home/runner/work/PocketKrKr/PocketKrKr/cpp/core/movie/ffmpeg/DemuxFFmpeg.cpp:1:
2026-09-07T17:56:53.9449254Z /home/runner/work/PocketKrKr/PocketKrKr/out/linux/debug/vcpkg_installed/x64-linux/include/libavformat/avformat.h:893:21: note: declared here
2026-09-07T17:56:53.9449418Z   893 |     AVCodecContext *codec;
2026-09-07T17:56:53.9449560Z       |                     ^~~~~
2026-09-07T17:56:53.9450779Z /home/runner/work/PocketKrKr/PocketKrKr/cpp/core/movie/ffmpeg/DemuxFFmpeg.cpp:1407:48: warning: ‘AVStream::codec’ is deprecated [-Wdeprecated-declarations]
2026-09-07T17:56:53.9451065Z  1407 |             memcpy(stream->ExtraData, pStream->codec->extradata,
2026-09-07T17:56:53.9451250Z       |                                                ^~~~~
2026-09-07T17:56:53.9451792Z In file included from /home/runner/work/PocketKrKr/PocketKrKr/cpp/core/movie/ffmpeg/DemuxFFmpeg.h:8,
2026-09-07T17:56:53.9452283Z                  from /home/runner/work/PocketKrKr/PocketKrKr/cpp/core/movie/ffmpeg/DemuxFFmpeg.cpp:1:
2026-09-07T17:56:53.9453107Z /home/runner/work/PocketKrKr/PocketKrKr/out/linux/debug/vcpkg_installed/x64-linux/include/libavformat/avformat.h:893:21: note: declared here
2026-09-07T17:56:53.9453275Z   893 |     AVCodecContext *codec;
2026-09-07T17:56:53.9453419Z       |                     ^~~~~
2026-09-07T17:56:53.9454647Z /home/runner/work/PocketKrKr/PocketKrKr/cpp/core/movie/ffmpeg/DemuxFFmpeg.cpp:1408:29: warning: ‘AVStream::codec’ is deprecated [-Wdeprecated-declarations]
2026-09-07T17:56:53.9454885Z  1408 |                    pStream->codec->extradata_size);
2026-09-07T17:56:53.9455043Z       |                             ^~~~~
2026-09-07T17:56:53.9455876Z In file included from /home/runner/work/PocketKrKr/PocketKrKr/cpp/core/movie/ffmpeg/DemuxFFmpeg.h:8,
2026-09-07T17:56:53.9456391Z                  from /home/runner/work/PocketKrKr/PocketKrKr/cpp/core/movie/ffmpeg/DemuxFFmpeg.cpp:1:
2026-09-07T17:56:53.9457223Z /home/runner/work/PocketKrKr/PocketKrKr/out/linux/debug/vcpkg_installed/x64-linux/include/libavformat/avformat.h:893:21: note: declared here
2026-09-07T17:56:53.9457393Z   893 |     AVCodecContext *codec;
2026-09-07T17:56:53.9457538Z       |                     ^~~~~
2026-09-07T17:56:53.9458779Z /home/runner/work/PocketKrKr/PocketKrKr/cpp/core/movie/ffmpeg/DemuxFFmpeg.cpp:1408:29: warning: ‘AVStream::codec’ is deprecated [-Wdeprecated-declarations]
2026-09-07T17:56:53.9459013Z  1408 |                    pStream->codec->extradata_size);
2026-09-07T17:56:53.9459359Z       |                             ^~~~~
2026-09-07T17:56:53.9459907Z In file included from /home/runner/work/PocketKrKr/PocketKrKr/cpp/core/movie/ffmpeg/DemuxFFmpeg.h:8,
2026-09-07T17:56:53.9460405Z                  from /home/runner/work/PocketKrKr/PocketKrKr/cpp/core/movie/ffmpeg/DemuxFFmpeg.cpp:1:
2026-09-07T17:56:53.9461392Z /home/runner/work/PocketKrKr/PocketKrKr/out/linux/debug/vcpkg_installed/x64-linux/include/libavformat/avformat.h:893:21: note: declared here
2026-09-07T17:56:53.9461556Z   893 |     AVCodecContext *codec;
2026-09-07T17:56:53.9461693Z       |                     ^~~~~
2026-09-07T17:56:53.9462926Z /home/runner/work/PocketKrKr/PocketKrKr/cpp/core/movie/ffmpeg/DemuxFFmpeg.cpp:1408:29: warning: ‘AVStream::codec’ is deprecated [-Wdeprecated-declarations]
2026-09-07T17:56:53.9463151Z  1408 |                    pStream->codec->extradata_size);
2026-09-07T17:56:53.9463302Z       |                             ^~~~~
2026-09-07T17:56:53.9463853Z In file included from /home/runner/work/PocketKrKr/PocketKrKr/cpp/core/movie/ffmpeg/DemuxFFmpeg.h:8,
2026-09-07T17:56:53.9464349Z                  from /home/runner/work/PocketKrKr/PocketKrKr/cpp/core/movie/ffmpeg/DemuxFFmpeg.cpp:1:
2026-09-07T17:56:53.9465147Z /home/runner/work/PocketKrKr/PocketKrKr/out/linux/debug/vcpkg_installed/x64-linux/include/libavformat/avformat.h:893:21: note: declared here
2026-09-07T17:56:53.9465536Z   893 |     AVCodecContext *codec;
2026-09-07T17:56:53.9465698Z       |                     ^~~~~
2026-09-07T17:56:53.9466983Z /home/runner/work/PocketKrKr/PocketKrKr/cpp/core/movie/ffmpeg/DemuxFFmpeg.cpp: In member function ‘bool KRMovie::CDVDDemuxFFmpeg::IsProgramChange()’:
2026-09-07T17:56:53.9468266Z /home/runner/work/PocketKrKr/PocketKrKr/cpp/core/movie/ffmpeg/DemuxFFmpeg.cpp:1492:44: warning: ‘AVStream::codec’ is deprecated [-Wdeprecated-declarations]
2026-09-07T17:56:53.9468662Z  1492 |         if(m_pFormatContext->streams[idx]->codec->codec_id != stream->codec)
2026-09-07T17:56:53.9468860Z       |                                            ^~~~~
2026-09-07T17:56:53.9469422Z In file included from /home/runner/work/PocketKrKr/PocketKrKr/cpp/core/movie/ffmpeg/DemuxFFmpeg.h:8,
2026-09-07T17:56:53.9469949Z                  from /home/runner/work/PocketKrKr/PocketKrKr/cpp/core/movie/ffmpeg/DemuxFFmpeg.cpp:1:
2026-09-07T17:56:53.9470819Z /home/runner/work/PocketKrKr/PocketKrKr/out/linux/debug/vcpkg_installed/x64-linux/include/libavformat/avformat.h:893:21: note: declared here
2026-09-07T17:56:53.9471006Z   893 |     AVCodecContext *codec;
2026-09-07T17:56:53.9471163Z       |                     ^~~~~
2026-09-07T17:56:53.9472443Z /home/runner/work/PocketKrKr/PocketKrKr/cpp/core/movie/ffmpeg/DemuxFFmpeg.cpp:1492:44: warning: ‘AVStream::codec’ is deprecated [-Wdeprecated-declarations]
2026-09-07T17:56:53.9472855Z  1492 |         if(m_pFormatContext->streams[idx]->codec->codec_id != stream->codec)
2026-09-07T17:56:53.9473048Z       |                                            ^~~~~
2026-09-07T17:56:53.9473623Z In file included from /home/runner/work/PocketKrKr/PocketKrKr/cpp/core/movie/ffmpeg/DemuxFFmpeg.h:8,
2026-09-07T17:56:53.9474146Z                  from /home/runner/work/PocketKrKr/PocketKrKr/cpp/core/movie/ffmpeg/DemuxFFmpeg.cpp:1:
2026-09-07T17:56:53.9474996Z /home/runner/work/PocketKrKr/PocketKrKr/out/linux/debug/vcpkg_installed/x64-linux/include/libavformat/avformat.h:893:21: note: declared here
2026-09-07T17:56:53.9475418Z   893 |     AVCodecContext *codec;
2026-09-07T17:56:53.9475582Z       |                     ^~~~~
2026-09-07T17:56:53.9476881Z /home/runner/work/PocketKrKr/PocketKrKr/cpp/core/movie/ffmpeg/DemuxFFmpeg.cpp:1492:44: warning: ‘AVStream::codec’ is deprecated [-Wdeprecated-declarations]
2026-09-07T17:56:53.9477280Z  1492 |         if(m_pFormatContext->streams[idx]->codec->codec_id != stream->codec)
2026-09-07T17:56:53.9477473Z       |                                            ^~~~~
2026-09-07T17:56:53.9478348Z In file included from /home/runner/work/PocketKrKr/PocketKrKr/cpp/core/movie/ffmpeg/DemuxFFmpeg.h:8,
2026-09-07T17:56:53.9478890Z                  from /home/runner/work/PocketKrKr/PocketKrKr/cpp/core/movie/ffmpeg/DemuxFFmpeg.cpp:1:
2026-09-07T17:56:53.9479805Z /home/runner/work/PocketKrKr/PocketKrKr/out/linux/debug/vcpkg_installed/x64-linux/include/libavformat/avformat.h:893:21: note: declared here
2026-09-07T17:56:53.9480272Z   893 |     AVCodecContext *codec;
2026-09-07T17:56:53.9480421Z       |                     ^~~~~
2026-09-07T17:56:53.9481726Z /home/runner/work/PocketKrKr/PocketKrKr/cpp/core/movie/ffmpeg/DemuxFFmpeg.cpp: In member function ‘void KRMovie::CDVDDemuxFFmpeg::ParsePacket(AVPacket*)’:
2026-09-07T17:56:53.9483033Z /home/runner/work/PocketKrKr/PocketKrKr/cpp/core/movie/ffmpeg/DemuxFFmpeg.cpp:1543:56: warning: ‘AVStream::codec’ is deprecated [-Wdeprecated-declarations]
2026-09-07T17:56:53.9483419Z  1543 |     if(st->parser && st->parser->parser->split && !st->codec->extradata) {
2026-09-07T17:56:53.9483622Z       |                                                        ^~~~~
2026-09-07T17:56:53.9484198Z In file included from /home/runner/work/PocketKrKr/PocketKrKr/cpp/core/movie/ffmpeg/DemuxFFmpeg.h:8,
2026-09-07T17:56:53.9484720Z                  from /home/runner/work/PocketKrKr/PocketKrKr/cpp/core/movie/ffmpeg/DemuxFFmpeg.cpp:1:
2026-09-07T17:56:53.9486054Z /home/runner/work/PocketKrKr/PocketKrKr/out/linux/debug/vcpkg_installed/x64-linux/include/libavformat/avformat.h:893:21: note: declared here
2026-09-07T17:56:53.9486248Z   893 |     AVCodecContext *codec;
2026-09-07T17:56:53.9486399Z       |                     ^~~~~
2026-09-07T17:56:53.9487682Z /home/runner/work/PocketKrKr/PocketKrKr/cpp/core/movie/ffmpeg/DemuxFFmpeg.cpp:1543:56: warning: ‘AVStream::codec’ is deprecated [-Wdeprecated-declarations]
2026-09-07T17:56:53.9488045Z  1543 |     if(st->parser && st->parser->parser->split && !st->codec->extradata) {
2026-09-07T17:56:53.9488255Z       |                                                        ^~~~~
2026-09-07T17:56:53.9488813Z In file included from /home/runner/work/PocketKrKr/PocketKrKr/cpp/core/movie/ffmpeg/DemuxFFmpeg.h:8,
2026-09-07T17:56:53.9489303Z                  from /home/runner/work/PocketKrKr/PocketKrKr/cpp/core/movie/ffmpeg/DemuxFFmpeg.cpp:1:
2026-09-07T17:56:53.9490125Z /home/runner/work/PocketKrKr/PocketKrKr/out/linux/debug/vcpkg_installed/x64-linux/include/libavformat/avformat.h:893:21: note: declared here
2026-09-07T17:56:53.9490314Z   893 |     AVCodecContext *codec;
2026-09-07T17:56:53.9490466Z       |                     ^~~~~
2026-09-07T17:56:53.9491749Z /home/runner/work/PocketKrKr/PocketKrKr/cpp/core/movie/ffmpeg/DemuxFFmpeg.cpp:1543:56: warning: ‘AVStream::codec’ is deprecated [-Wdeprecated-declarations]
2026-09-07T17:56:53.9492197Z  1543 |     if(st->parser && st->parser->parser->split && !st->codec->extradata) {
2026-09-07T17:56:53.9492409Z       |                                                        ^~~~~
2026-09-07T17:56:53.9492968Z In file included from /home/runner/work/PocketKrKr/PocketKrKr/cpp/core/movie/ffmpeg/DemuxFFmpeg.h:8,
2026-09-07T17:56:53.9493496Z                  from /home/runner/work/PocketKrKr/PocketKrKr/cpp/core/movie/ffmpeg/DemuxFFmpeg.cpp:1:
2026-09-07T17:56:53.9494342Z /home/runner/work/PocketKrKr/PocketKrKr/out/linux/debug/vcpkg_installed/x64-linux/include/libavformat/avformat.h:893:21: note: declared here
2026-09-07T17:56:53.9494541Z   893 |     AVCodecContext *codec;
2026-09-07T17:56:53.9494699Z       |                     ^~~~~
2026-09-07T17:56:53.9496275Z /home/runner/work/PocketKrKr/PocketKrKr/cpp/core/movie/ffmpeg/DemuxFFmpeg.cpp:1544:47: warning: ‘AVStream::codec’ is deprecated [-Wdeprecated-declarations]
2026-09-07T17:56:53.9496650Z  1544 |         int i = st->parser->parser->split(st->codec, pkt->data, pkt->size);
2026-09-07T17:56:53.9496851Z       |                                               ^~~~~
2026-09-07T17:56:53.9497395Z In file included from /home/runner/work/PocketKrKr/PocketKrKr/cpp/core/movie/ffmpeg/DemuxFFmpeg.h:8,
2026-09-07T17:56:53.9498119Z                  from /home/runner/work/PocketKrKr/PocketKrKr/cpp/core/movie/ffmpeg/DemuxFFmpeg.cpp:1:
2026-09-07T17:56:53.9499043Z /home/runner/work/PocketKrKr/PocketKrKr/out/linux/debug/vcpkg_installed/x64-linux/include/libavformat/avformat.h:893:21: note: declared here
2026-09-07T17:56:53.9499219Z   893 |     AVCodecContext *codec;
2026-09-07T17:56:53.9499564Z       |                     ^~~~~
2026-09-07T17:56:53.9500811Z /home/runner/work/PocketKrKr/PocketKrKr/cpp/core/movie/ffmpeg/DemuxFFmpeg.cpp:1544:47: warning: ‘AVStream::codec’ is deprecated [-Wdeprecated-declarations]
2026-09-07T17:56:53.9501163Z  1544 |         int i = st->parser->parser->split(st->codec, pkt->data, pkt->size);
2026-09-07T17:56:53.9501347Z       |                                               ^~~~~
2026-09-07T17:56:53.9501881Z In file included from /home/runner/work/PocketKrKr/PocketKrKr/cpp/core/movie/ffmpeg/DemuxFFmpeg.h:8,
2026-09-07T17:56:53.9502374Z                  from /home/runner/work/PocketKrKr/PocketKrKr/cpp/core/movie/ffmpeg/DemuxFFmpeg.cpp:1:
2026-09-07T17:56:53.9503218Z /home/runner/work/PocketKrKr/PocketKrKr/out/linux/debug/vcpkg_installed/x64-linux/include/libavformat/avformat.h:893:21: note: declared here
2026-09-07T17:56:53.9503390Z   893 |     AVCodecContext *codec;
2026-09-07T17:56:53.9503529Z       |                     ^~~~~
2026-09-07T17:56:53.9504787Z /home/runner/work/PocketKrKr/PocketKrKr/cpp/core/movie/ffmpeg/DemuxFFmpeg.cpp:1544:47: warning: ‘AVStream::codec’ is deprecated [-Wdeprecated-declarations]
2026-09-07T17:56:53.9505143Z  1544 |         int i = st->parser->parser->split(st->codec, pkt->data, pkt->size);
2026-09-07T17:56:53.9505559Z       |                                               ^~~~~
2026-09-07T17:56:53.9506113Z In file included from /home/runner/work/PocketKrKr/PocketKrKr/cpp/core/movie/ffmpeg/DemuxFFmpeg.h:8,
2026-09-07T17:56:53.9506608Z                  from /home/runner/work/PocketKrKr/PocketKrKr/cpp/core/movie/ffmpeg/DemuxFFmpeg.cpp:1:
2026-09-07T17:56:53.9507455Z /home/runner/work/PocketKrKr/PocketKrKr/out/linux/debug/vcpkg_installed/x64-linux/include/libavformat/avformat.h:893:21: note: declared here
2026-09-07T17:56:53.9507614Z   893 |     AVCodecContext *codec;
2026-09-07T17:56:53.9507760Z       |                     ^~~~~
2026-09-07T17:56:53.9508985Z /home/runner/work/PocketKrKr/PocketKrKr/cpp/core/movie/ffmpeg/DemuxFFmpeg.cpp:1548:17: warning: ‘AVStream::codec’ is deprecated [-Wdeprecated-declarations]
2026-09-07T17:56:53.9509202Z  1548 |             st->codec->extradata_size = i;
2026-09-07T17:56:53.9509341Z       |                 ^~~~~
2026-09-07T17:56:53.9509850Z In file included from /home/runner/work/PocketKrKr/PocketKrKr/cpp/core/movie/ffmpeg/DemuxFFmpeg.h:8,
2026-09-07T17:56:53.9510323Z                  from /home/runner/work/PocketKrKr/PocketKrKr/cpp/core/movie/ffmpeg/DemuxFFmpeg.cpp:1:
2026-09-07T17:56:53.9511147Z /home/runner/work/PocketKrKr/PocketKrKr/out/linux/debug/vcpkg_installed/x64-linux/include/libavformat/avformat.h:893:21: note: declared here
2026-09-07T17:56:53.9511314Z   893 |     AVCodecContext *codec;
2026-09-07T17:56:53.9511472Z       |                     ^~~~~
2026-09-07T17:56:53.9512721Z /home/runner/work/PocketKrKr/PocketKrKr/cpp/core/movie/ffmpeg/DemuxFFmpeg.cpp:1548:17: warning: ‘AVStream::codec’ is deprecated [-Wdeprecated-declarations]
2026-09-07T17:56:53.9512918Z  1548 |             st->codec->extradata_size = i;
2026-09-07T17:56:53.9513074Z       |                 ^~~~~
2026-09-07T17:56:53.9513627Z In file included from /home/runner/work/PocketKrKr/PocketKrKr/cpp/core/movie/ffmpeg/DemuxFFmpeg.h:8,
2026-09-07T17:56:53.9514128Z                  from /home/runner/work/PocketKrKr/PocketKrKr/cpp/core/movie/ffmpeg/DemuxFFmpeg.cpp:1:
2026-09-07T17:56:53.9514956Z /home/runner/work/PocketKrKr/PocketKrKr/out/linux/debug/vcpkg_installed/x64-linux/include/libavformat/avformat.h:893:21: note: declared here
2026-09-07T17:56:53.9515124Z   893 |     AVCodecContext *codec;
2026-09-07T17:56:53.9515699Z       |                     ^~~~~
2026-09-07T17:56:53.9517178Z /home/runner/work/PocketKrKr/PocketKrKr/cpp/core/movie/ffmpeg/DemuxFFmpeg.cpp:1548:17: warning: ‘AVStream::codec’ is deprecated [-Wdeprecated-declarations]
2026-09-07T17:56:53.9517399Z  1548 |             st->codec->extradata_size = i;
2026-09-07T17:56:53.9517545Z       |                 ^~~~~
2026-09-07T17:56:53.9518102Z In file included from /home/runner/work/PocketKrKr/PocketKrKr/cpp/core/movie/ffmpeg/DemuxFFmpeg.h:8,
2026-09-07T17:56:53.9518779Z                  from /home/runner/work/PocketKrKr/PocketKrKr/cpp/core/movie/ffmpeg/DemuxFFmpeg.cpp:1:
2026-09-07T17:56:53.9519618Z /home/runner/work/PocketKrKr/PocketKrKr/out/linux/debug/vcpkg_installed/x64-linux/include/libavformat/avformat.h:893:21: note: declared here
2026-09-07T17:56:53.9519783Z   893 |     AVCodecContext *codec;
2026-09-07T17:56:53.9519928Z       |                     ^~~~~
2026-09-07T17:56:53.9521136Z /home/runner/work/PocketKrKr/PocketKrKr/cpp/core/movie/ffmpeg/DemuxFFmpeg.cpp:1549:17: warning: ‘AVStream::codec’ is deprecated [-Wdeprecated-declarations]
2026-09-07T17:56:53.9521408Z  1549 |             st->codec->extradata = (uint8_t *)av_malloc(
2026-09-07T17:56:53.9521550Z       |                 ^~~~~
2026-09-07T17:56:53.9522449Z In file included from /home/runner/work/PocketKrKr/PocketKrKr/cpp/core/movie/ffmpeg/DemuxFFmpeg.h:8,
2026-09-07T17:56:53.9523079Z                  from /home/runner/work/PocketKrKr/PocketKrKr/cpp/core/movie/ffmpeg/DemuxFFmpeg.cpp:1:
2026-09-07T17:56:53.9524060Z /home/runner/work/PocketKrKr/PocketKrKr/out/linux/debug/vcpkg_installed/x64-linux/include/libavformat/avformat.h:893:21: note: declared here
2026-09-07T17:56:53.9524281Z   893 |     AVCodecContext *codec;
2026-09-07T17:56:53.9524605Z       |                     ^~~~~
2026-09-07T17:56:53.9526426Z /home/runner/work/PocketKrKr/PocketKrKr/cpp/core/movie/ffmpeg/DemuxFFmpeg.cpp:1549:17: warning: ‘AVStream::codec’ is deprecated [-Wdeprecated-declarations]
2026-09-07T17:56:53.9526854Z  1549 |             st->codec->extradata = (uint8_t *)av_malloc(
2026-09-07T17:56:53.9527147Z       |                 ^~~~~
2026-09-07T17:56:53.9527860Z In file included from /home/runner/work/PocketKrKr/PocketKrKr/cpp/core/movie/ffmpeg/DemuxFFmpeg.h:8,
2026-09-07T17:56:53.9528709Z                  from /home/runner/work/PocketKrKr/PocketKrKr/cpp/core/movie/ffmpeg/DemuxFFmpeg.cpp:1:
2026-09-07T17:56:53.9529622Z /home/runner/work/PocketKrKr/PocketKrKr/out/linux/debug/vcpkg_installed/x64-linux/include/libavformat/avformat.h:893:21: note: declared here
2026-09-07T17:56:53.9529945Z   893 |     AVCodecContext *codec;
2026-09-07T17:56:53.9530225Z       |                     ^~~~~
2026-09-07T17:56:53.9531770Z /home/runner/work/PocketKrKr/PocketKrKr/cpp/core/movie/ffmpeg/DemuxFFmpeg.cpp:1549:17: warning: ‘AVStream::codec’ is deprecated [-Wdeprecated-declarations]
2026-09-07T17:56:53.9532149Z  1549 |             st->codec->extradata = (uint8_t *)av_malloc(
2026-09-07T17:56:53.9532439Z       |                 ^~~~~
2026-09-07T17:56:53.9533147Z In file included from /home/runner/work/PocketKrKr/PocketKrKr/cpp/core/movie/ffmpeg/DemuxFFmpeg.h:8,
2026-09-07T17:56:53.9533816Z                  from /home/runner/work/PocketKrKr/PocketKrKr/cpp/core/movie/ffmpeg/DemuxFFmpeg.cpp:1:
2026-09-07T17:56:53.9534891Z /home/runner/work/PocketKrKr/PocketKrKr/out/linux/debug/vcpkg_installed/x64-linux/include/libavformat/avformat.h:893:21: note: declared here
2026-09-07T17:56:53.9535541Z   893 |     AVCodecContext *codec;
2026-09-07T17:56:53.9535836Z       |                     ^~~~~
2026-09-07T17:56:53.9537225Z /home/runner/work/PocketKrKr/PocketKrKr/cpp/core/movie/ffmpeg/DemuxFFmpeg.cpp:1550:21: warning: ‘AVStream::codec’ is deprecated [-Wdeprecated-declarations]
2026-09-07T17:56:53.9537719Z  1550 |                 st->codec->extradata_size + FF_INPUT_BUFFER_PADDING_SIZE);
2026-09-07T17:56:53.9538174Z       |                     ^~~~~
2026-09-07T17:56:53.9538867Z In file included from /home/runner/work/PocketKrKr/PocketKrKr/cpp/core/movie/ffmpeg/DemuxFFmpeg.h:8,
2026-09-07T17:56:53.9539445Z                  from /home/runner/work/PocketKrKr/PocketKrKr/cpp/core/movie/ffmpeg/DemuxFFmpeg.cpp:1:
2026-09-07T17:56:53.9540734Z /home/runner/work/PocketKrKr/PocketKrKr/out/linux/debug/vcpkg_installed/x64-linux/include/libavformat/avformat.h:893:21: note: declared here
2026-09-07T17:56:53.9541160Z   893 |     AVCodecContext *codec;
2026-09-07T17:56:53.9541483Z       |                     ^~~~~
2026-09-07T17:56:53.9543119Z /home/runner/work/PocketKrKr/PocketKrKr/cpp/core/movie/ffmpeg/DemuxFFmpeg.cpp:1550:21: warning: ‘AVStream::codec’ is deprecated [-Wdeprecated-declarations]
2026-09-07T17:56:53.9543662Z  1550 |                 st->codec->extradata_size + FF_INPUT_BUFFER_PADDING_SIZE);
2026-09-07T17:56:53.9543923Z       |                     ^~~~~
2026-09-07T17:56:53.9544801Z In file included from /home/runner/work/PocketKrKr/PocketKrKr/cpp/core/movie/ffmpeg/DemuxFFmpeg.h:8,
2026-09-07T17:56:53.9545778Z                  from /home/runner/work/PocketKrKr/PocketKrKr/cpp/core/movie/ffmpeg/DemuxFFmpeg.cpp:1:
2026-09-07T17:56:53.9546784Z /home/runner/work/PocketKrKr/PocketKrKr/out/linux/debug/vcpkg_installed/x64-linux/include/libavformat/avformat.h:893:21: note: declared here
2026-09-07T17:56:53.9561664Z   893 |     AVCodecContext *codec;
2026-09-07T17:56:53.9561818Z       |                     ^~~~~
2026-09-07T17:56:53.9563172Z /home/runner/work/PocketKrKr/PocketKrKr/cpp/core/movie/ffmpeg/DemuxFFmpeg.cpp:1550:21: warning: ‘AVStream::codec’ is deprecated [-Wdeprecated-declarations]
2026-09-07T17:56:53.9563540Z  1550 |                 st->codec->extradata_size + FF_INPUT_BUFFER_PADDING_SIZE);
2026-09-07T17:56:53.9563694Z       |                     ^~~~~
2026-09-07T17:56:53.9564249Z In file included from /home/runner/work/PocketKrKr/PocketKrKr/cpp/core/movie/ffmpeg/DemuxFFmpeg.h:8,
2026-09-07T17:56:53.9564749Z                  from /home/runner/work/PocketKrKr/PocketKrKr/cpp/core/movie/ffmpeg/DemuxFFmpeg.cpp:1:
2026-09-07T17:56:53.9566042Z /home/runner/work/PocketKrKr/PocketKrKr/out/linux/debug/vcpkg_installed/x64-linux/include/libavformat/avformat.h:893:21: note: declared here
2026-09-07T17:56:53.9566234Z   893 |     AVCodecContext *codec;
2026-09-07T17:56:53.9566383Z       |                     ^~~~~
2026-09-07T17:56:53.9567613Z /home/runner/work/PocketKrKr/PocketKrKr/cpp/core/movie/ffmpeg/DemuxFFmpeg.cpp:1551:20: warning: ‘AVStream::codec’ is deprecated [-Wdeprecated-declarations]
2026-09-07T17:56:53.9567820Z  1551 |             if(st->codec->extradata) {
2026-09-07T17:56:53.9567966Z       |                    ^~~~~
2026-09-07T17:56:53.9568521Z In file included from /home/runner/work/PocketKrKr/PocketKrKr/cpp/core/movie/ffmpeg/DemuxFFmpeg.h:8,
2026-09-07T17:56:53.9569010Z                  from /home/runner/work/PocketKrKr/PocketKrKr/cpp/core/movie/ffmpeg/DemuxFFmpeg.cpp:1:
2026-09-07T17:56:53.9569823Z /home/runner/work/PocketKrKr/PocketKrKr/out/linux/debug/vcpkg_installed/x64-linux/include/libavformat/avformat.h:893:21: note: declared here
2026-09-07T17:56:53.9569988Z   893 |     AVCodecContext *codec;
2026-09-07T17:56:53.9570132Z       |                     ^~~~~
2026-09-07T17:56:53.9571325Z /home/runner/work/PocketKrKr/PocketKrKr/cpp/core/movie/ffmpeg/DemuxFFmpeg.cpp:1551:20: warning: ‘AVStream::codec’ is deprecated [-Wdeprecated-declarations]
2026-09-07T17:56:53.9571521Z  1551 |             if(st->codec->extradata) {
2026-09-07T17:56:53.9571670Z       |                    ^~~~~
2026-09-07T17:56:53.9572214Z In file included from /home/runner/work/PocketKrKr/PocketKrKr/cpp/core/movie/ffmpeg/DemuxFFmpeg.h:8,
2026-09-07T17:56:53.9572706Z                  from /home/runner/work/PocketKrKr/PocketKrKr/cpp/core/movie/ffmpeg/DemuxFFmpeg.cpp:1:
2026-09-07T17:56:53.9573520Z /home/runner/work/PocketKrKr/PocketKrKr/out/linux/debug/vcpkg_installed/x64-linux/include/libavformat/avformat.h:893:21: note: declared here
2026-09-07T17:56:53.9573693Z   893 |     AVCodecContext *codec;
2026-09-07T17:56:53.9573836Z       |                     ^~~~~
2026-09-07T17:56:53.9575037Z /home/runner/work/PocketKrKr/PocketKrKr/cpp/core/movie/ffmpeg/DemuxFFmpeg.cpp:1551:20: warning: ‘AVStream::codec’ is deprecated [-Wdeprecated-declarations]
2026-09-07T17:56:53.9575728Z  1551 |             if(st->codec->extradata) {
2026-09-07T17:56:53.9575894Z       |                    ^~~~~
2026-09-07T17:56:53.9576444Z In file included from /home/runner/work/PocketKrKr/PocketKrKr/cpp/core/movie/ffmpeg/DemuxFFmpeg.h:8,
2026-09-07T17:56:53.9576947Z                  from /home/runner/work/PocketKrKr/PocketKrKr/cpp/core/movie/ffmpeg/DemuxFFmpeg.cpp:1:
2026-09-07T17:56:53.9577951Z /home/runner/work/PocketKrKr/PocketKrKr/out/linux/debug/vcpkg_installed/x64-linux/include/libavformat/avformat.h:893:21: note: declared here
2026-09-07T17:56:53.9578119Z   893 |     AVCodecContext *codec;
2026-09-07T17:56:53.9578265Z       |                     ^~~~~
2026-09-07T17:56:53.9579486Z /home/runner/work/PocketKrKr/PocketKrKr/cpp/core/movie/ffmpeg/DemuxFFmpeg.cpp:1556:28: warning: ‘AVStream::codec’ is deprecated [-Wdeprecated-declarations]
2026-09-07T17:56:53.9579738Z  1556 |                 memcpy(st->codec->extradata, pkt->data,
2026-09-07T17:56:53.9579906Z       |                            ^~~~~
2026-09-07T17:56:53.9580454Z In file included from /home/runner/work/PocketKrKr/PocketKrKr/cpp/core/movie/ffmpeg/DemuxFFmpeg.h:8,
2026-09-07T17:56:53.9580946Z                  from /home/runner/work/PocketKrKr/PocketKrKr/cpp/core/movie/ffmpeg/DemuxFFmpeg.cpp:1:
2026-09-07T17:56:53.9581771Z /home/runner/work/PocketKrKr/PocketKrKr/out/linux/debug/vcpkg_installed/x64-linux/include/libavformat/avformat.h:893:21: note: declared here
2026-09-07T17:56:53.9581937Z   893 |     AVCodecContext *codec;
2026-09-07T17:56:53.9582086Z       |                     ^~~~~
2026-09-07T17:56:53.9583274Z /home/runner/work/PocketKrKr/PocketKrKr/cpp/core/movie/ffmpeg/DemuxFFmpeg.cpp:1556:28: warning: ‘AVStream::codec’ is deprecated [-Wdeprecated-declarations]
2026-09-07T17:56:53.9583518Z  1556 |                 memcpy(st->codec->extradata, pkt->data,
2026-09-07T17:56:53.9583678Z       |                            ^~~~~
2026-09-07T17:56:53.9584220Z In file included from /home/runner/work/PocketKrKr/PocketKrKr/cpp/core/movie/ffmpeg/DemuxFFmpeg.h:8,
2026-09-07T17:56:53.9584713Z                  from /home/runner/work/PocketKrKr/PocketKrKr/cpp/core/movie/ffmpeg/DemuxFFmpeg.cpp:1:
2026-09-07T17:56:53.9585731Z /home/runner/work/PocketKrKr/PocketKrKr/out/linux/debug/vcpkg_installed/x64-linux/include/libavformat/avformat.h:893:21: note: declared here
2026-09-07T17:56:53.9585922Z   893 |     AVCodecContext *codec;
2026-09-07T17:56:53.9586074Z       |                     ^~~~~
2026-09-07T17:56:53.9587306Z /home/runner/work/PocketKrKr/PocketKrKr/cpp/core/movie/ffmpeg/DemuxFFmpeg.cpp:1556:28: warning: ‘AVStream::codec’ is deprecated [-Wdeprecated-declarations]
2026-09-07T17:56:53.9587587Z  1556 |                 memcpy(st->codec->extradata, pkt->data,
2026-09-07T17:56:53.9587749Z       |                            ^~~~~
2026-09-07T17:56:53.9588293Z In file included from /home/runner/work/PocketKrKr/PocketKrKr/cpp/core/movie/ffmpeg/DemuxFFmpeg.h:8,
2026-09-07T17:56:53.9588798Z                  from /home/runner/work/PocketKrKr/PocketKrKr/cpp/core/movie/ffmpeg/DemuxFFmpeg.cpp:1:
2026-09-07T17:56:53.9589637Z /home/runner/work/PocketKrKr/PocketKrKr/out/linux/debug/vcpkg_installed/x64-linux/include/libavformat/avformat.h:893:21: note: declared here
2026-09-07T17:56:53.9589822Z   893 |     AVCodecContext *codec;
2026-09-07T17:56:53.9589990Z       |                     ^~~~~
2026-09-07T17:56:53.9591271Z /home/runner/work/PocketKrKr/PocketKrKr/cpp/core/movie/ffmpeg/DemuxFFmpeg.cpp:1557:28: warning: ‘AVStream::codec’ is deprecated [-Wdeprecated-declarations]
2026-09-07T17:56:53.9591495Z  1557 |                        st->codec->extradata_size);
2026-09-07T17:56:53.9591655Z       |                            ^~~~~
2026-09-07T17:56:53.9592213Z In file included from /home/runner/work/PocketKrKr/PocketKrKr/cpp/core/movie/ffmpeg/DemuxFFmpeg.h:8,
2026-09-07T17:56:53.9592727Z                  from /home/runner/work/PocketKrKr/PocketKrKr/cpp/core/movie/ffmpeg/DemuxFFmpeg.cpp:1:
2026-09-07T17:56:53.9593806Z /home/runner/work/PocketKrKr/PocketKrKr/out/linux/debug/vcpkg_installed/x64-linux/include/libavformat/avformat.h:893:21: note: declared here
2026-09-07T17:56:53.9594005Z   893 |     AVCodecContext *codec;
2026-09-07T17:56:53.9594151Z       |                     ^~~~~
2026-09-07T17:56:53.9595895Z /home/runner/work/PocketKrKr/PocketKrKr/cpp/core/movie/ffmpeg/DemuxFFmpeg.cpp:1557:28: warning: ‘AVStream::codec’ is deprecated [-Wdeprecated-declarations]
2026-09-07T17:56:53.9596414Z  1557 |                        st->codec->extradata_size);
2026-09-07T17:56:53.9596580Z       |                            ^~~~~
2026-09-07T17:56:53.9597156Z In file included from /home/runner/work/PocketKrKr/PocketKrKr/cpp/core/movie/ffmpeg/DemuxFFmpeg.h:8,
2026-09-07T17:56:53.9597678Z                  from /home/runner/work/PocketKrKr/PocketKrKr/cpp/core/movie/ffmpeg/DemuxFFmpeg.cpp:1:
2026-09-07T17:56:53.9598602Z /home/runner/work/PocketKrKr/PocketKrKr/out/linux/debug/vcpkg_installed/x64-linux/include/libavformat/avformat.h:893:21: note: declared here
2026-09-07T17:56:53.9598797Z   893 |     AVCodecContext *codec;
2026-09-07T17:56:53.9598954Z       |                     ^~~~~
2026-09-07T17:56:53.9600264Z /home/runner/work/PocketKrKr/PocketKrKr/cpp/core/movie/ffmpeg/DemuxFFmpeg.cpp:1557:28: warning: ‘AVStream::codec’ is deprecated [-Wdeprecated-declarations]
2026-09-07T17:56:53.9600524Z  1557 |                        st->codec->extradata_size);
2026-09-07T17:56:53.9600680Z       |                            ^~~~~
2026-09-07T17:56:53.9601234Z In file included from /home/runner/work/PocketKrKr/PocketKrKr/cpp/core/movie/ffmpeg/DemuxFFmpeg.h:8,
2026-09-07T17:56:53.9601709Z                  from /home/runner/work/PocketKrKr/PocketKrKr/cpp/core/movie/ffmpeg/DemuxFFmpeg.cpp:1:
2026-09-07T17:56:53.9602542Z /home/runner/work/PocketKrKr/PocketKrKr/out/linux/debug/vcpkg_installed/x64-linux/include/libavformat/avformat.h:893:21: note: declared here
2026-09-07T17:56:53.9602718Z   893 |     AVCodecContext *codec;
2026-09-07T17:56:53.9602877Z       |                     ^~~~~
2026-09-07T17:56:53.9604272Z /home/runner/work/PocketKrKr/PocketKrKr/cpp/core/movie/ffmpeg/DemuxFFmpeg.cpp:1558:28: warning: ‘AVStream::codec’ is deprecated [-Wdeprecated-declarations]
2026-09-07T17:56:53.9604520Z  1558 |                 memset(st->codec->extradata + i, 0,
2026-09-07T17:56:53.9604687Z       |                            ^~~~~
2026-09-07T17:56:53.9605709Z In file included from /home/runner/work/PocketKrKr/PocketKrKr/cpp/core/movie/ffmpeg/DemuxFFmpeg.h:8,
2026-09-07T17:56:53.9606243Z                  from /home/runner/work/PocketKrKr/PocketKrKr/cpp/core/movie/ffmpeg/DemuxFFmpeg.cpp:1:
2026-09-07T17:56:53.9607077Z /home/runner/work/PocketKrKr/PocketKrKr/out/linux/debug/vcpkg_installed/x64-linux/include/libavformat/avformat.h:893:21: note: declared here
2026-09-07T17:56:53.9607258Z   893 |     AVCodecContext *codec;
2026-09-07T17:56:53.9607407Z       |                     ^~~~~
2026-09-07T17:56:53.9608728Z /home/runner/work/PocketKrKr/PocketKrKr/cpp/core/movie/ffmpeg/DemuxFFmpeg.cpp:1558:28: warning: ‘AVStream::codec’ is deprecated [-Wdeprecated-declarations]
2026-09-07T17:56:53.9608985Z  1558 |                 memset(st->codec->extradata + i, 0,
2026-09-07T17:56:53.9609152Z       |                            ^~~~~
2026-09-07T17:56:53.9609783Z In file included from /home/runner/work/PocketKrKr/PocketKrKr/cpp/core/movie/ffmpeg/DemuxFFmpeg.h:8,
2026-09-07T17:56:53.9610296Z                  from /home/runner/work/PocketKrKr/PocketKrKr/cpp/core/movie/ffmpeg/DemuxFFmpeg.cpp:1:
2026-09-07T17:56:53.9611133Z /home/runner/work/PocketKrKr/PocketKrKr/out/linux/debug/vcpkg_installed/x64-linux/include/libavformat/avformat.h:893:21: note: declared here
2026-09-07T17:56:53.9611316Z   893 |     AVCodecContext *codec;
2026-09-07T17:56:53.9611469Z       |                     ^~~~~
2026-09-07T17:56:53.9612733Z /home/runner/work/PocketKrKr/PocketKrKr/cpp/core/movie/ffmpeg/DemuxFFmpeg.cpp:1558:28: warning: ‘AVStream::codec’ is deprecated [-Wdeprecated-declarations]
2026-09-07T17:56:53.9612976Z  1558 |                 memset(st->codec->extradata + i, 0,
2026-09-07T17:56:53.9613386Z       |                            ^~~~~
2026-09-07T17:56:53.9613961Z In file included from /home/runner/work/PocketKrKr/PocketKrKr/cpp/core/movie/ffmpeg/DemuxFFmpeg.h:8,
2026-09-07T17:56:53.9614474Z                  from /home/runner/work/PocketKrKr/PocketKrKr/cpp/core/movie/ffmpeg/DemuxFFmpeg.cpp:1:
2026-09-07T17:56:53.9616008Z /home/runner/work/PocketKrKr/PocketKrKr/out/linux/debug/vcpkg_installed/x64-linux/include/libavformat/avformat.h:893:21: note: declared here
2026-09-07T17:56:53.9616194Z   893 |     AVCodecContext *codec;
2026-09-07T17:56:53.9616338Z       |                     ^~~~~
2026-09-07T17:56:53.9617627Z /home/runner/work/PocketKrKr/PocketKrKr/cpp/core/movie/ffmpeg/DemuxFFmpeg.cpp:1561:21: warning: ‘AVStream::codec’ is deprecated [-Wdeprecated-declarations]
2026-09-07T17:56:53.9617854Z  1561 |                 st->codec->extradata_size = 0;
2026-09-07T17:56:53.9618004Z       |                     ^~~~~
2026-09-07T17:56:53.9618559Z In file included from /home/runner/work/PocketKrKr/PocketKrKr/cpp/core/movie/ffmpeg/DemuxFFmpeg.h:8,
2026-09-07T17:56:53.9619057Z                  from /home/runner/work/PocketKrKr/PocketKrKr/cpp/core/movie/ffmpeg/DemuxFFmpeg.cpp:1:
2026-09-07T17:56:53.9619875Z /home/runner/work/PocketKrKr/PocketKrKr/out/linux/debug/vcpkg_installed/x64-linux/include/libavformat/avformat.h:893:21: note: declared here
2026-09-07T17:56:53.9620048Z   893 |     AVCodecContext *codec;
2026-09-07T17:56:53.9620198Z       |                     ^~~~~
2026-09-07T17:56:53.9621426Z /home/runner/work/PocketKrKr/PocketKrKr/cpp/core/movie/ffmpeg/DemuxFFmpeg.cpp:1561:21: warning: ‘AVStream::codec’ is deprecated [-Wdeprecated-declarations]
2026-09-07T17:56:53.9621645Z  1561 |                 st->codec->extradata_size = 0;
2026-09-07T17:56:53.9621784Z       |                     ^~~~~
2026-09-07T17:56:53.9622330Z In file included from /home/runner/work/PocketKrKr/PocketKrKr/cpp/core/movie/ffmpeg/DemuxFFmpeg.h:8,
2026-09-07T17:56:53.9622828Z                  from /home/runner/work/PocketKrKr/PocketKrKr/cpp/core/movie/ffmpeg/DemuxFFmpeg.cpp:1:
2026-09-07T17:56:53.9623647Z /home/runner/work/PocketKrKr/PocketKrKr/out/linux/debug/vcpkg_installed/x64-linux/include/libavformat/avformat.h:893:21: note: declared here
2026-09-07T17:56:53.9623807Z   893 |     AVCodecContext *codec;
2026-09-07T17:56:53.9623971Z       |                     ^~~~~
2026-09-07T17:56:53.9625398Z /home/runner/work/PocketKrKr/PocketKrKr/cpp/core/movie/ffmpeg/DemuxFFmpeg.cpp:1561:21: warning: ‘AVStream::codec’ is deprecated [-Wdeprecated-declarations]
2026-09-07T17:56:53.9625621Z  1561 |                 st->codec->extradata_size = 0;
2026-09-07T17:56:53.9625772Z       |                     ^~~~~
2026-09-07T17:56:53.9626323Z In file included from /home/runner/work/PocketKrKr/PocketKrKr/cpp/core/movie/ffmpeg/DemuxFFmpeg.h:8,
2026-09-07T17:56:53.9626813Z                  from /home/runner/work/PocketKrKr/PocketKrKr/cpp/core/movie/ffmpeg/DemuxFFmpeg.cpp:1:
2026-09-07T17:56:53.9627640Z /home/runner/work/PocketKrKr/PocketKrKr/out/linux/debug/vcpkg_installed/x64-linux/include/libavformat/avformat.h:893:21: note: declared here
2026-09-07T17:56:53.9627812Z   893 |     AVCodecContext *codec;
2026-09-07T17:56:53.9627959Z       |                     ^~~~~
2026-09-07T17:56:53.9629159Z /home/runner/work/PocketKrKr/PocketKrKr/cpp/core/movie/ffmpeg/DemuxFFmpeg.cpp:1568:12: warning: ‘AVStream::codec’ is deprecated [-Wdeprecated-declarations]
2026-09-07T17:56:53.9629537Z  1568 |     if(st->codec->codec_type == AVMEDIA_TYPE_VIDEO && st->codec->extradata &&
2026-09-07T17:56:53.9629683Z       |            ^~~~~
2026-09-07T17:56:53.9630214Z In file included from /home/runner/work/PocketKrKr/PocketKrKr/cpp/core/movie/ffmpeg/DemuxFFmpeg.h:8,
2026-09-07T17:56:53.9630701Z                  from /home/runner/work/PocketKrKr/PocketKrKr/cpp/core/movie/ffmpeg/DemuxFFmpeg.cpp:1:
2026-09-07T17:56:53.9631520Z /home/runner/work/PocketKrKr/PocketKrKr/out/linux/debug/vcpkg_installed/x64-linux/include/libavformat/avformat.h:893:21: note: declared here
2026-09-07T17:56:53.9631939Z   893 |     AVCodecContext *codec;
2026-09-07T17:56:53.9632108Z       |                     ^~~~~
2026-09-07T17:56:53.9633311Z /home/runner/work/PocketKrKr/PocketKrKr/cpp/core/movie/ffmpeg/DemuxFFmpeg.cpp:1568:12: warning: ‘AVStream::codec’ is deprecated [-Wdeprecated-declarations]
2026-09-07T17:56:53.9633888Z  1568 |     if(st->codec->codec_type == AVMEDIA_TYPE_VIDEO && st->codec->extradata &&
2026-09-07T17:56:53.9634034Z       |            ^~~~~
2026-09-07T17:56:53.9634569Z In file included from /home/runner/work/PocketKrKr/PocketKrKr/cpp/core/movie/ffmpeg/DemuxFFmpeg.h:8,
2026-09-07T17:56:53.9635052Z                  from /home/runner/work/PocketKrKr/PocketKrKr/cpp/core/movie/ffmpeg/DemuxFFmpeg.cpp:1:
2026-09-07T17:56:53.9636173Z /home/runner/work/PocketKrKr/PocketKrKr/out/linux/debug/vcpkg_installed/x64-linux/include/libavformat/avformat.h:893:21: note: declared here
2026-09-07T17:56:53.9636345Z   893 |     AVCodecContext *codec;
2026-09-07T17:56:53.9636496Z       |                     ^~~~~
2026-09-07T17:56:53.9637713Z /home/runner/work/PocketKrKr/PocketKrKr/cpp/core/movie/ffmpeg/DemuxFFmpeg.cpp:1568:12: warning: ‘AVStream::codec’ is deprecated [-Wdeprecated-declarations]
2026-09-07T17:56:53.9638087Z  1568 |     if(st->codec->codec_type == AVMEDIA_TYPE_VIDEO && st->codec->extradata &&
2026-09-07T17:56:53.9638244Z       |            ^~~~~
2026-09-07T17:56:53.9638777Z In file included from /home/runner/work/PocketKrKr/PocketKrKr/cpp/core/movie/ffmpeg/DemuxFFmpeg.h:8,
2026-09-07T17:56:53.9639270Z                  from /home/runner/work/PocketKrKr/PocketKrKr/cpp/core/movie/ffmpeg/DemuxFFmpeg.cpp:1:
2026-09-07T17:56:53.9640117Z /home/runner/work/PocketKrKr/PocketKrKr/out/linux/debug/vcpkg_installed/x64-linux/include/libavformat/avformat.h:893:21: note: declared here
2026-09-07T17:56:53.9640287Z   893 |     AVCodecContext *codec;
2026-09-07T17:56:53.9640426Z       |                     ^~~~~
2026-09-07T17:56:53.9641631Z /home/runner/work/PocketKrKr/PocketKrKr/cpp/core/movie/ffmpeg/DemuxFFmpeg.cpp:1568:59: warning: ‘AVStream::codec’ is deprecated [-Wdeprecated-declarations]
2026-09-07T17:56:53.9641998Z  1568 |     if(st->codec->codec_type == AVMEDIA_TYPE_VIDEO && st->codec->extradata &&
2026-09-07T17:56:53.9642204Z       |                                                           ^~~~~
2026-09-07T17:56:53.9642745Z In file included from /home/runner/work/PocketKrKr/PocketKrKr/cpp/core/movie/ffmpeg/DemuxFFmpeg.h:8,
2026-09-07T17:56:53.9643236Z                  from /home/runner/work/PocketKrKr/PocketKrKr/cpp/core/movie/ffmpeg/DemuxFFmpeg.cpp:1:
2026-09-07T17:56:53.9644044Z /home/runner/work/PocketKrKr/PocketKrKr/out/linux/debug/vcpkg_installed/x64-linux/include/libavformat/avformat.h:893:21: note: declared here
2026-09-07T17:56:53.9644205Z   893 |     AVCodecContext *codec;
2026-09-07T17:56:53.9644356Z       |                     ^~~~~
2026-09-07T17:56:53.9645765Z /home/runner/work/PocketKrKr/PocketKrKr/cpp/core/movie/ffmpeg/DemuxFFmpeg.cpp:1568:59: warning: ‘AVStream::codec’ is deprecated [-Wdeprecated-declarations]
2026-09-07T17:56:53.9646163Z  1568 |     if(st->codec->codec_type == AVMEDIA_TYPE_VIDEO && st->codec->extradata &&
2026-09-07T17:56:53.9646369Z       |                                                           ^~~~~
2026-09-07T17:56:53.9646932Z In file included from /home/runner/work/PocketKrKr/PocketKrKr/cpp/core/movie/ffmpeg/DemuxFFmpeg.h:8,
2026-09-07T17:56:53.9647456Z                  from /home/runner/work/PocketKrKr/PocketKrKr/cpp/core/movie/ffmpeg/DemuxFFmpeg.cpp:1:
2026-09-07T17:56:53.9648277Z /home/runner/work/PocketKrKr/PocketKrKr/out/linux/debug/vcpkg_installed/x64-linux/include/libavformat/avformat.h:893:21: note: declared here
2026-09-07T17:56:53.9648465Z   893 |     AVCodecContext *codec;
2026-09-07T17:56:53.9648618Z       |                     ^~~~~
2026-09-07T17:56:53.9649944Z /home/runner/work/PocketKrKr/PocketKrKr/cpp/core/movie/ffmpeg/DemuxFFmpeg.cpp:1568:59: warning: ‘AVStream::codec’ is deprecated [-Wdeprecated-declarations]
2026-09-07T17:56:53.9650576Z  1568 |     if(st->codec->codec_type == AVMEDIA_TYPE_VIDEO && st->codec->extradata &&
2026-09-07T17:56:53.9650826Z       |                                                           ^~~~~
2026-09-07T17:56:53.9651409Z In file included from /home/runner/work/PocketKrKr/PocketKrKr/cpp/core/movie/ffmpeg/DemuxFFmpeg.h:8,
2026-09-07T17:56:53.9652178Z                  from /home/runner/work/PocketKrKr/PocketKrKr/cpp/core/movie/ffmpeg/DemuxFFmpeg.cpp:1:
2026-09-07T17:56:53.9653024Z /home/runner/work/PocketKrKr/PocketKrKr/out/linux/debug/vcpkg_installed/x64-linux/include/libavformat/avformat.h:893:21: note: declared here
2026-09-07T17:56:53.9653204Z   893 |     AVCodecContext *codec;
2026-09-07T17:56:53.9653358Z       |                     ^~~~~
2026-09-07T17:56:53.9654632Z /home/runner/work/PocketKrKr/PocketKrKr/cpp/core/movie/ffmpeg/DemuxFFmpeg.cpp:1569:14: warning: ‘AVStream::codec’ is deprecated [-Wdeprecated-declarations]
2026-09-07T17:56:53.9654996Z  1569 |        (!st->codec->width || st->codec->pix_fmt == AV_PIX_FMT_NONE)) {
2026-09-07T17:56:53.9655423Z       |              ^~~~~
2026-09-07T17:56:53.9655994Z In file included from /home/runner/work/PocketKrKr/PocketKrKr/cpp/core/movie/ffmpeg/DemuxFFmpeg.h:8,
2026-09-07T17:56:53.9656494Z                  from /home/runner/work/PocketKrKr/PocketKrKr/cpp/core/movie/ffmpeg/DemuxFFmpeg.cpp:1:
2026-09-07T17:56:53.9657347Z /home/runner/work/PocketKrKr/PocketKrKr/out/linux/debug/vcpkg_installed/x64-linux/include/libavformat/avformat.h:893:21: note: declared here
2026-09-07T17:56:53.9657535Z   893 |     AVCodecContext *codec;
2026-09-07T17:56:53.9657695Z       |                     ^~~~~
2026-09-07T17:56:53.9658964Z /home/runner/work/PocketKrKr/PocketKrKr/cpp/core/movie/ffmpeg/DemuxFFmpeg.cpp:1569:14: warning: ‘AVStream::codec’ is deprecated [-Wdeprecated-declarations]
2026-09-07T17:56:53.9659301Z  1569 |        (!st->codec->width || st->codec->pix_fmt == AV_PIX_FMT_NONE)) {
2026-09-07T17:56:53.9659450Z       |              ^~~~~
2026-09-07T17:56:53.9660010Z In file included from /home/runner/work/PocketKrKr/PocketKrKr/cpp/core/movie/ffmpeg/DemuxFFmpeg.h:8,
2026-09-07T17:56:53.9660521Z                  from /home/runner/work/PocketKrKr/PocketKrKr/cpp/core/movie/ffmpeg/DemuxFFmpeg.cpp:1:
2026-09-07T17:56:53.9661337Z /home/runner/work/PocketKrKr/PocketKrKr/out/linux/debug/vcpkg_installed/x64-linux/include/libavformat/avformat.h:893:21: note: declared here
2026-09-07T17:56:53.9661524Z   893 |     AVCodecContext *codec;
2026-09-07T17:56:53.9661670Z       |                     ^~~~~
2026-09-07T17:56:53.9662883Z /home/runner/work/PocketKrKr/PocketKrKr/cpp/core/movie/ffmpeg/DemuxFFmpeg.cpp:1569:14: warning: ‘AVStream::codec’ is deprecated [-Wdeprecated-declarations]
2026-09-07T17:56:53.9663214Z  1569 |        (!st->codec->width || st->codec->pix_fmt == AV_PIX_FMT_NONE)) {
2026-09-07T17:56:53.9663367Z       |              ^~~~~
2026-09-07T17:56:53.9663903Z In file included from /home/runner/work/PocketKrKr/PocketKrKr/cpp/core/movie/ffmpeg/DemuxFFmpeg.h:8,
2026-09-07T17:56:53.9664428Z                  from /home/runner/work/PocketKrKr/PocketKrKr/cpp/core/movie/ffmpeg/DemuxFFmpeg.cpp:1:
2026-09-07T17:56:53.9665577Z /home/runner/work/PocketKrKr/PocketKrKr/out/linux/debug/vcpkg_installed/x64-linux/include/libavformat/avformat.h:893:21: note: declared here
2026-09-07T17:56:53.9665758Z   893 |     AVCodecContext *codec;
2026-09-07T17:56:53.9665921Z       |                     ^~~~~
2026-09-07T17:56:53.9667155Z /home/runner/work/PocketKrKr/PocketKrKr/cpp/core/movie/ffmpeg/DemuxFFmpeg.cpp:1569:34: warning: ‘AVStream::codec’ is deprecated [-Wdeprecated-declarations]
2026-09-07T17:56:53.9667483Z  1569 |        (!st->codec->width || st->codec->pix_fmt == AV_PIX_FMT_NONE)) {
2026-09-07T17:56:53.9667645Z       |                                  ^~~~~
2026-09-07T17:56:53.9668188Z In file included from /home/runner/work/PocketKrKr/PocketKrKr/cpp/core/movie/ffmpeg/DemuxFFmpeg.h:8,
2026-09-07T17:56:53.9668683Z                  from /home/runner/work/PocketKrKr/PocketKrKr/cpp/core/movie/ffmpeg/DemuxFFmpeg.cpp:1:
2026-09-07T17:56:53.9669736Z /home/runner/work/PocketKrKr/PocketKrKr/out/linux/debug/vcpkg_installed/x64-linux/include/libavformat/avformat.h:893:21: note: declared here
2026-09-07T17:56:53.9669926Z   893 |     AVCodecContext *codec;
2026-09-07T17:56:53.9670078Z       |                     ^~~~~
2026-09-07T17:56:53.9671533Z /home/runner/work/PocketKrKr/PocketKrKr/cpp/core/movie/ffmpeg/DemuxFFmpeg.cpp:1569:34: warning: ‘AVStream::codec’ is deprecated [-Wdeprecated-declarations]
2026-09-07T17:56:53.9671879Z  1569 |        (!st->codec->width || st->codec->pix_fmt == AV_PIX_FMT_NONE)) {
2026-09-07T17:56:53.9672057Z       |                                  ^~~~~
2026-09-07T17:56:53.9672646Z In file included from /home/runner/work/PocketKrKr/PocketKrKr/cpp/core/movie/ffmpeg/DemuxFFmpeg.h:8,
2026-09-07T17:56:53.9673181Z                  from /home/runner/work/PocketKrKr/PocketKrKr/cpp/core/movie/ffmpeg/DemuxFFmpeg.cpp:1:
2026-09-07T17:56:53.9674032Z /home/runner/work/PocketKrKr/PocketKrKr/out/linux/debug/vcpkg_installed/x64-linux/include/libavformat/avformat.h:893:21: note: declared here
2026-09-07T17:56:53.9674215Z   893 |     AVCodecContext *codec;
2026-09-07T17:56:53.9674373Z       |                     ^~~~~
2026-09-07T17:56:53.9675917Z /home/runner/work/PocketKrKr/PocketKrKr/cpp/core/movie/ffmpeg/DemuxFFmpeg.cpp:1569:34: warning: ‘AVStream::codec’ is deprecated [-Wdeprecated-declarations]
2026-09-07T17:56:53.9676259Z  1569 |        (!st->codec->width || st->codec->pix_fmt == AV_PIX_FMT_NONE)) {
2026-09-07T17:56:53.9676427Z       |                                  ^~~~~
2026-09-07T17:56:53.9676975Z In file included from /home/runner/work/PocketKrKr/PocketKrKr/cpp/core/movie/ffmpeg/DemuxFFmpeg.h:8,
2026-09-07T17:56:53.9677487Z                  from /home/runner/work/PocketKrKr/PocketKrKr/cpp/core/movie/ffmpeg/DemuxFFmpeg.cpp:1:
2026-09-07T17:56:53.9678305Z /home/runner/work/PocketKrKr/PocketKrKr/out/linux/debug/vcpkg_installed/x64-linux/include/libavformat/avformat.h:893:21: note: declared here
2026-09-07T17:56:53.9678488Z   893 |     AVCodecContext *codec;
2026-09-07T17:56:53.9678628Z       |                     ^~~~~
2026-09-07T17:56:53.9679864Z /home/runner/work/PocketKrKr/PocketKrKr/cpp/core/movie/ffmpeg/DemuxFFmpeg.cpp:1572:17: warning: ‘AVStream::codec’ is deprecated [-Wdeprecated-declarations]
2026-09-07T17:56:53.9680048Z  1572 |         if(!st->codec->codec) {
2026-09-07T17:56:53.9680189Z       |                 ^~~~~
2026-09-07T17:56:53.9680732Z In file included from /home/runner/work/PocketKrKr/PocketKrKr/cpp/core/movie/ffmpeg/DemuxFFmpeg.h:8,
2026-09-07T17:56:53.9681230Z                  from /home/runner/work/PocketKrKr/PocketKrKr/cpp/core/movie/ffmpeg/DemuxFFmpeg.cpp:1:
2026-09-07T17:56:53.9682054Z /home/runner/work/PocketKrKr/PocketKrKr/out/linux/debug/vcpkg_installed/x64-linux/include/libavformat/avformat.h:893:21: note: declared here
2026-09-07T17:56:53.9682216Z   893 |     AVCodecContext *codec;
2026-09-07T17:56:53.9682362Z       |                     ^~~~~
2026-09-07T17:56:53.9683602Z /home/runner/work/PocketKrKr/PocketKrKr/cpp/core/movie/ffmpeg/DemuxFFmpeg.cpp:1572:17: warning: ‘AVStream::codec’ is deprecated [-Wdeprecated-declarations]
2026-09-07T17:56:53.9683776Z  1572 |         if(!st->codec->codec) {
2026-09-07T17:56:53.9683917Z       |                 ^~~~~
2026-09-07T17:56:53.9684464Z In file included from /home/runner/work/PocketKrKr/PocketKrKr/cpp/core/movie/ffmpeg/DemuxFFmpeg.h:8,
2026-09-07T17:56:53.9684964Z                  from /home/runner/work/PocketKrKr/PocketKrKr/cpp/core/movie/ffmpeg/DemuxFFmpeg.cpp:1:
2026-09-07T17:56:53.9686134Z /home/runner/work/PocketKrKr/PocketKrKr/out/linux/debug/vcpkg_installed/x64-linux/include/libavformat/avformat.h:893:21: note: declared here
2026-09-07T17:56:53.9686308Z   893 |     AVCodecContext *codec;
2026-09-07T17:56:53.9686455Z       |                     ^~~~~
2026-09-07T17:56:53.9687667Z /home/runner/work/PocketKrKr/PocketKrKr/cpp/core/movie/ffmpeg/DemuxFFmpeg.cpp:1572:17: warning: ‘AVStream::codec’ is deprecated [-Wdeprecated-declarations]
2026-09-07T17:56:53.9688092Z  1572 |         if(!st->codec->codec) {
2026-09-07T17:56:53.9688247Z       |                 ^~~~~
2026-09-07T17:56:53.9688779Z In file included from /home/runner/work/PocketKrKr/PocketKrKr/cpp/core/movie/ffmpeg/DemuxFFmpeg.h:8,
2026-09-07T17:56:53.9689258Z                  from /home/runner/work/PocketKrKr/PocketKrKr/cpp/core/movie/ffmpeg/DemuxFFmpeg.cpp:1:
2026-09-07T17:56:53.9690282Z /home/runner/work/PocketKrKr/PocketKrKr/out/linux/debug/vcpkg_installed/x64-linux/include/libavformat/avformat.h:893:21: note: declared here
2026-09-07T17:56:53.9690450Z   893 |     AVCodecContext *codec;
2026-09-07T17:56:53.9690595Z       |                     ^~~~~
2026-09-07T17:56:53.9691818Z /home/runner/work/PocketKrKr/PocketKrKr/cpp/core/movie/ffmpeg/DemuxFFmpeg.cpp:1575:46: warning: ‘AVStream::codec’ is deprecated [-Wdeprecated-declarations]
2026-09-07T17:56:53.9692096Z  1575 |             codec = avcodec_find_decoder(st->codec->codec_id);
2026-09-07T17:56:53.9692289Z       |                                              ^~~~~
2026-09-07T17:56:53.9692828Z In file included from /home/runner/work/PocketKrKr/PocketKrKr/cpp/core/movie/ffmpeg/DemuxFFmpeg.h:8,
2026-09-07T17:56:53.9693305Z                  from /home/runner/work/PocketKrKr/PocketKrKr/cpp/core/movie/ffmpeg/DemuxFFmpeg.cpp:1:
2026-09-07T17:56:53.9694123Z /home/runner/work/PocketKrKr/PocketKrKr/out/linux/debug/vcpkg_installed/x64-linux/include/libavformat/avformat.h:893:21: note: declared here
2026-09-07T17:56:53.9694284Z   893 |     AVCodecContext *codec;
2026-09-07T17:56:53.9694423Z       |                     ^~~~~
2026-09-07T17:56:53.9696042Z /home/runner/work/PocketKrKr/PocketKrKr/cpp/core/movie/ffmpeg/DemuxFFmpeg.cpp:1575:46: warning: ‘AVStream::codec’ is deprecated [-Wdeprecated-declarations]
2026-09-07T17:56:53.9696330Z  1575 |             codec = avcodec_find_decoder(st->codec->codec_id);
2026-09-07T17:56:53.9696516Z       |                                              ^~~~~
2026-09-07T17:56:53.9697059Z In file included from /home/runner/work/PocketKrKr/PocketKrKr/cpp/core/movie/ffmpeg/DemuxFFmpeg.h:8,
2026-09-07T17:56:53.9697562Z                  from /home/runner/work/PocketKrKr/PocketKrKr/cpp/core/movie/ffmpeg/DemuxFFmpeg.cpp:1:
2026-09-07T17:56:53.9698474Z /home/runner/work/PocketKrKr/PocketKrKr/out/linux/debug/vcpkg_installed/x64-linux/include/libavformat/avformat.h:893:21: note: declared here
2026-09-07T17:56:53.9698653Z   893 |     AVCodecContext *codec;
2026-09-07T17:56:53.9698793Z       |                     ^~~~~
2026-09-07T17:56:53.9700034Z /home/runner/work/PocketKrKr/PocketKrKr/cpp/core/movie/ffmpeg/DemuxFFmpeg.cpp:1575:46: warning: ‘AVStream::codec’ is deprecated [-Wdeprecated-declarations]
2026-09-07T17:56:53.9700309Z  1575 |             codec = avcodec_find_decoder(st->codec->codec_id);
2026-09-07T17:56:53.9700488Z       |                                              ^~~~~
2026-09-07T17:56:53.9701027Z In file included from /home/runner/work/PocketKrKr/PocketKrKr/cpp/core/movie/ffmpeg/DemuxFFmpeg.h:8,
2026-09-07T17:56:53.9701748Z                  from /home/runner/work/PocketKrKr/PocketKrKr/cpp/core/movie/ffmpeg/DemuxFFmpeg.cpp:1:
2026-09-07T17:56:53.9702575Z /home/runner/work/PocketKrKr/PocketKrKr/out/linux/debug/vcpkg_installed/x64-linux/include/libavformat/avformat.h:893:21: note: declared here
2026-09-07T17:56:53.9702735Z   893 |     AVCodecContext *codec;
2026-09-07T17:56:53.9703048Z       |                     ^~~~~
2026-09-07T17:56:53.9704289Z /home/runner/work/PocketKrKr/PocketKrKr/cpp/core/movie/ffmpeg/DemuxFFmpeg.cpp:1580:41: warning: ‘AVStream::codec’ is deprecated [-Wdeprecated-declarations]
2026-09-07T17:56:53.9704589Z  1580 |             int res = avcodec_open2(st->codec, codec, &thread_opt);
2026-09-07T17:56:53.9704760Z       |                                         ^~~~~
2026-09-07T17:56:53.9705501Z In file included from /home/runner/work/PocketKrKr/PocketKrKr/cpp/core/movie/ffmpeg/DemuxFFmpeg.h:8,
2026-09-07T17:56:53.9705986Z                  from /home/runner/work/PocketKrKr/PocketKrKr/cpp/core/movie/ffmpeg/DemuxFFmpeg.cpp:1:
2026-09-07T17:56:53.9706795Z /home/runner/work/PocketKrKr/PocketKrKr/out/linux/debug/vcpkg_installed/x64-linux/include/libavformat/avformat.h:893:21: note: declared here
2026-09-07T17:56:53.9706966Z   893 |     AVCodecContext *codec;
2026-09-07T17:56:53.9707117Z       |                     ^~~~~
2026-09-07T17:56:53.9708438Z /home/runner/work/PocketKrKr/PocketKrKr/cpp/core/movie/ffmpeg/DemuxFFmpeg.cpp:1580:41: warning: ‘AVStream::codec’ is deprecated [-Wdeprecated-declarations]
2026-09-07T17:56:53.9708752Z  1580 |             int res = avcodec_open2(st->codec, codec, &thread_opt);
2026-09-07T17:56:53.9708943Z       |                                         ^~~~~
2026-09-07T17:56:53.9709495Z In file included from /home/runner/work/PocketKrKr/PocketKrKr/cpp/core/movie/ffmpeg/DemuxFFmpeg.h:8,
2026-09-07T17:56:53.9710013Z                  from /home/runner/work/PocketKrKr/PocketKrKr/cpp/core/movie/ffmpeg/DemuxFFmpeg.cpp:1:
2026-09-07T17:56:53.9710867Z /home/runner/work/PocketKrKr/PocketKrKr/out/linux/debug/vcpkg_installed/x64-linux/include/libavformat/avformat.h:893:21: note: declared here
2026-09-07T17:56:53.9711049Z   893 |     AVCodecContext *codec;
2026-09-07T17:56:53.9711202Z       |                     ^~~~~
2026-09-07T17:56:53.9712495Z /home/runner/work/PocketKrKr/PocketKrKr/cpp/core/movie/ffmpeg/DemuxFFmpeg.cpp:1580:41: warning: ‘AVStream::codec’ is deprecated [-Wdeprecated-declarations]
2026-09-07T17:56:53.9712831Z  1580 |             int res = avcodec_open2(st->codec, codec, &thread_opt);
2026-09-07T17:56:53.9713021Z       |                                         ^~~~~
2026-09-07T17:56:53.9713591Z In file included from /home/runner/work/PocketKrKr/PocketKrKr/cpp/core/movie/ffmpeg/DemuxFFmpeg.h:8,
2026-09-07T17:56:53.9714115Z                  from /home/runner/work/PocketKrKr/PocketKrKr/cpp/core/movie/ffmpeg/DemuxFFmpeg.cpp:1:
2026-09-07T17:56:53.9714958Z /home/runner/work/PocketKrKr/PocketKrKr/out/linux/debug/vcpkg_installed/x64-linux/include/libavformat/avformat.h:893:21: note: declared here
2026-09-07T17:56:53.9715160Z   893 |     AVCodecContext *codec;
2026-09-07T17:56:53.9715580Z       |                     ^~~~~
2026-09-07T17:56:53.9716860Z /home/runner/work/PocketKrKr/PocketKrKr/cpp/core/movie/ffmpeg/DemuxFFmpeg.cpp:1590:13: warning: ‘AVStream::codec’ is deprecated [-Wdeprecated-declarations]
2026-09-07T17:56:53.9717118Z  1590 |         st->codec->skip_idct = AVDISCARD_ALL;
2026-09-07T17:56:53.9717265Z       |             ^~~~~
2026-09-07T17:56:53.9717818Z In file included from /home/runner/work/PocketKrKr/PocketKrKr/cpp/core/movie/ffmpeg/DemuxFFmpeg.h:8,
2026-09-07T17:56:53.9718331Z                  from /home/runner/work/PocketKrKr/PocketKrKr/cpp/core/movie/ffmpeg/DemuxFFmpeg.cpp:1:
2026-09-07T17:56:53.9719163Z /home/runner/work/PocketKrKr/PocketKrKr/out/linux/debug/vcpkg_installed/x64-linux/include/libavformat/avformat.h:893:21: note: declared here
2026-09-07T17:56:53.9719341Z   893 |     AVCodecContext *codec;
2026-09-07T17:56:53.9719487Z       |                     ^~~~~
2026-09-07T17:56:53.9720973Z /home/runner/work/PocketKrKr/PocketKrKr/cpp/core/movie/ffmpeg/DemuxFFmpeg.cpp:1590:13: warning: ‘AVStream::codec’ is deprecated [-Wdeprecated-declarations]
2026-09-07T17:56:53.9721225Z  1590 |         st->codec->skip_idct = AVDISCARD_ALL;
2026-09-07T17:56:53.9721370Z       |             ^~~~~
2026-09-07T17:56:53.9722136Z In file included from /home/runner/work/PocketKrKr/PocketKrKr/cpp/core/movie/ffmpeg/DemuxFFmpeg.h:8,
2026-09-07T17:56:53.9722655Z                  from /home/runner/work/PocketKrKr/PocketKrKr/cpp/core/movie/ffmpeg/DemuxFFmpeg.cpp:1:
2026-09-07T17:56:53.9723491Z /home/runner/work/PocketKrKr/PocketKrKr/out/linux/debug/vcpkg_installed/x64-linux/include/libavformat/avformat.h:893:21: note: declared here
2026-09-07T17:56:53.9723669Z   893 |     AVCodecContext *codec;
2026-09-07T17:56:53.9723828Z       |                     ^~~~~
2026-09-07T17:56:53.9725153Z /home/runner/work/PocketKrKr/PocketKrKr/cpp/core/movie/ffmpeg/DemuxFFmpeg.cpp:1590:13: warning: ‘AVStream::codec’ is deprecated [-Wdeprecated-declarations]
2026-09-07T17:56:53.9725743Z  1590 |         st->codec->skip_idct = AVDISCARD_ALL;
2026-09-07T17:56:53.9725891Z       |             ^~~~~
2026-09-07T17:56:53.9726449Z In file included from /home/runner/work/PocketKrKr/PocketKrKr/cpp/core/movie/ffmpeg/DemuxFFmpeg.h:8,
2026-09-07T17:56:53.9726974Z                  from /home/runner/work/PocketKrKr/PocketKrKr/cpp/core/movie/ffmpeg/DemuxFFmpeg.cpp:1:
2026-09-07T17:56:53.9727821Z /home/runner/work/PocketKrKr/PocketKrKr/out/linux/debug/vcpkg_installed/x64-linux/include/libavformat/avformat.h:893:21: note: declared here
2026-09-07T17:56:53.9727989Z   893 |     AVCodecContext *codec;
2026-09-07T17:56:53.9728138Z       |                     ^~~~~
2026-09-07T17:56:53.9729423Z /home/runner/work/PocketKrKr/PocketKrKr/cpp/core/movie/ffmpeg/DemuxFFmpeg.cpp:1593:13: warning: ‘AVStream::codec’ is deprecated [-Wdeprecated-declarations]
2026-09-07T17:56:53.9729701Z  1593 |         st->codec->skip_loop_filter = AVDISCARD_ALL;
2026-09-07T17:56:53.9729868Z       |             ^~~~~
2026-09-07T17:56:53.9730450Z In file included from /home/runner/work/PocketKrKr/PocketKrKr/cpp/core/movie/ffmpeg/DemuxFFmpeg.h:8,
2026-09-07T17:56:53.9730962Z                  from /home/runner/work/PocketKrKr/PocketKrKr/cpp/core/movie/ffmpeg/DemuxFFmpeg.cpp:1:
2026-09-07T17:56:53.9731798Z /home/runner/work/PocketKrKr/PocketKrKr/out/linux/debug/vcpkg_installed/x64-linux/include/libavformat/avformat.h:893:21: note: declared here
2026-09-07T17:56:53.9731979Z   893 |     AVCodecContext *codec;
2026-09-07T17:56:53.9732117Z       |                     ^~~~~
2026-09-07T17:56:53.9733387Z /home/runner/work/PocketKrKr/PocketKrKr/cpp/core/movie/ffmpeg/DemuxFFmpeg.cpp:1593:13: warning: ‘AVStream::codec’ is deprecated [-Wdeprecated-declarations]
2026-09-07T17:56:53.9733644Z  1593 |         st->codec->skip_loop_filter = AVDISCARD_ALL;
2026-09-07T17:56:53.9733796Z       |             ^~~~~
2026-09-07T17:56:53.9734325Z In file included from /home/runner/work/PocketKrKr/PocketKrKr/cpp/core/movie/ffmpeg/DemuxFFmpeg.h:8,
2026-09-07T17:56:53.9734831Z                  from /home/runner/work/PocketKrKr/PocketKrKr/cpp/core/movie/ffmpeg/DemuxFFmpeg.cpp:1:
2026-09-07T17:56:53.9735920Z /home/runner/work/PocketKrKr/PocketKrKr/out/linux/debug/vcpkg_installed/x64-linux/include/libavformat/avformat.h:893:21: note: declared here
2026-09-07T17:56:53.9736108Z   893 |     AVCodecContext *codec;
2026-09-07T17:56:53.9736251Z       |                     ^~~~~
2026-09-07T17:56:53.9737536Z /home/runner/work/PocketKrKr/PocketKrKr/cpp/core/movie/ffmpeg/DemuxFFmpeg.cpp:1593:13: warning: ‘AVStream::codec’ is deprecated [-Wdeprecated-declarations]
2026-09-07T17:56:53.9737794Z  1593 |         st->codec->skip_loop_filter = AVDISCARD_ALL;
2026-09-07T17:56:53.9737937Z       |             ^~~~~
2026-09-07T17:56:53.9738485Z In file included from /home/runner/work/PocketKrKr/PocketKrKr/cpp/core/movie/ffmpeg/DemuxFFmpeg.h:8,
2026-09-07T17:56:53.9738981Z                  from /home/runner/work/PocketKrKr/PocketKrKr/cpp/core/movie/ffmpeg/DemuxFFmpeg.cpp:1:
2026-09-07T17:56:53.9740026Z /home/runner/work/PocketKrKr/PocketKrKr/out/linux/debug/vcpkg_installed/x64-linux/include/libavformat/avformat.h:893:21: note: declared here
2026-09-07T17:56:53.9740205Z   893 |     AVCodecContext *codec;
2026-09-07T17:56:53.9740343Z       |                     ^~~~~
2026-09-07T17:56:53.9741736Z /home/runner/work/PocketKrKr/PocketKrKr/cpp/core/movie/ffmpeg/DemuxFFmpeg.cpp:1598:49: warning: ‘AVFrame::pkt_pts’ is deprecated [-Wdeprecated-declarations]
2026-09-07T17:56:53.9742019Z  1598 |         picture.pts = picture.pkt_dts = picture.pkt_pts =
2026-09-07T17:56:53.9742212Z       |                                                 ^~~~~~~
2026-09-07T17:56:53.9742993Z In file included from /home/runner/work/PocketKrKr/PocketKrKr/out/linux/debug/vcpkg_installed/x64-linux/include/libavcodec/avcodec.h:38,
2026-09-07T17:56:53.9743423Z                  from /home/runner/work/PocketKrKr/PocketKrKr/cpp/core/movie/ffmpeg/Demux.h:6,
2026-09-07T17:56:53.9743905Z                  from /home/runner/work/PocketKrKr/PocketKrKr/cpp/core/movie/ffmpeg/DemuxFFmpeg.h:3,
2026-09-07T17:56:53.9744397Z                  from /home/runner/work/PocketKrKr/PocketKrKr/cpp/core/movie/ffmpeg/DemuxFFmpeg.cpp:1:
2026-09-07T17:56:53.9745173Z /home/runner/work/PocketKrKr/PocketKrKr/out/linux/debug/vcpkg_installed/x64-linux/include/libavutil/frame.h:279:13: note: declared here
2026-09-07T17:56:53.9745558Z   279 |     int64_t pkt_pts;
2026-09-07T17:56:53.9745701Z       |             ^~~~~~~
2026-09-07T17:56:53.9746926Z /home/runner/work/PocketKrKr/PocketKrKr/cpp/core/movie/ffmpeg/DemuxFFmpeg.cpp:1598:49: warning: ‘AVFrame::pkt_pts’ is deprecated [-Wdeprecated-declarations]
2026-09-07T17:56:53.9747212Z  1598 |         picture.pts = picture.pkt_dts = picture.pkt_pts =
2026-09-07T17:56:53.9747406Z       |                                                 ^~~~~~~
2026-09-07T17:56:53.9748197Z In file included from /home/runner/work/PocketKrKr/PocketKrKr/out/linux/debug/vcpkg_installed/x64-linux/include/libavcodec/avcodec.h:38,
2026-09-07T17:56:53.9748629Z                  from /home/runner/work/PocketKrKr/PocketKrKr/cpp/core/movie/ffmpeg/Demux.h:6,
2026-09-07T17:56:53.9749107Z                  from /home/runner/work/PocketKrKr/PocketKrKr/cpp/core/movie/ffmpeg/DemuxFFmpeg.h:3,
2026-09-07T17:56:53.9749599Z                  from /home/runner/work/PocketKrKr/PocketKrKr/cpp/core/movie/ffmpeg/DemuxFFmpeg.cpp:1:
2026-09-07T17:56:53.9750395Z /home/runner/work/PocketKrKr/PocketKrKr/out/linux/debug/vcpkg_installed/x64-linux/include/libavutil/frame.h:279:13: note: declared here
2026-09-07T17:56:53.9750555Z   279 |     int64_t pkt_pts;
2026-09-07T17:56:53.9750700Z       |             ^~~~~~~
2026-09-07T17:56:53.9751915Z /home/runner/work/PocketKrKr/PocketKrKr/cpp/core/movie/ffmpeg/DemuxFFmpeg.cpp:1598:49: warning: ‘AVFrame::pkt_pts’ is deprecated [-Wdeprecated-declarations]
2026-09-07T17:56:53.9752189Z  1598 |         picture.pts = picture.pkt_dts = picture.pkt_pts =
2026-09-07T17:56:53.9752401Z       |                                                 ^~~~~~~
2026-09-07T17:56:53.9753185Z In file included from /home/runner/work/PocketKrKr/PocketKrKr/out/linux/debug/vcpkg_installed/x64-linux/include/libavcodec/avcodec.h:38,
2026-09-07T17:56:53.9753617Z                  from /home/runner/work/PocketKrKr/PocketKrKr/cpp/core/movie/ffmpeg/Demux.h:6,
2026-09-07T17:56:53.9754092Z                  from /home/runner/work/PocketKrKr/PocketKrKr/cpp/core/movie/ffmpeg/DemuxFFmpeg.h:3,
2026-09-07T17:56:53.9754578Z                  from /home/runner/work/PocketKrKr/PocketKrKr/cpp/core/movie/ffmpeg/DemuxFFmpeg.cpp:1:
2026-09-07T17:56:53.9755821Z /home/runner/work/PocketKrKr/PocketKrKr/out/linux/debug/vcpkg_installed/x64-linux/include/libavutil/frame.h:279:13: note: declared here
2026-09-07T17:56:53.9755989Z   279 |     int64_t pkt_pts;
2026-09-07T17:56:53.9756128Z       |             ^~~~~~~
2026-09-07T17:56:53.9757584Z /home/runner/work/PocketKrKr/PocketKrKr/cpp/core/movie/ffmpeg/DemuxFFmpeg.cpp:1605:35: warning: ‘AVStream::codec’ is deprecated [-Wdeprecated-declarations]
2026-09-07T17:56:53.9757955Z  1605 |         avcodec_decode_video2(st->codec, &picture, &got_picture, pkt);
2026-09-07T17:56:53.9758116Z       |                                   ^~~~~
2026-09-07T17:56:53.9758668Z In file included from /home/runner/work/PocketKrKr/PocketKrKr/cpp/core/movie/ffmpeg/DemuxFFmpeg.h:8,
2026-09-07T17:56:53.9759387Z                  from /home/runner/work/PocketKrKr/PocketKrKr/cpp/core/movie/ffmpeg/DemuxFFmpeg.cpp:1:
2026-09-07T17:56:53.9760211Z /home/runner/work/PocketKrKr/PocketKrKr/out/linux/debug/vcpkg_installed/x64-linux/include/libavformat/avformat.h:893:21: note: declared here
2026-09-07T17:56:53.9760377Z   893 |     AVCodecContext *codec;
2026-09-07T17:56:53.9760524Z       |                     ^~~~~
2026-09-07T17:56:53.9761735Z /home/runner/work/PocketKrKr/PocketKrKr/cpp/core/movie/ffmpeg/DemuxFFmpeg.cpp:1605:35: warning: ‘AVStream::codec’ is deprecated [-Wdeprecated-declarations]
2026-09-07T17:56:53.9762098Z  1605 |         avcodec_decode_video2(st->codec, &picture, &got_picture, pkt);
2026-09-07T17:56:53.9762259Z       |                                   ^~~~~
2026-09-07T17:56:53.9762802Z In file included from /home/runner/work/PocketKrKr/PocketKrKr/cpp/core/movie/ffmpeg/DemuxFFmpeg.h:8,
2026-09-07T17:56:53.9763301Z                  from /home/runner/work/PocketKrKr/PocketKrKr/cpp/core/movie/ffmpeg/DemuxFFmpeg.cpp:1:
2026-09-07T17:56:53.9764116Z /home/runner/work/PocketKrKr/PocketKrKr/out/linux/debug/vcpkg_installed/x64-linux/include/libavformat/avformat.h:893:21: note: declared here
2026-09-07T17:56:53.9764288Z   893 |     AVCodecContext *codec;
2026-09-07T17:56:53.9764433Z       |                     ^~~~~
2026-09-07T17:56:53.9765853Z /home/runner/work/PocketKrKr/PocketKrKr/cpp/core/movie/ffmpeg/DemuxFFmpeg.cpp:1605:35: warning: ‘AVStream::codec’ is deprecated [-Wdeprecated-declarations]
2026-09-07T17:56:53.9766215Z  1605 |         avcodec_decode_video2(st->codec, &picture, &got_picture, pkt);
2026-09-07T17:56:53.9766395Z       |                                   ^~~~~
2026-09-07T17:56:53.9766873Z In file included from /home/runner/work/PocketKrKr/PocketKrKr/cpp/core/movie/ffmpeg/DemuxFFmpeg.h:8,
2026-09-07T17:56:53.9767369Z                  from /home/runner/work/PocketKrKr/PocketKrKr/cpp/core/movie/ffmpeg/DemuxFFmpeg.cpp:1:
2026-09-07T17:56:53.9768183Z /home/runner/work/PocketKrKr/PocketKrKr/out/linux/debug/vcpkg_installed/x64-linux/include/libavformat/avformat.h:893:21: note: declared here
2026-09-07T17:56:53.9768351Z   893 |     AVCodecContext *codec;
2026-09-07T17:56:53.9768498Z       |                     ^~~~~
2026-09-07T17:56:53.9770074Z /home/runner/work/PocketKrKr/PocketKrKr/cpp/core/movie/ffmpeg/DemuxFFmpeg.cpp:1605:30: warning: ‘int avcodec_decode_video2(AVCodecContext*, AVFrame*, int*, const AVPacket*)’ is deprecated [-Wdeprecated-declarations]
2026-09-07T17:56:53.9770432Z  1605 |         avcodec_decode_video2(st->codec, &picture, &got_picture, pkt);
2026-09-07T17:56:53.9770681Z       |         ~~~~~~~~~~~~~~~~~~~~~^~~~~~~~~~~~~~~~~~~~~~~~~~~~~~~~~~~~~~~~
2026-09-07T17:56:53.9771208Z In file included from /home/runner/work/PocketKrKr/PocketKrKr/cpp/core/movie/ffmpeg/Demux.h:6,
2026-09-07T17:56:53.9771679Z                  from /home/runner/work/PocketKrKr/PocketKrKr/cpp/core/movie/ffmpeg/DemuxFFmpeg.h:3,
2026-09-07T17:56:53.9772184Z                  from /home/runner/work/PocketKrKr/PocketKrKr/cpp/core/movie/ffmpeg/DemuxFFmpeg.cpp:1:
2026-09-07T17:56:53.9773010Z /home/runner/work/PocketKrKr/PocketKrKr/out/linux/debug/vcpkg_installed/x64-linux/include/libavcodec/avcodec.h:4901:5: note: declared here
2026-09-07T17:56:53.9773372Z  4901 | int avcodec_decode_video2(AVCodecContext *avctx, AVFrame *picture,
2026-09-07T17:56:53.9773520Z       |     ^~~~~~~~~~~~~~~~~~~~~
2026-09-07T17:56:53.9774729Z /home/runner/work/PocketKrKr/PocketKrKr/cpp/core/movie/ffmpeg/DemuxFFmpeg.cpp: In member function ‘bool KRMovie::CDVDDemuxFFmpeg::IsVideoReady()’:
2026-09-07T17:56:53.9776485Z /home/runner/work/PocketKrKr/PocketKrKr/cpp/core/movie/ffmpeg/DemuxFFmpeg.cpp:1625:20: warning: ‘AVStream::codec’ is deprecated [-Wdeprecated-declarations]
2026-09-07T17:56:53.9776816Z  1625 |             if(st->codec->codec_type == AVMEDIA_TYPE_VIDEO) {
2026-09-07T17:56:53.9776967Z       |                    ^~~~~
2026-09-07T17:56:53.9777518Z In file included from /home/runner/work/PocketKrKr/PocketKrKr/cpp/core/movie/ffmpeg/DemuxFFmpeg.h:8,
2026-09-07T17:56:53.9778237Z                  from /home/runner/work/PocketKrKr/PocketKrKr/cpp/core/movie/ffmpeg/DemuxFFmpeg.cpp:1:
2026-09-07T17:56:53.9779048Z /home/runner/work/PocketKrKr/PocketKrKr/out/linux/debug/vcpkg_installed/x64-linux/include/libavformat/avformat.h:893:21: note: declared here
2026-09-07T17:56:53.9779227Z   893 |     AVCodecContext *codec;
2026-09-07T17:56:53.9779376Z       |                     ^~~~~
2026-09-07T17:56:53.9780641Z /home/runner/work/PocketKrKr/PocketKrKr/cpp/core/movie/ffmpeg/DemuxFFmpeg.cpp:1625:20: warning: ‘AVStream::codec’ is deprecated [-Wdeprecated-declarations]
2026-09-07T17:56:53.9780924Z  1625 |             if(st->codec->codec_type == AVMEDIA_TYPE_VIDEO) {
2026-09-07T17:56:53.9781071Z       |                    ^~~~~
2026-09-07T17:56:53.9781622Z In file included from /home/runner/work/PocketKrKr/PocketKrKr/cpp/core/movie/ffmpeg/DemuxFFmpeg.h:8,
2026-09-07T17:56:53.9782113Z                  from /home/runner/work/PocketKrKr/PocketKrKr/cpp/core/movie/ffmpeg/DemuxFFmpeg.cpp:1:
2026-09-07T17:56:53.9782921Z /home/runner/work/PocketKrKr/PocketKrKr/out/linux/debug/vcpkg_installed/x64-linux/include/libavformat/avformat.h:893:21: note: declared here
2026-09-07T17:56:53.9783096Z   893 |     AVCodecContext *codec;
2026-09-07T17:56:53.9783243Z       |                     ^~~~~
2026-09-07T17:56:53.9784447Z /home/runner/work/PocketKrKr/PocketKrKr/cpp/core/movie/ffmpeg/DemuxFFmpeg.cpp:1625:20: warning: ‘AVStream::codec’ is deprecated [-Wdeprecated-declarations]
2026-09-07T17:56:53.9784727Z  1625 |             if(st->codec->codec_type == AVMEDIA_TYPE_VIDEO) {
2026-09-07T17:56:53.9784875Z       |                    ^~~~~
2026-09-07T17:56:53.9785756Z In file included from /home/runner/work/PocketKrKr/PocketKrKr/cpp/core/movie/ffmpeg/DemuxFFmpeg.h:8,
2026-09-07T17:56:53.9786244Z                  from /home/runner/work/PocketKrKr/PocketKrKr/cpp/core/movie/ffmpeg/DemuxFFmpeg.cpp:1:
2026-09-07T17:56:53.9787047Z /home/runner/work/PocketKrKr/PocketKrKr/out/linux/debug/vcpkg_installed/x64-linux/include/libavformat/avformat.h:893:21: note: declared here
2026-09-07T17:56:53.9787228Z   893 |     AVCodecContext *codec;
2026-09-07T17:56:53.9787377Z       |                     ^~~~~
2026-09-07T17:56:53.9788577Z /home/runner/work/PocketKrKr/PocketKrKr/cpp/core/movie/ffmpeg/DemuxFFmpeg.cpp:1626:24: warning: ‘AVStream::codec’ is deprecated [-Wdeprecated-declarations]
2026-09-07T17:56:53.9788916Z  1626 |                 if(st->codec->width && st->codec->pix_fmt != AV_PIX_FMT_NONE)
2026-09-07T17:56:53.9789071Z       |                        ^~~~~
2026-09-07T17:56:53.9789616Z In file included from /home/runner/work/PocketKrKr/PocketKrKr/cpp/core/movie/ffmpeg/DemuxFFmpeg.h:8,
2026-09-07T17:56:53.9790102Z                  from /home/runner/work/PocketKrKr/PocketKrKr/cpp/core/movie/ffmpeg/DemuxFFmpeg.cpp:1:
2026-09-07T17:56:53.9790938Z /home/runner/work/PocketKrKr/PocketKrKr/out/linux/debug/vcpkg_installed/x64-linux/include/libavformat/avformat.h:893:21: note: declared here
2026-09-07T17:56:53.9791131Z   893 |     AVCodecContext *codec;
2026-09-07T17:56:53.9791271Z       |                     ^~~~~
2026-09-07T17:56:53.9792464Z /home/runner/work/PocketKrKr/PocketKrKr/cpp/core/movie/ffmpeg/DemuxFFmpeg.cpp:1626:24: warning: ‘AVStream::codec’ is deprecated [-Wdeprecated-declarations]
2026-09-07T17:56:53.9792783Z  1626 |                 if(st->codec->width && st->codec->pix_fmt != AV_PIX_FMT_NONE)
2026-09-07T17:56:53.9792930Z       |                        ^~~~~
2026-09-07T17:56:53.9793430Z In file included from /home/runner/work/PocketKrKr/PocketKrKr/cpp/core/movie/ffmpeg/DemuxFFmpeg.h:8,
2026-09-07T17:56:53.9794126Z                  from /home/runner/work/PocketKrKr/PocketKrKr/cpp/core/movie/ffmpeg/DemuxFFmpeg.cpp:1:
2026-09-07T17:56:53.9794942Z /home/runner/work/PocketKrKr/PocketKrKr/out/linux/debug/vcpkg_installed/x64-linux/include/libavformat/avformat.h:893:21: note: declared here
2026-09-07T17:56:53.9795115Z   893 |     AVCodecContext *codec;
2026-09-07T17:56:53.9795868Z       |                     ^~~~~
2026-09-07T17:56:53.9797151Z /home/runner/work/PocketKrKr/PocketKrKr/cpp/core/movie/ffmpeg/DemuxFFmpeg.cpp:1626:24: warning: ‘AVStream::codec’ is deprecated [-Wdeprecated-declarations]
2026-09-07T17:56:53.9797485Z  1626 |                 if(st->codec->width && st->codec->pix_fmt != AV_PIX_FMT_NONE)
2026-09-07T17:56:53.9797630Z       |                        ^~~~~
2026-09-07T17:56:53.9798170Z In file included from /home/runner/work/PocketKrKr/PocketKrKr/cpp/core/movie/ffmpeg/DemuxFFmpeg.h:8,
2026-09-07T17:56:53.9798740Z                  from /home/runner/work/PocketKrKr/PocketKrKr/cpp/core/movie/ffmpeg/DemuxFFmpeg.cpp:1:
2026-09-07T17:56:53.9799572Z /home/runner/work/PocketKrKr/PocketKrKr/out/linux/debug/vcpkg_installed/x64-linux/include/libavformat/avformat.h:893:21: note: declared here
2026-09-07T17:56:53.9799736Z   893 |     AVCodecContext *codec;
2026-09-07T17:56:53.9799884Z       |                     ^~~~~
2026-09-07T17:56:53.9801096Z /home/runner/work/PocketKrKr/PocketKrKr/cpp/core/movie/ffmpeg/DemuxFFmpeg.cpp:1626:44: warning: ‘AVStream::codec’ is deprecated [-Wdeprecated-declarations]
2026-09-07T17:56:53.9801432Z  1626 |                 if(st->codec->width && st->codec->pix_fmt != AV_PIX_FMT_NONE)
2026-09-07T17:56:53.9801622Z       |                                            ^~~~~
2026-09-07T17:56:53.9802180Z In file included from /home/runner/work/PocketKrKr/PocketKrKr/cpp/core/movie/ffmpeg/DemuxFFmpeg.h:8,
2026-09-07T17:56:53.9802674Z                  from /home/runner/work/PocketKrKr/PocketKrKr/cpp/core/movie/ffmpeg/DemuxFFmpeg.cpp:1:
2026-09-07T17:56:53.9803495Z /home/runner/work/PocketKrKr/PocketKrKr/out/linux/debug/vcpkg_installed/x64-linux/include/libavformat/avformat.h:893:21: note: declared here
2026-09-07T17:56:53.9803652Z   893 |     AVCodecContext *codec;
2026-09-07T17:56:53.9803787Z       |                     ^~~~~
2026-09-07T17:56:53.9804930Z /home/runner/work/PocketKrKr/PocketKrKr/cpp/core/movie/ffmpeg/DemuxFFmpeg.cpp:1626:44: warning: ‘AVStream::codec’ is deprecated [-Wdeprecated-declarations]
2026-09-07T17:56:53.9805463Z  1626 |                 if(st->codec->width && st->codec->pix_fmt != AV_PIX_FMT_NONE)
2026-09-07T17:56:53.9805655Z       |                                            ^~~~~
2026-09-07T17:56:53.9806199Z In file included from /home/runner/work/PocketKrKr/PocketKrKr/cpp/core/movie/ffmpeg/DemuxFFmpeg.h:8,
2026-09-07T17:56:53.9806694Z                  from /home/runner/work/PocketKrKr/PocketKrKr/cpp/core/movie/ffmpeg/DemuxFFmpeg.cpp:1:
2026-09-07T17:56:53.9807502Z /home/runner/work/PocketKrKr/PocketKrKr/out/linux/debug/vcpkg_installed/x64-linux/include/libavformat/avformat.h:893:21: note: declared here
2026-09-07T17:56:53.9807685Z   893 |     AVCodecContext *codec;
2026-09-07T17:56:53.9807834Z       |                     ^~~~~
2026-09-07T17:56:53.9809055Z /home/runner/work/PocketKrKr/PocketKrKr/cpp/core/movie/ffmpeg/DemuxFFmpeg.cpp:1626:44: warning: ‘AVStream::codec’ is deprecated [-Wdeprecated-declarations]
2026-09-07T17:56:53.9809378Z  1626 |                 if(st->codec->width && st->codec->pix_fmt != AV_PIX_FMT_NONE)
2026-09-07T17:56:53.9809566Z       |                                            ^~~~~
2026-09-07T17:56:53.9810111Z In file included from /home/runner/work/PocketKrKr/PocketKrKr/cpp/core/movie/ffmpeg/DemuxFFmpeg.h:8,
2026-09-07T17:56:53.9810616Z                  from /home/runner/work/PocketKrKr/PocketKrKr/cpp/core/movie/ffmpeg/DemuxFFmpeg.cpp:1:
2026-09-07T17:56:53.9811440Z /home/runner/work/PocketKrKr/PocketKrKr/out/linux/debug/vcpkg_installed/x64-linux/include/libavformat/avformat.h:893:21: note: declared here
2026-09-07T17:56:53.9811610Z   893 |     AVCodecContext *codec;
2026-09-07T17:56:53.9811757Z       |                     ^~~~~
2026-09-07T17:56:53.9813167Z /home/runner/work/PocketKrKr/PocketKrKr/cpp/core/movie/ffmpeg/DemuxFFmpeg.cpp:1634:20: warning: ‘AVStream::codec’ is deprecated [-Wdeprecated-declarations]
2026-09-07T17:56:53.9813462Z  1634 |             if(st->codec->codec_type == AVMEDIA_TYPE_VIDEO) {
2026-09-07T17:56:53.9813777Z       |                    ^~~~~
2026-09-07T17:56:53.9814317Z In file included from /home/runner/work/PocketKrKr/PocketKrKr/cpp/core/movie/ffmpeg/DemuxFFmpeg.h:8,
2026-09-07T17:56:53.9814801Z                  from /home/runner/work/PocketKrKr/PocketKrKr/cpp/core/movie/ffmpeg/DemuxFFmpeg.cpp:1:
2026-09-07T17:56:53.9815931Z /home/runner/work/PocketKrKr/PocketKrKr/out/linux/debug/vcpkg_installed/x64-linux/include/libavformat/avformat.h:893:21: note: declared here
2026-09-07T17:56:53.9816106Z   893 |     AVCodecContext *codec;
2026-09-07T17:56:53.9816249Z       |                     ^~~~~
2026-09-07T17:56:53.9817497Z /home/runner/work/PocketKrKr/PocketKrKr/cpp/core/movie/ffmpeg/DemuxFFmpeg.cpp:1634:20: warning: ‘AVStream::codec’ is deprecated [-Wdeprecated-declarations]
2026-09-07T17:56:53.9817777Z  1634 |             if(st->codec->codec_type == AVMEDIA_TYPE_VIDEO) {
2026-09-07T17:56:53.9817923Z       |                    ^~~~~
2026-09-07T17:56:53.9818457Z In file included from /home/runner/work/PocketKrKr/PocketKrKr/cpp/core/movie/ffmpeg/DemuxFFmpeg.h:8,
2026-09-07T17:56:53.9818963Z                  from /home/runner/work/PocketKrKr/PocketKrKr/cpp/core/movie/ffmpeg/DemuxFFmpeg.cpp:1:
2026-09-07T17:56:53.9819772Z /home/runner/work/PocketKrKr/PocketKrKr/out/linux/debug/vcpkg_installed/x64-linux/include/libavformat/avformat.h:893:21: note: declared here
2026-09-07T17:56:53.9819939Z   893 |     AVCodecContext *codec;
2026-09-07T17:56:53.9820078Z       |                     ^~~~~
2026-09-07T17:56:53.9821281Z /home/runner/work/PocketKrKr/PocketKrKr/cpp/core/movie/ffmpeg/DemuxFFmpeg.cpp:1634:20: warning: ‘AVStream::codec’ is deprecated [-Wdeprecated-declarations]
2026-09-07T17:56:53.9821559Z  1634 |             if(st->codec->codec_type == AVMEDIA_TYPE_VIDEO) {
2026-09-07T17:56:53.9821699Z       |                    ^~~~~
2026-09-07T17:56:53.9822230Z In file included from /home/runner/work/PocketKrKr/PocketKrKr/cpp/core/movie/ffmpeg/DemuxFFmpeg.h:8,
2026-09-07T17:56:53.9822717Z                  from /home/runner/work/PocketKrKr/PocketKrKr/cpp/core/movie/ffmpeg/DemuxFFmpeg.cpp:1:
2026-09-07T17:56:53.9823539Z /home/runner/work/PocketKrKr/PocketKrKr/out/linux/debug/vcpkg_installed/x64-linux/include/libavformat/avformat.h:893:21: note: declared here
2026-09-07T17:56:53.9823699Z   893 |     AVCodecContext *codec;
2026-09-07T17:56:53.9823847Z       |                     ^~~~~
2026-09-07T17:56:53.9825057Z /home/runner/work/PocketKrKr/PocketKrKr/cpp/core/movie/ffmpeg/DemuxFFmpeg.cpp:1635:24: warning: ‘AVStream::codec’ is deprecated [-Wdeprecated-declarations]
2026-09-07T17:56:53.9825600Z  1635 |                 if(st->codec->width && st->codec->pix_fmt != AV_PIX_FMT_NONE)
2026-09-07T17:56:53.9825768Z       |                        ^~~~~
2026-09-07T17:56:53.9826329Z In file included from /home/runner/work/PocketKrKr/PocketKrKr/cpp/core/movie/ffmpeg/DemuxFFmpeg.h:8,
2026-09-07T17:56:53.9826849Z                  from /home/runner/work/PocketKrKr/PocketKrKr/cpp/core/movie/ffmpeg/DemuxFFmpeg.cpp:1:
2026-09-07T17:56:53.9827699Z /home/runner/work/PocketKrKr/PocketKrKr/out/linux/debug/vcpkg_installed/x64-linux/include/libavformat/avformat.h:893:21: note: declared here
2026-09-07T17:56:53.9827879Z   893 |     AVCodecContext *codec;
2026-09-07T17:56:53.9828018Z       |                     ^~~~~
2026-09-07T17:56:53.9829339Z /home/runner/work/PocketKrKr/PocketKrKr/cpp/core/movie/ffmpeg/DemuxFFmpeg.cpp:1635:24: warning: ‘AVStream::codec’ is deprecated [-Wdeprecated-declarations]
2026-09-07T17:56:53.9829700Z  1635 |                 if(st->codec->width && st->codec->pix_fmt != AV_PIX_FMT_NONE)
2026-09-07T17:56:53.9829861Z       |                        ^~~~~
2026-09-07T17:56:53.9830673Z In file included from /home/runner/work/PocketKrKr/PocketKrKr/cpp/core/movie/ffmpeg/DemuxFFmpeg.h:8,
2026-09-07T17:56:53.9831197Z                  from /home/runner/work/PocketKrKr/PocketKrKr/cpp/core/movie/ffmpeg/DemuxFFmpeg.cpp:1:
2026-09-07T17:56:53.9832051Z /home/runner/work/PocketKrKr/PocketKrKr/out/linux/debug/vcpkg_installed/x64-linux/include/libavformat/avformat.h:893:21: note: declared here
2026-09-07T17:56:53.9832519Z   893 |     AVCodecContext *codec;
2026-09-07T17:56:53.9832679Z       |                     ^~~~~
2026-09-07T17:56:53.9833998Z /home/runner/work/PocketKrKr/PocketKrKr/cpp/core/movie/ffmpeg/DemuxFFmpeg.cpp:1635:24: warning: ‘AVStream::codec’ is deprecated [-Wdeprecated-declarations]
2026-09-07T17:56:53.9834344Z  1635 |                 if(st->codec->width && st->codec->pix_fmt != AV_PIX_FMT_NONE)
2026-09-07T17:56:53.9834503Z       |                        ^~~~~
2026-09-07T17:56:53.9835063Z In file included from /home/runner/work/PocketKrKr/PocketKrKr/cpp/core/movie/ffmpeg/DemuxFFmpeg.h:8,
2026-09-07T17:56:53.9835847Z                  from /home/runner/work/PocketKrKr/PocketKrKr/cpp/core/movie/ffmpeg/DemuxFFmpeg.cpp:1:
2026-09-07T17:56:53.9836626Z /home/runner/work/PocketKrKr/PocketKrKr/out/linux/debug/vcpkg_installed/x64-linux/include/libavformat/avformat.h:893:21: note: declared here
2026-09-07T17:56:53.9836775Z   893 |     AVCodecContext *codec;
2026-09-07T17:56:53.9836905Z       |                     ^~~~~
2026-09-07T17:56:53.9837956Z /home/runner/work/PocketKrKr/PocketKrKr/cpp/core/movie/ffmpeg/DemuxFFmpeg.cpp:1635:44: warning: ‘AVStream::codec’ is deprecated [-Wdeprecated-declarations]
2026-09-07T17:56:53.9838241Z  1635 |                 if(st->codec->width && st->codec->pix_fmt != AV_PIX_FMT_NONE)
2026-09-07T17:56:53.9838394Z       |                                            ^~~~~
2026-09-07T17:56:53.9838863Z In file included from /home/runner/work/PocketKrKr/PocketKrKr/cpp/core/movie/ffmpeg/DemuxFFmpeg.h:8,
2026-09-07T17:56:53.9839294Z                  from /home/runner/work/PocketKrKr/PocketKrKr/cpp/core/movie/ffmpeg/DemuxFFmpeg.cpp:1:
2026-09-07T17:56:53.9840050Z /home/runner/work/PocketKrKr/PocketKrKr/out/linux/debug/vcpkg_installed/x64-linux/include/libavformat/avformat.h:893:21: note: declared here
2026-09-07T17:56:53.9840216Z   893 |     AVCodecContext *codec;
2026-09-07T17:56:53.9840361Z       |                     ^~~~~
2026-09-07T17:56:53.9841506Z /home/runner/work/PocketKrKr/PocketKrKr/cpp/core/movie/ffmpeg/DemuxFFmpeg.cpp:1635:44: warning: ‘AVStream::codec’ is deprecated [-Wdeprecated-declarations]
2026-09-07T17:56:53.9841810Z  1635 |                 if(st->codec->width && st->codec->pix_fmt != AV_PIX_FMT_NONE)
2026-09-07T17:56:53.9841985Z       |                                            ^~~~~
2026-09-07T17:56:53.9842491Z In file included from /home/runner/work/PocketKrKr/PocketKrKr/cpp/core/movie/ffmpeg/DemuxFFmpeg.h:8,
2026-09-07T17:56:53.9842938Z                  from /home/runner/work/PocketKrKr/PocketKrKr/cpp/core/movie/ffmpeg/DemuxFFmpeg.cpp:1:
2026-09-07T17:56:53.9843749Z /home/runner/work/PocketKrKr/PocketKrKr/out/linux/debug/vcpkg_installed/x64-linux/include/libavformat/avformat.h:893:21: note: declared here
2026-09-07T17:56:53.9843926Z   893 |     AVCodecContext *codec;
2026-09-07T17:56:53.9844075Z       |                     ^~~~~
2026-09-07T17:56:53.9845575Z /home/runner/work/PocketKrKr/PocketKrKr/cpp/core/movie/ffmpeg/DemuxFFmpeg.cpp:1635:44: warning: ‘AVStream::codec’ is deprecated [-Wdeprecated-declarations]
2026-09-07T17:56:53.9845920Z  1635 |                 if(st->codec->width && st->codec->pix_fmt != AV_PIX_FMT_NONE)
2026-09-07T17:56:53.9846097Z       |                                            ^~~~~
2026-09-07T17:56:53.9846598Z In file included from /home/runner/work/PocketKrKr/PocketKrKr/cpp/core/movie/ffmpeg/DemuxFFmpeg.h:8,
2026-09-07T17:56:53.9847197Z                  from /home/runner/work/PocketKrKr/PocketKrKr/cpp/core/movie/ffmpeg/DemuxFFmpeg.cpp:1:
2026-09-07T17:56:53.9848278Z /home/runner/work/PocketKrKr/PocketKrKr/out/linux/debug/vcpkg_installed/x64-linux/include/libavformat/avformat.h:893:21: note: declared here
2026-09-07T17:56:53.9848484Z   893 |     AVCodecContext *codec;
2026-09-07T17:56:53.9848630Z       |                     ^~~~~
2026-09-07T17:56:53.9849883Z /home/runner/work/PocketKrKr/PocketKrKr/cpp/core/movie/ffmpeg/DemuxFFmpeg.cpp: In member function ‘void KRMovie::CDVDDemuxFFmpeg::ResetVideoStreams()’:
2026-09-07T17:56:53.9851414Z /home/runner/work/PocketKrKr/PocketKrKr/cpp/core/movie/ffmpeg/DemuxFFmpeg.cpp:1648:16: warning: ‘AVStream::codec’ is deprecated [-Wdeprecated-declarations]
2026-09-07T17:56:53.9851697Z  1648 |         if(st->codec->codec_type == AVMEDIA_TYPE_VIDEO) {
2026-09-07T17:56:53.9851841Z       |                ^~~~~
2026-09-07T17:56:53.9852410Z In file included from /home/runner/work/PocketKrKr/PocketKrKr/cpp/core/movie/ffmpeg/DemuxFFmpeg.h:8,
2026-09-07T17:56:53.9852916Z                  from /home/runner/work/PocketKrKr/PocketKrKr/cpp/core/movie/ffmpeg/DemuxFFmpeg.cpp:1:
2026-09-07T17:56:53.9853785Z /home/runner/work/PocketKrKr/PocketKrKr/out/linux/debug/vcpkg_installed/x64-linux/include/libavformat/avformat.h:893:21: note: declared here
2026-09-07T17:56:53.9853960Z   893 |     AVCodecContext *codec;
2026-09-07T17:56:53.9854112Z       |                     ^~~~~
2026-09-07T17:56:53.9855673Z /home/runner/work/PocketKrKr/PocketKrKr/cpp/core/movie/ffmpeg/DemuxFFmpeg.cpp:1648:16: warning: ‘AVStream::codec’ is deprecated [-Wdeprecated-declarations]
2026-09-07T17:56:53.9855969Z  1648 |         if(st->codec->codec_type == AVMEDIA_TYPE_VIDEO) {
2026-09-07T17:56:53.9856119Z       |                ^~~~~
2026-09-07T17:56:53.9856662Z In file included from /home/runner/work/PocketKrKr/PocketKrKr/cpp/core/movie/ffmpeg/DemuxFFmpeg.h:8,
2026-09-07T17:56:53.9857158Z                  from /home/runner/work/PocketKrKr/PocketKrKr/cpp/core/movie/ffmpeg/DemuxFFmpeg.cpp:1:
2026-09-07T17:56:53.9857968Z /home/runner/work/PocketKrKr/PocketKrKr/out/linux/debug/vcpkg_installed/x64-linux/include/libavformat/avformat.h:893:21: note: declared here
2026-09-07T17:56:53.9858136Z   893 |     AVCodecContext *codec;
2026-09-07T17:56:53.9858295Z       |                     ^~~~~
2026-09-07T17:56:53.9859544Z /home/runner/work/PocketKrKr/PocketKrKr/cpp/core/movie/ffmpeg/DemuxFFmpeg.cpp:1648:16: warning: ‘AVStream::codec’ is deprecated [-Wdeprecated-declarations]
2026-09-07T17:56:53.9859815Z  1648 |         if(st->codec->codec_type == AVMEDIA_TYPE_VIDEO) {
2026-09-07T17:56:53.9859975Z       |                ^~~~~
2026-09-07T17:56:53.9860521Z In file included from /home/runner/work/PocketKrKr/PocketKrKr/cpp/core/movie/ffmpeg/DemuxFFmpeg.h:8,
2026-09-07T17:56:53.9861012Z                  from /home/runner/work/PocketKrKr/PocketKrKr/cpp/core/movie/ffmpeg/DemuxFFmpeg.cpp:1:
2026-09-07T17:56:53.9861839Z /home/runner/work/PocketKrKr/PocketKrKr/out/linux/debug/vcpkg_installed/x64-linux/include/libavformat/avformat.h:893:21: note: declared here
2026-09-07T17:56:53.9862009Z   893 |     AVCodecContext *codec;
2026-09-07T17:56:53.9862150Z       |                     ^~~~~
2026-09-07T17:56:53.9863383Z /home/runner/work/PocketKrKr/PocketKrKr/cpp/core/movie/ffmpeg/DemuxFFmpeg.cpp:1649:27: warning: ‘AVStream::codec’ is deprecated [-Wdeprecated-declarations]
2026-09-07T17:56:53.9863601Z  1649 |             av_freep(&st->codec->extradata);
2026-09-07T17:56:53.9863748Z       |                           ^~~~~
2026-09-07T17:56:53.9864294Z In file included from /home/runner/work/PocketKrKr/PocketKrKr/cpp/core/movie/ffmpeg/DemuxFFmpeg.h:8,
2026-09-07T17:56:53.9864790Z                  from /home/runner/work/PocketKrKr/PocketKrKr/cpp/core/movie/ffmpeg/DemuxFFmpeg.cpp:1:
2026-09-07T17:56:53.9866006Z /home/runner/work/PocketKrKr/PocketKrKr/out/linux/debug/vcpkg_installed/x64-linux/include/libavformat/avformat.h:893:21: note: declared here
2026-09-07T17:56:53.9866178Z   893 |     AVCodecContext *codec;
2026-09-07T17:56:53.9866321Z       |                     ^~~~~
2026-09-07T17:56:53.9867551Z /home/runner/work/PocketKrKr/PocketKrKr/cpp/core/movie/ffmpeg/DemuxFFmpeg.cpp:1649:27: warning: ‘AVStream::codec’ is deprecated [-Wdeprecated-declarations]
2026-09-07T17:56:53.9867998Z  1649 |             av_freep(&st->codec->extradata);
2026-09-07T17:56:53.9868159Z       |                           ^~~~~
2026-09-07T17:56:53.9868698Z In file included from /home/runner/work/PocketKrKr/PocketKrKr/cpp/core/movie/ffmpeg/DemuxFFmpeg.h:8,
2026-09-07T17:56:53.9869378Z                  from /home/runner/work/PocketKrKr/PocketKrKr/cpp/core/movie/ffmpeg/DemuxFFmpeg.cpp:1:
2026-09-07T17:56:53.9870201Z /home/runner/work/PocketKrKr/PocketKrKr/out/linux/debug/vcpkg_installed/x64-linux/include/libavformat/avformat.h:893:21: note: declared here
2026-09-07T17:56:53.9870364Z   893 |     AVCodecContext *codec;
2026-09-07T17:56:53.9870512Z       |                     ^~~~~
2026-09-07T17:56:53.9871718Z /home/runner/work/PocketKrKr/PocketKrKr/cpp/core/movie/ffmpeg/DemuxFFmpeg.cpp:1649:27: warning: ‘AVStream::codec’ is deprecated [-Wdeprecated-declarations]
2026-09-07T17:56:53.9871924Z  1649 |             av_freep(&st->codec->extradata);
2026-09-07T17:56:53.9872079Z       |                           ^~~~~
2026-09-07T17:56:53.9872617Z In file included from /home/runner/work/PocketKrKr/PocketKrKr/cpp/core/movie/ffmpeg/DemuxFFmpeg.h:8,
2026-09-07T17:56:53.9873113Z                  from /home/runner/work/PocketKrKr/PocketKrKr/cpp/core/movie/ffmpeg/DemuxFFmpeg.cpp:1:
2026-09-07T17:56:53.9873937Z /home/runner/work/PocketKrKr/PocketKrKr/out/linux/debug/vcpkg_installed/x64-linux/include/libavformat/avformat.h:893:21: note: declared here
2026-09-07T17:56:53.9874096Z   893 |     AVCodecContext *codec;
2026-09-07T17:56:53.9874244Z       |                     ^~~~~
2026-09-07T17:56:53.9876488Z /home/runner/work/PocketKrKr/PocketKrKr/cpp/core/movie/ffmpeg/DemuxFFmpeg.cpp:1650:17: warning: ‘AVStream::codec’ is deprecated [-Wdeprecated-declarations]
2026-09-07T17:56:53.9876707Z  1650 |             st->codec->extradata_size = 0;
2026-09-07T17:56:53.9876857Z       |                 ^~~~~
2026-09-07T17:56:53.9877418Z In file included from /home/runner/work/PocketKrKr/PocketKrKr/cpp/core/movie/ffmpeg/DemuxFFmpeg.h:8,
2026-09-07T17:56:53.9877933Z                  from /home/runner/work/PocketKrKr/PocketKrKr/cpp/core/movie/ffmpeg/DemuxFFmpeg.cpp:1:
2026-09-07T17:56:53.9878748Z /home/runner/work/PocketKrKr/PocketKrKr/out/linux/debug/vcpkg_installed/x64-linux/include/libavformat/avformat.h:893:21: note: declared here
2026-09-07T17:56:53.9878933Z   893 |     AVCodecContext *codec;
2026-09-07T17:56:53.9879082Z       |                     ^~~~~
2026-09-07T17:56:53.9880339Z /home/runner/work/PocketKrKr/PocketKrKr/cpp/core/movie/ffmpeg/DemuxFFmpeg.cpp:1650:17: warning: ‘AVStream::codec’ is deprecated [-Wdeprecated-declarations]
2026-09-07T17:56:53.9880541Z  1650 |             st->codec->extradata_size = 0;
2026-09-07T17:56:53.9880710Z       |                 ^~~~~
2026-09-07T17:56:53.9881268Z In file included from /home/runner/work/PocketKrKr/PocketKrKr/cpp/core/movie/ffmpeg/DemuxFFmpeg.h:8,
2026-09-07T17:56:53.9881771Z                  from /home/runner/work/PocketKrKr/PocketKrKr/cpp/core/movie/ffmpeg/DemuxFFmpeg.cpp:1:
2026-09-07T17:56:53.9882623Z /home/runner/work/PocketKrKr/PocketKrKr/out/linux/debug/vcpkg_installed/x64-linux/include/libavformat/avformat.h:893:21: note: declared here
2026-09-07T17:56:53.9882801Z   893 |     AVCodecContext *codec;
2026-09-07T17:56:53.9882950Z       |                     ^~~~~
2026-09-07T17:56:53.9884188Z /home/runner/work/PocketKrKr/PocketKrKr/cpp/core/movie/ffmpeg/DemuxFFmpeg.cpp:1650:17: warning: ‘AVStream::codec’ is deprecated [-Wdeprecated-declarations]
2026-09-07T17:56:53.9884398Z  1650 |             st->codec->extradata_size = 0;
2026-09-07T17:56:53.9884542Z       |                 ^~~~~
2026-09-07T17:56:53.9885092Z In file included from /home/runner/work/PocketKrKr/PocketKrKr/cpp/core/movie/ffmpeg/DemuxFFmpeg.h:8,
2026-09-07T17:56:53.9885788Z                  from /home/runner/work/PocketKrKr/PocketKrKr/cpp/core/movie/ffmpeg/DemuxFFmpeg.cpp:1:
2026-09-07T17:56:53.9886875Z /home/runner/work/PocketKrKr/PocketKrKr/out/linux/debug/vcpkg_installed/x64-linux/include/libavformat/avformat.h:893:21: note: declared here
2026-09-07T17:56:53.9887077Z   893 |     AVCodecContext *codec;
2026-09-07T17:56:53.9887224Z       |                     ^~~~~
2026-09-07T17:56:53.9888544Z /home/runner/work/PocketKrKr/PocketKrKr/cpp/core/movie/ffmpeg/DemuxFFmpeg.cpp:1651:17: warning: ‘AVStream::codec’ is deprecated [-Wdeprecated-declarations]
2026-09-07T17:56:53.9888974Z  1651 |             st->codec->width = 0;
2026-09-07T17:56:53.9889127Z       |                 ^~~~~
2026-09-07T17:56:53.9889686Z In file included from /home/runner/work/PocketKrKr/PocketKrKr/cpp/core/movie/ffmpeg/DemuxFFmpeg.h:8,
2026-09-07T17:56:53.9890219Z                  from /home/runner/work/PocketKrKr/PocketKrKr/cpp/core/movie/ffmpeg/DemuxFFmpeg.cpp:1:
2026-09-07T17:56:53.9891054Z /home/runner/work/PocketKrKr/PocketKrKr/out/linux/debug/vcpkg_installed/x64-linux/include/libavformat/avformat.h:893:21: note: declared here
2026-09-07T17:56:53.9891229Z   893 |     AVCodecContext *codec;
2026-09-07T17:56:53.9891387Z       |                     ^~~~~
2026-09-07T17:56:53.9892698Z /home/runner/work/PocketKrKr/PocketKrKr/cpp/core/movie/ffmpeg/DemuxFFmpeg.cpp:1651:17: warning: ‘AVStream::codec’ is deprecated [-Wdeprecated-declarations]
2026-09-07T17:56:53.9892890Z  1651 |             st->codec->width = 0;
2026-09-07T17:56:53.9893037Z       |                 ^~~~~
2026-09-07T17:56:53.9893624Z In file included from /home/runner/work/PocketKrKr/PocketKrKr/cpp/core/movie/ffmpeg/DemuxFFmpeg.h:8,
2026-09-07T17:56:53.9894152Z                  from /home/runner/work/PocketKrKr/PocketKrKr/cpp/core/movie/ffmpeg/DemuxFFmpeg.cpp:1:
2026-09-07T17:56:53.9894998Z /home/runner/work/PocketKrKr/PocketKrKr/out/linux/debug/vcpkg_installed/x64-linux/include/libavformat/avformat.h:893:21: note: declared here
2026-09-07T17:56:53.9895416Z   893 |     AVCodecContext *codec;
2026-09-07T17:56:53.9895590Z       |                     ^~~~~
2026-09-07T17:56:53.9896920Z /home/runner/work/PocketKrKr/PocketKrKr/cpp/core/movie/ffmpeg/DemuxFFmpeg.cpp:1651:17: warning: ‘AVStream::codec’ is deprecated [-Wdeprecated-declarations]
2026-09-07T17:56:53.9897104Z  1651 |             st->codec->width = 0;
2026-09-07T17:56:53.9897258Z       |                 ^~~~~
2026-09-07T17:56:53.9897826Z In file included from /home/runner/work/PocketKrKr/PocketKrKr/cpp/core/movie/ffmpeg/DemuxFFmpeg.h:8,
2026-09-07T17:56:53.9898420Z                  from /home/runner/work/PocketKrKr/PocketKrKr/cpp/core/movie/ffmpeg/DemuxFFmpeg.cpp:1:
2026-09-07T17:56:53.9899275Z /home/runner/work/PocketKrKr/PocketKrKr/out/linux/debug/vcpkg_installed/x64-linux/include/libavformat/avformat.h:893:21: note: declared here
2026-09-07T17:56:53.9899460Z   893 |     AVCodecContext *codec;
2026-09-07T17:56:53.9899621Z       |                     ^~~~~
2026-09-07T17:56:53.9900229Z [165/741] Building CXX object cpp/core/movie/CMakeFiles/core_movie_module.dir/ffmpeg/DemuxPacket.cpp.o
2026-09-07T17:56:53.9900812Z [166/741] Building CXX object cpp/core/movie/CMakeFiles/core_movie_module.dir/ffmpeg/FactoryCodec.cpp.o
2026-09-07T17:56:53.9901469Z [167/741] Building CXX object cpp/core/visual/CMakeFiles/core_visual_module.dir/impl/PassThroughDrawDevice.cpp.o
2026-09-07T17:56:53.9902009Z [168/741] Building CXX object cpp/core/movie/CMakeFiles/core_movie_module.dir/ffmpeg/InputStream.cpp.o
2026-09-07T17:56:54.6674646Z [169/741] Building CXX object cpp/core/visual/CMakeFiles/core_visual_module.dir/impl/VideoOvlImpl.cpp.o
2026-09-07T17:56:54.7046609Z [170/741] Building CXX object cpp/core/visual/CMakeFiles/core_visual_module.dir/impl/WindowImpl.cpp.o
2026-09-07T17:56:55.4166728Z [171/741] Linking CXX static library cpp/core/visual/libcore_visual_module.a
2026-09-07T17:56:55.4296478Z [172/741] Building CXX object cpp/core/movie/CMakeFiles/core_movie_module.dir/ffmpeg/Message.cpp.o
2026-09-07T17:56:55.4416383Z [173/741] Building CXX object cpp/core/movie/CMakeFiles/core_movie_module.dir/ffmpeg/MessageQueue.cpp.o
2026-09-07T17:56:55.4536326Z [174/741] Building CXX object cpp/core/movie/CMakeFiles/core_movie_module.dir/ffmpeg/ProcessInfo.cpp.o
2026-09-07T17:56:55.4626642Z [175/741] Building CXX object cpp/core/movie/CMakeFiles/core_movie_module.dir/ffmpeg/RenderFlags.cpp.o
2026-09-07T17:56:55.4737077Z [176/741] Building CXX object cpp/core/movie/CMakeFiles/core_movie_module.dir/ffmpeg/StreamInfo.cpp.o
2026-09-07T17:56:55.4896415Z [177/741] Building CXX object cpp/core/movie/CMakeFiles/core_movie_module.dir/ffmpeg/Thread.cpp.o
2026-09-07T17:56:55.4986324Z [178/741] Building CXX object cpp/core/movie/CMakeFiles/core_movie_module.dir/ffmpeg/Timer.cpp.o
2026-09-07T17:56:55.5046220Z [179/741] Building CXX object cpp/core/movie/CMakeFiles/core_movie_module.dir/ffmpeg/TimeUtils.cpp.o
2026-09-07T17:56:55.5156328Z [180/741] Building CXX object cpp/core/movie/CMakeFiles/core_movie_module.dir/ffmpeg/VideoCodec.cpp.o
2026-09-07T17:56:55.5346533Z [181/741] Building CXX object cpp/core/movie/CMakeFiles/core_movie_module.dir/ffmpeg/VideoCodecFFmpeg.cpp.o
2026-09-07T17:56:55.5387493Z /home/runner/work/PocketKrKr/PocketKrKr/cpp/core/movie/ffmpeg/VideoCodecFFmpeg.cpp: In member function ‘virtual int KRMovie::CDVDVideoCodecFFmpeg::Decode(uint8_t*, int, double, double)’:
2026-09-07T17:56:55.5417291Z /home/runner/work/PocketKrKr/PocketKrKr/cpp/core/movie/ffmpeg/VideoCodecFFmpeg.cpp:607:32: warning: ‘int avcodec_decode_video2(AVCodecContext*, AVFrame*, int*, const AVPacket*)’ is deprecated [-Wdeprecated-declarations]
2026-09-07T17:56:55.5456177Z   607 |     len = avcodec_decode_video2(m_pCodecContext, m_pDecodedFrame, &iGotPicture,
2026-09-07T17:56:55.5485884Z       |           ~~~~~~~~~~~~~~~~~~~~~^~~~~~~~~~~~~~~~~~~~~~~~~~~~~~~~~~~~~~~~~~~~~~~~
2026-09-07T17:56:55.5505912Z   608 |                                 &avpkt);
2026-09-07T17:56:55.5515986Z       |                                 ~~~~~~~
2026-09-07T17:56:55.5566172Z In file included from /home/runner/work/PocketKrKr/PocketKrKr/cpp/core/movie/ffmpeg/Demux.h:6,
2026-09-07T17:56:55.5567459Z                  from /home/runner/work/PocketKrKr/PocketKrKr/cpp/core/movie/ffmpeg/StreamInfo.h:4,
2026-09-07T17:56:55.5626323Z                  from /home/runner/work/PocketKrKr/PocketKrKr/cpp/core/movie/ffmpeg/VideoCodecFFmpeg.h:4,
2026-09-07T17:56:55.5656149Z                  from /home/runner/work/PocketKrKr/PocketKrKr/cpp/core/movie/ffmpeg/VideoCodecFFmpeg.cpp:1:
2026-09-07T17:56:55.5686442Z /home/runner/work/PocketKrKr/PocketKrKr/out/linux/debug/vcpkg_installed/x64-linux/include/libavcodec/avcodec.h:4901:5: note: declared here
2026-09-07T17:56:55.5695949Z  4901 | int avcodec_decode_video2(AVCodecContext *avctx, AVFrame *picture,
2026-09-07T17:56:55.5696677Z       |     ^~~~~~~~~~~~~~~~~~~~~
2026-09-07T17:56:55.5697526Z [182/741] Building CXX object cpp/core/movie/CMakeFiles/core_movie_module.dir/ffmpeg/VideoPlayer.cpp.o
2026-09-07T17:56:55.5716452Z [183/741] Building CXX object cpp/core/movie/CMakeFiles/core_movie_module.dir/ffmpeg/VideoPlayerAudio.cpp.o
2026-09-07T17:56:55.5887183Z [184/741] Building CXX object cpp/core/movie/CMakeFiles/core_movie_module.dir/ffmpeg/VideoPlayerVideo.cpp.o
2026-09-07T17:56:55.6016422Z [185/741] Building CXX object cpp/core/movie/CMakeFiles/core_movie_module.dir/ffmpeg/VideoReferenceClock.cpp.o
2026-09-07T17:56:55.6166654Z [186/741] Building CXX object cpp/core/movie/CMakeFiles/core_movie_module.dir/ffmpeg/VideoRenderer.cpp.o
2026-09-07T17:56:55.9051620Z [187/741] Linking CXX static library cpp/core/sound/libcore_sound_module.a
2026-09-07T17:56:56.2086879Z [188/741] Building CXX object cpp/core/movie/CMakeFiles/core_movie_module.dir/ffmpeg/KRMovieLayer.cpp.o
2026-09-07T17:56:56.2246557Z [189/741] Building CXX object cpp/core/plugin/CMakeFiles/core_plugin_module.dir/PluginIntf.cpp.o
2026-09-07T17:56:56.3266702Z [190/741] Building CXX object cpp/core/movie/CMakeFiles/core_movie_module.dir/ffmpeg/krffmpeg.cpp.o
2026-09-07T17:56:57.3126847Z [191/741] Building CXX object cpp/core/movie/CMakeFiles/core_movie_module.dir/ffmpeg/KRMoviePlayer.cpp.o
2026-09-07T17:56:57.6396540Z [192/741] Linking CXX static library cpp/core/movie/libcore_movie_module.a
2026-09-07T17:56:57.6566947Z [193/741] Building CXX object cpp/core/environ/CMakeFiles/core_environ_module.dir/DetectCPU.cpp.o
2026-09-07T17:56:57.6776557Z [194/741] Building CXX object cpp/core/environ/CMakeFiles/core_environ_module.dir/DumpSend.cpp.o
2026-09-07T17:56:57.6956593Z [195/741] Building CXX object cpp/core/environ/CMakeFiles/core_environ_module.dir/EngineBootstrap.cpp.o
2026-09-07T17:56:58.6056601Z [196/741] Building CXX object cpp/core/plugin/CMakeFiles/core_plugin_module.dir/ncbind.cpp.o
2026-09-07T17:56:58.6066322Z In file included from /home/runner/work/PocketKrKr/PocketKrKr/cpp/core/plugin/ncbind.cpp:1:
2026-09-07T17:56:58.6069628Z /home/runner/work/PocketKrKr/PocketKrKr/cpp/core/plugin/ncbind.hpp: In static member function ‘static ncbTypeConvertor::Conversion<FROM, TO>::OK ncbTypeConvertor::Conversion<FROM, TO>::check(TO)’:
2026-09-07T17:56:58.6072070Z /home/runner/work/PocketKrKr/PocketKrKr/cpp/core/plugin/ncbind.hpp:244:38: warning: no return statement in function returning non-void [-Wreturn-type]
2026-09-07T17:56:58.6073588Z   244 |                 static OK check(TO) {};
2026-09-07T17:56:58.6074287Z       |                                      ^
2026-09-07T17:56:59.1712542Z [197/741] Building CXX object cpp/core/plugin/CMakeFiles/core_plugin_module.dir/PluginImpl.cpp.o
2026-09-07T17:56:59.1714272Z In file included from /home/runner/work/PocketKrKr/PocketKrKr/cpp/core/plugin/PluginImpl.cpp:31:
2026-09-07T17:56:59.1717534Z /home/runner/work/PocketKrKr/PocketKrKr/cpp/core/plugin/ncbind.hpp: In static member function ‘static ncbTypeConvertor::Conversion<FROM, TO>::OK ncbTypeConvertor::Conversion<FROM, TO>::check(TO)’:
2026-09-07T17:56:59.1720028Z /home/runner/work/PocketKrKr/PocketKrKr/cpp/core/plugin/ncbind.hpp:244:38: warning: no return statement in function returning non-void [-Wreturn-type]
2026-09-07T17:56:59.1721555Z   244 |                 static OK check(TO) {};
2026-09-07T17:56:59.1722349Z       |                                      ^
2026-09-07T17:56:59.1841836Z [198/741] Building CXX object cpp/core/environ/CMakeFiles/core_environ_module.dir/MainScene.cpp.o
2026-09-07T17:56:59.1891438Z [199/741] Building CXX object cpp/core/environ/CMakeFiles/core_environ_module.dir/Application.cpp.o
2026-09-07T17:56:59.2026482Z [200/741] Building CXX object cpp/core/environ/CMakeFiles/core_environ_module.dir/ConfigManager/GlobalConfigManager.cpp.o
2026-09-07T17:56:59.2211170Z [201/741] Building CXX object cpp/core/environ/CMakeFiles/core_environ_module.dir/ConfigManager/LocaleConfigManager.cpp.o
2026-09-07T17:56:59.2226458Z [202/741] Building CXX object cpp/core/environ/CMakeFiles/core_environ_module.dir/ConfigManager/IndividualConfigManager.cpp.o
2026-09-07T17:56:59.2407679Z [203/741] Building CXX object cpp/core/environ/CMakeFiles/core_environ_module.dir/sdl/tvpsdl.cpp.o
2026-09-07T17:56:59.2686761Z [204/741] Building CXX object cpp/core/environ/CMakeFiles/core_environ_module.dir/stubs/platform_linux.cpp.o
2026-09-07T17:57:00.1076788Z [205/741] Building CXX object cpp/core/environ/CMakeFiles/core_environ_module.dir/EngineLoop.cpp.o
2026-09-07T17:57:00.2826757Z [206/741] Linking CXX static library cpp/core/plugin/libcore_plugin_module.a
2026-09-07T17:57:00.3006775Z [207/741] Building CXX object cpp/core/base/CMakeFiles/core_base_module.dir/7zArchive.cpp.o
2026-09-07T17:57:00.3156688Z [208/741] Building CXX object cpp/core/base/CMakeFiles/core_base_module.dir/BinaryStream.cpp.o
2026-09-07T17:57:00.3336628Z [209/741] Building CXX object cpp/core/base/CMakeFiles/core_base_module.dir/CharacterSet.cpp.o
2026-09-07T17:57:01.7096655Z [210/741] Building CXX object cpp/core/environ/CMakeFiles/core_environ_module.dir/win32/SystemControl.cpp.o
2026-09-07T17:57:01.9394212Z [211/741] Building CXX object cpp/core/environ/CMakeFiles/core_environ_module.dir/XP3ArchiveRepack.cpp.o
2026-09-07T17:57:02.2796758Z [212/741] Building CXX object cpp/core/environ/CMakeFiles/core_environ_module.dir/stubs/ui_stubs.cpp.o
2026-09-07T17:57:02.2976651Z [213/741] Building CXX object cpp/core/base/CMakeFiles/core_base_module.dir/SysInitIntf.cpp.o
2026-09-07T17:57:03.2008042Z [214/741] Building CXX object cpp/core/base/CMakeFiles/core_base_module.dir/EventIntf.cpp.o
2026-09-07T17:57:03.2216902Z [215/741] Building CXX object cpp/core/base/CMakeFiles/core_base_module.dir/TARArchive.cpp.o
2026-09-07T17:57:03.2470361Z [216/741] Building CXX object cpp/core/base/CMakeFiles/core_base_module.dir/TextStream.cpp.o
2026-09-07T17:57:03.2484291Z /home/runner/work/PocketKrKr/PocketKrKr/cpp/core/base/TextStream.cpp: In destructor ‘virtual tTVPTextWriteStream::~tTVPTextWriteStream()’:
2026-09-07T17:57:03.2486727Z /home/runner/work/PocketKrKr/PocketKrKr/cpp/core/base/TextStream.cpp:388:21: warning: ‘throw’ will always call ‘terminate’ [-Wterminate]
2026-09-07T17:57:03.2488089Z   388 |                     throw;
2026-09-07T17:57:03.2489019Z       |                     ^~~~~
2026-09-07T17:57:03.2490538Z /home/runner/work/PocketKrKr/PocketKrKr/cpp/core/base/TextStream.cpp:388:21: note: in C++11 destructors default to ‘noexcept’
2026-09-07T17:57:03.2680389Z [217/741] Building CXX object cpp/core/base/CMakeFiles/core_base_module.dir/UtilStreams.cpp.o
2026-09-07T17:57:03.2717336Z /home/runner/work/PocketKrKr/PocketKrKr/cpp/core/base/UtilStreams.cpp: In member function ‘virtual bool tTVPUnpackArchiveImplUnRAR::Open(const string&)’:
2026-09-07T17:57:03.2719173Z /home/runner/work/PocketKrKr/PocketKrKr/cpp/core/base/UtilStreams.cpp:851:51: warning: left shift count >= width of type [-Wshift-count-overflow]
2026-09-07T17:57:03.2720497Z   851 |             _totalSize += (headerData.UnpSizeHigh << 32) | headerData.UnpSize;
2026-09-07T17:57:03.2721205Z       |                            ~~~~~~~~~~~~~~~~~~~~~~~^~~~~
2026-09-07T17:57:03.2722756Z /home/runner/work/PocketKrKr/PocketKrKr/cpp/core/base/UtilStreams.cpp: In member function ‘virtual void tTVPUnpackArchiveImplUnRAR::ExtractTo(const string&)’:
2026-09-07T17:57:03.2724549Z /home/runner/work/PocketKrKr/PocketKrKr/cpp/core/base/UtilStreams.cpp:895:63: warning: left shift count >= width of type [-Wshift-count-overflow]
2026-09-07T17:57:03.2726024Z   895 |                                       (headerData.UnpSizeHigh << 32) |
2026-09-07T17:57:03.2726643Z       |                                        ~~~~~~~~~~~~~~~~~~~~~~~^~~~~
2026-09-07T17:57:03.2876521Z [218/741] Building CXX object cpp/core/base/CMakeFiles/core_base_module.dir/XP3Archive.cpp.o
2026-09-07T17:57:03.3056519Z [219/741] Building CXX object cpp/core/base/CMakeFiles/core_base_module.dir/ZIPArchive.cpp.o
2026-09-07T17:57:04.6246657Z [220/741] Building CXX object cpp/core/base/CMakeFiles/core_base_module.dir/StorageIntf.cpp.o
2026-09-07T17:57:04.6276443Z In file included from /home/runner/work/PocketKrKr/PocketKrKr/cpp/core/base/StorageIntf.cpp:25:
2026-09-07T17:57:04.6280212Z /home/runner/work/PocketKrKr/PocketKrKr/cpp/core/plugin/ncbind.hpp: In static member function ‘static ncbTypeConvertor::Conversion<FROM, TO>::OK ncbTypeConvertor::Conversion<FROM, TO>::check(TO)’:
2026-09-07T17:57:04.6282712Z /home/runner/work/PocketKrKr/PocketKrKr/cpp/core/plugin/ncbind.hpp:244:38: warning: no return statement in function returning non-void [-Wreturn-type]
2026-09-07T17:57:04.6284122Z   244 |                 static OK check(TO) {};
2026-09-07T17:57:04.6284762Z       |                                      ^
2026-09-07T17:57:04.7326677Z [221/741] Building CXX object cpp/core/base/CMakeFiles/core_base_module.dir/SystemIntf.cpp.o
2026-09-07T17:57:04.9046850Z [222/741] Building CXX object cpp/core/base/CMakeFiles/core_base_module.dir/ScriptMgnIntf.cpp.o
2026-09-07T17:57:06.4946735Z [223/741] Building CXX object cpp/core/base/CMakeFiles/core_base_module.dir/KAGParser.cpp.o
2026-09-07T17:57:06.5090673Z [224/741] Building CXX object cpp/core/base/CMakeFiles/core_base_module.dir/impl/NativeEventQueue.cpp.o
2026-09-07T17:57:06.6566202Z [225/741] Building CXX object cpp/core/base/CMakeFiles/core_base_module.dir/MsgIntf.cpp.o
2026-09-07T17:57:06.8606959Z [226/741] Building CXX object cpp/core/base/CMakeFiles/core_base_module.dir/impl/EventImpl.cpp.o
2026-09-07T17:57:06.9256908Z [227/741] Building CXX object cpp/core/base/CMakeFiles/core_base_module.dir/impl/FileSelector.cpp.o
2026-09-07T17:57:08.7596813Z [228/741] Building CXX object cpp/core/base/CMakeFiles/core_base_module.dir/impl/ScriptMgnImpl.cpp.o
2026-09-07T17:57:09.4202370Z [229/741] Building CXX object cpp/core/base/CMakeFiles/core_base_module.dir/impl/SystemImpl.cpp.o
2026-09-07T17:57:09.5031473Z [230/741] Building CXX object cpp/core/base/CMakeFiles/core_base_module.dir/impl/SysInitImpl.cpp.o
2026-09-07T17:57:09.7166621Z [231/741] Linking CXX static library cpp/core/environ/libcore_environ_module.a
2026-09-07T17:57:09.9737405Z [232/741] Building CXX object cpp/core/base/CMakeFiles/core_base_module.dir/impl/StorageImpl.cpp.o
2026-09-07T17:57:10.5426594Z [233/741] Building CXX object cpp/core/base/CMakeFiles/core_base_module.dir/impl/MsgImpl.cpp.o
2026-09-07T17:57:10.9066366Z [234/741] Linking CXX static library cpp/core/base/libcore_base_module.a
2026-09-07T17:57:12.1558791Z [235/741] Building CXX object cpp/plugins/fstat/CMakeFiles/fstat.dir/__/win32dialog.cpp.o
2026-09-07T17:57:12.1579700Z In file included from /home/runner/work/PocketKrKr/PocketKrKr/cpp/plugins/win32dialog.cpp:2:
2026-09-07T17:57:12.1627354Z /home/runner/work/PocketKrKr/PocketKrKr/cpp/core/plugin/ncbind.hpp: In static member function ‘static ncbTypeConvertor::Conversion<FROM, TO>::OK ncbTypeConvertor::Conversion<FROM, TO>::check(TO)’:
2026-09-07T17:57:12.1630118Z /home/runner/work/PocketKrKr/PocketKrKr/cpp/core/plugin/ncbind.hpp:244:38: warning: no return statement in function returning non-void [-Wreturn-type]
2026-09-07T17:57:12.1656030Z   244 |                 static OK check(TO) {};
2026-09-07T17:57:12.1663243Z       |                                      ^
2026-09-07T17:57:12.1664091Z [236/741] Building CXX object cpp/plugins/fstat/CMakeFiles/fstat.dir/__/scriptsEx.cpp.o
2026-09-07T17:57:12.1666560Z In file included from /home/runner/work/PocketKrKr/PocketKrKr/cpp/plugins/scriptsEx.cpp:5:
2026-09-07T17:57:12.1668896Z /home/runner/work/PocketKrKr/PocketKrKr/cpp/core/plugin/ncbind.hpp: In static member function ‘static ncbTypeConvertor::Conversion<FROM, TO>::OK ncbTypeConvertor::Conversion<FROM, TO>::check(TO)’:
2026-09-07T17:57:12.1671166Z /home/runner/work/PocketKrKr/PocketKrKr/cpp/core/plugin/ncbind.hpp:244:38: warning: no return statement in function returning non-void [-Wreturn-type]
2026-09-07T17:57:12.1672439Z   244 |                 static OK check(TO) {};
2026-09-07T17:57:12.1672998Z       |                                      ^
2026-09-07T17:57:13.0036683Z [237/741] Building CXX object cpp/plugins/fstat/CMakeFiles/fstat.dir/main.cpp.o
2026-09-07T17:57:13.0056894Z In file included from /home/runner/work/PocketKrKr/PocketKrKr/cpp/plugins/fstat/main.cpp:8:
2026-09-07T17:57:13.0059838Z /home/runner/work/PocketKrKr/PocketKrKr/cpp/core/plugin/ncbind.hpp: In static member function ‘static ncbTypeConvertor::Conversion<FROM, TO>::OK ncbTypeConvertor::Conversion<FROM, TO>::check(TO)’:
2026-09-07T17:57:13.0062571Z /home/runner/work/PocketKrKr/PocketKrKr/cpp/core/plugin/ncbind.hpp:244:38: warning: no return statement in function returning non-void [-Wreturn-type]
2026-09-07T17:57:13.0064156Z   244 |                 static OK check(TO) {};
2026-09-07T17:57:13.0064960Z       |                                      ^
2026-09-07T17:57:13.2376518Z [238/741] Building CXX object cpp/plugins/fstat/CMakeFiles/fstat.dir/__/dirlist.cpp.o
2026-09-07T17:57:13.2384382Z In file included from /home/runner/work/PocketKrKr/PocketKrKr/cpp/plugins/dirlist.cpp:5:
2026-09-07T17:57:13.2387386Z /home/runner/work/PocketKrKr/PocketKrKr/cpp/core/plugin/ncbind.hpp: In static member function ‘static ncbTypeConvertor::Conversion<FROM, TO>::OK ncbTypeConvertor::Conversion<FROM, TO>::check(TO)’:
2026-09-07T17:57:13.2390083Z /home/runner/work/PocketKrKr/PocketKrKr/cpp/core/plugin/ncbind.hpp:244:38: warning: no return statement in function returning non-void [-Wreturn-type]
2026-09-07T17:57:13.2391656Z   244 |                 static OK check(TO) {};
2026-09-07T17:57:13.2392504Z       |                                      ^
2026-09-07T17:57:14.3860622Z [239/741] Building CXX object cpp/plugins/fstat/CMakeFiles/fstat.dir/__/csvParser.cpp.o
2026-09-07T17:57:14.3886100Z In file included from /home/runner/work/PocketKrKr/PocketKrKr/cpp/plugins/csvParser.cpp:3:
2026-09-07T17:57:14.3907492Z /home/runner/work/PocketKrKr/PocketKrKr/cpp/core/plugin/ncbind.hpp: In static member function ‘static ncbTypeConvertor::Conversion<FROM, TO>::OK ncbTypeConvertor::Conversion<FROM, TO>::check(TO)’:
2026-09-07T17:57:14.3946543Z /home/runner/work/PocketKrKr/PocketKrKr/cpp/core/plugin/ncbind.hpp:244:38: warning: no return statement in function returning non-void [-Wreturn-type]
2026-09-07T17:57:14.3975892Z   244 |                 static OK check(TO) {};
2026-09-07T17:57:14.3976652Z       |                                      ^
2026-09-07T17:57:15.0746748Z [240/741] Building CXX object cpp/plugins/fstat/CMakeFiles/fstat.dir/__/layerExMovie.cpp.o
2026-09-07T17:57:15.0748068Z In file included from /home/runner/work/PocketKrKr/PocketKrKr/cpp/plugins/layerExMovie.cpp:9:
2026-09-07T17:57:15.0787742Z /home/runner/work/PocketKrKr/PocketKrKr/cpp/core/plugin/ncbind.hpp: In static member function ‘static ncbTypeConvertor::Conversion<FROM, TO>::OK ncbTypeConvertor::Conversion<FROM, TO>::check(TO)’:
2026-09-07T17:57:15.0803237Z /home/runner/work/PocketKrKr/PocketKrKr/cpp/core/plugin/ncbind.hpp:244:38: warning: no return statement in function returning non-void [-Wreturn-type]
2026-09-07T17:57:15.0804857Z   244 |                 static OK check(TO) {};
2026-09-07T17:57:15.0806026Z       |                                      ^
2026-09-07T17:57:15.2106538Z [241/741] Building CXX object cpp/plugins/fstat/CMakeFiles/fstat.dir/__/varfile.cpp.o
2026-09-07T17:57:15.2136106Z In file included from /home/runner/work/PocketKrKr/PocketKrKr/cpp/plugins/varfile.cpp:3:
2026-09-07T17:57:15.2167634Z /home/runner/work/PocketKrKr/PocketKrKr/cpp/core/plugin/ncbind.hpp: In static member function ‘static ncbTypeConvertor::Conversion<FROM, TO>::OK ncbTypeConvertor::Conversion<FROM, TO>::check(TO)’:
2026-09-07T17:57:15.2196663Z /home/runner/work/PocketKrKr/PocketKrKr/cpp/core/plugin/ncbind.hpp:244:38: warning: no return statement in function returning non-void [-Wreturn-type]
2026-09-07T17:57:15.2225819Z   244 |                 static OK check(TO) {};
2026-09-07T17:57:15.2255897Z       |                                      ^
2026-09-07T17:57:15.5611024Z [242/741] Building CXX object cpp/plugins/fstat/CMakeFiles/fstat.dir/__/saveStruct.cpp.o
2026-09-07T17:57:15.5612576Z In file included from /home/runner/work/PocketKrKr/PocketKrKr/cpp/plugins/saveStruct.cpp:1:
2026-09-07T17:57:15.5615807Z /home/runner/work/PocketKrKr/PocketKrKr/cpp/core/plugin/ncbind.hpp: In static member function ‘static ncbTypeConvertor::Conversion<FROM, TO>::OK ncbTypeConvertor::Conversion<FROM, TO>::check(TO)’:
2026-09-07T17:57:15.5618470Z /home/runner/work/PocketKrKr/PocketKrKr/cpp/core/plugin/ncbind.hpp:244:38: warning: no return statement in function returning non-void [-Wreturn-type]
2026-09-07T17:57:15.5620082Z   244 |                 static OK check(TO) {};
2026-09-07T17:57:15.5620963Z       |                                      ^
2026-09-07T17:57:16.6012700Z [243/741] Building CXX object cpp/plugins/fstat/CMakeFiles/fstat.dir/__/getabout.cpp.o
2026-09-07T17:57:16.6056347Z In file included from /home/runner/work/PocketKrKr/PocketKrKr/cpp/plugins/getabout.cpp:1:
2026-09-07T17:57:16.6058894Z /home/runner/work/PocketKrKr/PocketKrKr/cpp/core/plugin/ncbind.hpp: In static member function ‘static ncbTypeConvertor::Conversion<FROM, TO>::OK ncbTypeConvertor::Conversion<FROM, TO>::check(TO)’:
2026-09-07T17:57:16.6061086Z /home/runner/work/PocketKrKr/PocketKrKr/cpp/core/plugin/ncbind.hpp:244:38: warning: no return statement in function returning non-void [-Wreturn-type]
2026-09-07T17:57:16.6062319Z   244 |                 static OK check(TO) {};
2026-09-07T17:57:16.6062833Z       |                                      ^
2026-09-07T17:57:17.2696550Z [244/741] Building CXX object cpp/plugins/fstat/CMakeFiles/fstat.dir/__/addFont.cpp.o
2026-09-07T17:57:17.2706475Z In file included from /home/runner/work/PocketKrKr/PocketKrKr/cpp/plugins/addFont.cpp:1:
2026-09-07T17:57:17.2757631Z /home/runner/work/PocketKrKr/PocketKrKr/cpp/core/plugin/ncbind.hpp: In static member function ‘static ncbTypeConvertor::Conversion<FROM, TO>::OK ncbTypeConvertor::Conversion<FROM, TO>::check(TO)’:
2026-09-07T17:57:17.2760769Z /home/runner/work/PocketKrKr/PocketKrKr/cpp/core/plugin/ncbind.hpp:244:38: warning: no return statement in function returning non-void [-Wreturn-type]
2026-09-07T17:57:17.2775980Z   244 |                 static OK check(TO) {};
2026-09-07T17:57:17.2805975Z       |                                      ^
2026-09-07T17:57:17.3486748Z [245/741] Building CXX object cpp/plugins/fstat/CMakeFiles/fstat.dir/__/wutcwf.cpp.o
2026-09-07T17:57:17.3526248Z In file included from /home/runner/work/PocketKrKr/PocketKrKr/cpp/plugins/wutcwf.cpp:2:
2026-09-07T17:57:17.3557700Z /home/runner/work/PocketKrKr/PocketKrKr/cpp/core/plugin/ncbind.hpp: In static member function ‘static ncbTypeConvertor::Conversion<FROM, TO>::OK ncbTypeConvertor::Conversion<FROM, TO>::check(TO)’:
2026-09-07T17:57:17.3586590Z /home/runner/work/PocketKrKr/PocketKrKr/cpp/core/plugin/ncbind.hpp:244:38: warning: no return statement in function returning non-void [-Wreturn-type]
2026-09-07T17:57:17.3615894Z   244 |                 static OK check(TO) {};
2026-09-07T17:57:17.3645877Z       |                                      ^
2026-09-07T17:57:18.7486780Z [246/741] Building CXX object cpp/plugins/fstat/CMakeFiles/fstat.dir/__/windowEx.cpp.o
2026-09-07T17:57:18.7516119Z In file included from /home/runner/work/PocketKrKr/PocketKrKr/cpp/plugins/windowEx.cpp:18:
2026-09-07T17:57:18.7557579Z /home/runner/work/PocketKrKr/PocketKrKr/cpp/core/plugin/ncbind.hpp: In static member function ‘static ncbTypeConvertor::Conversion<FROM, TO>::OK ncbTypeConvertor::Conversion<FROM, TO>::check(TO)’:
2026-09-07T17:57:18.7560356Z /home/runner/work/PocketKrKr/PocketKrKr/cpp/core/plugin/ncbind.hpp:244:38: warning: no return statement in function returning non-void [-Wreturn-type]
2026-09-07T17:57:18.7615744Z   244 |                 static OK check(TO) {};
2026-09-07T17:57:18.7616300Z       |                                      ^
2026-09-07T17:57:18.9486860Z [247/741] Building CXX object cpp/plugins/fstat/CMakeFiles/fstat.dir/__/getSample.cpp.o
2026-09-07T17:57:18.9546218Z In file included from /home/runner/work/PocketKrKr/PocketKrKr/cpp/plugins/getSample.cpp:1:
2026-09-07T17:57:18.9548720Z /home/runner/work/PocketKrKr/PocketKrKr/cpp/core/plugin/ncbind.hpp: In static member function ‘static ncbTypeConvertor::Conversion<FROM, TO>::OK ncbTypeConvertor::Conversion<FROM, TO>::check(TO)’:
2026-09-07T17:57:18.9550961Z /home/runner/work/PocketKrKr/PocketKrKr/cpp/core/plugin/ncbind.hpp:244:38: warning: no return statement in function returning non-void [-Wreturn-type]
2026-09-07T17:57:18.9552199Z   244 |                 static OK check(TO) {};
2026-09-07T17:57:18.9552710Z       |                                      ^
2026-09-07T17:57:19.4386714Z [248/741] Building CXX object cpp/plugins/fstat/CMakeFiles/fstat.dir/__/fftgraph.cpp.o
2026-09-07T17:57:19.4406247Z In file included from /home/runner/work/PocketKrKr/PocketKrKr/cpp/plugins/fftgraph.cpp:1:
2026-09-07T17:57:19.4437541Z /home/runner/work/PocketKrKr/PocketKrKr/cpp/core/plugin/ncbind.hpp: In static member function ‘static ncbTypeConvertor::Conversion<FROM, TO>::OK ncbTypeConvertor::Conversion<FROM, TO>::check(TO)’:
2026-09-07T17:57:19.4466581Z /home/runner/work/PocketKrKr/PocketKrKr/cpp/core/plugin/ncbind.hpp:244:38: warning: no return statement in function returning non-void [-Wreturn-type]
2026-09-07T17:57:19.4495810Z   244 |                 static OK check(TO) {};
2026-09-07T17:57:19.4525902Z       |                                      ^
2026-09-07T17:57:19.5724289Z [249/741] Building CXX object cpp/plugins/fstat/CMakeFiles/fstat.dir/__/layerExPerspective.cpp.o
2026-09-07T17:57:19.5738568Z In file included from /home/runner/work/PocketKrKr/PocketKrKr/cpp/plugins/layerExPerspective.cpp:23:
2026-09-07T17:57:19.5742098Z /home/runner/work/PocketKrKr/PocketKrKr/cpp/core/plugin/ncbind.hpp: In static member function ‘static ncbTypeConvertor::Conversion<FROM, TO>::OK ncbTypeConvertor::Conversion<FROM, TO>::check(TO)’:
2026-09-07T17:57:19.5744616Z /home/runner/work/PocketKrKr/PocketKrKr/cpp/core/plugin/ncbind.hpp:244:38: warning: no return statement in function returning non-void [-Wreturn-type]
2026-09-07T17:57:19.5746589Z   244 |                 static OK check(TO) {};
2026-09-07T17:57:19.5747305Z       |                                      ^
2026-09-07T17:57:20.5636608Z [250/741] Building CXX object cpp/plugins/fstat/CMakeFiles/fstat.dir/__/LayerExBase.cpp.o
2026-09-07T17:57:21.4706678Z [251/741] Building CXX object cpp/plugins/fstat/CMakeFiles/fstat.dir/__/xp3filter.cpp.o
2026-09-07T17:57:21.4709737Z In file included from /home/runner/work/PocketKrKr/PocketKrKr/cpp/plugins/xp3filter.cpp:1:
2026-09-07T17:57:21.4738000Z /home/runner/work/PocketKrKr/PocketKrKr/cpp/core/plugin/ncbind.hpp: In static member function ‘static ncbTypeConvertor::Conversion<FROM, TO>::OK ncbTypeConvertor::Conversion<FROM, TO>::check(TO)’:
2026-09-07T17:57:21.4741167Z /home/runner/work/PocketKrKr/PocketKrKr/cpp/core/plugin/ncbind.hpp:244:38: warning: no return statement in function returning non-void [-Wreturn-type]
2026-09-07T17:57:21.4775950Z   244 |                 static OK check(TO) {};
2026-09-07T17:57:21.4806014Z       |                                      ^
2026-09-07T17:57:21.5504005Z [252/741] Building CXX object cpp/plugins/fstat/CMakeFiles/fstat.dir/__/extrans.cpp.o
2026-09-07T17:57:21.5518509Z In file included from /home/runner/work/PocketKrKr/PocketKrKr/cpp/plugins/extrans.cpp:1:
2026-09-07T17:57:21.5522856Z /home/runner/work/PocketKrKr/PocketKrKr/cpp/core/plugin/ncbind.hpp: In static member function ‘static ncbTypeConvertor::Conversion<FROM, TO>::OK ncbTypeConvertor::Conversion<FROM, TO>::check(TO)’:
2026-09-07T17:57:21.5525681Z /home/runner/work/PocketKrKr/PocketKrKr/cpp/core/plugin/ncbind.hpp:244:38: warning: no return statement in function returning non-void [-Wreturn-type]
2026-09-07T17:57:21.5527141Z   244 |                 static OK check(TO) {};
2026-09-07T17:57:21.5527895Z       |                                      ^
2026-09-07T17:57:22.7832838Z [253/741] Building CXX object cpp/plugins/fstat/CMakeFiles/fstat.dir/__/textrender.cpp.o
2026-09-07T17:57:22.7836586Z In file included from /home/runner/work/PocketKrKr/PocketKrKr/cpp/plugins/textrender.cpp:10:
2026-09-07T17:57:22.7839214Z /home/runner/work/PocketKrKr/PocketKrKr/cpp/core/plugin/ncbind.hpp: In static member function ‘static ncbTypeConvertor::Conversion<FROM, TO>::OK ncbTypeConvertor::Conversion<FROM, TO>::check(TO)’:
2026-09-07T17:57:22.7841510Z /home/runner/work/PocketKrKr/PocketKrKr/cpp/core/plugin/ncbind.hpp:244:38: warning: no return statement in function returning non-void [-Wreturn-type]
2026-09-07T17:57:22.7842997Z   244 |                 static OK check(TO) {};
2026-09-07T17:57:22.7843747Z       |                                      ^
2026-09-07T17:57:23.0323850Z [254/741] Building CXX object cpp/plugins/fstat/CMakeFiles/fstat.dir/__/alphamovie.cpp.o
2026-09-07T17:57:23.0366151Z In file included from /home/runner/work/PocketKrKr/PocketKrKr/cpp/plugins/alphamovie.cpp:10:
2026-09-07T17:57:23.0369260Z /home/runner/work/PocketKrKr/PocketKrKr/cpp/core/plugin/ncbind.hpp: In static member function ‘static ncbTypeConvertor::Conversion<FROM, TO>::OK ncbTypeConvertor::Conversion<FROM, TO>::check(TO)’:
2026-09-07T17:57:23.0386628Z /home/runner/work/PocketKrKr/PocketKrKr/cpp/core/plugin/ncbind.hpp:244:38: warning: no return statement in function returning non-void [-Wreturn-type]
2026-09-07T17:57:23.0415996Z   244 |                 static OK check(TO) {};
2026-09-07T17:57:23.0436226Z       |                                      ^
2026-09-07T17:57:23.7616842Z [255/741] Building CXX object cpp/plugins/fstat/CMakeFiles/fstat.dir/__/layerExBTOA.cpp.o
2026-09-07T17:57:23.7618647Z In file included from /home/runner/work/PocketKrKr/PocketKrKr/cpp/plugins/layerExBTOA.cpp:4:
2026-09-07T17:57:23.7621890Z /home/runner/work/PocketKrKr/PocketKrKr/cpp/core/plugin/ncbind.hpp: In static member function ‘static ncbTypeConvertor::Conversion<FROM, TO>::OK ncbTypeConvertor::Conversion<FROM, TO>::check(TO)’:
2026-09-07T17:57:23.7624382Z /home/runner/work/PocketKrKr/PocketKrKr/cpp/core/plugin/ncbind.hpp:244:38: warning: no return statement in function returning non-void [-Wreturn-type]
2026-09-07T17:57:23.7626665Z   244 |                 static OK check(TO) {};
2026-09-07T17:57:23.7627395Z       |                                      ^
2026-09-07T17:57:24.0386799Z [256/741] Building CXX object cpp/plugins/fstat/CMakeFiles/fstat.dir/__/layerExImage.cpp.o
2026-09-07T17:57:24.0416351Z In file included from /home/runner/work/PocketKrKr/PocketKrKr/cpp/plugins/layerExImage.cpp:5:
2026-09-07T17:57:24.0437618Z /home/runner/work/PocketKrKr/PocketKrKr/cpp/core/plugin/ncbind.hpp: In static member function ‘static ncbTypeConvertor::Conversion<FROM, TO>::OK ncbTypeConvertor::Conversion<FROM, TO>::check(TO)’:
2026-09-07T17:57:24.0439913Z /home/runner/work/PocketKrKr/PocketKrKr/cpp/core/plugin/ncbind.hpp:244:38: warning: no return statement in function returning non-void [-Wreturn-type]
2026-09-07T17:57:24.0441222Z   244 |                 static OK check(TO) {};
2026-09-07T17:57:24.0455928Z       |                                      ^
2026-09-07T17:57:25.1976508Z [257/741] Building CXX object cpp/plugins/fstat/CMakeFiles/fstat.dir/__/layerExRaster.cpp.o
2026-09-07T17:57:25.2006326Z In file included from /home/runner/work/PocketKrKr/PocketKrKr/cpp/plugins/layerExRaster.cpp:4:
2026-09-07T17:57:25.2028211Z /home/runner/work/PocketKrKr/PocketKrKr/cpp/core/plugin/ncbind.hpp: In static member function ‘static ncbTypeConvertor::Conversion<FROM, TO>::OK ncbTypeConvertor::Conversion<FROM, TO>::check(TO)’:
2026-09-07T17:57:25.2036894Z /home/runner/work/PocketKrKr/PocketKrKr/cpp/core/plugin/ncbind.hpp:244:38: warning: no return statement in function returning non-void [-Wreturn-type]
2026-09-07T17:57:25.2062434Z   244 |                 static OK check(TO) {};
2026-09-07T17:57:25.2086223Z       |                                      ^
2026-09-07T17:57:25.2736633Z [258/741] Building CXX object cpp/plugins/fstat/CMakeFiles/fstat.dir/__/layerExAreaAverage.cpp.o
2026-09-07T17:57:25.2766192Z In file included from /home/runner/work/PocketKrKr/PocketKrKr/cpp/plugins/layerExAreaAverage.cpp:4:
2026-09-07T17:57:25.2797495Z /home/runner/work/PocketKrKr/PocketKrKr/cpp/core/plugin/ncbind.hpp: In static member function ‘static ncbTypeConvertor::Conversion<FROM, TO>::OK ncbTypeConvertor::Conversion<FROM, TO>::check(TO)’:
2026-09-07T17:57:25.2806469Z /home/runner/work/PocketKrKr/PocketKrKr/cpp/core/plugin/ncbind.hpp:244:38: warning: no return statement in function returning non-void [-Wreturn-type]
2026-09-07T17:57:25.2835935Z   244 |                 static OK check(TO) {};
2026-09-07T17:57:25.2836775Z       |                                      ^
2026-09-07T17:57:26.0686551Z [259/741] Building CXX object cpp/plugins/fstat/CMakeFiles/fstat.dir/__/layerExLongExposure.cpp.o
2026-09-07T17:57:26.0696323Z In file included from /home/runner/work/PocketKrKr/PocketKrKr/cpp/plugins/layerExLongExposure.cpp:4:
2026-09-07T17:57:26.0727551Z /home/runner/work/PocketKrKr/PocketKrKr/cpp/core/plugin/ncbind.hpp: In static member function ‘static ncbTypeConvertor::Conversion<FROM, TO>::OK ncbTypeConvertor::Conversion<FROM, TO>::check(TO)’:
2026-09-07T17:57:26.0746512Z /home/runner/work/PocketKrKr/PocketKrKr/cpp/core/plugin/ncbind.hpp:244:38: warning: no return statement in function returning non-void [-Wreturn-type]
2026-09-07T17:57:26.0747778Z   244 |                 static OK check(TO) {};
2026-09-07T17:57:26.0748320Z       |                                      ^
2026-09-07T17:57:28.0116446Z [260/741] Building CXX object cpp/plugins/fstat/CMakeFiles/fstat.dir/__/drawDeviceD2DCompat.cpp.o
2026-09-07T17:57:28.0130935Z In file included from /home/runner/work/PocketKrKr/PocketKrKr/cpp/plugins/drawDeviceD2DCompat.cpp:3:
2026-09-07T17:57:28.0158759Z /home/runner/work/PocketKrKr/PocketKrKr/cpp/core/plugin/ncbind.hpp: In static member function ‘static ncbTypeConvertor::Conversion<FROM, TO>::OK ncbTypeConvertor::Conversion<FROM, TO>::check(TO)’:
2026-09-07T17:57:28.0186611Z /home/runner/work/PocketKrKr/PocketKrKr/cpp/core/plugin/ncbind.hpp:244:38: warning: no return statement in function returning non-void [-Wreturn-type]
2026-09-07T17:57:28.0205865Z   244 |                 static OK check(TO) {};
2026-09-07T17:57:28.0235778Z       |                                      ^
2026-09-07T17:57:28.2119687Z [261/741] Building CXX object cpp/plugins/fstat/CMakeFiles/fstat.dir/__/krkrgles.cpp.o
2026-09-07T17:57:28.2146086Z In file included from /home/runner/work/PocketKrKr/PocketKrKr/cpp/plugins/krkrgles.cpp:2:
2026-09-07T17:57:28.2177332Z /home/runner/work/PocketKrKr/PocketKrKr/cpp/core/plugin/ncbind.hpp: In static member function ‘static ncbTypeConvertor::Conversion<FROM, TO>::OK ncbTypeConvertor::Conversion<FROM, TO>::check(TO)’:
2026-09-07T17:57:28.2206561Z /home/runner/work/PocketKrKr/PocketKrKr/cpp/core/plugin/ncbind.hpp:244:38: warning: no return statement in function returning non-void [-Wreturn-type]
2026-09-07T17:57:28.2235674Z   244 |                 static OK check(TO) {};
2026-09-07T17:57:28.2245818Z       |                                      ^
2026-09-07T17:57:28.2782252Z [262/741] Building CXX object cpp/plugins/fstat/CMakeFiles/fstat.dir/__/wfBasicEffectCompat.cpp.o
2026-09-07T17:57:28.2783866Z In file included from /home/runner/work/PocketKrKr/PocketKrKr/cpp/plugins/wfBasicEffectCompat.cpp:3:
2026-09-07T17:57:28.2786914Z /home/runner/work/PocketKrKr/PocketKrKr/cpp/core/plugin/ncbind.hpp: In static member function ‘static ncbTypeConvertor::Conversion<FROM, TO>::OK ncbTypeConvertor::Conversion<FROM, TO>::check(TO)’:
2026-09-07T17:57:28.2789496Z /home/runner/work/PocketKrKr/PocketKrKr/cpp/core/plugin/ncbind.hpp:244:38: warning: no return statement in function returning non-void [-Wreturn-type]
2026-09-07T17:57:28.2790954Z   244 |                 static OK check(TO) {};
2026-09-07T17:57:28.2791687Z       |                                      ^
2026-09-07T17:57:28.5546648Z [263/741] Building CXX object cpp/plugins/fstat/CMakeFiles/fstat.dir/__/wfTypicalDSPCompat.cpp.o
2026-09-07T17:57:28.5576025Z In file included from /home/runner/work/PocketKrKr/PocketKrKr/cpp/plugins/wfTypicalDSPCompat.cpp:3:
2026-09-07T17:57:28.5607324Z /home/runner/work/PocketKrKr/PocketKrKr/cpp/core/plugin/ncbind.hpp: In static member function ‘static ncbTypeConvertor::Conversion<FROM, TO>::OK ncbTypeConvertor::Conversion<FROM, TO>::check(TO)’:
2026-09-07T17:57:28.5609590Z /home/runner/work/PocketKrKr/PocketKrKr/cpp/core/plugin/ncbind.hpp:244:38: warning: no return statement in function returning non-void [-Wreturn-type]
2026-09-07T17:57:28.5610854Z   244 |                 static OK check(TO) {};
2026-09-07T17:57:28.5611378Z       |                                      ^
2026-09-07T17:57:31.3796646Z [264/741] Building CXX object cpp/plugins/fstat/CMakeFiles/fstat.dir/__/psdfile/main.cpp.o
2026-09-07T17:57:31.3806285Z In file included from /home/runner/work/PocketKrKr/PocketKrKr/cpp/plugins/psdfile/psdparse/psddata.h:5,
2026-09-07T17:57:31.3846177Z                  from /home/runner/work/PocketKrKr/PocketKrKr/cpp/plugins/psdfile/psdparse/psdfile.h:4,
2026-09-07T17:57:31.3850754Z                  from /home/runner/work/PocketKrKr/PocketKrKr/cpp/plugins/psdfile/psdclass.h:9,
2026-09-07T17:57:31.3852243Z                  from /home/runner/work/PocketKrKr/PocketKrKr/cpp/plugins/psdfile/main.cpp:5:
2026-09-07T17:57:31.3853979Z /home/runner/work/PocketKrKr/PocketKrKr/cpp/plugins/psdfile/psdparse/psddesc.h:17:26: warning: multi-character character constant [-Wmultichar]
2026-09-07T17:57:31.3855691Z    17 |         TYPE_REFERENCE = 'obj ',
2026-09-07T17:57:31.3856436Z       |                          ^~~~~~
2026-09-07T17:57:31.3857815Z /home/runner/work/PocketKrKr/PocketKrKr/cpp/plugins/psdfile/psdparse/psddesc.h:18:27: warning: multi-character character constant [-Wmultichar]
2026-09-07T17:57:31.3859281Z    18 |         TYPE_DESCRIPTOR = 'Objc',
2026-09-07T17:57:31.3860207Z       |                           ^~~~~~
2026-09-07T17:57:31.3861637Z /home/runner/work/PocketKrKr/PocketKrKr/cpp/plugins/psdfile/psdparse/psddesc.h:19:21: warning: multi-character character constant [-Wmultichar]
2026-09-07T17:57:31.3863039Z    19 |         TYPE_LIST = 'VlLs',
2026-09-07T17:57:31.3864018Z       |                     ^~~~~~
2026-09-07T17:57:31.3865650Z /home/runner/work/PocketKrKr/PocketKrKr/cpp/plugins/psdfile/psdparse/psddesc.h:20:23: warning: multi-character character constant [-Wmultichar]
2026-09-07T17:57:31.3867108Z    20 |         TYPE_DOUBLE = 'doub',
2026-09-07T17:57:31.3867732Z       |                       ^~~~~~
2026-09-07T17:57:31.3869103Z /home/runner/work/PocketKrKr/PocketKrKr/cpp/plugins/psdfile/psdparse/psddesc.h:21:27: warning: multi-character character constant [-Wmultichar]
2026-09-07T17:57:31.3870554Z    21 |         TYPE_UNIT_FLOAT = 'UntF',
2026-09-07T17:57:31.3871249Z       |                           ^~~~~~
2026-09-07T17:57:31.3872612Z /home/runner/work/PocketKrKr/PocketKrKr/cpp/plugins/psdfile/psdparse/psddesc.h:22:23: warning: multi-character character constant [-Wmultichar]
2026-09-07T17:57:31.3874113Z    22 |         TYPE_STRING = 'TEXT',
2026-09-07T17:57:31.3874765Z       |                       ^~~~~~
2026-09-07T17:57:31.3876580Z /home/runner/work/PocketKrKr/PocketKrKr/cpp/plugins/psdfile/psdparse/psddesc.h:23:27: warning: multi-character character constant [-Wmultichar]
2026-09-07T17:57:31.3878043Z    23 |         TYPE_ENUMERATED = 'enum',
2026-09-07T17:57:31.3878873Z       |                           ^~~~~~
2026-09-07T17:57:31.3880251Z /home/runner/work/PocketKrKr/PocketKrKr/cpp/plugins/psdfile/psdparse/psddesc.h:24:24: warning: multi-character character constant [-Wmultichar]
2026-09-07T17:57:31.3881754Z    24 |         TYPE_INTEGER = 'long',
2026-09-07T17:57:31.3882407Z       |                        ^~~~~~
2026-09-07T17:57:31.3883788Z /home/runner/work/PocketKrKr/PocketKrKr/cpp/plugins/psdfile/psdparse/psddesc.h:25:24: warning: multi-character character constant [-Wmultichar]
2026-09-07T17:57:31.3885569Z    25 |         TYPE_BOOLEAN = 'bool',
2026-09-07T17:57:31.3886317Z       |                        ^~~~~~
2026-09-07T17:57:31.3887638Z /home/runner/work/PocketKrKr/PocketKrKr/cpp/plugins/psdfile/psdparse/psddesc.h:26:30: warning: multi-character character constant [-Wmultichar]
2026-09-07T17:57:31.3889143Z    26 |         TYPE_GLOBAL_OBJECT = 'GlbO',
2026-09-07T17:57:31.3889829Z       |                              ^~~~~~
2026-09-07T17:57:31.3891330Z /home/runner/work/PocketKrKr/PocketKrKr/cpp/plugins/psdfile/psdparse/psddesc.h:27:23: warning: multi-character character constant [-Wmultichar]
2026-09-07T17:57:31.3892763Z    27 |         TYPE_CLASS1 = 'type',
2026-09-07T17:57:31.3893417Z       |                       ^~~~~~
2026-09-07T17:57:31.3894714Z /home/runner/work/PocketKrKr/PocketKrKr/cpp/plugins/psdfile/psdparse/psddesc.h:28:23: warning: multi-character character constant [-Wmultichar]
2026-09-07T17:57:31.3896568Z    28 |         TYPE_CLASS2 = 'GlbC',
2026-09-07T17:57:31.3897193Z       |                       ^~~~~~
2026-09-07T17:57:31.3898573Z /home/runner/work/PocketKrKr/PocketKrKr/cpp/plugins/psdfile/psdparse/psddesc.h:29:22: warning: multi-character character constant [-Wmultichar]
2026-09-07T17:57:31.3899969Z    29 |         TYPE_ALIAS = 'alis',
2026-09-07T17:57:31.3900613Z       |                      ^~~~~~
2026-09-07T17:57:31.3901933Z /home/runner/work/PocketKrKr/PocketKrKr/cpp/plugins/psdfile/psdparse/psddesc.h:30:25: warning: multi-character character constant [-Wmultichar]
2026-09-07T17:57:31.3903327Z    30 |         TYPE_RAW_DATA = 'tdta',
2026-09-07T17:57:31.3903925Z       |                         ^~~~~~
2026-09-07T17:57:31.3905597Z /home/runner/work/PocketKrKr/PocketKrKr/cpp/plugins/psdfile/psdparse/psddesc.h:34:23: warning: multi-character character constant [-Wmultichar]
2026-09-07T17:57:31.3907121Z    34 |         UNIT_POINTS = '#Pnt',
2026-09-07T17:57:31.3907844Z       |                       ^~~~~~
2026-09-07T17:57:31.3909506Z /home/runner/work/PocketKrKr/PocketKrKr/cpp/plugins/psdfile/psdparse/psddesc.h:35:28: warning: multi-character character constant [-Wmultichar]
2026-09-07T17:57:31.3911061Z    35 |         UNIT_MILLIMETERS = '#Mlm',
2026-09-07T17:57:31.3911816Z       |                            ^~~~~~
2026-09-07T17:57:31.3913668Z /home/runner/work/PocketKrKr/PocketKrKr/cpp/plugins/psdfile/psdparse/psddesc.h:36:22: warning: multi-character character constant [-Wmultichar]
2026-09-07T17:57:31.3915155Z    36 |         UNIT_ANGLE = '#Ang', // degrees
2026-09-07T17:57:31.3916169Z       |                      ^~~~~~
2026-09-07T17:57:31.3917518Z /home/runner/work/PocketKrKr/PocketKrKr/cpp/plugins/psdfile/psdparse/psddesc.h:37:24: warning: multi-character character constant [-Wmultichar]
2026-09-07T17:57:31.3919085Z    37 |         UNIT_DENSITY = '#Rsl', // base per inch
2026-09-07T17:57:31.3919824Z       |                        ^~~~~~
2026-09-07T17:57:31.3921269Z /home/runner/work/PocketKrKr/PocketKrKr/cpp/plugins/psdfile/psdparse/psddesc.h:38:25: warning: multi-character character constant [-Wmultichar]
2026-09-07T17:57:31.3922742Z    38 |         UNIT_DISTANCE = '#Rlt', // base 72ppi
2026-09-07T17:57:31.3923500Z       |                         ^~~~~~
2026-09-07T17:57:31.3924836Z /home/runner/work/PocketKrKr/PocketKrKr/cpp/plugins/psdfile/psdparse/psddesc.h:39:21: warning: multi-character character constant [-Wmultichar]
2026-09-07T17:57:31.3926633Z    39 |         UNIT_NONE = '#Nne',
2026-09-07T17:57:31.3927377Z       |                     ^~~~~~
2026-09-07T17:57:31.3928781Z /home/runner/work/PocketKrKr/PocketKrKr/cpp/plugins/psdfile/psdparse/psddesc.h:40:24: warning: multi-character character constant [-Wmultichar]
2026-09-07T17:57:31.3930351Z    40 |         UNIT_PERCENT = '#Prc',
2026-09-07T17:57:31.3931199Z       |                        ^~~~~~
2026-09-07T17:57:31.3932614Z /home/runner/work/PocketKrKr/PocketKrKr/cpp/plugins/psdfile/psdparse/psddesc.h:41:23: warning: multi-character character constant [-Wmultichar]
2026-09-07T17:57:31.3934173Z    41 |         UNIT_PIXELS = '#Pxl',
2026-09-07T17:57:31.3934877Z       |                       ^~~~~~
2026-09-07T17:57:31.3936647Z /home/runner/work/PocketKrKr/PocketKrKr/cpp/plugins/psdfile/psdparse/psddesc.h:46:29: warning: multi-character character constant [-Wmultichar]
2026-09-07T17:57:31.3938091Z    46 |         REF_TYPE_PROPERTY = 'prop',
2026-09-07T17:57:31.3938793Z       |                             ^~~~~~
2026-09-07T17:57:31.3940138Z /home/runner/work/PocketKrKr/PocketKrKr/cpp/plugins/psdfile/psdparse/psddesc.h:47:26: warning: multi-character character constant [-Wmultichar]
2026-09-07T17:57:31.3941635Z    47 |         REF_TYPE_CLASS = 'Clss',
2026-09-07T17:57:31.3942291Z       |                          ^~~~~~
2026-09-07T17:57:31.3943728Z /home/runner/work/PocketKrKr/PocketKrKr/cpp/plugins/psdfile/psdparse/psddesc.h:48:29: warning: multi-character character constant [-Wmultichar]
2026-09-07T17:57:31.3945500Z    48 |         REF_TYPE_ENUM_REF = 'Enmr',
2026-09-07T17:57:31.3946278Z       |                             ^~~~~~
2026-09-07T17:57:31.3947690Z /home/runner/work/PocketKrKr/PocketKrKr/cpp/plugins/psdfile/psdparse/psddesc.h:49:27: warning: multi-character character constant [-Wmultichar]
2026-09-07T17:57:31.3949232Z    49 |         REF_TYPE_OFFSET = 'rele',
2026-09-07T17:57:31.3949923Z       |                           ^~~~~~
2026-09-07T17:57:31.3951344Z /home/runner/work/PocketKrKr/PocketKrKr/cpp/plugins/psdfile/psdparse/psddesc.h:50:31: warning: multi-character character constant [-Wmultichar]
2026-09-07T17:57:31.3952803Z    50 |         REF_TYPE_IDENTIFIER = 'Idnt',
2026-09-07T17:57:31.3953543Z       |                               ^~~~~~
2026-09-07T17:57:31.3954890Z /home/runner/work/PocketKrKr/PocketKrKr/cpp/plugins/psdfile/psdparse/psddesc.h:51:26: warning: multi-character character constant [-Wmultichar]
2026-09-07T17:57:31.3956656Z    51 |         REF_TYPE_INDEX = 'indx',
2026-09-07T17:57:31.3957326Z       |                          ^~~~~~
2026-09-07T17:57:31.3959058Z /home/runner/work/PocketKrKr/PocketKrKr/cpp/plugins/psdfile/psdparse/psddesc.h:52:25: warning: multi-character character constant [-Wmultichar]
2026-09-07T17:57:31.3960559Z    52 |         REF_TYPE_NAME = 'name',
2026-09-07T17:57:31.3961241Z       |                         ^~~~~~
2026-09-07T17:57:31.3962648Z In file included from /home/runner/work/PocketKrKr/PocketKrKr/cpp/plugins/psdfile/psdparse/psdfile.h:4,
2026-09-07T17:57:31.3964156Z                  from /home/runner/work/PocketKrKr/PocketKrKr/cpp/plugins/psdfile/psdclass.h:9,
2026-09-07T17:57:31.3965717Z                  from /home/runner/work/PocketKrKr/PocketKrKr/cpp/plugins/psdfile/main.cpp:5:
2026-09-07T17:57:31.3967526Z /home/runner/work/PocketKrKr/PocketKrKr/cpp/plugins/psdfile/psdparse/psddata.h:113:18: warning: multi-character character constant [-Wmultichar]
2026-09-07T17:57:31.3969006Z   113 |             case 'norm':
2026-09-07T17:57:31.3969706Z       |                  ^~~~~~
2026-09-07T17:57:31.3971069Z /home/runner/work/PocketKrKr/PocketKrKr/cpp/plugins/psdfile/psdparse/psddata.h:115:18: warning: multi-character character constant [-Wmultichar]
2026-09-07T17:57:31.3972572Z   115 |             case 'diss':
2026-09-07T17:57:31.3973207Z       |                  ^~~~~~
2026-09-07T17:57:31.3974622Z /home/runner/work/PocketKrKr/PocketKrKr/cpp/plugins/psdfile/psdparse/psddata.h:117:18: warning: multi-character character constant [-Wmultichar]
2026-09-07T17:57:31.3976188Z   117 |             case 'dark':
2026-09-07T17:57:31.3995897Z       |                  ^~~~~~
2026-09-07T17:57:31.3997448Z /home/runner/work/PocketKrKr/PocketKrKr/cpp/plugins/psdfile/psdparse/psddata.h:119:18: warning: multi-character character constant [-Wmultichar]
2026-09-07T17:57:31.4025777Z   119 |             case 'mul ':
2026-09-07T17:57:31.4055842Z       |                  ^~~~~~
2026-09-07T17:57:31.4086381Z /home/runner/work/PocketKrKr/PocketKrKr/cpp/plugins/psdfile/psdparse/psddata.h:121:18: warning: multi-character character constant [-Wmultichar]
2026-09-07T17:57:31.4087632Z   121 |             case 'idiv':
2026-09-07T17:57:31.4115900Z       |                  ^~~~~~
2026-09-07T17:57:31.4146416Z /home/runner/work/PocketKrKr/PocketKrKr/cpp/plugins/psdfile/psdparse/psddata.h:123:18: warning: multi-character character constant [-Wmultichar]
2026-09-07T17:57:31.4175704Z   123 |             case 'lbrn':
2026-09-07T17:57:31.4205692Z       |                  ^~~~~~
2026-09-07T17:57:31.4236404Z /home/runner/work/PocketKrKr/PocketKrKr/cpp/plugins/psdfile/psdparse/psddata.h:125:18: warning: multi-character character constant [-Wmultichar]
2026-09-07T17:57:31.4265663Z   125 |             case 'dkCl':
2026-09-07T17:57:31.4295712Z       |                  ^~~~~~
2026-09-07T17:57:31.4326517Z /home/runner/work/PocketKrKr/PocketKrKr/cpp/plugins/psdfile/psdparse/psddata.h:127:18: warning: multi-character character constant [-Wmultichar]
2026-09-07T17:57:31.4355639Z   127 |             case 'lite':
2026-09-07T17:57:31.4385588Z       |                  ^~~~~~
2026-09-07T17:57:31.4408248Z /home/runner/work/PocketKrKr/PocketKrKr/cpp/plugins/psdfile/psdparse/psddata.h:129:18: warning: multi-character character constant [-Wmultichar]
2026-09-07T17:57:31.4435788Z   129 |             case 'scrn':
2026-09-07T17:57:31.4436260Z       |                  ^~~~~~
2026-09-07T17:57:31.4437438Z /home/runner/work/PocketKrKr/PocketKrKr/cpp/plugins/psdfile/psdparse/psddata.h:131:18: warning: multi-character character constant [-Wmultichar]
2026-09-07T17:57:31.4438642Z   131 |             case 'div ':
2026-09-07T17:57:31.4439074Z       |                  ^~~~~~
2026-09-07T17:57:31.4440208Z /home/runner/work/PocketKrKr/PocketKrKr/cpp/plugins/psdfile/psdparse/psddata.h:133:18: warning: multi-character character constant [-Wmultichar]
2026-09-07T17:57:31.4441403Z   133 |             case 'lddg':
2026-09-07T17:57:31.4441823Z       |                  ^~~~~~
2026-09-07T17:57:31.4443246Z /home/runner/work/PocketKrKr/PocketKrKr/cpp/plugins/psdfile/psdparse/psddata.h:135:18: warning: multi-character character constant [-Wmultichar]
2026-09-07T17:57:31.4444460Z   135 |             case 'ltCl':
2026-09-07T17:57:31.4444892Z       |                  ^~~~~~
2026-09-07T17:57:31.4446207Z /home/runner/work/PocketKrKr/PocketKrKr/cpp/plugins/psdfile/psdparse/psddata.h:137:18: warning: multi-character character constant [-Wmultichar]
2026-09-07T17:57:31.4447625Z   137 |             case 'over':
2026-09-07T17:57:31.4448054Z       |                  ^~~~~~
2026-09-07T17:57:31.4449161Z /home/runner/work/PocketKrKr/PocketKrKr/cpp/plugins/psdfile/psdparse/psddata.h:139:18: warning: multi-character character constant [-Wmultichar]
2026-09-07T17:57:31.4450348Z   139 |             case 'sLit':
2026-09-07T17:57:31.4450767Z       |                  ^~~~~~
2026-09-07T17:57:31.4451896Z /home/runner/work/PocketKrKr/PocketKrKr/cpp/plugins/psdfile/psdparse/psddata.h:141:18: warning: multi-character character constant [-Wmultichar]
2026-09-07T17:57:31.4475600Z   141 |             case 'hLit':
2026-09-07T17:57:31.4505552Z       |                  ^~~~~~
2026-09-07T17:57:31.4536253Z /home/runner/work/PocketKrKr/PocketKrKr/cpp/plugins/psdfile/psdparse/psddata.h:143:18: warning: multi-character character constant [-Wmultichar]
2026-09-07T17:57:31.4565581Z   143 |             case 'vLit':
2026-09-07T17:57:31.4595748Z       |                  ^~~~~~
2026-09-07T17:57:31.4626407Z /home/runner/work/PocketKrKr/PocketKrKr/cpp/plugins/psdfile/psdparse/psddata.h:145:18: warning: multi-character character constant [-Wmultichar]
2026-09-07T17:57:31.4655870Z   145 |             case 'lLit':
2026-09-07T17:57:31.4685759Z       |                  ^~~~~~
2026-09-07T17:57:31.4716664Z /home/runner/work/PocketKrKr/PocketKrKr/cpp/plugins/psdfile/psdparse/psddata.h:147:18: warning: multi-character character constant [-Wmultichar]
2026-09-07T17:57:31.4745720Z   147 |             case 'pLit':
2026-09-07T17:57:31.4775637Z       |                  ^~~~~~
2026-09-07T17:57:31.4806376Z /home/runner/work/PocketKrKr/PocketKrKr/cpp/plugins/psdfile/psdparse/psddata.h:149:18: warning: multi-character character constant [-Wmultichar]
2026-09-07T17:57:31.4835650Z   149 |             case 'hMix':
2026-09-07T17:57:31.4865611Z       |                  ^~~~~~
2026-09-07T17:57:31.4896343Z /home/runner/work/PocketKrKr/PocketKrKr/cpp/plugins/psdfile/psdparse/psddata.h:151:18: warning: multi-character character constant [-Wmultichar]
2026-09-07T17:57:31.4915850Z   151 |             case 'diff':
2026-09-07T17:57:31.4955822Z       |                  ^~~~~~
2026-09-07T17:57:31.4986533Z /home/runner/work/PocketKrKr/PocketKrKr/cpp/plugins/psdfile/psdparse/psddata.h:153:18: warning: multi-character character constant [-Wmultichar]
2026-09-07T17:57:31.5015770Z   153 |             case 'smud':
2026-09-07T17:57:31.5045785Z       |                  ^~~~~~
2026-09-07T17:57:31.5073950Z /home/runner/work/PocketKrKr/PocketKrKr/cpp/plugins/psdfile/psdparse/psddata.h:155:18: warning: multi-character character constant [-Wmultichar]
2026-09-07T17:57:31.5096375Z   155 |             case 'fsub':
2026-09-07T17:57:31.5135960Z       |                  ^~~~~~
2026-09-07T17:57:31.5165944Z /home/runner/work/PocketKrKr/PocketKrKr/cpp/plugins/psdfile/psdparse/psddata.h:157:18: warning: multi-character character constant [-Wmultichar]
2026-09-07T17:57:31.5195946Z   157 |             case 'fdiv':
2026-09-07T17:57:31.5225727Z       |                  ^~~~~~
2026-09-07T17:57:31.5256493Z /home/runner/work/PocketKrKr/PocketKrKr/cpp/plugins/psdfile/psdparse/psddata.h:159:18: warning: multi-character character constant [-Wmultichar]
2026-09-07T17:57:31.5285748Z   159 |             case 'hue ':
2026-09-07T17:57:31.5315637Z       |                  ^~~~~~
2026-09-07T17:57:31.5346875Z /home/runner/work/PocketKrKr/PocketKrKr/cpp/plugins/psdfile/psdparse/psddata.h:161:18: warning: multi-character character constant [-Wmultichar]
2026-09-07T17:57:31.5375594Z   161 |             case 'sat ':
2026-09-07T17:57:31.5405606Z       |                  ^~~~~~
2026-09-07T17:57:31.5436799Z /home/runner/work/PocketKrKr/PocketKrKr/cpp/plugins/psdfile/psdparse/psddata.h:163:18: warning: multi-character character constant [-Wmultichar]
2026-09-07T17:57:31.5465624Z   163 |             case 'colr':
2026-09-07T17:57:31.5495597Z       |                  ^~~~~~
2026-09-07T17:57:31.5526340Z /home/runner/work/PocketKrKr/PocketKrKr/cpp/plugins/psdfile/psdparse/psddata.h:165:18: warning: multi-character character constant [-Wmultichar]
2026-09-07T17:57:31.5555606Z   165 |             case 'lum ':
2026-09-07T17:57:31.5585584Z       |                  ^~~~~~
2026-09-07T17:57:31.5616321Z /home/runner/work/PocketKrKr/PocketKrKr/cpp/plugins/psdfile/psdparse/psddata.h:167:18: warning: multi-character character constant [-Wmultichar]
2026-09-07T17:57:31.5645632Z   167 |             case 'pass':
2026-09-07T17:57:31.5675596Z       |                  ^~~~~~
2026-09-07T17:57:31.5705977Z In file included from /home/runner/work/PocketKrKr/PocketKrKr/cpp/plugins/psdfile/main.cpp:1:
2026-09-07T17:57:31.5737354Z /home/runner/work/PocketKrKr/PocketKrKr/cpp/core/plugin/ncbind.hpp: In static member function ‘static ncbTypeConvertor::Conversion<FROM, TO>::OK ncbTypeConvertor::Conversion<FROM, TO>::check(TO)’:
2026-09-07T17:57:31.5748077Z /home/runner/work/PocketKrKr/PocketKrKr/cpp/core/plugin/ncbind.hpp:244:38: warning: no return statement in function returning non-void [-Wreturn-type]
2026-09-07T17:57:31.5785657Z   244 |                 static OK check(TO) {};
2026-09-07T17:57:31.5815596Z       |                                      ^
2026-09-07T17:57:31.5845982Z In file included from /home/runner/work/PocketKrKr/PocketKrKr/cpp/plugins/psdfile/psdparse/psdfile.h:3,
2026-09-07T17:57:31.5875895Z                  from /home/runner/work/PocketKrKr/PocketKrKr/cpp/plugins/psdfile/psdclass.h:9,
2026-09-07T17:57:31.5905871Z                  from /home/runner/work/PocketKrKr/PocketKrKr/cpp/plugins/psdfile/main.cpp:5:
2026-09-07T17:57:31.5936791Z /home/runner/work/PocketKrKr/PocketKrKr/cpp/plugins/psdfile/psdparse/psddesc.h: In member function ‘virtual void psd::DescriptorReference::dump(int)’:
2026-09-07T17:57:31.5967244Z /home/runner/work/PocketKrKr/PocketKrKr/cpp/plugins/psdfile/psdparse/psddesc.h:234:20: warning: format ‘%d’ expects argument of type ‘int’, but argument 3 has type ‘std::vector<psd::ReferenceItem*>::size_type’ {aka ‘long unsigned int’} [-Wformat=]
2026-09-07T17:57:31.5995767Z   234 |             dprint("%s (count:%d)\n", typeName(), items.size());
2026-09-07T17:57:31.6025666Z       |                    ^~~~~~~~~~~~~~~~~              ~~~~~~~~~~~~
2026-09-07T17:57:31.6055667Z       |                                                             |
2026-09-07T17:57:31.6085930Z       |                                                             std::vector<psd::ReferenceItem*>::size_type {aka long unsigned int}
2026-09-07T17:57:31.6116439Z /home/runner/work/PocketKrKr/PocketKrKr/cpp/plugins/psdfile/psdparse/psdbase.h:7:28: note: in definition of macro ‘dprint’
2026-09-07T17:57:31.6145698Z     7 | #define dprint(...) printf(__VA_ARGS__);
2026-09-07T17:57:31.6149745Z       |                            ^~~~~~~~~~~
2026-09-07T17:57:31.6150658Z In file included from /home/runner/work/PocketKrKr/PocketKrKr/cpp/plugins/psdfile/psdparse/psddata.h:5,
2026-09-07T17:57:31.6151903Z                  from /home/runner/work/PocketKrKr/PocketKrKr/cpp/plugins/psdfile/psdparse/psdfile.h:4,
2026-09-07T17:57:31.6153085Z                  from /home/runner/work/PocketKrKr/PocketKrKr/cpp/plugins/psdfile/psdclass.h:9,
2026-09-07T17:57:31.6154223Z                  from /home/runner/work/PocketKrKr/PocketKrKr/cpp/plugins/psdfile/main.cpp:5:
2026-09-07T17:57:31.6206179Z /home/runner/work/PocketKrKr/PocketKrKr/cpp/plugins/psdfile/psdparse/psddesc.h:234:32: note: format string is defined here
2026-09-07T17:57:31.6235810Z   234 |             dprint("%s (count:%d)\n", typeName(), items.size());
2026-09-07T17:57:31.6265637Z       |                               ~^
2026-09-07T17:57:31.6285771Z       |                                |
2026-09-07T17:57:31.6325716Z       |                                int
2026-09-07T17:57:31.6356013Z       |                               %ld
2026-09-07T17:57:31.6386082Z In file included from /home/runner/work/PocketKrKr/PocketKrKr/cpp/plugins/psdfile/psdparse/psdfile.h:3,
2026-09-07T17:57:31.6415866Z                  from /home/runner/work/PocketKrKr/PocketKrKr/cpp/plugins/psdfile/psdclass.h:9,
2026-09-07T17:57:31.6445855Z                  from /home/runner/work/PocketKrKr/PocketKrKr/cpp/plugins/psdfile/main.cpp:5:
2026-09-07T17:57:31.6447765Z /home/runner/work/PocketKrKr/PocketKrKr/cpp/plugins/psdfile/psdparse/psddesc.h: In member function ‘virtual void psd::DescriptorList::dump(int)’:
2026-09-07T17:57:31.6450472Z /home/runner/work/PocketKrKr/PocketKrKr/cpp/plugins/psdfile/psdparse/psddesc.h:253:20: warning: format ‘%d’ expects argument of type ‘int’, but argument 3 has type ‘std::vector<psd::DescriptorItem*>::size_type’ {aka ‘long unsigned int’} [-Wformat=]
2026-09-07T17:57:31.6452229Z   253 |             dprint("%s (count:%d)\n", typeName(), items.size());
2026-09-07T17:57:31.6475684Z       |                    ^~~~~~~~~~~~~~~~~              ~~~~~~~~~~~~
2026-09-07T17:57:31.6476242Z       |                                                             |
2026-09-07T17:57:31.6477018Z       |                                                             std::vector<psd::DescriptorItem*>::size_type {aka long unsigned int}
2026-09-07T17:57:31.6478468Z /home/runner/work/PocketKrKr/PocketKrKr/cpp/plugins/psdfile/psdparse/psdbase.h:7:28: note: in definition of macro ‘dprint’
2026-09-07T17:57:31.6479467Z     7 | #define dprint(...) printf(__VA_ARGS__);
2026-09-07T17:57:31.6479926Z       |                            ^~~~~~~~~~~
2026-09-07T17:57:31.6480725Z In file included from /home/runner/work/PocketKrKr/PocketKrKr/cpp/plugins/psdfile/psdparse/psddata.h:5,
2026-09-07T17:57:31.6481837Z                  from /home/runner/work/PocketKrKr/PocketKrKr/cpp/plugins/psdfile/psdparse/psdfile.h:4,
2026-09-07T17:57:31.6482825Z                  from /home/runner/work/PocketKrKr/PocketKrKr/cpp/plugins/psdfile/psdclass.h:9,
2026-09-07T17:57:31.6483769Z                  from /home/runner/work/PocketKrKr/PocketKrKr/cpp/plugins/psdfile/main.cpp:5:
2026-09-07T17:57:31.6484961Z /home/runner/work/PocketKrKr/PocketKrKr/cpp/plugins/psdfile/psdparse/psddesc.h:253:32: note: format string is defined here
2026-09-07T17:57:31.6486243Z   253 |             dprint("%s (count:%d)\n", typeName(), items.size());
2026-09-07T17:57:31.6486787Z       |                               ~^
2026-09-07T17:57:31.6487201Z       |                                |
2026-09-07T17:57:31.6487598Z       |                                int
2026-09-07T17:57:31.6488006Z       |                               %ld
2026-09-07T17:57:31.6488760Z [265/741] Building CXX object cpp/plugins/fstat/CMakeFiles/fstat.dir/__/psdfile/psdclass_loadmem.cpp.o
2026-09-07T17:57:31.6489937Z In file included from /home/runner/work/PocketKrKr/PocketKrKr/cpp/plugins/psdfile/psdparse/psddata.h:5,
2026-09-07T17:57:31.6515918Z                  from /home/runner/work/PocketKrKr/PocketKrKr/cpp/plugins/psdfile/psdparse/psdfile.h:4,
2026-09-07T17:57:31.6545860Z                  from /home/runner/work/PocketKrKr/PocketKrKr/cpp/plugins/psdfile/psdclass.h:9,
2026-09-07T17:57:31.6576043Z                  from /home/runner/work/PocketKrKr/PocketKrKr/cpp/plugins/psdfile/psdclass_loadmem.cpp:1:
2026-09-07T17:57:31.6606353Z /home/runner/work/PocketKrKr/PocketKrKr/cpp/plugins/psdfile/psdparse/psddesc.h:17:26: warning: multi-character character constant [-Wmultichar]
2026-09-07T17:57:31.6635635Z    17 |         TYPE_REFERENCE = 'obj ',
2026-09-07T17:57:31.6665656Z       |                          ^~~~~~
2026-09-07T17:57:31.6696231Z /home/runner/work/PocketKrKr/PocketKrKr/cpp/plugins/psdfile/psdparse/psddesc.h:18:27: warning: multi-character character constant [-Wmultichar]
2026-09-07T17:57:31.6725666Z    18 |         TYPE_DESCRIPTOR = 'Objc',
2026-09-07T17:57:31.6755593Z       |                           ^~~~~~
2026-09-07T17:57:31.6786547Z /home/runner/work/PocketKrKr/PocketKrKr/cpp/plugins/psdfile/psdparse/psddesc.h:19:21: warning: multi-character character constant [-Wmultichar]
2026-09-07T17:57:31.6815775Z    19 |         TYPE_LIST = 'VlLs',
2026-09-07T17:57:31.6845647Z       |                     ^~~~~~
2026-09-07T17:57:31.6876318Z /home/runner/work/PocketKrKr/PocketKrKr/cpp/plugins/psdfile/psdparse/psddesc.h:20:23: warning: multi-character character constant [-Wmultichar]
2026-09-07T17:57:31.6905770Z    20 |         TYPE_DOUBLE = 'doub',
2026-09-07T17:57:31.6935614Z       |                       ^~~~~~
2026-09-07T17:57:31.6966222Z /home/runner/work/PocketKrKr/PocketKrKr/cpp/plugins/psdfile/psdparse/psddesc.h:21:27: warning: multi-character character constant [-Wmultichar]
2026-09-07T17:57:31.7002474Z    21 |         TYPE_UNIT_FLOAT = 'UntF',
2026-09-07T17:57:31.7025606Z       |                           ^~~~~~
2026-09-07T17:57:31.7056187Z /home/runner/work/PocketKrKr/PocketKrKr/cpp/plugins/psdfile/psdparse/psddesc.h:22:23: warning: multi-character character constant [-Wmultichar]
2026-09-07T17:57:31.7075818Z    22 |         TYPE_STRING = 'TEXT',
2026-09-07T17:57:31.7115649Z       |                       ^~~~~~
2026-09-07T17:57:31.7129687Z /home/runner/work/PocketKrKr/PocketKrKr/cpp/plugins/psdfile/psdparse/psddesc.h:23:27: warning: multi-character character constant [-Wmultichar]
2026-09-07T17:57:31.7175926Z    23 |         TYPE_ENUMERATED = 'enum',
2026-09-07T17:57:31.7205755Z       |                           ^~~~~~
2026-09-07T17:57:31.7236562Z /home/runner/work/PocketKrKr/PocketKrKr/cpp/plugins/psdfile/psdparse/psddesc.h:24:24: warning: multi-character character constant [-Wmultichar]
2026-09-07T17:57:31.7265720Z    24 |         TYPE_INTEGER = 'long',
2026-09-07T17:57:31.7295716Z       |                        ^~~~~~
2026-09-07T17:57:31.7326458Z /home/runner/work/PocketKrKr/PocketKrKr/cpp/plugins/psdfile/psdparse/psddesc.h:25:24: warning: multi-character character constant [-Wmultichar]
2026-09-07T17:57:31.7355782Z    25 |         TYPE_BOOLEAN = 'bool',
2026-09-07T17:57:31.7385721Z       |                        ^~~~~~
2026-09-07T17:57:31.7416496Z /home/runner/work/PocketKrKr/PocketKrKr/cpp/plugins/psdfile/psdparse/psddesc.h:26:30: warning: multi-character character constant [-Wmultichar]
2026-09-07T17:57:31.7445788Z    26 |         TYPE_GLOBAL_OBJECT = 'GlbO',
2026-09-07T17:57:31.7475880Z       |                              ^~~~~~
2026-09-07T17:57:31.7506484Z /home/runner/work/PocketKrKr/PocketKrKr/cpp/plugins/psdfile/psdparse/psddesc.h:27:23: warning: multi-character character constant [-Wmultichar]
2026-09-07T17:57:31.7535766Z    27 |         TYPE_CLASS1 = 'type',
2026-09-07T17:57:31.7555885Z       |                       ^~~~~~
2026-09-07T17:57:31.7596482Z /home/runner/work/PocketKrKr/PocketKrKr/cpp/plugins/psdfile/psdparse/psddesc.h:28:23: warning: multi-character character constant [-Wmultichar]
2026-09-07T17:57:31.7605872Z    28 |         TYPE_CLASS2 = 'GlbC',
2026-09-07T17:57:31.7625753Z       |                       ^~~~~~
2026-09-07T17:57:31.7656494Z /home/runner/work/PocketKrKr/PocketKrKr/cpp/plugins/psdfile/psdparse/psddesc.h:29:22: warning: multi-character character constant [-Wmultichar]
2026-09-07T17:57:31.7665766Z    29 |         TYPE_ALIAS = 'alis',
2026-09-07T17:57:31.7685752Z       |                      ^~~~~~
2026-09-07T17:57:31.7716500Z /home/runner/work/PocketKrKr/PocketKrKr/cpp/plugins/psdfile/psdparse/psddesc.h:30:25: warning: multi-character character constant [-Wmultichar]
2026-09-07T17:57:31.7745777Z    30 |         TYPE_RAW_DATA = 'tdta',
2026-09-07T17:57:31.7775748Z       |                         ^~~~~~
2026-09-07T17:57:31.7806453Z /home/runner/work/PocketKrKr/PocketKrKr/cpp/plugins/psdfile/psdparse/psddesc.h:34:23: warning: multi-character character constant [-Wmultichar]
2026-09-07T17:57:31.7835770Z    34 |         UNIT_POINTS = '#Pnt',
2026-09-07T17:57:31.7865743Z       |                       ^~~~~~
2026-09-07T17:57:31.7896538Z /home/runner/work/PocketKrKr/PocketKrKr/cpp/plugins/psdfile/psdparse/psddesc.h:35:28: warning: multi-character character constant [-Wmultichar]
2026-09-07T17:57:31.7926173Z    35 |         UNIT_MILLIMETERS = '#Mlm',
2026-09-07T17:57:31.7955775Z       |                            ^~~~~~
2026-09-07T17:57:31.7986444Z /home/runner/work/PocketKrKr/PocketKrKr/cpp/plugins/psdfile/psdparse/psddesc.h:36:22: warning: multi-character character constant [-Wmultichar]
2026-09-07T17:57:31.8015982Z    36 |         UNIT_ANGLE = '#Ang', // degrees
2026-09-07T17:57:31.8045767Z       |                      ^~~~~~
2026-09-07T17:57:31.8076473Z /home/runner/work/PocketKrKr/PocketKrKr/cpp/plugins/psdfile/psdparse/psddesc.h:37:24: warning: multi-character character constant [-Wmultichar]
2026-09-07T17:57:31.8105701Z    37 |         UNIT_DENSITY = '#Rsl', // base per inch
2026-09-07T17:57:31.8135601Z       |                        ^~~~~~
2026-09-07T17:57:31.8166293Z /home/runner/work/PocketKrKr/PocketKrKr/cpp/plugins/psdfile/psdparse/psddesc.h:38:25: warning: multi-character character constant [-Wmultichar]
2026-09-07T17:57:31.8195706Z    38 |         UNIT_DISTANCE = '#Rlt', // base 72ppi
2026-09-07T17:57:31.8225660Z       |                         ^~~~~~
2026-09-07T17:57:31.8246576Z /home/runner/work/PocketKrKr/PocketKrKr/cpp/plugins/psdfile/psdparse/psddesc.h:39:21: warning: multi-character character constant [-Wmultichar]
2026-09-07T17:57:31.8285624Z    39 |         UNIT_NONE = '#Nne',
2026-09-07T17:57:31.8315644Z       |                     ^~~~~~
2026-09-07T17:57:31.8346352Z /home/runner/work/PocketKrKr/PocketKrKr/cpp/plugins/psdfile/psdparse/psddesc.h:40:24: warning: multi-character character constant [-Wmultichar]
2026-09-07T17:57:31.8375631Z    40 |         UNIT_PERCENT = '#Prc',
2026-09-07T17:57:31.8396109Z       |                        ^~~~~~
2026-09-07T17:57:31.8436338Z /home/runner/work/PocketKrKr/PocketKrKr/cpp/plugins/psdfile/psdparse/psddesc.h:41:23: warning: multi-character character constant [-Wmultichar]
2026-09-07T17:57:31.8465650Z    41 |         UNIT_PIXELS = '#Pxl',
2026-09-07T17:57:31.8492867Z       |                       ^~~~~~
2026-09-07T17:57:31.8546499Z /home/runner/work/PocketKrKr/PocketKrKr/cpp/plugins/psdfile/psdparse/psddesc.h:46:29: warning: multi-character character constant [-Wmultichar]
2026-09-07T17:57:31.8555690Z    46 |         REF_TYPE_PROPERTY = 'prop',
2026-09-07T17:57:31.8556225Z       |                             ^~~~~~
2026-09-07T17:57:31.8557402Z /home/runner/work/PocketKrKr/PocketKrKr/cpp/plugins/psdfile/psdparse/psddesc.h:47:26: warning: multi-character character constant [-Wmultichar]
2026-09-07T17:57:31.8558584Z    47 |         REF_TYPE_CLASS = 'Clss',
2026-09-07T17:57:31.8559042Z       |                          ^~~~~~
2026-09-07T17:57:31.8560161Z /home/runner/work/PocketKrKr/PocketKrKr/cpp/plugins/psdfile/psdparse/psddesc.h:48:29: warning: multi-character character constant [-Wmultichar]
2026-09-07T17:57:31.8561332Z    48 |         REF_TYPE_ENUM_REF = 'Enmr',
2026-09-07T17:57:31.8561804Z       |                             ^~~~~~
2026-09-07T17:57:31.8562928Z /home/runner/work/PocketKrKr/PocketKrKr/cpp/plugins/psdfile/psdparse/psddesc.h:49:27: warning: multi-character character constant [-Wmultichar]
2026-09-07T17:57:31.8564061Z    49 |         REF_TYPE_OFFSET = 'rele',
2026-09-07T17:57:31.8564518Z       |                           ^~~~~~
2026-09-07T17:57:31.8565836Z /home/runner/work/PocketKrKr/PocketKrKr/cpp/plugins/psdfile/psdparse/psddesc.h:50:31: warning: multi-character character constant [-Wmultichar]
2026-09-07T17:57:31.8567001Z    50 |         REF_TYPE_IDENTIFIER = 'Idnt',
2026-09-07T17:57:31.8567492Z       |                               ^~~~~~
2026-09-07T17:57:31.8568619Z /home/runner/work/PocketKrKr/PocketKrKr/cpp/plugins/psdfile/psdparse/psddesc.h:51:26: warning: multi-character character constant [-Wmultichar]
2026-09-07T17:57:31.8569753Z    51 |         REF_TYPE_INDEX = 'indx',
2026-09-07T17:57:31.8570211Z       |                          ^~~~~~
2026-09-07T17:57:31.8571371Z /home/runner/work/PocketKrKr/PocketKrKr/cpp/plugins/psdfile/psdparse/psddesc.h:52:25: warning: multi-character character constant [-Wmultichar]
2026-09-07T17:57:31.8595939Z    52 |         REF_TYPE_NAME = 'name',
2026-09-07T17:57:31.8625639Z       |                         ^~~~~~
2026-09-07T17:57:31.8656111Z In file included from /home/runner/work/PocketKrKr/PocketKrKr/cpp/plugins/psdfile/psdparse/psdfile.h:4,
2026-09-07T17:57:31.8685993Z                  from /home/runner/work/PocketKrKr/PocketKrKr/cpp/plugins/psdfile/psdclass.h:9,
2026-09-07T17:57:31.8705729Z                  from /home/runner/work/PocketKrKr/PocketKrKr/cpp/plugins/psdfile/psdclass_loadmem.cpp:1:
2026-09-07T17:57:31.8707420Z /home/runner/work/PocketKrKr/PocketKrKr/cpp/plugins/psdfile/psdparse/psddata.h:113:18: warning: multi-character character constant [-Wmultichar]
2026-09-07T17:57:31.8708655Z   113 |             case 'norm':
2026-09-07T17:57:31.8709111Z       |                  ^~~~~~
2026-09-07T17:57:31.8710261Z /home/runner/work/PocketKrKr/PocketKrKr/cpp/plugins/psdfile/psdparse/psddata.h:115:18: warning: multi-character character constant [-Wmultichar]
2026-09-07T17:57:31.8711485Z   115 |             case 'diss':
2026-09-07T17:57:31.8711936Z       |                  ^~~~~~
2026-09-07T17:57:31.8713077Z /home/runner/work/PocketKrKr/PocketKrKr/cpp/plugins/psdfile/psdparse/psddata.h:117:18: warning: multi-character character constant [-Wmultichar]
2026-09-07T17:57:31.8714288Z   117 |             case 'dark':
2026-09-07T17:57:31.8714750Z       |                  ^~~~~~
2026-09-07T17:57:31.8716167Z /home/runner/work/PocketKrKr/PocketKrKr/cpp/plugins/psdfile/psdparse/psddata.h:119:18: warning: multi-character character constant [-Wmultichar]
2026-09-07T17:57:31.8717372Z   119 |             case 'mul ':
2026-09-07T17:57:31.8717799Z       |                  ^~~~~~
2026-09-07T17:57:31.8718928Z /home/runner/work/PocketKrKr/PocketKrKr/cpp/plugins/psdfile/psdparse/psddata.h:121:18: warning: multi-character character constant [-Wmultichar]
2026-09-07T17:57:31.8720134Z   121 |             case 'idiv':
2026-09-07T17:57:31.8720571Z       |                  ^~~~~~
2026-09-07T17:57:31.8721729Z /home/runner/work/PocketKrKr/PocketKrKr/cpp/plugins/psdfile/psdparse/psddata.h:123:18: warning: multi-character character constant [-Wmultichar]
2026-09-07T17:57:31.8722930Z   123 |             case 'lbrn':
2026-09-07T17:57:31.8723370Z       |                  ^~~~~~
2026-09-07T17:57:31.8724504Z /home/runner/work/PocketKrKr/PocketKrKr/cpp/plugins/psdfile/psdparse/psddata.h:125:18: warning: multi-character character constant [-Wmultichar]
2026-09-07T17:57:31.8725999Z   125 |             case 'dkCl':
2026-09-07T17:57:31.8756087Z       |                  ^~~~~~
2026-09-07T17:57:31.8757249Z /home/runner/work/PocketKrKr/PocketKrKr/cpp/plugins/psdfile/psdparse/psddata.h:127:18: warning: multi-character character constant [-Wmultichar]
2026-09-07T17:57:31.8758437Z   127 |             case 'lite':
2026-09-07T17:57:31.8758864Z       |                  ^~~~~~
2026-09-07T17:57:31.8759966Z /home/runner/work/PocketKrKr/PocketKrKr/cpp/plugins/psdfile/psdparse/psddata.h:129:18: warning: multi-character character constant [-Wmultichar]
2026-09-07T17:57:31.8761163Z   129 |             case 'scrn':
2026-09-07T17:57:31.8761579Z       |                  ^~~~~~
2026-09-07T17:57:31.8762549Z /home/runner/work/PocketKrKr/PocketKrKr/cpp/plugins/psdfile/psdparse/psddata.h:131:18: warning: multi-character character constant [-Wmultichar]
2026-09-07T17:57:31.8763506Z   131 |             case 'div ':
2026-09-07T17:57:31.8763837Z       |                  ^~~~~~
2026-09-07T17:57:31.8764947Z /home/runner/work/PocketKrKr/PocketKrKr/cpp/plugins/psdfile/psdparse/psddata.h:133:18: warning: multi-character character constant [-Wmultichar]
2026-09-07T17:57:31.8766498Z   133 |             case 'lddg':
2026-09-07T17:57:31.8766921Z       |                  ^~~~~~
2026-09-07T17:57:31.8768026Z /home/runner/work/PocketKrKr/PocketKrKr/cpp/plugins/psdfile/psdparse/psddata.h:135:18: warning: multi-character character constant [-Wmultichar]
2026-09-07T17:57:31.8769193Z   135 |             case 'ltCl':
2026-09-07T17:57:31.8769613Z       |                  ^~~~~~
2026-09-07T17:57:31.8770996Z /home/runner/work/PocketKrKr/PocketKrKr/cpp/plugins/psdfile/psdparse/psddata.h:137:18: warning: multi-character character constant [-Wmultichar]
2026-09-07T17:57:31.8772221Z   137 |             case 'over':
2026-09-07T17:57:31.8772641Z       |                  ^~~~~~
2026-09-07T17:57:31.8773767Z /home/runner/work/PocketKrKr/PocketKrKr/cpp/plugins/psdfile/psdparse/psddata.h:139:18: warning: multi-character character constant [-Wmultichar]
2026-09-07T17:57:31.8775756Z   139 |             case 'sLit':
2026-09-07T17:57:31.8776180Z       |                  ^~~~~~
2026-09-07T17:57:31.8777273Z /home/runner/work/PocketKrKr/PocketKrKr/cpp/plugins/psdfile/psdparse/psddata.h:141:18: warning: multi-character character constant [-Wmultichar]
2026-09-07T17:57:31.8778456Z   141 |             case 'hLit':
2026-09-07T17:57:31.8778860Z       |                  ^~~~~~
2026-09-07T17:57:31.8779955Z /home/runner/work/PocketKrKr/PocketKrKr/cpp/plugins/psdfile/psdparse/psddata.h:143:18: warning: multi-character character constant [-Wmultichar]
2026-09-07T17:57:31.8781143Z   143 |             case 'vLit':
2026-09-07T17:57:31.8781568Z       |                  ^~~~~~
2026-09-07T17:57:31.8782663Z /home/runner/work/PocketKrKr/PocketKrKr/cpp/plugins/psdfile/psdparse/psddata.h:145:18: warning: multi-character character constant [-Wmultichar]
2026-09-07T17:57:31.8783842Z   145 |             case 'lLit':
2026-09-07T17:57:31.8784265Z       |                  ^~~~~~
2026-09-07T17:57:31.8815748Z /home/runner/work/PocketKrKr/PocketKrKr/cpp/plugins/psdfile/psdparse/psddata.h:147:18: warning: multi-character character constant [-Wmultichar]
2026-09-07T17:57:31.8817034Z   147 |             case 'pLit':
2026-09-07T17:57:31.8817479Z       |                  ^~~~~~
2026-09-07T17:57:31.8818644Z /home/runner/work/PocketKrKr/PocketKrKr/cpp/plugins/psdfile/psdparse/psddata.h:149:18: warning: multi-character character constant [-Wmultichar]
2026-09-07T17:57:31.8819877Z   149 |             case 'hMix':
2026-09-07T17:57:31.8820313Z       |                  ^~~~~~
2026-09-07T17:57:31.8821488Z /home/runner/work/PocketKrKr/PocketKrKr/cpp/plugins/psdfile/psdparse/psddata.h:151:18: warning: multi-character character constant [-Wmultichar]
2026-09-07T17:57:31.8822711Z   151 |             case 'diff':
2026-09-07T17:57:31.8823158Z       |                  ^~~~~~
2026-09-07T17:57:31.8824317Z /home/runner/work/PocketKrKr/PocketKrKr/cpp/plugins/psdfile/psdparse/psddata.h:153:18: warning: multi-character character constant [-Wmultichar]
2026-09-07T17:57:31.8825828Z   153 |             case 'smud':
2026-09-07T17:57:31.8826277Z       |                  ^~~~~~
2026-09-07T17:57:31.8827489Z /home/runner/work/PocketKrKr/PocketKrKr/cpp/plugins/psdfile/psdparse/psddata.h:155:18: warning: multi-character character constant [-Wmultichar]
2026-09-07T17:57:31.8828671Z   155 |             case 'fsub':
2026-09-07T17:57:31.8829092Z       |                  ^~~~~~
2026-09-07T17:57:31.8830227Z /home/runner/work/PocketKrKr/PocketKrKr/cpp/plugins/psdfile/psdparse/psddata.h:157:18: warning: multi-character character constant [-Wmultichar]
2026-09-07T17:57:31.8831416Z   157 |             case 'fdiv':
2026-09-07T17:57:31.8831847Z       |                  ^~~~~~
2026-09-07T17:57:31.8832997Z /home/runner/work/PocketKrKr/PocketKrKr/cpp/plugins/psdfile/psdparse/psddata.h:159:18: warning: multi-character character constant [-Wmultichar]
2026-09-07T17:57:31.8834212Z   159 |             case 'hue ':
2026-09-07T17:57:31.8834613Z       |                  ^~~~~~
2026-09-07T17:57:31.8835972Z /home/runner/work/PocketKrKr/PocketKrKr/cpp/plugins/psdfile/psdparse/psddata.h:161:18: warning: multi-character character constant [-Wmultichar]
2026-09-07T17:57:31.8837238Z   161 |             case 'sat ':
2026-09-07T17:57:31.8837664Z       |                  ^~~~~~
2026-09-07T17:57:31.8838786Z /home/runner/work/PocketKrKr/PocketKrKr/cpp/plugins/psdfile/psdparse/psddata.h:163:18: warning: multi-character character constant [-Wmultichar]
2026-09-07T17:57:31.8839971Z   163 |             case 'colr':
2026-09-07T17:57:31.8840694Z       |                  ^~~~~~
2026-09-07T17:57:31.8841849Z /home/runner/work/PocketKrKr/PocketKrKr/cpp/plugins/psdfile/psdparse/psddata.h:165:18: warning: multi-character character constant [-Wmultichar]
2026-09-07T17:57:31.8843025Z   165 |             case 'lum ':
2026-09-07T17:57:31.8843663Z       |                  ^~~~~~
2026-09-07T17:57:31.8844764Z /home/runner/work/PocketKrKr/PocketKrKr/cpp/plugins/psdfile/psdparse/psddata.h:167:18: warning: multi-character character constant [-Wmultichar]
2026-09-07T17:57:31.8866632Z   167 |             case 'pass':
2026-09-07T17:57:31.8867081Z       |                  ^~~~~~
2026-09-07T17:57:31.8867934Z In file included from /home/runner/work/PocketKrKr/PocketKrKr/cpp/plugins/psdfile/psdparse/psdfile.h:3,
2026-09-07T17:57:31.8869164Z                  from /home/runner/work/PocketKrKr/PocketKrKr/cpp/plugins/psdfile/psdclass.h:9,
2026-09-07T17:57:31.8870311Z                  from /home/runner/work/PocketKrKr/PocketKrKr/cpp/plugins/psdfile/psdclass_loadmem.cpp:1:
2026-09-07T17:57:31.8872580Z /home/runner/work/PocketKrKr/PocketKrKr/cpp/plugins/psdfile/psdparse/psddesc.h: In member function ‘virtual void psd::DescriptorReference::dump(int)’:
2026-09-07T17:57:31.8876023Z /home/runner/work/PocketKrKr/PocketKrKr/cpp/plugins/psdfile/psdparse/psddesc.h:234:20: warning: format ‘%d’ expects argument of type ‘int’, but argument 3 has type ‘std::vector<psd::ReferenceItem*>::size_type’ {aka ‘long unsigned int’} [-Wformat=]
2026-09-07T17:57:31.8917362Z   234 |             dprint("%s (count:%d)\n", typeName(), items.size());
2026-09-07T17:57:31.8918034Z       |                    ^~~~~~~~~~~~~~~~~              ~~~~~~~~~~~~
2026-09-07T17:57:31.8918627Z       |                                                             |
2026-09-07T17:57:31.8919525Z       |                                                             std::vector<psd::ReferenceItem*>::size_type {aka long unsigned int}
2026-09-07T17:57:31.8921194Z /home/runner/work/PocketKrKr/PocketKrKr/cpp/plugins/psdfile/psdparse/psdbase.h:7:28: note: in definition of macro ‘dprint’
2026-09-07T17:57:31.8922344Z     7 | #define dprint(...) printf(__VA_ARGS__);
2026-09-07T17:57:31.8922878Z       |                            ^~~~~~~~~~~
2026-09-07T17:57:31.8923811Z In file included from /home/runner/work/PocketKrKr/PocketKrKr/cpp/plugins/psdfile/psdparse/psddata.h:5,
2026-09-07T17:57:31.8925095Z                  from /home/runner/work/PocketKrKr/PocketKrKr/cpp/plugins/psdfile/psdparse/psdfile.h:4,
2026-09-07T17:57:31.8926490Z                  from /home/runner/work/PocketKrKr/PocketKrKr/cpp/plugins/psdfile/psdclass.h:9,
2026-09-07T17:57:31.8927644Z                  from /home/runner/work/PocketKrKr/PocketKrKr/cpp/plugins/psdfile/psdclass_loadmem.cpp:1:
2026-09-07T17:57:31.8929077Z /home/runner/work/PocketKrKr/PocketKrKr/cpp/plugins/psdfile/psdparse/psddesc.h:234:32: note: format string is defined here
2026-09-07T17:57:31.8930266Z   234 |             dprint("%s (count:%d)\n", typeName(), items.size());
2026-09-07T17:57:31.8930891Z       |                               ~^
2026-09-07T17:57:31.8931354Z       |                                |
2026-09-07T17:57:31.8931825Z       |                                int
2026-09-07T17:57:31.8932290Z       |                               %ld
2026-09-07T17:57:31.8933174Z In file included from /home/runner/work/PocketKrKr/PocketKrKr/cpp/plugins/psdfile/psdparse/psdfile.h:3,
2026-09-07T17:57:31.8934398Z                  from /home/runner/work/PocketKrKr/PocketKrKr/cpp/plugins/psdfile/psdclass.h:9,
2026-09-07T17:57:31.8996107Z                  from /home/runner/work/PocketKrKr/PocketKrKr/cpp/plugins/psdfile/psdclass_loadmem.cpp:1:
2026-09-07T17:57:31.8998165Z /home/runner/work/PocketKrKr/PocketKrKr/cpp/plugins/psdfile/psdparse/psddesc.h: In member function ‘virtual void psd::DescriptorList::dump(int)’:
2026-09-07T17:57:31.9001667Z /home/runner/work/PocketKrKr/PocketKrKr/cpp/plugins/psdfile/psdparse/psddesc.h:253:20: warning: format ‘%d’ expects argument of type ‘int’, but argument 3 has type ‘std::vector<psd::DescriptorItem*>::size_type’ {aka ‘long unsigned int’} [-Wformat=]
2026-09-07T17:57:31.9003699Z   253 |             dprint("%s (count:%d)\n", typeName(), items.size());
2026-09-07T17:57:31.9004387Z       |                    ^~~~~~~~~~~~~~~~~              ~~~~~~~~~~~~
2026-09-07T17:57:31.9005030Z       |                                                             |
2026-09-07T17:57:31.9006527Z       |                                                             std::vector<psd::DescriptorItem*>::size_type {aka long unsigned int}
2026-09-07T17:57:31.9008178Z /home/runner/work/PocketKrKr/PocketKrKr/cpp/plugins/psdfile/psdparse/psdbase.h:7:28: note: in definition of macro ‘dprint’
2026-09-07T17:57:31.9009346Z     7 | #define dprint(...) printf(__VA_ARGS__);
2026-09-07T17:57:31.9009901Z       |                            ^~~~~~~~~~~
2026-09-07T17:57:31.9010846Z In file included from /home/runner/work/PocketKrKr/PocketKrKr/cpp/plugins/psdfile/psdparse/psddata.h:5,
2026-09-07T17:57:31.9012186Z                  from /home/runner/work/PocketKrKr/PocketKrKr/cpp/plugins/psdfile/psdparse/psdfile.h:4,
2026-09-07T17:57:31.9013394Z                  from /home/runner/work/PocketKrKr/PocketKrKr/cpp/plugins/psdfile/psdclass.h:9,
2026-09-07T17:57:31.9014602Z                  from /home/runner/work/PocketKrKr/PocketKrKr/cpp/plugins/psdfile/psdclass_loadmem.cpp:1:
2026-09-07T17:57:31.9016372Z /home/runner/work/PocketKrKr/PocketKrKr/cpp/plugins/psdfile/psdparse/psddesc.h:253:32: note: format string is defined here
2026-09-07T17:57:31.9017631Z   253 |             dprint("%s (count:%d)\n", typeName(), items.size());
2026-09-07T17:57:31.9018267Z       |                               ~^
2026-09-07T17:57:31.9018753Z       |                                |
2026-09-07T17:57:31.9019234Z       |                                int
2026-09-07T17:57:31.9019715Z       |                               %ld
2026-09-07T17:57:31.9020581Z In file included from /home/runner/work/PocketKrKr/PocketKrKr/cpp/plugins/psdfile/psdclass.h:10,
2026-09-07T17:57:31.9021866Z                  from /home/runner/work/PocketKrKr/PocketKrKr/cpp/plugins/psdfile/psdclass_loadmem.cpp:1:
2026-09-07T17:57:31.9024204Z /home/runner/work/PocketKrKr/PocketKrKr/cpp/core/plugin/ncbind.hpp: In static member function ‘static ncbTypeConvertor::Conversion<FROM, TO>::OK ncbTypeConvertor::Conversion<FROM, TO>::check(TO)’:
2026-09-07T17:57:31.9072433Z /home/runner/work/PocketKrKr/PocketKrKr/cpp/core/plugin/ncbind.hpp:244:38: warning: no return statement in function returning non-void [-Wreturn-type]
2026-09-07T17:57:31.9073717Z   244 |                 static OK check(TO) {};
2026-09-07T17:57:31.9074237Z       |                                      ^
2026-09-07T17:57:32.4713947Z [266/741] Building CXX object cpp/plugins/fstat/CMakeFiles/fstat.dir/__/psdfile/psdclass.cpp.o
2026-09-07T17:57:32.4766353Z In file included from /home/runner/work/PocketKrKr/PocketKrKr/cpp/plugins/psdfile/psdparse/psddata.h:5,
2026-09-07T17:57:32.4785726Z                  from /home/runner/work/PocketKrKr/PocketKrKr/cpp/plugins/psdfile/psdparse/psdfile.h:4,
2026-09-07T17:57:32.4796468Z                  from /home/runner/work/PocketKrKr/PocketKrKr/cpp/plugins/psdfile/psdclass.h:9,
2026-09-07T17:57:32.4825983Z                  from /home/runner/work/PocketKrKr/PocketKrKr/cpp/plugins/psdfile/psdclass.cpp:4:
2026-09-07T17:57:32.4827713Z /home/runner/work/PocketKrKr/PocketKrKr/cpp/plugins/psdfile/psdparse/psddesc.h:17:26: warning: multi-character character constant [-Wmultichar]
2026-09-07T17:57:32.4855828Z    17 |         TYPE_REFERENCE = 'obj ',
2026-09-07T17:57:32.4885843Z       |                          ^~~~~~
2026-09-07T17:57:32.4916352Z /home/runner/work/PocketKrKr/PocketKrKr/cpp/plugins/psdfile/psdparse/psddesc.h:18:27: warning: multi-character character constant [-Wmultichar]
2026-09-07T17:57:32.4917730Z    18 |         TYPE_DESCRIPTOR = 'Objc',
2026-09-07T17:57:32.4945816Z       |                           ^~~~~~
2026-09-07T17:57:32.4947391Z /home/runner/work/PocketKrKr/PocketKrKr/cpp/plugins/psdfile/psdparse/psddesc.h:19:21: warning: multi-character character constant [-Wmultichar]
2026-09-07T17:57:32.4948615Z    19 |         TYPE_LIST = 'VlLs',
2026-09-07T17:57:32.4949078Z       |                     ^~~~~~
2026-09-07T17:57:32.4950199Z /home/runner/work/PocketKrKr/PocketKrKr/cpp/plugins/psdfile/psdparse/psddesc.h:20:23: warning: multi-character character constant [-Wmultichar]
2026-09-07T17:57:32.4951629Z    20 |         TYPE_DOUBLE = 'doub',
2026-09-07T17:57:32.4952090Z       |                       ^~~~~~
2026-09-07T17:57:32.4953202Z /home/runner/work/PocketKrKr/PocketKrKr/cpp/plugins/psdfile/psdparse/psddesc.h:21:27: warning: multi-character character constant [-Wmultichar]
2026-09-07T17:57:32.4954383Z    21 |         TYPE_UNIT_FLOAT = 'UntF',
2026-09-07T17:57:32.4954855Z       |                           ^~~~~~
2026-09-07T17:57:32.4956228Z /home/runner/work/PocketKrKr/PocketKrKr/cpp/plugins/psdfile/psdparse/psddesc.h:22:23: warning: multi-character character constant [-Wmultichar]
2026-09-07T17:57:32.4957407Z    22 |         TYPE_STRING = 'TEXT',
2026-09-07T17:57:32.4957855Z       |                       ^~~~~~
2026-09-07T17:57:32.4958970Z /home/runner/work/PocketKrKr/PocketKrKr/cpp/plugins/psdfile/psdparse/psddesc.h:23:27: warning: multi-character character constant [-Wmultichar]
2026-09-07T17:57:32.4960166Z    23 |         TYPE_ENUMERATED = 'enum',
2026-09-07T17:57:32.4960655Z       |                           ^~~~~~
2026-09-07T17:57:32.4961766Z /home/runner/work/PocketKrKr/PocketKrKr/cpp/plugins/psdfile/psdparse/psddesc.h:24:24: warning: multi-character character constant [-Wmultichar]
2026-09-07T17:57:32.4962937Z    24 |         TYPE_INTEGER = 'long',
2026-09-07T17:57:32.4963386Z       |                        ^~~~~~
2026-09-07T17:57:32.4964508Z /home/runner/work/PocketKrKr/PocketKrKr/cpp/plugins/psdfile/psdparse/psddesc.h:25:24: warning: multi-character character constant [-Wmultichar]
2026-09-07T17:57:32.4965912Z    25 |         TYPE_BOOLEAN = 'bool',
2026-09-07T17:57:32.4975790Z       |                        ^~~~~~
2026-09-07T17:57:32.4996422Z /home/runner/work/PocketKrKr/PocketKrKr/cpp/plugins/psdfile/psdparse/psddesc.h:26:30: warning: multi-character character constant [-Wmultichar]
2026-09-07T17:57:32.5005860Z    26 |         TYPE_GLOBAL_OBJECT = 'GlbO',
2026-09-07T17:57:32.5035759Z       |                              ^~~~~~
2026-09-07T17:57:32.5076408Z /home/runner/work/PocketKrKr/PocketKrKr/cpp/plugins/psdfile/psdparse/psddesc.h:27:23: warning: multi-character character constant [-Wmultichar]
2026-09-07T17:57:32.5077664Z    27 |         TYPE_CLASS1 = 'type',
2026-09-07T17:57:32.5078132Z       |                       ^~~~~~
2026-09-07T17:57:32.5079308Z /home/runner/work/PocketKrKr/PocketKrKr/cpp/plugins/psdfile/psdparse/psddesc.h:28:23: warning: multi-character character constant [-Wmultichar]
2026-09-07T17:57:32.5080512Z    28 |         TYPE_CLASS2 = 'GlbC',
2026-09-07T17:57:32.5080980Z       |                       ^~~~~~
2026-09-07T17:57:32.5082146Z /home/runner/work/PocketKrKr/PocketKrKr/cpp/plugins/psdfile/psdparse/psddesc.h:29:22: warning: multi-character character constant [-Wmultichar]
2026-09-07T17:57:32.5083318Z    29 |         TYPE_ALIAS = 'alis',
2026-09-07T17:57:32.5083786Z       |                      ^~~~~~
2026-09-07T17:57:32.5084921Z /home/runner/work/PocketKrKr/PocketKrKr/cpp/plugins/psdfile/psdparse/psddesc.h:30:25: warning: multi-character character constant [-Wmultichar]
2026-09-07T17:57:32.5086330Z    30 |         TYPE_RAW_DATA = 'tdta',
2026-09-07T17:57:32.5086809Z       |                         ^~~~~~
2026-09-07T17:57:32.5087956Z /home/runner/work/PocketKrKr/PocketKrKr/cpp/plugins/psdfile/psdparse/psddesc.h:34:23: warning: multi-character character constant [-Wmultichar]
2026-09-07T17:57:32.5089154Z    34 |         UNIT_POINTS = '#Pnt',
2026-09-07T17:57:32.5089615Z       |                       ^~~~~~
2026-09-07T17:57:32.5090738Z /home/runner/work/PocketKrKr/PocketKrKr/cpp/plugins/psdfile/psdparse/psddesc.h:35:28: warning: multi-character character constant [-Wmultichar]
2026-09-07T17:57:32.5092295Z    35 |         UNIT_MILLIMETERS = '#Mlm',
2026-09-07T17:57:32.5092798Z       |                            ^~~~~~
2026-09-07T17:57:32.5094016Z /home/runner/work/PocketKrKr/PocketKrKr/cpp/plugins/psdfile/psdparse/psddesc.h:36:22: warning: multi-character character constant [-Wmultichar]
2026-09-07T17:57:32.5095663Z    36 |         UNIT_ANGLE = '#Ang', // degrees
2026-09-07T17:57:32.5096162Z       |                      ^~~~~~
2026-09-07T17:57:32.5097298Z /home/runner/work/PocketKrKr/PocketKrKr/cpp/plugins/psdfile/psdparse/psddesc.h:37:24: warning: multi-character character constant [-Wmultichar]
2026-09-07T17:57:32.5098549Z    37 |         UNIT_DENSITY = '#Rsl', // base per inch
2026-09-07T17:57:32.5099077Z       |                        ^~~~~~
2026-09-07T17:57:32.5100211Z /home/runner/work/PocketKrKr/PocketKrKr/cpp/plugins/psdfile/psdparse/psddesc.h:38:25: warning: multi-character character constant [-Wmultichar]
2026-09-07T17:57:32.5101430Z    38 |         UNIT_DISTANCE = '#Rlt', // base 72ppi
2026-09-07T17:57:32.5101959Z       |                         ^~~~~~
2026-09-07T17:57:32.5103114Z /home/runner/work/PocketKrKr/PocketKrKr/cpp/plugins/psdfile/psdparse/psddesc.h:39:21: warning: multi-character character constant [-Wmultichar]
2026-09-07T17:57:32.5104310Z    39 |         UNIT_NONE = '#Nne',
2026-09-07T17:57:32.5104776Z       |                     ^~~~~~
2026-09-07T17:57:32.5136254Z /home/runner/work/PocketKrKr/PocketKrKr/cpp/plugins/psdfile/psdparse/psddesc.h:40:24: warning: multi-character character constant [-Wmultichar]
2026-09-07T17:57:32.5137508Z    40 |         UNIT_PERCENT = '#Prc',
2026-09-07T17:57:32.5137999Z       |                        ^~~~~~
2026-09-07T17:57:32.5139169Z /home/runner/work/PocketKrKr/PocketKrKr/cpp/plugins/psdfile/psdparse/psddesc.h:41:23: warning: multi-character character constant [-Wmultichar]
2026-09-07T17:57:32.5140379Z    41 |         UNIT_PIXELS = '#Pxl',
2026-09-07T17:57:32.5140847Z       |                       ^~~~~~
2026-09-07T17:57:32.5141997Z /home/runner/work/PocketKrKr/PocketKrKr/cpp/plugins/psdfile/psdparse/psddesc.h:46:29: warning: multi-character character constant [-Wmultichar]
2026-09-07T17:57:32.5143215Z    46 |         REF_TYPE_PROPERTY = 'prop',
2026-09-07T17:57:32.5143713Z       |                             ^~~~~~
2026-09-07T17:57:32.5144886Z /home/runner/work/PocketKrKr/PocketKrKr/cpp/plugins/psdfile/psdparse/psddesc.h:47:26: warning: multi-character character constant [-Wmultichar]
2026-09-07T17:57:32.5146305Z    47 |         REF_TYPE_CLASS = 'Clss',
2026-09-07T17:57:32.5146787Z       |                          ^~~~~~
2026-09-07T17:57:32.5147946Z /home/runner/work/PocketKrKr/PocketKrKr/cpp/plugins/psdfile/psdparse/psddesc.h:48:29: warning: multi-character character constant [-Wmultichar]
2026-09-07T17:57:32.5149169Z    48 |         REF_TYPE_ENUM_REF = 'Enmr',
2026-09-07T17:57:32.5149675Z       |                             ^~~~~~
2026-09-07T17:57:32.5150842Z /home/runner/work/PocketKrKr/PocketKrKr/cpp/plugins/psdfile/psdparse/psddesc.h:49:27: warning: multi-character character constant [-Wmultichar]
2026-09-07T17:57:32.5152028Z    49 |         REF_TYPE_OFFSET = 'rele',
2026-09-07T17:57:32.5152513Z       |                           ^~~~~~
2026-09-07T17:57:32.5153656Z /home/runner/work/PocketKrKr/PocketKrKr/cpp/plugins/psdfile/psdparse/psddesc.h:50:31: warning: multi-character character constant [-Wmultichar]
2026-09-07T17:57:32.5154886Z    50 |         REF_TYPE_IDENTIFIER = 'Idnt',
2026-09-07T17:57:32.5155573Z       |                               ^~~~~~
2026-09-07T17:57:32.5156746Z /home/runner/work/PocketKrKr/PocketKrKr/cpp/plugins/psdfile/psdparse/psddesc.h:51:26: warning: multi-character character constant [-Wmultichar]
2026-09-07T17:57:32.5157943Z    51 |         REF_TYPE_INDEX = 'indx',
2026-09-07T17:57:32.5158422Z       |                          ^~~~~~
2026-09-07T17:57:32.5159610Z /home/runner/work/PocketKrKr/PocketKrKr/cpp/plugins/psdfile/psdparse/psddesc.h:52:25: warning: multi-character character constant [-Wmultichar]
2026-09-07T17:57:32.5161086Z    52 |         REF_TYPE_NAME = 'name',
2026-09-07T17:57:32.5161567Z       |                         ^~~~~~
2026-09-07T17:57:32.5162453Z In file included from /home/runner/work/PocketKrKr/PocketKrKr/cpp/plugins/psdfile/psdparse/psdfile.h:4,
2026-09-07T17:57:32.5163654Z                  from /home/runner/work/PocketKrKr/PocketKrKr/cpp/plugins/psdfile/psdclass.h:9,
2026-09-07T17:57:32.5164973Z                  from /home/runner/work/PocketKrKr/PocketKrKr/cpp/plugins/psdfile/psdclass.cpp:4:
2026-09-07T17:57:32.5196864Z /home/runner/work/PocketKrKr/PocketKrKr/cpp/plugins/psdfile/psdparse/psddata.h:113:18: warning: multi-character character constant [-Wmultichar]
2026-09-07T17:57:32.5198080Z   113 |             case 'norm':
2026-09-07T17:57:32.5198506Z       |                  ^~~~~~
2026-09-07T17:57:32.5199626Z /home/runner/work/PocketKrKr/PocketKrKr/cpp/plugins/psdfile/psdparse/psddata.h:115:18: warning: multi-character character constant [-Wmultichar]
2026-09-07T17:57:32.5200829Z   115 |             case 'diss':
2026-09-07T17:57:32.5201265Z       |                  ^~~~~~
2026-09-07T17:57:32.5202404Z /home/runner/work/PocketKrKr/PocketKrKr/cpp/plugins/psdfile/psdparse/psddata.h:117:18: warning: multi-character character constant [-Wmultichar]
2026-09-07T17:57:32.5203583Z   117 |             case 'dark':
2026-09-07T17:57:32.5204014Z       |                  ^~~~~~
2026-09-07T17:57:32.5205139Z /home/runner/work/PocketKrKr/PocketKrKr/cpp/plugins/psdfile/psdparse/psddata.h:119:18: warning: multi-character character constant [-Wmultichar]
2026-09-07T17:57:32.5206529Z   119 |             case 'mul ':
2026-09-07T17:57:32.5206966Z       |                  ^~~~~~
2026-09-07T17:57:32.5208084Z /home/runner/work/PocketKrKr/PocketKrKr/cpp/plugins/psdfile/psdparse/psddata.h:121:18: warning: multi-character character constant [-Wmultichar]
2026-09-07T17:57:32.5209279Z   121 |             case 'idiv':
2026-09-07T17:57:32.5209715Z       |                  ^~~~~~
2026-09-07T17:57:32.5210913Z /home/runner/work/PocketKrKr/PocketKrKr/cpp/plugins/psdfile/psdparse/psddata.h:123:18: warning: multi-character character constant [-Wmultichar]
2026-09-07T17:57:32.5212111Z   123 |             case 'lbrn':
2026-09-07T17:57:32.5212536Z       |                  ^~~~~~
2026-09-07T17:57:32.5213657Z /home/runner/work/PocketKrKr/PocketKrKr/cpp/plugins/psdfile/psdparse/psddata.h:125:18: warning: multi-character character constant [-Wmultichar]
2026-09-07T17:57:32.5214903Z   125 |             case 'dkCl':
2026-09-07T17:57:32.5215520Z       |                  ^~~~~~
2026-09-07T17:57:32.5216664Z /home/runner/work/PocketKrKr/PocketKrKr/cpp/plugins/psdfile/psdparse/psddata.h:127:18: warning: multi-character character constant [-Wmultichar]
2026-09-07T17:57:32.5217858Z   127 |             case 'lite':
2026-09-07T17:57:32.5218279Z       |                  ^~~~~~
2026-09-07T17:57:32.5219403Z /home/runner/work/PocketKrKr/PocketKrKr/cpp/plugins/psdfile/psdparse/psddata.h:129:18: warning: multi-character character constant [-Wmultichar]
2026-09-07T17:57:32.5220598Z   129 |             case 'scrn':
2026-09-07T17:57:32.5221030Z       |                  ^~~~~~
2026-09-07T17:57:32.5222138Z /home/runner/work/PocketKrKr/PocketKrKr/cpp/plugins/psdfile/psdparse/psddata.h:131:18: warning: multi-character character constant [-Wmultichar]
2026-09-07T17:57:32.5223328Z   131 |             case 'div ':
2026-09-07T17:57:32.5223754Z       |                  ^~~~~~
2026-09-07T17:57:32.5224876Z /home/runner/work/PocketKrKr/PocketKrKr/cpp/plugins/psdfile/psdparse/psddata.h:133:18: warning: multi-character character constant [-Wmultichar]
2026-09-07T17:57:32.5256487Z   133 |             case 'lddg':
2026-09-07T17:57:32.5256937Z       |                  ^~~~~~
2026-09-07T17:57:32.5258086Z /home/runner/work/PocketKrKr/PocketKrKr/cpp/plugins/psdfile/psdparse/psddata.h:135:18: warning: multi-character character constant [-Wmultichar]
2026-09-07T17:57:32.5259288Z   135 |             case 'ltCl':
2026-09-07T17:57:32.5259714Z       |                  ^~~~~~
2026-09-07T17:57:32.5261101Z /home/runner/work/PocketKrKr/PocketKrKr/cpp/plugins/psdfile/psdparse/psddata.h:137:18: warning: multi-character character constant [-Wmultichar]
2026-09-07T17:57:32.5262315Z   137 |             case 'over':
2026-09-07T17:57:32.5262737Z       |                  ^~~~~~
2026-09-07T17:57:32.5263893Z /home/runner/work/PocketKrKr/PocketKrKr/cpp/plugins/psdfile/psdparse/psddata.h:139:18: warning: multi-character character constant [-Wmultichar]
2026-09-07T17:57:32.5265540Z   139 |             case 'sLit':
2026-09-07T17:57:32.5265990Z       |                  ^~~~~~
2026-09-07T17:57:32.5267129Z /home/runner/work/PocketKrKr/PocketKrKr/cpp/plugins/psdfile/psdparse/psddata.h:141:18: warning: multi-character character constant [-Wmultichar]
2026-09-07T17:57:32.5268321Z   141 |             case 'hLit':
2026-09-07T17:57:32.5268745Z       |                  ^~~~~~
2026-09-07T17:57:32.5269859Z /home/runner/work/PocketKrKr/PocketKrKr/cpp/plugins/psdfile/psdparse/psddata.h:143:18: warning: multi-character character constant [-Wmultichar]
2026-09-07T17:57:32.5271077Z   143 |             case 'vLit':
2026-09-07T17:57:32.5271498Z       |                  ^~~~~~
2026-09-07T17:57:32.5272615Z /home/runner/work/PocketKrKr/PocketKrKr/cpp/plugins/psdfile/psdparse/psddata.h:145:18: warning: multi-character character constant [-Wmultichar]
2026-09-07T17:57:32.5273825Z   145 |             case 'lLit':
2026-09-07T17:57:32.5274245Z       |                  ^~~~~~
2026-09-07T17:57:32.5275554Z /home/runner/work/PocketKrKr/PocketKrKr/cpp/plugins/psdfile/psdparse/psddata.h:147:18: warning: multi-character character constant [-Wmultichar]
2026-09-07T17:57:32.5276754Z   147 |             case 'pLit':
2026-09-07T17:57:32.5277183Z       |                  ^~~~~~
2026-09-07T17:57:32.5278321Z /home/runner/work/PocketKrKr/PocketKrKr/cpp/plugins/psdfile/psdparse/psddata.h:149:18: warning: multi-character character constant [-Wmultichar]
2026-09-07T17:57:32.5279508Z   149 |             case 'hMix':
2026-09-07T17:57:32.5279933Z       |                  ^~~~~~
2026-09-07T17:57:32.5281056Z /home/runner/work/PocketKrKr/PocketKrKr/cpp/plugins/psdfile/psdparse/psddata.h:151:18: warning: multi-character character constant [-Wmultichar]
2026-09-07T17:57:32.5282230Z   151 |             case 'diff':
2026-09-07T17:57:32.5282655Z       |                  ^~~~~~
2026-09-07T17:57:32.5283766Z /home/runner/work/PocketKrKr/PocketKrKr/cpp/plugins/psdfile/psdparse/psddata.h:153:18: warning: multi-character character constant [-Wmultichar]
2026-09-07T17:57:32.5284950Z   153 |             case 'smud':
2026-09-07T17:57:32.5315703Z       |                  ^~~~~~
2026-09-07T17:57:32.5316858Z /home/runner/work/PocketKrKr/PocketKrKr/cpp/plugins/psdfile/psdparse/psddata.h:155:18: warning: multi-character character constant [-Wmultichar]
2026-09-07T17:57:32.5318062Z   155 |             case 'fsub':
2026-09-07T17:57:32.5318485Z       |                  ^~~~~~
2026-09-07T17:57:32.5319637Z /home/runner/work/PocketKrKr/PocketKrKr/cpp/plugins/psdfile/psdparse/psddata.h:157:18: warning: multi-character character constant [-Wmultichar]
2026-09-07T17:57:32.5320821Z   157 |             case 'fdiv':
2026-09-07T17:57:32.5321238Z       |                  ^~~~~~
2026-09-07T17:57:32.5322348Z /home/runner/work/PocketKrKr/PocketKrKr/cpp/plugins/psdfile/psdparse/psddata.h:159:18: warning: multi-character character constant [-Wmultichar]
2026-09-07T17:57:32.5323531Z   159 |             case 'hue ':
2026-09-07T17:57:32.5323964Z       |                  ^~~~~~
2026-09-07T17:57:32.5325086Z /home/runner/work/PocketKrKr/PocketKrKr/cpp/plugins/psdfile/psdparse/psddata.h:161:18: warning: multi-character character constant [-Wmultichar]
2026-09-07T17:57:32.5326518Z   161 |             case 'sat ':
2026-09-07T17:57:32.5326950Z       |                  ^~~~~~
2026-09-07T17:57:32.5328059Z /home/runner/work/PocketKrKr/PocketKrKr/cpp/plugins/psdfile/psdparse/psddata.h:163:18: warning: multi-character character constant [-Wmultichar]
2026-09-07T17:57:32.5329237Z   163 |             case 'colr':
2026-09-07T17:57:32.5329894Z       |                  ^~~~~~
2026-09-07T17:57:32.5331029Z /home/runner/work/PocketKrKr/PocketKrKr/cpp/plugins/psdfile/psdparse/psddata.h:165:18: warning: multi-character character constant [-Wmultichar]
2026-09-07T17:57:32.5332224Z   165 |             case 'lum ':
2026-09-07T17:57:32.5332646Z       |                  ^~~~~~
2026-09-07T17:57:32.5333978Z /home/runner/work/PocketKrKr/PocketKrKr/cpp/plugins/psdfile/psdparse/psddata.h:167:18: warning: multi-character character constant [-Wmultichar]
2026-09-07T17:57:32.5365437Z   167 |             case 'pass':
2026-09-07T17:57:32.5365942Z       |                  ^~~~~~
2026-09-07T17:57:32.5366815Z In file included from /home/runner/work/PocketKrKr/PocketKrKr/cpp/plugins/psdfile/psdparse/psdfile.h:3,
2026-09-07T17:57:32.5368026Z                  from /home/runner/work/PocketKrKr/PocketKrKr/cpp/plugins/psdfile/psdclass.h:9,
2026-09-07T17:57:32.5369133Z                  from /home/runner/work/PocketKrKr/PocketKrKr/cpp/plugins/psdfile/psdclass.cpp:4:
2026-09-07T17:57:32.5371285Z /home/runner/work/PocketKrKr/PocketKrKr/cpp/plugins/psdfile/psdparse/psddesc.h: In member function ‘virtual void psd::DescriptorReference::dump(int)’:
2026-09-07T17:57:32.5374335Z /home/runner/work/PocketKrKr/PocketKrKr/cpp/plugins/psdfile/psdparse/psddesc.h:234:20: warning: format ‘%d’ expects argument of type ‘int’, but argument 3 has type ‘std::vector<psd::ReferenceItem*>::size_type’ {aka ‘long unsigned int’} [-Wformat=]
2026-09-07T17:57:32.5376623Z   234 |             dprint("%s (count:%d)\n", typeName(), items.size());
2026-09-07T17:57:32.5377301Z       |                    ^~~~~~~~~~~~~~~~~              ~~~~~~~~~~~~
2026-09-07T17:57:32.5377894Z       |                                                             |
2026-09-07T17:57:32.5378753Z       |                                                             std::vector<psd::ReferenceItem*>::size_type {aka long unsigned int}
2026-09-07T17:57:32.5380360Z /home/runner/work/PocketKrKr/PocketKrKr/cpp/plugins/psdfile/psdparse/psdbase.h:7:28: note: in definition of macro ‘dprint’
2026-09-07T17:57:32.5381487Z     7 | #define dprint(...) printf(__VA_ARGS__);
2026-09-07T17:57:32.5382026Z       |                            ^~~~~~~~~~~
2026-09-07T17:57:32.5382943Z In file included from /home/runner/work/PocketKrKr/PocketKrKr/cpp/plugins/psdfile/psdparse/psddata.h:5,
2026-09-07T17:57:32.5384240Z                  from /home/runner/work/PocketKrKr/PocketKrKr/cpp/plugins/psdfile/psdparse/psdfile.h:4,
2026-09-07T17:57:32.5385582Z                  from /home/runner/work/PocketKrKr/PocketKrKr/cpp/plugins/psdfile/psdclass.h:9,
2026-09-07T17:57:32.5386688Z                  from /home/runner/work/PocketKrKr/PocketKrKr/cpp/plugins/psdfile/psdclass.cpp:4:
2026-09-07T17:57:32.5388060Z /home/runner/work/PocketKrKr/PocketKrKr/cpp/plugins/psdfile/psdparse/psddesc.h:234:32: note: format string is defined here
2026-09-07T17:57:32.5389246Z   234 |             dprint("%s (count:%d)\n", typeName(), items.size());
2026-09-07T17:57:32.5389856Z       |                               ~^
2026-09-07T17:57:32.5390319Z       |                                |
2026-09-07T17:57:32.5390778Z       |                                int
2026-09-07T17:57:32.5391261Z       |                               %ld
2026-09-07T17:57:32.5392146Z In file included from /home/runner/work/PocketKrKr/PocketKrKr/cpp/plugins/psdfile/psdparse/psdfile.h:3,
2026-09-07T17:57:32.5393374Z                  from /home/runner/work/PocketKrKr/PocketKrKr/cpp/plugins/psdfile/psdclass.h:9,
2026-09-07T17:57:32.5394472Z                  from /home/runner/work/PocketKrKr/PocketKrKr/cpp/plugins/psdfile/psdclass.cpp:4:
2026-09-07T17:57:32.5396501Z /home/runner/work/PocketKrKr/PocketKrKr/cpp/plugins/psdfile/psdparse/psddesc.h: In member function ‘virtual void psd::DescriptorList::dump(int)’:
2026-09-07T17:57:32.5399727Z /home/runner/work/PocketKrKr/PocketKrKr/cpp/plugins/psdfile/psdparse/psddesc.h:253:20: warning: format ‘%d’ expects argument of type ‘int’, but argument 3 has type ‘std::vector<psd::DescriptorItem*>::size_type’ {aka ‘long unsigned int’} [-Wformat=]
2026-09-07T17:57:32.5401693Z   253 |             dprint("%s (count:%d)\n", typeName(), items.size());
2026-09-07T17:57:32.5402367Z       |                    ^~~~~~~~~~~~~~~~~              ~~~~~~~~~~~~
2026-09-07T17:57:32.5402960Z       |                                                             |
2026-09-07T17:57:32.5404059Z       |                                                             std::vector<psd::DescriptorItem*>::size_type {aka long unsigned int}
2026-09-07T17:57:32.5435991Z /home/runner/work/PocketKrKr/PocketKrKr/cpp/plugins/psdfile/psdparse/psdbase.h:7:28: note: in definition of macro ‘dprint’
2026-09-07T17:57:32.5437151Z     7 | #define dprint(...) printf(__VA_ARGS__);
2026-09-07T17:57:32.5437681Z       |                            ^~~~~~~~~~~
2026-09-07T17:57:32.5438599Z In file included from /home/runner/work/PocketKrKr/PocketKrKr/cpp/plugins/psdfile/psdparse/psddata.h:5,
2026-09-07T17:57:32.5439902Z                  from /home/runner/work/PocketKrKr/PocketKrKr/cpp/plugins/psdfile/psdparse/psdfile.h:4,
2026-09-07T17:57:32.5441051Z                  from /home/runner/work/PocketKrKr/PocketKrKr/cpp/plugins/psdfile/psdclass.h:9,
2026-09-07T17:57:32.5442159Z                  from /home/runner/work/PocketKrKr/PocketKrKr/cpp/plugins/psdfile/psdclass.cpp:4:
2026-09-07T17:57:32.5443541Z /home/runner/work/PocketKrKr/PocketKrKr/cpp/plugins/psdfile/psdparse/psddesc.h:253:32: note: format string is defined here
2026-09-07T17:57:32.5444720Z   253 |             dprint("%s (count:%d)\n", typeName(), items.size());
2026-09-07T17:57:32.5445521Z       |                               ~^
2026-09-07T17:57:32.5445980Z       |                                |
2026-09-07T17:57:32.5446441Z       |                                int
2026-09-07T17:57:32.5446905Z       |                               %ld
2026-09-07T17:57:32.5447741Z In file included from /home/runner/work/PocketKrKr/PocketKrKr/cpp/plugins/psdfile/psdclass.h:10,
2026-09-07T17:57:32.5448934Z                  from /home/runner/work/PocketKrKr/PocketKrKr/cpp/plugins/psdfile/psdclass.cpp:4:
2026-09-07T17:57:32.5451179Z /home/runner/work/PocketKrKr/PocketKrKr/cpp/core/plugin/ncbind.hpp: In static member function ‘static ncbTypeConvertor::Conversion<FROM, TO>::OK ncbTypeConvertor::Conversion<FROM, TO>::check(TO)’:
2026-09-07T17:57:32.5453417Z /home/runner/work/PocketKrKr/PocketKrKr/cpp/core/plugin/ncbind.hpp:244:38: warning: no return statement in function returning non-void [-Wreturn-type]
2026-09-07T17:57:32.5454643Z   244 |                 static OK check(TO) {};
2026-09-07T17:57:32.5455334Z       |                                      ^
2026-09-07T17:57:32.5456162Z [267/741] Building CXX object cpp/plugins/fstat/CMakeFiles/fstat.dir/__/psbfile/PSBValue.cpp.o
2026-09-07T17:57:34.5516890Z [268/741] Building CXX object cpp/plugins/fstat/CMakeFiles/fstat.dir/__/psdfile/psdclass_loadstreambase.cpp.o
2026-09-07T17:57:34.5536182Z In file included from /home/runner/work/PocketKrKr/PocketKrKr/cpp/plugins/psdfile/psdparse/psddata.h:5,
2026-09-07T17:57:34.5556076Z                  from /home/runner/work/PocketKrKr/PocketKrKr/cpp/plugins/psdfile/psdparse/psdfile.h:4,
2026-09-07T17:57:34.5557150Z                  from /home/runner/work/PocketKrKr/PocketKrKr/cpp/plugins/psdfile/psdclass.h:9,
2026-09-07T17:57:34.5558279Z                  from /home/runner/work/PocketKrKr/PocketKrKr/cpp/plugins/psdfile/psdclass_loadstreambase.cpp:4:
2026-09-07T17:57:34.5559799Z /home/runner/work/PocketKrKr/PocketKrKr/cpp/plugins/psdfile/psdparse/psddesc.h:17:26: warning: multi-character character constant [-Wmultichar]
2026-09-07T17:57:34.5560925Z    17 |         TYPE_REFERENCE = 'obj ',
2026-09-07T17:57:34.5561352Z       |                          ^~~~~~
2026-09-07T17:57:34.5562409Z /home/runner/work/PocketKrKr/PocketKrKr/cpp/plugins/psdfile/psdparse/psddesc.h:18:27: warning: multi-character character constant [-Wmultichar]
2026-09-07T17:57:34.5563538Z    18 |         TYPE_DESCRIPTOR = 'Objc',
2026-09-07T17:57:34.5563973Z       |                           ^~~~~~
2026-09-07T17:57:34.5565576Z /home/runner/work/PocketKrKr/PocketKrKr/cpp/plugins/psdfile/psdparse/psddesc.h:19:21: warning: multi-character character constant [-Wmultichar]
2026-09-07T17:57:34.5566714Z    19 |         TYPE_LIST = 'VlLs',
2026-09-07T17:57:34.5567122Z       |                     ^~~~~~
2026-09-07T17:57:34.5568420Z /home/runner/work/PocketKrKr/PocketKrKr/cpp/plugins/psdfile/psdparse/psddesc.h:20:23: warning: multi-character character constant [-Wmultichar]
2026-09-07T17:57:34.5569515Z    20 |         TYPE_DOUBLE = 'doub',
2026-09-07T17:57:34.5569934Z       |                       ^~~~~~
2026-09-07T17:57:34.5570977Z /home/runner/work/PocketKrKr/PocketKrKr/cpp/plugins/psdfile/psdparse/psddesc.h:21:27: warning: multi-character character constant [-Wmultichar]
2026-09-07T17:57:34.5572077Z    21 |         TYPE_UNIT_FLOAT = 'UntF',
2026-09-07T17:57:34.5572517Z       |                           ^~~~~~
2026-09-07T17:57:34.5573593Z /home/runner/work/PocketKrKr/PocketKrKr/cpp/plugins/psdfile/psdparse/psddesc.h:22:23: warning: multi-character character constant [-Wmultichar]
2026-09-07T17:57:34.5574697Z    22 |         TYPE_STRING = 'TEXT',
2026-09-07T17:57:34.5575110Z       |                       ^~~~~~
2026-09-07T17:57:34.5576348Z /home/runner/work/PocketKrKr/PocketKrKr/cpp/plugins/psdfile/psdparse/psddesc.h:23:27: warning: multi-character character constant [-Wmultichar]
2026-09-07T17:57:34.5577463Z    23 |         TYPE_ENUMERATED = 'enum',
2026-09-07T17:57:34.5577894Z       |                           ^~~~~~
2026-09-07T17:57:34.5578959Z /home/runner/work/PocketKrKr/PocketKrKr/cpp/plugins/psdfile/psdparse/psddesc.h:24:24: warning: multi-character character constant [-Wmultichar]
2026-09-07T17:57:34.5585982Z    24 |         TYPE_INTEGER = 'long',
2026-09-07T17:57:34.5586692Z       |                        ^~~~~~
2026-09-07T17:57:34.5616657Z /home/runner/work/PocketKrKr/PocketKrKr/cpp/plugins/psdfile/psdparse/psddesc.h:25:24: warning: multi-character character constant [-Wmultichar]
2026-09-07T17:57:34.5636062Z    25 |         TYPE_BOOLEAN = 'bool',
2026-09-07T17:57:34.5665864Z       |                        ^~~~~~
2026-09-07T17:57:34.5667284Z /home/runner/work/PocketKrKr/PocketKrKr/cpp/plugins/psdfile/psdparse/psddesc.h:26:30: warning: multi-character character constant [-Wmultichar]
2026-09-07T17:57:34.5695924Z    26 |         TYPE_GLOBAL_OBJECT = 'GlbO',
2026-09-07T17:57:34.5725742Z       |                              ^~~~~~
2026-09-07T17:57:34.5756526Z /home/runner/work/PocketKrKr/PocketKrKr/cpp/plugins/psdfile/psdparse/psddesc.h:27:23: warning: multi-character character constant [-Wmultichar]
2026-09-07T17:57:34.5757989Z    27 |         TYPE_CLASS1 = 'type',
2026-09-07T17:57:34.5786203Z       |                       ^~~~~~
2026-09-07T17:57:34.5816493Z /home/runner/work/PocketKrKr/PocketKrKr/cpp/plugins/psdfile/psdparse/psddesc.h:28:23: warning: multi-character character constant [-Wmultichar]
2026-09-07T17:57:34.5845913Z    28 |         TYPE_CLASS2 = 'GlbC',
2026-09-07T17:57:34.5846470Z       |                       ^~~~~~
2026-09-07T17:57:34.5847641Z /home/runner/work/PocketKrKr/PocketKrKr/cpp/plugins/psdfile/psdparse/psddesc.h:29:22: warning: multi-character character constant [-Wmultichar]
2026-09-07T17:57:34.5848804Z    29 |         TYPE_ALIAS = 'alis',
2026-09-07T17:57:34.5849264Z       |                      ^~~~~~
2026-09-07T17:57:34.5850390Z /home/runner/work/PocketKrKr/PocketKrKr/cpp/plugins/psdfile/psdparse/psddesc.h:30:25: warning: multi-character character constant [-Wmultichar]
2026-09-07T17:57:34.5851432Z    30 |         TYPE_RAW_DATA = 'tdta',
2026-09-07T17:57:34.5851709Z       |                         ^~~~~~
2026-09-07T17:57:34.5852338Z /home/runner/work/PocketKrKr/PocketKrKr/cpp/plugins/psdfile/psdparse/psddesc.h:34:23: warning: multi-character character constant [-Wmultichar]
2026-09-07T17:57:34.5853004Z    34 |         UNIT_POINTS = '#Pnt',
2026-09-07T17:57:34.5853270Z       |                       ^~~~~~
2026-09-07T17:57:34.5854148Z /home/runner/work/PocketKrKr/PocketKrKr/cpp/plugins/psdfile/psdparse/psddesc.h:35:28: warning: multi-character character constant [-Wmultichar]
2026-09-07T17:57:34.5854817Z    35 |         UNIT_MILLIMETERS = '#Mlm',
2026-09-07T17:57:34.5855093Z       |                            ^~~~~~
2026-09-07T17:57:34.5856090Z /home/runner/work/PocketKrKr/PocketKrKr/cpp/plugins/psdfile/psdparse/psddesc.h:36:22: warning: multi-character character constant [-Wmultichar]
2026-09-07T17:57:34.5856946Z    36 |         UNIT_ANGLE = '#Ang', // degrees
2026-09-07T17:57:34.5857246Z       |                      ^~~~~~
2026-09-07T17:57:34.5857857Z /home/runner/work/PocketKrKr/PocketKrKr/cpp/plugins/psdfile/psdparse/psddesc.h:37:24: warning: multi-character character constant [-Wmultichar]
2026-09-07T17:57:34.5858528Z    37 |         UNIT_DENSITY = '#Rsl', // base per inch
2026-09-07T17:57:34.5858832Z       |                        ^~~~~~
2026-09-07T17:57:34.5859444Z /home/runner/work/PocketKrKr/PocketKrKr/cpp/plugins/psdfile/psdparse/psddesc.h:38:25: warning: multi-character character constant [-Wmultichar]
2026-09-07T17:57:34.5860106Z    38 |         UNIT_DISTANCE = '#Rlt', // base 72ppi
2026-09-07T17:57:34.5860396Z       |                         ^~~~~~
2026-09-07T17:57:34.5861000Z /home/runner/work/PocketKrKr/PocketKrKr/cpp/plugins/psdfile/psdparse/psddesc.h:39:21: warning: multi-character character constant [-Wmultichar]
2026-09-07T17:57:34.5861637Z    39 |         UNIT_NONE = '#Nne',
2026-09-07T17:57:34.5861888Z       |                     ^~~~~~
2026-09-07T17:57:34.5862498Z /home/runner/work/PocketKrKr/PocketKrKr/cpp/plugins/psdfile/psdparse/psddesc.h:40:24: warning: multi-character character constant [-Wmultichar]
2026-09-07T17:57:34.5863138Z    40 |         UNIT_PERCENT = '#Prc',
2026-09-07T17:57:34.5863402Z       |                        ^~~~~~
2026-09-07T17:57:34.5864020Z /home/runner/work/PocketKrKr/PocketKrKr/cpp/plugins/psdfile/psdparse/psddesc.h:41:23: warning: multi-character character constant [-Wmultichar]
2026-09-07T17:57:34.5864656Z    41 |         UNIT_PIXELS = '#Pxl',
2026-09-07T17:57:34.5864920Z       |                       ^~~~~~
2026-09-07T17:57:34.5866039Z /home/runner/work/PocketKrKr/PocketKrKr/cpp/plugins/psdfile/psdparse/psddesc.h:46:29: warning: multi-character character constant [-Wmultichar]
2026-09-07T17:57:34.5867304Z    46 |         REF_TYPE_PROPERTY = 'prop',
2026-09-07T17:57:34.5867846Z       |                             ^~~~~~
2026-09-07T17:57:34.5869047Z /home/runner/work/PocketKrKr/PocketKrKr/cpp/plugins/psdfile/psdparse/psddesc.h:47:26: warning: multi-character character constant [-Wmultichar]
2026-09-07T17:57:34.5870276Z    47 |         REF_TYPE_CLASS = 'Clss',
2026-09-07T17:57:34.5870776Z       |                          ^~~~~~
2026-09-07T17:57:34.5871985Z /home/runner/work/PocketKrKr/PocketKrKr/cpp/plugins/psdfile/psdparse/psddesc.h:48:29: warning: multi-character character constant [-Wmultichar]
2026-09-07T17:57:34.5873232Z    48 |         REF_TYPE_ENUM_REF = 'Enmr',
2026-09-07T17:57:34.5873752Z       |                             ^~~~~~
2026-09-07T17:57:34.5874944Z /home/runner/work/PocketKrKr/PocketKrKr/cpp/plugins/psdfile/psdparse/psddesc.h:49:27: warning: multi-character character constant [-Wmultichar]
2026-09-07T17:57:34.5876472Z    49 |         REF_TYPE_OFFSET = 'rele',
2026-09-07T17:57:34.5876989Z       |                           ^~~~~~
2026-09-07T17:57:34.5878163Z /home/runner/work/PocketKrKr/PocketKrKr/cpp/plugins/psdfile/psdparse/psddesc.h:50:31: warning: multi-character character constant [-Wmultichar]
2026-09-07T17:57:34.5879430Z    50 |         REF_TYPE_IDENTIFIER = 'Idnt',
2026-09-07T17:57:34.5879962Z       |                               ^~~~~~
2026-09-07T17:57:34.5881175Z /home/runner/work/PocketKrKr/PocketKrKr/cpp/plugins/psdfile/psdparse/psddesc.h:51:26: warning: multi-character character constant [-Wmultichar]
2026-09-07T17:57:34.5882403Z    51 |         REF_TYPE_INDEX = 'indx',
2026-09-07T17:57:34.5882901Z       |                          ^~~~~~
2026-09-07T17:57:34.5884331Z /home/runner/work/PocketKrKr/PocketKrKr/cpp/plugins/psdfile/psdparse/psddesc.h:52:25: warning: multi-character character constant [-Wmultichar]
2026-09-07T17:57:34.5885836Z    52 |         REF_TYPE_NAME = 'name',
2026-09-07T17:57:34.5886332Z       |                         ^~~~~~
2026-09-07T17:57:34.5887234Z In file included from /home/runner/work/PocketKrKr/PocketKrKr/cpp/plugins/psdfile/psdparse/psdfile.h:4,
2026-09-07T17:57:34.5888785Z                  from /home/runner/work/PocketKrKr/PocketKrKr/cpp/plugins/psdfile/psdclass.h:9,
2026-09-07T17:57:34.5890045Z                  from /home/runner/work/PocketKrKr/PocketKrKr/cpp/plugins/psdfile/psdclass_loadstreambase.cpp:4:
2026-09-07T17:57:34.5891681Z /home/runner/work/PocketKrKr/PocketKrKr/cpp/plugins/psdfile/psdparse/psddata.h:113:18: warning: multi-character character constant [-Wmultichar]
2026-09-07T17:57:34.5892887Z   113 |             case 'norm':
2026-09-07T17:57:34.5893320Z       |                  ^~~~~~
2026-09-07T17:57:34.5894452Z /home/runner/work/PocketKrKr/PocketKrKr/cpp/plugins/psdfile/psdparse/psddata.h:115:18: warning: multi-character character constant [-Wmultichar]
2026-09-07T17:57:34.5895907Z   115 |             case 'diss':
2026-09-07T17:57:34.5896346Z       |                  ^~~~~~
2026-09-07T17:57:34.5897484Z /home/runner/work/PocketKrKr/PocketKrKr/cpp/plugins/psdfile/psdparse/psddata.h:117:18: warning: multi-character character constant [-Wmultichar]
2026-09-07T17:57:34.5898691Z   117 |             case 'dark':
2026-09-07T17:57:34.5899122Z       |                  ^~~~~~
2026-09-07T17:57:34.5900224Z /home/runner/work/PocketKrKr/PocketKrKr/cpp/plugins/psdfile/psdparse/psddata.h:119:18: warning: multi-character character constant [-Wmultichar]
2026-09-07T17:57:34.5901405Z   119 |             case 'mul ':
2026-09-07T17:57:34.5901834Z       |                  ^~~~~~
2026-09-07T17:57:34.5902938Z /home/runner/work/PocketKrKr/PocketKrKr/cpp/plugins/psdfile/psdparse/psddata.h:121:18: warning: multi-character character constant [-Wmultichar]
2026-09-07T17:57:34.5904122Z   121 |             case 'idiv':
2026-09-07T17:57:34.5904538Z       |                  ^~~~~~
2026-09-07T17:57:34.5905865Z /home/runner/work/PocketKrKr/PocketKrKr/cpp/plugins/psdfile/psdparse/psddata.h:123:18: warning: multi-character character constant [-Wmultichar]
2026-09-07T17:57:34.5907038Z   123 |             case 'lbrn':
2026-09-07T17:57:34.5907791Z       |                  ^~~~~~
2026-09-07T17:57:34.5908940Z /home/runner/work/PocketKrKr/PocketKrKr/cpp/plugins/psdfile/psdparse/psddata.h:125:18: warning: multi-character character constant [-Wmultichar]
2026-09-07T17:57:34.5910145Z   125 |             case 'dkCl':
2026-09-07T17:57:34.5910592Z       |                  ^~~~~~
2026-09-07T17:57:34.5911754Z /home/runner/work/PocketKrKr/PocketKrKr/cpp/plugins/psdfile/psdparse/psddata.h:127:18: warning: multi-character character constant [-Wmultichar]
2026-09-07T17:57:34.5912981Z   127 |             case 'lite':
2026-09-07T17:57:34.5913418Z       |                  ^~~~~~
2026-09-07T17:57:34.5914580Z /home/runner/work/PocketKrKr/PocketKrKr/cpp/plugins/psdfile/psdparse/psddata.h:129:18: warning: multi-character character constant [-Wmultichar]
2026-09-07T17:57:34.5916047Z   129 |             case 'scrn':
2026-09-07T17:57:34.5916584Z       |                  ^~~~~~
2026-09-07T17:57:34.5917727Z /home/runner/work/PocketKrKr/PocketKrKr/cpp/plugins/psdfile/psdparse/psddata.h:131:18: warning: multi-character character constant [-Wmultichar]
2026-09-07T17:57:34.5918951Z   131 |             case 'div ':
2026-09-07T17:57:34.5919393Z       |                  ^~~~~~
2026-09-07T17:57:34.5920524Z /home/runner/work/PocketKrKr/PocketKrKr/cpp/plugins/psdfile/psdparse/psddata.h:133:18: warning: multi-character character constant [-Wmultichar]
2026-09-07T17:57:34.5921720Z   133 |             case 'lddg':
2026-09-07T17:57:34.5922149Z       |                  ^~~~~~
2026-09-07T17:57:34.5923276Z /home/runner/work/PocketKrKr/PocketKrKr/cpp/plugins/psdfile/psdparse/psddata.h:135:18: warning: multi-character character constant [-Wmultichar]
2026-09-07T17:57:34.5924731Z   135 |             case 'ltCl':
2026-09-07T17:57:34.5925435Z       |                  ^~~~~~
2026-09-07T17:57:34.5926587Z /home/runner/work/PocketKrKr/PocketKrKr/cpp/plugins/psdfile/psdparse/psddata.h:137:18: warning: multi-character character constant [-Wmultichar]
2026-09-07T17:57:34.5927803Z   137 |             case 'over':
2026-09-07T17:57:34.5928524Z       |                  ^~~~~~
2026-09-07T17:57:34.5929665Z /home/runner/work/PocketKrKr/PocketKrKr/cpp/plugins/psdfile/psdparse/psddata.h:139:18: warning: multi-character character constant [-Wmultichar]
2026-09-07T17:57:34.5930901Z   139 |             case 'sLit':
2026-09-07T17:57:34.5931352Z       |                  ^~~~~~
2026-09-07T17:57:34.5932478Z /home/runner/work/PocketKrKr/PocketKrKr/cpp/plugins/psdfile/psdparse/psddata.h:141:18: warning: multi-character character constant [-Wmultichar]
2026-09-07T17:57:34.5933716Z   141 |             case 'hLit':
2026-09-07T17:57:34.5934161Z       |                  ^~~~~~
2026-09-07T17:57:34.5935578Z /home/runner/work/PocketKrKr/PocketKrKr/cpp/plugins/psdfile/psdparse/psddata.h:143:18: warning: multi-character character constant [-Wmultichar]
2026-09-07T17:57:34.5936824Z   143 |             case 'vLit':
2026-09-07T17:57:34.5937279Z       |                  ^~~~~~
2026-09-07T17:57:34.5938446Z /home/runner/work/PocketKrKr/PocketKrKr/cpp/plugins/psdfile/psdparse/psddata.h:145:18: warning: multi-character character constant [-Wmultichar]
2026-09-07T17:57:34.5939691Z   145 |             case 'lLit':
2026-09-07T17:57:34.5940128Z       |                  ^~~~~~
2026-09-07T17:57:34.5941288Z /home/runner/work/PocketKrKr/PocketKrKr/cpp/plugins/psdfile/psdparse/psddata.h:147:18: warning: multi-character character constant [-Wmultichar]
2026-09-07T17:57:34.5942511Z   147 |             case 'pLit':
2026-09-07T17:57:34.5942951Z       |                  ^~~~~~
2026-09-07T17:57:34.5944098Z /home/runner/work/PocketKrKr/PocketKrKr/cpp/plugins/psdfile/psdparse/psddata.h:149:18: warning: multi-character character constant [-Wmultichar]
2026-09-07T17:57:34.5945647Z   149 |             case 'hMix':
2026-09-07T17:57:34.5946135Z       |                  ^~~~~~
2026-09-07T17:57:34.5947302Z /home/runner/work/PocketKrKr/PocketKrKr/cpp/plugins/psdfile/psdparse/psddata.h:151:18: warning: multi-character character constant [-Wmultichar]
2026-09-07T17:57:34.5948553Z   151 |             case 'diff':
2026-09-07T17:57:34.5948996Z       |                  ^~~~~~
2026-09-07T17:57:34.5950091Z /home/runner/work/PocketKrKr/PocketKrKr/cpp/plugins/psdfile/psdparse/psddata.h:153:18: warning: multi-character character constant [-Wmultichar]
2026-09-07T17:57:34.5951257Z   153 |             case 'smud':
2026-09-07T17:57:34.5951684Z       |                  ^~~~~~
2026-09-07T17:57:34.5952725Z /home/runner/work/PocketKrKr/PocketKrKr/cpp/plugins/psdfile/psdparse/psddata.h:155:18: warning: multi-character character constant [-Wmultichar]
2026-09-07T17:57:34.5953873Z   155 |             case 'fsub':
2026-09-07T17:57:34.5954299Z       |                  ^~~~~~
2026-09-07T17:57:34.5955711Z /home/runner/work/PocketKrKr/PocketKrKr/cpp/plugins/psdfile/psdparse/psddata.h:157:18: warning: multi-character character constant [-Wmultichar]
2026-09-07T17:57:34.5956902Z   157 |             case 'fdiv':
2026-09-07T17:57:34.5957322Z       |                  ^~~~~~
2026-09-07T17:57:34.5958449Z /home/runner/work/PocketKrKr/PocketKrKr/cpp/plugins/psdfile/psdparse/psddata.h:159:18: warning: multi-character character constant [-Wmultichar]
2026-09-07T17:57:34.5959610Z   159 |             case 'hue ':
2026-09-07T17:57:34.5960027Z       |                  ^~~~~~
2026-09-07T17:57:34.5961123Z /home/runner/work/PocketKrKr/PocketKrKr/cpp/plugins/psdfile/psdparse/psddata.h:161:18: warning: multi-character character constant [-Wmultichar]
2026-09-07T17:57:34.5962313Z   161 |             case 'sat ':
2026-09-07T17:57:34.5962734Z       |                  ^~~~~~
2026-09-07T17:57:34.5964092Z /home/runner/work/PocketKrKr/PocketKrKr/cpp/plugins/psdfile/psdparse/psddata.h:163:18: warning: multi-character character constant [-Wmultichar]
2026-09-07T17:57:34.5965575Z   163 |             case 'colr':
2026-09-07T17:57:34.5966019Z       |                  ^~~~~~
2026-09-07T17:57:34.5967128Z /home/runner/work/PocketKrKr/PocketKrKr/cpp/plugins/psdfile/psdparse/psddata.h:165:18: warning: multi-character character constant [-Wmultichar]
2026-09-07T17:57:34.5968587Z   165 |             case 'lum ':
2026-09-07T17:57:34.5969025Z       |                  ^~~~~~
2026-09-07T17:57:34.5970138Z /home/runner/work/PocketKrKr/PocketKrKr/cpp/plugins/psdfile/psdparse/psddata.h:167:18: warning: multi-character character constant [-Wmultichar]
2026-09-07T17:57:34.5971316Z   167 |             case 'pass':
2026-09-07T17:57:34.5971749Z       |                  ^~~~~~
2026-09-07T17:57:34.5972595Z In file included from /home/runner/work/PocketKrKr/PocketKrKr/cpp/plugins/psdfile/psdparse/psdfile.h:3,
2026-09-07T17:57:34.5973799Z                  from /home/runner/work/PocketKrKr/PocketKrKr/cpp/plugins/psdfile/psdclass.h:9,
2026-09-07T17:57:34.5975031Z                  from /home/runner/work/PocketKrKr/PocketKrKr/cpp/plugins/psdfile/psdclass_loadstreambase.cpp:4:
2026-09-07T17:57:34.5977489Z /home/runner/work/PocketKrKr/PocketKrKr/cpp/plugins/psdfile/psdparse/psddesc.h: In member function ‘virtual void psd::DescriptorReference::dump(int)’:
2026-09-07T17:57:34.5980477Z /home/runner/work/PocketKrKr/PocketKrKr/cpp/plugins/psdfile/psdparse/psddesc.h:234:20: warning: format ‘%d’ expects argument of type ‘int’, but argument 3 has type ‘std::vector<psd::ReferenceItem*>::size_type’ {aka ‘long unsigned int’} [-Wformat=]
2026-09-07T17:57:34.5982331Z   234 |             dprint("%s (count:%d)\n", typeName(), items.size());
2026-09-07T17:57:34.5982929Z       |                    ^~~~~~~~~~~~~~~~~              ~~~~~~~~~~~~
2026-09-07T17:57:34.5983453Z       |                                                             |
2026-09-07T17:57:34.5984231Z       |                                                             std::vector<psd::ReferenceItem*>::size_type {aka long unsigned int}
2026-09-07T17:57:34.5985931Z /home/runner/work/PocketKrKr/PocketKrKr/cpp/plugins/psdfile/psdparse/psdbase.h:7:28: note: in definition of macro ‘dprint’
2026-09-07T17:57:34.5986960Z     7 | #define dprint(...) printf(__VA_ARGS__);
2026-09-07T17:57:34.5987453Z       |                            ^~~~~~~~~~~
2026-09-07T17:57:34.5988333Z In file included from /home/runner/work/PocketKrKr/PocketKrKr/cpp/plugins/psdfile/psdparse/psddata.h:5,
2026-09-07T17:57:34.5989591Z                  from /home/runner/work/PocketKrKr/PocketKrKr/cpp/plugins/psdfile/psdparse/psdfile.h:4,
2026-09-07T17:57:34.5990713Z                  from /home/runner/work/PocketKrKr/PocketKrKr/cpp/plugins/psdfile/psdclass.h:9,
2026-09-07T17:57:34.5991905Z                  from /home/runner/work/PocketKrKr/PocketKrKr/cpp/plugins/psdfile/psdclass_loadstreambase.cpp:4:
2026-09-07T17:57:34.5993352Z /home/runner/work/PocketKrKr/PocketKrKr/cpp/plugins/psdfile/psdparse/psddesc.h:234:32: note: format string is defined here
2026-09-07T17:57:34.5994525Z   234 |             dprint("%s (count:%d)\n", typeName(), items.size());
2026-09-07T17:57:34.5995129Z       |                               ~^
2026-09-07T17:57:34.5995846Z       |                                |
2026-09-07T17:57:34.5996318Z       |                                int
2026-09-07T17:57:34.5996800Z       |                               %ld
2026-09-07T17:57:34.5997672Z In file included from /home/runner/work/PocketKrKr/PocketKrKr/cpp/plugins/psdfile/psdparse/psdfile.h:3,
2026-09-07T17:57:34.5998816Z                  from /home/runner/work/PocketKrKr/PocketKrKr/cpp/plugins/psdfile/psdclass.h:9,
2026-09-07T17:57:34.5999923Z                  from /home/runner/work/PocketKrKr/PocketKrKr/cpp/plugins/psdfile/psdclass_loadstreambase.cpp:4:
2026-09-07T17:57:34.6001809Z /home/runner/work/PocketKrKr/PocketKrKr/cpp/plugins/psdfile/psdparse/psddesc.h: In member function ‘virtual void psd::DescriptorList::dump(int)’:
2026-09-07T17:57:34.6005128Z /home/runner/work/PocketKrKr/PocketKrKr/cpp/plugins/psdfile/psdparse/psddesc.h:253:20: warning: format ‘%d’ expects argument of type ‘int’, but argument 3 has type ‘std::vector<psd::DescriptorItem*>::size_type’ {aka ‘long unsigned int’} [-Wformat=]
2026-09-07T17:57:34.6007383Z   253 |             dprint("%s (count:%d)\n", typeName(), items.size());
2026-09-07T17:57:34.6008321Z       |                    ^~~~~~~~~~~~~~~~~              ~~~~~~~~~~~~
2026-09-07T17:57:34.6008924Z       |                                                             |
2026-09-07T17:57:34.6009808Z       |                                                             std::vector<psd::DescriptorItem*>::size_type {aka long unsigned int}
2026-09-07T17:57:34.6011408Z /home/runner/work/PocketKrKr/PocketKrKr/cpp/plugins/psdfile/psdparse/psdbase.h:7:28: note: in definition of macro ‘dprint’
2026-09-07T17:57:34.6012553Z     7 | #define dprint(...) printf(__VA_ARGS__);
2026-09-07T17:57:34.6013092Z       |                            ^~~~~~~~~~~
2026-09-07T17:57:34.6014011Z In file included from /home/runner/work/PocketKrKr/PocketKrKr/cpp/plugins/psdfile/psdparse/psddata.h:5,
2026-09-07T17:57:34.6015565Z                  from /home/runner/work/PocketKrKr/PocketKrKr/cpp/plugins/psdfile/psdparse/psdfile.h:4,
2026-09-07T17:57:34.6016793Z                  from /home/runner/work/PocketKrKr/PocketKrKr/cpp/plugins/psdfile/psdclass.h:9,
2026-09-07T17:57:34.6018022Z                  from /home/runner/work/PocketKrKr/PocketKrKr/cpp/plugins/psdfile/psdclass_loadstreambase.cpp:4:
2026-09-07T17:57:34.6019493Z /home/runner/work/PocketKrKr/PocketKrKr/cpp/plugins/psdfile/psdparse/psddesc.h:253:32: note: format string is defined here
2026-09-07T17:57:34.6020668Z   253 |             dprint("%s (count:%d)\n", typeName(), items.size());
2026-09-07T17:57:34.6021279Z       |                               ~^
2026-09-07T17:57:34.6021742Z       |                                |
2026-09-07T17:57:34.6022207Z       |                                int
2026-09-07T17:57:34.6022675Z       |                               %ld
2026-09-07T17:57:34.6023504Z In file included from /home/runner/work/PocketKrKr/PocketKrKr/cpp/plugins/psdfile/psdclass.h:10,
2026-09-07T17:57:34.6024775Z                  from /home/runner/work/PocketKrKr/PocketKrKr/cpp/plugins/psdfile/psdclass_loadstreambase.cpp:4:
2026-09-07T17:57:34.6027326Z /home/runner/work/PocketKrKr/PocketKrKr/cpp/core/plugin/ncbind.hpp: In static member function ‘static ncbTypeConvertor::Conversion<FROM, TO>::OK ncbTypeConvertor::Conversion<FROM, TO>::check(TO)’:
2026-09-07T17:57:34.6029520Z /home/runner/work/PocketKrKr/PocketKrKr/cpp/core/plugin/ncbind.hpp:244:38: warning: no return statement in function returning non-void [-Wreturn-type]
2026-09-07T17:57:34.6030796Z   244 |                 static OK check(TO) {};
2026-09-07T17:57:34.6031318Z       |                                      ^
2026-09-07T17:57:34.6032128Z [269/741] Building CXX object cpp/plugins/fstat/CMakeFiles/fstat.dir/__/psbfile/PSBMedia.cpp.o
2026-09-07T17:57:34.6146740Z [270/741] Building CXX object cpp/plugins/fstat/CMakeFiles/fstat.dir/__/psbfile/types/PimgType.cpp.o
2026-09-07T17:57:34.6356749Z [271/741] Building CXX object cpp/plugins/fstat/CMakeFiles/fstat.dir/__/psbfile/types/MotionType.cpp.o
2026-09-07T17:57:34.6546593Z [272/741] Building CXX object cpp/plugins/fstat/CMakeFiles/fstat.dir/__/psbfile/types/ScnType.cpp.o
2026-09-07T17:57:34.6746645Z [273/741] Building CXX object cpp/plugins/fstat/CMakeFiles/fstat.dir/__/psbfile/types/ImageType.cpp.o
2026-09-07T17:57:34.6940037Z [274/741] Building CXX object cpp/plugins/fstat/CMakeFiles/fstat.dir/__/psbfile/types/MmoType.cpp.o
2026-09-07T17:57:34.7156868Z [275/741] Building CXX object cpp/plugins/fstat/CMakeFiles/fstat.dir/__/psbfile/types/ArchiveType.cpp.o
2026-09-07T17:57:34.7415462Z [276/741] Building CXX object cpp/plugins/fstat/CMakeFiles/fstat.dir/__/psbfile/types/SoundArchiveType.cpp.o
2026-09-07T17:57:34.8010602Z [277/741] Building CXX object cpp/plugins/fstat/CMakeFiles/fstat.dir/__/psbfile/resources/ImageMetadata.cpp.o
2026-09-07T17:57:35.5476905Z [278/741] Building CXX object cpp/plugins/fstat/CMakeFiles/fstat.dir/__/psbfile/main.cpp.o
2026-09-07T17:57:35.5496039Z In file included from /home/runner/work/PocketKrKr/PocketKrKr/cpp/plugins/psbfile/main.cpp:11:
2026-09-07T17:57:35.5537398Z /home/runner/work/PocketKrKr/PocketKrKr/cpp/core/plugin/ncbind.hpp: In static member function ‘static ncbTypeConvertor::Conversion<FROM, TO>::OK ncbTypeConvertor::Conversion<FROM, TO>::check(TO)’:
2026-09-07T17:57:35.5556352Z /home/runner/work/PocketKrKr/PocketKrKr/cpp/core/plugin/ncbind.hpp:244:38: warning: no return statement in function returning non-void [-Wreturn-type]
2026-09-07T17:57:35.5565792Z   244 |                 static OK check(TO) {};
2026-09-07T17:57:35.5615751Z       |                                      ^
2026-09-07T17:57:37.4566530Z [279/741] Building CXX object cpp/plugins/fstat/CMakeFiles/fstat.dir/__/psbfile/PSBFile.cpp.o
2026-09-07T17:57:37.4596141Z In file included from /home/runner/work/PocketKrKr/PocketKrKr/cpp/plugins/psbfile/PSBFile.cpp:8:
2026-09-07T17:57:37.4627459Z /home/runner/work/PocketKrKr/PocketKrKr/cpp/core/plugin/ncbind.hpp: In static member function ‘static ncbTypeConvertor::Conversion<FROM, TO>::OK ncbTypeConvertor::Conversion<FROM, TO>::check(TO)’:
2026-09-07T17:57:37.4656488Z /home/runner/work/PocketKrKr/PocketKrKr/cpp/core/plugin/ncbind.hpp:244:38: warning: no return statement in function returning non-void [-Wreturn-type]
2026-09-07T17:57:37.4674633Z   244 |                 static OK check(TO) {};
2026-09-07T17:57:37.4676036Z       |                                      ^
2026-09-07T17:57:39.4156897Z [280/741] Building CXX object cpp/plugins/fstat/CMakeFiles/fstat.dir/__/layerex_draw/general/LayerExDraw.cpp.o
2026-09-07T17:57:39.4187100Z In file included from /home/runner/work/PocketKrKr/PocketKrKr/cpp/plugins/layerex_draw/general/LayerExDraw.cpp:5:
2026-09-07T17:57:39.4190193Z /home/runner/work/PocketKrKr/PocketKrKr/cpp/core/plugin/ncbind.hpp: In static member function ‘static ncbTypeConvertor::Conversion<FROM, TO>::OK ncbTypeConvertor::Conversion<FROM, TO>::check(TO)’:
2026-09-07T17:57:39.4192795Z /home/runner/work/PocketKrKr/PocketKrKr/cpp/core/plugin/ncbind.hpp:244:38: warning: no return statement in function returning non-void [-Wreturn-type]
2026-09-07T17:57:39.4194282Z   244 |                 static OK check(TO) {};
2026-09-07T17:57:39.4195077Z       |                                      ^
2026-09-07T17:57:39.5937348Z [281/741] Building CXX object cpp/plugins/fstat/CMakeFiles/fstat.dir/__/layerex_draw/general/DrawPath.cpp.o
2026-09-07T17:57:39.6101366Z [282/741] Building CXX object cpp/plugins/fstat/CMakeFiles/fstat.dir/__/motionplayer/EmotePlayer.cpp.o
2026-09-07T17:57:40.6646897Z [283/741] Building CXX object cpp/plugins/fstat/CMakeFiles/fstat.dir/__/layerex_draw/general/main.cpp.o
2026-09-07T17:57:40.6648710Z In file included from /home/runner/work/PocketKrKr/PocketKrKr/cpp/plugins/layerex_draw/general/main.cpp:3:
2026-09-07T17:57:40.6677576Z /home/runner/work/PocketKrKr/PocketKrKr/cpp/core/plugin/ncbind.hpp: In static member function ‘static ncbTypeConvertor::Conversion<FROM, TO>::OK ncbTypeConvertor::Conversion<FROM, TO>::check(TO)’:
2026-09-07T17:57:40.6679868Z /home/runner/work/PocketKrKr/PocketKrKr/cpp/core/plugin/ncbind.hpp:244:38: warning: no return statement in function returning non-void [-Wreturn-type]
2026-09-07T17:57:40.6681150Z   244 |                 static OK check(TO) {};
2026-09-07T17:57:40.6681673Z       |                                      ^
2026-09-07T17:57:40.6896834Z [284/741] Building CXX object cpp/plugins/fstat/CMakeFiles/fstat.dir/__/motionplayer/ResourceManager.cpp.o
2026-09-07T17:57:42.8656785Z [285/741] Building CXX object cpp/plugins/fstat/CMakeFiles/fstat.dir/__/kagparserex/kagparserex_plugin.cpp.o
2026-09-07T17:57:42.8677197Z In file included from /home/runner/work/PocketKrKr/PocketKrKr/cpp/plugins/kagparserex/kagparserex_plugin.cpp:2:
2026-09-07T17:57:42.8687799Z /home/runner/work/PocketKrKr/PocketKrKr/cpp/core/plugin/ncbind.hpp: In static member function ‘static ncbTypeConvertor::Conversion<FROM, TO>::OK ncbTypeConvertor::Conversion<FROM, TO>::check(TO)’:
2026-09-07T17:57:42.8689745Z /home/runner/work/PocketKrKr/PocketKrKr/cpp/core/plugin/ncbind.hpp:244:38: warning: no return statement in function returning non-void [-Wreturn-type]
2026-09-07T17:57:42.8690810Z   244 |                 static OK check(TO) {};
2026-09-07T17:57:42.8691496Z       |                                      ^
2026-09-07T17:57:42.9898327Z [286/741] Building CXX object cpp/plugins/fstat/CMakeFiles/fstat.dir/__/motionplayer/Player.cpp.o
2026-09-07T17:57:42.9936480Z In file included from /home/runner/work/PocketKrKr/PocketKrKr/cpp/plugins/motionplayer/Player.h:19,
2026-09-07T17:57:42.9966297Z                  from /home/runner/work/PocketKrKr/PocketKrKr/cpp/plugins/motionplayer/Player.cpp:5:
2026-09-07T17:57:42.9969093Z /home/runner/work/PocketKrKr/PocketKrKr/cpp/core/plugin/ncbind.hpp: In static member function ‘static ncbTypeConvertor::Conversion<FROM, TO>::OK ncbTypeConvertor::Conversion<FROM, TO>::check(TO)’:
2026-09-07T17:57:42.9994740Z /home/runner/work/PocketKrKr/PocketKrKr/cpp/core/plugin/ncbind.hpp:244:38: warning: no return statement in function returning non-void [-Wreturn-type]
2026-09-07T17:57:43.0025804Z   244 |                 static OK check(TO) {};
2026-09-07T17:57:43.0055863Z       |                                      ^
2026-09-07T17:57:45.0078056Z [287/741] Building CXX object cpp/plugins/fstat/CMakeFiles/fstat.dir/__/motionplayer/main.cpp.o
2026-09-07T17:57:45.0106053Z In file included from /home/runner/work/PocketKrKr/PocketKrKr/cpp/plugins/motionplayer/main.cpp:8:
2026-09-07T17:57:45.0137331Z /home/runner/work/PocketKrKr/PocketKrKr/cpp/core/plugin/ncbind.hpp: In static member function ‘static ncbTypeConvertor::Conversion<FROM, TO>::OK ncbTypeConvertor::Conversion<FROM, TO>::check(TO)’:
2026-09-07T17:57:45.0166341Z /home/runner/work/PocketKrKr/PocketKrKr/cpp/core/plugin/ncbind.hpp:244:38: warning: no return statement in function returning non-void [-Wreturn-type]
2026-09-07T17:57:45.0175919Z   244 |                 static OK check(TO) {};
2026-09-07T17:57:45.0176790Z       |                                      ^
2026-09-07T17:57:45.0697320Z [288/741] Building CXX object cpp/plugins/kagparserex/CMakeFiles/kagparserex.dir/kagparserex_plugin.cpp.o
2026-09-07T17:57:45.0710835Z In file included from /home/runner/work/PocketKrKr/PocketKrKr/cpp/plugins/kagparserex/kagparserex_plugin.cpp:2:
2026-09-07T17:57:45.0737670Z /home/runner/work/PocketKrKr/PocketKrKr/cpp/core/plugin/ncbind.hpp: In static member function ‘static ncbTypeConvertor::Conversion<FROM, TO>::OK ncbTypeConvertor::Conversion<FROM, TO>::check(TO)’:
2026-09-07T17:57:45.0754048Z /home/runner/work/PocketKrKr/PocketKrKr/cpp/core/plugin/ncbind.hpp:244:38: warning: no return statement in function returning non-void [-Wreturn-type]
2026-09-07T17:57:45.0756292Z   244 |                 static OK check(TO) {};
2026-09-07T17:57:45.0757078Z       |                                      ^
2026-09-07T17:57:45.4546713Z [289/741] Building CXX object cpp/plugins/kagparserex/CMakeFiles/kagparserex.dir/__/scriptsEx.cpp.o
2026-09-07T17:57:45.4576081Z In file included from /home/runner/work/PocketKrKr/PocketKrKr/cpp/plugins/scriptsEx.cpp:5:
2026-09-07T17:57:45.4598904Z /home/runner/work/PocketKrKr/PocketKrKr/cpp/core/plugin/ncbind.hpp: In static member function ‘static ncbTypeConvertor::Conversion<FROM, TO>::OK ncbTypeConvertor::Conversion<FROM, TO>::check(TO)’:
2026-09-07T17:57:45.4616422Z /home/runner/work/PocketKrKr/PocketKrKr/cpp/core/plugin/ncbind.hpp:244:38: warning: no return statement in function returning non-void [-Wreturn-type]
2026-09-07T17:57:45.4642189Z   244 |                 static OK check(TO) {};
2026-09-07T17:57:45.4643031Z       |                                      ^
2026-09-07T17:57:46.9633455Z [290/741] Building CXX object cpp/plugins/kagparserex/CMakeFiles/kagparserex.dir/__/win32dialog.cpp.o
2026-09-07T17:57:46.9634809Z In file included from /home/runner/work/PocketKrKr/PocketKrKr/cpp/plugins/win32dialog.cpp:2:
2026-09-07T17:57:46.9657848Z /home/runner/work/PocketKrKr/PocketKrKr/cpp/core/plugin/ncbind.hpp: In static member function ‘static ncbTypeConvertor::Conversion<FROM, TO>::OK ncbTypeConvertor::Conversion<FROM, TO>::check(TO)’:
2026-09-07T17:57:46.9686597Z /home/runner/work/PocketKrKr/PocketKrKr/cpp/core/plugin/ncbind.hpp:244:38: warning: no return statement in function returning non-void [-Wreturn-type]
2026-09-07T17:57:46.9696472Z   244 |                 static OK check(TO) {};
2026-09-07T17:57:46.9715797Z       |                                      ^
2026-09-07T17:57:47.3366537Z [291/741] Building CXX object cpp/plugins/kagparserex/CMakeFiles/kagparserex.dir/__/dirlist.cpp.o
2026-09-07T17:57:47.3376407Z In file included from /home/runner/work/PocketKrKr/PocketKrKr/cpp/plugins/dirlist.cpp:5:
2026-09-07T17:57:47.3379508Z /home/runner/work/PocketKrKr/PocketKrKr/cpp/core/plugin/ncbind.hpp: In static member function ‘static ncbTypeConvertor::Conversion<FROM, TO>::OK ncbTypeConvertor::Conversion<FROM, TO>::check(TO)’:
2026-09-07T17:57:47.3382097Z /home/runner/work/PocketKrKr/PocketKrKr/cpp/core/plugin/ncbind.hpp:244:38: warning: no return statement in function returning non-void [-Wreturn-type]
2026-09-07T17:57:47.3383604Z   244 |                 static OK check(TO) {};
2026-09-07T17:57:47.3384390Z       |                                      ^
2026-09-07T17:57:47.6986786Z [292/741] Building CXX object cpp/plugins/kagparserex/CMakeFiles/kagparserex.dir/__/csvParser.cpp.o
2026-09-07T17:57:47.7016376Z In file included from /home/runner/work/PocketKrKr/PocketKrKr/cpp/plugins/csvParser.cpp:3:
2026-09-07T17:57:47.7047490Z /home/runner/work/PocketKrKr/PocketKrKr/cpp/core/plugin/ncbind.hpp: In static member function ‘static ncbTypeConvertor::Conversion<FROM, TO>::OK ncbTypeConvertor::Conversion<FROM, TO>::check(TO)’:
2026-09-07T17:57:47.7076610Z /home/runner/work/PocketKrKr/PocketKrKr/cpp/core/plugin/ncbind.hpp:244:38: warning: no return statement in function returning non-void [-Wreturn-type]
2026-09-07T17:57:47.7086626Z   244 |                 static OK check(TO) {};
2026-09-07T17:57:47.7087419Z       |                                      ^
2026-09-07T17:57:49.5456608Z [293/741] Building CXX object cpp/plugins/kagparserex/CMakeFiles/kagparserex.dir/__/varfile.cpp.o
2026-09-07T17:57:49.5466364Z In file included from /home/runner/work/PocketKrKr/PocketKrKr/cpp/plugins/varfile.cpp:3:
2026-09-07T17:57:49.5469344Z /home/runner/work/PocketKrKr/PocketKrKr/cpp/core/plugin/ncbind.hpp: In static member function ‘static ncbTypeConvertor::Conversion<FROM, TO>::OK ncbTypeConvertor::Conversion<FROM, TO>::check(TO)’:
2026-09-07T17:57:49.5471874Z /home/runner/work/PocketKrKr/PocketKrKr/cpp/core/plugin/ncbind.hpp:244:38: warning: no return statement in function returning non-void [-Wreturn-type]
2026-09-07T17:57:49.5473184Z   244 |                 static OK check(TO) {};
2026-09-07T17:57:49.5473937Z       |                                      ^
2026-09-07T17:57:49.9634823Z [294/741] Building CXX object cpp/plugins/kagparserex/CMakeFiles/kagparserex.dir/__/layerExMovie.cpp.o
2026-09-07T17:57:49.9636451Z In file included from /home/runner/work/PocketKrKr/PocketKrKr/cpp/plugins/layerExMovie.cpp:9:
2026-09-07T17:57:49.9677740Z /home/runner/work/PocketKrKr/PocketKrKr/cpp/core/plugin/ncbind.hpp: In static member function ‘static ncbTypeConvertor::Conversion<FROM, TO>::OK ncbTypeConvertor::Conversion<FROM, TO>::check(TO)’:
2026-09-07T17:57:49.9680471Z /home/runner/work/PocketKrKr/PocketKrKr/cpp/core/plugin/ncbind.hpp:244:38: warning: no return statement in function returning non-void [-Wreturn-type]
2026-09-07T17:57:49.9693546Z   244 |                 static OK check(TO) {};
2026-09-07T17:57:49.9694233Z       |                                      ^
2026-09-07T17:57:49.9973800Z [295/741] Building CXX object cpp/plugins/kagparserex/CMakeFiles/kagparserex.dir/__/saveStruct.cpp.o
2026-09-07T17:57:49.9975795Z In file included from /home/runner/work/PocketKrKr/PocketKrKr/cpp/plugins/saveStruct.cpp:1:
2026-09-07T17:57:49.9978874Z /home/runner/work/PocketKrKr/PocketKrKr/cpp/core/plugin/ncbind.hpp: In static member function ‘static ncbTypeConvertor::Conversion<FROM, TO>::OK ncbTypeConvertor::Conversion<FROM, TO>::check(TO)’:
2026-09-07T17:57:49.9981352Z /home/runner/work/PocketKrKr/PocketKrKr/cpp/core/plugin/ncbind.hpp:244:38: warning: no return statement in function returning non-void [-Wreturn-type]
2026-09-07T17:57:49.9982991Z   244 |                 static OK check(TO) {};
2026-09-07T17:57:49.9983673Z       |                                      ^
2026-09-07T17:57:51.5866947Z [296/741] Building CXX object cpp/plugins/kagparserex/CMakeFiles/kagparserex.dir/__/getabout.cpp.o
2026-09-07T17:57:51.5896315Z In file included from /home/runner/work/PocketKrKr/PocketKrKr/cpp/plugins/getabout.cpp:1:
2026-09-07T17:57:51.5898398Z /home/runner/work/PocketKrKr/PocketKrKr/cpp/core/plugin/ncbind.hpp: In static member function ‘static ncbTypeConvertor::Conversion<FROM, TO>::OK ncbTypeConvertor::Conversion<FROM, TO>::check(TO)’:
2026-09-07T17:57:51.5900191Z /home/runner/work/PocketKrKr/PocketKrKr/cpp/core/plugin/ncbind.hpp:244:38: warning: no return statement in function returning non-void [-Wreturn-type]
2026-09-07T17:57:51.5901647Z   244 |                 static OK check(TO) {};
2026-09-07T17:57:51.5902669Z       |                                      ^
2026-09-07T17:57:52.1606535Z [297/741] Building CXX object cpp/plugins/kagparserex/CMakeFiles/kagparserex.dir/__/addFont.cpp.o
2026-09-07T17:57:52.1636146Z In file included from /home/runner/work/PocketKrKr/PocketKrKr/cpp/plugins/addFont.cpp:1:
2026-09-07T17:57:52.1638706Z /home/runner/work/PocketKrKr/PocketKrKr/cpp/core/plugin/ncbind.hpp: In static member function ‘static ncbTypeConvertor::Conversion<FROM, TO>::OK ncbTypeConvertor::Conversion<FROM, TO>::check(TO)’:
2026-09-07T17:57:52.1641045Z /home/runner/work/PocketKrKr/PocketKrKr/cpp/core/plugin/ncbind.hpp:244:38: warning: no return statement in function returning non-void [-Wreturn-type]
2026-09-07T17:57:52.1642325Z   244 |                 static OK check(TO) {};
2026-09-07T17:57:52.1642954Z       |                                      ^
2026-09-07T17:57:52.1708930Z [298/741] Building CXX object cpp/plugins/kagparserex/CMakeFiles/kagparserex.dir/__/wutcwf.cpp.o
2026-09-07T17:57:52.1710507Z In file included from /home/runner/work/PocketKrKr/PocketKrKr/cpp/plugins/wutcwf.cpp:2:
2026-09-07T17:57:52.1713089Z /home/runner/work/PocketKrKr/PocketKrKr/cpp/core/plugin/ncbind.hpp: In static member function ‘static ncbTypeConvertor::Conversion<FROM, TO>::OK ncbTypeConvertor::Conversion<FROM, TO>::check(TO)’:
2026-09-07T17:57:52.1715764Z /home/runner/work/PocketKrKr/PocketKrKr/cpp/core/plugin/ncbind.hpp:244:38: warning: no return statement in function returning non-void [-Wreturn-type]
2026-09-07T17:57:52.1717193Z   244 |                 static OK check(TO) {};
2026-09-07T17:57:52.1717843Z       |                                      ^
2026-09-07T17:57:54.4456863Z [299/741] Building CXX object cpp/plugins/kagparserex/CMakeFiles/kagparserex.dir/__/layerExPerspective.cpp.o
2026-09-07T17:57:54.4486413Z In file included from /home/runner/work/PocketKrKr/PocketKrKr/cpp/plugins/layerExPerspective.cpp:23:
2026-09-07T17:57:54.4517266Z /home/runner/work/PocketKrKr/PocketKrKr/cpp/core/plugin/ncbind.hpp: In static member function ‘static ncbTypeConvertor::Conversion<FROM, TO>::OK ncbTypeConvertor::Conversion<FROM, TO>::check(TO)’:
2026-09-07T17:57:54.4519559Z /home/runner/work/PocketKrKr/PocketKrKr/cpp/core/plugin/ncbind.hpp:244:38: warning: no return statement in function returning non-void [-Wreturn-type]
2026-09-07T17:57:54.4544684Z   244 |                 static OK check(TO) {};
2026-09-07T17:57:54.4545443Z       |                                      ^
2026-09-07T17:57:54.4966688Z [300/741] Building CXX object cpp/plugins/kagparserex/CMakeFiles/kagparserex.dir/__/getSample.cpp.o
2026-09-07T17:57:54.4986168Z In file included from /home/runner/work/PocketKrKr/PocketKrKr/cpp/plugins/getSample.cpp:1:
2026-09-07T17:57:54.4997783Z /home/runner/work/PocketKrKr/PocketKrKr/cpp/core/plugin/ncbind.hpp: In static member function ‘static ncbTypeConvertor::Conversion<FROM, TO>::OK ncbTypeConvertor::Conversion<FROM, TO>::check(TO)’:
2026-09-07T17:57:54.5017530Z /home/runner/work/PocketKrKr/PocketKrKr/cpp/core/plugin/ncbind.hpp:244:38: warning: no return statement in function returning non-void [-Wreturn-type]
2026-09-07T17:57:54.5045780Z   244 |                 static OK check(TO) {};
2026-09-07T17:57:54.5055799Z       |                                      ^
2026-09-07T17:57:54.6566617Z [301/741] Building CXX object cpp/plugins/kagparserex/CMakeFiles/kagparserex.dir/__/windowEx.cpp.o
2026-09-07T17:57:54.6567863Z In file included from /home/runner/work/PocketKrKr/PocketKrKr/cpp/plugins/windowEx.cpp:18:
2026-09-07T17:57:54.6570271Z /home/runner/work/PocketKrKr/PocketKrKr/cpp/core/plugin/ncbind.hpp: In static member function ‘static ncbTypeConvertor::Conversion<FROM, TO>::OK ncbTypeConvertor::Conversion<FROM, TO>::check(TO)’:
2026-09-07T17:57:54.6571580Z /home/runner/work/PocketKrKr/PocketKrKr/cpp/core/plugin/ncbind.hpp:244:38: warning: no return statement in function returning non-void [-Wreturn-type]
2026-09-07T17:57:54.6572290Z   244 |                 static OK check(TO) {};
2026-09-07T17:57:54.6572598Z       |                                      ^
2026-09-07T17:57:55.1176505Z [302/741] Building CXX object cpp/plugins/fstat/CMakeFiles/fstat.dir/__/psdfile/psdclass_loadstream.cpp.o
2026-09-07T17:57:55.1186545Z In file included from /home/runner/work/PocketKrKr/PocketKrKr/cpp/plugins/psdfile/psdparse/psddata.h:5,
2026-09-07T17:57:55.1188011Z                  from /home/runner/work/PocketKrKr/PocketKrKr/cpp/plugins/psdfile/psdparse/psdfile.h:4,
2026-09-07T17:57:55.1206102Z                  from /home/runner/work/PocketKrKr/PocketKrKr/cpp/plugins/psdfile/psdclass.h:9,
2026-09-07T17:57:55.1236127Z                  from /home/runner/work/PocketKrKr/PocketKrKr/cpp/plugins/psdfile/psdclass_loadstream.cpp:1:
2026-09-07T17:57:55.1266362Z /home/runner/work/PocketKrKr/PocketKrKr/cpp/plugins/psdfile/psdparse/psddesc.h:17:26: warning: multi-character character constant [-Wmultichar]
2026-09-07T17:57:55.1282941Z    17 |         TYPE_REFERENCE = 'obj ',
2026-09-07T17:57:55.1283601Z       |                          ^~~~~~
2026-09-07T17:57:55.1284901Z /home/runner/work/PocketKrKr/PocketKrKr/cpp/plugins/psdfile/psdparse/psddesc.h:18:27: warning: multi-character character constant [-Wmultichar]
2026-09-07T17:57:55.1286540Z    18 |         TYPE_DESCRIPTOR = 'Objc',
2026-09-07T17:57:55.1287198Z       |                           ^~~~~~
2026-09-07T17:57:55.1288456Z /home/runner/work/PocketKrKr/PocketKrKr/cpp/plugins/psdfile/psdparse/psddesc.h:19:21: warning: multi-character character constant [-Wmultichar]
2026-09-07T17:57:55.1289780Z    19 |         TYPE_LIST = 'VlLs',
2026-09-07T17:57:55.1290398Z       |                     ^~~~~~
2026-09-07T17:57:55.1291686Z /home/runner/work/PocketKrKr/PocketKrKr/cpp/plugins/psdfile/psdparse/psddesc.h:20:23: warning: multi-character character constant [-Wmultichar]
2026-09-07T17:57:55.1292998Z    20 |         TYPE_DOUBLE = 'doub',
2026-09-07T17:57:55.1293639Z       |                       ^~~~~~
2026-09-07T17:57:55.1294878Z /home/runner/work/PocketKrKr/PocketKrKr/cpp/plugins/psdfile/psdparse/psddesc.h:21:27: warning: multi-character character constant [-Wmultichar]
2026-09-07T17:57:55.1296466Z    21 |         TYPE_UNIT_FLOAT = 'UntF',
2026-09-07T17:57:55.1297112Z       |                           ^~~~~~
2026-09-07T17:57:55.1298377Z /home/runner/work/PocketKrKr/PocketKrKr/cpp/plugins/psdfile/psdparse/psddesc.h:22:23: warning: multi-character character constant [-Wmultichar]
2026-09-07T17:57:55.1299689Z    22 |         TYPE_STRING = 'TEXT',
2026-09-07T17:57:55.1300315Z       |                       ^~~~~~
2026-09-07T17:57:55.1301548Z /home/runner/work/PocketKrKr/PocketKrKr/cpp/plugins/psdfile/psdparse/psddesc.h:23:27: warning: multi-character character constant [-Wmultichar]
2026-09-07T17:57:55.1302826Z    23 |         TYPE_ENUMERATED = 'enum',
2026-09-07T17:57:55.1303468Z       |                           ^~~~~~
2026-09-07T17:57:55.1305021Z /home/runner/work/PocketKrKr/PocketKrKr/cpp/plugins/psdfile/psdparse/psddesc.h:24:24: warning: multi-character character constant [-Wmultichar]
2026-09-07T17:57:55.1306561Z    24 |         TYPE_INTEGER = 'long',
2026-09-07T17:57:55.1307178Z       |                        ^~~~~~
2026-09-07T17:57:55.1308410Z /home/runner/work/PocketKrKr/PocketKrKr/cpp/plugins/psdfile/psdparse/psddesc.h:25:24: warning: multi-character character constant [-Wmultichar]
2026-09-07T17:57:55.1310091Z    25 |         TYPE_BOOLEAN = 'bool',
2026-09-07T17:57:55.1310725Z       |                        ^~~~~~
2026-09-07T17:57:55.1311973Z /home/runner/work/PocketKrKr/PocketKrKr/cpp/plugins/psdfile/psdparse/psddesc.h:26:30: warning: multi-character character constant [-Wmultichar]
2026-09-07T17:57:55.1313304Z    26 |         TYPE_GLOBAL_OBJECT = 'GlbO',
2026-09-07T17:57:55.1313966Z       |                              ^~~~~~
2026-09-07T17:57:55.1316126Z /home/runner/work/PocketKrKr/PocketKrKr/cpp/plugins/psdfile/psdparse/psddesc.h:27:23: warning: multi-character character constant [-Wmultichar]
2026-09-07T17:57:55.1317409Z    27 |         TYPE_CLASS1 = 'type',
2026-09-07T17:57:55.1318046Z       |                       ^~~~~~
2026-09-07T17:57:55.1319303Z /home/runner/work/PocketKrKr/PocketKrKr/cpp/plugins/psdfile/psdparse/psddesc.h:28:23: warning: multi-character character constant [-Wmultichar]
2026-09-07T17:57:55.1320632Z    28 |         TYPE_CLASS2 = 'GlbC',
2026-09-07T17:57:55.1321242Z       |                       ^~~~~~
2026-09-07T17:57:55.1322502Z /home/runner/work/PocketKrKr/PocketKrKr/cpp/plugins/psdfile/psdparse/psddesc.h:29:22: warning: multi-character character constant [-Wmultichar]
2026-09-07T17:57:55.1323800Z    29 |         TYPE_ALIAS = 'alis',
2026-09-07T17:57:55.1324412Z       |                      ^~~~~~
2026-09-07T17:57:55.1325855Z /home/runner/work/PocketKrKr/PocketKrKr/cpp/plugins/psdfile/psdparse/psddesc.h:30:25: warning: multi-character character constant [-Wmultichar]
2026-09-07T17:57:55.1327212Z    30 |         TYPE_RAW_DATA = 'tdta',
2026-09-07T17:57:55.1327842Z       |                         ^~~~~~
2026-09-07T17:57:55.1329052Z /home/runner/work/PocketKrKr/PocketKrKr/cpp/plugins/psdfile/psdparse/psddesc.h:34:23: warning: multi-character character constant [-Wmultichar]
2026-09-07T17:57:55.1330206Z    34 |         UNIT_POINTS = '#Pnt',
2026-09-07T17:57:55.1330791Z       |                       ^~~~~~
2026-09-07T17:57:55.1331991Z /home/runner/work/PocketKrKr/PocketKrKr/cpp/plugins/psdfile/psdparse/psddesc.h:35:28: warning: multi-character character constant [-Wmultichar]
2026-09-07T17:57:55.1333311Z    35 |         UNIT_MILLIMETERS = '#Mlm',
2026-09-07T17:57:55.1333960Z       |                            ^~~~~~
2026-09-07T17:57:55.1335508Z /home/runner/work/PocketKrKr/PocketKrKr/cpp/plugins/psdfile/psdparse/psddesc.h:36:22: warning: multi-character character constant [-Wmultichar]
2026-09-07T17:57:55.1336906Z    36 |         UNIT_ANGLE = '#Ang', // degrees
2026-09-07T17:57:55.1337553Z       |                      ^~~~~~
2026-09-07T17:57:55.1338810Z /home/runner/work/PocketKrKr/PocketKrKr/cpp/plugins/psdfile/psdparse/psddesc.h:37:24: warning: multi-character character constant [-Wmultichar]
2026-09-07T17:57:55.1340172Z    37 |         UNIT_DENSITY = '#Rsl', // base per inch
2026-09-07T17:57:55.1340856Z       |                        ^~~~~~
2026-09-07T17:57:55.1342215Z /home/runner/work/PocketKrKr/PocketKrKr/cpp/plugins/psdfile/psdparse/psddesc.h:38:25: warning: multi-character character constant [-Wmultichar]
2026-09-07T17:57:55.1343598Z    38 |         UNIT_DISTANCE = '#Rlt', // base 72ppi
2026-09-07T17:57:55.1344230Z       |                         ^~~~~~
2026-09-07T17:57:55.1345730Z /home/runner/work/PocketKrKr/PocketKrKr/cpp/plugins/psdfile/psdparse/psddesc.h:39:21: warning: multi-character character constant [-Wmultichar]
2026-09-07T17:57:55.1347043Z    39 |         UNIT_NONE = '#Nne',
2026-09-07T17:57:55.1347634Z       |                     ^~~~~~
2026-09-07T17:57:55.1349094Z /home/runner/work/PocketKrKr/PocketKrKr/cpp/plugins/psdfile/psdparse/psddesc.h:40:24: warning: multi-character character constant [-Wmultichar]
2026-09-07T17:57:55.1350420Z    40 |         UNIT_PERCENT = '#Prc',
2026-09-07T17:57:55.1351036Z       |                        ^~~~~~
2026-09-07T17:57:55.1352300Z /home/runner/work/PocketKrKr/PocketKrKr/cpp/plugins/psdfile/psdparse/psddesc.h:41:23: warning: multi-character character constant [-Wmultichar]
2026-09-07T17:57:55.1353815Z    41 |         UNIT_PIXELS = '#Pxl',
2026-09-07T17:57:55.1354427Z       |                       ^~~~~~
2026-09-07T17:57:55.1355819Z /home/runner/work/PocketKrKr/PocketKrKr/cpp/plugins/psdfile/psdparse/psddesc.h:46:29: warning: multi-character character constant [-Wmultichar]
2026-09-07T17:57:55.1357130Z    46 |         REF_TYPE_PROPERTY = 'prop',
2026-09-07T17:57:55.1357773Z       |                             ^~~~~~
2026-09-07T17:57:55.1358966Z /home/runner/work/PocketKrKr/PocketKrKr/cpp/plugins/psdfile/psdparse/psddesc.h:47:26: warning: multi-character character constant [-Wmultichar]
2026-09-07T17:57:55.1360217Z    47 |         REF_TYPE_CLASS = 'Clss',
2026-09-07T17:57:55.1360833Z       |                          ^~~~~~
2026-09-07T17:57:55.1362033Z /home/runner/work/PocketKrKr/PocketKrKr/cpp/plugins/psdfile/psdparse/psddesc.h:48:29: warning: multi-character character constant [-Wmultichar]
2026-09-07T17:57:55.1363287Z    48 |         REF_TYPE_ENUM_REF = 'Enmr',
2026-09-07T17:57:55.1364005Z       |                             ^~~~~~
2026-09-07T17:57:55.1365389Z /home/runner/work/PocketKrKr/PocketKrKr/cpp/plugins/psdfile/psdparse/psddesc.h:49:27: warning: multi-character character constant [-Wmultichar]
2026-09-07T17:57:55.1366651Z    49 |         REF_TYPE_OFFSET = 'rele',
2026-09-07T17:57:55.1367266Z       |                           ^~~~~~
2026-09-07T17:57:55.1368479Z /home/runner/work/PocketKrKr/PocketKrKr/cpp/plugins/psdfile/psdparse/psddesc.h:50:31: warning: multi-character character constant [-Wmultichar]
2026-09-07T17:57:55.1369756Z    50 |         REF_TYPE_IDENTIFIER = 'Idnt',
2026-09-07T17:57:55.1370412Z       |                               ^~~~~~
2026-09-07T17:57:55.1371626Z /home/runner/work/PocketKrKr/PocketKrKr/cpp/plugins/psdfile/psdparse/psddesc.h:51:26: warning: multi-character character constant [-Wmultichar]
2026-09-07T17:57:55.1372859Z    51 |         REF_TYPE_INDEX = 'indx',
2026-09-07T17:57:55.1373498Z       |                          ^~~~~~
2026-09-07T17:57:55.1374690Z /home/runner/work/PocketKrKr/PocketKrKr/cpp/plugins/psdfile/psdparse/psddesc.h:52:25: warning: multi-character character constant [-Wmultichar]
2026-09-07T17:57:55.1376166Z    52 |         REF_TYPE_NAME = 'name',
2026-09-07T17:57:55.1376783Z       |                         ^~~~~~
2026-09-07T17:57:55.1377730Z In file included from /home/runner/work/PocketKrKr/PocketKrKr/cpp/plugins/psdfile/psdparse/psdfile.h:4,
2026-09-07T17:57:55.1379005Z                  from /home/runner/work/PocketKrKr/PocketKrKr/cpp/plugins/psdfile/psdclass.h:9,
2026-09-07T17:57:55.1380291Z                  from /home/runner/work/PocketKrKr/PocketKrKr/cpp/plugins/psdfile/psdclass_loadstream.cpp:1:
2026-09-07T17:57:55.1381903Z /home/runner/work/PocketKrKr/PocketKrKr/cpp/plugins/psdfile/psdparse/psddata.h:113:18: warning: multi-character character constant [-Wmultichar]
2026-09-07T17:57:55.1383222Z   113 |             case 'norm':
2026-09-07T17:57:55.1383771Z       |                  ^~~~~~
2026-09-07T17:57:55.1385042Z /home/runner/work/PocketKrKr/PocketKrKr/cpp/plugins/psdfile/psdparse/psddata.h:115:18: warning: multi-character character constant [-Wmultichar]
2026-09-07T17:57:55.1386589Z   115 |             case 'diss':
2026-09-07T17:57:55.1387156Z       |                  ^~~~~~
2026-09-07T17:57:55.1388377Z /home/runner/work/PocketKrKr/PocketKrKr/cpp/plugins/psdfile/psdparse/psddata.h:117:18: warning: multi-character character constant [-Wmultichar]
2026-09-07T17:57:55.1389678Z   117 |             case 'dark':
2026-09-07T17:57:55.1390253Z       |                  ^~~~~~
2026-09-07T17:57:55.1391652Z /home/runner/work/PocketKrKr/PocketKrKr/cpp/plugins/psdfile/psdparse/psddata.h:119:18: warning: multi-character character constant [-Wmultichar]
2026-09-07T17:57:55.1392951Z   119 |             case 'mul ':
2026-09-07T17:57:55.1393620Z       |                  ^~~~~~
2026-09-07T17:57:55.1394880Z /home/runner/work/PocketKrKr/PocketKrKr/cpp/plugins/psdfile/psdparse/psddata.h:121:18: warning: multi-character character constant [-Wmultichar]
2026-09-07T17:57:55.1396642Z   121 |             case 'idiv':
2026-09-07T17:57:55.1397218Z       |                  ^~~~~~
2026-09-07T17:57:55.1398409Z /home/runner/work/PocketKrKr/PocketKrKr/cpp/plugins/psdfile/psdparse/psddata.h:123:18: warning: multi-character character constant [-Wmultichar]
2026-09-07T17:57:55.1399694Z   123 |             case 'lbrn':
2026-09-07T17:57:55.1400271Z       |                  ^~~~~~
2026-09-07T17:57:55.1401480Z /home/runner/work/PocketKrKr/PocketKrKr/cpp/plugins/psdfile/psdparse/psddata.h:125:18: warning: multi-character character constant [-Wmultichar]
2026-09-07T17:57:55.1402747Z   125 |             case 'dkCl':
2026-09-07T17:57:55.1403326Z       |                  ^~~~~~
2026-09-07T17:57:55.1404526Z /home/runner/work/PocketKrKr/PocketKrKr/cpp/plugins/psdfile/psdparse/psddata.h:127:18: warning: multi-character character constant [-Wmultichar]
2026-09-07T17:57:55.1406042Z   127 |             case 'lite':
2026-09-07T17:57:55.1406622Z       |                  ^~~~~~
2026-09-07T17:57:55.1407827Z /home/runner/work/PocketKrKr/PocketKrKr/cpp/plugins/psdfile/psdparse/psddata.h:129:18: warning: multi-character character constant [-Wmultichar]
2026-09-07T17:57:55.1409102Z   129 |             case 'scrn':
2026-09-07T17:57:55.1409669Z       |                  ^~~~~~
2026-09-07T17:57:55.1410852Z /home/runner/work/PocketKrKr/PocketKrKr/cpp/plugins/psdfile/psdparse/psddata.h:131:18: warning: multi-character character constant [-Wmultichar]
2026-09-07T17:57:55.1412149Z   131 |             case 'div ':
2026-09-07T17:57:55.1412721Z       |                  ^~~~~~
2026-09-07T17:57:55.1413936Z /home/runner/work/PocketKrKr/PocketKrKr/cpp/plugins/psdfile/psdparse/psddata.h:133:18: warning: multi-character character constant [-Wmultichar]
2026-09-07T17:57:55.1415434Z   133 |             case 'lddg':
2026-09-07T17:57:55.1416017Z       |                  ^~~~~~
2026-09-07T17:57:55.1417228Z /home/runner/work/PocketKrKr/PocketKrKr/cpp/plugins/psdfile/psdparse/psddata.h:135:18: warning: multi-character character constant [-Wmultichar]
2026-09-07T17:57:55.1418508Z   135 |             case 'ltCl':
2026-09-07T17:57:55.1419066Z       |                  ^~~~~~
2026-09-07T17:57:55.1420267Z /home/runner/work/PocketKrKr/PocketKrKr/cpp/plugins/psdfile/psdparse/psddata.h:137:18: warning: multi-character character constant [-Wmultichar]
2026-09-07T17:57:55.1421547Z   137 |             case 'over':
2026-09-07T17:57:55.1422120Z       |                  ^~~~~~
2026-09-07T17:57:55.1423336Z /home/runner/work/PocketKrKr/PocketKrKr/cpp/plugins/psdfile/psdparse/psddata.h:139:18: warning: multi-character character constant [-Wmultichar]
2026-09-07T17:57:55.1424624Z   139 |             case 'sLit':
2026-09-07T17:57:55.1425389Z       |                  ^~~~~~
2026-09-07T17:57:55.1426641Z /home/runner/work/PocketKrKr/PocketKrKr/cpp/plugins/psdfile/psdparse/psddata.h:141:18: warning: multi-character character constant [-Wmultichar]
2026-09-07T17:57:55.1427997Z   141 |             case 'hLit':
2026-09-07T17:57:55.1428521Z       |                  ^~~~~~
2026-09-07T17:57:55.1429727Z /home/runner/work/PocketKrKr/PocketKrKr/cpp/plugins/psdfile/psdparse/psddata.h:143:18: warning: multi-character character constant [-Wmultichar]
2026-09-07T17:57:55.1431001Z   143 |             case 'vLit':
2026-09-07T17:57:55.1431558Z       |                  ^~~~~~
2026-09-07T17:57:55.1432785Z /home/runner/work/PocketKrKr/PocketKrKr/cpp/plugins/psdfile/psdparse/psddata.h:145:18: warning: multi-character character constant [-Wmultichar]
2026-09-07T17:57:55.1434072Z   145 |             case 'lLit':
2026-09-07T17:57:55.1434631Z       |                  ^~~~~~
2026-09-07T17:57:55.1436246Z /home/runner/work/PocketKrKr/PocketKrKr/cpp/plugins/psdfile/psdparse/psddata.h:147:18: warning: multi-character character constant [-Wmultichar]
2026-09-07T17:57:55.1437571Z   147 |             case 'pLit':
2026-09-07T17:57:55.1438143Z       |                  ^~~~~~
2026-09-07T17:57:55.1439339Z /home/runner/work/PocketKrKr/PocketKrKr/cpp/plugins/psdfile/psdparse/psddata.h:149:18: warning: multi-character character constant [-Wmultichar]
2026-09-07T17:57:55.1440807Z   149 |             case 'hMix':
2026-09-07T17:57:55.1441461Z       |                  ^~~~~~
2026-09-07T17:57:55.1442677Z /home/runner/work/PocketKrKr/PocketKrKr/cpp/plugins/psdfile/psdparse/psddata.h:151:18: warning: multi-character character constant [-Wmultichar]
2026-09-07T17:57:55.1443961Z   151 |             case 'diff':
2026-09-07T17:57:55.1444521Z       |                  ^~~~~~
2026-09-07T17:57:55.1445974Z /home/runner/work/PocketKrKr/PocketKrKr/cpp/plugins/psdfile/psdparse/psddata.h:153:18: warning: multi-character character constant [-Wmultichar]
2026-09-07T17:57:55.1447298Z   153 |             case 'smud':
2026-09-07T17:57:55.1447867Z       |                  ^~~~~~
2026-09-07T17:57:55.1449084Z /home/runner/work/PocketKrKr/PocketKrKr/cpp/plugins/psdfile/psdparse/psddata.h:155:18: warning: multi-character character constant [-Wmultichar]
2026-09-07T17:57:55.1450362Z   155 |             case 'fsub':
2026-09-07T17:57:55.1450933Z       |                  ^~~~~~
2026-09-07T17:57:55.1452156Z /home/runner/work/PocketKrKr/PocketKrKr/cpp/plugins/psdfile/psdparse/psddata.h:157:18: warning: multi-character character constant [-Wmultichar]
2026-09-07T17:57:55.1453433Z   157 |             case 'fdiv':
2026-09-07T17:57:55.1453985Z       |                  ^~~~~~
2026-09-07T17:57:55.1455380Z /home/runner/work/PocketKrKr/PocketKrKr/cpp/plugins/psdfile/psdparse/psddata.h:159:18: warning: multi-character character constant [-Wmultichar]
2026-09-07T17:57:55.1456676Z   159 |             case 'hue ':
2026-09-07T17:57:55.1457265Z       |                  ^~~~~~
2026-09-07T17:57:55.1460767Z /home/runner/work/PocketKrKr/PocketKrKr/cpp/plugins/psdfile/psdparse/psddata.h:161:18: warning: multi-character character constant [-Wmultichar]
2026-09-07T17:57:55.1462089Z   161 |             case 'sat ':
2026-09-07T17:57:55.1462680Z       |                  ^~~~~~
2026-09-07T17:57:55.1463925Z /home/runner/work/PocketKrKr/PocketKrKr/cpp/plugins/psdfile/psdparse/psddata.h:163:18: warning: multi-character character constant [-Wmultichar]
2026-09-07T17:57:55.1465575Z   163 |             case 'colr':
2026-09-07T17:57:55.1466181Z       |                  ^~~~~~
2026-09-07T17:57:55.1467392Z /home/runner/work/PocketKrKr/PocketKrKr/cpp/plugins/psdfile/psdparse/psddata.h:165:18: warning: multi-character character constant [-Wmultichar]
2026-09-07T17:57:55.1468662Z   165 |             case 'lum ':
2026-09-07T17:57:55.1469217Z       |                  ^~~~~~
2026-09-07T17:57:55.1470413Z /home/runner/work/PocketKrKr/PocketKrKr/cpp/plugins/psdfile/psdparse/psddata.h:167:18: warning: multi-character character constant [-Wmultichar]
2026-09-07T17:57:55.1471683Z   167 |             case 'pass':
2026-09-07T17:57:55.1472262Z       |                  ^~~~~~
2026-09-07T17:57:55.1473204Z In file included from /home/runner/work/PocketKrKr/PocketKrKr/cpp/plugins/psdfile/psdparse/psdfile.h:3,
2026-09-07T17:57:55.1474520Z                  from /home/runner/work/PocketKrKr/PocketKrKr/cpp/plugins/psdfile/psdclass.h:9,
2026-09-07T17:57:55.1476095Z                  from /home/runner/work/PocketKrKr/PocketKrKr/cpp/plugins/psdfile/psdclass_loadstream.cpp:1:
2026-09-07T17:57:55.1477843Z /home/runner/work/PocketKrKr/PocketKrKr/cpp/plugins/psdfile/psdparse/psddesc.h: In member function ‘virtual void psd::DescriptorReference::dump(int)’:
2026-09-07T17:57:55.1479487Z /home/runner/work/PocketKrKr/PocketKrKr/cpp/plugins/psdfile/psdparse/psddesc.h:234:20: warning: format ‘%d’ expects argument of type ‘int’, but argument 3 has type ‘std::vector<psd::ReferenceItem*>::size_type’ {aka ‘long unsigned int’} [-Wformat=]
2026-09-07T17:57:55.1480787Z   234 |             dprint("%s (count:%d)\n", typeName(), items.size());
2026-09-07T17:57:55.1481179Z       |                    ^~~~~~~~~~~~~~~~~              ~~~~~~~~~~~~
2026-09-07T17:57:55.1481513Z       |                                                             |
2026-09-07T17:57:55.1482123Z       |                                                             std::vector<psd::ReferenceItem*>::size_type {aka long unsigned int}
2026-09-07T17:57:55.1482965Z /home/runner/work/PocketKrKr/PocketKrKr/cpp/plugins/psdfile/psdparse/psdbase.h:7:28: note: in definition of macro ‘dprint’
2026-09-07T17:57:55.1483591Z     7 | #define dprint(...) printf(__VA_ARGS__);
2026-09-07T17:57:55.1483904Z       |                            ^~~~~~~~~~~
2026-09-07T17:57:55.1484409Z In file included from /home/runner/work/PocketKrKr/PocketKrKr/cpp/plugins/psdfile/psdparse/psddata.h:5,
2026-09-07T17:57:55.1485092Z                  from /home/runner/work/PocketKrKr/PocketKrKr/cpp/plugins/psdfile/psdparse/psdfile.h:4,
2026-09-07T17:57:55.1486426Z                  from /home/runner/work/PocketKrKr/PocketKrKr/cpp/plugins/psdfile/psdclass.h:9,
2026-09-07T17:57:55.1487583Z                  from /home/runner/work/PocketKrKr/PocketKrKr/cpp/plugins/psdfile/psdclass_loadstream.cpp:1:
2026-09-07T17:57:55.1489009Z /home/runner/work/PocketKrKr/PocketKrKr/cpp/plugins/psdfile/psdparse/psddesc.h:234:32: note: format string is defined here
2026-09-07T17:57:55.1490184Z   234 |             dprint("%s (count:%d)\n", typeName(), items.size());
2026-09-07T17:57:55.1490786Z       |                               ~^
2026-09-07T17:57:55.1491234Z       |                                |
2026-09-07T17:57:55.1491695Z       |                                int
2026-09-07T17:57:55.1492162Z       |                               %ld
2026-09-07T17:57:55.1493032Z In file included from /home/runner/work/PocketKrKr/PocketKrKr/cpp/plugins/psdfile/psdparse/psdfile.h:3,
2026-09-07T17:57:55.1494215Z                  from /home/runner/work/PocketKrKr/PocketKrKr/cpp/plugins/psdfile/psdclass.h:9,
2026-09-07T17:57:55.1495575Z                  from /home/runner/work/PocketKrKr/PocketKrKr/cpp/plugins/psdfile/psdclass_loadstream.cpp:1:
2026-09-07T17:57:55.1497470Z /home/runner/work/PocketKrKr/PocketKrKr/cpp/plugins/psdfile/psdparse/psddesc.h: In member function ‘virtual void psd::DescriptorList::dump(int)’:
2026-09-07T17:57:55.1500375Z /home/runner/work/PocketKrKr/PocketKrKr/cpp/plugins/psdfile/psdparse/psddesc.h:253:20: warning: format ‘%d’ expects argument of type ‘int’, but argument 3 has type ‘std::vector<psd::DescriptorItem*>::size_type’ {aka ‘long unsigned int’} [-Wformat=]
2026-09-07T17:57:55.1502290Z   253 |             dprint("%s (count:%d)\n", typeName(), items.size());
2026-09-07T17:57:55.1502935Z       |                    ^~~~~~~~~~~~~~~~~              ~~~~~~~~~~~~
2026-09-07T17:57:55.1503520Z       |                                                             |
2026-09-07T17:57:55.1504385Z       |                                                             std::vector<psd::DescriptorItem*>::size_type {aka long unsigned int}
2026-09-07T17:57:55.1506174Z /home/runner/work/PocketKrKr/PocketKrKr/cpp/plugins/psdfile/psdparse/psdbase.h:7:28: note: in definition of macro ‘dprint’
2026-09-07T17:57:55.1507271Z     7 | #define dprint(...) printf(__VA_ARGS__);
2026-09-07T17:57:55.1507821Z       |                            ^~~~~~~~~~~
2026-09-07T17:57:55.1508715Z In file included from /home/runner/work/PocketKrKr/PocketKrKr/cpp/plugins/psdfile/psdparse/psddata.h:5,
2026-09-07T17:57:55.1509943Z                  from /home/runner/work/PocketKrKr/PocketKrKr/cpp/plugins/psdfile/psdparse/psdfile.h:4,
2026-09-07T17:57:55.1511076Z                  from /home/runner/work/PocketKrKr/PocketKrKr/cpp/plugins/psdfile/psdclass.h:9,
2026-09-07T17:57:55.1512232Z                  from /home/runner/work/PocketKrKr/PocketKrKr/cpp/plugins/psdfile/psdclass_loadstream.cpp:1:
2026-09-07T17:57:55.1513884Z /home/runner/work/PocketKrKr/PocketKrKr/cpp/plugins/psdfile/psdparse/psddesc.h:253:32: note: format string is defined here
2026-09-07T17:57:55.1515037Z   253 |             dprint("%s (count:%d)\n", typeName(), items.size());
2026-09-07T17:57:55.1515844Z       |                               ~^
2026-09-07T17:57:55.1516293Z       |                                |
2026-09-07T17:57:55.1516980Z       |                                int
2026-09-07T17:57:55.1517427Z       |                               %ld
2026-09-07T17:57:55.1518228Z In file included from /home/runner/work/PocketKrKr/PocketKrKr/cpp/plugins/psdfile/psdclass.h:10,
2026-09-07T17:57:55.1519448Z                  from /home/runner/work/PocketKrKr/PocketKrKr/cpp/plugins/psdfile/psdclass_loadstream.cpp:1:
2026-09-07T17:57:55.1521682Z /home/runner/work/PocketKrKr/PocketKrKr/cpp/core/plugin/ncbind.hpp: In static member function ‘static ncbTypeConvertor::Conversion<FROM, TO>::OK ncbTypeConvertor::Conversion<FROM, TO>::check(TO)’:
2026-09-07T17:57:55.1523877Z /home/runner/work/PocketKrKr/PocketKrKr/cpp/core/plugin/ncbind.hpp:244:38: warning: no return statement in function returning non-void [-Wreturn-type]
2026-09-07T17:57:55.1525107Z   244 |                 static OK check(TO) {};
2026-09-07T17:57:55.1525833Z       |                                      ^
2026-09-07T17:57:56.2896752Z [303/741] Building CXX object cpp/plugins/kagparserex/CMakeFiles/kagparserex.dir/__/LayerExBase.cpp.o
2026-09-07T17:57:56.5596823Z [304/741] Building CXX object cpp/plugins/kagparserex/CMakeFiles/kagparserex.dir/__/fftgraph.cpp.o
2026-09-07T17:57:56.5597946Z In file included from /home/runner/work/PocketKrKr/PocketKrKr/cpp/plugins/fftgraph.cpp:1:
2026-09-07T17:57:56.5600061Z /home/runner/work/PocketKrKr/PocketKrKr/cpp/core/plugin/ncbind.hpp: In static member function ‘static ncbTypeConvertor::Conversion<FROM, TO>::OK ncbTypeConvertor::Conversion<FROM, TO>::check(TO)’:
2026-09-07T17:57:56.5601799Z /home/runner/work/PocketKrKr/PocketKrKr/cpp/core/plugin/ncbind.hpp:244:38: warning: no return statement in function returning non-void [-Wreturn-type]
2026-09-07T17:57:56.5602732Z   244 |                 static OK check(TO) {};
2026-09-07T17:57:56.5603290Z       |                                      ^
2026-09-07T17:57:57.1646627Z [305/741] Building CXX object cpp/plugins/kagparserex/CMakeFiles/kagparserex.dir/__/xp3filter.cpp.o
2026-09-07T17:57:57.1676090Z In file included from /home/runner/work/PocketKrKr/PocketKrKr/cpp/plugins/xp3filter.cpp:1:
2026-09-07T17:57:57.1707277Z /home/runner/work/PocketKrKr/PocketKrKr/cpp/core/plugin/ncbind.hpp: In static member function ‘static ncbTypeConvertor::Conversion<FROM, TO>::OK ncbTypeConvertor::Conversion<FROM, TO>::check(TO)’:
2026-09-07T17:57:57.1736609Z /home/runner/work/PocketKrKr/PocketKrKr/cpp/core/plugin/ncbind.hpp:244:38: warning: no return statement in function returning non-void [-Wreturn-type]
2026-09-07T17:57:57.1765812Z   244 |                 static OK check(TO) {};
2026-09-07T17:57:57.1785892Z       |                                      ^
2026-09-07T17:57:57.2912141Z [306/741] Building CXX object cpp/plugins/kagparserex/CMakeFiles/kagparserex.dir/__/extrans.cpp.o
2026-09-07T17:57:57.2946202Z In file included from /home/runner/work/PocketKrKr/PocketKrKr/cpp/plugins/extrans.cpp:1:
2026-09-07T17:57:57.2996803Z /home/runner/work/PocketKrKr/PocketKrKr/cpp/core/plugin/ncbind.hpp: In static member function ‘static ncbTypeConvertor::Conversion<FROM, TO>::OK ncbTypeConvertor::Conversion<FROM, TO>::check(TO)’:
2026-09-07T17:57:59.0301291Z /home/runner/work/PocketKrKr/PocketKrKr/cpp/core/plugin/ncbind.hpp:244:38: warning: no return statement in function returning non-void [-Wreturn-type]
2026-09-07T17:57:59.0302644Z   244 |                 static OK check(TO) {};
2026-09-07T17:57:59.0303169Z       |                                      ^
2026-09-07T17:57:59.0304072Z [307/741] Building CXX object cpp/plugins/kagparserex/CMakeFiles/kagparserex.dir/__/alphamovie.cpp.o
2026-09-07T17:57:59.0318530Z In file included from /home/runner/work/PocketKrKr/PocketKrKr/cpp/plugins/alphamovie.cpp:10:
2026-09-07T17:57:59.0348147Z /home/runner/work/PocketKrKr/PocketKrKr/cpp/core/plugin/ncbind.hpp: In static member function ‘static ncbTypeConvertor::Conversion<FROM, TO>::OK ncbTypeConvertor::Conversion<FROM, TO>::check(TO)’:
2026-09-07T17:57:59.0361560Z /home/runner/work/PocketKrKr/PocketKrKr/cpp/core/plugin/ncbind.hpp:244:38: warning: no return statement in function returning non-void [-Wreturn-type]
2026-09-07T17:57:59.0363363Z   244 |                 static OK check(TO) {};
2026-09-07T17:57:59.0364177Z       |                                      ^
2026-09-07T17:57:59.4404716Z [308/741] Building CXX object cpp/plugins/kagparserex/CMakeFiles/kagparserex.dir/__/layerExBTOA.cpp.o
2026-09-07T17:57:59.4420220Z In file included from /home/runner/work/PocketKrKr/PocketKrKr/cpp/plugins/layerExBTOA.cpp:4:
2026-09-07T17:57:59.4423216Z /home/runner/work/PocketKrKr/PocketKrKr/cpp/core/plugin/ncbind.hpp: In static member function ‘static ncbTypeConvertor::Conversion<FROM, TO>::OK ncbTypeConvertor::Conversion<FROM, TO>::check(TO)’:
2026-09-07T17:57:59.4425967Z /home/runner/work/PocketKrKr/PocketKrKr/cpp/core/plugin/ncbind.hpp:244:38: warning: no return statement in function returning non-void [-Wreturn-type]
2026-09-07T17:57:59.4427438Z   244 |                 static OK check(TO) {};
2026-09-07T17:57:59.4428143Z       |                                      ^
2026-09-07T17:57:59.4882206Z [309/741] Building CXX object cpp/plugins/kagparserex/CMakeFiles/kagparserex.dir/__/textrender.cpp.o
2026-09-07T17:57:59.4883907Z In file included from /home/runner/work/PocketKrKr/PocketKrKr/cpp/plugins/textrender.cpp:10:
2026-09-07T17:57:59.4886921Z /home/runner/work/PocketKrKr/PocketKrKr/cpp/core/plugin/ncbind.hpp: In static member function ‘static ncbTypeConvertor::Conversion<FROM, TO>::OK ncbTypeConvertor::Conversion<FROM, TO>::check(TO)’:
2026-09-07T17:57:59.4889500Z /home/runner/work/PocketKrKr/PocketKrKr/cpp/core/plugin/ncbind.hpp:244:38: warning: no return statement in function returning non-void [-Wreturn-type]
2026-09-07T17:57:59.4890973Z   244 |                 static OK check(TO) {};
2026-09-07T17:57:59.4891736Z       |                                      ^
2026-09-07T17:57:59.8576293Z [310/741] Building CXX object cpp/plugins/kagparserex/CMakeFiles/kagparserex.dir/__/layerExImage.cpp.o
2026-09-07T17:57:59.8590193Z In file included from /home/runner/work/PocketKrKr/PocketKrKr/cpp/plugins/layerExImage.cpp:5:
2026-09-07T17:57:59.8617531Z /home/runner/work/PocketKrKr/PocketKrKr/cpp/core/plugin/ncbind.hpp: In static member function ‘static ncbTypeConvertor::Conversion<FROM, TO>::OK ncbTypeConvertor::Conversion<FROM, TO>::check(TO)’:
2026-09-07T17:57:59.8636929Z /home/runner/work/PocketKrKr/PocketKrKr/cpp/core/plugin/ncbind.hpp:244:38: warning: no return statement in function returning non-void [-Wreturn-type]
2026-09-07T17:57:59.8638572Z   244 |                 static OK check(TO) {};
2026-09-07T17:57:59.8639389Z       |                                      ^
2026-09-07T17:58:01.3686920Z [311/741] Building CXX object cpp/plugins/kagparserex/CMakeFiles/kagparserex.dir/__/layerExRaster.cpp.o
2026-09-07T17:58:01.3696619Z In file included from /home/runner/work/PocketKrKr/PocketKrKr/cpp/plugins/layerExRaster.cpp:4:
2026-09-07T17:58:01.3717557Z /home/runner/work/PocketKrKr/PocketKrKr/cpp/core/plugin/ncbind.hpp: In static member function ‘static ncbTypeConvertor::Conversion<FROM, TO>::OK ncbTypeConvertor::Conversion<FROM, TO>::check(TO)’:
2026-09-07T17:58:01.3726211Z /home/runner/work/PocketKrKr/PocketKrKr/cpp/core/plugin/ncbind.hpp:244:38: warning: no return statement in function returning non-void [-Wreturn-type]
2026-09-07T17:58:01.3775929Z   244 |                 static OK check(TO) {};
2026-09-07T17:58:01.3776861Z       |                                      ^
2026-09-07T17:58:01.6286574Z [312/741] Building CXX object cpp/plugins/kagparserex/CMakeFiles/kagparserex.dir/__/layerExAreaAverage.cpp.o
2026-09-07T17:58:01.6326320Z In file included from /home/runner/work/PocketKrKr/PocketKrKr/cpp/plugins/layerExAreaAverage.cpp:4:
2026-09-07T17:58:01.6357801Z /home/runner/work/PocketKrKr/PocketKrKr/cpp/core/plugin/ncbind.hpp: In static member function ‘static ncbTypeConvertor::Conversion<FROM, TO>::OK ncbTypeConvertor::Conversion<FROM, TO>::check(TO)’:
2026-09-07T17:58:01.6376888Z /home/runner/work/PocketKrKr/PocketKrKr/cpp/core/plugin/ncbind.hpp:244:38: warning: no return statement in function returning non-void [-Wreturn-type]
2026-09-07T17:58:01.6378730Z   244 |                 static OK check(TO) {};
2026-09-07T17:58:01.6379443Z       |                                      ^
2026-09-07T17:58:01.8346710Z [313/741] Building CXX object cpp/plugins/kagparserex/CMakeFiles/kagparserex.dir/__/layerExLongExposure.cpp.o
2026-09-07T17:58:01.8376267Z In file included from /home/runner/work/PocketKrKr/PocketKrKr/cpp/plugins/layerExLongExposure.cpp:4:
2026-09-07T17:58:01.8407463Z /home/runner/work/PocketKrKr/PocketKrKr/cpp/core/plugin/ncbind.hpp: In static member function ‘static ncbTypeConvertor::Conversion<FROM, TO>::OK ncbTypeConvertor::Conversion<FROM, TO>::check(TO)’:
2026-09-07T17:58:01.8436754Z /home/runner/work/PocketKrKr/PocketKrKr/cpp/core/plugin/ncbind.hpp:244:38: warning: no return statement in function returning non-void [-Wreturn-type]
2026-09-07T17:58:01.8465930Z   244 |                 static OK check(TO) {};
2026-09-07T17:58:01.8495765Z       |                                      ^
2026-09-07T17:58:04.0461914Z [314/741] Building CXX object cpp/plugins/kagparserex/CMakeFiles/kagparserex.dir/__/krkrgles.cpp.o
2026-09-07T17:58:04.0486097Z In file included from /home/runner/work/PocketKrKr/PocketKrKr/cpp/plugins/krkrgles.cpp:2:
2026-09-07T17:58:04.0517375Z /home/runner/work/PocketKrKr/PocketKrKr/cpp/core/plugin/ncbind.hpp: In static member function ‘static ncbTypeConvertor::Conversion<FROM, TO>::OK ncbTypeConvertor::Conversion<FROM, TO>::check(TO)’:
2026-09-07T17:58:04.0566705Z /home/runner/work/PocketKrKr/PocketKrKr/cpp/core/plugin/ncbind.hpp:244:38: warning: no return statement in function returning non-void [-Wreturn-type]
2026-09-07T17:58:04.0568358Z   244 |                 static OK check(TO) {};
2026-09-07T17:58:04.0569104Z       |                                      ^
2026-09-07T17:58:04.2406621Z [315/741] Building CXX object cpp/plugins/kagparserex/CMakeFiles/kagparserex.dir/__/drawDeviceD2DCompat.cpp.o
2026-09-07T17:58:04.2436089Z In file included from /home/runner/work/PocketKrKr/PocketKrKr/cpp/plugins/drawDeviceD2DCompat.cpp:3:
2026-09-07T17:58:04.2467269Z /home/runner/work/PocketKrKr/PocketKrKr/cpp/core/plugin/ncbind.hpp: In static member function ‘static ncbTypeConvertor::Conversion<FROM, TO>::OK ncbTypeConvertor::Conversion<FROM, TO>::check(TO)’:
2026-09-07T17:58:04.2486691Z /home/runner/work/PocketKrKr/PocketKrKr/cpp/core/plugin/ncbind.hpp:244:38: warning: no return statement in function returning non-void [-Wreturn-type]
2026-09-07T17:58:04.2495794Z   244 |                 static OK check(TO) {};
2026-09-07T17:58:04.2525816Z       |                                      ^
2026-09-07T17:58:04.3476770Z [316/741] Building CXX object cpp/plugins/kagparserex/CMakeFiles/kagparserex.dir/__/wfTypicalDSPCompat.cpp.o
2026-09-07T17:58:04.3478209Z In file included from /home/runner/work/PocketKrKr/PocketKrKr/cpp/plugins/wfTypicalDSPCompat.cpp:3:
2026-09-07T17:58:04.3486850Z /home/runner/work/PocketKrKr/PocketKrKr/cpp/core/plugin/ncbind.hpp: In static member function ‘static ncbTypeConvertor::Conversion<FROM, TO>::OK ncbTypeConvertor::Conversion<FROM, TO>::check(TO)’:
2026-09-07T17:58:04.3489886Z /home/runner/work/PocketKrKr/PocketKrKr/cpp/core/plugin/ncbind.hpp:244:38: warning: no return statement in function returning non-void [-Wreturn-type]
2026-09-07T17:58:04.3491315Z   244 |                 static OK check(TO) {};
2026-09-07T17:58:04.3491962Z       |                                      ^
2026-09-07T17:58:04.7466811Z [317/741] Building CXX object cpp/plugins/kagparserex/CMakeFiles/kagparserex.dir/__/wfBasicEffectCompat.cpp.o
2026-09-07T17:58:04.7468304Z In file included from /home/runner/work/PocketKrKr/PocketKrKr/cpp/plugins/wfBasicEffectCompat.cpp:3:
2026-09-07T17:58:04.7507863Z /home/runner/work/PocketKrKr/PocketKrKr/cpp/core/plugin/ncbind.hpp: In static member function ‘static ncbTypeConvertor::Conversion<FROM, TO>::OK ncbTypeConvertor::Conversion<FROM, TO>::check(TO)’:
2026-09-07T17:58:04.7536337Z /home/runner/work/PocketKrKr/PocketKrKr/cpp/core/plugin/ncbind.hpp:244:38: warning: no return statement in function returning non-void [-Wreturn-type]
2026-09-07T17:58:04.7537884Z   244 |                 static OK check(TO) {};
2026-09-07T17:58:04.7555791Z       |                                      ^
2026-09-07T17:58:07.2666944Z [318/741] Building CXX object cpp/plugins/kagparserex/CMakeFiles/kagparserex.dir/__/psdfile/main.cpp.o
2026-09-07T17:58:07.2692963Z In file included from /home/runner/work/PocketKrKr/PocketKrKr/cpp/plugins/psdfile/psdparse/psddata.h:5,
2026-09-07T17:58:07.2694618Z                  from /home/runner/work/PocketKrKr/PocketKrKr/cpp/plugins/psdfile/psdparse/psdfile.h:4,
2026-09-07T17:58:07.2696072Z                  from /home/runner/work/PocketKrKr/PocketKrKr/cpp/plugins/psdfile/psdclass.h:9,
2026-09-07T17:58:07.2697211Z                  from /home/runner/work/PocketKrKr/PocketKrKr/cpp/plugins/psdfile/main.cpp:5:
2026-09-07T17:58:07.2698705Z /home/runner/work/PocketKrKr/PocketKrKr/cpp/plugins/psdfile/psdparse/psddesc.h:17:26: warning: multi-character character constant [-Wmultichar]
2026-09-07T17:58:07.2700030Z    17 |         TYPE_REFERENCE = 'obj ',
2026-09-07T17:58:07.2700525Z       |                          ^~~~~~
2026-09-07T17:58:07.2701698Z /home/runner/work/PocketKrKr/PocketKrKr/cpp/plugins/psdfile/psdparse/psddesc.h:18:27: warning: multi-character character constant [-Wmultichar]
2026-09-07T17:58:07.2702929Z    18 |         TYPE_DESCRIPTOR = 'Objc',
2026-09-07T17:58:07.2703451Z       |                           ^~~~~~
2026-09-07T17:58:07.2704641Z /home/runner/work/PocketKrKr/PocketKrKr/cpp/plugins/psdfile/psdparse/psddesc.h:19:21: warning: multi-character character constant [-Wmultichar]
2026-09-07T17:58:07.2706168Z    19 |         TYPE_LIST = 'VlLs',
2026-09-07T17:58:07.2706668Z       |                     ^~~~~~
2026-09-07T17:58:07.2707847Z /home/runner/work/PocketKrKr/PocketKrKr/cpp/plugins/psdfile/psdparse/psddesc.h:20:23: warning: multi-character character constant [-Wmultichar]
2026-09-07T17:58:07.2709071Z    20 |         TYPE_DOUBLE = 'doub',
2026-09-07T17:58:07.2709567Z       |                       ^~~~~~
2026-09-07T17:58:07.2710727Z /home/runner/work/PocketKrKr/PocketKrKr/cpp/plugins/psdfile/psdparse/psddesc.h:21:27: warning: multi-character character constant [-Wmultichar]
2026-09-07T17:58:07.2711951Z    21 |         TYPE_UNIT_FLOAT = 'UntF',
2026-09-07T17:58:07.2712452Z       |                           ^~~~~~
2026-09-07T17:58:07.2713630Z /home/runner/work/PocketKrKr/PocketKrKr/cpp/plugins/psdfile/psdparse/psddesc.h:22:23: warning: multi-character character constant [-Wmultichar]
2026-09-07T17:58:07.2714847Z    22 |         TYPE_STRING = 'TEXT',
2026-09-07T17:58:07.2715612Z       |                       ^~~~~~
2026-09-07T17:58:07.2716767Z /home/runner/work/PocketKrKr/PocketKrKr/cpp/plugins/psdfile/psdparse/psddesc.h:23:27: warning: multi-character character constant [-Wmultichar]
2026-09-07T17:58:07.2736435Z    23 |         TYPE_ENUMERATED = 'enum',
2026-09-07T17:58:07.2736943Z       |                           ^~~~~~
2026-09-07T17:58:07.2738151Z /home/runner/work/PocketKrKr/PocketKrKr/cpp/plugins/psdfile/psdparse/psddesc.h:24:24: warning: multi-character character constant [-Wmultichar]
2026-09-07T17:58:07.2739441Z    24 |         TYPE_INTEGER = 'long',
2026-09-07T17:58:07.2739928Z       |                        ^~~~~~
2026-09-07T17:58:07.2741136Z /home/runner/work/PocketKrKr/PocketKrKr/cpp/plugins/psdfile/psdparse/psddesc.h:25:24: warning: multi-character character constant [-Wmultichar]
2026-09-07T17:58:07.2742388Z    25 |         TYPE_BOOLEAN = 'bool',
2026-09-07T17:58:07.2742872Z       |                        ^~~~~~
2026-09-07T17:58:07.2744140Z /home/runner/work/PocketKrKr/PocketKrKr/cpp/plugins/psdfile/psdparse/psddesc.h:26:30: warning: multi-character character constant [-Wmultichar]
2026-09-07T17:58:07.2746006Z    26 |         TYPE_GLOBAL_OBJECT = 'GlbO',
2026-09-07T17:58:07.2746500Z       |                              ^~~~~~
2026-09-07T17:58:07.2747721Z /home/runner/work/PocketKrKr/PocketKrKr/cpp/plugins/psdfile/psdparse/psddesc.h:27:23: warning: multi-character character constant [-Wmultichar]
2026-09-07T17:58:07.2749371Z    27 |         TYPE_CLASS1 = 'type',
2026-09-07T17:58:07.2749856Z       |                       ^~~~~~
2026-09-07T17:58:07.2751017Z /home/runner/work/PocketKrKr/PocketKrKr/cpp/plugins/psdfile/psdparse/psddesc.h:28:23: warning: multi-character character constant [-Wmultichar]
2026-09-07T17:58:07.2752219Z    28 |         TYPE_CLASS2 = 'GlbC',
2026-09-07T17:58:07.2752689Z       |                       ^~~~~~
2026-09-07T17:58:07.2753838Z /home/runner/work/PocketKrKr/PocketKrKr/cpp/plugins/psdfile/psdparse/psddesc.h:29:22: warning: multi-character character constant [-Wmultichar]
2026-09-07T17:58:07.2755065Z    29 |         TYPE_ALIAS = 'alis',
2026-09-07T17:58:07.2786289Z       |                      ^~~~~~
2026-09-07T17:58:07.2787502Z /home/runner/work/PocketKrKr/PocketKrKr/cpp/plugins/psdfile/psdparse/psddesc.h:30:25: warning: multi-character character constant [-Wmultichar]
2026-09-07T17:58:07.2788725Z    30 |         TYPE_RAW_DATA = 'tdta',
2026-09-07T17:58:07.2789233Z       |                         ^~~~~~
2026-09-07T17:58:07.2790421Z /home/runner/work/PocketKrKr/PocketKrKr/cpp/plugins/psdfile/psdparse/psddesc.h:34:23: warning: multi-character character constant [-Wmultichar]
2026-09-07T17:58:07.2791666Z    34 |         UNIT_POINTS = '#Pnt',
2026-09-07T17:58:07.2792162Z       |                       ^~~~~~
2026-09-07T17:58:07.2793307Z /home/runner/work/PocketKrKr/PocketKrKr/cpp/plugins/psdfile/psdparse/psddesc.h:35:28: warning: multi-character character constant [-Wmultichar]
2026-09-07T17:58:07.2794540Z    35 |         UNIT_MILLIMETERS = '#Mlm',
2026-09-07T17:58:07.2795037Z       |                            ^~~~~~
2026-09-07T17:58:07.2796452Z /home/runner/work/PocketKrKr/PocketKrKr/cpp/plugins/psdfile/psdparse/psddesc.h:36:22: warning: multi-character character constant [-Wmultichar]
2026-09-07T17:58:07.2797684Z    36 |         UNIT_ANGLE = '#Ang', // degrees
2026-09-07T17:58:07.2798190Z       |                      ^~~~~~
2026-09-07T17:58:07.2799319Z /home/runner/work/PocketKrKr/PocketKrKr/cpp/plugins/psdfile/psdparse/psddesc.h:37:24: warning: multi-character character constant [-Wmultichar]
2026-09-07T17:58:07.2800575Z    37 |         UNIT_DENSITY = '#Rsl', // base per inch
2026-09-07T17:58:07.2801125Z       |                        ^~~~~~
2026-09-07T17:58:07.2802267Z /home/runner/work/PocketKrKr/PocketKrKr/cpp/plugins/psdfile/psdparse/psddesc.h:38:25: warning: multi-character character constant [-Wmultichar]
2026-09-07T17:58:07.2803500Z    38 |         UNIT_DISTANCE = '#Rlt', // base 72ppi
2026-09-07T17:58:07.2804041Z       |                         ^~~~~~
2026-09-07T17:58:07.2805167Z /home/runner/work/PocketKrKr/PocketKrKr/cpp/plugins/psdfile/psdparse/psddesc.h:39:21: warning: multi-character character constant [-Wmultichar]
2026-09-07T17:58:07.2806711Z    39 |         UNIT_NONE = '#Nne',
2026-09-07T17:58:07.2807173Z       |                     ^~~~~~
2026-09-07T17:58:07.2808310Z /home/runner/work/PocketKrKr/PocketKrKr/cpp/plugins/psdfile/psdparse/psddesc.h:40:24: warning: multi-character character constant [-Wmultichar]
2026-09-07T17:58:07.2809543Z    40 |         UNIT_PERCENT = '#Prc',
2026-09-07T17:58:07.2810029Z       |                        ^~~~~~
2026-09-07T17:58:07.2811189Z /home/runner/work/PocketKrKr/PocketKrKr/cpp/plugins/psdfile/psdparse/psddesc.h:41:23: warning: multi-character character constant [-Wmultichar]
2026-09-07T17:58:07.2812370Z    41 |         UNIT_PIXELS = '#Pxl',
2026-09-07T17:58:07.2812836Z       |                       ^~~~~~
2026-09-07T17:58:07.2813998Z /home/runner/work/PocketKrKr/PocketKrKr/cpp/plugins/psdfile/psdparse/psddesc.h:46:29: warning: multi-character character constant [-Wmultichar]
2026-09-07T17:58:07.2846200Z    46 |         REF_TYPE_PROPERTY = 'prop',
2026-09-07T17:58:07.2846792Z       |                             ^~~~~~
2026-09-07T17:58:07.2847994Z /home/runner/work/PocketKrKr/PocketKrKr/cpp/plugins/psdfile/psdparse/psddesc.h:47:26: warning: multi-character character constant [-Wmultichar]
2026-09-07T17:58:07.2849538Z    47 |         REF_TYPE_CLASS = 'Clss',
2026-09-07T17:58:07.2850047Z       |                          ^~~~~~
2026-09-07T17:58:07.2851210Z /home/runner/work/PocketKrKr/PocketKrKr/cpp/plugins/psdfile/psdparse/psddesc.h:48:29: warning: multi-character character constant [-Wmultichar]
2026-09-07T17:58:07.2852418Z    48 |         REF_TYPE_ENUM_REF = 'Enmr',
2026-09-07T17:58:07.2852947Z       |                             ^~~~~~
2026-09-07T17:58:07.2854113Z /home/runner/work/PocketKrKr/PocketKrKr/cpp/plugins/psdfile/psdparse/psddesc.h:49:27: warning: multi-character character constant [-Wmultichar]
2026-09-07T17:58:07.2855605Z    49 |         REF_TYPE_OFFSET = 'rele',
2026-09-07T17:58:07.2856122Z       |                           ^~~~~~
2026-09-07T17:58:07.2857288Z /home/runner/work/PocketKrKr/PocketKrKr/cpp/plugins/psdfile/psdparse/psddesc.h:50:31: warning: multi-character character constant [-Wmultichar]
2026-09-07T17:58:07.2858523Z    50 |         REF_TYPE_IDENTIFIER = 'Idnt',
2026-09-07T17:58:07.2859053Z       |                               ^~~~~~
2026-09-07T17:58:07.2860212Z /home/runner/work/PocketKrKr/PocketKrKr/cpp/plugins/psdfile/psdparse/psddesc.h:51:26: warning: multi-character character constant [-Wmultichar]
2026-09-07T17:58:07.2861448Z    51 |         REF_TYPE_INDEX = 'indx',
2026-09-07T17:58:07.2861933Z       |                          ^~~~~~
2026-09-07T17:58:07.2863081Z /home/runner/work/PocketKrKr/PocketKrKr/cpp/plugins/psdfile/psdparse/psddesc.h:52:25: warning: multi-character character constant [-Wmultichar]
2026-09-07T17:58:07.2864289Z    52 |         REF_TYPE_NAME = 'name',
2026-09-07T17:58:07.2864767Z       |                         ^~~~~~
2026-09-07T17:58:07.2865927Z In file included from /home/runner/work/PocketKrKr/PocketKrKr/cpp/plugins/psdfile/psdparse/psdfile.h:4,
2026-09-07T17:58:07.2867188Z                  from /home/runner/work/PocketKrKr/PocketKrKr/cpp/plugins/psdfile/psdclass.h:9,
2026-09-07T17:58:07.2868297Z                  from /home/runner/work/PocketKrKr/PocketKrKr/cpp/plugins/psdfile/main.cpp:5:
2026-09-07T17:58:07.2869819Z /home/runner/work/PocketKrKr/PocketKrKr/cpp/plugins/psdfile/psdparse/psddata.h:113:18: warning: multi-character character constant [-Wmultichar]
2026-09-07T17:58:07.2871022Z   113 |             case 'norm':
2026-09-07T17:58:07.2871478Z       |                  ^~~~~~
2026-09-07T17:58:07.2872611Z /home/runner/work/PocketKrKr/PocketKrKr/cpp/plugins/psdfile/psdparse/psddata.h:115:18: warning: multi-character character constant [-Wmultichar]
2026-09-07T17:58:07.2873824Z   115 |             case 'diss':
2026-09-07T17:58:07.2874270Z       |                  ^~~~~~
2026-09-07T17:58:07.2905788Z /home/runner/work/PocketKrKr/PocketKrKr/cpp/plugins/psdfile/psdparse/psddata.h:117:18: warning: multi-character character constant [-Wmultichar]
2026-09-07T17:58:07.2907093Z   117 |             case 'dark':
2026-09-07T17:58:07.2907560Z       |                  ^~~~~~
2026-09-07T17:58:07.2908718Z /home/runner/work/PocketKrKr/PocketKrKr/cpp/plugins/psdfile/psdparse/psddata.h:119:18: warning: multi-character character constant [-Wmultichar]
2026-09-07T17:58:07.2909962Z   119 |             case 'mul ':
2026-09-07T17:58:07.2910401Z       |                  ^~~~~~
2026-09-07T17:58:07.2911546Z /home/runner/work/PocketKrKr/PocketKrKr/cpp/plugins/psdfile/psdparse/psddata.h:121:18: warning: multi-character character constant [-Wmultichar]
2026-09-07T17:58:07.2912755Z   121 |             case 'idiv':
2026-09-07T17:58:07.2913211Z       |                  ^~~~~~
2026-09-07T17:58:07.2914361Z /home/runner/work/PocketKrKr/PocketKrKr/cpp/plugins/psdfile/psdparse/psddata.h:123:18: warning: multi-character character constant [-Wmultichar]
2026-09-07T17:58:07.2915953Z   123 |             case 'lbrn':
2026-09-07T17:58:07.2916712Z       |                  ^~~~~~
2026-09-07T17:58:07.2917899Z /home/runner/work/PocketKrKr/PocketKrKr/cpp/plugins/psdfile/psdparse/psddata.h:125:18: warning: multi-character character constant [-Wmultichar]
2026-09-07T17:58:07.2919121Z   125 |             case 'dkCl':
2026-09-07T17:58:07.2919853Z       |                  ^~~~~~
2026-09-07T17:58:07.2921010Z /home/runner/work/PocketKrKr/PocketKrKr/cpp/plugins/psdfile/psdparse/psddata.h:127:18: warning: multi-character character constant [-Wmultichar]
2026-09-07T17:58:07.2922233Z   127 |             case 'lite':
2026-09-07T17:58:07.2922674Z       |                  ^~~~~~
2026-09-07T17:58:07.2923835Z /home/runner/work/PocketKrKr/PocketKrKr/cpp/plugins/psdfile/psdparse/psddata.h:129:18: warning: multi-character character constant [-Wmultichar]
2026-09-07T17:58:07.2925044Z   129 |             case 'scrn':
2026-09-07T17:58:07.2925760Z       |                  ^~~~~~
2026-09-07T17:58:07.2926908Z /home/runner/work/PocketKrKr/PocketKrKr/cpp/plugins/psdfile/psdparse/psddata.h:131:18: warning: multi-character character constant [-Wmultichar]
2026-09-07T17:58:07.2928135Z   131 |             case 'div ':
2026-09-07T17:58:07.2928583Z       |                  ^~~~~~
2026-09-07T17:58:07.2929720Z /home/runner/work/PocketKrKr/PocketKrKr/cpp/plugins/psdfile/psdparse/psddata.h:133:18: warning: multi-character character constant [-Wmultichar]
2026-09-07T17:58:07.2930944Z   133 |             case 'lddg':
2026-09-07T17:58:07.2931403Z       |                  ^~~~~~
2026-09-07T17:58:07.2932565Z /home/runner/work/PocketKrKr/PocketKrKr/cpp/plugins/psdfile/psdparse/psddata.h:135:18: warning: multi-character character constant [-Wmultichar]
2026-09-07T17:58:07.2933783Z   135 |             case 'ltCl':
2026-09-07T17:58:07.2934226Z       |                  ^~~~~~
2026-09-07T17:58:07.2965726Z /home/runner/work/PocketKrKr/PocketKrKr/cpp/plugins/psdfile/psdparse/psddata.h:137:18: warning: multi-character character constant [-Wmultichar]
2026-09-07T17:58:07.2967041Z   137 |             case 'over':
2026-09-07T17:58:07.2967505Z       |                  ^~~~~~
2026-09-07T17:58:07.2968678Z /home/runner/work/PocketKrKr/PocketKrKr/cpp/plugins/psdfile/psdparse/psddata.h:139:18: warning: multi-character character constant [-Wmultichar]
2026-09-07T17:58:07.2969910Z   139 |             case 'sLit':
2026-09-07T17:58:07.2970353Z       |                  ^~~~~~
2026-09-07T17:58:07.2971504Z /home/runner/work/PocketKrKr/PocketKrKr/cpp/plugins/psdfile/psdparse/psddata.h:141:18: warning: multi-character character constant [-Wmultichar]
2026-09-07T17:58:07.2972697Z   141 |             case 'hLit':
2026-09-07T17:58:07.2973140Z       |                  ^~~~~~
2026-09-07T17:58:07.2974295Z /home/runner/work/PocketKrKr/PocketKrKr/cpp/plugins/psdfile/psdparse/psddata.h:143:18: warning: multi-character character constant [-Wmultichar]
2026-09-07T17:58:07.2975748Z   143 |             case 'vLit':
2026-09-07T17:58:07.2976283Z       |                  ^~~~~~
2026-09-07T17:58:07.2977405Z /home/runner/work/PocketKrKr/PocketKrKr/cpp/plugins/psdfile/psdparse/psddata.h:145:18: warning: multi-character character constant [-Wmultichar]
2026-09-07T17:58:07.2978639Z   145 |             case 'lLit':
2026-09-07T17:58:07.2979075Z       |                  ^~~~~~
2026-09-07T17:58:07.2980198Z /home/runner/work/PocketKrKr/PocketKrKr/cpp/plugins/psdfile/psdparse/psddata.h:147:18: warning: multi-character character constant [-Wmultichar]
2026-09-07T17:58:07.2981479Z   147 |             case 'pLit':
2026-09-07T17:58:07.2981916Z       |                  ^~~~~~
2026-09-07T17:58:07.2983048Z /home/runner/work/PocketKrKr/PocketKrKr/cpp/plugins/psdfile/psdparse/psddata.h:149:18: warning: multi-character character constant [-Wmultichar]
2026-09-07T17:58:07.2984224Z   149 |             case 'hMix':
2026-09-07T17:58:07.2984670Z       |                  ^~~~~~
2026-09-07T17:58:07.2986091Z /home/runner/work/PocketKrKr/PocketKrKr/cpp/plugins/psdfile/psdparse/psddata.h:151:18: warning: multi-character character constant [-Wmultichar]
2026-09-07T17:58:07.2987625Z   151 |             case 'diff':
2026-09-07T17:58:07.2988105Z       |                  ^~~~~~
2026-09-07T17:58:07.2989261Z /home/runner/work/PocketKrKr/PocketKrKr/cpp/plugins/psdfile/psdparse/psddata.h:153:18: warning: multi-character character constant [-Wmultichar]
2026-09-07T17:58:07.2990682Z   153 |             case 'smud':
2026-09-07T17:58:07.2991111Z       |                  ^~~~~~
2026-09-07T17:58:07.2992201Z /home/runner/work/PocketKrKr/PocketKrKr/cpp/plugins/psdfile/psdparse/psddata.h:155:18: warning: multi-character character constant [-Wmultichar]
2026-09-07T17:58:07.2993417Z   155 |             case 'fsub':
2026-09-07T17:58:07.2993874Z       |                  ^~~~~~
2026-09-07T17:58:07.2994986Z /home/runner/work/PocketKrKr/PocketKrKr/cpp/plugins/psdfile/psdparse/psddata.h:157:18: warning: multi-character character constant [-Wmultichar]
2026-09-07T17:58:07.3026639Z   157 |             case 'fdiv':
2026-09-07T17:58:07.3027104Z       |                  ^~~~~~
2026-09-07T17:58:07.3028302Z /home/runner/work/PocketKrKr/PocketKrKr/cpp/plugins/psdfile/psdparse/psddata.h:159:18: warning: multi-character character constant [-Wmultichar]
2026-09-07T17:58:07.3029555Z   159 |             case 'hue ':
2026-09-07T17:58:07.3030003Z       |                  ^~~~~~
2026-09-07T17:58:07.3031184Z /home/runner/work/PocketKrKr/PocketKrKr/cpp/plugins/psdfile/psdparse/psddata.h:161:18: warning: multi-character character constant [-Wmultichar]
2026-09-07T17:58:07.3032429Z   161 |             case 'sat ':
2026-09-07T17:58:07.3032848Z       |                  ^~~~~~
2026-09-07T17:58:07.3033999Z /home/runner/work/PocketKrKr/PocketKrKr/cpp/plugins/psdfile/psdparse/psddata.h:163:18: warning: multi-character character constant [-Wmultichar]
2026-09-07T17:58:07.3035507Z   163 |             case 'colr':
2026-09-07T17:58:07.3035977Z       |                  ^~~~~~
2026-09-07T17:58:07.3037155Z /home/runner/work/PocketKrKr/PocketKrKr/cpp/plugins/psdfile/psdparse/psddata.h:165:18: warning: multi-character character constant [-Wmultichar]
2026-09-07T17:58:07.3038387Z   165 |             case 'lum ':
2026-09-07T17:58:07.3038826Z       |                  ^~~~~~
2026-09-07T17:58:07.3040010Z /home/runner/work/PocketKrKr/PocketKrKr/cpp/plugins/psdfile/psdparse/psddata.h:167:18: warning: multi-character character constant [-Wmultichar]
2026-09-07T17:58:07.3041275Z   167 |             case 'pass':
2026-09-07T17:58:07.3041731Z       |                  ^~~~~~
2026-09-07T17:58:07.3042553Z In file included from /home/runner/work/PocketKrKr/PocketKrKr/cpp/plugins/psdfile/main.cpp:1:
2026-09-07T17:58:07.3045482Z /home/runner/work/PocketKrKr/PocketKrKr/cpp/core/plugin/ncbind.hpp: In static member function ‘static ncbTypeConvertor::Conversion<FROM, TO>::OK ncbTypeConvertor::Conversion<FROM, TO>::check(TO)’:
2026-09-07T17:58:07.3047813Z /home/runner/work/PocketKrKr/PocketKrKr/cpp/core/plugin/ncbind.hpp:244:38: warning: no return statement in function returning non-void [-Wreturn-type]
2026-09-07T17:58:07.3049128Z   244 |                 static OK check(TO) {};
2026-09-07T17:58:07.3049679Z       |                                      ^
2026-09-07T17:58:07.3050633Z In file included from /home/runner/work/PocketKrKr/PocketKrKr/cpp/plugins/psdfile/psdparse/psdfile.h:3,
2026-09-07T17:58:07.3051908Z                  from /home/runner/work/PocketKrKr/PocketKrKr/cpp/plugins/psdfile/psdclass.h:9,
2026-09-07T17:58:07.3053055Z                  from /home/runner/work/PocketKrKr/PocketKrKr/cpp/plugins/psdfile/main.cpp:5:
2026-09-07T17:58:07.3055041Z /home/runner/work/PocketKrKr/PocketKrKr/cpp/plugins/psdfile/psdparse/psddesc.h: In member function ‘virtual void psd::DescriptorReference::dump(int)’:
2026-09-07T17:58:07.3088604Z /home/runner/work/PocketKrKr/PocketKrKr/cpp/plugins/psdfile/psdparse/psddesc.h:234:20: warning: format ‘%d’ expects argument of type ‘int’, but argument 3 has type ‘std::vector<psd::ReferenceItem*>::size_type’ {aka ‘long unsigned int’} [-Wformat=]
2026-09-07T17:58:07.3090983Z   234 |             dprint("%s (count:%d)\n", typeName(), items.size());
2026-09-07T17:58:07.3091846Z       |                    ^~~~~~~~~~~~~~~~~              ~~~~~~~~~~~~
2026-09-07T17:58:07.3092488Z       |                                                             |
2026-09-07T17:58:07.3093391Z       |                                                             std::vector<psd::ReferenceItem*>::size_type {aka long unsigned int}
2026-09-07T17:58:07.3095627Z /home/runner/work/PocketKrKr/PocketKrKr/cpp/plugins/psdfile/psdparse/psdbase.h:7:28: note: in definition of macro ‘dprint’
2026-09-07T17:58:07.3096801Z     7 | #define dprint(...) printf(__VA_ARGS__);
2026-09-07T17:58:07.3097382Z       |                            ^~~~~~~~~~~
2026-09-07T17:58:07.3098336Z In file included from /home/runner/work/PocketKrKr/PocketKrKr/cpp/plugins/psdfile/psdparse/psddata.h:5,
2026-09-07T17:58:07.3099654Z                  from /home/runner/work/PocketKrKr/PocketKrKr/cpp/plugins/psdfile/psdparse/psdfile.h:4,
2026-09-07T17:58:07.3100890Z                  from /home/runner/work/PocketKrKr/PocketKrKr/cpp/plugins/psdfile/psdclass.h:9,
2026-09-07T17:58:07.3102013Z                  from /home/runner/work/PocketKrKr/PocketKrKr/cpp/plugins/psdfile/main.cpp:5:
2026-09-07T17:58:07.3103410Z /home/runner/work/PocketKrKr/PocketKrKr/cpp/plugins/psdfile/psdparse/psddesc.h:234:32: note: format string is defined here
2026-09-07T17:58:07.3104657Z   234 |             dprint("%s (count:%d)\n", typeName(), items.size());
2026-09-07T17:58:07.3105548Z       |                               ~^
2026-09-07T17:58:07.3106047Z       |                                |
2026-09-07T17:58:07.3106543Z       |                                int
2026-09-07T17:58:07.3107042Z       |                               %ld
2026-09-07T17:58:07.3107943Z In file included from /home/runner/work/PocketKrKr/PocketKrKr/cpp/plugins/psdfile/psdparse/psdfile.h:3,
2026-09-07T17:58:07.3109154Z                  from /home/runner/work/PocketKrKr/PocketKrKr/cpp/plugins/psdfile/psdclass.h:9,
2026-09-07T17:58:07.3110245Z                  from /home/runner/work/PocketKrKr/PocketKrKr/cpp/plugins/psdfile/main.cpp:5:
2026-09-07T17:58:07.3112173Z /home/runner/work/PocketKrKr/PocketKrKr/cpp/plugins/psdfile/psdparse/psddesc.h: In member function ‘virtual void psd::DescriptorList::dump(int)’:
2026-09-07T17:58:07.3145506Z /home/runner/work/PocketKrKr/PocketKrKr/cpp/plugins/psdfile/psdparse/psddesc.h:253:20: warning: format ‘%d’ expects argument of type ‘int’, but argument 3 has type ‘std::vector<psd::DescriptorItem*>::size_type’ {aka ‘long unsigned int’} [-Wformat=]
2026-09-07T17:58:07.3147581Z   253 |             dprint("%s (count:%d)\n", typeName(), items.size());
2026-09-07T17:58:07.3148299Z       |                    ^~~~~~~~~~~~~~~~~              ~~~~~~~~~~~~
2026-09-07T17:58:07.3148886Z       |                                                             |
2026-09-07T17:58:07.3149770Z       |                                                             std::vector<psd::DescriptorItem*>::size_type {aka long unsigned int}
2026-09-07T17:58:07.3151432Z /home/runner/work/PocketKrKr/PocketKrKr/cpp/plugins/psdfile/psdparse/psdbase.h:7:28: note: in definition of macro ‘dprint’
2026-09-07T17:58:07.3152573Z     7 | #define dprint(...) printf(__VA_ARGS__);
2026-09-07T17:58:07.3153135Z       |                            ^~~~~~~~~~~
2026-09-07T17:58:07.3154072Z In file included from /home/runner/work/PocketKrKr/PocketKrKr/cpp/plugins/psdfile/psdparse/psddata.h:5,
2026-09-07T17:58:07.3155609Z                  from /home/runner/work/PocketKrKr/PocketKrKr/cpp/plugins/psdfile/psdparse/psdfile.h:4,
2026-09-07T17:58:07.3156802Z                  from /home/runner/work/PocketKrKr/PocketKrKr/cpp/plugins/psdfile/psdclass.h:9,
2026-09-07T17:58:07.3157887Z                  from /home/runner/work/PocketKrKr/PocketKrKr/cpp/plugins/psdfile/main.cpp:5:
2026-09-07T17:58:07.3159284Z /home/runner/work/PocketKrKr/PocketKrKr/cpp/plugins/psdfile/psdparse/psddesc.h:253:32: note: format string is defined here
2026-09-07T17:58:07.3160776Z   253 |             dprint("%s (count:%d)\n", typeName(), items.size());
2026-09-07T17:58:07.3161468Z       |                               ~^
2026-09-07T17:58:07.3161959Z       |                                |
2026-09-07T17:58:07.3162432Z       |                                int
2026-09-07T17:58:07.3162903Z       |                               %ld
2026-09-07T17:58:07.5516804Z [319/741] Building CXX object cpp/plugins/kagparserex/CMakeFiles/kagparserex.dir/__/psdfile/psdclass_loadmem.cpp.o
2026-09-07T17:58:07.5546173Z In file included from /home/runner/work/PocketKrKr/PocketKrKr/cpp/plugins/psdfile/psdparse/psddata.h:5,
2026-09-07T17:58:07.5576230Z                  from /home/runner/work/PocketKrKr/PocketKrKr/cpp/plugins/psdfile/psdparse/psdfile.h:4,
2026-09-07T17:58:07.5606195Z                  from /home/runner/work/PocketKrKr/PocketKrKr/cpp/plugins/psdfile/psdclass.h:9,
2026-09-07T17:58:07.5607652Z                  from /home/runner/work/PocketKrKr/PocketKrKr/cpp/plugins/psdfile/psdclass_loadmem.cpp:1:
2026-09-07T17:58:07.5636598Z /home/runner/work/PocketKrKr/PocketKrKr/cpp/plugins/psdfile/psdparse/psddesc.h:17:26: warning: multi-character character constant [-Wmultichar]
2026-09-07T17:58:07.5665824Z    17 |         TYPE_REFERENCE = 'obj ',
2026-09-07T17:58:07.5675691Z       |                          ^~~~~~
2026-09-07T17:58:07.5696579Z /home/runner/work/PocketKrKr/PocketKrKr/cpp/plugins/psdfile/psdparse/psddesc.h:18:27: warning: multi-character character constant [-Wmultichar]
2026-09-07T17:58:07.5725824Z    18 |         TYPE_DESCRIPTOR = 'Objc',
2026-09-07T17:58:07.5755870Z       |                           ^~~~~~
2026-09-07T17:58:07.5766473Z /home/runner/work/PocketKrKr/PocketKrKr/cpp/plugins/psdfile/psdparse/psddesc.h:19:21: warning: multi-character character constant [-Wmultichar]
2026-09-07T17:58:07.5786050Z    19 |         TYPE_LIST = 'VlLs',
2026-09-07T17:58:07.5815885Z       |                     ^~~~~~
2026-09-07T17:58:07.5826488Z /home/runner/work/PocketKrKr/PocketKrKr/cpp/plugins/psdfile/psdparse/psddesc.h:20:23: warning: multi-character character constant [-Wmultichar]
2026-09-07T17:58:07.5846036Z    20 |         TYPE_DOUBLE = 'doub',
2026-09-07T17:58:07.5875845Z       |                       ^~~~~~
2026-09-07T17:58:07.5906638Z /home/runner/work/PocketKrKr/PocketKrKr/cpp/plugins/psdfile/psdparse/psddesc.h:21:27: warning: multi-character character constant [-Wmultichar]
2026-09-07T17:58:07.5915961Z    21 |         TYPE_UNIT_FLOAT = 'UntF',
2026-09-07T17:58:07.5935907Z       |                           ^~~~~~
2026-09-07T17:58:07.5976830Z /home/runner/work/PocketKrKr/PocketKrKr/cpp/plugins/psdfile/psdparse/psddesc.h:22:23: warning: multi-character character constant [-Wmultichar]
2026-09-07T17:58:07.6005823Z    22 |         TYPE_STRING = 'TEXT',
2026-09-07T17:58:07.6006349Z       |                       ^~~~~~
2026-09-07T17:58:07.6036523Z /home/runner/work/PocketKrKr/PocketKrKr/cpp/plugins/psdfile/psdparse/psddesc.h:23:27: warning: multi-character character constant [-Wmultichar]
2026-09-07T17:58:07.6037734Z    23 |         TYPE_ENUMERATED = 'enum',
2026-09-07T17:58:07.6038227Z       |                           ^~~~~~
2026-09-07T17:58:07.6039373Z /home/runner/work/PocketKrKr/PocketKrKr/cpp/plugins/psdfile/psdparse/psddesc.h:24:24: warning: multi-character character constant [-Wmultichar]
2026-09-07T17:58:07.6040563Z    24 |         TYPE_INTEGER = 'long',
2026-09-07T17:58:07.6041075Z       |                        ^~~~~~
2026-09-07T17:58:07.6042210Z /home/runner/work/PocketKrKr/PocketKrKr/cpp/plugins/psdfile/psdparse/psddesc.h:25:24: warning: multi-character character constant [-Wmultichar]
2026-09-07T17:58:07.6043360Z    25 |         TYPE_BOOLEAN = 'bool',
2026-09-07T17:58:07.6043816Z       |                        ^~~~~~
2026-09-07T17:58:07.6044937Z /home/runner/work/PocketKrKr/PocketKrKr/cpp/plugins/psdfile/psdparse/psddesc.h:26:30: warning: multi-character character constant [-Wmultichar]
2026-09-07T17:58:07.6046209Z    26 |         TYPE_GLOBAL_OBJECT = 'GlbO',
2026-09-07T17:58:07.6046650Z       |                              ^~~~~~
2026-09-07T17:58:07.6047982Z /home/runner/work/PocketKrKr/PocketKrKr/cpp/plugins/psdfile/psdparse/psddesc.h:27:23: warning: multi-character character constant [-Wmultichar]
2026-09-07T17:58:07.6049073Z    27 |         TYPE_CLASS1 = 'type',
2026-09-07T17:58:07.6049502Z       |                       ^~~~~~
2026-09-07T17:58:07.6050822Z /home/runner/work/PocketKrKr/PocketKrKr/cpp/plugins/psdfile/psdparse/psddesc.h:28:23: warning: multi-character character constant [-Wmultichar]
2026-09-07T17:58:07.6051995Z    28 |         TYPE_CLASS2 = 'GlbC',
2026-09-07T17:58:07.6052441Z       |                       ^~~~~~
2026-09-07T17:58:07.6053546Z /home/runner/work/PocketKrKr/PocketKrKr/cpp/plugins/psdfile/psdparse/psddesc.h:29:22: warning: multi-character character constant [-Wmultichar]
2026-09-07T17:58:07.6054697Z    29 |         TYPE_ALIAS = 'alis',
2026-09-07T17:58:07.6055131Z       |                      ^~~~~~
2026-09-07T17:58:07.6056504Z /home/runner/work/PocketKrKr/PocketKrKr/cpp/plugins/psdfile/psdparse/psddesc.h:30:25: warning: multi-character character constant [-Wmultichar]
2026-09-07T17:58:07.6057649Z    30 |         TYPE_RAW_DATA = 'tdta',
2026-09-07T17:58:07.6058102Z       |                         ^~~~~~
2026-09-07T17:58:07.6059215Z /home/runner/work/PocketKrKr/PocketKrKr/cpp/plugins/psdfile/psdparse/psddesc.h:34:23: warning: multi-character character constant [-Wmultichar]
2026-09-07T17:58:07.6060388Z    34 |         UNIT_POINTS = '#Pnt',
2026-09-07T17:58:07.6060834Z       |                       ^~~~~~
2026-09-07T17:58:07.6066583Z /home/runner/work/PocketKrKr/PocketKrKr/cpp/plugins/psdfile/psdparse/psddesc.h:35:28: warning: multi-character character constant [-Wmultichar]
2026-09-07T17:58:07.6095944Z    35 |         UNIT_MILLIMETERS = '#Mlm',
2026-09-07T17:58:07.6115769Z       |                            ^~~~~~
2026-09-07T17:58:07.6126841Z /home/runner/work/PocketKrKr/PocketKrKr/cpp/plugins/psdfile/psdparse/psddesc.h:36:22: warning: multi-character character constant [-Wmultichar]
2026-09-07T17:58:07.6155905Z    36 |         UNIT_ANGLE = '#Ang', // degrees
2026-09-07T17:58:07.6185835Z       |                      ^~~~~~
2026-09-07T17:58:07.6187209Z /home/runner/work/PocketKrKr/PocketKrKr/cpp/plugins/psdfile/psdparse/psddesc.h:37:24: warning: multi-character character constant [-Wmultichar]
2026-09-07T17:58:07.6215921Z    37 |         UNIT_DENSITY = '#Rsl', // base per inch
2026-09-07T17:58:07.6245835Z       |                        ^~~~~~
2026-09-07T17:58:07.6256521Z /home/runner/work/PocketKrKr/PocketKrKr/cpp/plugins/psdfile/psdparse/psddesc.h:38:25: warning: multi-character character constant [-Wmultichar]
2026-09-07T17:58:07.6275985Z    38 |         UNIT_DISTANCE = '#Rlt', // base 72ppi
2026-09-07T17:58:07.6305833Z       |                         ^~~~~~
2026-09-07T17:58:07.6336617Z /home/runner/work/PocketKrKr/PocketKrKr/cpp/plugins/psdfile/psdparse/psddesc.h:39:21: warning: multi-character character constant [-Wmultichar]
2026-09-07T17:58:07.6345751Z    39 |         UNIT_NONE = '#Nne',
2026-09-07T17:58:07.6365985Z       |                     ^~~~~~
2026-09-07T17:58:07.6396580Z /home/runner/work/PocketKrKr/PocketKrKr/cpp/plugins/psdfile/psdparse/psddesc.h:40:24: warning: multi-character character constant [-Wmultichar]
2026-09-07T17:58:07.6425852Z    40 |         UNIT_PERCENT = '#Prc',
2026-09-07T17:58:07.6435754Z       |                        ^~~~~~
2026-09-07T17:58:07.6456643Z /home/runner/work/PocketKrKr/PocketKrKr/cpp/plugins/psdfile/psdparse/psddesc.h:41:23: warning: multi-character character constant [-Wmultichar]
2026-09-07T17:58:07.6485963Z    41 |         UNIT_PIXELS = '#Pxl',
2026-09-07T17:58:07.6515770Z       |                       ^~~~~~
2026-09-07T17:58:07.6517073Z /home/runner/work/PocketKrKr/PocketKrKr/cpp/plugins/psdfile/psdparse/psddesc.h:46:29: warning: multi-character character constant [-Wmultichar]
2026-09-07T17:58:07.6545922Z    46 |         REF_TYPE_PROPERTY = 'prop',
2026-09-07T17:58:07.6575874Z       |                             ^~~~~~
2026-09-07T17:58:07.6586784Z /home/runner/work/PocketKrKr/PocketKrKr/cpp/plugins/psdfile/psdparse/psddesc.h:47:26: warning: multi-character character constant [-Wmultichar]
2026-09-07T17:58:07.6605932Z    47 |         REF_TYPE_CLASS = 'Clss',
2026-09-07T17:58:07.6635815Z       |                          ^~~~~~
2026-09-07T17:58:07.6666575Z /home/runner/work/PocketKrKr/PocketKrKr/cpp/plugins/psdfile/psdparse/psddesc.h:48:29: warning: multi-character character constant [-Wmultichar]
2026-09-07T17:58:07.6675794Z    48 |         REF_TYPE_ENUM_REF = 'Enmr',
2026-09-07T17:58:07.6695914Z       |                             ^~~~~~
2026-09-07T17:58:07.6726519Z /home/runner/work/PocketKrKr/PocketKrKr/cpp/plugins/psdfile/psdparse/psddesc.h:49:27: warning: multi-character character constant [-Wmultichar]
2026-09-07T17:58:07.6755859Z    49 |         REF_TYPE_OFFSET = 'rele',
2026-09-07T17:58:07.6765741Z       |                           ^~~~~~
2026-09-07T17:58:07.6786610Z /home/runner/work/PocketKrKr/PocketKrKr/cpp/plugins/psdfile/psdparse/psddesc.h:50:31: warning: multi-character character constant [-Wmultichar]
2026-09-07T17:58:07.6815835Z    50 |         REF_TYPE_IDENTIFIER = 'Idnt',
2026-09-07T17:58:07.6816463Z       |                               ^~~~~~
2026-09-07T17:58:07.6817662Z /home/runner/work/PocketKrKr/PocketKrKr/cpp/plugins/psdfile/psdparse/psddesc.h:51:26: warning: multi-character character constant [-Wmultichar]
2026-09-07T17:58:07.6845934Z    51 |         REF_TYPE_INDEX = 'indx',
2026-09-07T17:58:07.6855740Z       |                          ^~~~~~
2026-09-07T17:58:07.6876573Z /home/runner/work/PocketKrKr/PocketKrKr/cpp/plugins/psdfile/psdparse/psddesc.h:52:25: warning: multi-character character constant [-Wmultichar]
2026-09-07T17:58:07.6905785Z    52 |         REF_TYPE_NAME = 'name',
2026-09-07T17:58:07.6915682Z       |                         ^~~~~~
2026-09-07T17:58:07.6936377Z In file included from /home/runner/work/PocketKrKr/PocketKrKr/cpp/plugins/psdfile/psdparse/psdfile.h:4,
2026-09-07T17:58:07.6966159Z                  from /home/runner/work/PocketKrKr/PocketKrKr/cpp/plugins/psdfile/psdclass.h:9,
2026-09-07T17:58:07.6996229Z                  from /home/runner/work/PocketKrKr/PocketKrKr/cpp/plugins/psdfile/psdclass_loadmem.cpp:1:
2026-09-07T17:58:07.7006602Z /home/runner/work/PocketKrKr/PocketKrKr/cpp/plugins/psdfile/psdparse/psddata.h:113:18: warning: multi-character character constant [-Wmultichar]
2026-09-07T17:58:07.7025825Z   113 |             case 'norm':
2026-09-07T17:58:07.7055652Z       |                  ^~~~~~
2026-09-07T17:58:07.7056836Z /home/runner/work/PocketKrKr/PocketKrKr/cpp/plugins/psdfile/psdparse/psddata.h:115:18: warning: multi-character character constant [-Wmultichar]
2026-09-07T17:58:07.7058049Z   115 |             case 'diss':
2026-09-07T17:58:07.7058475Z       |                  ^~~~~~
2026-09-07T17:58:07.7059607Z /home/runner/work/PocketKrKr/PocketKrKr/cpp/plugins/psdfile/psdparse/psddata.h:117:18: warning: multi-character character constant [-Wmultichar]
2026-09-07T17:58:07.7060798Z   117 |             case 'dark':
2026-09-07T17:58:07.7061229Z       |                  ^~~~~~
2026-09-07T17:58:07.7062353Z /home/runner/work/PocketKrKr/PocketKrKr/cpp/plugins/psdfile/psdparse/psddata.h:119:18: warning: multi-character character constant [-Wmultichar]
2026-09-07T17:58:07.7063525Z   119 |             case 'mul ':
2026-09-07T17:58:07.7063954Z       |                  ^~~~~~
2026-09-07T17:58:07.7065072Z /home/runner/work/PocketKrKr/PocketKrKr/cpp/plugins/psdfile/psdparse/psddata.h:121:18: warning: multi-character character constant [-Wmultichar]
2026-09-07T17:58:07.7085673Z   121 |             case 'idiv':
2026-09-07T17:58:07.7086140Z       |                  ^~~~~~
2026-09-07T17:58:07.7087283Z /home/runner/work/PocketKrKr/PocketKrKr/cpp/plugins/psdfile/psdparse/psddata.h:123:18: warning: multi-character character constant [-Wmultichar]
2026-09-07T17:58:07.7088498Z   123 |             case 'lbrn':
2026-09-07T17:58:07.7088925Z       |                  ^~~~~~
2026-09-07T17:58:07.7090383Z /home/runner/work/PocketKrKr/PocketKrKr/cpp/plugins/psdfile/psdparse/psddata.h:125:18: warning: multi-character character constant [-Wmultichar]
2026-09-07T17:58:07.7091601Z   125 |             case 'dkCl':
2026-09-07T17:58:07.7092020Z       |                  ^~~~~~
2026-09-07T17:58:07.7093143Z /home/runner/work/PocketKrKr/PocketKrKr/cpp/plugins/psdfile/psdparse/psddata.h:127:18: warning: multi-character character constant [-Wmultichar]
2026-09-07T17:58:07.7094561Z   127 |             case 'lite':
2026-09-07T17:58:07.7094981Z       |                  ^~~~~~
2026-09-07T17:58:07.7096296Z /home/runner/work/PocketKrKr/PocketKrKr/cpp/plugins/psdfile/psdparse/psddata.h:129:18: warning: multi-character character constant [-Wmultichar]
2026-09-07T17:58:07.7097481Z   129 |             case 'scrn':
2026-09-07T17:58:07.7097910Z       |                  ^~~~~~
2026-09-07T17:58:07.7099037Z /home/runner/work/PocketKrKr/PocketKrKr/cpp/plugins/psdfile/psdparse/psddata.h:131:18: warning: multi-character character constant [-Wmultichar]
2026-09-07T17:58:07.7100214Z   131 |             case 'div ':
2026-09-07T17:58:07.7100654Z       |                  ^~~~~~
2026-09-07T17:58:07.7101767Z /home/runner/work/PocketKrKr/PocketKrKr/cpp/plugins/psdfile/psdparse/psddata.h:133:18: warning: multi-character character constant [-Wmultichar]
2026-09-07T17:58:07.7102923Z   133 |             case 'lddg':
2026-09-07T17:58:07.7103352Z       |                  ^~~~~~
2026-09-07T17:58:07.7104463Z /home/runner/work/PocketKrKr/PocketKrKr/cpp/plugins/psdfile/psdparse/psddata.h:135:18: warning: multi-character character constant [-Wmultichar]
2026-09-07T17:58:07.7105840Z   135 |             case 'ltCl':
2026-09-07T17:58:07.7106265Z       |                  ^~~~~~
2026-09-07T17:58:07.7107377Z /home/runner/work/PocketKrKr/PocketKrKr/cpp/plugins/psdfile/psdparse/psddata.h:137:18: warning: multi-character character constant [-Wmultichar]
2026-09-07T17:58:07.7108550Z   137 |             case 'over':
2026-09-07T17:58:07.7108968Z       |                  ^~~~~~
2026-09-07T17:58:07.7110114Z /home/runner/work/PocketKrKr/PocketKrKr/cpp/plugins/psdfile/psdparse/psddata.h:139:18: warning: multi-character character constant [-Wmultichar]
2026-09-07T17:58:07.7111288Z   139 |             case 'sLit':
2026-09-07T17:58:07.7111716Z       |                  ^~~~~~
2026-09-07T17:58:07.7112827Z /home/runner/work/PocketKrKr/PocketKrKr/cpp/plugins/psdfile/psdparse/psddata.h:141:18: warning: multi-character character constant [-Wmultichar]
2026-09-07T17:58:07.7114015Z   141 |             case 'hLit':
2026-09-07T17:58:07.7114444Z       |                  ^~~~~~
2026-09-07T17:58:07.7145846Z /home/runner/work/PocketKrKr/PocketKrKr/cpp/plugins/psdfile/psdparse/psddata.h:143:18: warning: multi-character character constant [-Wmultichar]
2026-09-07T17:58:07.7147085Z   143 |             case 'vLit':
2026-09-07T17:58:07.7147515Z       |                  ^~~~~~
2026-09-07T17:58:07.7148706Z /home/runner/work/PocketKrKr/PocketKrKr/cpp/plugins/psdfile/psdparse/psddata.h:145:18: warning: multi-character character constant [-Wmultichar]
2026-09-07T17:58:07.7149905Z   145 |             case 'lLit':
2026-09-07T17:58:07.7150329Z       |                  ^~~~~~
2026-09-07T17:58:07.7151455Z /home/runner/work/PocketKrKr/PocketKrKr/cpp/plugins/psdfile/psdparse/psddata.h:147:18: warning: multi-character character constant [-Wmultichar]
2026-09-07T17:58:07.7152634Z   147 |             case 'pLit':
2026-09-07T17:58:07.7153075Z       |                  ^~~~~~
2026-09-07T17:58:07.7154189Z /home/runner/work/PocketKrKr/PocketKrKr/cpp/plugins/psdfile/psdparse/psddata.h:149:18: warning: multi-character character constant [-Wmultichar]
2026-09-07T17:58:07.7155555Z   149 |             case 'hMix':
2026-09-07T17:58:07.7155976Z       |                  ^~~~~~
2026-09-07T17:58:07.7157093Z /home/runner/work/PocketKrKr/PocketKrKr/cpp/plugins/psdfile/psdparse/psddata.h:151:18: warning: multi-character character constant [-Wmultichar]
2026-09-07T17:58:07.7158288Z   151 |             case 'diff':
2026-09-07T17:58:07.7158701Z       |                  ^~~~~~
2026-09-07T17:58:07.7160043Z /home/runner/work/PocketKrKr/PocketKrKr/cpp/plugins/psdfile/psdparse/psddata.h:153:18: warning: multi-character character constant [-Wmultichar]
2026-09-07T17:58:07.7161232Z   153 |             case 'smud':
2026-09-07T17:58:07.7161647Z       |                  ^~~~~~
2026-09-07T17:58:07.7162763Z /home/runner/work/PocketKrKr/PocketKrKr/cpp/plugins/psdfile/psdparse/psddata.h:155:18: warning: multi-character character constant [-Wmultichar]
2026-09-07T17:58:07.7164161Z   155 |             case 'fsub':
2026-09-07T17:58:07.7164575Z       |                  ^~~~~~
2026-09-07T17:58:07.7165990Z /home/runner/work/PocketKrKr/PocketKrKr/cpp/plugins/psdfile/psdparse/psddata.h:157:18: warning: multi-character character constant [-Wmultichar]
2026-09-07T17:58:07.7167158Z   157 |             case 'fdiv':
2026-09-07T17:58:07.7167570Z       |                  ^~~~~~
2026-09-07T17:58:07.7168662Z /home/runner/work/PocketKrKr/PocketKrKr/cpp/plugins/psdfile/psdparse/psddata.h:159:18: warning: multi-character character constant [-Wmultichar]
2026-09-07T17:58:07.7169849Z   159 |             case 'hue ':
2026-09-07T17:58:07.7170255Z       |                  ^~~~~~
2026-09-07T17:58:07.7171356Z /home/runner/work/PocketKrKr/PocketKrKr/cpp/plugins/psdfile/psdparse/psddata.h:161:18: warning: multi-character character constant [-Wmultichar]
2026-09-07T17:58:07.7172546Z   161 |             case 'sat ':
2026-09-07T17:58:07.7172956Z       |                  ^~~~~~
2026-09-07T17:58:07.7174048Z /home/runner/work/PocketKrKr/PocketKrKr/cpp/plugins/psdfile/psdparse/psddata.h:163:18: warning: multi-character character constant [-Wmultichar]
2026-09-07T17:58:07.7205455Z   163 |             case 'colr':
2026-09-07T17:58:07.7205934Z       |                  ^~~~~~
2026-09-07T17:58:07.7207086Z /home/runner/work/PocketKrKr/PocketKrKr/cpp/plugins/psdfile/psdparse/psddata.h:165:18: warning: multi-character character constant [-Wmultichar]
2026-09-07T17:58:07.7208285Z   165 |             case 'lum ':
2026-09-07T17:58:07.7208709Z       |                  ^~~~~~
2026-09-07T17:58:07.7209832Z /home/runner/work/PocketKrKr/PocketKrKr/cpp/plugins/psdfile/psdparse/psddata.h:167:18: warning: multi-character character constant [-Wmultichar]
2026-09-07T17:58:07.7211011Z   167 |             case 'pass':
2026-09-07T17:58:07.7211446Z       |                  ^~~~~~
2026-09-07T17:58:07.7212304Z In file included from /home/runner/work/PocketKrKr/PocketKrKr/cpp/plugins/psdfile/psdparse/psdfile.h:3,
2026-09-07T17:58:07.7213525Z                  from /home/runner/work/PocketKrKr/PocketKrKr/cpp/plugins/psdfile/psdclass.h:9,
2026-09-07T17:58:07.7214677Z                  from /home/runner/work/PocketKrKr/PocketKrKr/cpp/plugins/psdfile/psdclass_loadmem.cpp:1:
2026-09-07T17:58:07.7217089Z /home/runner/work/PocketKrKr/PocketKrKr/cpp/plugins/psdfile/psdparse/psddesc.h: In member function ‘virtual void psd::DescriptorReference::dump(int)’:
2026-09-07T17:58:07.7220159Z /home/runner/work/PocketKrKr/PocketKrKr/cpp/plugins/psdfile/psdparse/psddesc.h:234:20: warning: format ‘%d’ expects argument of type ‘int’, but argument 3 has type ‘std::vector<psd::ReferenceItem*>::size_type’ {aka ‘long unsigned int’} [-Wformat=]
2026-09-07T17:58:07.7222114Z   234 |             dprint("%s (count:%d)\n", typeName(), items.size());
2026-09-07T17:58:07.7222789Z       |                    ^~~~~~~~~~~~~~~~~              ~~~~~~~~~~~~
2026-09-07T17:58:07.7223397Z       |                                                             |
2026-09-07T17:58:07.7224279Z       |                                                             std::vector<psd::ReferenceItem*>::size_type {aka long unsigned int}
2026-09-07T17:58:07.7226035Z /home/runner/work/PocketKrKr/PocketKrKr/cpp/plugins/psdfile/psdparse/psdbase.h:7:28: note: in definition of macro ‘dprint’
2026-09-07T17:58:07.7227168Z     7 | #define dprint(...) printf(__VA_ARGS__);
2026-09-07T17:58:07.7227715Z       |                            ^~~~~~~~~~~
2026-09-07T17:58:07.7228646Z In file included from /home/runner/work/PocketKrKr/PocketKrKr/cpp/plugins/psdfile/psdparse/psddata.h:5,
2026-09-07T17:58:07.7230209Z                  from /home/runner/work/PocketKrKr/PocketKrKr/cpp/plugins/psdfile/psdparse/psdfile.h:4,
2026-09-07T17:58:07.7231386Z                  from /home/runner/work/PocketKrKr/PocketKrKr/cpp/plugins/psdfile/psdclass.h:9,
2026-09-07T17:58:07.7232556Z                  from /home/runner/work/PocketKrKr/PocketKrKr/cpp/plugins/psdfile/psdclass_loadmem.cpp:1:
2026-09-07T17:58:07.7234195Z /home/runner/work/PocketKrKr/PocketKrKr/cpp/plugins/psdfile/psdparse/psddesc.h:234:32: note: format string is defined here
2026-09-07T17:58:07.7265678Z   234 |             dprint("%s (count:%d)\n", typeName(), items.size());
2026-09-07T17:58:07.7266332Z       |                               ~^
2026-09-07T17:58:07.7266793Z       |                                |
2026-09-07T17:58:07.7267269Z       |                                int
2026-09-07T17:58:07.7267733Z       |                               %ld
2026-09-07T17:58:07.7268633Z In file included from /home/runner/work/PocketKrKr/PocketKrKr/cpp/plugins/psdfile/psdparse/psdfile.h:3,
2026-09-07T17:58:07.7269860Z                  from /home/runner/work/PocketKrKr/PocketKrKr/cpp/plugins/psdfile/psdclass.h:9,
2026-09-07T17:58:07.7271024Z                  from /home/runner/work/PocketKrKr/PocketKrKr/cpp/plugins/psdfile/psdclass_loadmem.cpp:1:
2026-09-07T17:58:07.7273030Z /home/runner/work/PocketKrKr/PocketKrKr/cpp/plugins/psdfile/psdparse/psddesc.h: In member function ‘virtual void psd::DescriptorList::dump(int)’:
2026-09-07T17:58:07.7276186Z /home/runner/work/PocketKrKr/PocketKrKr/cpp/plugins/psdfile/psdparse/psddesc.h:253:20: warning: format ‘%d’ expects argument of type ‘int’, but argument 3 has type ‘std::vector<psd::DescriptorItem*>::size_type’ {aka ‘long unsigned int’} [-Wformat=]
2026-09-07T17:58:07.7278142Z   253 |             dprint("%s (count:%d)\n", typeName(), items.size());
2026-09-07T17:58:07.7278806Z       |                    ^~~~~~~~~~~~~~~~~              ~~~~~~~~~~~~
2026-09-07T17:58:07.7279409Z       |                                                             |
2026-09-07T17:58:07.7280289Z       |                                                             std::vector<psd::DescriptorItem*>::size_type {aka long unsigned int}
2026-09-07T17:58:07.7281864Z /home/runner/work/PocketKrKr/PocketKrKr/cpp/plugins/psdfile/psdparse/psdbase.h:7:28: note: in definition of macro ‘dprint’
2026-09-07T17:58:07.7282992Z     7 | #define dprint(...) printf(__VA_ARGS__);
2026-09-07T17:58:07.7283528Z       |                            ^~~~~~~~~~~
2026-09-07T17:58:07.7284434Z In file included from /home/runner/work/PocketKrKr/PocketKrKr/cpp/plugins/psdfile/psdparse/psddata.h:5,
2026-09-07T17:58:07.7285895Z                  from /home/runner/work/PocketKrKr/PocketKrKr/cpp/plugins/psdfile/psdparse/psdfile.h:4,
2026-09-07T17:58:07.7287039Z                  from /home/runner/work/PocketKrKr/PocketKrKr/cpp/plugins/psdfile/psdclass.h:9,
2026-09-07T17:58:07.7288206Z                  from /home/runner/work/PocketKrKr/PocketKrKr/cpp/plugins/psdfile/psdclass_loadmem.cpp:1:
2026-09-07T17:58:07.7289643Z /home/runner/work/PocketKrKr/PocketKrKr/cpp/plugins/psdfile/psdparse/psddesc.h:253:32: note: format string is defined here
2026-09-07T17:58:07.7290829Z   253 |             dprint("%s (count:%d)\n", typeName(), items.size());
2026-09-07T17:58:07.7291432Z       |                               ~^
2026-09-07T17:58:07.7291903Z       |                                |
2026-09-07T17:58:07.7292359Z       |                                int
2026-09-07T17:58:07.7292826Z       |                               %ld
2026-09-07T17:58:07.7293657Z In file included from /home/runner/work/PocketKrKr/PocketKrKr/cpp/plugins/psdfile/psdclass.h:10,
2026-09-07T17:58:07.7294888Z                  from /home/runner/work/PocketKrKr/PocketKrKr/cpp/plugins/psdfile/psdclass_loadmem.cpp:1:
2026-09-07T17:58:07.7317690Z /home/runner/work/PocketKrKr/PocketKrKr/cpp/core/plugin/ncbind.hpp: In static member function ‘static ncbTypeConvertor::Conversion<FROM, TO>::OK ncbTypeConvertor::Conversion<FROM, TO>::check(TO)’:
2026-09-07T17:58:07.7320191Z /home/runner/work/PocketKrKr/PocketKrKr/cpp/core/plugin/ncbind.hpp:244:38: warning: no return statement in function returning non-void [-Wreturn-type]
2026-09-07T17:58:07.7321462Z   244 |                 static OK check(TO) {};
2026-09-07T17:58:07.7321995Z       |                                      ^
2026-09-07T17:58:08.6296732Z [320/741] Building CXX object cpp/plugins/kagparserex/CMakeFiles/kagparserex.dir/__/psdfile/psdclass.cpp.o
2026-09-07T17:58:08.6308307Z In file included from /home/runner/work/PocketKrKr/PocketKrKr/cpp/plugins/psdfile/psdparse/psddata.h:5,
2026-09-07T17:58:08.6309783Z                  from /home/runner/work/PocketKrKr/PocketKrKr/cpp/plugins/psdfile/psdparse/psdfile.h:4,
2026-09-07T17:58:08.6311073Z                  from /home/runner/work/PocketKrKr/PocketKrKr/cpp/plugins/psdfile/psdclass.h:9,
2026-09-07T17:58:08.6312305Z                  from /home/runner/work/PocketKrKr/PocketKrKr/cpp/plugins/psdfile/psdclass.cpp:4:
2026-09-07T17:58:08.6313972Z /home/runner/work/PocketKrKr/PocketKrKr/cpp/plugins/psdfile/psdparse/psddesc.h:17:26: warning: multi-character character constant [-Wmultichar]
2026-09-07T17:58:08.6315608Z    17 |         TYPE_REFERENCE = 'obj ',
2026-09-07T17:58:08.6316236Z       |                          ^~~~~~
2026-09-07T17:58:08.6317562Z /home/runner/work/PocketKrKr/PocketKrKr/cpp/plugins/psdfile/psdparse/psddesc.h:18:27: warning: multi-character character constant [-Wmultichar]
2026-09-07T17:58:08.6318892Z    18 |         TYPE_DESCRIPTOR = 'Objc',
2026-09-07T17:58:08.6319501Z       |                           ^~~~~~
2026-09-07T17:58:08.6320756Z /home/runner/work/PocketKrKr/PocketKrKr/cpp/plugins/psdfile/psdparse/psddesc.h:19:21: warning: multi-character character constant [-Wmultichar]
2026-09-07T17:58:08.6322066Z    19 |         TYPE_LIST = 'VlLs',
2026-09-07T17:58:08.6322625Z       |                     ^~~~~~
2026-09-07T17:58:08.6323879Z /home/runner/work/PocketKrKr/PocketKrKr/cpp/plugins/psdfile/psdparse/psddesc.h:20:23: warning: multi-character character constant [-Wmultichar]
2026-09-07T17:58:08.6325380Z    20 |         TYPE_DOUBLE = 'doub',
2026-09-07T17:58:08.6326019Z       |                       ^~~~~~
2026-09-07T17:58:08.6327282Z /home/runner/work/PocketKrKr/PocketKrKr/cpp/plugins/psdfile/psdparse/psddesc.h:21:27: warning: multi-character character constant [-Wmultichar]
2026-09-07T17:58:08.6328611Z    21 |         TYPE_UNIT_FLOAT = 'UntF',
2026-09-07T17:58:08.6329207Z       |                           ^~~~~~
2026-09-07T17:58:08.6330484Z /home/runner/work/PocketKrKr/PocketKrKr/cpp/plugins/psdfile/psdparse/psddesc.h:22:23: warning: multi-character character constant [-Wmultichar]
2026-09-07T17:58:08.6331796Z    22 |         TYPE_STRING = 'TEXT',
2026-09-07T17:58:08.6332356Z       |                       ^~~~~~
2026-09-07T17:58:08.6333603Z /home/runner/work/PocketKrKr/PocketKrKr/cpp/plugins/psdfile/psdparse/psddesc.h:23:27: warning: multi-character character constant [-Wmultichar]
2026-09-07T17:58:08.6334918Z    23 |         TYPE_ENUMERATED = 'enum',
2026-09-07T17:58:08.6335719Z       |                           ^~~~~~
2026-09-07T17:58:08.6337009Z /home/runner/work/PocketKrKr/PocketKrKr/cpp/plugins/psdfile/psdparse/psddesc.h:24:24: warning: multi-character character constant [-Wmultichar]
2026-09-07T17:58:08.6338397Z    24 |         TYPE_INTEGER = 'long',
2026-09-07T17:58:08.6338994Z       |                        ^~~~~~
2026-09-07T17:58:08.6340320Z /home/runner/work/PocketKrKr/PocketKrKr/cpp/plugins/psdfile/psdparse/psddesc.h:25:24: warning: multi-character character constant [-Wmultichar]
2026-09-07T17:58:08.6341647Z    25 |         TYPE_BOOLEAN = 'bool',
2026-09-07T17:58:08.6342213Z       |                        ^~~~~~
2026-09-07T17:58:08.6343465Z /home/runner/work/PocketKrKr/PocketKrKr/cpp/plugins/psdfile/psdparse/psddesc.h:26:30: warning: multi-character character constant [-Wmultichar]
2026-09-07T17:58:08.6344787Z    26 |         TYPE_GLOBAL_OBJECT = 'GlbO',
2026-09-07T17:58:08.6345684Z       |                              ^~~~~~
2026-09-07T17:58:08.6347633Z /home/runner/work/PocketKrKr/PocketKrKr/cpp/plugins/psdfile/psdparse/psddesc.h:27:23: warning: multi-character character constant [-Wmultichar]
2026-09-07T17:58:08.6349375Z    27 |         TYPE_CLASS1 = 'type',
2026-09-07T17:58:08.6349977Z       |                       ^~~~~~
2026-09-07T17:58:08.6351513Z /home/runner/work/PocketKrKr/PocketKrKr/cpp/plugins/psdfile/psdparse/psddesc.h:28:23: warning: multi-character character constant [-Wmultichar]
2026-09-07T17:58:08.6352862Z    28 |         TYPE_CLASS2 = 'GlbC',
2026-09-07T17:58:08.6353425Z       |                       ^~~~~~
2026-09-07T17:58:08.6354687Z /home/runner/work/PocketKrKr/PocketKrKr/cpp/plugins/psdfile/psdparse/psddesc.h:29:22: warning: multi-character character constant [-Wmultichar]
2026-09-07T17:58:08.6356253Z    29 |         TYPE_ALIAS = 'alis',
2026-09-07T17:58:08.6356809Z       |                      ^~~~~~
2026-09-07T17:58:08.6358080Z /home/runner/work/PocketKrKr/PocketKrKr/cpp/plugins/psdfile/psdparse/psddesc.h:30:25: warning: multi-character character constant [-Wmultichar]
2026-09-07T17:58:08.6359403Z    30 |         TYPE_RAW_DATA = 'tdta',
2026-09-07T17:58:08.6359997Z       |                         ^~~~~~
2026-09-07T17:58:08.6361263Z /home/runner/work/PocketKrKr/PocketKrKr/cpp/plugins/psdfile/psdparse/psddesc.h:34:23: warning: multi-character character constant [-Wmultichar]
2026-09-07T17:58:08.6362595Z    34 |         UNIT_POINTS = '#Pnt',
2026-09-07T17:58:08.6363236Z       |                       ^~~~~~
2026-09-07T17:58:08.6364513Z /home/runner/work/PocketKrKr/PocketKrKr/cpp/plugins/psdfile/psdparse/psddesc.h:35:28: warning: multi-character character constant [-Wmultichar]
2026-09-07T17:58:08.6366557Z    35 |         UNIT_MILLIMETERS = '#Mlm',
2026-09-07T17:58:08.6367170Z       |                            ^~~~~~
2026-09-07T17:58:08.6368527Z /home/runner/work/PocketKrKr/PocketKrKr/cpp/plugins/psdfile/psdparse/psddesc.h:36:22: warning: multi-character character constant [-Wmultichar]
2026-09-07T17:58:08.6369877Z    36 |         UNIT_ANGLE = '#Ang', // degrees
2026-09-07T17:58:08.6370503Z       |                      ^~~~~~
2026-09-07T17:58:08.6371753Z /home/runner/work/PocketKrKr/PocketKrKr/cpp/plugins/psdfile/psdparse/psddesc.h:37:24: warning: multi-character character constant [-Wmultichar]
2026-09-07T17:58:08.6373129Z    37 |         UNIT_DENSITY = '#Rsl', // base per inch
2026-09-07T17:58:08.6373767Z       |                        ^~~~~~
2026-09-07T17:58:08.6375742Z /home/runner/work/PocketKrKr/PocketKrKr/cpp/plugins/psdfile/psdparse/psddesc.h:38:25: warning: multi-character character constant [-Wmultichar]
2026-09-07T17:58:08.6377158Z    38 |         UNIT_DISTANCE = '#Rlt', // base 72ppi
2026-09-07T17:58:08.6377820Z       |                         ^~~~~~
2026-09-07T17:58:08.6379092Z /home/runner/work/PocketKrKr/PocketKrKr/cpp/plugins/psdfile/psdparse/psddesc.h:39:21: warning: multi-character character constant [-Wmultichar]
2026-09-07T17:58:08.6380411Z    39 |         UNIT_NONE = '#Nne',
2026-09-07T17:58:08.6380975Z       |                     ^~~~~~
2026-09-07T17:58:08.6382221Z /home/runner/work/PocketKrKr/PocketKrKr/cpp/plugins/psdfile/psdparse/psddesc.h:40:24: warning: multi-character character constant [-Wmultichar]
2026-09-07T17:58:08.6383528Z    40 |         UNIT_PERCENT = '#Prc',
2026-09-07T17:58:08.6384113Z       |                        ^~~~~~
2026-09-07T17:58:08.6385597Z /home/runner/work/PocketKrKr/PocketKrKr/cpp/plugins/psdfile/psdparse/psddesc.h:41:23: warning: multi-character character constant [-Wmultichar]
2026-09-07T17:58:08.6386938Z    41 |         UNIT_PIXELS = '#Pxl',
2026-09-07T17:58:08.6387514Z       |                       ^~~~~~
2026-09-07T17:58:08.6388777Z /home/runner/work/PocketKrKr/PocketKrKr/cpp/plugins/psdfile/psdparse/psddesc.h:46:29: warning: multi-character character constant [-Wmultichar]
2026-09-07T17:58:08.6390130Z    46 |         REF_TYPE_PROPERTY = 'prop',
2026-09-07T17:58:08.6390774Z       |                             ^~~~~~
2026-09-07T17:58:08.6392269Z /home/runner/work/PocketKrKr/PocketKrKr/cpp/plugins/psdfile/psdparse/psddesc.h:47:26: warning: multi-character character constant [-Wmultichar]
2026-09-07T17:58:08.6393702Z    47 |         REF_TYPE_CLASS = 'Clss',
2026-09-07T17:58:08.6394285Z       |                          ^~~~~~
2026-09-07T17:58:08.6395785Z /home/runner/work/PocketKrKr/PocketKrKr/cpp/plugins/psdfile/psdparse/psddesc.h:48:29: warning: multi-character character constant [-Wmultichar]
2026-09-07T17:58:08.6397387Z    48 |         REF_TYPE_ENUM_REF = 'Enmr',
2026-09-07T17:58:08.6397997Z       |                             ^~~~~~
2026-09-07T17:58:08.6399287Z /home/runner/work/PocketKrKr/PocketKrKr/cpp/plugins/psdfile/psdparse/psddesc.h:49:27: warning: multi-character character constant [-Wmultichar]
2026-09-07T17:58:08.6400609Z    49 |         REF_TYPE_OFFSET = 'rele',
2026-09-07T17:58:08.6401192Z       |                           ^~~~~~
2026-09-07T17:58:08.6402485Z /home/runner/work/PocketKrKr/PocketKrKr/cpp/plugins/psdfile/psdparse/psddesc.h:50:31: warning: multi-character character constant [-Wmultichar]
2026-09-07T17:58:08.6403818Z    50 |         REF_TYPE_IDENTIFIER = 'Idnt',
2026-09-07T17:58:08.6404431Z       |                               ^~~~~~
2026-09-07T17:58:08.6405917Z /home/runner/work/PocketKrKr/PocketKrKr/cpp/plugins/psdfile/psdparse/psddesc.h:51:26: warning: multi-character character constant [-Wmultichar]
2026-09-07T17:58:08.6407261Z    51 |         REF_TYPE_INDEX = 'indx',
2026-09-07T17:58:08.6407859Z       |                          ^~~~~~
2026-09-07T17:58:08.6409141Z /home/runner/work/PocketKrKr/PocketKrKr/cpp/plugins/psdfile/psdparse/psddesc.h:52:25: warning: multi-character character constant [-Wmultichar]
2026-09-07T17:58:08.6410461Z    52 |         REF_TYPE_NAME = 'name',
2026-09-07T17:58:08.6411037Z       |                         ^~~~~~
2026-09-07T17:58:08.6412061Z In file included from /home/runner/work/PocketKrKr/PocketKrKr/cpp/plugins/psdfile/psdparse/psdfile.h:4,
2026-09-07T17:58:08.6413410Z                  from /home/runner/work/PocketKrKr/PocketKrKr/cpp/plugins/psdfile/psdclass.h:9,
2026-09-07T17:58:08.6414628Z                  from /home/runner/work/PocketKrKr/PocketKrKr/cpp/plugins/psdfile/psdclass.cpp:4:
2026-09-07T17:58:08.6416551Z /home/runner/work/PocketKrKr/PocketKrKr/cpp/plugins/psdfile/psdparse/psddata.h:113:18: warning: multi-character character constant [-Wmultichar]
2026-09-07T17:58:08.6417899Z   113 |             case 'norm':
2026-09-07T17:58:08.6418454Z       |                  ^~~~~~
2026-09-07T17:58:08.6419691Z /home/runner/work/PocketKrKr/PocketKrKr/cpp/plugins/psdfile/psdparse/psddata.h:115:18: warning: multi-character character constant [-Wmultichar]
2026-09-07T17:58:08.6421024Z   115 |             case 'diss':
2026-09-07T17:58:08.6421550Z       |                  ^~~~~~
2026-09-07T17:58:08.6422786Z /home/runner/work/PocketKrKr/PocketKrKr/cpp/plugins/psdfile/psdparse/psddata.h:117:18: warning: multi-character character constant [-Wmultichar]
2026-09-07T17:58:08.6424086Z   117 |             case 'dark':
2026-09-07T17:58:08.6424624Z       |                  ^~~~~~
2026-09-07T17:58:08.6426048Z /home/runner/work/PocketKrKr/PocketKrKr/cpp/plugins/psdfile/psdparse/psddata.h:119:18: warning: multi-character character constant [-Wmultichar]
2026-09-07T17:58:08.6427357Z   119 |             case 'mul ':
2026-09-07T17:58:08.6427911Z       |                  ^~~~~~
2026-09-07T17:58:08.6429214Z /home/runner/work/PocketKrKr/PocketKrKr/cpp/plugins/psdfile/psdparse/psddata.h:121:18: warning: multi-character character constant [-Wmultichar]
2026-09-07T17:58:08.6430537Z   121 |             case 'idiv':
2026-09-07T17:58:08.6431068Z       |                  ^~~~~~
2026-09-07T17:58:08.6432307Z /home/runner/work/PocketKrKr/PocketKrKr/cpp/plugins/psdfile/psdparse/psddata.h:123:18: warning: multi-character character constant [-Wmultichar]
2026-09-07T17:58:08.6433622Z   123 |             case 'lbrn':
2026-09-07T17:58:08.6434143Z       |                  ^~~~~~
2026-09-07T17:58:08.6435791Z /home/runner/work/PocketKrKr/PocketKrKr/cpp/plugins/psdfile/psdparse/psddata.h:125:18: warning: multi-character character constant [-Wmultichar]
2026-09-07T17:58:08.6437136Z   125 |             case 'dkCl':
2026-09-07T17:58:08.6437676Z       |                  ^~~~~~
2026-09-07T17:58:08.6438907Z /home/runner/work/PocketKrKr/PocketKrKr/cpp/plugins/psdfile/psdparse/psddata.h:127:18: warning: multi-character character constant [-Wmultichar]
2026-09-07T17:58:08.6440507Z   127 |             case 'lite':
2026-09-07T17:58:08.6441034Z       |                  ^~~~~~
2026-09-07T17:58:08.6442249Z /home/runner/work/PocketKrKr/PocketKrKr/cpp/plugins/psdfile/psdparse/psddata.h:129:18: warning: multi-character character constant [-Wmultichar]
2026-09-07T17:58:08.6443537Z   129 |             case 'scrn':
2026-09-07T17:58:08.6444068Z       |                  ^~~~~~
2026-09-07T17:58:08.6445499Z /home/runner/work/PocketKrKr/PocketKrKr/cpp/plugins/psdfile/psdparse/psddata.h:131:18: warning: multi-character character constant [-Wmultichar]
2026-09-07T17:58:08.6446875Z   131 |             case 'div ':
2026-09-07T17:58:08.6447419Z       |                  ^~~~~~
2026-09-07T17:58:08.6448645Z /home/runner/work/PocketKrKr/PocketKrKr/cpp/plugins/psdfile/psdparse/psddata.h:133:18: warning: multi-character character constant [-Wmultichar]
2026-09-07T17:58:08.6449953Z   133 |             case 'lddg':
2026-09-07T17:58:08.6450496Z       |                  ^~~~~~
2026-09-07T17:58:08.6451719Z /home/runner/work/PocketKrKr/PocketKrKr/cpp/plugins/psdfile/psdparse/psddata.h:135:18: warning: multi-character character constant [-Wmultichar]
2026-09-07T17:58:08.6453018Z   135 |             case 'ltCl':
2026-09-07T17:58:08.6453536Z       |                  ^~~~~~
2026-09-07T17:58:08.6454765Z /home/runner/work/PocketKrKr/PocketKrKr/cpp/plugins/psdfile/psdparse/psddata.h:137:18: warning: multi-character character constant [-Wmultichar]
2026-09-07T17:58:08.6456275Z   137 |             case 'over':
2026-09-07T17:58:08.6456803Z       |                  ^~~~~~
2026-09-07T17:58:08.6458035Z /home/runner/work/PocketKrKr/PocketKrKr/cpp/plugins/psdfile/psdparse/psddata.h:139:18: warning: multi-character character constant [-Wmultichar]
2026-09-07T17:58:08.6459336Z   139 |             case 'sLit':
2026-09-07T17:58:08.6459874Z       |                  ^~~~~~
2026-09-07T17:58:08.6461111Z /home/runner/work/PocketKrKr/PocketKrKr/cpp/plugins/psdfile/psdparse/psddata.h:141:18: warning: multi-character character constant [-Wmultichar]
2026-09-07T17:58:08.6462430Z   141 |             case 'hLit':
2026-09-07T17:58:08.6462958Z       |                  ^~~~~~
2026-09-07T17:58:08.6464185Z /home/runner/work/PocketKrKr/PocketKrKr/cpp/plugins/psdfile/psdparse/psddata.h:143:18: warning: multi-character character constant [-Wmultichar]
2026-09-07T17:58:08.6465690Z   143 |             case 'vLit':
2026-09-07T17:58:08.6466224Z       |                  ^~~~~~
2026-09-07T17:58:08.6467451Z /home/runner/work/PocketKrKr/PocketKrKr/cpp/plugins/psdfile/psdparse/psddata.h:145:18: warning: multi-character character constant [-Wmultichar]
2026-09-07T17:58:08.6468760Z   145 |             case 'lLit':
2026-09-07T17:58:08.6469288Z       |                  ^~~~~~
2026-09-07T17:58:08.6470504Z /home/runner/work/PocketKrKr/PocketKrKr/cpp/plugins/psdfile/psdparse/psddata.h:147:18: warning: multi-character character constant [-Wmultichar]
2026-09-07T17:58:08.6471825Z   147 |             case 'pLit':
2026-09-07T17:58:08.6472353Z       |                  ^~~~~~
2026-09-07T17:58:08.6473582Z /home/runner/work/PocketKrKr/PocketKrKr/cpp/plugins/psdfile/psdparse/psddata.h:149:18: warning: multi-character character constant [-Wmultichar]
2026-09-07T17:58:08.6475251Z   149 |             case 'hMix':
2026-09-07T17:58:08.6475869Z       |                  ^~~~~~
2026-09-07T17:58:08.6477315Z /home/runner/work/PocketKrKr/PocketKrKr/cpp/plugins/psdfile/psdparse/psddata.h:151:18: warning: multi-character character constant [-Wmultichar]
2026-09-07T17:58:08.6478653Z   151 |             case 'diff':
2026-09-07T17:58:08.6479198Z       |                  ^~~~~~
2026-09-07T17:58:08.6480694Z /home/runner/work/PocketKrKr/PocketKrKr/cpp/plugins/psdfile/psdparse/psddata.h:153:18: warning: multi-character character constant [-Wmultichar]
2026-09-07T17:58:08.6482054Z   153 |             case 'smud':
2026-09-07T17:58:08.6482586Z       |                  ^~~~~~
2026-09-07T17:58:08.6484071Z /home/runner/work/PocketKrKr/PocketKrKr/cpp/plugins/psdfile/psdparse/psddata.h:155:18: warning: multi-character character constant [-Wmultichar]
2026-09-07T17:58:08.6485586Z   155 |             case 'fsub':
2026-09-07T17:58:08.6486118Z       |                  ^~~~~~
2026-09-07T17:58:08.6487356Z /home/runner/work/PocketKrKr/PocketKrKr/cpp/plugins/psdfile/psdparse/psddata.h:157:18: warning: multi-character character constant [-Wmultichar]
2026-09-07T17:58:08.6488651Z   157 |             case 'fdiv':
2026-09-07T17:58:08.6489180Z       |                  ^~~~~~
2026-09-07T17:58:08.6490407Z /home/runner/work/PocketKrKr/PocketKrKr/cpp/plugins/psdfile/psdparse/psddata.h:159:18: warning: multi-character character constant [-Wmultichar]
2026-09-07T17:58:08.6491786Z   159 |             case 'hue ':
2026-09-07T17:58:08.6492309Z       |                  ^~~~~~
2026-09-07T17:58:08.6493604Z /home/runner/work/PocketKrKr/PocketKrKr/cpp/plugins/psdfile/psdparse/psddata.h:161:18: warning: multi-character character constant [-Wmultichar]
2026-09-07T17:58:08.6494928Z   161 |             case 'sat ':
2026-09-07T17:58:08.6495750Z       |                  ^~~~~~
2026-09-07T17:58:08.6497004Z /home/runner/work/PocketKrKr/PocketKrKr/cpp/plugins/psdfile/psdparse/psddata.h:163:18: warning: multi-character character constant [-Wmultichar]
2026-09-07T17:58:08.6498330Z   163 |             case 'colr':
2026-09-07T17:58:08.6498875Z       |                  ^~~~~~
2026-09-07T17:58:08.6500097Z /home/runner/work/PocketKrKr/PocketKrKr/cpp/plugins/psdfile/psdparse/psddata.h:165:18: warning: multi-character character constant [-Wmultichar]
2026-09-07T17:58:08.6501410Z   165 |             case 'lum ':
2026-09-07T17:58:08.6501950Z       |                  ^~~~~~
2026-09-07T17:58:08.6503178Z /home/runner/work/PocketKrKr/PocketKrKr/cpp/plugins/psdfile/psdparse/psddata.h:167:18: warning: multi-character character constant [-Wmultichar]
2026-09-07T17:58:08.6504494Z   167 |             case 'pass':
2026-09-07T17:58:08.6505028Z       |                  ^~~~~~
2026-09-07T17:58:08.6506245Z In file included from /home/runner/work/PocketKrKr/PocketKrKr/cpp/plugins/psdfile/psdparse/psdfile.h:3,
2026-09-07T17:58:08.6507584Z                  from /home/runner/work/PocketKrKr/PocketKrKr/cpp/plugins/psdfile/psdclass.h:9,
2026-09-07T17:58:08.6508801Z                  from /home/runner/work/PocketKrKr/PocketKrKr/cpp/plugins/psdfile/psdclass.cpp:4:
2026-09-07T17:58:08.6511063Z /home/runner/work/PocketKrKr/PocketKrKr/cpp/plugins/psdfile/psdparse/psddesc.h: In member function ‘virtual void psd::DescriptorReference::dump(int)’:
2026-09-07T17:58:08.6514287Z /home/runner/work/PocketKrKr/PocketKrKr/cpp/plugins/psdfile/psdparse/psddesc.h:234:20: warning: format ‘%d’ expects argument of type ‘int’, but argument 3 has type ‘std::vector<psd::ReferenceItem*>::size_type’ {aka ‘long unsigned int’} [-Wformat=]
2026-09-07T17:58:08.6516698Z   234 |             dprint("%s (count:%d)\n", typeName(), items.size());
2026-09-07T17:58:08.6517384Z       |                    ^~~~~~~~~~~~~~~~~              ~~~~~~~~~~~~
2026-09-07T17:58:08.6518038Z       |                                                             |
2026-09-07T17:58:08.6519031Z       |                                                             std::vector<psd::ReferenceItem*>::size_type {aka long unsigned int}
2026-09-07T17:58:08.6520750Z /home/runner/work/PocketKrKr/PocketKrKr/cpp/plugins/psdfile/psdparse/psdbase.h:7:28: note: in definition of macro ‘dprint’
2026-09-07T17:58:08.6521993Z     7 | #define dprint(...) printf(__VA_ARGS__);
2026-09-07T17:58:08.6522644Z       |                            ^~~~~~~~~~~
2026-09-07T17:58:08.6523663Z In file included from /home/runner/work/PocketKrKr/PocketKrKr/cpp/plugins/psdfile/psdparse/psddata.h:5,
2026-09-07T17:58:08.6525503Z                  from /home/runner/work/PocketKrKr/PocketKrKr/cpp/plugins/psdfile/psdparse/psdfile.h:4,
2026-09-07T17:58:08.6566273Z                  from /home/runner/work/PocketKrKr/PocketKrKr/cpp/plugins/psdfile/psdclass.h:9,
2026-09-07T17:58:08.6567444Z                  from /home/runner/work/PocketKrKr/PocketKrKr/cpp/plugins/psdfile/psdclass.cpp:4:
2026-09-07T17:58:08.6569142Z /home/runner/work/PocketKrKr/PocketKrKr/cpp/plugins/psdfile/psdparse/psddesc.h:234:32: note: format string is defined here
2026-09-07T17:58:08.6570348Z   234 |             dprint("%s (count:%d)\n", typeName(), items.size());
2026-09-07T17:58:08.6570950Z       |                               ~^
2026-09-07T17:58:08.6571414Z       |                                |
2026-09-07T17:58:08.6571866Z       |                                int
2026-09-07T17:58:08.6572339Z       |                               %ld
2026-09-07T17:58:08.6573251Z In file included from /home/runner/work/PocketKrKr/PocketKrKr/cpp/plugins/psdfile/psdparse/psdfile.h:3,
2026-09-07T17:58:08.6574470Z                  from /home/runner/work/PocketKrKr/PocketKrKr/cpp/plugins/psdfile/psdclass.h:9,
2026-09-07T17:58:08.6575802Z                  from /home/runner/work/PocketKrKr/PocketKrKr/cpp/plugins/psdfile/psdclass.cpp:4:
2026-09-07T17:58:08.6577667Z /home/runner/work/PocketKrKr/PocketKrKr/cpp/plugins/psdfile/psdparse/psddesc.h: In member function ‘virtual void psd::DescriptorList::dump(int)’:
2026-09-07T17:58:08.6580598Z /home/runner/work/PocketKrKr/PocketKrKr/cpp/plugins/psdfile/psdparse/psddesc.h:253:20: warning: format ‘%d’ expects argument of type ‘int’, but argument 3 has type ‘std::vector<psd::DescriptorItem*>::size_type’ {aka ‘long unsigned int’} [-Wformat=]
2026-09-07T17:58:08.6582535Z   253 |             dprint("%s (count:%d)\n", typeName(), items.size());
2026-09-07T17:58:08.6583197Z       |                    ^~~~~~~~~~~~~~~~~              ~~~~~~~~~~~~
2026-09-07T17:58:08.6583809Z       |                                                             |
2026-09-07T17:58:08.6584670Z       |                                                             std::vector<psd::DescriptorItem*>::size_type {aka long unsigned int}
2026-09-07T17:58:08.6586430Z /home/runner/work/PocketKrKr/PocketKrKr/cpp/plugins/psdfile/psdparse/psdbase.h:7:28: note: in definition of macro ‘dprint’
2026-09-07T17:58:08.6587552Z     7 | #define dprint(...) printf(__VA_ARGS__);
2026-09-07T17:58:08.6588079Z       |                            ^~~~~~~~~~~
2026-09-07T17:58:08.6588945Z In file included from /home/runner/work/PocketKrKr/PocketKrKr/cpp/plugins/psdfile/psdparse/psddata.h:5,
2026-09-07T17:58:08.6590242Z                  from /home/runner/work/PocketKrKr/PocketKrKr/cpp/plugins/psdfile/psdparse/psdfile.h:4,
2026-09-07T17:58:08.6591369Z                  from /home/runner/work/PocketKrKr/PocketKrKr/cpp/plugins/psdfile/psdclass.h:9,
2026-09-07T17:58:08.6592440Z                  from /home/runner/work/PocketKrKr/PocketKrKr/cpp/plugins/psdfile/psdclass.cpp:4:
2026-09-07T17:58:08.6593812Z /home/runner/work/PocketKrKr/PocketKrKr/cpp/plugins/psdfile/psdparse/psddesc.h:253:32: note: format string is defined here
2026-09-07T17:58:08.6595011Z   253 |             dprint("%s (count:%d)\n", typeName(), items.size());
2026-09-07T17:58:08.6606818Z       |                               ~^
2026-09-07T17:58:08.6607339Z       |                                |
2026-09-07T17:58:08.6607820Z       |                                int
2026-09-07T17:58:08.6608312Z       |                               %ld
2026-09-07T17:58:08.6609171Z In file included from /home/runner/work/PocketKrKr/PocketKrKr/cpp/plugins/psdfile/psdclass.h:10,
2026-09-07T17:58:08.6610305Z                  from /home/runner/work/PocketKrKr/PocketKrKr/cpp/plugins/psdfile/psdclass.cpp:4:
2026-09-07T17:58:08.6612540Z /home/runner/work/PocketKrKr/PocketKrKr/cpp/core/plugin/ncbind.hpp: In static member function ‘static ncbTypeConvertor::Conversion<FROM, TO>::OK ncbTypeConvertor::Conversion<FROM, TO>::check(TO)’:
2026-09-07T17:58:08.6614946Z /home/runner/work/PocketKrKr/PocketKrKr/cpp/core/plugin/ncbind.hpp:244:38: warning: no return statement in function returning non-void [-Wreturn-type]
2026-09-07T17:58:08.6616405Z   244 |                 static OK check(TO) {};
2026-09-07T17:58:08.6616910Z       |                                      ^
2026-09-07T17:58:08.6656375Z [321/741] Building CXX object cpp/plugins/kagparserex/CMakeFiles/kagparserex.dir/__/psbfile/PSBValue.cpp.o
2026-09-07T17:58:10.4586799Z [322/741] Building CXX object cpp/plugins/kagparserex/CMakeFiles/kagparserex.dir/__/psdfile/psdclass_loadstreambase.cpp.o
2026-09-07T17:58:10.4616334Z In file included from /home/runner/work/PocketKrKr/PocketKrKr/cpp/plugins/psdfile/psdparse/psddata.h:5,
2026-09-07T17:58:10.4646198Z                  from /home/runner/work/PocketKrKr/PocketKrKr/cpp/plugins/psdfile/psdparse/psdfile.h:4,
2026-09-07T17:58:10.4676166Z                  from /home/runner/work/PocketKrKr/PocketKrKr/cpp/plugins/psdfile/psdclass.h:9,
2026-09-07T17:58:10.4706276Z                  from /home/runner/work/PocketKrKr/PocketKrKr/cpp/plugins/psdfile/psdclass_loadstreambase.cpp:4:
2026-09-07T17:58:10.4736560Z /home/runner/work/PocketKrKr/PocketKrKr/cpp/plugins/psdfile/psdparse/psddesc.h:17:26: warning: multi-character character constant [-Wmultichar]
2026-09-07T17:58:10.4765908Z    17 |         TYPE_REFERENCE = 'obj ',
2026-09-07T17:58:10.4795766Z       |                          ^~~~~~
2026-09-07T17:58:10.4826470Z /home/runner/work/PocketKrKr/PocketKrKr/cpp/plugins/psdfile/psdparse/psddesc.h:18:27: warning: multi-character character constant [-Wmultichar]
2026-09-07T17:58:10.4847117Z    18 |         TYPE_DESCRIPTOR = 'Objc',
2026-09-07T17:58:10.4866017Z       |                           ^~~~~~
2026-09-07T17:58:10.4867683Z /home/runner/work/PocketKrKr/PocketKrKr/cpp/plugins/psdfile/psdparse/psddesc.h:19:21: warning: multi-character character constant [-Wmultichar]
2026-09-07T17:58:10.4869169Z    19 |         TYPE_LIST = 'VlLs',
2026-09-07T17:58:10.4869793Z       |                     ^~~~~~
2026-09-07T17:58:10.4871188Z /home/runner/work/PocketKrKr/PocketKrKr/cpp/plugins/psdfile/psdparse/psddesc.h:20:23: warning: multi-character character constant [-Wmultichar]
2026-09-07T17:58:10.4872624Z    20 |         TYPE_DOUBLE = 'doub',
2026-09-07T17:58:10.4873331Z       |                       ^~~~~~
2026-09-07T17:58:10.4874735Z /home/runner/work/PocketKrKr/PocketKrKr/cpp/plugins/psdfile/psdparse/psddesc.h:21:27: warning: multi-character character constant [-Wmultichar]
2026-09-07T17:58:10.4876554Z    21 |         TYPE_UNIT_FLOAT = 'UntF',
2026-09-07T17:58:10.4877239Z       |                           ^~~~~~
2026-09-07T17:58:10.4878653Z /home/runner/work/PocketKrKr/PocketKrKr/cpp/plugins/psdfile/psdparse/psddesc.h:22:23: warning: multi-character character constant [-Wmultichar]
2026-09-07T17:58:10.4880050Z    22 |         TYPE_STRING = 'TEXT',
2026-09-07T17:58:10.4880722Z       |                       ^~~~~~
2026-09-07T17:58:10.4882049Z /home/runner/work/PocketKrKr/PocketKrKr/cpp/plugins/psdfile/psdparse/psddesc.h:23:27: warning: multi-character character constant [-Wmultichar]
2026-09-07T17:58:10.4883540Z    23 |         TYPE_ENUMERATED = 'enum',
2026-09-07T17:58:10.4884217Z       |                           ^~~~~~
2026-09-07T17:58:10.4885917Z /home/runner/work/PocketKrKr/PocketKrKr/cpp/plugins/psdfile/psdparse/psddesc.h:24:24: warning: multi-character character constant [-Wmultichar]
2026-09-07T17:58:10.4887291Z    24 |         TYPE_INTEGER = 'long',
2026-09-07T17:58:10.4887950Z       |                        ^~~~~~
2026-09-07T17:58:10.4889716Z /home/runner/work/PocketKrKr/PocketKrKr/cpp/plugins/psdfile/psdparse/psddesc.h:25:24: warning: multi-character character constant [-Wmultichar]
2026-09-07T17:58:10.4891204Z    25 |         TYPE_BOOLEAN = 'bool',
2026-09-07T17:58:10.4891810Z       |                        ^~~~~~
2026-09-07T17:58:10.4893070Z /home/runner/work/PocketKrKr/PocketKrKr/cpp/plugins/psdfile/psdparse/psddesc.h:26:30: warning: multi-character character constant [-Wmultichar]
2026-09-07T17:58:10.4894693Z    26 |         TYPE_GLOBAL_OBJECT = 'GlbO',
2026-09-07T17:58:10.4895782Z       |                              ^~~~~~
2026-09-07T17:58:10.4897113Z /home/runner/work/PocketKrKr/PocketKrKr/cpp/plugins/psdfile/psdparse/psddesc.h:27:23: warning: multi-character character constant [-Wmultichar]
2026-09-07T17:58:10.4898925Z    27 |         TYPE_CLASS1 = 'type',
2026-09-07T17:58:10.4899546Z       |                       ^~~~~~
2026-09-07T17:58:10.4900881Z /home/runner/work/PocketKrKr/PocketKrKr/cpp/plugins/psdfile/psdparse/psddesc.h:28:23: warning: multi-character character constant [-Wmultichar]
2026-09-07T17:58:10.4902235Z    28 |         TYPE_CLASS2 = 'GlbC',
2026-09-07T17:58:10.4902879Z       |                       ^~~~~~
2026-09-07T17:58:10.4904182Z /home/runner/work/PocketKrKr/PocketKrKr/cpp/plugins/psdfile/psdparse/psddesc.h:29:22: warning: multi-character character constant [-Wmultichar]
2026-09-07T17:58:10.4905952Z    29 |         TYPE_ALIAS = 'alis',
2026-09-07T17:58:10.4906498Z       |                      ^~~~~~
2026-09-07T17:58:10.4907719Z /home/runner/work/PocketKrKr/PocketKrKr/cpp/plugins/psdfile/psdparse/psddesc.h:30:25: warning: multi-character character constant [-Wmultichar]
2026-09-07T17:58:10.4908986Z    30 |         TYPE_RAW_DATA = 'tdta',
2026-09-07T17:58:10.4909593Z       |                         ^~~~~~
2026-09-07T17:58:10.4910840Z /home/runner/work/PocketKrKr/PocketKrKr/cpp/plugins/psdfile/psdparse/psddesc.h:34:23: warning: multi-character character constant [-Wmultichar]
2026-09-07T17:58:10.4912172Z    34 |         UNIT_POINTS = '#Pnt',
2026-09-07T17:58:10.4912744Z       |                       ^~~~~~
2026-09-07T17:58:10.4914519Z /home/runner/work/PocketKrKr/PocketKrKr/cpp/plugins/psdfile/psdparse/psddesc.h:35:28: warning: multi-character character constant [-Wmultichar]
2026-09-07T17:58:10.4916449Z    35 |         UNIT_MILLIMETERS = '#Mlm',
2026-09-07T17:58:10.4917272Z       |                            ^~~~~~
2026-09-07T17:58:10.4918634Z /home/runner/work/PocketKrKr/PocketKrKr/cpp/plugins/psdfile/psdparse/psddesc.h:36:22: warning: multi-character character constant [-Wmultichar]
2026-09-07T17:58:10.4920119Z    36 |         UNIT_ANGLE = '#Ang', // degrees
2026-09-07T17:58:10.4920806Z       |                      ^~~~~~
2026-09-07T17:58:10.4922192Z /home/runner/work/PocketKrKr/PocketKrKr/cpp/plugins/psdfile/psdparse/psddesc.h:37:24: warning: multi-character character constant [-Wmultichar]
2026-09-07T17:58:10.4923667Z    37 |         UNIT_DENSITY = '#Rsl', // base per inch
2026-09-07T17:58:10.4924404Z       |                        ^~~~~~
2026-09-07T17:58:10.4925987Z /home/runner/work/PocketKrKr/PocketKrKr/cpp/plugins/psdfile/psdparse/psddesc.h:38:25: warning: multi-character character constant [-Wmultichar]
2026-09-07T17:58:10.4927500Z    38 |         UNIT_DISTANCE = '#Rlt', // base 72ppi
2026-09-07T17:58:10.4928202Z       |                         ^~~~~~
2026-09-07T17:58:10.4929623Z /home/runner/work/PocketKrKr/PocketKrKr/cpp/plugins/psdfile/psdparse/psddesc.h:39:21: warning: multi-character character constant [-Wmultichar]
2026-09-07T17:58:10.4931007Z    39 |         UNIT_NONE = '#Nne',
2026-09-07T17:58:10.4931691Z       |                     ^~~~~~
2026-09-07T17:58:10.4932995Z /home/runner/work/PocketKrKr/PocketKrKr/cpp/plugins/psdfile/psdparse/psddesc.h:40:24: warning: multi-character character constant [-Wmultichar]
2026-09-07T17:58:10.4934413Z    40 |         UNIT_PERCENT = '#Prc',
2026-09-07T17:58:10.4935023Z       |                        ^~~~~~
2026-09-07T17:58:10.4936734Z /home/runner/work/PocketKrKr/PocketKrKr/cpp/plugins/psdfile/psdparse/psddesc.h:41:23: warning: multi-character character constant [-Wmultichar]
2026-09-07T17:58:10.4938097Z    41 |         UNIT_PIXELS = '#Pxl',
2026-09-07T17:58:10.4938703Z       |                       ^~~~~~
2026-09-07T17:58:10.4939947Z /home/runner/work/PocketKrKr/PocketKrKr/cpp/plugins/psdfile/psdparse/psddesc.h:46:29: warning: multi-character character constant [-Wmultichar]
2026-09-07T17:58:10.4941317Z    46 |         REF_TYPE_PROPERTY = 'prop',
2026-09-07T17:58:10.4942164Z       |                             ^~~~~~
2026-09-07T17:58:10.4943614Z /home/runner/work/PocketKrKr/PocketKrKr/cpp/plugins/psdfile/psdparse/psddesc.h:47:26: warning: multi-character character constant [-Wmultichar]
2026-09-07T17:58:10.4944980Z    47 |         REF_TYPE_CLASS = 'Clss',
2026-09-07T17:58:10.4946166Z       |                          ^~~~~~
2026-09-07T17:58:10.4947479Z /home/runner/work/PocketKrKr/PocketKrKr/cpp/plugins/psdfile/psdparse/psddesc.h:48:29: warning: multi-character character constant [-Wmultichar]
2026-09-07T17:58:10.4948872Z    48 |         REF_TYPE_ENUM_REF = 'Enmr',
2026-09-07T17:58:10.4949495Z       |                             ^~~~~~
2026-09-07T17:58:10.4950843Z /home/runner/work/PocketKrKr/PocketKrKr/cpp/plugins/psdfile/psdparse/psddesc.h:49:27: warning: multi-character character constant [-Wmultichar]
2026-09-07T17:58:10.4952166Z    49 |         REF_TYPE_OFFSET = 'rele',
2026-09-07T17:58:10.4952830Z       |                           ^~~~~~
2026-09-07T17:58:10.4954106Z /home/runner/work/PocketKrKr/PocketKrKr/cpp/plugins/psdfile/psdparse/psddesc.h:50:31: warning: multi-character character constant [-Wmultichar]
2026-09-07T17:58:10.4955747Z    50 |         REF_TYPE_IDENTIFIER = 'Idnt',
2026-09-07T17:58:10.4956455Z       |                               ^~~~~~
2026-09-07T17:58:10.4957763Z /home/runner/work/PocketKrKr/PocketKrKr/cpp/plugins/psdfile/psdparse/psddesc.h:51:26: warning: multi-character character constant [-Wmultichar]
2026-09-07T17:58:10.4959145Z    51 |         REF_TYPE_INDEX = 'indx',
2026-09-07T17:58:10.4959758Z       |                          ^~~~~~
2026-09-07T17:58:10.4961102Z /home/runner/work/PocketKrKr/PocketKrKr/cpp/plugins/psdfile/psdparse/psddesc.h:52:25: warning: multi-character character constant [-Wmultichar]
2026-09-07T17:58:10.4962421Z    52 |         REF_TYPE_NAME = 'name',
2026-09-07T17:58:10.4963075Z       |                         ^~~~~~
2026-09-07T17:58:10.4964092Z In file included from /home/runner/work/PocketKrKr/PocketKrKr/cpp/plugins/psdfile/psdparse/psdfile.h:4,
2026-09-07T17:58:10.4965757Z                  from /home/runner/work/PocketKrKr/PocketKrKr/cpp/plugins/psdfile/psdclass.h:9,
2026-09-07T17:58:10.4967174Z                  from /home/runner/work/PocketKrKr/PocketKrKr/cpp/plugins/psdfile/psdclass_loadstreambase.cpp:4:
2026-09-07T17:58:10.4969005Z /home/runner/work/PocketKrKr/PocketKrKr/cpp/plugins/psdfile/psdparse/psddata.h:113:18: warning: multi-character character constant [-Wmultichar]
2026-09-07T17:58:10.4970332Z   113 |             case 'norm':
2026-09-07T17:58:10.4970944Z       |                  ^~~~~~
2026-09-07T17:58:10.4972207Z /home/runner/work/PocketKrKr/PocketKrKr/cpp/plugins/psdfile/psdparse/psddata.h:115:18: warning: multi-character character constant [-Wmultichar]
2026-09-07T17:58:10.4973589Z   115 |             case 'diss':
2026-09-07T17:58:10.4974166Z       |                  ^~~~~~
2026-09-07T17:58:10.4976697Z /home/runner/work/PocketKrKr/PocketKrKr/cpp/plugins/psdfile/psdparse/psddata.h:117:18: warning: multi-character character constant [-Wmultichar]
2026-09-07T17:58:10.4977919Z   117 |             case 'dark':
2026-09-07T17:58:10.4978342Z       |                  ^~~~~~
2026-09-07T17:58:10.4979439Z /home/runner/work/PocketKrKr/PocketKrKr/cpp/plugins/psdfile/psdparse/psddata.h:119:18: warning: multi-character character constant [-Wmultichar]
2026-09-07T17:58:10.4980623Z   119 |             case 'mul ':
2026-09-07T17:58:10.5025724Z       |                  ^~~~~~
2026-09-07T17:58:10.5056608Z /home/runner/work/PocketKrKr/PocketKrKr/cpp/plugins/psdfile/psdparse/psddata.h:121:18: warning: multi-character character constant [-Wmultichar]
2026-09-07T17:58:10.5075844Z   121 |             case 'idiv':
2026-09-07T17:58:10.5076478Z       |                  ^~~~~~
2026-09-07T17:58:10.5106580Z /home/runner/work/PocketKrKr/PocketKrKr/cpp/plugins/psdfile/psdparse/psddata.h:123:18: warning: multi-character character constant [-Wmultichar]
2026-09-07T17:58:10.5135849Z   123 |             case 'lbrn':
2026-09-07T17:58:10.5166114Z       |                  ^~~~~~
2026-09-07T17:58:10.5167570Z /home/runner/work/PocketKrKr/PocketKrKr/cpp/plugins/psdfile/psdparse/psddata.h:125:18: warning: multi-character character constant [-Wmultichar]
2026-09-07T17:58:10.5195899Z   125 |             case 'dkCl':
2026-09-07T17:58:10.5225850Z       |                  ^~~~~~
2026-09-07T17:58:10.5256536Z /home/runner/work/PocketKrKr/PocketKrKr/cpp/plugins/psdfile/psdparse/psddata.h:127:18: warning: multi-character character constant [-Wmultichar]
2026-09-07T17:58:10.5257983Z   127 |             case 'lite':
2026-09-07T17:58:10.5285864Z       |                  ^~~~~~
2026-09-07T17:58:10.5316614Z /home/runner/work/PocketKrKr/PocketKrKr/cpp/plugins/psdfile/psdparse/psddata.h:129:18: warning: multi-character character constant [-Wmultichar]
2026-09-07T17:58:10.5326495Z   129 |             case 'scrn':
2026-09-07T17:58:10.5345901Z       |                  ^~~~~~
2026-09-07T17:58:10.5376669Z /home/runner/work/PocketKrKr/PocketKrKr/cpp/plugins/psdfile/psdparse/psddata.h:131:18: warning: multi-character character constant [-Wmultichar]
2026-09-07T17:58:10.5396062Z   131 |             case 'div ':
2026-09-07T17:58:10.5396721Z       |                  ^~~~~~
2026-09-07T17:58:10.5398203Z /home/runner/work/PocketKrKr/PocketKrKr/cpp/plugins/psdfile/psdparse/psddata.h:133:18: warning: multi-character character constant [-Wmultichar]
2026-09-07T17:58:10.5399701Z   133 |             case 'lddg':
2026-09-07T17:58:10.5402788Z       |                  ^~~~~~
2026-09-07T17:58:10.5404521Z /home/runner/work/PocketKrKr/PocketKrKr/cpp/plugins/psdfile/psdparse/psddata.h:135:18: warning: multi-character character constant [-Wmultichar]
2026-09-07T17:58:10.5406397Z   135 |             case 'ltCl':
2026-09-07T17:58:10.5407026Z       |                  ^~~~~~
2026-09-07T17:58:10.5420821Z /home/runner/work/PocketKrKr/PocketKrKr/cpp/plugins/psdfile/psdparse/psddata.h:137:18: warning: multi-character character constant [-Wmultichar]
2026-09-07T17:58:10.5422510Z   137 |             case 'over':
2026-09-07T17:58:10.5423164Z       |                  ^~~~~~
2026-09-07T17:58:10.5424541Z /home/runner/work/PocketKrKr/PocketKrKr/cpp/plugins/psdfile/psdparse/psddata.h:139:18: warning: multi-character character constant [-Wmultichar]
2026-09-07T17:58:10.5426205Z   139 |             case 'sLit':
2026-09-07T17:58:10.5426868Z       |                  ^~~~~~
2026-09-07T17:58:10.5428194Z /home/runner/work/PocketKrKr/PocketKrKr/cpp/plugins/psdfile/psdparse/psddata.h:141:18: warning: multi-character character constant [-Wmultichar]
2026-09-07T17:58:10.5429651Z   141 |             case 'hLit':
2026-09-07T17:58:10.5430315Z       |                  ^~~~~~
2026-09-07T17:58:10.5431706Z /home/runner/work/PocketKrKr/PocketKrKr/cpp/plugins/psdfile/psdparse/psddata.h:143:18: warning: multi-character character constant [-Wmultichar]
2026-09-07T17:58:10.5433153Z   143 |             case 'vLit':
2026-09-07T17:58:10.5433788Z       |                  ^~~~~~
2026-09-07T17:58:10.5435103Z /home/runner/work/PocketKrKr/PocketKrKr/cpp/plugins/psdfile/psdparse/psddata.h:145:18: warning: multi-character character constant [-Wmultichar]
2026-09-07T17:58:10.5436806Z   145 |             case 'lLit':
2026-09-07T17:58:10.5437483Z       |                  ^~~~~~
2026-09-07T17:58:10.5438865Z /home/runner/work/PocketKrKr/PocketKrKr/cpp/plugins/psdfile/psdparse/psddata.h:147:18: warning: multi-character character constant [-Wmultichar]
2026-09-07T17:58:10.5440352Z   147 |             case 'pLit':
2026-09-07T17:58:10.5441058Z       |                  ^~~~~~
2026-09-07T17:58:10.5442496Z /home/runner/work/PocketKrKr/PocketKrKr/cpp/plugins/psdfile/psdparse/psddata.h:149:18: warning: multi-character character constant [-Wmultichar]
2026-09-07T17:58:10.5444078Z   149 |             case 'hMix':
2026-09-07T17:58:10.5444810Z       |                  ^~~~~~
2026-09-07T17:58:10.5447035Z /home/runner/work/PocketKrKr/PocketKrKr/cpp/plugins/psdfile/psdparse/psddata.h:151:18: warning: multi-character character constant [-Wmultichar]
2026-09-07T17:58:10.5448966Z   151 |             case 'diff':
2026-09-07T17:58:10.5449729Z       |                  ^~~~~~
2026-09-07T17:58:10.5451069Z /home/runner/work/PocketKrKr/PocketKrKr/cpp/plugins/psdfile/psdparse/psddata.h:153:18: warning: multi-character character constant [-Wmultichar]
2026-09-07T17:58:10.5452806Z   153 |             case 'smud':
2026-09-07T17:58:10.5453435Z       |                  ^~~~~~
2026-09-07T17:58:10.5454775Z /home/runner/work/PocketKrKr/PocketKrKr/cpp/plugins/psdfile/psdparse/psddata.h:155:18: warning: multi-character character constant [-Wmultichar]
2026-09-07T17:58:10.5456459Z   155 |             case 'fsub':
2026-09-07T17:58:10.5457095Z       |                  ^~~~~~
2026-09-07T17:58:10.5458423Z /home/runner/work/PocketKrKr/PocketKrKr/cpp/plugins/psdfile/psdparse/psddata.h:157:18: warning: multi-character character constant [-Wmultichar]
2026-09-07T17:58:10.5459938Z   157 |             case 'fdiv':
2026-09-07T17:58:10.5460566Z       |                  ^~~~~~
2026-09-07T17:58:10.5462023Z /home/runner/work/PocketKrKr/PocketKrKr/cpp/plugins/psdfile/psdparse/psddata.h:159:18: warning: multi-character character constant [-Wmultichar]
2026-09-07T17:58:10.5463486Z   159 |             case 'hue ':
2026-09-07T17:58:10.5464123Z       |                  ^~~~~~
2026-09-07T17:58:10.5465713Z /home/runner/work/PocketKrKr/PocketKrKr/cpp/plugins/psdfile/psdparse/psddata.h:161:18: warning: multi-character character constant [-Wmultichar]
2026-09-07T17:58:10.5467121Z   161 |             case 'sat ':
2026-09-07T17:58:10.5467744Z       |                  ^~~~~~
2026-09-07T17:58:10.5469036Z /home/runner/work/PocketKrKr/PocketKrKr/cpp/plugins/psdfile/psdparse/psddata.h:163:18: warning: multi-character character constant [-Wmultichar]
2026-09-07T17:58:10.5470417Z   163 |             case 'colr':
2026-09-07T17:58:10.5471043Z       |                  ^~~~~~
2026-09-07T17:58:10.5472334Z /home/runner/work/PocketKrKr/PocketKrKr/cpp/plugins/psdfile/psdparse/psddata.h:165:18: warning: multi-character character constant [-Wmultichar]
2026-09-07T17:58:10.5473701Z   165 |             case 'lum ':
2026-09-07T17:58:10.5474307Z       |                  ^~~~~~
2026-09-07T17:58:10.5475855Z /home/runner/work/PocketKrKr/PocketKrKr/cpp/plugins/psdfile/psdparse/psddata.h:167:18: warning: multi-character character constant [-Wmultichar]
2026-09-07T17:58:10.5477288Z   167 |             case 'pass':
2026-09-07T17:58:10.5477951Z       |                  ^~~~~~
2026-09-07T17:58:10.5479092Z In file included from /home/runner/work/PocketKrKr/PocketKrKr/cpp/plugins/psdfile/psdparse/psdfile.h:3,
2026-09-07T17:58:10.5480279Z                  from /home/runner/work/PocketKrKr/PocketKrKr/cpp/plugins/psdfile/psdclass.h:9,
2026-09-07T17:58:10.5481468Z                  from /home/runner/work/PocketKrKr/PocketKrKr/cpp/plugins/psdfile/psdclass_loadstreambase.cpp:4:
2026-09-07T17:58:10.5483212Z /home/runner/work/PocketKrKr/PocketKrKr/cpp/plugins/psdfile/psdparse/psddesc.h: In member function ‘virtual void psd::DescriptorReference::dump(int)’:
2026-09-07T17:58:10.5484907Z /home/runner/work/PocketKrKr/PocketKrKr/cpp/plugins/psdfile/psdparse/psddesc.h:234:20: warning: format ‘%d’ expects argument of type ‘int’, but argument 3 has type ‘std::vector<psd::ReferenceItem*>::size_type’ {aka ‘long unsigned int’} [-Wformat=]
2026-09-07T17:58:10.5486941Z   234 |             dprint("%s (count:%d)\n", typeName(), items.size());
2026-09-07T17:58:10.5487616Z       |                    ^~~~~~~~~~~~~~~~~              ~~~~~~~~~~~~
2026-09-07T17:58:10.5488192Z       |                                                             |
2026-09-07T17:58:10.5489000Z       |                                                             std::vector<psd::ReferenceItem*>::size_type {aka long unsigned int}
2026-09-07T17:58:10.5490479Z /home/runner/work/PocketKrKr/PocketKrKr/cpp/plugins/psdfile/psdparse/psdbase.h:7:28: note: in definition of macro ‘dprint’
2026-09-07T17:58:10.5491581Z     7 | #define dprint(...) printf(__VA_ARGS__);
2026-09-07T17:58:10.5492453Z       |                            ^~~~~~~~~~~
2026-09-07T17:58:10.5493398Z In file included from /home/runner/work/PocketKrKr/PocketKrKr/cpp/plugins/psdfile/psdparse/psddata.h:5,
2026-09-07T17:58:10.5494686Z                  from /home/runner/work/PocketKrKr/PocketKrKr/cpp/plugins/psdfile/psdparse/psdfile.h:4,
2026-09-07T17:58:10.5496418Z                  from /home/runner/work/PocketKrKr/PocketKrKr/cpp/plugins/psdfile/psdclass.h:9,
2026-09-07T17:58:10.5497650Z                  from /home/runner/work/PocketKrKr/PocketKrKr/cpp/plugins/psdfile/psdclass_loadstreambase.cpp:4:
2026-09-07T17:58:10.5499196Z /home/runner/work/PocketKrKr/PocketKrKr/cpp/plugins/psdfile/psdparse/psddesc.h:234:32: note: format string is defined here
2026-09-07T17:58:10.5500415Z   234 |             dprint("%s (count:%d)\n", typeName(), items.size());
2026-09-07T17:58:10.5501041Z       |                               ~^
2026-09-07T17:58:10.5501531Z       |                                |
2026-09-07T17:58:10.5502012Z       |                                int
2026-09-07T17:58:10.5502519Z       |                               %ld
2026-09-07T17:58:10.5503410Z In file included from /home/runner/work/PocketKrKr/PocketKrKr/cpp/plugins/psdfile/psdparse/psdfile.h:3,
2026-09-07T17:58:10.5504594Z                  from /home/runner/work/PocketKrKr/PocketKrKr/cpp/plugins/psdfile/psdclass.h:9,
2026-09-07T17:58:10.5506005Z                  from /home/runner/work/PocketKrKr/PocketKrKr/cpp/plugins/psdfile/psdclass_loadstreambase.cpp:4:
2026-09-07T17:58:10.5507770Z /home/runner/work/PocketKrKr/PocketKrKr/cpp/plugins/psdfile/psdparse/psddesc.h: In member function ‘virtual void psd::DescriptorList::dump(int)’:
2026-09-07T17:58:10.5510823Z /home/runner/work/PocketKrKr/PocketKrKr/cpp/plugins/psdfile/psdparse/psddesc.h:253:20: warning: format ‘%d’ expects argument of type ‘int’, but argument 3 has type ‘std::vector<psd::DescriptorItem*>::size_type’ {aka ‘long unsigned int’} [-Wformat=]
2026-09-07T17:58:10.5512785Z   253 |             dprint("%s (count:%d)\n", typeName(), items.size());
2026-09-07T17:58:10.5513488Z       |                    ^~~~~~~~~~~~~~~~~              ~~~~~~~~~~~~
2026-09-07T17:58:10.5514082Z       |                                                             |
2026-09-07T17:58:10.5514929Z       |                                                             std::vector<psd::DescriptorItem*>::size_type {aka long unsigned int}
2026-09-07T17:58:10.5516810Z /home/runner/work/PocketKrKr/PocketKrKr/cpp/plugins/psdfile/psdparse/psdbase.h:7:28: note: in definition of macro ‘dprint’
2026-09-07T17:58:10.5517911Z     7 | #define dprint(...) printf(__VA_ARGS__);
2026-09-07T17:58:10.5518450Z       |                            ^~~~~~~~~~~
2026-09-07T17:58:10.5519336Z In file included from /home/runner/work/PocketKrKr/PocketKrKr/cpp/plugins/psdfile/psdparse/psddata.h:5,
2026-09-07T17:58:10.5520601Z                  from /home/runner/work/PocketKrKr/PocketKrKr/cpp/plugins/psdfile/psdparse/psdfile.h:4,
2026-09-07T17:58:10.5521756Z                  from /home/runner/work/PocketKrKr/PocketKrKr/cpp/plugins/psdfile/psdclass.h:9,
2026-09-07T17:58:10.5522976Z                  from /home/runner/work/PocketKrKr/PocketKrKr/cpp/plugins/psdfile/psdclass_loadstreambase.cpp:4:
2026-09-07T17:58:10.5524476Z /home/runner/work/PocketKrKr/PocketKrKr/cpp/plugins/psdfile/psdparse/psddesc.h:253:32: note: format string is defined here
2026-09-07T17:58:10.5526096Z   253 |             dprint("%s (count:%d)\n", typeName(), items.size());
2026-09-07T17:58:10.5526793Z       |                               ~^
2026-09-07T17:58:10.5527294Z       |                                |
2026-09-07T17:58:10.5527749Z       |                                int
2026-09-07T17:58:10.5528231Z       |                               %ld
2026-09-07T17:58:10.5529069Z In file included from /home/runner/work/PocketKrKr/PocketKrKr/cpp/plugins/psdfile/psdclass.h:10,
2026-09-07T17:58:10.5530345Z                  from /home/runner/work/PocketKrKr/PocketKrKr/cpp/plugins/psdfile/psdclass_loadstreambase.cpp:4:
2026-09-07T17:58:10.5532963Z /home/runner/work/PocketKrKr/PocketKrKr/cpp/core/plugin/ncbind.hpp: In static member function ‘static ncbTypeConvertor::Conversion<FROM, TO>::OK ncbTypeConvertor::Conversion<FROM, TO>::check(TO)’:
2026-09-07T17:58:10.5535155Z /home/runner/work/PocketKrKr/PocketKrKr/cpp/core/plugin/ncbind.hpp:244:38: warning: no return statement in function returning non-void [-Wreturn-type]
2026-09-07T17:58:10.5536906Z   244 |                 static OK check(TO) {};
2026-09-07T17:58:10.5537427Z       |                                      ^
2026-09-07T17:58:10.5538333Z [323/741] Building CXX object cpp/plugins/kagparserex/CMakeFiles/kagparserex.dir/__/psbfile/PSBMedia.cpp.o
2026-09-07T17:58:10.5539701Z [324/741] Building CXX object cpp/plugins/kagparserex/CMakeFiles/kagparserex.dir/__/psbfile/types/PimgType.cpp.o
2026-09-07T17:58:10.5541166Z [325/741] Building CXX object cpp/plugins/kagparserex/CMakeFiles/kagparserex.dir/__/psbfile/types/MotionType.cpp.o
2026-09-07T17:58:10.5696700Z [326/741] Building CXX object cpp/plugins/kagparserex/CMakeFiles/kagparserex.dir/__/psbfile/types/ScnType.cpp.o
2026-09-07T17:58:10.5912497Z [327/741] Building CXX object cpp/plugins/kagparserex/CMakeFiles/kagparserex.dir/__/psbfile/types/ImageType.cpp.o
2026-09-07T17:58:10.6166482Z [328/741] Building CXX object cpp/plugins/kagparserex/CMakeFiles/kagparserex.dir/__/psbfile/types/MmoType.cpp.o
2026-09-07T17:58:10.6387092Z [329/741] Building CXX object cpp/plugins/kagparserex/CMakeFiles/kagparserex.dir/__/psbfile/types/ArchiveType.cpp.o
2026-09-07T17:58:10.6637386Z [330/741] Building CXX object cpp/plugins/kagparserex/CMakeFiles/kagparserex.dir/__/psbfile/types/SoundArchiveType.cpp.o
2026-09-07T17:58:10.7061720Z [331/741] Building CXX object cpp/plugins/kagparserex/CMakeFiles/kagparserex.dir/__/psbfile/resources/ImageMetadata.cpp.o
2026-09-07T17:58:11.6196792Z [332/741] Building CXX object cpp/plugins/kagparserex/CMakeFiles/kagparserex.dir/__/psbfile/main.cpp.o
2026-09-07T17:58:11.6206352Z In file included from /home/runner/work/PocketKrKr/PocketKrKr/cpp/plugins/psbfile/main.cpp:11:
2026-09-07T17:58:11.6227662Z /home/runner/work/PocketKrKr/PocketKrKr/cpp/core/plugin/ncbind.hpp: In static member function ‘static ncbTypeConvertor::Conversion<FROM, TO>::OK ncbTypeConvertor::Conversion<FROM, TO>::check(TO)’:
2026-09-07T17:58:11.6256574Z /home/runner/work/PocketKrKr/PocketKrKr/cpp/core/plugin/ncbind.hpp:244:38: warning: no return statement in function returning non-void [-Wreturn-type]
2026-09-07T17:58:11.6286041Z   244 |                 static OK check(TO) {};
2026-09-07T17:58:11.6305727Z       |                                      ^
2026-09-07T17:58:13.7076614Z [333/741] Building CXX object cpp/plugins/kagparserex/CMakeFiles/kagparserex.dir/__/psbfile/PSBFile.cpp.o
2026-09-07T17:58:13.7106454Z In file included from /home/runner/work/PocketKrKr/PocketKrKr/cpp/plugins/psbfile/PSBFile.cpp:8:
2026-09-07T17:58:13.7137413Z /home/runner/work/PocketKrKr/PocketKrKr/cpp/core/plugin/ncbind.hpp: In static member function ‘static ncbTypeConvertor::Conversion<FROM, TO>::OK ncbTypeConvertor::Conversion<FROM, TO>::check(TO)’:
2026-09-07T17:58:13.7176502Z /home/runner/work/PocketKrKr/PocketKrKr/cpp/core/plugin/ncbind.hpp:244:38: warning: no return statement in function returning non-void [-Wreturn-type]
2026-09-07T17:58:13.7205775Z   244 |                 static OK check(TO) {};
2026-09-07T17:58:13.7226030Z       |                                      ^
2026-09-07T17:58:15.4576726Z [334/741] Building CXX object cpp/plugins/kagparserex/CMakeFiles/kagparserex.dir/__/layerex_draw/general/LayerExDraw.cpp.o
2026-09-07T17:58:15.4586408Z In file included from /home/runner/work/PocketKrKr/PocketKrKr/cpp/plugins/layerex_draw/general/LayerExDraw.cpp:5:
2026-09-07T17:58:15.4607508Z /home/runner/work/PocketKrKr/PocketKrKr/cpp/core/plugin/ncbind.hpp: In static member function ‘static ncbTypeConvertor::Conversion<FROM, TO>::OK ncbTypeConvertor::Conversion<FROM, TO>::check(TO)’:
2026-09-07T17:58:15.4610083Z /home/runner/work/PocketKrKr/PocketKrKr/cpp/core/plugin/ncbind.hpp:244:38: warning: no return statement in function returning non-void [-Wreturn-type]
2026-09-07T17:58:15.4611326Z   244 |                 static OK check(TO) {};
2026-09-07T17:58:15.4611854Z       |                                      ^
2026-09-07T17:58:15.9076944Z [335/741] Building CXX object cpp/plugins/kagparserex/CMakeFiles/kagparserex.dir/__/layerex_draw/general/DrawPath.cpp.o
2026-09-07T17:58:15.9226799Z [336/741] Building CXX object cpp/plugins/kagparserex/CMakeFiles/kagparserex.dir/__/motionplayer/EmotePlayer.cpp.o
2026-09-07T17:58:16.5366700Z [337/741] Building CXX object cpp/plugins/kagparserex/CMakeFiles/kagparserex.dir/__/layerex_draw/general/main.cpp.o
2026-09-07T17:58:16.5386597Z In file included from /home/runner/work/PocketKrKr/PocketKrKr/cpp/plugins/layerex_draw/general/main.cpp:3:
2026-09-07T17:58:16.5389626Z /home/runner/work/PocketKrKr/PocketKrKr/cpp/core/plugin/ncbind.hpp: In static member function ‘static ncbTypeConvertor::Conversion<FROM, TO>::OK ncbTypeConvertor::Conversion<FROM, TO>::check(TO)’:
2026-09-07T17:58:16.5392264Z /home/runner/work/PocketKrKr/PocketKrKr/cpp/core/plugin/ncbind.hpp:244:38: warning: no return statement in function returning non-void [-Wreturn-type]
2026-09-07T17:58:16.5393697Z   244 |                 static OK check(TO) {};
2026-09-07T17:58:16.5394435Z       |                                      ^
2026-09-07T17:58:16.5636973Z [338/741] Building CXX object cpp/plugins/kagparserex/CMakeFiles/kagparserex.dir/__/motionplayer/ResourceManager.cpp.o
2026-09-07T17:58:19.4426871Z [339/741] Building CXX object cpp/plugins/kagparserex/CMakeFiles/kagparserex.dir/__/motionplayer/Player.cpp.o
2026-09-07T17:58:19.4446411Z In file included from /home/runner/work/PocketKrKr/PocketKrKr/cpp/plugins/motionplayer/Player.h:19,
2026-09-07T17:58:19.4466600Z                  from /home/runner/work/PocketKrKr/PocketKrKr/cpp/plugins/motionplayer/Player.cpp:5:
2026-09-07T17:58:19.4497526Z /home/runner/work/PocketKrKr/PocketKrKr/cpp/core/plugin/ncbind.hpp: In static member function ‘static ncbTypeConvertor::Conversion<FROM, TO>::OK ncbTypeConvertor::Conversion<FROM, TO>::check(TO)’:
2026-09-07T17:58:19.4499694Z /home/runner/work/PocketKrKr/PocketKrKr/cpp/core/plugin/ncbind.hpp:244:38: warning: no return statement in function returning non-void [-Wreturn-type]
2026-09-07T17:58:19.4500891Z   244 |                 static OK check(TO) {};
2026-09-07T17:58:19.4501391Z       |                                      ^
2026-09-07T17:58:19.9493188Z [340/741] Building CXX object cpp/plugins/kagparserex/CMakeFiles/kagparserex.dir/__/fstat/main.cpp.o
2026-09-07T17:58:19.9516400Z In file included from /home/runner/work/PocketKrKr/PocketKrKr/cpp/plugins/fstat/main.cpp:8:
2026-09-07T17:58:19.9537724Z /home/runner/work/PocketKrKr/PocketKrKr/cpp/core/plugin/ncbind.hpp: In static member function ‘static ncbTypeConvertor::Conversion<FROM, TO>::OK ncbTypeConvertor::Conversion<FROM, TO>::check(TO)’:
2026-09-07T17:58:19.9540340Z /home/runner/work/PocketKrKr/PocketKrKr/cpp/core/plugin/ncbind.hpp:244:38: warning: no return statement in function returning non-void [-Wreturn-type]
2026-09-07T17:58:19.9541788Z   244 |                 static OK check(TO) {};
2026-09-07T17:58:19.9542448Z       |                                      ^
2026-09-07T17:58:20.9806451Z [341/741] Linking CXX static library cpp/plugins/fstat/libfstat.a
2026-09-07T17:58:20.9986976Z [342/741] Building CXX object cpp/plugins/motionplayer/CMakeFiles/motionplayer.dir/EmotePlayer.cpp.o
2026-09-07T17:58:21.0178790Z [343/741] Building CXX object cpp/plugins/kagparserex/CMakeFiles/kagparserex.dir/__/motionplayer/main.cpp.o
2026-09-07T17:58:21.0180546Z In file included from /home/runner/work/PocketKrKr/PocketKrKr/cpp/plugins/motionplayer/main.cpp:8:
2026-09-07T17:58:21.0183313Z /home/runner/work/PocketKrKr/PocketKrKr/cpp/core/plugin/ncbind.hpp: In static member function ‘static ncbTypeConvertor::Conversion<FROM, TO>::OK ncbTypeConvertor::Conversion<FROM, TO>::check(TO)’:
2026-09-07T17:58:21.0186319Z /home/runner/work/PocketKrKr/PocketKrKr/cpp/core/plugin/ncbind.hpp:244:38: warning: no return statement in function returning non-void [-Wreturn-type]
2026-09-07T17:58:21.0187730Z   244 |                 static OK check(TO) {};
2026-09-07T17:58:21.0188385Z       |                                      ^
2026-09-07T17:58:21.0417194Z [344/741] Building CXX object cpp/plugins/motionplayer/CMakeFiles/motionplayer.dir/ResourceManager.cpp.o
2026-09-07T17:58:23.5436574Z [345/741] Building CXX object cpp/plugins/motionplayer/CMakeFiles/motionplayer.dir/__/scriptsEx.cpp.o
2026-09-07T17:58:23.5466251Z In file included from /home/runner/work/PocketKrKr/PocketKrKr/cpp/plugins/scriptsEx.cpp:5:
2026-09-07T17:58:23.5477949Z /home/runner/work/PocketKrKr/PocketKrKr/cpp/core/plugin/ncbind.hpp: In static member function ‘static ncbTypeConvertor::Conversion<FROM, TO>::OK ncbTypeConvertor::Conversion<FROM, TO>::check(TO)’:
2026-09-07T17:58:23.5497164Z /home/runner/work/PocketKrKr/PocketKrKr/cpp/core/plugin/ncbind.hpp:244:38: warning: no return statement in function returning non-void [-Wreturn-type]
2026-09-07T17:58:23.5525780Z   244 |                 static OK check(TO) {};
2026-09-07T17:58:23.5555957Z       |                                      ^
2026-09-07T17:58:24.5016752Z [346/741] Building CXX object cpp/plugins/motionplayer/CMakeFiles/motionplayer.dir/Player.cpp.o
2026-09-07T17:58:24.5046406Z In file included from /home/runner/work/PocketKrKr/PocketKrKr/cpp/plugins/motionplayer/Player.h:19,
2026-09-07T17:58:24.5047813Z                  from /home/runner/work/PocketKrKr/PocketKrKr/cpp/plugins/motionplayer/Player.cpp:5:
2026-09-07T17:58:24.5050389Z /home/runner/work/PocketKrKr/PocketKrKr/cpp/core/plugin/ncbind.hpp: In static member function ‘static ncbTypeConvertor::Conversion<FROM, TO>::OK ncbTypeConvertor::Conversion<FROM, TO>::check(TO)’:
2026-09-07T17:58:24.5052705Z /home/runner/work/PocketKrKr/PocketKrKr/cpp/core/plugin/ncbind.hpp:244:38: warning: no return statement in function returning non-void [-Wreturn-type]
2026-09-07T17:58:24.5053958Z   244 |                 static OK check(TO) {};
2026-09-07T17:58:24.5054513Z       |                                      ^
2026-09-07T17:58:25.5296703Z [347/741] Building CXX object cpp/plugins/motionplayer/CMakeFiles/motionplayer.dir/main.cpp.o
2026-09-07T17:58:25.5326568Z In file included from /home/runner/work/PocketKrKr/PocketKrKr/cpp/plugins/motionplayer/main.cpp:8:
2026-09-07T17:58:25.5358098Z /home/runner/work/PocketKrKr/PocketKrKr/cpp/core/plugin/ncbind.hpp: In static member function ‘static ncbTypeConvertor::Conversion<FROM, TO>::OK ncbTypeConvertor::Conversion<FROM, TO>::check(TO)’:
2026-09-07T17:58:25.5366748Z /home/runner/work/PocketKrKr/PocketKrKr/cpp/core/plugin/ncbind.hpp:244:38: warning: no return statement in function returning non-void [-Wreturn-type]
2026-09-07T17:58:25.5385822Z   244 |                 static OK check(TO) {};
2026-09-07T17:58:25.5390300Z       |                                      ^
2026-09-07T17:58:25.6696656Z [348/741] Building CXX object cpp/plugins/motionplayer/CMakeFiles/motionplayer.dir/__/win32dialog.cpp.o
2026-09-07T17:58:25.6698128Z In file included from /home/runner/work/PocketKrKr/PocketKrKr/cpp/plugins/win32dialog.cpp:2:
2026-09-07T17:58:25.6727439Z /home/runner/work/PocketKrKr/PocketKrKr/cpp/core/plugin/ncbind.hpp: In static member function ‘static ncbTypeConvertor::Conversion<FROM, TO>::OK ncbTypeConvertor::Conversion<FROM, TO>::check(TO)’:
2026-09-07T17:58:25.6756514Z /home/runner/work/PocketKrKr/PocketKrKr/cpp/core/plugin/ncbind.hpp:244:38: warning: no return statement in function returning non-void [-Wreturn-type]
2026-09-07T17:58:25.6776506Z   244 |                 static OK check(TO) {};
2026-09-07T17:58:25.6777352Z       |                                      ^
2026-09-07T17:58:26.8046705Z [349/741] Building CXX object cpp/plugins/motionplayer/CMakeFiles/motionplayer.dir/__/dirlist.cpp.o
2026-09-07T17:58:26.8086257Z In file included from /home/runner/work/PocketKrKr/PocketKrKr/cpp/plugins/dirlist.cpp:5:
2026-09-07T17:58:26.8107855Z /home/runner/work/PocketKrKr/PocketKrKr/cpp/core/plugin/ncbind.hpp: In static member function ‘static ncbTypeConvertor::Conversion<FROM, TO>::OK ncbTypeConvertor::Conversion<FROM, TO>::check(TO)’:
2026-09-07T17:58:26.8110231Z /home/runner/work/PocketKrKr/PocketKrKr/cpp/core/plugin/ncbind.hpp:244:38: warning: no return statement in function returning non-void [-Wreturn-type]
2026-09-07T17:58:26.8111845Z   244 |                 static OK check(TO) {};
2026-09-07T17:58:26.8112404Z       |                                      ^
2026-09-07T17:58:27.7706686Z [350/741] Building CXX object cpp/plugins/motionplayer/CMakeFiles/motionplayer.dir/__/csvParser.cpp.o
2026-09-07T17:58:27.7766691Z In file included from /home/runner/work/PocketKrKr/PocketKrKr/cpp/plugins/csvParser.cpp:3:
2026-09-07T17:58:27.7797237Z /home/runner/work/PocketKrKr/PocketKrKr/cpp/core/plugin/ncbind.hpp: In static member function ‘static ncbTypeConvertor::Conversion<FROM, TO>::OK ncbTypeConvertor::Conversion<FROM, TO>::check(TO)’:
2026-09-07T17:58:27.7826458Z /home/runner/work/PocketKrKr/PocketKrKr/cpp/core/plugin/ncbind.hpp:244:38: warning: no return statement in function returning non-void [-Wreturn-type]
2026-09-07T17:58:27.7827688Z   244 |                 static OK check(TO) {};
2026-09-07T17:58:27.7828224Z       |                                      ^
2026-09-07T17:58:28.5986913Z [351/741] Building CXX object cpp/plugins/motionplayer/CMakeFiles/motionplayer.dir/__/layerExMovie.cpp.o
2026-09-07T17:58:28.6016216Z In file included from /home/runner/work/PocketKrKr/PocketKrKr/cpp/plugins/layerExMovie.cpp:9:
2026-09-07T17:58:28.6037576Z /home/runner/work/PocketKrKr/PocketKrKr/cpp/core/plugin/ncbind.hpp: In static member function ‘static ncbTypeConvertor::Conversion<FROM, TO>::OK ncbTypeConvertor::Conversion<FROM, TO>::check(TO)’:
2026-09-07T17:58:28.6056513Z /home/runner/work/PocketKrKr/PocketKrKr/cpp/core/plugin/ncbind.hpp:244:38: warning: no return statement in function returning non-void [-Wreturn-type]
2026-09-07T17:58:28.6066185Z   244 |                 static OK check(TO) {};
2026-09-07T17:58:28.6067046Z       |                                      ^
2026-09-07T17:58:28.8816639Z [352/741] Building CXX object cpp/plugins/motionplayer/CMakeFiles/motionplayer.dir/__/varfile.cpp.o
2026-09-07T17:58:28.8826407Z In file included from /home/runner/work/PocketKrKr/PocketKrKr/cpp/plugins/varfile.cpp:3:
2026-09-07T17:58:28.8857369Z /home/runner/work/PocketKrKr/PocketKrKr/cpp/core/plugin/ncbind.hpp: In static member function ‘static ncbTypeConvertor::Conversion<FROM, TO>::OK ncbTypeConvertor::Conversion<FROM, TO>::check(TO)’:
2026-09-07T17:58:28.8876428Z /home/runner/work/PocketKrKr/PocketKrKr/cpp/core/plugin/ncbind.hpp:244:38: warning: no return statement in function returning non-void [-Wreturn-type]
2026-09-07T17:58:28.8885918Z   244 |                 static OK check(TO) {};
2026-09-07T17:58:28.8886730Z       |                                      ^
2026-09-07T17:58:30.0480752Z [353/741] Building CXX object cpp/plugins/motionplayer/CMakeFiles/motionplayer.dir/__/saveStruct.cpp.o
2026-09-07T17:58:30.0482423Z In file included from /home/runner/work/PocketKrKr/PocketKrKr/cpp/plugins/saveStruct.cpp:1:
2026-09-07T17:58:30.0527534Z /home/runner/work/PocketKrKr/PocketKrKr/cpp/core/plugin/ncbind.hpp: In static member function ‘static ncbTypeConvertor::Conversion<FROM, TO>::OK ncbTypeConvertor::Conversion<FROM, TO>::check(TO)’:
2026-09-07T17:58:30.0546662Z /home/runner/work/PocketKrKr/PocketKrKr/cpp/core/plugin/ncbind.hpp:244:38: warning: no return statement in function returning non-void [-Wreturn-type]
2026-09-07T17:58:30.0575998Z   244 |                 static OK check(TO) {};
2026-09-07T17:58:30.0595897Z       |                                      ^
2026-09-07T17:58:30.7956851Z [354/741] Building CXX object cpp/plugins/motionplayer/CMakeFiles/motionplayer.dir/__/getabout.cpp.o
2026-09-07T17:58:30.7986174Z In file included from /home/runner/work/PocketKrKr/PocketKrKr/cpp/plugins/getabout.cpp:1:
2026-09-07T17:58:30.7997839Z /home/runner/work/PocketKrKr/PocketKrKr/cpp/core/plugin/ncbind.hpp: In static member function ‘static ncbTypeConvertor::Conversion<FROM, TO>::OK ncbTypeConvertor::Conversion<FROM, TO>::check(TO)’:
2026-09-07T17:58:30.8000560Z /home/runner/work/PocketKrKr/PocketKrKr/cpp/core/plugin/ncbind.hpp:244:38: warning: no return statement in function returning non-void [-Wreturn-type]
2026-09-07T17:58:30.8002068Z   244 |                 static OK check(TO) {};
2026-09-07T17:58:30.8002768Z       |                                      ^
2026-09-07T17:58:30.9210545Z [355/741] Building CXX object cpp/plugins/motionplayer/CMakeFiles/motionplayer.dir/__/addFont.cpp.o
2026-09-07T17:58:30.9223917Z In file included from /home/runner/work/PocketKrKr/PocketKrKr/cpp/plugins/addFont.cpp:1:
2026-09-07T17:58:30.9227150Z /home/runner/work/PocketKrKr/PocketKrKr/cpp/core/plugin/ncbind.hpp: In static member function ‘static ncbTypeConvertor::Conversion<FROM, TO>::OK ncbTypeConvertor::Conversion<FROM, TO>::check(TO)’:
2026-09-07T17:58:30.9229574Z /home/runner/work/PocketKrKr/PocketKrKr/cpp/core/plugin/ncbind.hpp:244:38: warning: no return statement in function returning non-void [-Wreturn-type]
2026-09-07T17:58:30.9230952Z   244 |                 static OK check(TO) {};
2026-09-07T17:58:30.9231618Z       |                                      ^
2026-09-07T17:58:31.6986782Z [356/741] Building CXX object cpp/plugins/kagparserex/CMakeFiles/kagparserex.dir/__/psdfile/psdclass_loadstream.cpp.o
2026-09-07T17:58:31.6996152Z In file included from /home/runner/work/PocketKrKr/PocketKrKr/cpp/plugins/psdfile/psdparse/psddata.h:5,
2026-09-07T17:58:31.7006351Z                  from /home/runner/work/PocketKrKr/PocketKrKr/cpp/plugins/psdfile/psdparse/psdfile.h:4,
2026-09-07T17:58:31.7007954Z                  from /home/runner/work/PocketKrKr/PocketKrKr/cpp/plugins/psdfile/psdclass.h:9,
2026-09-07T17:58:31.7009540Z                  from /home/runner/work/PocketKrKr/PocketKrKr/cpp/plugins/psdfile/psdclass_loadstream.cpp:1:
2026-09-07T17:58:31.7011306Z /home/runner/work/PocketKrKr/PocketKrKr/cpp/plugins/psdfile/psdparse/psddesc.h:17:26: warning: multi-character character constant [-Wmultichar]
2026-09-07T17:58:31.7012759Z    17 |         TYPE_REFERENCE = 'obj ',
2026-09-07T17:58:31.7013375Z       |                          ^~~~~~
2026-09-07T17:58:31.7014720Z /home/runner/work/PocketKrKr/PocketKrKr/cpp/plugins/psdfile/psdparse/psddesc.h:18:27: warning: multi-character character constant [-Wmultichar]
2026-09-07T17:58:31.7016364Z    18 |         TYPE_DESCRIPTOR = 'Objc',
2026-09-07T17:58:31.7017117Z       |                           ^~~~~~
2026-09-07T17:58:31.7018498Z /home/runner/work/PocketKrKr/PocketKrKr/cpp/plugins/psdfile/psdparse/psddesc.h:19:21: warning: multi-character character constant [-Wmultichar]
2026-09-07T17:58:31.7019927Z    19 |         TYPE_LIST = 'VlLs',
2026-09-07T17:58:31.7020539Z       |                     ^~~~~~
2026-09-07T17:58:31.7021875Z /home/runner/work/PocketKrKr/PocketKrKr/cpp/plugins/psdfile/psdparse/psddesc.h:20:23: warning: multi-character character constant [-Wmultichar]
2026-09-07T17:58:31.7023222Z    20 |         TYPE_DOUBLE = 'doub',
2026-09-07T17:58:31.7024164Z       |                       ^~~~~~
2026-09-07T17:58:31.7025971Z /home/runner/work/PocketKrKr/PocketKrKr/cpp/plugins/psdfile/psdparse/psddesc.h:21:27: warning: multi-character character constant [-Wmultichar]
2026-09-07T17:58:31.7027314Z    21 |         TYPE_UNIT_FLOAT = 'UntF',
2026-09-07T17:58:31.7028208Z       |                           ^~~~~~
2026-09-07T17:58:31.7029460Z /home/runner/work/PocketKrKr/PocketKrKr/cpp/plugins/psdfile/psdparse/psddesc.h:22:23: warning: multi-character character constant [-Wmultichar]
2026-09-07T17:58:31.7030703Z    22 |         TYPE_STRING = 'TEXT',
2026-09-07T17:58:31.7031303Z       |                       ^~~~~~
2026-09-07T17:58:31.7032477Z /home/runner/work/PocketKrKr/PocketKrKr/cpp/plugins/psdfile/psdparse/psddesc.h:23:27: warning: multi-character character constant [-Wmultichar]
2026-09-07T17:58:31.7033803Z    23 |         TYPE_ENUMERATED = 'enum',
2026-09-07T17:58:31.7034406Z       |                           ^~~~~~
2026-09-07T17:58:31.7036042Z /home/runner/work/PocketKrKr/PocketKrKr/cpp/plugins/psdfile/psdparse/psddesc.h:24:24: warning: multi-character character constant [-Wmultichar]
2026-09-07T17:58:31.7037402Z    24 |         TYPE_INTEGER = 'long',
2026-09-07T17:58:31.7038094Z       |                        ^~~~~~
2026-09-07T17:58:31.7039395Z /home/runner/work/PocketKrKr/PocketKrKr/cpp/plugins/psdfile/psdparse/psddesc.h:25:24: warning: multi-character character constant [-Wmultichar]
2026-09-07T17:58:31.7040760Z    25 |         TYPE_BOOLEAN = 'bool',
2026-09-07T17:58:31.7041429Z       |                        ^~~~~~
2026-09-07T17:58:31.7042732Z /home/runner/work/PocketKrKr/PocketKrKr/cpp/plugins/psdfile/psdparse/psddesc.h:26:30: warning: multi-character character constant [-Wmultichar]
2026-09-07T17:58:31.7044057Z    26 |         TYPE_GLOBAL_OBJECT = 'GlbO',
2026-09-07T17:58:31.7044796Z       |                              ^~~~~~
2026-09-07T17:58:31.7046347Z /home/runner/work/PocketKrKr/PocketKrKr/cpp/plugins/psdfile/psdparse/psddesc.h:27:23: warning: multi-character character constant [-Wmultichar]
2026-09-07T17:58:31.7047714Z    27 |         TYPE_CLASS1 = 'type',
2026-09-07T17:58:31.7048368Z       |                       ^~~~~~
2026-09-07T17:58:31.7049608Z /home/runner/work/PocketKrKr/PocketKrKr/cpp/plugins/psdfile/psdparse/psddesc.h:28:23: warning: multi-character character constant [-Wmultichar]
2026-09-07T17:58:31.7051011Z    28 |         TYPE_CLASS2 = 'GlbC',
2026-09-07T17:58:31.7051656Z       |                       ^~~~~~
2026-09-07T17:58:31.7052964Z /home/runner/work/PocketKrKr/PocketKrKr/cpp/plugins/psdfile/psdparse/psddesc.h:29:22: warning: multi-character character constant [-Wmultichar]
2026-09-07T17:58:31.7054401Z    29 |         TYPE_ALIAS = 'alis',
2026-09-07T17:58:31.7054997Z       |                      ^~~~~~
2026-09-07T17:58:31.7056594Z /home/runner/work/PocketKrKr/PocketKrKr/cpp/plugins/psdfile/psdparse/psddesc.h:30:25: warning: multi-character character constant [-Wmultichar]
2026-09-07T17:58:31.7057984Z    30 |         TYPE_RAW_DATA = 'tdta',
2026-09-07T17:58:31.7058690Z       |                         ^~~~~~
2026-09-07T17:58:31.7060071Z /home/runner/work/PocketKrKr/PocketKrKr/cpp/plugins/psdfile/psdparse/psddesc.h:34:23: warning: multi-character character constant [-Wmultichar]
2026-09-07T17:58:31.7061528Z    34 |         UNIT_POINTS = '#Pnt',
2026-09-07T17:58:31.7062195Z       |                       ^~~~~~
2026-09-07T17:58:31.7063479Z /home/runner/work/PocketKrKr/PocketKrKr/cpp/plugins/psdfile/psdparse/psddesc.h:35:28: warning: multi-character character constant [-Wmultichar]
2026-09-07T17:58:31.7064912Z    35 |         UNIT_MILLIMETERS = '#Mlm',
2026-09-07T17:58:31.7066032Z       |                            ^~~~~~
2026-09-07T17:58:31.7067401Z /home/runner/work/PocketKrKr/PocketKrKr/cpp/plugins/psdfile/psdparse/psddesc.h:36:22: warning: multi-character character constant [-Wmultichar]
2026-09-07T17:58:31.7068883Z    36 |         UNIT_ANGLE = '#Ang', // degrees
2026-09-07T17:58:31.7069579Z       |                      ^~~~~~
2026-09-07T17:58:31.7071301Z /home/runner/work/PocketKrKr/PocketKrKr/cpp/plugins/psdfile/psdparse/psddesc.h:37:24: warning: multi-character character constant [-Wmultichar]
2026-09-07T17:58:31.7072803Z    37 |         UNIT_DENSITY = '#Rsl', // base per inch
2026-09-07T17:58:31.7073544Z       |                        ^~~~~~
2026-09-07T17:58:31.7075104Z /home/runner/work/PocketKrKr/PocketKrKr/cpp/plugins/psdfile/psdparse/psddesc.h:38:25: warning: multi-character character constant [-Wmultichar]
2026-09-07T17:58:31.7076983Z    38 |         UNIT_DISTANCE = '#Rlt', // base 72ppi
2026-09-07T17:58:31.7077638Z       |                         ^~~~~~
2026-09-07T17:58:31.7078955Z /home/runner/work/PocketKrKr/PocketKrKr/cpp/plugins/psdfile/psdparse/psddesc.h:39:21: warning: multi-character character constant [-Wmultichar]
2026-09-07T17:58:31.7080265Z    39 |         UNIT_NONE = '#Nne',
2026-09-07T17:58:31.7080933Z       |                     ^~~~~~
2026-09-07T17:58:31.7082279Z /home/runner/work/PocketKrKr/PocketKrKr/cpp/plugins/psdfile/psdparse/psddesc.h:40:24: warning: multi-character character constant [-Wmultichar]
2026-09-07T17:58:31.7083738Z    40 |         UNIT_PERCENT = '#Prc',
2026-09-07T17:58:31.7084382Z       |                        ^~~~~~
2026-09-07T17:58:31.7086266Z /home/runner/work/PocketKrKr/PocketKrKr/cpp/plugins/psdfile/psdparse/psddesc.h:41:23: warning: multi-character character constant [-Wmultichar]
2026-09-07T17:58:31.7087580Z    41 |         UNIT_PIXELS = '#Pxl',
2026-09-07T17:58:31.7088233Z       |                       ^~~~~~
2026-09-07T17:58:31.7089546Z /home/runner/work/PocketKrKr/PocketKrKr/cpp/plugins/psdfile/psdparse/psddesc.h:46:29: warning: multi-character character constant [-Wmultichar]
2026-09-07T17:58:31.7091064Z    46 |         REF_TYPE_PROPERTY = 'prop',
2026-09-07T17:58:31.7091723Z       |                             ^~~~~~
2026-09-07T17:58:31.7093047Z /home/runner/work/PocketKrKr/PocketKrKr/cpp/plugins/psdfile/psdparse/psddesc.h:47:26: warning: multi-character character constant [-Wmultichar]
2026-09-07T17:58:31.7094367Z    47 |         REF_TYPE_CLASS = 'Clss',
2026-09-07T17:58:31.7095067Z       |                          ^~~~~~
2026-09-07T17:58:31.7096702Z /home/runner/work/PocketKrKr/PocketKrKr/cpp/plugins/psdfile/psdparse/psddesc.h:48:29: warning: multi-character character constant [-Wmultichar]
2026-09-07T17:58:31.7098110Z    48 |         REF_TYPE_ENUM_REF = 'Enmr',
2026-09-07T17:58:31.7098717Z       |                             ^~~~~~
2026-09-07T17:58:31.7100006Z /home/runner/work/PocketKrKr/PocketKrKr/cpp/plugins/psdfile/psdparse/psddesc.h:49:27: warning: multi-character character constant [-Wmultichar]
2026-09-07T17:58:31.7101270Z    49 |         REF_TYPE_OFFSET = 'rele',
2026-09-07T17:58:31.7101868Z       |                           ^~~~~~
2026-09-07T17:58:31.7103082Z /home/runner/work/PocketKrKr/PocketKrKr/cpp/plugins/psdfile/psdparse/psddesc.h:50:31: warning: multi-character character constant [-Wmultichar]
2026-09-07T17:58:31.7104481Z    50 |         REF_TYPE_IDENTIFIER = 'Idnt',
2026-09-07T17:58:31.7105181Z       |                               ^~~~~~
2026-09-07T17:58:31.7106896Z /home/runner/work/PocketKrKr/PocketKrKr/cpp/plugins/psdfile/psdparse/psddesc.h:51:26: warning: multi-character character constant [-Wmultichar]
2026-09-07T17:58:31.7108232Z    51 |         REF_TYPE_INDEX = 'indx',
2026-09-07T17:58:31.7108954Z       |                          ^~~~~~
2026-09-07T17:58:31.7110193Z /home/runner/work/PocketKrKr/PocketKrKr/cpp/plugins/psdfile/psdparse/psddesc.h:52:25: warning: multi-character character constant [-Wmultichar]
2026-09-07T17:58:31.7111644Z    52 |         REF_TYPE_NAME = 'name',
2026-09-07T17:58:31.7112251Z       |                         ^~~~~~
2026-09-07T17:58:31.7113340Z In file included from /home/runner/work/PocketKrKr/PocketKrKr/cpp/plugins/psdfile/psdparse/psdfile.h:4,
2026-09-07T17:58:31.7114767Z                  from /home/runner/work/PocketKrKr/PocketKrKr/cpp/plugins/psdfile/psdclass.h:9,
2026-09-07T17:58:31.7116777Z                  from /home/runner/work/PocketKrKr/PocketKrKr/cpp/plugins/psdfile/psdclass_loadstream.cpp:1:
2026-09-07T17:58:31.7118591Z /home/runner/work/PocketKrKr/PocketKrKr/cpp/plugins/psdfile/psdparse/psddata.h:113:18: warning: multi-character character constant [-Wmultichar]
2026-09-07T17:58:31.7120002Z   113 |             case 'norm':
2026-09-07T17:58:31.7120922Z       |                  ^~~~~~
2026-09-07T17:58:31.7122249Z /home/runner/work/PocketKrKr/PocketKrKr/cpp/plugins/psdfile/psdparse/psddata.h:115:18: warning: multi-character character constant [-Wmultichar]
2026-09-07T17:58:31.7123616Z   115 |             case 'diss':
2026-09-07T17:58:31.7124277Z       |                  ^~~~~~
2026-09-07T17:58:31.7125844Z /home/runner/work/PocketKrKr/PocketKrKr/cpp/plugins/psdfile/psdparse/psddata.h:117:18: warning: multi-character character constant [-Wmultichar]
2026-09-07T17:58:31.7127261Z   117 |             case 'dark':
2026-09-07T17:58:31.7127826Z       |                  ^~~~~~
2026-09-07T17:58:31.7129246Z /home/runner/work/PocketKrKr/PocketKrKr/cpp/plugins/psdfile/psdparse/psddata.h:119:18: warning: multi-character character constant [-Wmultichar]
2026-09-07T17:58:31.7130558Z   119 |             case 'mul ':
2026-09-07T17:58:31.7131173Z       |                  ^~~~~~
2026-09-07T17:58:31.7132496Z /home/runner/work/PocketKrKr/PocketKrKr/cpp/plugins/psdfile/psdparse/psddata.h:121:18: warning: multi-character character constant [-Wmultichar]
2026-09-07T17:58:31.7133890Z   121 |             case 'idiv':
2026-09-07T17:58:31.7134461Z       |                  ^~~~~~
2026-09-07T17:58:31.7135932Z /home/runner/work/PocketKrKr/PocketKrKr/cpp/plugins/psdfile/psdparse/psddata.h:123:18: warning: multi-character character constant [-Wmultichar]
2026-09-07T17:58:31.7137251Z   123 |             case 'lbrn':
2026-09-07T17:58:31.7137820Z       |                  ^~~~~~
2026-09-07T17:58:31.7139048Z /home/runner/work/PocketKrKr/PocketKrKr/cpp/plugins/psdfile/psdparse/psddata.h:125:18: warning: multi-character character constant [-Wmultichar]
2026-09-07T17:58:31.7140384Z   125 |             case 'dkCl':
2026-09-07T17:58:31.7140942Z       |                  ^~~~~~
2026-09-07T17:58:31.7142229Z /home/runner/work/PocketKrKr/PocketKrKr/cpp/plugins/psdfile/psdparse/psddata.h:127:18: warning: multi-character character constant [-Wmultichar]
2026-09-07T17:58:31.7143560Z   127 |             case 'lite':
2026-09-07T17:58:31.7144189Z       |                  ^~~~~~
2026-09-07T17:58:31.7145652Z /home/runner/work/PocketKrKr/PocketKrKr/cpp/plugins/psdfile/psdparse/psddata.h:129:18: warning: multi-character character constant [-Wmultichar]
2026-09-07T17:58:31.7147032Z   129 |             case 'scrn':
2026-09-07T17:58:31.7147557Z       |                  ^~~~~~
2026-09-07T17:58:31.7148814Z /home/runner/work/PocketKrKr/PocketKrKr/cpp/plugins/psdfile/psdparse/psddata.h:131:18: warning: multi-character character constant [-Wmultichar]
2026-09-07T17:58:31.7150086Z   131 |             case 'div ':
2026-09-07T17:58:31.7150663Z       |                  ^~~~~~
2026-09-07T17:58:31.7151866Z /home/runner/work/PocketKrKr/PocketKrKr/cpp/plugins/psdfile/psdparse/psddata.h:133:18: warning: multi-character character constant [-Wmultichar]
2026-09-07T17:58:31.7153161Z   133 |             case 'lddg':
2026-09-07T17:58:31.7153704Z       |                  ^~~~~~
2026-09-07T17:58:31.7154954Z /home/runner/work/PocketKrKr/PocketKrKr/cpp/plugins/psdfile/psdparse/psddata.h:135:18: warning: multi-character character constant [-Wmultichar]
2026-09-07T17:58:31.7156537Z   135 |             case 'ltCl':
2026-09-07T17:58:31.7157161Z       |                  ^~~~~~
2026-09-07T17:58:31.7158475Z /home/runner/work/PocketKrKr/PocketKrKr/cpp/plugins/psdfile/psdparse/psddata.h:137:18: warning: multi-character character constant [-Wmultichar]
2026-09-07T17:58:31.7159898Z   137 |             case 'over':
2026-09-07T17:58:31.7160459Z       |                  ^~~~~~
2026-09-07T17:58:31.7161757Z /home/runner/work/PocketKrKr/PocketKrKr/cpp/plugins/psdfile/psdparse/psddata.h:139:18: warning: multi-character character constant [-Wmultichar]
2026-09-07T17:58:31.7163338Z   139 |             case 'sLit':
2026-09-07T17:58:31.7164004Z       |                  ^~~~~~
2026-09-07T17:58:31.7165540Z /home/runner/work/PocketKrKr/PocketKrKr/cpp/plugins/psdfile/psdparse/psddata.h:141:18: warning: multi-character character constant [-Wmultichar]
2026-09-07T17:58:31.7167254Z   141 |             case 'hLit':
2026-09-07T17:58:31.7167823Z       |                  ^~~~~~
2026-09-07T17:58:31.7169153Z /home/runner/work/PocketKrKr/PocketKrKr/cpp/plugins/psdfile/psdparse/psddata.h:143:18: warning: multi-character character constant [-Wmultichar]
2026-09-07T17:58:31.7170572Z   143 |             case 'vLit':
2026-09-07T17:58:31.7171176Z       |                  ^~~~~~
2026-09-07T17:58:31.7172505Z /home/runner/work/PocketKrKr/PocketKrKr/cpp/plugins/psdfile/psdparse/psddata.h:145:18: warning: multi-character character constant [-Wmultichar]
2026-09-07T17:58:31.7173866Z   145 |             case 'lLit':
2026-09-07T17:58:31.7174495Z       |                  ^~~~~~
2026-09-07T17:58:31.7176083Z /home/runner/work/PocketKrKr/PocketKrKr/cpp/plugins/psdfile/psdparse/psddata.h:147:18: warning: multi-character character constant [-Wmultichar]
2026-09-07T17:58:31.7177489Z   147 |             case 'pLit':
2026-09-07T17:58:31.7178121Z       |                  ^~~~~~
2026-09-07T17:58:31.7179388Z /home/runner/work/PocketKrKr/PocketKrKr/cpp/plugins/psdfile/psdparse/psddata.h:149:18: warning: multi-character character constant [-Wmultichar]
2026-09-07T17:58:31.7180769Z   149 |             case 'hMix':
2026-09-07T17:58:31.7181316Z       |                  ^~~~~~
2026-09-07T17:58:31.7182600Z /home/runner/work/PocketKrKr/PocketKrKr/cpp/plugins/psdfile/psdparse/psddata.h:151:18: warning: multi-character character constant [-Wmultichar]
2026-09-07T17:58:31.7183881Z   151 |             case 'diff':
2026-09-07T17:58:31.7184479Z       |                  ^~~~~~
2026-09-07T17:58:31.7185932Z /home/runner/work/PocketKrKr/PocketKrKr/cpp/plugins/psdfile/psdparse/psddata.h:153:18: warning: multi-character character constant [-Wmultichar]
2026-09-07T17:58:31.7187279Z   153 |             case 'smud':
2026-09-07T17:58:31.7187848Z       |                  ^~~~~~
2026-09-07T17:58:31.7189105Z /home/runner/work/PocketKrKr/PocketKrKr/cpp/plugins/psdfile/psdparse/psddata.h:155:18: warning: multi-character character constant [-Wmultichar]
2026-09-07T17:58:31.7190414Z   155 |             case 'fsub':
2026-09-07T17:58:31.7191003Z       |                  ^~~~~~
2026-09-07T17:58:31.7192260Z /home/runner/work/PocketKrKr/PocketKrKr/cpp/plugins/psdfile/psdparse/psddata.h:157:18: warning: multi-character character constant [-Wmultichar]
2026-09-07T17:58:31.7193619Z   157 |             case 'fdiv':
2026-09-07T17:58:31.7194178Z       |                  ^~~~~~
2026-09-07T17:58:31.7195705Z /home/runner/work/PocketKrKr/PocketKrKr/cpp/plugins/psdfile/psdparse/psddata.h:159:18: warning: multi-character character constant [-Wmultichar]
2026-09-07T17:58:31.7197073Z   159 |             case 'hue ':
2026-09-07T17:58:31.7197670Z       |                  ^~~~~~
2026-09-07T17:58:31.7199238Z /home/runner/work/PocketKrKr/PocketKrKr/cpp/plugins/psdfile/psdparse/psddata.h:161:18: warning: multi-character character constant [-Wmultichar]
2026-09-07T17:58:31.7200579Z   161 |             case 'sat ':
2026-09-07T17:58:31.7201173Z       |                  ^~~~~~
2026-09-07T17:58:31.7202428Z /home/runner/work/PocketKrKr/PocketKrKr/cpp/plugins/psdfile/psdparse/psddata.h:163:18: warning: multi-character character constant [-Wmultichar]
2026-09-07T17:58:31.7203779Z   163 |             case 'colr':
2026-09-07T17:58:31.7204330Z       |                  ^~~~~~
2026-09-07T17:58:31.7205824Z /home/runner/work/PocketKrKr/PocketKrKr/cpp/plugins/psdfile/psdparse/psddata.h:165:18: warning: multi-character character constant [-Wmultichar]
2026-09-07T17:58:31.7207164Z   165 |             case 'lum ':
2026-09-07T17:58:31.7207765Z       |                  ^~~~~~
2026-09-07T17:58:31.7209277Z /home/runner/work/PocketKrKr/PocketKrKr/cpp/plugins/psdfile/psdparse/psddata.h:167:18: warning: multi-character character constant [-Wmultichar]
2026-09-07T17:58:31.7210686Z   167 |             case 'pass':
2026-09-07T17:58:31.7211253Z       |                  ^~~~~~
2026-09-07T17:58:31.7212279Z In file included from /home/runner/work/PocketKrKr/PocketKrKr/cpp/plugins/psdfile/psdparse/psdfile.h:3,
2026-09-07T17:58:31.7213838Z                  from /home/runner/work/PocketKrKr/PocketKrKr/cpp/plugins/psdfile/psdclass.h:9,
2026-09-07T17:58:31.7215404Z                  from /home/runner/work/PocketKrKr/PocketKrKr/cpp/plugins/psdfile/psdclass_loadstream.cpp:1:
2026-09-07T17:58:31.7217756Z /home/runner/work/PocketKrKr/PocketKrKr/cpp/plugins/psdfile/psdparse/psddesc.h: In member function ‘virtual void psd::DescriptorReference::dump(int)’:
2026-09-07T17:58:31.7220958Z /home/runner/work/PocketKrKr/PocketKrKr/cpp/plugins/psdfile/psdparse/psddesc.h:234:20: warning: format ‘%d’ expects argument of type ‘int’, but argument 3 has type ‘std::vector<psd::ReferenceItem*>::size_type’ {aka ‘long unsigned int’} [-Wformat=]
2026-09-07T17:58:31.7223112Z   234 |             dprint("%s (count:%d)\n", typeName(), items.size());
2026-09-07T17:58:31.7223971Z       |                    ^~~~~~~~~~~~~~~~~              ~~~~~~~~~~~~
2026-09-07T17:58:31.7224708Z       |                                                             |
2026-09-07T17:58:31.7226122Z       |                                                             std::vector<psd::ReferenceItem*>::size_type {aka long unsigned int}
2026-09-07T17:58:31.7227868Z /home/runner/work/PocketKrKr/PocketKrKr/cpp/plugins/psdfile/psdparse/psdbase.h:7:28: note: in definition of macro ‘dprint’
2026-09-07T17:58:31.7229040Z     7 | #define dprint(...) printf(__VA_ARGS__);
2026-09-07T17:58:31.7229609Z       |                            ^~~~~~~~~~~
2026-09-07T17:58:31.7230530Z In file included from /home/runner/work/PocketKrKr/PocketKrKr/cpp/plugins/psdfile/psdparse/psddata.h:5,
2026-09-07T17:58:31.7231853Z                  from /home/runner/work/PocketKrKr/PocketKrKr/cpp/plugins/psdfile/psdparse/psdfile.h:4,
2026-09-07T17:58:31.7233037Z                  from /home/runner/work/PocketKrKr/PocketKrKr/cpp/plugins/psdfile/psdclass.h:9,
2026-09-07T17:58:31.7234277Z                  from /home/runner/work/PocketKrKr/PocketKrKr/cpp/plugins/psdfile/psdclass_loadstream.cpp:1:
2026-09-07T17:58:31.7236040Z /home/runner/work/PocketKrKr/PocketKrKr/cpp/plugins/psdfile/psdparse/psddesc.h:234:32: note: format string is defined here
2026-09-07T17:58:31.7237185Z   234 |             dprint("%s (count:%d)\n", typeName(), items.size());
2026-09-07T17:58:31.7237795Z       |                               ~^
2026-09-07T17:58:31.7238247Z       |                                |
2026-09-07T17:58:31.7238711Z       |                                int
2026-09-07T17:58:31.7239179Z       |                               %ld
2026-09-07T17:58:31.7240036Z In file included from /home/runner/work/PocketKrKr/PocketKrKr/cpp/plugins/psdfile/psdparse/psdfile.h:3,
2026-09-07T17:58:31.7241265Z                  from /home/runner/work/PocketKrKr/PocketKrKr/cpp/plugins/psdfile/psdclass.h:9,
2026-09-07T17:58:31.7242413Z                  from /home/runner/work/PocketKrKr/PocketKrKr/cpp/plugins/psdfile/psdclass_loadstream.cpp:1:
2026-09-07T17:58:31.7244362Z /home/runner/work/PocketKrKr/PocketKrKr/cpp/plugins/psdfile/psdparse/psddesc.h: In member function ‘virtual void psd::DescriptorList::dump(int)’:
2026-09-07T17:58:31.7247675Z /home/runner/work/PocketKrKr/PocketKrKr/cpp/plugins/psdfile/psdparse/psddesc.h:253:20: warning: format ‘%d’ expects argument of type ‘int’, but argument 3 has type ‘std::vector<psd::DescriptorItem*>::size_type’ {aka ‘long unsigned int’} [-Wformat=]
2026-09-07T17:58:31.7249690Z   253 |             dprint("%s (count:%d)\n", typeName(), items.size());
2026-09-07T17:58:31.7250371Z       |                    ^~~~~~~~~~~~~~~~~              ~~~~~~~~~~~~
2026-09-07T17:58:31.7250970Z       |                                                             |
2026-09-07T17:58:31.7252180Z       |                                                             std::vector<psd::DescriptorItem*>::size_type {aka long unsigned int}
2026-09-07T17:58:31.7253793Z /home/runner/work/PocketKrKr/PocketKrKr/cpp/plugins/psdfile/psdparse/psdbase.h:7:28: note: in definition of macro ‘dprint’
2026-09-07T17:58:31.7254899Z     7 | #define dprint(...) printf(__VA_ARGS__);
2026-09-07T17:58:31.7286096Z       |                            ^~~~~~~~~~~
2026-09-07T17:58:31.7287040Z In file included from /home/runner/work/PocketKrKr/PocketKrKr/cpp/plugins/psdfile/psdparse/psddata.h:5,
2026-09-07T17:58:31.7288382Z                  from /home/runner/work/PocketKrKr/PocketKrKr/cpp/plugins/psdfile/psdparse/psdfile.h:4,
2026-09-07T17:58:31.7289543Z                  from /home/runner/work/PocketKrKr/PocketKrKr/cpp/plugins/psdfile/psdclass.h:9,
2026-09-07T17:58:31.7290722Z                  from /home/runner/work/PocketKrKr/PocketKrKr/cpp/plugins/psdfile/psdclass_loadstream.cpp:1:
2026-09-07T17:58:31.7292183Z /home/runner/work/PocketKrKr/PocketKrKr/cpp/plugins/psdfile/psdparse/psddesc.h:253:32: note: format string is defined here
2026-09-07T17:58:31.7293358Z   253 |             dprint("%s (count:%d)\n", typeName(), items.size());
2026-09-07T17:58:31.7293945Z       |                               ~^
2026-09-07T17:58:31.7294385Z       |                                |
2026-09-07T17:58:31.7294861Z       |                                int
2026-09-07T17:58:31.7295602Z       |                               %ld
2026-09-07T17:58:31.7296444Z In file included from /home/runner/work/PocketKrKr/PocketKrKr/cpp/plugins/psdfile/psdclass.h:10,
2026-09-07T17:58:31.7297708Z                  from /home/runner/work/PocketKrKr/PocketKrKr/cpp/plugins/psdfile/psdclass_loadstream.cpp:1:
2026-09-07T17:58:31.7300030Z /home/runner/work/PocketKrKr/PocketKrKr/cpp/core/plugin/ncbind.hpp: In static member function ‘static ncbTypeConvertor::Conversion<FROM, TO>::OK ncbTypeConvertor::Conversion<FROM, TO>::check(TO)’:
2026-09-07T17:58:31.7302283Z /home/runner/work/PocketKrKr/PocketKrKr/cpp/core/plugin/ncbind.hpp:244:38: warning: no return statement in function returning non-void [-Wreturn-type]
2026-09-07T17:58:31.7303558Z   244 |                 static OK check(TO) {};
2026-09-07T17:58:31.7304117Z       |                                      ^
2026-09-07T17:58:32.2276611Z [357/741] Building CXX object cpp/plugins/motionplayer/CMakeFiles/motionplayer.dir/__/wutcwf.cpp.o
2026-09-07T17:58:32.2316226Z In file included from /home/runner/work/PocketKrKr/PocketKrKr/cpp/plugins/wutcwf.cpp:2:
2026-09-07T17:58:32.2347286Z /home/runner/work/PocketKrKr/PocketKrKr/cpp/core/plugin/ncbind.hpp: In static member function ‘static ncbTypeConvertor::Conversion<FROM, TO>::OK ncbTypeConvertor::Conversion<FROM, TO>::check(TO)’:
2026-09-07T17:58:32.2349363Z /home/runner/work/PocketKrKr/PocketKrKr/cpp/core/plugin/ncbind.hpp:244:38: warning: no return statement in function returning non-void [-Wreturn-type]
2026-09-07T17:58:32.2365932Z   244 |                 static OK check(TO) {};
2026-09-07T17:58:32.2366929Z       |                                      ^
2026-09-07T17:58:33.2056964Z [358/741] Building CXX object cpp/plugins/motionplayer/CMakeFiles/motionplayer.dir/__/getSample.cpp.o
2026-09-07T17:58:33.2076567Z In file included from /home/runner/work/PocketKrKr/PocketKrKr/cpp/plugins/getSample.cpp:1:
2026-09-07T17:58:33.2091701Z /home/runner/work/PocketKrKr/PocketKrKr/cpp/core/plugin/ncbind.hpp: In static member function ‘static ncbTypeConvertor::Conversion<FROM, TO>::OK ncbTypeConvertor::Conversion<FROM, TO>::check(TO)’:
2026-09-07T17:58:33.2094274Z /home/runner/work/PocketKrKr/PocketKrKr/cpp/core/plugin/ncbind.hpp:244:38: warning: no return statement in function returning non-void [-Wreturn-type]
2026-09-07T17:58:33.2096063Z   244 |                 static OK check(TO) {};
2026-09-07T17:58:33.2096774Z       |                                      ^
2026-09-07T17:58:34.0446937Z [359/741] Building CXX object cpp/plugins/motionplayer/CMakeFiles/motionplayer.dir/__/layerExPerspective.cpp.o
2026-09-07T17:58:34.0476693Z In file included from /home/runner/work/PocketKrKr/PocketKrKr/cpp/plugins/layerExPerspective.cpp:23:
2026-09-07T17:58:34.0497468Z /home/runner/work/PocketKrKr/PocketKrKr/cpp/core/plugin/ncbind.hpp: In static member function ‘static ncbTypeConvertor::Conversion<FROM, TO>::OK ncbTypeConvertor::Conversion<FROM, TO>::check(TO)’:
2026-09-07T17:58:34.0526513Z /home/runner/work/PocketKrKr/PocketKrKr/cpp/core/plugin/ncbind.hpp:244:38: warning: no return statement in function returning non-void [-Wreturn-type]
2026-09-07T17:58:34.0555949Z   244 |                 static OK check(TO) {};
2026-09-07T17:58:34.0565792Z       |                                      ^
2026-09-07T17:58:34.0776642Z [360/741] Building CXX object cpp/plugins/motionplayer/CMakeFiles/motionplayer.dir/__/windowEx.cpp.o
2026-09-07T17:58:34.0778026Z In file included from /home/runner/work/PocketKrKr/PocketKrKr/cpp/plugins/windowEx.cpp:18:
2026-09-07T17:58:34.0797561Z /home/runner/work/PocketKrKr/PocketKrKr/cpp/core/plugin/ncbind.hpp: In static member function ‘static ncbTypeConvertor::Conversion<FROM, TO>::OK ncbTypeConvertor::Conversion<FROM, TO>::check(TO)’:
2026-09-07T17:58:34.0826509Z /home/runner/work/PocketKrKr/PocketKrKr/cpp/core/plugin/ncbind.hpp:244:38: warning: no return statement in function returning non-void [-Wreturn-type]
2026-09-07T17:58:34.0835851Z   244 |                 static OK check(TO) {};
2026-09-07T17:58:34.0836453Z       |                                      ^
2026-09-07T17:58:34.3396655Z [361/741] Building CXX object cpp/plugins/motionplayer/CMakeFiles/motionplayer.dir/__/fftgraph.cpp.o
2026-09-07T17:58:34.3426180Z In file included from /home/runner/work/PocketKrKr/PocketKrKr/cpp/plugins/fftgraph.cpp:1:
2026-09-07T17:58:34.3457448Z /home/runner/work/PocketKrKr/PocketKrKr/cpp/core/plugin/ncbind.hpp: In static member function ‘static ncbTypeConvertor::Conversion<FROM, TO>::OK ncbTypeConvertor::Conversion<FROM, TO>::check(TO)’:
2026-09-07T17:58:34.3459750Z /home/runner/work/PocketKrKr/PocketKrKr/cpp/core/plugin/ncbind.hpp:244:38: warning: no return statement in function returning non-void [-Wreturn-type]
2026-09-07T17:58:34.3461014Z   244 |                 static OK check(TO) {};
2026-09-07T17:58:34.3461541Z       |                                      ^
2026-09-07T17:58:34.9985630Z [362/741] Building CXX object cpp/plugins/motionplayer/CMakeFiles/motionplayer.dir/__/LayerExBase.cpp.o
2026-09-07T17:58:36.1996661Z [363/741] Building CXX object cpp/plugins/motionplayer/CMakeFiles/motionplayer.dir/__/extrans.cpp.o
2026-09-07T17:58:36.2016197Z In file included from /home/runner/work/PocketKrKr/PocketKrKr/cpp/plugins/extrans.cpp:1:
2026-09-07T17:58:36.2047305Z /home/runner/work/PocketKrKr/PocketKrKr/cpp/core/plugin/ncbind.hpp: In static member function ‘static ncbTypeConvertor::Conversion<FROM, TO>::OK ncbTypeConvertor::Conversion<FROM, TO>::check(TO)’:
2026-09-07T17:58:36.2056600Z /home/runner/work/PocketKrKr/PocketKrKr/cpp/core/plugin/ncbind.hpp:244:38: warning: no return statement in function returning non-void [-Wreturn-type]
2026-09-07T17:58:36.2075766Z   244 |                 static OK check(TO) {};
2026-09-07T17:58:36.2105961Z       |                                      ^
2026-09-07T17:58:36.5816909Z [364/741] Building CXX object cpp/plugins/motionplayer/CMakeFiles/motionplayer.dir/__/xp3filter.cpp.o
2026-09-07T17:58:36.5876792Z In file included from /home/runner/work/PocketKrKr/PocketKrKr/cpp/plugins/xp3filter.cpp:1:
2026-09-07T17:58:36.5879816Z /home/runner/work/PocketKrKr/PocketKrKr/cpp/core/plugin/ncbind.hpp: In static member function ‘static ncbTypeConvertor::Conversion<FROM, TO>::OK ncbTypeConvertor::Conversion<FROM, TO>::check(TO)’:
2026-09-07T17:58:36.5906827Z /home/runner/work/PocketKrKr/PocketKrKr/cpp/core/plugin/ncbind.hpp:244:38: warning: no return statement in function returning non-void [-Wreturn-type]
2026-09-07T17:58:36.5935904Z   244 |                 static OK check(TO) {};
2026-09-07T17:58:36.5945734Z       |                                      ^
2026-09-07T17:58:37.5266725Z [365/741] Building CXX object cpp/plugins/motionplayer/CMakeFiles/motionplayer.dir/__/alphamovie.cpp.o
2026-09-07T17:58:37.5296187Z In file included from /home/runner/work/PocketKrKr/PocketKrKr/cpp/plugins/alphamovie.cpp:10:
2026-09-07T17:58:37.5313371Z /home/runner/work/PocketKrKr/PocketKrKr/cpp/core/plugin/ncbind.hpp: In static member function ‘static ncbTypeConvertor::Conversion<FROM, TO>::OK ncbTypeConvertor::Conversion<FROM, TO>::check(TO)’:
2026-09-07T17:58:37.5316445Z /home/runner/work/PocketKrKr/PocketKrKr/cpp/core/plugin/ncbind.hpp:244:38: warning: no return statement in function returning non-void [-Wreturn-type]
2026-09-07T17:58:37.5317994Z   244 |                 static OK check(TO) {};
2026-09-07T17:58:37.5318700Z       |                                      ^
2026-09-07T17:58:37.5656929Z [366/741] Building CXX object cpp/plugins/motionplayer/CMakeFiles/motionplayer.dir/__/textrender.cpp.o
2026-09-07T17:58:37.5686226Z In file included from /home/runner/work/PocketKrKr/PocketKrKr/cpp/plugins/textrender.cpp:10:
2026-09-07T17:58:37.5717619Z /home/runner/work/PocketKrKr/PocketKrKr/cpp/core/plugin/ncbind.hpp: In static member function ‘static ncbTypeConvertor::Conversion<FROM, TO>::OK ncbTypeConvertor::Conversion<FROM, TO>::check(TO)’:
2026-09-07T17:58:37.5746643Z /home/runner/work/PocketKrKr/PocketKrKr/cpp/core/plugin/ncbind.hpp:244:38: warning: no return statement in function returning non-void [-Wreturn-type]
2026-09-07T17:58:37.5747972Z   244 |                 static OK check(TO) {};
2026-09-07T17:58:37.5766710Z       |                                      ^
2026-09-07T17:58:38.4527093Z [367/741] Building CXX object cpp/plugins/motionplayer/CMakeFiles/motionplayer.dir/__/layerExBTOA.cpp.o
2026-09-07T17:58:38.4566186Z In file included from /home/runner/work/PocketKrKr/PocketKrKr/cpp/plugins/layerExBTOA.cpp:4:
2026-09-07T17:58:38.4597421Z /home/runner/work/PocketKrKr/PocketKrKr/cpp/core/plugin/ncbind.hpp: In static member function ‘static ncbTypeConvertor::Conversion<FROM, TO>::OK ncbTypeConvertor::Conversion<FROM, TO>::check(TO)’:
2026-09-07T17:58:38.4606550Z /home/runner/work/PocketKrKr/PocketKrKr/cpp/core/plugin/ncbind.hpp:244:38: warning: no return statement in function returning non-void [-Wreturn-type]
2026-09-07T17:58:38.4607551Z   244 |                 static OK check(TO) {};
2026-09-07T17:58:38.4608205Z       |                                      ^
2026-09-07T17:58:39.1341752Z [368/741] Building CXX object cpp/plugins/motionplayer/CMakeFiles/motionplayer.dir/__/layerExImage.cpp.o
2026-09-07T17:58:39.1366168Z In file included from /home/runner/work/PocketKrKr/PocketKrKr/cpp/plugins/layerExImage.cpp:5:
2026-09-07T17:58:39.1397446Z /home/runner/work/PocketKrKr/PocketKrKr/cpp/core/plugin/ncbind.hpp: In static member function ‘static ncbTypeConvertor::Conversion<FROM, TO>::OK ncbTypeConvertor::Conversion<FROM, TO>::check(TO)’:
2026-09-07T17:58:39.1399993Z /home/runner/work/PocketKrKr/PocketKrKr/cpp/core/plugin/ncbind.hpp:244:38: warning: no return statement in function returning non-void [-Wreturn-type]
2026-09-07T17:58:39.1401447Z   244 |                 static OK check(TO) {};
2026-09-07T17:58:39.1402197Z       |                                      ^
2026-09-07T17:58:39.7646966Z [369/741] Building CXX object cpp/plugins/motionplayer/CMakeFiles/motionplayer.dir/__/layerExAreaAverage.cpp.o
2026-09-07T17:58:39.7676257Z In file included from /home/runner/work/PocketKrKr/PocketKrKr/cpp/plugins/layerExAreaAverage.cpp:4:
2026-09-07T17:58:39.7707564Z /home/runner/work/PocketKrKr/PocketKrKr/cpp/core/plugin/ncbind.hpp: In static member function ‘static ncbTypeConvertor::Conversion<FROM, TO>::OK ncbTypeConvertor::Conversion<FROM, TO>::check(TO)’:
2026-09-07T17:58:39.7736769Z /home/runner/work/PocketKrKr/PocketKrKr/cpp/core/plugin/ncbind.hpp:244:38: warning: no return statement in function returning non-void [-Wreturn-type]
2026-09-07T17:58:39.7765833Z   244 |                 static OK check(TO) {};
2026-09-07T17:58:39.7795772Z       |                                      ^
2026-09-07T17:58:39.8936727Z [370/741] Building CXX object cpp/plugins/motionplayer/CMakeFiles/motionplayer.dir/__/layerExRaster.cpp.o
2026-09-07T17:58:39.8996621Z In file included from /home/runner/work/PocketKrKr/PocketKrKr/cpp/plugins/layerExRaster.cpp:4:
2026-09-07T17:58:39.8999144Z /home/runner/work/PocketKrKr/PocketKrKr/cpp/core/plugin/ncbind.hpp: In static member function ‘static ncbTypeConvertor::Conversion<FROM, TO>::OK ncbTypeConvertor::Conversion<FROM, TO>::check(TO)’:
2026-09-07T17:58:39.9001648Z /home/runner/work/PocketKrKr/PocketKrKr/cpp/core/plugin/ncbind.hpp:244:38: warning: no return statement in function returning non-void [-Wreturn-type]
2026-09-07T17:58:39.9002892Z   244 |                 static OK check(TO) {};
2026-09-07T17:58:39.9003430Z       |                                      ^
2026-09-07T17:58:40.7856990Z [371/741] Building CXX object cpp/plugins/motionplayer/CMakeFiles/motionplayer.dir/__/layerExLongExposure.cpp.o
2026-09-07T17:58:40.7886282Z In file included from /home/runner/work/PocketKrKr/PocketKrKr/cpp/plugins/layerExLongExposure.cpp:4:
2026-09-07T17:58:40.7897609Z /home/runner/work/PocketKrKr/PocketKrKr/cpp/core/plugin/ncbind.hpp: In static member function ‘static ncbTypeConvertor::Conversion<FROM, TO>::OK ncbTypeConvertor::Conversion<FROM, TO>::check(TO)’:
2026-09-07T17:58:40.7916649Z /home/runner/work/PocketKrKr/PocketKrKr/cpp/core/plugin/ncbind.hpp:244:38: warning: no return statement in function returning non-void [-Wreturn-type]
2026-09-07T17:58:40.7925934Z   244 |                 static OK check(TO) {};
2026-09-07T17:58:40.7945873Z       |                                      ^
2026-09-07T17:58:42.5746949Z [372/741] Building CXX object cpp/plugins/motionplayer/CMakeFiles/motionplayer.dir/__/drawDeviceD2DCompat.cpp.o
2026-09-07T17:58:42.5748849Z In file included from /home/runner/work/PocketKrKr/PocketKrKr/cpp/plugins/drawDeviceD2DCompat.cpp:3:
2026-09-07T17:58:42.5751553Z /home/runner/work/PocketKrKr/PocketKrKr/cpp/core/plugin/ncbind.hpp: In static member function ‘static ncbTypeConvertor::Conversion<FROM, TO>::OK ncbTypeConvertor::Conversion<FROM, TO>::check(TO)’:
2026-09-07T17:58:42.5753851Z /home/runner/work/PocketKrKr/PocketKrKr/cpp/core/plugin/ncbind.hpp:244:38: warning: no return statement in function returning non-void [-Wreturn-type]
2026-09-07T17:58:42.5766663Z   244 |                 static OK check(TO) {};
2026-09-07T17:58:42.5767362Z       |                                      ^
2026-09-07T17:58:42.9823334Z [373/741] Building CXX object cpp/plugins/motionplayer/CMakeFiles/motionplayer.dir/__/wfBasicEffectCompat.cpp.o
2026-09-07T17:58:42.9824758Z In file included from /home/runner/work/PocketKrKr/PocketKrKr/cpp/plugins/wfBasicEffectCompat.cpp:3:
2026-09-07T17:58:42.9827463Z /home/runner/work/PocketKrKr/PocketKrKr/cpp/core/plugin/ncbind.hpp: In static member function ‘static ncbTypeConvertor::Conversion<FROM, TO>::OK ncbTypeConvertor::Conversion<FROM, TO>::check(TO)’:
2026-09-07T17:58:42.9829599Z /home/runner/work/PocketKrKr/PocketKrKr/cpp/core/plugin/ncbind.hpp:244:38: warning: no return statement in function returning non-void [-Wreturn-type]
2026-09-07T17:58:42.9830857Z   244 |                 static OK check(TO) {};
2026-09-07T17:58:42.9865970Z       |                                      ^
2026-09-07T17:58:43.2722666Z [374/741] Building CXX object cpp/plugins/motionplayer/CMakeFiles/motionplayer.dir/__/krkrgles.cpp.o
2026-09-07T17:58:43.2736321Z In file included from /home/runner/work/PocketKrKr/PocketKrKr/cpp/plugins/krkrgles.cpp:2:
2026-09-07T17:58:43.2739348Z /home/runner/work/PocketKrKr/PocketKrKr/cpp/core/plugin/ncbind.hpp: In static member function ‘static ncbTypeConvertor::Conversion<FROM, TO>::OK ncbTypeConvertor::Conversion<FROM, TO>::check(TO)’:
2026-09-07T17:58:43.2742130Z /home/runner/work/PocketKrKr/PocketKrKr/cpp/core/plugin/ncbind.hpp:244:38: warning: no return statement in function returning non-void [-Wreturn-type]
2026-09-07T17:58:43.2743609Z   244 |                 static OK check(TO) {};
2026-09-07T17:58:43.2744325Z       |                                      ^
2026-09-07T17:58:43.3286749Z [375/741] Building CXX object cpp/plugins/motionplayer/CMakeFiles/motionplayer.dir/__/wfTypicalDSPCompat.cpp.o
2026-09-07T17:58:43.3292259Z In file included from /home/runner/work/PocketKrKr/PocketKrKr/cpp/plugins/wfTypicalDSPCompat.cpp:3:
2026-09-07T17:58:43.3295035Z /home/runner/work/PocketKrKr/PocketKrKr/cpp/core/plugin/ncbind.hpp: In static member function ‘static ncbTypeConvertor::Conversion<FROM, TO>::OK ncbTypeConvertor::Conversion<FROM, TO>::check(TO)’:
2026-09-07T17:58:43.3298163Z /home/runner/work/PocketKrKr/PocketKrKr/cpp/core/plugin/ncbind.hpp:244:38: warning: no return statement in function returning non-void [-Wreturn-type]
2026-09-07T17:58:43.3299596Z   244 |                 static OK check(TO) {};
2026-09-07T17:58:43.3300312Z       |                                      ^
2026-09-07T17:58:45.8887191Z [376/741] Building CXX object cpp/plugins/motionplayer/CMakeFiles/motionplayer.dir/__/psdfile/main.cpp.o
2026-09-07T17:58:45.8916383Z In file included from /home/runner/work/PocketKrKr/PocketKrKr/cpp/plugins/psdfile/psdparse/psddata.h:5,
2026-09-07T17:58:45.8946249Z                  from /home/runner/work/PocketKrKr/PocketKrKr/cpp/plugins/psdfile/psdparse/psdfile.h:4,
2026-09-07T17:58:45.8968681Z                  from /home/runner/work/PocketKrKr/PocketKrKr/cpp/plugins/psdfile/psdclass.h:9,
2026-09-07T17:58:45.9006103Z                  from /home/runner/work/PocketKrKr/PocketKrKr/cpp/plugins/psdfile/main.cpp:5:
2026-09-07T17:58:45.9016507Z /home/runner/work/PocketKrKr/PocketKrKr/cpp/plugins/psdfile/psdparse/psddesc.h:17:26: warning: multi-character character constant [-Wmultichar]
2026-09-07T17:58:45.9045809Z    17 |         TYPE_REFERENCE = 'obj ',
2026-09-07T17:58:45.9046514Z       |                          ^~~~~~
2026-09-07T17:58:45.9048167Z /home/runner/work/PocketKrKr/PocketKrKr/cpp/plugins/psdfile/psdparse/psddesc.h:18:27: warning: multi-character character constant [-Wmultichar]
2026-09-07T17:58:45.9049403Z    18 |         TYPE_DESCRIPTOR = 'Objc',
2026-09-07T17:58:45.9049890Z       |                           ^~~~~~
2026-09-07T17:58:45.9051056Z /home/runner/work/PocketKrKr/PocketKrKr/cpp/plugins/psdfile/psdparse/psddesc.h:19:21: warning: multi-character character constant [-Wmultichar]
2026-09-07T17:58:45.9052226Z    19 |         TYPE_LIST = 'VlLs',
2026-09-07T17:58:45.9052680Z       |                     ^~~~~~
2026-09-07T17:58:45.9053787Z /home/runner/work/PocketKrKr/PocketKrKr/cpp/plugins/psdfile/psdparse/psddesc.h:20:23: warning: multi-character character constant [-Wmultichar]
2026-09-07T17:58:45.9054929Z    20 |         TYPE_DOUBLE = 'doub',
2026-09-07T17:58:45.9055673Z       |                       ^~~~~~
2026-09-07T17:58:45.9056788Z /home/runner/work/PocketKrKr/PocketKrKr/cpp/plugins/psdfile/psdparse/psddesc.h:21:27: warning: multi-character character constant [-Wmultichar]
2026-09-07T17:58:45.9057943Z    21 |         TYPE_UNIT_FLOAT = 'UntF',
2026-09-07T17:58:45.9058428Z       |                           ^~~~~~
2026-09-07T17:58:45.9059573Z /home/runner/work/PocketKrKr/PocketKrKr/cpp/plugins/psdfile/psdparse/psddesc.h:22:23: warning: multi-character character constant [-Wmultichar]
2026-09-07T17:58:45.9060741Z    22 |         TYPE_STRING = 'TEXT',
2026-09-07T17:58:45.9061190Z       |                       ^~~~~~
2026-09-07T17:58:45.9062293Z /home/runner/work/PocketKrKr/PocketKrKr/cpp/plugins/psdfile/psdparse/psddesc.h:23:27: warning: multi-character character constant [-Wmultichar]
2026-09-07T17:58:45.9063484Z    23 |         TYPE_ENUMERATED = 'enum',
2026-09-07T17:58:45.9063965Z       |                           ^~~~~~
2026-09-07T17:58:45.9065101Z /home/runner/work/PocketKrKr/PocketKrKr/cpp/plugins/psdfile/psdparse/psddesc.h:24:24: warning: multi-character character constant [-Wmultichar]
2026-09-07T17:58:45.9066496Z    24 |         TYPE_INTEGER = 'long',
2026-09-07T17:58:45.9066958Z       |                        ^~~~~~
2026-09-07T17:58:45.9068093Z /home/runner/work/PocketKrKr/PocketKrKr/cpp/plugins/psdfile/psdparse/psddesc.h:25:24: warning: multi-character character constant [-Wmultichar]
2026-09-07T17:58:45.9069243Z    25 |         TYPE_BOOLEAN = 'bool',
2026-09-07T17:58:45.9070116Z       |                        ^~~~~~
2026-09-07T17:58:45.9071147Z /home/runner/work/PocketKrKr/PocketKrKr/cpp/plugins/psdfile/psdparse/psddesc.h:26:30: warning: multi-character character constant [-Wmultichar]
2026-09-07T17:58:45.9072234Z    26 |         TYPE_GLOBAL_OBJECT = 'GlbO',
2026-09-07T17:58:45.9072950Z       |                              ^~~~~~
2026-09-07T17:58:45.9074070Z /home/runner/work/PocketKrKr/PocketKrKr/cpp/plugins/psdfile/psdparse/psddesc.h:27:23: warning: multi-character character constant [-Wmultichar]
2026-09-07T17:58:45.9075477Z    27 |         TYPE_CLASS1 = 'type',
2026-09-07T17:58:45.9075947Z       |                       ^~~~~~
2026-09-07T17:58:45.9077069Z /home/runner/work/PocketKrKr/PocketKrKr/cpp/plugins/psdfile/psdparse/psddesc.h:28:23: warning: multi-character character constant [-Wmultichar]
2026-09-07T17:58:45.9078251Z    28 |         TYPE_CLASS2 = 'GlbC',
2026-09-07T17:58:45.9078703Z       |                       ^~~~~~
2026-09-07T17:58:45.9079846Z /home/runner/work/PocketKrKr/PocketKrKr/cpp/plugins/psdfile/psdparse/psddesc.h:29:22: warning: multi-character character constant [-Wmultichar]
2026-09-07T17:58:45.9081026Z    29 |         TYPE_ALIAS = 'alis',
2026-09-07T17:58:45.9081467Z       |                      ^~~~~~
2026-09-07T17:58:45.9082604Z /home/runner/work/PocketKrKr/PocketKrKr/cpp/plugins/psdfile/psdparse/psddesc.h:30:25: warning: multi-character character constant [-Wmultichar]
2026-09-07T17:58:45.9083788Z    30 |         TYPE_RAW_DATA = 'tdta',
2026-09-07T17:58:45.9084272Z       |                         ^~~~~~
2026-09-07T17:58:45.9085699Z /home/runner/work/PocketKrKr/PocketKrKr/cpp/plugins/psdfile/psdparse/psddesc.h:34:23: warning: multi-character character constant [-Wmultichar]
2026-09-07T17:58:45.9086895Z    34 |         UNIT_POINTS = '#Pnt',
2026-09-07T17:58:45.9087349Z       |                       ^~~~~~
2026-09-07T17:58:45.9088553Z /home/runner/work/PocketKrKr/PocketKrKr/cpp/plugins/psdfile/psdparse/psddesc.h:35:28: warning: multi-character character constant [-Wmultichar]
2026-09-07T17:58:45.9089752Z    35 |         UNIT_MILLIMETERS = '#Mlm',
2026-09-07T17:58:45.9090246Z       |                            ^~~~~~
2026-09-07T17:58:45.9091383Z /home/runner/work/PocketKrKr/PocketKrKr/cpp/plugins/psdfile/psdparse/psddesc.h:36:22: warning: multi-character character constant [-Wmultichar]
2026-09-07T17:58:45.9092606Z    36 |         UNIT_ANGLE = '#Ang', // degrees
2026-09-07T17:58:45.9093111Z       |                      ^~~~~~
2026-09-07T17:58:45.9094221Z /home/runner/work/PocketKrKr/PocketKrKr/cpp/plugins/psdfile/psdparse/psddesc.h:37:24: warning: multi-character character constant [-Wmultichar]
2026-09-07T17:58:45.9095683Z    37 |         UNIT_DENSITY = '#Rsl', // base per inch
2026-09-07T17:58:45.9096219Z       |                        ^~~~~~
2026-09-07T17:58:45.9097336Z /home/runner/work/PocketKrKr/PocketKrKr/cpp/plugins/psdfile/psdparse/psddesc.h:38:25: warning: multi-character character constant [-Wmultichar]
2026-09-07T17:58:45.9098553Z    38 |         UNIT_DISTANCE = '#Rlt', // base 72ppi
2026-09-07T17:58:45.9099068Z       |                         ^~~~~~
2026-09-07T17:58:45.9100197Z /home/runner/work/PocketKrKr/PocketKrKr/cpp/plugins/psdfile/psdparse/psddesc.h:39:21: warning: multi-character character constant [-Wmultichar]
2026-09-07T17:58:45.9101354Z    39 |         UNIT_NONE = '#Nne',
2026-09-07T17:58:45.9101804Z       |                     ^~~~~~
2026-09-07T17:58:45.9102926Z /home/runner/work/PocketKrKr/PocketKrKr/cpp/plugins/psdfile/psdparse/psddesc.h:40:24: warning: multi-character character constant [-Wmultichar]
2026-09-07T17:58:45.9104088Z    40 |         UNIT_PERCENT = '#Prc',
2026-09-07T17:58:45.9104552Z       |                        ^~~~~~
2026-09-07T17:58:45.9105950Z /home/runner/work/PocketKrKr/PocketKrKr/cpp/plugins/psdfile/psdparse/psddesc.h:41:23: warning: multi-character character constant [-Wmultichar]
2026-09-07T17:58:45.9107139Z    41 |         UNIT_PIXELS = '#Pxl',
2026-09-07T17:58:45.9107594Z       |                       ^~~~~~
2026-09-07T17:58:45.9108969Z /home/runner/work/PocketKrKr/PocketKrKr/cpp/plugins/psdfile/psdparse/psddesc.h:46:29: warning: multi-character character constant [-Wmultichar]
2026-09-07T17:58:45.9110190Z    46 |         REF_TYPE_PROPERTY = 'prop',
2026-09-07T17:58:45.9110690Z       |                             ^~~~~~
2026-09-07T17:58:45.9112077Z /home/runner/work/PocketKrKr/PocketKrKr/cpp/plugins/psdfile/psdparse/psddesc.h:47:26: warning: multi-character character constant [-Wmultichar]
2026-09-07T17:58:45.9113263Z    47 |         REF_TYPE_CLASS = 'Clss',
2026-09-07T17:58:45.9113737Z       |                          ^~~~~~
2026-09-07T17:58:45.9114878Z /home/runner/work/PocketKrKr/PocketKrKr/cpp/plugins/psdfile/psdparse/psddesc.h:48:29: warning: multi-character character constant [-Wmultichar]
2026-09-07T17:58:45.9116290Z    48 |         REF_TYPE_ENUM_REF = 'Enmr',
2026-09-07T17:58:45.9116789Z       |                             ^~~~~~
2026-09-07T17:58:45.9117949Z /home/runner/work/PocketKrKr/PocketKrKr/cpp/plugins/psdfile/psdparse/psddesc.h:49:27: warning: multi-character character constant [-Wmultichar]
2026-09-07T17:58:45.9119136Z    49 |         REF_TYPE_OFFSET = 'rele',
2026-09-07T17:58:45.9119615Z       |                           ^~~~~~
2026-09-07T17:58:45.9120762Z /home/runner/work/PocketKrKr/PocketKrKr/cpp/plugins/psdfile/psdparse/psddesc.h:50:31: warning: multi-character character constant [-Wmultichar]
2026-09-07T17:58:45.9122001Z    50 |         REF_TYPE_IDENTIFIER = 'Idnt',
2026-09-07T17:58:45.9122506Z       |                               ^~~~~~
2026-09-07T17:58:45.9123671Z /home/runner/work/PocketKrKr/PocketKrKr/cpp/plugins/psdfile/psdparse/psddesc.h:51:26: warning: multi-character character constant [-Wmultichar]
2026-09-07T17:58:45.9124846Z    51 |         REF_TYPE_INDEX = 'indx',
2026-09-07T17:58:45.9125514Z       |                          ^~~~~~
2026-09-07T17:58:45.9126640Z /home/runner/work/PocketKrKr/PocketKrKr/cpp/plugins/psdfile/psdparse/psddesc.h:52:25: warning: multi-character character constant [-Wmultichar]
2026-09-07T17:58:45.9127814Z    52 |         REF_TYPE_NAME = 'name',
2026-09-07T17:58:45.9128286Z       |                         ^~~~~~
2026-09-07T17:58:45.9129149Z In file included from /home/runner/work/PocketKrKr/PocketKrKr/cpp/plugins/psdfile/psdparse/psdfile.h:4,
2026-09-07T17:58:45.9130332Z                  from /home/runner/work/PocketKrKr/PocketKrKr/cpp/plugins/psdfile/psdclass.h:9,
2026-09-07T17:58:45.9131338Z                  from /home/runner/work/PocketKrKr/PocketKrKr/cpp/plugins/psdfile/main.cpp:5:
2026-09-07T17:58:45.9132729Z /home/runner/work/PocketKrKr/PocketKrKr/cpp/plugins/psdfile/psdparse/psddata.h:113:18: warning: multi-character character constant [-Wmultichar]
2026-09-07T17:58:45.9133860Z   113 |             case 'norm':
2026-09-07T17:58:45.9134269Z       |                  ^~~~~~
2026-09-07T17:58:45.9135505Z /home/runner/work/PocketKrKr/PocketKrKr/cpp/plugins/psdfile/psdparse/psddata.h:115:18: warning: multi-character character constant [-Wmultichar]
2026-09-07T17:58:45.9136631Z   115 |             case 'diss':
2026-09-07T17:58:45.9137035Z       |                  ^~~~~~
2026-09-07T17:58:45.9138076Z /home/runner/work/PocketKrKr/PocketKrKr/cpp/plugins/psdfile/psdparse/psddata.h:117:18: warning: multi-character character constant [-Wmultichar]
2026-09-07T17:58:45.9139200Z   117 |             case 'dark':
2026-09-07T17:58:45.9139604Z       |                  ^~~~~~
2026-09-07T17:58:45.9140645Z /home/runner/work/PocketKrKr/PocketKrKr/cpp/plugins/psdfile/psdparse/psddata.h:119:18: warning: multi-character character constant [-Wmultichar]
2026-09-07T17:58:45.9141746Z   119 |             case 'mul ':
2026-09-07T17:58:45.9142159Z       |                  ^~~~~~
2026-09-07T17:58:45.9143191Z /home/runner/work/PocketKrKr/PocketKrKr/cpp/plugins/psdfile/psdparse/psddata.h:121:18: warning: multi-character character constant [-Wmultichar]
2026-09-07T17:58:45.9144311Z   121 |             case 'idiv':
2026-09-07T17:58:45.9144714Z       |                  ^~~~~~
2026-09-07T17:58:45.9146179Z /home/runner/work/PocketKrKr/PocketKrKr/cpp/plugins/psdfile/psdparse/psddata.h:123:18: warning: multi-character character constant [-Wmultichar]
2026-09-07T17:58:45.9147372Z   123 |             case 'lbrn':
2026-09-07T17:58:45.9147782Z       |                  ^~~~~~
2026-09-07T17:58:45.9149069Z /home/runner/work/PocketKrKr/PocketKrKr/cpp/plugins/psdfile/psdparse/psddata.h:125:18: warning: multi-character character constant [-Wmultichar]
2026-09-07T17:58:45.9150218Z   125 |             case 'dkCl':
2026-09-07T17:58:45.9150626Z       |                  ^~~~~~
2026-09-07T17:58:45.9151717Z /home/runner/work/PocketKrKr/PocketKrKr/cpp/plugins/psdfile/psdparse/psddata.h:127:18: warning: multi-character character constant [-Wmultichar]
2026-09-07T17:58:45.9152880Z   127 |             case 'lite':
2026-09-07T17:58:45.9153299Z       |                  ^~~~~~
2026-09-07T17:58:45.9154391Z /home/runner/work/PocketKrKr/PocketKrKr/cpp/plugins/psdfile/psdparse/psddata.h:129:18: warning: multi-character character constant [-Wmultichar]
2026-09-07T17:58:45.9155753Z   129 |             case 'scrn':
2026-09-07T17:58:45.9156162Z       |                  ^~~~~~
2026-09-07T17:58:45.9157232Z /home/runner/work/PocketKrKr/PocketKrKr/cpp/plugins/psdfile/psdparse/psddata.h:131:18: warning: multi-character character constant [-Wmultichar]
2026-09-07T17:58:45.9158391Z   131 |             case 'div ':
2026-09-07T17:58:45.9158805Z       |                  ^~~~~~
2026-09-07T17:58:45.9159898Z /home/runner/work/PocketKrKr/PocketKrKr/cpp/plugins/psdfile/psdparse/psddata.h:133:18: warning: multi-character character constant [-Wmultichar]
2026-09-07T17:58:45.9161070Z   133 |             case 'lddg':
2026-09-07T17:58:45.9161487Z       |                  ^~~~~~
2026-09-07T17:58:45.9162536Z /home/runner/work/PocketKrKr/PocketKrKr/cpp/plugins/psdfile/psdparse/psddata.h:135:18: warning: multi-character character constant [-Wmultichar]
2026-09-07T17:58:45.9163697Z   135 |             case 'ltCl':
2026-09-07T17:58:45.9164114Z       |                  ^~~~~~
2026-09-07T17:58:45.9165405Z /home/runner/work/PocketKrKr/PocketKrKr/cpp/plugins/psdfile/psdparse/psddata.h:137:18: warning: multi-character character constant [-Wmultichar]
2026-09-07T17:58:45.9166578Z   137 |             case 'over':
2026-09-07T17:58:45.9166996Z       |                  ^~~~~~
2026-09-07T17:58:45.9168085Z /home/runner/work/PocketKrKr/PocketKrKr/cpp/plugins/psdfile/psdparse/psddata.h:139:18: warning: multi-character character constant [-Wmultichar]
2026-09-07T17:58:45.9169234Z   139 |             case 'sLit':
2026-09-07T17:58:45.9169652Z       |                  ^~~~~~
2026-09-07T17:58:45.9170735Z /home/runner/work/PocketKrKr/PocketKrKr/cpp/plugins/psdfile/psdparse/psddata.h:141:18: warning: multi-character character constant [-Wmultichar]
2026-09-07T17:58:45.9171890Z   141 |             case 'hLit':
2026-09-07T17:58:45.9172298Z       |                  ^~~~~~
2026-09-07T17:58:45.9173382Z /home/runner/work/PocketKrKr/PocketKrKr/cpp/plugins/psdfile/psdparse/psddata.h:143:18: warning: multi-character character constant [-Wmultichar]
2026-09-07T17:58:45.9174544Z   143 |             case 'vLit':
2026-09-07T17:58:45.9174948Z       |                  ^~~~~~
2026-09-07T17:58:45.9176190Z /home/runner/work/PocketKrKr/PocketKrKr/cpp/plugins/psdfile/psdparse/psddata.h:145:18: warning: multi-character character constant [-Wmultichar]
2026-09-07T17:58:45.9177308Z   145 |             case 'lLit':
2026-09-07T17:58:45.9177703Z       |                  ^~~~~~
2026-09-07T17:58:45.9178750Z /home/runner/work/PocketKrKr/PocketKrKr/cpp/plugins/psdfile/psdparse/psddata.h:147:18: warning: multi-character character constant [-Wmultichar]
2026-09-07T17:58:45.9179855Z   147 |             case 'pLit':
2026-09-07T17:58:45.9180266Z       |                  ^~~~~~
2026-09-07T17:58:45.9181301Z /home/runner/work/PocketKrKr/PocketKrKr/cpp/plugins/psdfile/psdparse/psddata.h:149:18: warning: multi-character character constant [-Wmultichar]
2026-09-07T17:58:45.9182414Z   149 |             case 'hMix':
2026-09-07T17:58:45.9183071Z       |                  ^~~~~~
2026-09-07T17:58:45.9184128Z /home/runner/work/PocketKrKr/PocketKrKr/cpp/plugins/psdfile/psdparse/psddata.h:151:18: warning: multi-character character constant [-Wmultichar]
2026-09-07T17:58:45.9185448Z   151 |             case 'diff':
2026-09-07T17:58:45.9186059Z       |                  ^~~~~~
2026-09-07T17:58:45.9187094Z /home/runner/work/PocketKrKr/PocketKrKr/cpp/plugins/psdfile/psdparse/psddata.h:153:18: warning: multi-character character constant [-Wmultichar]
2026-09-07T17:58:45.9188205Z   153 |             case 'smud':
2026-09-07T17:58:45.9188607Z       |                  ^~~~~~
2026-09-07T17:58:45.9189654Z /home/runner/work/PocketKrKr/PocketKrKr/cpp/plugins/psdfile/psdparse/psddata.h:155:18: warning: multi-character character constant [-Wmultichar]
2026-09-07T17:58:45.9190757Z   155 |             case 'fsub':
2026-09-07T17:58:45.9191155Z       |                  ^~~~~~
2026-09-07T17:58:45.9192212Z /home/runner/work/PocketKrKr/PocketKrKr/cpp/plugins/psdfile/psdparse/psddata.h:157:18: warning: multi-character character constant [-Wmultichar]
2026-09-07T17:58:45.9193323Z   157 |             case 'fdiv':
2026-09-07T17:58:45.9193732Z       |                  ^~~~~~
2026-09-07T17:58:45.9194817Z /home/runner/work/PocketKrKr/PocketKrKr/cpp/plugins/psdfile/psdparse/psddata.h:159:18: warning: multi-character character constant [-Wmultichar]
2026-09-07T17:58:45.9196177Z   159 |             case 'hue ':
2026-09-07T17:58:45.9196592Z       |                  ^~~~~~
2026-09-07T17:58:45.9197691Z /home/runner/work/PocketKrKr/PocketKrKr/cpp/plugins/psdfile/psdparse/psddata.h:161:18: warning: multi-character character constant [-Wmultichar]
2026-09-07T17:58:45.9198864Z   161 |             case 'sat ':
2026-09-07T17:58:45.9199272Z       |                  ^~~~~~
2026-09-07T17:58:45.9200326Z /home/runner/work/PocketKrKr/PocketKrKr/cpp/plugins/psdfile/psdparse/psddata.h:163:18: warning: multi-character character constant [-Wmultichar]
2026-09-07T17:58:45.9201473Z   163 |             case 'colr':
2026-09-07T17:58:45.9201883Z       |                  ^~~~~~
2026-09-07T17:58:45.9202897Z /home/runner/work/PocketKrKr/PocketKrKr/cpp/plugins/psdfile/psdparse/psddata.h:165:18: warning: multi-character character constant [-Wmultichar]
2026-09-07T17:58:45.9204035Z   165 |             case 'lum ':
2026-09-07T17:58:45.9204453Z       |                  ^~~~~~
2026-09-07T17:58:45.9205779Z /home/runner/work/PocketKrKr/PocketKrKr/cpp/plugins/psdfile/psdparse/psddata.h:167:18: warning: multi-character character constant [-Wmultichar]
2026-09-07T17:58:45.9206942Z   167 |             case 'pass':
2026-09-07T17:58:45.9207353Z       |                  ^~~~~~
2026-09-07T17:58:45.9208095Z In file included from /home/runner/work/PocketKrKr/PocketKrKr/cpp/plugins/psdfile/main.cpp:1:
2026-09-07T17:58:45.9210537Z /home/runner/work/PocketKrKr/PocketKrKr/cpp/core/plugin/ncbind.hpp: In static member function ‘static ncbTypeConvertor::Conversion<FROM, TO>::OK ncbTypeConvertor::Conversion<FROM, TO>::check(TO)’:
2026-09-07T17:58:45.9212745Z /home/runner/work/PocketKrKr/PocketKrKr/cpp/core/plugin/ncbind.hpp:244:38: warning: no return statement in function returning non-void [-Wreturn-type]
2026-09-07T17:58:45.9213957Z   244 |                 static OK check(TO) {};
2026-09-07T17:58:45.9214476Z       |                                      ^
2026-09-07T17:58:45.9215587Z In file included from /home/runner/work/PocketKrKr/PocketKrKr/cpp/plugins/psdfile/psdparse/psdfile.h:3,
2026-09-07T17:58:45.9216785Z                  from /home/runner/work/PocketKrKr/PocketKrKr/cpp/plugins/psdfile/psdclass.h:9,
2026-09-07T17:58:45.9217837Z                  from /home/runner/work/PocketKrKr/PocketKrKr/cpp/plugins/psdfile/main.cpp:5:
2026-09-07T17:58:45.9219630Z /home/runner/work/PocketKrKr/PocketKrKr/cpp/plugins/psdfile/psdparse/psddesc.h: In member function ‘virtual void psd::DescriptorReference::dump(int)’:
2026-09-07T17:58:45.9222859Z /home/runner/work/PocketKrKr/PocketKrKr/cpp/plugins/psdfile/psdparse/psddesc.h:234:20: warning: format ‘%d’ expects argument of type ‘int’, but argument 3 has type ‘std::vector<psd::ReferenceItem*>::size_type’ {aka ‘long unsigned int’} [-Wformat=]
2026-09-07T17:58:45.9224787Z   234 |             dprint("%s (count:%d)\n", typeName(), items.size());
2026-09-07T17:58:45.9225674Z       |                    ^~~~~~~~~~~~~~~~~              ~~~~~~~~~~~~
2026-09-07T17:58:45.9226487Z       |                                                             |
2026-09-07T17:58:45.9227344Z       |                                                             std::vector<psd::ReferenceItem*>::size_type {aka long unsigned int}
2026-09-07T17:58:45.9228884Z /home/runner/work/PocketKrKr/PocketKrKr/cpp/plugins/psdfile/psdparse/psdbase.h:7:28: note: in definition of macro ‘dprint’
2026-09-07T17:58:45.9229981Z     7 | #define dprint(...) printf(__VA_ARGS__);
2026-09-07T17:58:45.9230501Z       |                            ^~~~~~~~~~~
2026-09-07T17:58:45.9231407Z In file included from /home/runner/work/PocketKrKr/PocketKrKr/cpp/plugins/psdfile/psdparse/psddata.h:5,
2026-09-07T17:58:45.9232655Z                  from /home/runner/work/PocketKrKr/PocketKrKr/cpp/plugins/psdfile/psdparse/psdfile.h:4,
2026-09-07T17:58:45.9233772Z                  from /home/runner/work/PocketKrKr/PocketKrKr/cpp/plugins/psdfile/psdclass.h:9,
2026-09-07T17:58:45.9234833Z                  from /home/runner/work/PocketKrKr/PocketKrKr/cpp/plugins/psdfile/main.cpp:5:
2026-09-07T17:58:45.9236336Z /home/runner/work/PocketKrKr/PocketKrKr/cpp/plugins/psdfile/psdparse/psddesc.h:234:32: note: format string is defined here
2026-09-07T17:58:45.9237486Z   234 |             dprint("%s (count:%d)\n", typeName(), items.size());
2026-09-07T17:58:45.9238072Z       |                               ~^
2026-09-07T17:58:45.9238511Z       |                                |
2026-09-07T17:58:45.9238962Z       |                                int
2026-09-07T17:58:45.9239408Z       |                               %ld
2026-09-07T17:58:45.9240272Z In file included from /home/runner/work/PocketKrKr/PocketKrKr/cpp/plugins/psdfile/psdparse/psdfile.h:3,
2026-09-07T17:58:45.9241460Z                  from /home/runner/work/PocketKrKr/PocketKrKr/cpp/plugins/psdfile/psdclass.h:9,
2026-09-07T17:58:45.9242485Z                  from /home/runner/work/PocketKrKr/PocketKrKr/cpp/plugins/psdfile/main.cpp:5:
2026-09-07T17:58:45.9244269Z /home/runner/work/PocketKrKr/PocketKrKr/cpp/plugins/psdfile/psdparse/psddesc.h: In member function ‘virtual void psd::DescriptorList::dump(int)’:
2026-09-07T17:58:45.9247379Z /home/runner/work/PocketKrKr/PocketKrKr/cpp/plugins/psdfile/psdparse/psddesc.h:253:20: warning: format ‘%d’ expects argument of type ‘int’, but argument 3 has type ‘std::vector<psd::DescriptorItem*>::size_type’ {aka ‘long unsigned int’} [-Wformat=]
2026-09-07T17:58:45.9249258Z   253 |             dprint("%s (count:%d)\n", typeName(), items.size());
2026-09-07T17:58:45.9249902Z       |                    ^~~~~~~~~~~~~~~~~              ~~~~~~~~~~~~
2026-09-07T17:58:45.9250483Z       |                                                             |
2026-09-07T17:58:45.9251319Z       |                                                             std::vector<psd::DescriptorItem*>::size_type {aka long unsigned int}
2026-09-07T17:58:45.9252865Z /home/runner/work/PocketKrKr/PocketKrKr/cpp/plugins/psdfile/psdparse/psdbase.h:7:28: note: in definition of macro ‘dprint’
2026-09-07T17:58:45.9253959Z     7 | #define dprint(...) printf(__VA_ARGS__);
2026-09-07T17:58:45.9254477Z       |                            ^~~~~~~~~~~
2026-09-07T17:58:45.9255564Z In file included from /home/runner/work/PocketKrKr/PocketKrKr/cpp/plugins/psdfile/psdparse/psddata.h:5,
2026-09-07T17:58:45.9256801Z                  from /home/runner/work/PocketKrKr/PocketKrKr/cpp/plugins/psdfile/psdparse/psdfile.h:4,
2026-09-07T17:58:45.9257920Z                  from /home/runner/work/PocketKrKr/PocketKrKr/cpp/plugins/psdfile/psdclass.h:9,
2026-09-07T17:58:45.9258906Z                  from /home/runner/work/PocketKrKr/PocketKrKr/cpp/plugins/psdfile/main.cpp:5:
2026-09-07T17:58:45.9260442Z /home/runner/work/PocketKrKr/PocketKrKr/cpp/plugins/psdfile/psdparse/psddesc.h:253:32: note: format string is defined here
2026-09-07T17:58:45.9261619Z   253 |             dprint("%s (count:%d)\n", typeName(), items.size());
2026-09-07T17:58:45.9262223Z       |                               ~^
2026-09-07T17:58:45.9262859Z       |                                |
2026-09-07T17:58:45.9263306Z       |                                int
2026-09-07T17:58:45.9263771Z       |                               %ld
2026-09-07T17:58:46.3636712Z [377/741] Building CXX object cpp/plugins/motionplayer/CMakeFiles/motionplayer.dir/__/psdfile/psdclass_loadmem.cpp.o
2026-09-07T17:58:46.3686152Z In file included from /home/runner/work/PocketKrKr/PocketKrKr/cpp/plugins/psdfile/psdparse/psddata.h:5,
2026-09-07T17:58:46.3696166Z                  from /home/runner/work/PocketKrKr/PocketKrKr/cpp/plugins/psdfile/psdparse/psdfile.h:4,
2026-09-07T17:58:46.3697375Z                  from /home/runner/work/PocketKrKr/PocketKrKr/cpp/plugins/psdfile/psdclass.h:9,
2026-09-07T17:58:46.3698507Z                  from /home/runner/work/PocketKrKr/PocketKrKr/cpp/plugins/psdfile/psdclass_loadmem.cpp:1:
2026-09-07T17:58:46.3700069Z /home/runner/work/PocketKrKr/PocketKrKr/cpp/plugins/psdfile/psdparse/psddesc.h:17:26: warning: multi-character character constant [-Wmultichar]
2026-09-07T17:58:46.3701340Z    17 |         TYPE_REFERENCE = 'obj ',
2026-09-07T17:58:46.3707997Z       |                          ^~~~~~
2026-09-07T17:58:46.3726492Z /home/runner/work/PocketKrKr/PocketKrKr/cpp/plugins/psdfile/psdparse/psddesc.h:18:27: warning: multi-character character constant [-Wmultichar]
2026-09-07T17:58:46.3756872Z    18 |         TYPE_DESCRIPTOR = 'Objc',
2026-09-07T17:58:46.3775742Z       |                           ^~~~~~
2026-09-07T17:58:46.3786497Z /home/runner/work/PocketKrKr/PocketKrKr/cpp/plugins/psdfile/psdparse/psddesc.h:19:21: warning: multi-character character constant [-Wmultichar]
2026-09-07T17:58:46.3835646Z    19 |         TYPE_LIST = 'VlLs',
2026-09-07T17:58:46.3845762Z       |                     ^~~~~~
2026-09-07T17:58:46.3866471Z /home/runner/work/PocketKrKr/PocketKrKr/cpp/plugins/psdfile/psdparse/psddesc.h:20:23: warning: multi-character character constant [-Wmultichar]
2026-09-07T17:58:46.3875838Z    20 |         TYPE_DOUBLE = 'doub',
2026-09-07T17:58:46.3905739Z       |                       ^~~~~~
2026-09-07T17:58:46.3926464Z /home/runner/work/PocketKrKr/PocketKrKr/cpp/plugins/psdfile/psdparse/psddesc.h:21:27: warning: multi-character character constant [-Wmultichar]
2026-09-07T17:58:46.3927857Z    21 |         TYPE_UNIT_FLOAT = 'UntF',
2026-09-07T17:58:46.3965758Z       |                           ^~~~~~
2026-09-07T17:58:46.3996464Z /home/runner/work/PocketKrKr/PocketKrKr/cpp/plugins/psdfile/psdparse/psddesc.h:22:23: warning: multi-character character constant [-Wmultichar]
2026-09-07T17:58:46.4025679Z    22 |         TYPE_STRING = 'TEXT',
2026-09-07T17:58:46.4045696Z       |                       ^~~~~~
2026-09-07T17:58:46.4076488Z /home/runner/work/PocketKrKr/PocketKrKr/cpp/plugins/psdfile/psdparse/psddesc.h:23:27: warning: multi-character character constant [-Wmultichar]
2026-09-07T17:58:46.4105877Z    23 |         TYPE_ENUMERATED = 'enum',
2026-09-07T17:58:46.4135748Z       |                           ^~~~~~
2026-09-07T17:58:46.4166502Z /home/runner/work/PocketKrKr/PocketKrKr/cpp/plugins/psdfile/psdparse/psddesc.h:24:24: warning: multi-character character constant [-Wmultichar]
2026-09-07T17:58:46.4195768Z    24 |         TYPE_INTEGER = 'long',
2026-09-07T17:58:46.4225754Z       |                        ^~~~~~
2026-09-07T17:58:46.4256580Z /home/runner/work/PocketKrKr/PocketKrKr/cpp/plugins/psdfile/psdparse/psddesc.h:25:24: warning: multi-character character constant [-Wmultichar]
2026-09-07T17:58:46.4285840Z    25 |         TYPE_BOOLEAN = 'bool',
2026-09-07T17:58:46.4315745Z       |                        ^~~~~~
2026-09-07T17:58:46.4346814Z /home/runner/work/PocketKrKr/PocketKrKr/cpp/plugins/psdfile/psdparse/psddesc.h:26:30: warning: multi-character character constant [-Wmultichar]
2026-09-07T17:58:46.4375784Z    26 |         TYPE_GLOBAL_OBJECT = 'GlbO',
2026-09-07T17:58:46.4405751Z       |                              ^~~~~~
2026-09-07T17:58:46.4436428Z /home/runner/work/PocketKrKr/PocketKrKr/cpp/plugins/psdfile/psdparse/psddesc.h:27:23: warning: multi-character character constant [-Wmultichar]
2026-09-07T17:58:46.4465862Z    27 |         TYPE_CLASS1 = 'type',
2026-09-07T17:58:46.4495717Z       |                       ^~~~~~
2026-09-07T17:58:46.4526500Z /home/runner/work/PocketKrKr/PocketKrKr/cpp/plugins/psdfile/psdparse/psddesc.h:28:23: warning: multi-character character constant [-Wmultichar]
2026-09-07T17:58:46.4555795Z    28 |         TYPE_CLASS2 = 'GlbC',
2026-09-07T17:58:46.4585691Z       |                       ^~~~~~
2026-09-07T17:58:46.4616536Z /home/runner/work/PocketKrKr/PocketKrKr/cpp/plugins/psdfile/psdparse/psddesc.h:29:22: warning: multi-character character constant [-Wmultichar]
2026-09-07T17:58:46.4645802Z    29 |         TYPE_ALIAS = 'alis',
2026-09-07T17:58:46.4675714Z       |                      ^~~~~~
2026-09-07T17:58:46.4702114Z /home/runner/work/PocketKrKr/PocketKrKr/cpp/plugins/psdfile/psdparse/psddesc.h:30:25: warning: multi-character character constant [-Wmultichar]
2026-09-07T17:58:46.4735805Z    30 |         TYPE_RAW_DATA = 'tdta',
2026-09-07T17:58:46.4755949Z       |                         ^~~~~~
2026-09-07T17:58:46.4786413Z /home/runner/work/PocketKrKr/PocketKrKr/cpp/plugins/psdfile/psdparse/psddesc.h:34:23: warning: multi-character character constant [-Wmultichar]
2026-09-07T17:58:46.4795869Z    34 |         UNIT_POINTS = '#Pnt',
2026-09-07T17:58:46.4815737Z       |                       ^~~~~~
2026-09-07T17:58:46.4846301Z /home/runner/work/PocketKrKr/PocketKrKr/cpp/plugins/psdfile/psdparse/psddesc.h:35:28: warning: multi-character character constant [-Wmultichar]
2026-09-07T17:58:46.4855831Z    35 |         UNIT_MILLIMETERS = '#Mlm',
2026-09-07T17:58:46.4885769Z       |                            ^~~~~~
2026-09-07T17:58:46.4906328Z /home/runner/work/PocketKrKr/PocketKrKr/cpp/plugins/psdfile/psdparse/psddesc.h:36:22: warning: multi-character character constant [-Wmultichar]
2026-09-07T17:58:46.4915863Z    36 |         UNIT_ANGLE = '#Ang', // degrees
2026-09-07T17:58:46.4945644Z       |                      ^~~~~~
2026-09-07T17:58:46.4966321Z /home/runner/work/PocketKrKr/PocketKrKr/cpp/plugins/psdfile/psdparse/psddesc.h:37:24: warning: multi-character character constant [-Wmultichar]
2026-09-07T17:58:46.4975838Z    37 |         UNIT_DENSITY = '#Rsl', // base per inch
2026-09-07T17:58:46.5005787Z       |                        ^~~~~~
2026-09-07T17:58:46.5036402Z /home/runner/work/PocketKrKr/PocketKrKr/cpp/plugins/psdfile/psdparse/psddesc.h:38:25: warning: multi-character character constant [-Wmultichar]
2026-09-07T17:58:46.5037627Z    38 |         UNIT_DISTANCE = '#Rlt', // base 72ppi
2026-09-07T17:58:46.5038146Z       |                         ^~~~~~
2026-09-07T17:58:46.5039286Z /home/runner/work/PocketKrKr/PocketKrKr/cpp/plugins/psdfile/psdparse/psddesc.h:39:21: warning: multi-character character constant [-Wmultichar]
2026-09-07T17:58:46.5040474Z    39 |         UNIT_NONE = '#Nne',
2026-09-07T17:58:46.5040901Z       |                     ^~~~~~
2026-09-07T17:58:46.5041989Z /home/runner/work/PocketKrKr/PocketKrKr/cpp/plugins/psdfile/psdparse/psddesc.h:40:24: warning: multi-character character constant [-Wmultichar]
2026-09-07T17:58:46.5043138Z    40 |         UNIT_PERCENT = '#Prc',
2026-09-07T17:58:46.5043592Z       |                        ^~~~~~
2026-09-07T17:58:46.5044674Z /home/runner/work/PocketKrKr/PocketKrKr/cpp/plugins/psdfile/psdparse/psddesc.h:41:23: warning: multi-character character constant [-Wmultichar]
2026-09-07T17:58:46.5046076Z    41 |         UNIT_PIXELS = '#Pxl',
2026-09-07T17:58:46.5046531Z       |                       ^~~~~~
2026-09-07T17:58:46.5047952Z /home/runner/work/PocketKrKr/PocketKrKr/cpp/plugins/psdfile/psdparse/psddesc.h:46:29: warning: multi-character character constant [-Wmultichar]
2026-09-07T17:58:46.5049187Z    46 |         REF_TYPE_PROPERTY = 'prop',
2026-09-07T17:58:46.5049678Z       |                             ^~~~~~
2026-09-07T17:58:46.5050812Z /home/runner/work/PocketKrKr/PocketKrKr/cpp/plugins/psdfile/psdparse/psddesc.h:47:26: warning: multi-character character constant [-Wmultichar]
2026-09-07T17:58:46.5052192Z    47 |         REF_TYPE_CLASS = 'Clss',
2026-09-07T17:58:46.5052661Z       |                          ^~~~~~
2026-09-07T17:58:46.5053784Z /home/runner/work/PocketKrKr/PocketKrKr/cpp/plugins/psdfile/psdparse/psddesc.h:48:29: warning: multi-character character constant [-Wmultichar]
2026-09-07T17:58:46.5054956Z    48 |         REF_TYPE_ENUM_REF = 'Enmr',
2026-09-07T17:58:46.5055657Z       |                             ^~~~~~
2026-09-07T17:58:46.5056797Z /home/runner/work/PocketKrKr/PocketKrKr/cpp/plugins/psdfile/psdparse/psddesc.h:49:27: warning: multi-character character constant [-Wmultichar]
2026-09-07T17:58:46.5057963Z    49 |         REF_TYPE_OFFSET = 'rele',
2026-09-07T17:58:46.5058446Z       |                           ^~~~~~
2026-09-07T17:58:46.5059536Z /home/runner/work/PocketKrKr/PocketKrKr/cpp/plugins/psdfile/psdparse/psddesc.h:50:31: warning: multi-character character constant [-Wmultichar]
2026-09-07T17:58:46.5060734Z    50 |         REF_TYPE_IDENTIFIER = 'Idnt',
2026-09-07T17:58:46.5061227Z       |                               ^~~~~~
2026-09-07T17:58:46.5062372Z /home/runner/work/PocketKrKr/PocketKrKr/cpp/plugins/psdfile/psdparse/psddesc.h:51:26: warning: multi-character character constant [-Wmultichar]
2026-09-07T17:58:46.5063512Z    51 |         REF_TYPE_INDEX = 'indx',
2026-09-07T17:58:46.5063965Z       |                          ^~~~~~
2026-09-07T17:58:46.5065051Z /home/runner/work/PocketKrKr/PocketKrKr/cpp/plugins/psdfile/psdparse/psddesc.h:52:25: warning: multi-character character constant [-Wmultichar]
2026-09-07T17:58:46.5097816Z    52 |         REF_TYPE_NAME = 'name',
2026-09-07T17:58:46.5098305Z       |                         ^~~~~~
2026-09-07T17:58:46.5099184Z In file included from /home/runner/work/PocketKrKr/PocketKrKr/cpp/plugins/psdfile/psdparse/psdfile.h:4,
2026-09-07T17:58:46.5100339Z                  from /home/runner/work/PocketKrKr/PocketKrKr/cpp/plugins/psdfile/psdclass.h:9,
2026-09-07T17:58:46.5101449Z                  from /home/runner/work/PocketKrKr/PocketKrKr/cpp/plugins/psdfile/psdclass_loadmem.cpp:1:
2026-09-07T17:58:46.5102995Z /home/runner/work/PocketKrKr/PocketKrKr/cpp/plugins/psdfile/psdparse/psddata.h:113:18: warning: multi-character character constant [-Wmultichar]
2026-09-07T17:58:46.5104196Z   113 |             case 'norm':
2026-09-07T17:58:46.5104617Z       |                  ^~~~~~
2026-09-07T17:58:46.5106058Z /home/runner/work/PocketKrKr/PocketKrKr/cpp/plugins/psdfile/psdparse/psddata.h:115:18: warning: multi-character character constant [-Wmultichar]
2026-09-07T17:58:46.5107231Z   115 |             case 'diss':
2026-09-07T17:58:46.5107649Z       |                  ^~~~~~
2026-09-07T17:58:46.5108761Z /home/runner/work/PocketKrKr/PocketKrKr/cpp/plugins/psdfile/psdparse/psddata.h:117:18: warning: multi-character character constant [-Wmultichar]
2026-09-07T17:58:46.5109928Z   117 |             case 'dark':
2026-09-07T17:58:46.5110350Z       |                  ^~~~~~
2026-09-07T17:58:46.5111452Z /home/runner/work/PocketKrKr/PocketKrKr/cpp/plugins/psdfile/psdparse/psddata.h:119:18: warning: multi-character character constant [-Wmultichar]
2026-09-07T17:58:46.5112614Z   119 |             case 'mul ':
2026-09-07T17:58:46.5113036Z       |                  ^~~~~~
2026-09-07T17:58:46.5114132Z /home/runner/work/PocketKrKr/PocketKrKr/cpp/plugins/psdfile/psdparse/psddata.h:121:18: warning: multi-character character constant [-Wmultichar]
2026-09-07T17:58:46.5115612Z   121 |             case 'idiv':
2026-09-07T17:58:46.5145844Z       |                  ^~~~~~
2026-09-07T17:58:46.5146993Z /home/runner/work/PocketKrKr/PocketKrKr/cpp/plugins/psdfile/psdparse/psddata.h:123:18: warning: multi-character character constant [-Wmultichar]
2026-09-07T17:58:46.5148467Z   123 |             case 'lbrn':
2026-09-07T17:58:46.5148907Z       |                  ^~~~~~
2026-09-07T17:58:46.5150022Z /home/runner/work/PocketKrKr/PocketKrKr/cpp/plugins/psdfile/psdparse/psddata.h:125:18: warning: multi-character character constant [-Wmultichar]
2026-09-07T17:58:46.5151543Z   125 |             case 'dkCl':
2026-09-07T17:58:46.5151960Z       |                  ^~~~~~
2026-09-07T17:58:46.5153031Z /home/runner/work/PocketKrKr/PocketKrKr/cpp/plugins/psdfile/psdparse/psddata.h:127:18: warning: multi-character character constant [-Wmultichar]
2026-09-07T17:58:46.5154184Z   127 |             case 'lite':
2026-09-07T17:58:46.5154577Z       |                  ^~~~~~
2026-09-07T17:58:46.5155985Z /home/runner/work/PocketKrKr/PocketKrKr/cpp/plugins/psdfile/psdparse/psddata.h:129:18: warning: multi-character character constant [-Wmultichar]
2026-09-07T17:58:46.5157119Z   129 |             case 'scrn':
2026-09-07T17:58:46.5157530Z       |                  ^~~~~~
2026-09-07T17:58:46.5158610Z /home/runner/work/PocketKrKr/PocketKrKr/cpp/plugins/psdfile/psdparse/psddata.h:131:18: warning: multi-character character constant [-Wmultichar]
2026-09-07T17:58:46.5159722Z   131 |             case 'div ':
2026-09-07T17:58:46.5160132Z       |                  ^~~~~~
2026-09-07T17:58:46.5161198Z /home/runner/work/PocketKrKr/PocketKrKr/cpp/plugins/psdfile/psdparse/psddata.h:133:18: warning: multi-character character constant [-Wmultichar]
2026-09-07T17:58:46.5162344Z   133 |             case 'lddg':
2026-09-07T17:58:46.5162736Z       |                  ^~~~~~
2026-09-07T17:58:46.5163799Z /home/runner/work/PocketKrKr/PocketKrKr/cpp/plugins/psdfile/psdparse/psddata.h:135:18: warning: multi-character character constant [-Wmultichar]
2026-09-07T17:58:46.5164916Z   135 |             case 'ltCl':
2026-09-07T17:58:46.5195649Z       |                  ^~~~~~
2026-09-07T17:58:46.5196833Z /home/runner/work/PocketKrKr/PocketKrKr/cpp/plugins/psdfile/psdparse/psddata.h:137:18: warning: multi-character character constant [-Wmultichar]
2026-09-07T17:58:46.5197986Z   137 |             case 'over':
2026-09-07T17:58:46.5198417Z       |                  ^~~~~~
2026-09-07T17:58:46.5199478Z /home/runner/work/PocketKrKr/PocketKrKr/cpp/plugins/psdfile/psdparse/psddata.h:139:18: warning: multi-character character constant [-Wmultichar]
2026-09-07T17:58:46.5200651Z   139 |             case 'sLit':
2026-09-07T17:58:46.5201077Z       |                  ^~~~~~
2026-09-07T17:58:46.5202141Z /home/runner/work/PocketKrKr/PocketKrKr/cpp/plugins/psdfile/psdparse/psddata.h:141:18: warning: multi-character character constant [-Wmultichar]
2026-09-07T17:58:46.5203303Z   141 |             case 'hLit':
2026-09-07T17:58:46.5203715Z       |                  ^~~~~~
2026-09-07T17:58:46.5204778Z /home/runner/work/PocketKrKr/PocketKrKr/cpp/plugins/psdfile/psdparse/psddata.h:143:18: warning: multi-character character constant [-Wmultichar]
2026-09-07T17:58:46.5206245Z   143 |             case 'vLit':
2026-09-07T17:58:46.5206676Z       |                  ^~~~~~
2026-09-07T17:58:46.5207728Z /home/runner/work/PocketKrKr/PocketKrKr/cpp/plugins/psdfile/psdparse/psddata.h:145:18: warning: multi-character character constant [-Wmultichar]
2026-09-07T17:58:46.5208840Z   145 |             case 'lLit':
2026-09-07T17:58:46.5209250Z       |                  ^~~~~~
2026-09-07T17:58:46.5210343Z /home/runner/work/PocketKrKr/PocketKrKr/cpp/plugins/psdfile/psdparse/psddata.h:147:18: warning: multi-character character constant [-Wmultichar]
2026-09-07T17:58:46.5211504Z   147 |             case 'pLit':
2026-09-07T17:58:46.5211887Z       |                  ^~~~~~
2026-09-07T17:58:46.5212979Z /home/runner/work/PocketKrKr/PocketKrKr/cpp/plugins/psdfile/psdparse/psddata.h:149:18: warning: multi-character character constant [-Wmultichar]
2026-09-07T17:58:46.5214108Z   149 |             case 'hMix':
2026-09-07T17:58:46.5214511Z       |                  ^~~~~~
2026-09-07T17:58:46.5216132Z /home/runner/work/PocketKrKr/PocketKrKr/cpp/plugins/psdfile/psdparse/psddata.h:151:18: warning: multi-character character constant [-Wmultichar]
2026-09-07T17:58:46.5217261Z   151 |             case 'diff':
2026-09-07T17:58:46.5217669Z       |                  ^~~~~~
2026-09-07T17:58:46.5218754Z /home/runner/work/PocketKrKr/PocketKrKr/cpp/plugins/psdfile/psdparse/psddata.h:153:18: warning: multi-character character constant [-Wmultichar]
2026-09-07T17:58:46.5220094Z   153 |             case 'smud':
2026-09-07T17:58:46.5220508Z       |                  ^~~~~~
2026-09-07T17:58:46.5221591Z /home/runner/work/PocketKrKr/PocketKrKr/cpp/plugins/psdfile/psdparse/psddata.h:155:18: warning: multi-character character constant [-Wmultichar]
2026-09-07T17:58:46.5222719Z   155 |             case 'fsub':
2026-09-07T17:58:46.5223127Z       |                  ^~~~~~
2026-09-07T17:58:46.5224205Z /home/runner/work/PocketKrKr/PocketKrKr/cpp/plugins/psdfile/psdparse/psddata.h:157:18: warning: multi-character character constant [-Wmultichar]
2026-09-07T17:58:46.5225559Z   157 |             case 'fdiv':
2026-09-07T17:58:46.5225983Z       |                  ^~~~~~
2026-09-07T17:58:46.5227051Z /home/runner/work/PocketKrKr/PocketKrKr/cpp/plugins/psdfile/psdparse/psddata.h:159:18: warning: multi-character character constant [-Wmultichar]
2026-09-07T17:58:46.5228195Z   159 |             case 'hue ':
2026-09-07T17:58:46.5228612Z       |                  ^~~~~~
2026-09-07T17:58:46.5229691Z /home/runner/work/PocketKrKr/PocketKrKr/cpp/plugins/psdfile/psdparse/psddata.h:161:18: warning: multi-character character constant [-Wmultichar]
2026-09-07T17:58:46.5230826Z   161 |             case 'sat ':
2026-09-07T17:58:46.5231227Z       |                  ^~~~~~
2026-09-07T17:58:46.5232274Z /home/runner/work/PocketKrKr/PocketKrKr/cpp/plugins/psdfile/psdparse/psddata.h:163:18: warning: multi-character character constant [-Wmultichar]
2026-09-07T17:58:46.5233444Z   163 |             case 'colr':
2026-09-07T17:58:46.5233853Z       |                  ^~~~~~
2026-09-07T17:58:46.5234902Z /home/runner/work/PocketKrKr/PocketKrKr/cpp/plugins/psdfile/psdparse/psddata.h:165:18: warning: multi-character character constant [-Wmultichar]
2026-09-07T17:58:46.5236258Z   165 |             case 'lum ':
2026-09-07T17:58:46.5236647Z       |                  ^~~~~~
2026-09-07T17:58:46.5237737Z /home/runner/work/PocketKrKr/PocketKrKr/cpp/plugins/psdfile/psdparse/psddata.h:167:18: warning: multi-character character constant [-Wmultichar]
2026-09-07T17:58:46.5238865Z   167 |             case 'pass':
2026-09-07T17:58:46.5239282Z       |                  ^~~~~~
2026-09-07T17:58:46.5240104Z In file included from /home/runner/work/PocketKrKr/PocketKrKr/cpp/plugins/psdfile/psdparse/psdfile.h:3,
2026-09-07T17:58:46.5241239Z                  from /home/runner/work/PocketKrKr/PocketKrKr/cpp/plugins/psdfile/psdclass.h:9,
2026-09-07T17:58:46.5242348Z                  from /home/runner/work/PocketKrKr/PocketKrKr/cpp/plugins/psdfile/psdclass_loadmem.cpp:1:
2026-09-07T17:58:46.5244508Z /home/runner/work/PocketKrKr/PocketKrKr/cpp/plugins/psdfile/psdparse/psddesc.h: In member function ‘virtual void psd::DescriptorReference::dump(int)’:
2026-09-07T17:58:46.5278090Z /home/runner/work/PocketKrKr/PocketKrKr/cpp/plugins/psdfile/psdparse/psddesc.h:234:20: warning: format ‘%d’ expects argument of type ‘int’, but argument 3 has type ‘std::vector<psd::ReferenceItem*>::size_type’ {aka ‘long unsigned int’} [-Wformat=]
2026-09-07T17:58:46.5280038Z   234 |             dprint("%s (count:%d)\n", typeName(), items.size());
2026-09-07T17:58:46.5280701Z       |                    ^~~~~~~~~~~~~~~~~              ~~~~~~~~~~~~
2026-09-07T17:58:46.5281246Z       |                                                             |
2026-09-07T17:58:46.5282073Z       |                                                             std::vector<psd::ReferenceItem*>::size_type {aka long unsigned int}
2026-09-07T17:58:46.5283671Z /home/runner/work/PocketKrKr/PocketKrKr/cpp/plugins/psdfile/psdparse/psdbase.h:7:28: note: in definition of macro ‘dprint’
2026-09-07T17:58:46.5285044Z     7 | #define dprint(...) printf(__VA_ARGS__);
2026-09-07T17:58:46.5285837Z       |                            ^~~~~~~~~~~
2026-09-07T17:58:46.5286746Z In file included from /home/runner/work/PocketKrKr/PocketKrKr/cpp/plugins/psdfile/psdparse/psddata.h:5,
2026-09-07T17:58:46.5288016Z                  from /home/runner/work/PocketKrKr/PocketKrKr/cpp/plugins/psdfile/psdparse/psdfile.h:4,
2026-09-07T17:58:46.5289392Z                  from /home/runner/work/PocketKrKr/PocketKrKr/cpp/plugins/psdfile/psdclass.h:9,
2026-09-07T17:58:46.5290529Z                  from /home/runner/work/PocketKrKr/PocketKrKr/cpp/plugins/psdfile/psdclass_loadmem.cpp:1:
2026-09-07T17:58:46.5291937Z /home/runner/work/PocketKrKr/PocketKrKr/cpp/plugins/psdfile/psdparse/psddesc.h:234:32: note: format string is defined here
2026-09-07T17:58:46.5293086Z   234 |             dprint("%s (count:%d)\n", typeName(), items.size());
2026-09-07T17:58:46.5293668Z       |                               ~^
2026-09-07T17:58:46.5294120Z       |                                |
2026-09-07T17:58:46.5294580Z       |                                int
2026-09-07T17:58:46.5295044Z       |                               %ld
2026-09-07T17:58:46.5296115Z In file included from /home/runner/work/PocketKrKr/PocketKrKr/cpp/plugins/psdfile/psdparse/psdfile.h:3,
2026-09-07T17:58:46.5297316Z                  from /home/runner/work/PocketKrKr/PocketKrKr/cpp/plugins/psdfile/psdclass.h:9,
2026-09-07T17:58:46.5298440Z                  from /home/runner/work/PocketKrKr/PocketKrKr/cpp/plugins/psdfile/psdclass_loadmem.cpp:1:
2026-09-07T17:58:46.5300292Z /home/runner/work/PocketKrKr/PocketKrKr/cpp/plugins/psdfile/psdparse/psddesc.h: In member function ‘virtual void psd::DescriptorList::dump(int)’:
2026-09-07T17:58:46.5303251Z /home/runner/work/PocketKrKr/PocketKrKr/cpp/plugins/psdfile/psdparse/psddesc.h:253:20: warning: format ‘%d’ expects argument of type ‘int’, but argument 3 has type ‘std::vector<psd::DescriptorItem*>::size_type’ {aka ‘long unsigned int’} [-Wformat=]
2026-09-07T17:58:46.5305152Z   253 |             dprint("%s (count:%d)\n", typeName(), items.size());
2026-09-07T17:58:46.5336219Z       |                    ^~~~~~~~~~~~~~~~~              ~~~~~~~~~~~~
2026-09-07T17:58:46.5336820Z       |                                                             |
2026-09-07T17:58:46.5337699Z       |                                                             std::vector<psd::DescriptorItem*>::size_type {aka long unsigned int}
2026-09-07T17:58:46.5339346Z /home/runner/work/PocketKrKr/PocketKrKr/cpp/plugins/psdfile/psdparse/psdbase.h:7:28: note: in definition of macro ‘dprint’
2026-09-07T17:58:46.5340482Z     7 | #define dprint(...) printf(__VA_ARGS__);
2026-09-07T17:58:46.5341015Z       |                            ^~~~~~~~~~~
2026-09-07T17:58:46.5341925Z In file included from /home/runner/work/PocketKrKr/PocketKrKr/cpp/plugins/psdfile/psdparse/psddata.h:5,
2026-09-07T17:58:46.5343196Z                  from /home/runner/work/PocketKrKr/PocketKrKr/cpp/plugins/psdfile/psdparse/psdfile.h:4,
2026-09-07T17:58:46.5344344Z                  from /home/runner/work/PocketKrKr/PocketKrKr/cpp/plugins/psdfile/psdclass.h:9,
2026-09-07T17:58:46.5345706Z                  from /home/runner/work/PocketKrKr/PocketKrKr/cpp/plugins/psdfile/psdclass_loadmem.cpp:1:
2026-09-07T17:58:46.5347138Z /home/runner/work/PocketKrKr/PocketKrKr/cpp/plugins/psdfile/psdparse/psddesc.h:253:32: note: format string is defined here
2026-09-07T17:58:46.5348330Z   253 |             dprint("%s (count:%d)\n", typeName(), items.size());
2026-09-07T17:58:46.5348938Z       |                               ~^
2026-09-07T17:58:46.5349385Z       |                                |
2026-09-07T17:58:46.5349840Z       |                                int
2026-09-07T17:58:46.5350301Z       |                               %ld
2026-09-07T17:58:46.5351128Z In file included from /home/runner/work/PocketKrKr/PocketKrKr/cpp/plugins/psdfile/psdclass.h:10,
2026-09-07T17:58:46.5352346Z                  from /home/runner/work/PocketKrKr/PocketKrKr/cpp/plugins/psdfile/psdclass_loadmem.cpp:1:
2026-09-07T17:58:46.5354847Z /home/runner/work/PocketKrKr/PocketKrKr/cpp/core/plugin/ncbind.hpp: In static member function ‘static ncbTypeConvertor::Conversion<FROM, TO>::OK ncbTypeConvertor::Conversion<FROM, TO>::check(TO)’:
2026-09-07T17:58:46.5357316Z /home/runner/work/PocketKrKr/PocketKrKr/cpp/core/plugin/ncbind.hpp:244:38: warning: no return statement in function returning non-void [-Wreturn-type]
2026-09-07T17:58:46.5358769Z   244 |                 static OK check(TO) {};
2026-09-07T17:58:46.5359286Z       |                                      ^
2026-09-07T17:58:47.4271110Z [378/741] Building CXX object cpp/plugins/motionplayer/CMakeFiles/motionplayer.dir/__/psdfile/psdclass.cpp.o
2026-09-07T17:58:47.4296475Z In file included from /home/runner/work/PocketKrKr/PocketKrKr/cpp/plugins/psdfile/psdparse/psddata.h:5,
2026-09-07T17:58:47.4297862Z                  from /home/runner/work/PocketKrKr/PocketKrKr/cpp/plugins/psdfile/psdparse/psdfile.h:4,
2026-09-07T17:58:47.4326139Z                  from /home/runner/work/PocketKrKr/PocketKrKr/cpp/plugins/psdfile/psdclass.h:9,
2026-09-07T17:58:47.4346278Z                  from /home/runner/work/PocketKrKr/PocketKrKr/cpp/plugins/psdfile/psdclass.cpp:4:
2026-09-07T17:58:47.4376961Z /home/runner/work/PocketKrKr/PocketKrKr/cpp/plugins/psdfile/psdparse/psddesc.h:17:26: warning: multi-character character constant [-Wmultichar]
2026-09-07T17:58:47.4385974Z    17 |         TYPE_REFERENCE = 'obj ',
2026-09-07T17:58:47.4386510Z       |                          ^~~~~~
2026-09-07T17:58:47.4387706Z /home/runner/work/PocketKrKr/PocketKrKr/cpp/plugins/psdfile/psdparse/psddesc.h:18:27: warning: multi-character character constant [-Wmultichar]
2026-09-07T17:58:47.4388951Z    18 |         TYPE_DESCRIPTOR = 'Objc',
2026-09-07T17:58:47.4389485Z       |                           ^~~~~~
2026-09-07T17:58:47.4390662Z /home/runner/work/PocketKrKr/PocketKrKr/cpp/plugins/psdfile/psdparse/psddesc.h:19:21: warning: multi-character character constant [-Wmultichar]
2026-09-07T17:58:47.4391925Z    19 |         TYPE_LIST = 'VlLs',
2026-09-07T17:58:47.4392419Z       |                     ^~~~~~
2026-09-07T17:58:47.4393571Z /home/runner/work/PocketKrKr/PocketKrKr/cpp/plugins/psdfile/psdparse/psddesc.h:20:23: warning: multi-character character constant [-Wmultichar]
2026-09-07T17:58:47.4394841Z    20 |         TYPE_DOUBLE = 'doub',
2026-09-07T17:58:47.4396048Z       |                       ^~~~~~
2026-09-07T17:58:47.4397261Z /home/runner/work/PocketKrKr/PocketKrKr/cpp/plugins/psdfile/psdparse/psddesc.h:21:27: warning: multi-character character constant [-Wmultichar]
2026-09-07T17:58:47.4398505Z    21 |         TYPE_UNIT_FLOAT = 'UntF',
2026-09-07T17:58:47.4399010Z       |                           ^~~~~~
2026-09-07T17:58:47.4400186Z /home/runner/work/PocketKrKr/PocketKrKr/cpp/plugins/psdfile/psdparse/psddesc.h:22:23: warning: multi-character character constant [-Wmultichar]
2026-09-07T17:58:47.4401401Z    22 |         TYPE_STRING = 'TEXT',
2026-09-07T17:58:47.4401892Z       |                       ^~~~~~
2026-09-07T17:58:47.4403081Z /home/runner/work/PocketKrKr/PocketKrKr/cpp/plugins/psdfile/psdparse/psddesc.h:23:27: warning: multi-character character constant [-Wmultichar]
2026-09-07T17:58:47.4404308Z    23 |         TYPE_ENUMERATED = 'enum',
2026-09-07T17:58:47.4404831Z       |                           ^~~~~~
2026-09-07T17:58:47.4406289Z /home/runner/work/PocketKrKr/PocketKrKr/cpp/plugins/psdfile/psdparse/psddesc.h:24:24: warning: multi-character character constant [-Wmultichar]
2026-09-07T17:58:47.4407513Z    24 |         TYPE_INTEGER = 'long',
2026-09-07T17:58:47.4408001Z       |                        ^~~~~~
2026-09-07T17:58:47.4409149Z /home/runner/work/PocketKrKr/PocketKrKr/cpp/plugins/psdfile/psdparse/psddesc.h:25:24: warning: multi-character character constant [-Wmultichar]
2026-09-07T17:58:47.4410397Z    25 |         TYPE_BOOLEAN = 'bool',
2026-09-07T17:58:47.4410898Z       |                        ^~~~~~
2026-09-07T17:58:47.4412505Z /home/runner/work/PocketKrKr/PocketKrKr/cpp/plugins/psdfile/psdparse/psddesc.h:26:30: warning: multi-character character constant [-Wmultichar]
2026-09-07T17:58:47.4413803Z    26 |         TYPE_GLOBAL_OBJECT = 'GlbO',
2026-09-07T17:58:47.4414327Z       |                              ^~~~~~
2026-09-07T17:58:47.4446008Z /home/runner/work/PocketKrKr/PocketKrKr/cpp/plugins/psdfile/psdparse/psddesc.h:27:23: warning: multi-character character constant [-Wmultichar]
2026-09-07T17:58:47.4447578Z    27 |         TYPE_CLASS1 = 'type',
2026-09-07T17:58:47.4448148Z       |                       ^~~~~~
2026-09-07T17:58:47.4449365Z /home/runner/work/PocketKrKr/PocketKrKr/cpp/plugins/psdfile/psdparse/psddesc.h:28:23: warning: multi-character character constant [-Wmultichar]
2026-09-07T17:58:47.4450602Z    28 |         TYPE_CLASS2 = 'GlbC',
2026-09-07T17:58:47.4451102Z       |                       ^~~~~~
2026-09-07T17:58:47.4452215Z /home/runner/work/PocketKrKr/PocketKrKr/cpp/plugins/psdfile/psdparse/psddesc.h:29:22: warning: multi-character character constant [-Wmultichar]
2026-09-07T17:58:47.4453467Z    29 |         TYPE_ALIAS = 'alis',
2026-09-07T17:58:47.4453955Z       |                      ^~~~~~
2026-09-07T17:58:47.4455117Z /home/runner/work/PocketKrKr/PocketKrKr/cpp/plugins/psdfile/psdparse/psddesc.h:30:25: warning: multi-character character constant [-Wmultichar]
2026-09-07T17:58:47.4456649Z    30 |         TYPE_RAW_DATA = 'tdta',
2026-09-07T17:58:47.4457156Z       |                         ^~~~~~
2026-09-07T17:58:47.4458334Z /home/runner/work/PocketKrKr/PocketKrKr/cpp/plugins/psdfile/psdparse/psddesc.h:34:23: warning: multi-character character constant [-Wmultichar]
2026-09-07T17:58:47.4459561Z    34 |         UNIT_POINTS = '#Pnt',
2026-09-07T17:58:47.4460048Z       |                       ^~~~~~
2026-09-07T17:58:47.4461259Z /home/runner/work/PocketKrKr/PocketKrKr/cpp/plugins/psdfile/psdparse/psddesc.h:35:28: warning: multi-character character constant [-Wmultichar]
2026-09-07T17:58:47.4462531Z    35 |         UNIT_MILLIMETERS = '#Mlm',
2026-09-07T17:58:47.4463056Z       |                            ^~~~~~
2026-09-07T17:58:47.4464342Z /home/runner/work/PocketKrKr/PocketKrKr/cpp/plugins/psdfile/psdparse/psddesc.h:36:22: warning: multi-character character constant [-Wmultichar]
2026-09-07T17:58:47.4465871Z    36 |         UNIT_ANGLE = '#Ang', // degrees
2026-09-07T17:58:47.4466411Z       |                      ^~~~~~
2026-09-07T17:58:47.4467564Z /home/runner/work/PocketKrKr/PocketKrKr/cpp/plugins/psdfile/psdparse/psddesc.h:37:24: warning: multi-character character constant [-Wmultichar]
2026-09-07T17:58:47.4468869Z    37 |         UNIT_DENSITY = '#Rsl', // base per inch
2026-09-07T17:58:47.4469427Z       |                        ^~~~~~
2026-09-07T17:58:47.4470610Z /home/runner/work/PocketKrKr/PocketKrKr/cpp/plugins/psdfile/psdparse/psddesc.h:38:25: warning: multi-character character constant [-Wmultichar]
2026-09-07T17:58:47.4471882Z    38 |         UNIT_DISTANCE = '#Rlt', // base 72ppi
2026-09-07T17:58:47.4472418Z       |                         ^~~~~~
2026-09-07T17:58:47.4473594Z /home/runner/work/PocketKrKr/PocketKrKr/cpp/plugins/psdfile/psdparse/psddesc.h:39:21: warning: multi-character character constant [-Wmultichar]
2026-09-07T17:58:47.4474824Z    39 |         UNIT_NONE = '#Nne',
2026-09-07T17:58:47.4505733Z       |                     ^~~~~~
2026-09-07T17:58:47.4506963Z /home/runner/work/PocketKrKr/PocketKrKr/cpp/plugins/psdfile/psdparse/psddesc.h:40:24: warning: multi-character character constant [-Wmultichar]
2026-09-07T17:58:47.4508191Z    40 |         UNIT_PERCENT = '#Prc',
2026-09-07T17:58:47.4508687Z       |                        ^~~~~~
2026-09-07T17:58:47.4509894Z /home/runner/work/PocketKrKr/PocketKrKr/cpp/plugins/psdfile/psdparse/psddesc.h:41:23: warning: multi-character character constant [-Wmultichar]
2026-09-07T17:58:47.4511141Z    41 |         UNIT_PIXELS = '#Pxl',
2026-09-07T17:58:47.4511646Z       |                       ^~~~~~
2026-09-07T17:58:47.4513106Z /home/runner/work/PocketKrKr/PocketKrKr/cpp/plugins/psdfile/psdparse/psddesc.h:46:29: warning: multi-character character constant [-Wmultichar]
2026-09-07T17:58:47.4514392Z    46 |         REF_TYPE_PROPERTY = 'prop',
2026-09-07T17:58:47.4514942Z       |                             ^~~~~~
2026-09-07T17:58:47.4516568Z /home/runner/work/PocketKrKr/PocketKrKr/cpp/plugins/psdfile/psdparse/psddesc.h:47:26: warning: multi-character character constant [-Wmultichar]
2026-09-07T17:58:47.4518127Z    47 |         REF_TYPE_CLASS = 'Clss',
2026-09-07T17:58:47.4518619Z       |                          ^~~~~~
2026-09-07T17:58:47.4519793Z /home/runner/work/PocketKrKr/PocketKrKr/cpp/plugins/psdfile/psdparse/psddesc.h:48:29: warning: multi-character character constant [-Wmultichar]
2026-09-07T17:58:47.4521046Z    48 |         REF_TYPE_ENUM_REF = 'Enmr',
2026-09-07T17:58:47.4521556Z       |                             ^~~~~~
2026-09-07T17:58:47.4522729Z /home/runner/work/PocketKrKr/PocketKrKr/cpp/plugins/psdfile/psdparse/psddesc.h:49:27: warning: multi-character character constant [-Wmultichar]
2026-09-07T17:58:47.4523976Z    49 |         REF_TYPE_OFFSET = 'rele',
2026-09-07T17:58:47.4524489Z       |                           ^~~~~~
2026-09-07T17:58:47.4525952Z /home/runner/work/PocketKrKr/PocketKrKr/cpp/plugins/psdfile/psdparse/psddesc.h:50:31: warning: multi-character character constant [-Wmultichar]
2026-09-07T17:58:47.4527220Z    50 |         REF_TYPE_IDENTIFIER = 'Idnt',
2026-09-07T17:58:47.4527761Z       |                               ^~~~~~
2026-09-07T17:58:47.4528965Z /home/runner/work/PocketKrKr/PocketKrKr/cpp/plugins/psdfile/psdparse/psddesc.h:51:26: warning: multi-character character constant [-Wmultichar]
2026-09-07T17:58:47.4530199Z    51 |         REF_TYPE_INDEX = 'indx',
2026-09-07T17:58:47.4530696Z       |                          ^~~~~~
2026-09-07T17:58:47.4531867Z /home/runner/work/PocketKrKr/PocketKrKr/cpp/plugins/psdfile/psdparse/psddesc.h:52:25: warning: multi-character character constant [-Wmultichar]
2026-09-07T17:58:47.4533081Z    52 |         REF_TYPE_NAME = 'name',
2026-09-07T17:58:47.4533591Z       |                         ^~~~~~
2026-09-07T17:58:47.4534482Z In file included from /home/runner/work/PocketKrKr/PocketKrKr/cpp/plugins/psdfile/psdparse/psdfile.h:4,
2026-09-07T17:58:47.4566213Z                  from /home/runner/work/PocketKrKr/PocketKrKr/cpp/plugins/psdfile/psdclass.h:9,
2026-09-07T17:58:47.4567395Z                  from /home/runner/work/PocketKrKr/PocketKrKr/cpp/plugins/psdfile/psdclass.cpp:4:
2026-09-07T17:58:47.4707643Z /home/runner/work/PocketKrKr/PocketKrKr/cpp/plugins/psdfile/psdparse/psddata.h:113:18: warning: multi-character character constant [-Wmultichar]
2026-09-07T17:58:47.4708865Z   113 |             case 'norm':
2026-09-07T17:58:47.4709295Z       |                  ^~~~~~
2026-09-07T17:58:47.4710410Z /home/runner/work/PocketKrKr/PocketKrKr/cpp/plugins/psdfile/psdparse/psddata.h:115:18: warning: multi-character character constant [-Wmultichar]
2026-09-07T17:58:47.4711596Z   115 |             case 'diss':
2026-09-07T17:58:47.4712023Z       |                  ^~~~~~
2026-09-07T17:58:47.4713147Z /home/runner/work/PocketKrKr/PocketKrKr/cpp/plugins/psdfile/psdparse/psddata.h:117:18: warning: multi-character character constant [-Wmultichar]
2026-09-07T17:58:47.4714332Z   117 |             case 'dark':
2026-09-07T17:58:47.4714745Z       |                  ^~~~~~
2026-09-07T17:58:47.4716058Z /home/runner/work/PocketKrKr/PocketKrKr/cpp/plugins/psdfile/psdparse/psddata.h:119:18: warning: multi-character character constant [-Wmultichar]
2026-09-07T17:58:47.4717325Z   119 |             case 'mul ':
2026-09-07T17:58:47.4717749Z       |                  ^~~~~~
2026-09-07T17:58:47.4718855Z /home/runner/work/PocketKrKr/PocketKrKr/cpp/plugins/psdfile/psdparse/psddata.h:121:18: warning: multi-character character constant [-Wmultichar]
2026-09-07T17:58:47.4720044Z   121 |             case 'idiv':
2026-09-07T17:58:47.4720478Z       |                  ^~~~~~
2026-09-07T17:58:47.4721595Z /home/runner/work/PocketKrKr/PocketKrKr/cpp/plugins/psdfile/psdparse/psddata.h:123:18: warning: multi-character character constant [-Wmultichar]
2026-09-07T17:58:47.4723187Z   123 |             case 'lbrn':
2026-09-07T17:58:47.4723631Z       |                  ^~~~~~
2026-09-07T17:58:47.4724640Z /home/runner/work/PocketKrKr/PocketKrKr/cpp/plugins/psdfile/psdparse/psddata.h:125:18: warning: multi-character character constant [-Wmultichar]
2026-09-07T17:58:47.4726244Z   125 |             case 'dkCl':
2026-09-07T17:58:47.4726672Z       |                  ^~~~~~
2026-09-07T17:58:47.4727548Z /home/runner/work/PocketKrKr/PocketKrKr/cpp/plugins/psdfile/psdparse/psddata.h:127:18: warning: multi-character character constant [-Wmultichar]
2026-09-07T17:58:47.4728505Z   127 |             case 'lite':
2026-09-07T17:58:47.4728915Z       |                  ^~~~~~
2026-09-07T17:58:47.4729985Z /home/runner/work/PocketKrKr/PocketKrKr/cpp/plugins/psdfile/psdparse/psddata.h:129:18: warning: multi-character character constant [-Wmultichar]
2026-09-07T17:58:47.4731051Z   129 |             case 'scrn':
2026-09-07T17:58:47.4731454Z       |                  ^~~~~~
2026-09-07T17:58:47.4732451Z /home/runner/work/PocketKrKr/PocketKrKr/cpp/plugins/psdfile/psdparse/psddata.h:131:18: warning: multi-character character constant [-Wmultichar]
2026-09-07T17:58:47.4733560Z   131 |             case 'div ':
2026-09-07T17:58:47.4733961Z       |                  ^~~~~~
2026-09-07T17:58:47.4735010Z /home/runner/work/PocketKrKr/PocketKrKr/cpp/plugins/psdfile/psdparse/psddata.h:133:18: warning: multi-character character constant [-Wmultichar]
2026-09-07T17:58:47.4786644Z   133 |             case 'lddg':
2026-09-07T17:58:47.4787049Z       |                  ^~~~~~
2026-09-07T17:58:47.4788139Z /home/runner/work/PocketKrKr/PocketKrKr/cpp/plugins/psdfile/psdparse/psddata.h:135:18: warning: multi-character character constant [-Wmultichar]
2026-09-07T17:58:47.4789345Z   135 |             case 'ltCl':
2026-09-07T17:58:47.4789792Z       |                  ^~~~~~
2026-09-07T17:58:47.4790949Z /home/runner/work/PocketKrKr/PocketKrKr/cpp/plugins/psdfile/psdparse/psddata.h:137:18: warning: multi-character character constant [-Wmultichar]
2026-09-07T17:58:47.4792007Z   137 |             case 'over':
2026-09-07T17:58:47.4792406Z       |                  ^~~~~~
2026-09-07T17:58:47.4793522Z /home/runner/work/PocketKrKr/PocketKrKr/cpp/plugins/psdfile/psdparse/psddata.h:139:18: warning: multi-character character constant [-Wmultichar]
2026-09-07T17:58:47.4794739Z   139 |             case 'sLit':
2026-09-07T17:58:47.4795166Z       |                  ^~~~~~
2026-09-07T17:58:47.4796511Z /home/runner/work/PocketKrKr/PocketKrKr/cpp/plugins/psdfile/psdparse/psddata.h:141:18: warning: multi-character character constant [-Wmultichar]
2026-09-07T17:58:47.4797594Z   141 |             case 'hLit':
2026-09-07T17:58:47.4797991Z       |                  ^~~~~~
2026-09-07T17:58:47.4799128Z /home/runner/work/PocketKrKr/PocketKrKr/cpp/plugins/psdfile/psdparse/psddata.h:143:18: warning: multi-character character constant [-Wmultichar]
2026-09-07T17:58:47.4800328Z   143 |             case 'vLit':
2026-09-07T17:58:47.4800757Z       |                  ^~~~~~
2026-09-07T17:58:47.4801880Z /home/runner/work/PocketKrKr/PocketKrKr/cpp/plugins/psdfile/psdparse/psddata.h:145:18: warning: multi-character character constant [-Wmultichar]
2026-09-07T17:58:47.4802924Z   145 |             case 'lLit':
2026-09-07T17:58:47.4803334Z       |                  ^~~~~~
2026-09-07T17:58:47.4804447Z /home/runner/work/PocketKrKr/PocketKrKr/cpp/plugins/psdfile/psdparse/psddata.h:147:18: warning: multi-character character constant [-Wmultichar]
2026-09-07T17:58:47.4805836Z   147 |             case 'pLit':
2026-09-07T17:58:47.4806279Z       |                  ^~~~~~
2026-09-07T17:58:47.4807393Z /home/runner/work/PocketKrKr/PocketKrKr/cpp/plugins/psdfile/psdparse/psddata.h:149:18: warning: multi-character character constant [-Wmultichar]
2026-09-07T17:58:47.4808556Z   149 |             case 'hMix':
2026-09-07T17:58:47.4808919Z       |                  ^~~~~~
2026-09-07T17:58:47.4810248Z /home/runner/work/PocketKrKr/PocketKrKr/cpp/plugins/psdfile/psdparse/psddata.h:151:18: warning: multi-character character constant [-Wmultichar]
2026-09-07T17:58:47.4811483Z   151 |             case 'diff':
2026-09-07T17:58:47.4811907Z       |                  ^~~~~~
2026-09-07T17:58:47.4813027Z /home/runner/work/PocketKrKr/PocketKrKr/cpp/plugins/psdfile/psdparse/psddata.h:153:18: warning: multi-character character constant [-Wmultichar]
2026-09-07T17:58:47.4814441Z   153 |             case 'smud':
2026-09-07T17:58:47.4814804Z       |                  ^~~~~~
2026-09-07T17:58:47.4846310Z /home/runner/work/PocketKrKr/PocketKrKr/cpp/plugins/psdfile/psdparse/psddata.h:155:18: warning: multi-character character constant [-Wmultichar]
2026-09-07T17:58:47.4847554Z   155 |             case 'fsub':
2026-09-07T17:58:47.4847973Z       |                  ^~~~~~
2026-09-07T17:58:47.4848997Z /home/runner/work/PocketKrKr/PocketKrKr/cpp/plugins/psdfile/psdparse/psddata.h:157:18: warning: multi-character character constant [-Wmultichar]
2026-09-07T17:58:47.4850198Z   157 |             case 'fdiv':
2026-09-07T17:58:47.4850640Z       |                  ^~~~~~
2026-09-07T17:58:47.4851772Z /home/runner/work/PocketKrKr/PocketKrKr/cpp/plugins/psdfile/psdparse/psddata.h:159:18: warning: multi-character character constant [-Wmultichar]
2026-09-07T17:58:47.4852962Z   159 |             case 'hue ':
2026-09-07T17:58:47.4853386Z       |                  ^~~~~~
2026-09-07T17:58:47.4854480Z /home/runner/work/PocketKrKr/PocketKrKr/cpp/plugins/psdfile/psdparse/psddata.h:161:18: warning: multi-character character constant [-Wmultichar]
2026-09-07T17:58:47.4855880Z   161 |             case 'sat ':
2026-09-07T17:58:47.4856279Z       |                  ^~~~~~
2026-09-07T17:58:47.4857309Z /home/runner/work/PocketKrKr/PocketKrKr/cpp/plugins/psdfile/psdparse/psddata.h:163:18: warning: multi-character character constant [-Wmultichar]
2026-09-07T17:58:47.4858586Z   163 |             case 'colr':
2026-09-07T17:58:47.4859011Z       |                  ^~~~~~
2026-09-07T17:58:47.4860144Z /home/runner/work/PocketKrKr/PocketKrKr/cpp/plugins/psdfile/psdparse/psddata.h:165:18: warning: multi-character character constant [-Wmultichar]
2026-09-07T17:58:47.4861339Z   165 |             case 'lum ':
2026-09-07T17:58:47.4861763Z       |                  ^~~~~~
2026-09-07T17:58:47.4862876Z /home/runner/work/PocketKrKr/PocketKrKr/cpp/plugins/psdfile/psdparse/psddata.h:167:18: warning: multi-character character constant [-Wmultichar]
2026-09-07T17:58:47.4864065Z   167 |             case 'pass':
2026-09-07T17:58:47.4864492Z       |                  ^~~~~~
2026-09-07T17:58:47.4865432Z In file included from /home/runner/work/PocketKrKr/PocketKrKr/cpp/plugins/psdfile/psdparse/psdfile.h:3,
2026-09-07T17:58:47.4866648Z                  from /home/runner/work/PocketKrKr/PocketKrKr/cpp/plugins/psdfile/psdclass.h:9,
2026-09-07T17:58:47.4867760Z                  from /home/runner/work/PocketKrKr/PocketKrKr/cpp/plugins/psdfile/psdclass.cpp:4:
2026-09-07T17:58:47.4869921Z /home/runner/work/PocketKrKr/PocketKrKr/cpp/plugins/psdfile/psdparse/psddesc.h: In member function ‘virtual void psd::DescriptorReference::dump(int)’:
2026-09-07T17:58:47.4872998Z /home/runner/work/PocketKrKr/PocketKrKr/cpp/plugins/psdfile/psdparse/psddesc.h:234:20: warning: format ‘%d’ expects argument of type ‘int’, but argument 3 has type ‘std::vector<psd::ReferenceItem*>::size_type’ {aka ‘long unsigned int’} [-Wformat=]
2026-09-07T17:58:47.4874947Z   234 |             dprint("%s (count:%d)\n", typeName(), items.size());
2026-09-07T17:58:47.4906125Z       |                    ^~~~~~~~~~~~~~~~~              ~~~~~~~~~~~~
2026-09-07T17:58:47.4906680Z       |                                                             |
2026-09-07T17:58:47.4907511Z       |                                                             std::vector<psd::ReferenceItem*>::size_type {aka long unsigned int}
2026-09-07T17:58:47.4909155Z /home/runner/work/PocketKrKr/PocketKrKr/cpp/plugins/psdfile/psdparse/psdbase.h:7:28: note: in definition of macro ‘dprint’
2026-09-07T17:58:47.4910603Z     7 | #define dprint(...) printf(__VA_ARGS__);
2026-09-07T17:58:47.4911157Z       |                            ^~~~~~~~~~~
2026-09-07T17:58:47.4912101Z In file included from /home/runner/work/PocketKrKr/PocketKrKr/cpp/plugins/psdfile/psdparse/psddata.h:5,
2026-09-07T17:58:47.4913390Z                  from /home/runner/work/PocketKrKr/PocketKrKr/cpp/plugins/psdfile/psdparse/psdfile.h:4,
2026-09-07T17:58:47.4914762Z                  from /home/runner/work/PocketKrKr/PocketKrKr/cpp/plugins/psdfile/psdclass.h:9,
2026-09-07T17:58:47.4916110Z                  from /home/runner/work/PocketKrKr/PocketKrKr/cpp/plugins/psdfile/psdclass.cpp:4:
2026-09-07T17:58:47.4917532Z /home/runner/work/PocketKrKr/PocketKrKr/cpp/plugins/psdfile/psdparse/psddesc.h:234:32: note: format string is defined here
2026-09-07T17:58:47.4918674Z   234 |             dprint("%s (count:%d)\n", typeName(), items.size());
2026-09-07T17:58:47.4919262Z       |                               ~^
2026-09-07T17:58:47.4919703Z       |                                |
2026-09-07T17:58:47.4920157Z       |                                int
2026-09-07T17:58:47.4920602Z       |                               %ld
2026-09-07T17:58:47.4921451Z In file included from /home/runner/work/PocketKrKr/PocketKrKr/cpp/plugins/psdfile/psdparse/psdfile.h:3,
2026-09-07T17:58:47.4922607Z                  from /home/runner/work/PocketKrKr/PocketKrKr/cpp/plugins/psdfile/psdclass.h:9,
2026-09-07T17:58:47.4923641Z                  from /home/runner/work/PocketKrKr/PocketKrKr/cpp/plugins/psdfile/psdclass.cpp:4:
2026-09-07T17:58:47.4925737Z /home/runner/work/PocketKrKr/PocketKrKr/cpp/plugins/psdfile/psdparse/psddesc.h: In member function ‘virtual void psd::DescriptorList::dump(int)’:
2026-09-07T17:58:47.4928665Z /home/runner/work/PocketKrKr/PocketKrKr/cpp/plugins/psdfile/psdparse/psddesc.h:253:20: warning: format ‘%d’ expects argument of type ‘int’, but argument 3 has type ‘std::vector<psd::DescriptorItem*>::size_type’ {aka ‘long unsigned int’} [-Wformat=]
2026-09-07T17:58:47.4930571Z   253 |             dprint("%s (count:%d)\n", typeName(), items.size());
2026-09-07T17:58:47.4931222Z       |                    ^~~~~~~~~~~~~~~~~              ~~~~~~~~~~~~
2026-09-07T17:58:47.4931799Z       |                                                             |
2026-09-07T17:58:47.4932634Z       |                                                             std::vector<psd::DescriptorItem*>::size_type {aka long unsigned int}
2026-09-07T17:58:47.4934151Z /home/runner/work/PocketKrKr/PocketKrKr/cpp/plugins/psdfile/psdparse/psdbase.h:7:28: note: in definition of macro ‘dprint’
2026-09-07T17:58:47.4965568Z     7 | #define dprint(...) printf(__VA_ARGS__);
2026-09-07T17:58:47.4966173Z       |                            ^~~~~~~~~~~
2026-09-07T17:58:47.4967001Z In file included from /home/runner/work/PocketKrKr/PocketKrKr/cpp/plugins/psdfile/psdparse/psddata.h:5,
2026-09-07T17:58:47.4968238Z                  from /home/runner/work/PocketKrKr/PocketKrKr/cpp/plugins/psdfile/psdparse/psdfile.h:4,
2026-09-07T17:58:47.4969297Z                  from /home/runner/work/PocketKrKr/PocketKrKr/cpp/plugins/psdfile/psdclass.h:9,
2026-09-07T17:58:47.4970373Z                  from /home/runner/work/PocketKrKr/PocketKrKr/cpp/plugins/psdfile/psdclass.cpp:4:
2026-09-07T17:58:47.4971618Z /home/runner/work/PocketKrKr/PocketKrKr/cpp/plugins/psdfile/psdparse/psddesc.h:253:32: note: format string is defined here
2026-09-07T17:58:47.4972775Z   253 |             dprint("%s (count:%d)\n", typeName(), items.size());
2026-09-07T17:58:47.4973373Z       |                               ~^
2026-09-07T17:58:47.4973796Z       |                                |
2026-09-07T17:58:47.4974200Z       |                                int
2026-09-07T17:58:47.4974654Z       |                               %ld
2026-09-07T17:58:47.4975723Z In file included from /home/runner/work/PocketKrKr/PocketKrKr/cpp/plugins/psdfile/psdclass.h:10,
2026-09-07T17:58:47.4976799Z                  from /home/runner/work/PocketKrKr/PocketKrKr/cpp/plugins/psdfile/psdclass.cpp:4:
2026-09-07T17:58:47.4979180Z /home/runner/work/PocketKrKr/PocketKrKr/cpp/core/plugin/ncbind.hpp: In static member function ‘static ncbTypeConvertor::Conversion<FROM, TO>::OK ncbTypeConvertor::Conversion<FROM, TO>::check(TO)’:
2026-09-07T17:58:47.4981233Z /home/runner/work/PocketKrKr/PocketKrKr/cpp/core/plugin/ncbind.hpp:244:38: warning: no return statement in function returning non-void [-Wreturn-type]
2026-09-07T17:58:47.4982693Z   244 |                 static OK check(TO) {};
2026-09-07T17:58:47.4983203Z       |                                      ^
2026-09-07T17:58:47.4984059Z [379/741] Building CXX object cpp/plugins/motionplayer/CMakeFiles/motionplayer.dir/__/psbfile/PSBValue.cpp.o
2026-09-07T17:58:49.0378180Z [380/741] Building CXX object cpp/plugins/motionplayer/CMakeFiles/motionplayer.dir/__/psdfile/psdclass_loadstreambase.cpp.o
2026-09-07T17:58:49.0416420Z In file included from /home/runner/work/PocketKrKr/PocketKrKr/cpp/plugins/psdfile/psdparse/psddata.h:5,
2026-09-07T17:58:49.0418032Z                  from /home/runner/work/PocketKrKr/PocketKrKr/cpp/plugins/psdfile/psdparse/psdfile.h:4,
2026-09-07T17:58:49.0446639Z                  from /home/runner/work/PocketKrKr/PocketKrKr/cpp/plugins/psdfile/psdclass.h:9,
2026-09-07T17:58:49.0476290Z                  from /home/runner/work/PocketKrKr/PocketKrKr/cpp/plugins/psdfile/psdclass_loadstreambase.cpp:4:
2026-09-07T17:58:49.0506569Z /home/runner/work/PocketKrKr/PocketKrKr/cpp/plugins/psdfile/psdparse/psddesc.h:17:26: warning: multi-character character constant [-Wmultichar]
2026-09-07T17:58:49.0515797Z    17 |         TYPE_REFERENCE = 'obj ',
2026-09-07T17:58:49.0535921Z       |                          ^~~~~~
2026-09-07T17:58:49.0566640Z /home/runner/work/PocketKrKr/PocketKrKr/cpp/plugins/psdfile/psdparse/psddesc.h:18:27: warning: multi-character character constant [-Wmultichar]
2026-09-07T17:58:49.0595924Z    18 |         TYPE_DESCRIPTOR = 'Objc',
2026-09-07T17:58:49.0596700Z       |                           ^~~~~~
2026-09-07T17:58:49.0626600Z /home/runner/work/PocketKrKr/PocketKrKr/cpp/plugins/psdfile/psdparse/psddesc.h:19:21: warning: multi-character character constant [-Wmultichar]
2026-09-07T17:58:49.0655828Z    19 |         TYPE_LIST = 'VlLs',
2026-09-07T17:58:49.0686074Z       |                     ^~~~~~
2026-09-07T17:58:49.0698610Z /home/runner/work/PocketKrKr/PocketKrKr/cpp/plugins/psdfile/psdparse/psddesc.h:20:23: warning: multi-character character constant [-Wmultichar]
2026-09-07T17:58:49.0700127Z    20 |         TYPE_DOUBLE = 'doub',
2026-09-07T17:58:49.0700744Z       |                       ^~~~~~
2026-09-07T17:58:49.0701958Z /home/runner/work/PocketKrKr/PocketKrKr/cpp/plugins/psdfile/psdparse/psddesc.h:21:27: warning: multi-character character constant [-Wmultichar]
2026-09-07T17:58:49.0703299Z    21 |         TYPE_UNIT_FLOAT = 'UntF',
2026-09-07T17:58:49.0703947Z       |                           ^~~~~~
2026-09-07T17:58:49.0705566Z /home/runner/work/PocketKrKr/PocketKrKr/cpp/plugins/psdfile/psdparse/psddesc.h:22:23: warning: multi-character character constant [-Wmultichar]
2026-09-07T17:58:49.0706987Z    22 |         TYPE_STRING = 'TEXT',
2026-09-07T17:58:49.0707611Z       |                       ^~~~~~
2026-09-07T17:58:49.0708893Z /home/runner/work/PocketKrKr/PocketKrKr/cpp/plugins/psdfile/psdparse/psddesc.h:23:27: warning: multi-character character constant [-Wmultichar]
2026-09-07T17:58:49.0710341Z    23 |         TYPE_ENUMERATED = 'enum',
2026-09-07T17:58:49.0710996Z       |                           ^~~~~~
2026-09-07T17:58:49.0712325Z /home/runner/work/PocketKrKr/PocketKrKr/cpp/plugins/psdfile/psdparse/psddesc.h:24:24: warning: multi-character character constant [-Wmultichar]
2026-09-07T17:58:49.0713836Z    24 |         TYPE_INTEGER = 'long',
2026-09-07T17:58:49.0714495Z       |                        ^~~~~~
2026-09-07T17:58:49.0716106Z /home/runner/work/PocketKrKr/PocketKrKr/cpp/plugins/psdfile/psdparse/psddesc.h:25:24: warning: multi-character character constant [-Wmultichar]
2026-09-07T17:58:49.0717537Z    25 |         TYPE_BOOLEAN = 'bool',
2026-09-07T17:58:49.0718500Z       |                        ^~~~~~
2026-09-07T17:58:49.0719914Z /home/runner/work/PocketKrKr/PocketKrKr/cpp/plugins/psdfile/psdparse/psddesc.h:26:30: warning: multi-character character constant [-Wmultichar]
2026-09-07T17:58:49.0721298Z    26 |         TYPE_GLOBAL_OBJECT = 'GlbO',
2026-09-07T17:58:49.0722149Z       |                              ^~~~~~
2026-09-07T17:58:49.0723232Z /home/runner/work/PocketKrKr/PocketKrKr/cpp/plugins/psdfile/psdparse/psddesc.h:27:23: warning: multi-character character constant [-Wmultichar]
2026-09-07T17:58:49.0724577Z    27 |         TYPE_CLASS1 = 'type',
2026-09-07T17:58:49.0725157Z       |                       ^~~~~~
2026-09-07T17:58:49.0726797Z /home/runner/work/PocketKrKr/PocketKrKr/cpp/plugins/psdfile/psdparse/psddesc.h:28:23: warning: multi-character character constant [-Wmultichar]
2026-09-07T17:58:49.0728206Z    28 |         TYPE_CLASS2 = 'GlbC',
2026-09-07T17:58:49.0728865Z       |                       ^~~~~~
2026-09-07T17:58:49.0730205Z /home/runner/work/PocketKrKr/PocketKrKr/cpp/plugins/psdfile/psdparse/psddesc.h:29:22: warning: multi-character character constant [-Wmultichar]
2026-09-07T17:58:49.0731616Z    29 |         TYPE_ALIAS = 'alis',
2026-09-07T17:58:49.0732262Z       |                      ^~~~~~
2026-09-07T17:58:49.0733596Z /home/runner/work/PocketKrKr/PocketKrKr/cpp/plugins/psdfile/psdparse/psddesc.h:30:25: warning: multi-character character constant [-Wmultichar]
2026-09-07T17:58:49.0735019Z    30 |         TYPE_RAW_DATA = 'tdta',
2026-09-07T17:58:49.0735930Z       |                         ^~~~~~
2026-09-07T17:58:49.0737289Z /home/runner/work/PocketKrKr/PocketKrKr/cpp/plugins/psdfile/psdparse/psddesc.h:34:23: warning: multi-character character constant [-Wmultichar]
2026-09-07T17:58:49.0738687Z    34 |         UNIT_POINTS = '#Pnt',
2026-09-07T17:58:49.0739318Z       |                       ^~~~~~
2026-09-07T17:58:49.0740667Z /home/runner/work/PocketKrKr/PocketKrKr/cpp/plugins/psdfile/psdparse/psddesc.h:35:28: warning: multi-character character constant [-Wmultichar]
2026-09-07T17:58:49.0742130Z    35 |         UNIT_MILLIMETERS = '#Mlm',
2026-09-07T17:58:49.0742792Z       |                            ^~~~~~
2026-09-07T17:58:49.0744243Z /home/runner/work/PocketKrKr/PocketKrKr/cpp/plugins/psdfile/psdparse/psddesc.h:36:22: warning: multi-character character constant [-Wmultichar]
2026-09-07T17:58:49.0745925Z    36 |         UNIT_ANGLE = '#Ang', // degrees
2026-09-07T17:58:49.0746570Z       |                      ^~~~~~
2026-09-07T17:58:49.0747750Z /home/runner/work/PocketKrKr/PocketKrKr/cpp/plugins/psdfile/psdparse/psddesc.h:37:24: warning: multi-character character constant [-Wmultichar]
2026-09-07T17:58:49.0749178Z    37 |         UNIT_DENSITY = '#Rsl', // base per inch
2026-09-07T17:58:49.0749863Z       |                        ^~~~~~
2026-09-07T17:58:49.0751174Z /home/runner/work/PocketKrKr/PocketKrKr/cpp/plugins/psdfile/psdparse/psddesc.h:38:25: warning: multi-character character constant [-Wmultichar]
2026-09-07T17:58:49.0752631Z    38 |         UNIT_DISTANCE = '#Rlt', // base 72ppi
2026-09-07T17:58:49.0753322Z       |                         ^~~~~~
2026-09-07T17:58:49.0754642Z /home/runner/work/PocketKrKr/PocketKrKr/cpp/plugins/psdfile/psdparse/psddesc.h:39:21: warning: multi-character character constant [-Wmultichar]
2026-09-07T17:58:49.0756292Z    39 |         UNIT_NONE = '#Nne',
2026-09-07T17:58:49.0756893Z       |                     ^~~~~~
2026-09-07T17:58:49.0758183Z /home/runner/work/PocketKrKr/PocketKrKr/cpp/plugins/psdfile/psdparse/psddesc.h:40:24: warning: multi-character character constant [-Wmultichar]
2026-09-07T17:58:49.0759493Z    40 |         UNIT_PERCENT = '#Prc',
2026-09-07T17:58:49.0760080Z       |                        ^~~~~~
2026-09-07T17:58:49.0761337Z /home/runner/work/PocketKrKr/PocketKrKr/cpp/plugins/psdfile/psdparse/psddesc.h:41:23: warning: multi-character character constant [-Wmultichar]
2026-09-07T17:58:49.0762740Z    41 |         UNIT_PIXELS = '#Pxl',
2026-09-07T17:58:49.0763314Z       |                       ^~~~~~
2026-09-07T17:58:49.0764850Z /home/runner/work/PocketKrKr/PocketKrKr/cpp/plugins/psdfile/psdparse/psddesc.h:46:29: warning: multi-character character constant [-Wmultichar]
2026-09-07T17:58:49.0767000Z    46 |         REF_TYPE_PROPERTY = 'prop',
2026-09-07T17:58:49.0767635Z       |                             ^~~~~~
2026-09-07T17:58:49.0769179Z /home/runner/work/PocketKrKr/PocketKrKr/cpp/plugins/psdfile/psdparse/psddesc.h:47:26: warning: multi-character character constant [-Wmultichar]
2026-09-07T17:58:49.0770525Z    47 |         REF_TYPE_CLASS = 'Clss',
2026-09-07T17:58:49.0771140Z       |                          ^~~~~~
2026-09-07T17:58:49.0772427Z /home/runner/work/PocketKrKr/PocketKrKr/cpp/plugins/psdfile/psdparse/psddesc.h:48:29: warning: multi-character character constant [-Wmultichar]
2026-09-07T17:58:49.0773759Z    48 |         REF_TYPE_ENUM_REF = 'Enmr',
2026-09-07T17:58:49.0774386Z       |                             ^~~~~~
2026-09-07T17:58:49.0775864Z /home/runner/work/PocketKrKr/PocketKrKr/cpp/plugins/psdfile/psdparse/psddesc.h:49:27: warning: multi-character character constant [-Wmultichar]
2026-09-07T17:58:49.0777217Z    49 |         REF_TYPE_OFFSET = 'rele',
2026-09-07T17:58:49.0777854Z       |                           ^~~~~~
2026-09-07T17:58:49.0779181Z /home/runner/work/PocketKrKr/PocketKrKr/cpp/plugins/psdfile/psdparse/psddesc.h:50:31: warning: multi-character character constant [-Wmultichar]
2026-09-07T17:58:49.0780631Z    50 |         REF_TYPE_IDENTIFIER = 'Idnt',
2026-09-07T17:58:49.0781304Z       |                               ^~~~~~
2026-09-07T17:58:49.0782660Z /home/runner/work/PocketKrKr/PocketKrKr/cpp/plugins/psdfile/psdparse/psddesc.h:51:26: warning: multi-character character constant [-Wmultichar]
2026-09-07T17:58:49.0784070Z    51 |         REF_TYPE_INDEX = 'indx',
2026-09-07T17:58:49.0784713Z       |                          ^~~~~~
2026-09-07T17:58:49.0786282Z /home/runner/work/PocketKrKr/PocketKrKr/cpp/plugins/psdfile/psdparse/psddesc.h:52:25: warning: multi-character character constant [-Wmultichar]
2026-09-07T17:58:49.0787700Z    52 |         REF_TYPE_NAME = 'name',
2026-09-07T17:58:49.0788354Z       |                         ^~~~~~
2026-09-07T17:58:49.0789457Z In file included from /home/runner/work/PocketKrKr/PocketKrKr/cpp/plugins/psdfile/psdparse/psdfile.h:4,
2026-09-07T17:58:49.0790902Z                  from /home/runner/work/PocketKrKr/PocketKrKr/cpp/plugins/psdfile/psdclass.h:9,
2026-09-07T17:58:49.0792307Z                  from /home/runner/work/PocketKrKr/PocketKrKr/cpp/plugins/psdfile/psdclass_loadstreambase.cpp:4:
2026-09-07T17:58:49.0794124Z /home/runner/work/PocketKrKr/PocketKrKr/cpp/plugins/psdfile/psdparse/psddata.h:113:18: warning: multi-character character constant [-Wmultichar]
2026-09-07T17:58:49.0795762Z   113 |             case 'norm':
2026-09-07T17:58:49.0796388Z       |                  ^~~~~~
2026-09-07T17:58:49.0797704Z /home/runner/work/PocketKrKr/PocketKrKr/cpp/plugins/psdfile/psdparse/psddata.h:115:18: warning: multi-character character constant [-Wmultichar]
2026-09-07T17:58:49.0799082Z   115 |             case 'diss':
2026-09-07T17:58:49.0799684Z       |                  ^~~~~~
2026-09-07T17:58:49.0801004Z /home/runner/work/PocketKrKr/PocketKrKr/cpp/plugins/psdfile/psdparse/psddata.h:117:18: warning: multi-character character constant [-Wmultichar]
2026-09-07T17:58:49.0802400Z   117 |             case 'dark':
2026-09-07T17:58:49.0802986Z       |                  ^~~~~~
2026-09-07T17:58:49.0804303Z /home/runner/work/PocketKrKr/PocketKrKr/cpp/plugins/psdfile/psdparse/psddata.h:119:18: warning: multi-character character constant [-Wmultichar]
2026-09-07T17:58:49.0805966Z   119 |             case 'mul ':
2026-09-07T17:58:49.0806567Z       |                  ^~~~~~
2026-09-07T17:58:49.0808020Z /home/runner/work/PocketKrKr/PocketKrKr/cpp/plugins/psdfile/psdparse/psddata.h:121:18: warning: multi-character character constant [-Wmultichar]
2026-09-07T17:58:49.0809432Z   121 |             case 'idiv':
2026-09-07T17:58:49.0810011Z       |                  ^~~~~~
2026-09-07T17:58:49.0811531Z /home/runner/work/PocketKrKr/PocketKrKr/cpp/plugins/psdfile/psdparse/psddata.h:123:18: warning: multi-character character constant [-Wmultichar]
2026-09-07T17:58:49.0812943Z   123 |             case 'lbrn':
2026-09-07T17:58:49.0813633Z       |                  ^~~~~~
2026-09-07T17:58:49.0815441Z /home/runner/work/PocketKrKr/PocketKrKr/cpp/plugins/psdfile/psdparse/psddata.h:125:18: warning: multi-character character constant [-Wmultichar]
2026-09-07T17:58:49.0816729Z   125 |             case 'dkCl':
2026-09-07T17:58:49.0817338Z       |                  ^~~~~~
2026-09-07T17:58:49.0818626Z /home/runner/work/PocketKrKr/PocketKrKr/cpp/plugins/psdfile/psdparse/psddata.h:127:18: warning: multi-character character constant [-Wmultichar]
2026-09-07T17:58:49.0820046Z   127 |             case 'lite':
2026-09-07T17:58:49.0820647Z       |                  ^~~~~~
2026-09-07T17:58:49.0821936Z /home/runner/work/PocketKrKr/PocketKrKr/cpp/plugins/psdfile/psdparse/psddata.h:129:18: warning: multi-character character constant [-Wmultichar]
2026-09-07T17:58:49.0823323Z   129 |             case 'scrn':
2026-09-07T17:58:49.0823901Z       |                  ^~~~~~
2026-09-07T17:58:49.0825456Z /home/runner/work/PocketKrKr/PocketKrKr/cpp/plugins/psdfile/psdparse/psddata.h:131:18: warning: multi-character character constant [-Wmultichar]
2026-09-07T17:58:49.0826876Z   131 |             case 'div ':
2026-09-07T17:58:49.0827473Z       |                  ^~~~~~
2026-09-07T17:58:49.0828765Z /home/runner/work/PocketKrKr/PocketKrKr/cpp/plugins/psdfile/psdparse/psddata.h:133:18: warning: multi-character character constant [-Wmultichar]
2026-09-07T17:58:49.0830171Z   133 |             case 'lddg':
2026-09-07T17:58:49.0830751Z       |                  ^~~~~~
2026-09-07T17:58:49.0832059Z /home/runner/work/PocketKrKr/PocketKrKr/cpp/plugins/psdfile/psdparse/psddata.h:135:18: warning: multi-character character constant [-Wmultichar]
2026-09-07T17:58:49.0833456Z   135 |             case 'ltCl':
2026-09-07T17:58:49.0834046Z       |                  ^~~~~~
2026-09-07T17:58:49.0835633Z /home/runner/work/PocketKrKr/PocketKrKr/cpp/plugins/psdfile/psdparse/psddata.h:137:18: warning: multi-character character constant [-Wmultichar]
2026-09-07T17:58:49.0837010Z   137 |             case 'over':
2026-09-07T17:58:49.0837545Z       |                  ^~~~~~
2026-09-07T17:58:49.0838917Z /home/runner/work/PocketKrKr/PocketKrKr/cpp/plugins/psdfile/psdparse/psddata.h:139:18: warning: multi-character character constant [-Wmultichar]
2026-09-07T17:58:49.0840257Z   139 |             case 'sLit':
2026-09-07T17:58:49.0840829Z       |                  ^~~~~~
2026-09-07T17:58:49.0842092Z /home/runner/work/PocketKrKr/PocketKrKr/cpp/plugins/psdfile/psdparse/psddata.h:141:18: warning: multi-character character constant [-Wmultichar]
2026-09-07T17:58:49.0843525Z   141 |             case 'hLit':
2026-09-07T17:58:49.0844084Z       |                  ^~~~~~
2026-09-07T17:58:49.0845671Z /home/runner/work/PocketKrKr/PocketKrKr/cpp/plugins/psdfile/psdparse/psddata.h:143:18: warning: multi-character character constant [-Wmultichar]
2026-09-07T17:58:49.0847025Z   143 |             case 'vLit':
2026-09-07T17:58:49.0847603Z       |                  ^~~~~~
2026-09-07T17:58:49.0848888Z /home/runner/work/PocketKrKr/PocketKrKr/cpp/plugins/psdfile/psdparse/psddata.h:145:18: warning: multi-character character constant [-Wmultichar]
2026-09-07T17:58:49.0850260Z   145 |             case 'lLit':
2026-09-07T17:58:49.0850866Z       |                  ^~~~~~
2026-09-07T17:58:49.0852125Z /home/runner/work/PocketKrKr/PocketKrKr/cpp/plugins/psdfile/psdparse/psddata.h:147:18: warning: multi-character character constant [-Wmultichar]
2026-09-07T17:58:49.0853524Z   147 |             case 'pLit':
2026-09-07T17:58:49.0854136Z       |                  ^~~~~~
2026-09-07T17:58:49.0855700Z /home/runner/work/PocketKrKr/PocketKrKr/cpp/plugins/psdfile/psdparse/psddata.h:149:18: warning: multi-character character constant [-Wmultichar]
2026-09-07T17:58:49.0857122Z   149 |             case 'hMix':
2026-09-07T17:58:49.0857981Z       |                  ^~~~~~
2026-09-07T17:58:49.0859312Z /home/runner/work/PocketKrKr/PocketKrKr/cpp/plugins/psdfile/psdparse/psddata.h:151:18: warning: multi-character character constant [-Wmultichar]
2026-09-07T17:58:49.0860762Z   151 |             case 'diff':
2026-09-07T17:58:49.0861694Z       |                  ^~~~~~
2026-09-07T17:58:49.0863006Z /home/runner/work/PocketKrKr/PocketKrKr/cpp/plugins/psdfile/psdparse/psddata.h:153:18: warning: multi-character character constant [-Wmultichar]
2026-09-07T17:58:49.0864426Z   153 |             case 'smud':
2026-09-07T17:58:49.0865004Z       |                  ^~~~~~
2026-09-07T17:58:49.0866586Z /home/runner/work/PocketKrKr/PocketKrKr/cpp/plugins/psdfile/psdparse/psddata.h:155:18: warning: multi-character character constant [-Wmultichar]
2026-09-07T17:58:49.0867960Z   155 |             case 'fsub':
2026-09-07T17:58:49.0868554Z       |                  ^~~~~~
2026-09-07T17:58:49.0869870Z /home/runner/work/PocketKrKr/PocketKrKr/cpp/plugins/psdfile/psdparse/psddata.h:157:18: warning: multi-character character constant [-Wmultichar]
2026-09-07T17:58:49.0871257Z   157 |             case 'fdiv':
2026-09-07T17:58:49.0871834Z       |                  ^~~~~~
2026-09-07T17:58:49.0873151Z /home/runner/work/PocketKrKr/PocketKrKr/cpp/plugins/psdfile/psdparse/psddata.h:159:18: warning: multi-character character constant [-Wmultichar]
2026-09-07T17:58:49.0874538Z   159 |             case 'hue ':
2026-09-07T17:58:49.0875130Z       |                  ^~~~~~
2026-09-07T17:58:49.0876826Z /home/runner/work/PocketKrKr/PocketKrKr/cpp/plugins/psdfile/psdparse/psddata.h:161:18: warning: multi-character character constant [-Wmultichar]
2026-09-07T17:58:49.0878211Z   161 |             case 'sat ':
2026-09-07T17:58:49.0878812Z       |                  ^~~~~~
2026-09-07T17:58:49.0880118Z /home/runner/work/PocketKrKr/PocketKrKr/cpp/plugins/psdfile/psdparse/psddata.h:163:18: warning: multi-character character constant [-Wmultichar]
2026-09-07T17:58:49.0881559Z   163 |             case 'colr':
2026-09-07T17:58:49.0882160Z       |                  ^~~~~~
2026-09-07T17:58:49.0883389Z /home/runner/work/PocketKrKr/PocketKrKr/cpp/plugins/psdfile/psdparse/psddata.h:165:18: warning: multi-character character constant [-Wmultichar]
2026-09-07T17:58:49.0884777Z   165 |             case 'lum ':
2026-09-07T17:58:49.0885632Z       |                  ^~~~~~
2026-09-07T17:58:49.0886948Z /home/runner/work/PocketKrKr/PocketKrKr/cpp/plugins/psdfile/psdparse/psddata.h:167:18: warning: multi-character character constant [-Wmultichar]
2026-09-07T17:58:49.0888355Z   167 |             case 'pass':
2026-09-07T17:58:49.0888948Z       |                  ^~~~~~
2026-09-07T17:58:49.0889967Z In file included from /home/runner/work/PocketKrKr/PocketKrKr/cpp/plugins/psdfile/psdparse/psdfile.h:3,
2026-09-07T17:58:49.0891371Z                  from /home/runner/work/PocketKrKr/PocketKrKr/cpp/plugins/psdfile/psdclass.h:9,
2026-09-07T17:58:49.0892790Z                  from /home/runner/work/PocketKrKr/PocketKrKr/cpp/plugins/psdfile/psdclass_loadstreambase.cpp:4:
2026-09-07T17:58:49.0895488Z /home/runner/work/PocketKrKr/PocketKrKr/cpp/plugins/psdfile/psdparse/psddesc.h: In member function ‘virtual void psd::DescriptorReference::dump(int)’:
2026-09-07T17:58:49.0898781Z /home/runner/work/PocketKrKr/PocketKrKr/cpp/plugins/psdfile/psdparse/psddesc.h:234:20: warning: format ‘%d’ expects argument of type ‘int’, but argument 3 has type ‘std::vector<psd::ReferenceItem*>::size_type’ {aka ‘long unsigned int’} [-Wformat=]
2026-09-07T17:58:49.0901120Z   234 |             dprint("%s (count:%d)\n", typeName(), items.size());
2026-09-07T17:58:49.0901963Z       |                    ^~~~~~~~~~~~~~~~~              ~~~~~~~~~~~~
2026-09-07T17:58:49.0902726Z       |                                                             |
2026-09-07T17:58:49.0903749Z       |                                                             std::vector<psd::ReferenceItem*>::size_type {aka long unsigned int}
2026-09-07T17:58:49.0906021Z /home/runner/work/PocketKrKr/PocketKrKr/cpp/plugins/psdfile/psdparse/psdbase.h:7:28: note: in definition of macro ‘dprint’
2026-09-07T17:58:49.0907436Z     7 | #define dprint(...) printf(__VA_ARGS__);
2026-09-07T17:58:49.0908144Z       |                            ^~~~~~~~~~~
2026-09-07T17:58:49.0909231Z In file included from /home/runner/work/PocketKrKr/PocketKrKr/cpp/plugins/psdfile/psdparse/psddata.h:5,
2026-09-07T17:58:49.0911025Z                  from /home/runner/work/PocketKrKr/PocketKrKr/cpp/plugins/psdfile/psdparse/psdfile.h:4,
2026-09-07T17:58:49.0912401Z                  from /home/runner/work/PocketKrKr/PocketKrKr/cpp/plugins/psdfile/psdclass.h:9,
2026-09-07T17:58:49.0913914Z                  from /home/runner/work/PocketKrKr/PocketKrKr/cpp/plugins/psdfile/psdclass_loadstreambase.cpp:4:
2026-09-07T17:58:49.0915761Z /home/runner/work/PocketKrKr/PocketKrKr/cpp/plugins/psdfile/psdparse/psddesc.h:234:32: note: format string is defined here
2026-09-07T17:58:49.0917154Z   234 |             dprint("%s (count:%d)\n", typeName(), items.size());
2026-09-07T17:58:49.0917863Z       |                               ~^
2026-09-07T17:58:49.0918394Z       |                                |
2026-09-07T17:58:49.0918957Z       |                                int
2026-09-07T17:58:49.0919589Z       |                               %ld
2026-09-07T17:58:49.0920647Z In file included from /home/runner/work/PocketKrKr/PocketKrKr/cpp/plugins/psdfile/psdparse/psdfile.h:3,
2026-09-07T17:58:49.0922002Z                  from /home/runner/work/PocketKrKr/PocketKrKr/cpp/plugins/psdfile/psdclass.h:9,
2026-09-07T17:58:49.0923309Z                  from /home/runner/work/PocketKrKr/PocketKrKr/cpp/plugins/psdfile/psdclass_loadstreambase.cpp:4:
2026-09-07T17:58:49.0925772Z /home/runner/work/PocketKrKr/PocketKrKr/cpp/plugins/psdfile/psdparse/psddesc.h: In member function ‘virtual void psd::DescriptorList::dump(int)’:
2026-09-07T17:58:49.0929002Z /home/runner/work/PocketKrKr/PocketKrKr/cpp/plugins/psdfile/psdparse/psddesc.h:253:20: warning: format ‘%d’ expects argument of type ‘int’, but argument 3 has type ‘std::vector<psd::DescriptorItem*>::size_type’ {aka ‘long unsigned int’} [-Wformat=]
2026-09-07T17:58:49.0931164Z   253 |             dprint("%s (count:%d)\n", typeName(), items.size());
2026-09-07T17:58:49.0932012Z       |                    ^~~~~~~~~~~~~~~~~              ~~~~~~~~~~~~
2026-09-07T17:58:49.0932831Z       |                                                             |
2026-09-07T17:58:49.0933887Z       |                                                             std::vector<psd::DescriptorItem*>::size_type {aka long unsigned int}
2026-09-07T17:58:49.0936052Z /home/runner/work/PocketKrKr/PocketKrKr/cpp/plugins/psdfile/psdparse/psdbase.h:7:28: note: in definition of macro ‘dprint’
2026-09-07T17:58:49.0937426Z     7 | #define dprint(...) printf(__VA_ARGS__);
2026-09-07T17:58:49.0938136Z       |                            ^~~~~~~~~~~
2026-09-07T17:58:49.0939203Z In file included from /home/runner/work/PocketKrKr/PocketKrKr/cpp/plugins/psdfile/psdparse/psddata.h:5,
2026-09-07T17:58:49.0940687Z                  from /home/runner/work/PocketKrKr/PocketKrKr/cpp/plugins/psdfile/psdparse/psdfile.h:4,
2026-09-07T17:58:49.0942049Z                  from /home/runner/work/PocketKrKr/PocketKrKr/cpp/plugins/psdfile/psdclass.h:9,
2026-09-07T17:58:49.0943475Z                  from /home/runner/work/PocketKrKr/PocketKrKr/cpp/plugins/psdfile/psdclass_loadstreambase.cpp:4:
2026-09-07T17:58:49.0945432Z /home/runner/work/PocketKrKr/PocketKrKr/cpp/plugins/psdfile/psdparse/psddesc.h:253:32: note: format string is defined here
2026-09-07T17:58:49.0946870Z   253 |             dprint("%s (count:%d)\n", typeName(), items.size());
2026-09-07T17:58:49.0947675Z       |                               ~^
2026-09-07T17:58:49.0948335Z       |                                |
2026-09-07T17:58:49.0948976Z       |                                int
2026-09-07T17:58:49.0949603Z       |                               %ld
2026-09-07T17:58:49.0950868Z In file included from /home/runner/work/PocketKrKr/PocketKrKr/cpp/plugins/psdfile/psdclass.h:10,
2026-09-07T17:58:49.0952403Z                  from /home/runner/work/PocketKrKr/PocketKrKr/cpp/plugins/psdfile/psdclass_loadstreambase.cpp:4:
2026-09-07T17:58:49.0954936Z /home/runner/work/PocketKrKr/PocketKrKr/cpp/core/plugin/ncbind.hpp: In static member function ‘static ncbTypeConvertor::Conversion<FROM, TO>::OK ncbTypeConvertor::Conversion<FROM, TO>::check(TO)’:
2026-09-07T17:58:49.0957925Z /home/runner/work/PocketKrKr/PocketKrKr/cpp/core/plugin/ncbind.hpp:244:38: warning: no return statement in function returning non-void [-Wreturn-type]
2026-09-07T17:58:49.0959447Z   244 |                 static OK check(TO) {};
2026-09-07T17:58:49.0960147Z       |                                      ^
2026-09-07T17:58:49.0961263Z [381/741] Building CXX object cpp/plugins/motionplayer/CMakeFiles/motionplayer.dir/__/psbfile/PSBMedia.cpp.o
2026-09-07T17:58:49.1066844Z [382/741] Building CXX object cpp/plugins/motionplayer/CMakeFiles/motionplayer.dir/__/psbfile/types/PimgType.cpp.o
2026-09-07T17:58:49.1328781Z [383/741] Building CXX object cpp/plugins/motionplayer/CMakeFiles/motionplayer.dir/__/psbfile/types/MotionType.cpp.o
2026-09-07T17:58:49.1539498Z [384/741] Building CXX object cpp/plugins/motionplayer/CMakeFiles/motionplayer.dir/__/psbfile/types/ScnType.cpp.o
2026-09-07T17:58:49.1729974Z [385/741] Building CXX object cpp/plugins/motionplayer/CMakeFiles/motionplayer.dir/__/psbfile/types/ImageType.cpp.o
2026-09-07T17:58:49.1923407Z [386/741] Building CXX object cpp/plugins/motionplayer/CMakeFiles/motionplayer.dir/__/psbfile/types/MmoType.cpp.o
2026-09-07T17:58:49.2113355Z [387/741] Building CXX object cpp/plugins/motionplayer/CMakeFiles/motionplayer.dir/__/psbfile/types/ArchiveType.cpp.o
2026-09-07T17:58:49.2305453Z [388/741] Building CXX object cpp/plugins/motionplayer/CMakeFiles/motionplayer.dir/__/psbfile/types/SoundArchiveType.cpp.o
2026-09-07T17:58:49.2675493Z [389/741] Building CXX object cpp/plugins/motionplayer/CMakeFiles/motionplayer.dir/__/psbfile/resources/ImageMetadata.cpp.o
2026-09-07T17:58:50.4066625Z [390/741] Building CXX object cpp/plugins/motionplayer/CMakeFiles/motionplayer.dir/__/psbfile/main.cpp.o
2026-09-07T17:58:50.4067848Z In file included from /home/runner/work/PocketKrKr/PocketKrKr/cpp/plugins/psbfile/main.cpp:11:
2026-09-07T17:58:50.4127513Z /home/runner/work/PocketKrKr/PocketKrKr/cpp/core/plugin/ncbind.hpp: In static member function ‘static ncbTypeConvertor::Conversion<FROM, TO>::OK ncbTypeConvertor::Conversion<FROM, TO>::check(TO)’:
2026-09-07T17:58:50.4146697Z /home/runner/work/PocketKrKr/PocketKrKr/cpp/core/plugin/ncbind.hpp:244:38: warning: no return statement in function returning non-void [-Wreturn-type]
2026-09-07T17:58:50.4155853Z   244 |                 static OK check(TO) {};
2026-09-07T17:58:50.4175973Z       |                                      ^
2026-09-07T17:58:52.4468459Z [391/741] Building CXX object cpp/plugins/motionplayer/CMakeFiles/motionplayer.dir/__/psbfile/PSBFile.cpp.o
2026-09-07T17:58:52.4470413Z In file included from /home/runner/work/PocketKrKr/PocketKrKr/cpp/plugins/psbfile/PSBFile.cpp:8:
2026-09-07T17:58:52.4473146Z /home/runner/work/PocketKrKr/PocketKrKr/cpp/core/plugin/ncbind.hpp: In static member function ‘static ncbTypeConvertor::Conversion<FROM, TO>::OK ncbTypeConvertor::Conversion<FROM, TO>::check(TO)’:
2026-09-07T17:58:52.4475853Z /home/runner/work/PocketKrKr/PocketKrKr/cpp/core/plugin/ncbind.hpp:244:38: warning: no return statement in function returning non-void [-Wreturn-type]
2026-09-07T17:58:52.4477370Z   244 |                 static OK check(TO) {};
2026-09-07T17:58:52.4478048Z       |                                      ^
2026-09-07T17:58:54.3430700Z [392/741] Building CXX object cpp/plugins/motionplayer/CMakeFiles/motionplayer.dir/__/layerex_draw/general/LayerExDraw.cpp.o
2026-09-07T17:58:54.3476602Z In file included from /home/runner/work/PocketKrKr/PocketKrKr/cpp/plugins/layerex_draw/general/LayerExDraw.cpp:5:
2026-09-07T17:58:54.3516988Z /home/runner/work/PocketKrKr/PocketKrKr/cpp/core/plugin/ncbind.hpp: In static member function ‘static ncbTypeConvertor::Conversion<FROM, TO>::OK ncbTypeConvertor::Conversion<FROM, TO>::check(TO)’:
2026-09-07T17:58:54.3536735Z /home/runner/work/PocketKrKr/PocketKrKr/cpp/core/plugin/ncbind.hpp:244:38: warning: no return statement in function returning non-void [-Wreturn-type]
2026-09-07T17:58:54.3565884Z   244 |                 static OK check(TO) {};
2026-09-07T17:58:54.3595841Z       |                                      ^
2026-09-07T17:58:54.5996742Z [393/741] Building CXX object cpp/plugins/motionplayer/CMakeFiles/motionplayer.dir/__/layerex_draw/general/DrawPath.cpp.o
2026-09-07T17:58:55.0572558Z [394/741] Building CXX object cpp/plugins/motionplayer/CMakeFiles/motionplayer.dir/__/layerex_draw/general/main.cpp.o
2026-09-07T17:58:55.0596184Z In file included from /home/runner/work/PocketKrKr/PocketKrKr/cpp/plugins/layerex_draw/general/main.cpp:3:
2026-09-07T17:58:55.0627635Z /home/runner/work/PocketKrKr/PocketKrKr/cpp/core/plugin/ncbind.hpp: In static member function ‘static ncbTypeConvertor::Conversion<FROM, TO>::OK ncbTypeConvertor::Conversion<FROM, TO>::check(TO)’:
2026-09-07T17:58:55.0656550Z /home/runner/work/PocketKrKr/PocketKrKr/cpp/core/plugin/ncbind.hpp:244:38: warning: no return statement in function returning non-void [-Wreturn-type]
2026-09-07T17:58:55.0657864Z   244 |                 static OK check(TO) {};
2026-09-07T17:58:55.0715819Z       |                                      ^
2026-09-07T17:58:56.4496923Z [395/741] Building CXX object cpp/plugins/motionplayer/CMakeFiles/motionplayer.dir/__/kagparserex/kagparserex_plugin.cpp.o
2026-09-07T17:58:56.4536392Z In file included from /home/runner/work/PocketKrKr/PocketKrKr/cpp/plugins/kagparserex/kagparserex_plugin.cpp:2:
2026-09-07T17:58:56.4567271Z /home/runner/work/PocketKrKr/PocketKrKr/cpp/core/plugin/ncbind.hpp: In static member function ‘static ncbTypeConvertor::Conversion<FROM, TO>::OK ncbTypeConvertor::Conversion<FROM, TO>::check(TO)’:
2026-09-07T17:58:56.4586949Z /home/runner/work/PocketKrKr/PocketKrKr/cpp/core/plugin/ncbind.hpp:244:38: warning: no return statement in function returning non-void [-Wreturn-type]
2026-09-07T17:58:56.4605835Z   244 |                 static OK check(TO) {};
2026-09-07T17:58:56.4636004Z       |                                      ^
2026-09-07T17:58:56.5990427Z [396/741] Linking CXX static library cpp/plugins/kagparserex/libkagparserex.a
2026-09-07T17:58:58.0594577Z [397/741] Building CXX object cpp/plugins/motionplayer/CMakeFiles/motionplayer.dir/__/fstat/main.cpp.o
2026-09-07T17:58:58.0616134Z In file included from /home/runner/work/PocketKrKr/PocketKrKr/cpp/plugins/fstat/main.cpp:8:
2026-09-07T17:58:58.0647619Z /home/runner/work/PocketKrKr/PocketKrKr/cpp/core/plugin/ncbind.hpp: In static member function ‘static ncbTypeConvertor::Conversion<FROM, TO>::OK ncbTypeConvertor::Conversion<FROM, TO>::check(TO)’:
2026-09-07T17:58:58.0676500Z /home/runner/work/PocketKrKr/PocketKrKr/cpp/core/plugin/ncbind.hpp:244:38: warning: no return statement in function returning non-void [-Wreturn-type]
2026-09-07T17:58:58.0695878Z   244 |                 static OK check(TO) {};
2026-09-07T17:58:58.0735976Z       |                                      ^
2026-09-07T17:59:00.4106623Z [398/741] Building CXX object cpp/plugins/layerex_draw/CMakeFiles/layerExDraw.dir/general/DrawPath.cpp.o
2026-09-07T17:59:00.6401664Z [399/741] Building CXX object cpp/plugins/layerex_draw/CMakeFiles/layerExDraw.dir/general/LayerExDraw.cpp.o
2026-09-07T17:59:00.6416974Z In file included from /home/runner/work/PocketKrKr/PocketKrKr/cpp/plugins/layerex_draw/general/LayerExDraw.cpp:5:
2026-09-07T17:59:00.6420208Z /home/runner/work/PocketKrKr/PocketKrKr/cpp/core/plugin/ncbind.hpp: In static member function ‘static ncbTypeConvertor::Conversion<FROM, TO>::OK ncbTypeConvertor::Conversion<FROM, TO>::check(TO)’:
2026-09-07T17:59:00.6422631Z /home/runner/work/PocketKrKr/PocketKrKr/cpp/core/plugin/ncbind.hpp:244:38: warning: no return statement in function returning non-void [-Wreturn-type]
2026-09-07T17:59:00.6424350Z   244 |                 static OK check(TO) {};
2026-09-07T17:59:00.6425069Z       |                                      ^
2026-09-07T17:59:02.4916585Z [400/741] Building CXX object cpp/plugins/layerex_draw/CMakeFiles/layerExDraw.dir/general/main.cpp.o
2026-09-07T17:59:02.4927241Z In file included from /home/runner/work/PocketKrKr/PocketKrKr/cpp/plugins/layerex_draw/general/main.cpp:3:
2026-09-07T17:59:02.4930495Z /home/runner/work/PocketKrKr/PocketKrKr/cpp/core/plugin/ncbind.hpp: In static member function ‘static ncbTypeConvertor::Conversion<FROM, TO>::OK ncbTypeConvertor::Conversion<FROM, TO>::check(TO)’:
2026-09-07T17:59:02.4933066Z /home/runner/work/PocketKrKr/PocketKrKr/cpp/core/plugin/ncbind.hpp:244:38: warning: no return statement in function returning non-void [-Wreturn-type]
2026-09-07T17:59:02.4934649Z   244 |                 static OK check(TO) {};
2026-09-07T17:59:02.4935758Z       |                                      ^
2026-09-07T17:59:02.8803274Z [401/741] Building CXX object cpp/plugins/layerex_draw/CMakeFiles/layerExDraw.dir/__/scriptsEx.cpp.o
2026-09-07T17:59:02.8807458Z In file included from /home/runner/work/PocketKrKr/PocketKrKr/cpp/plugins/scriptsEx.cpp:5:
2026-09-07T17:59:02.8810399Z /home/runner/work/PocketKrKr/PocketKrKr/cpp/core/plugin/ncbind.hpp: In static member function ‘static ncbTypeConvertor::Conversion<FROM, TO>::OK ncbTypeConvertor::Conversion<FROM, TO>::check(TO)’:
2026-09-07T17:59:02.8813004Z /home/runner/work/PocketKrKr/PocketKrKr/cpp/core/plugin/ncbind.hpp:244:38: warning: no return statement in function returning non-void [-Wreturn-type]
2026-09-07T17:59:02.8814496Z   244 |                 static OK check(TO) {};
2026-09-07T17:59:02.8815525Z       |                                      ^
2026-09-07T17:59:02.9237945Z [402/741] Building CXX object cpp/plugins/layerex_draw/CMakeFiles/layerExDraw.dir/__/win32dialog.cpp.o
2026-09-07T17:59:02.9241304Z In file included from /home/runner/work/PocketKrKr/PocketKrKr/cpp/plugins/win32dialog.cpp:2:
2026-09-07T17:59:02.9244122Z /home/runner/work/PocketKrKr/PocketKrKr/cpp/core/plugin/ncbind.hpp: In static member function ‘static ncbTypeConvertor::Conversion<FROM, TO>::OK ncbTypeConvertor::Conversion<FROM, TO>::check(TO)’:
2026-09-07T17:59:02.9247009Z /home/runner/work/PocketKrKr/PocketKrKr/cpp/core/plugin/ncbind.hpp:244:38: warning: no return statement in function returning non-void [-Wreturn-type]
2026-09-07T17:59:02.9248490Z   244 |                 static OK check(TO) {};
2026-09-07T17:59:02.9249254Z       |                                      ^
2026-09-07T17:59:04.9443476Z [403/741] Building CXX object cpp/plugins/layerex_draw/CMakeFiles/layerExDraw.dir/__/dirlist.cpp.o
2026-09-07T17:59:04.9476224Z In file included from /home/runner/work/PocketKrKr/PocketKrKr/cpp/plugins/dirlist.cpp:5:
2026-09-07T17:59:04.9507646Z /home/runner/work/PocketKrKr/PocketKrKr/cpp/core/plugin/ncbind.hpp: In static member function ‘static ncbTypeConvertor::Conversion<FROM, TO>::OK ncbTypeConvertor::Conversion<FROM, TO>::check(TO)’:
2026-09-07T17:59:04.9510032Z /home/runner/work/PocketKrKr/PocketKrKr/cpp/core/plugin/ncbind.hpp:244:38: warning: no return statement in function returning non-void [-Wreturn-type]
2026-09-07T17:59:04.9535811Z   244 |                 static OK check(TO) {};
2026-09-07T17:59:04.9546186Z       |                                      ^
2026-09-07T17:59:05.2286743Z [404/741] Building CXX object cpp/plugins/layerex_draw/CMakeFiles/layerExDraw.dir/__/csvParser.cpp.o
2026-09-07T17:59:05.2316312Z In file included from /home/runner/work/PocketKrKr/PocketKrKr/cpp/plugins/csvParser.cpp:3:
2026-09-07T17:59:05.2337481Z /home/runner/work/PocketKrKr/PocketKrKr/cpp/core/plugin/ncbind.hpp: In static member function ‘static ncbTypeConvertor::Conversion<FROM, TO>::OK ncbTypeConvertor::Conversion<FROM, TO>::check(TO)’:
2026-09-07T17:59:05.2366536Z /home/runner/work/PocketKrKr/PocketKrKr/cpp/core/plugin/ncbind.hpp:244:38: warning: no return statement in function returning non-void [-Wreturn-type]
2026-09-07T17:59:05.2396030Z   244 |                 static OK check(TO) {};
2026-09-07T17:59:05.2406229Z       |                                      ^
2026-09-07T17:59:05.9666894Z [405/741] Building CXX object cpp/plugins/layerex_draw/CMakeFiles/layerExDraw.dir/__/layerExMovie.cpp.o
2026-09-07T17:59:05.9696107Z In file included from /home/runner/work/PocketKrKr/PocketKrKr/cpp/plugins/layerExMovie.cpp:9:
2026-09-07T17:59:05.9707618Z /home/runner/work/PocketKrKr/PocketKrKr/cpp/core/plugin/ncbind.hpp: In static member function ‘static ncbTypeConvertor::Conversion<FROM, TO>::OK ncbTypeConvertor::Conversion<FROM, TO>::check(TO)’:
2026-09-07T17:59:05.9736490Z /home/runner/work/PocketKrKr/PocketKrKr/cpp/core/plugin/ncbind.hpp:244:38: warning: no return statement in function returning non-void [-Wreturn-type]
2026-09-07T17:59:05.9765870Z   244 |                 static OK check(TO) {};
2026-09-07T17:59:05.9766403Z       |                                      ^
2026-09-07T17:59:07.1198735Z [406/741] Building CXX object cpp/plugins/layerex_draw/CMakeFiles/layerExDraw.dir/__/varfile.cpp.o
2026-09-07T17:59:07.1226257Z In file included from /home/runner/work/PocketKrKr/PocketKrKr/cpp/plugins/varfile.cpp:3:
2026-09-07T17:59:07.1254528Z /home/runner/work/PocketKrKr/PocketKrKr/cpp/core/plugin/ncbind.hpp: In static member function ‘static ncbTypeConvertor::Conversion<FROM, TO>::OK ncbTypeConvertor::Conversion<FROM, TO>::check(TO)’:
2026-09-07T17:59:07.1257225Z /home/runner/work/PocketKrKr/PocketKrKr/cpp/core/plugin/ncbind.hpp:244:38: warning: no return statement in function returning non-void [-Wreturn-type]
2026-09-07T17:59:07.1258505Z   244 |                 static OK check(TO) {};
2026-09-07T17:59:07.1259046Z       |                                      ^
2026-09-07T17:59:07.6083547Z [407/741] Building CXX object cpp/plugins/layerex_draw/CMakeFiles/layerExDraw.dir/__/saveStruct.cpp.o
2026-09-07T17:59:07.6085719Z In file included from /home/runner/work/PocketKrKr/PocketKrKr/cpp/plugins/saveStruct.cpp:1:
2026-09-07T17:59:07.6088533Z /home/runner/work/PocketKrKr/PocketKrKr/cpp/core/plugin/ncbind.hpp: In static member function ‘static ncbTypeConvertor::Conversion<FROM, TO>::OK ncbTypeConvertor::Conversion<FROM, TO>::check(TO)’:
2026-09-07T17:59:07.6091073Z /home/runner/work/PocketKrKr/PocketKrKr/cpp/core/plugin/ncbind.hpp:244:38: warning: no return statement in function returning non-void [-Wreturn-type]
2026-09-07T17:59:07.6092673Z   244 |                 static OK check(TO) {};
2026-09-07T17:59:07.6093446Z       |                                      ^
2026-09-07T17:59:08.3066552Z [408/741] Building CXX object cpp/plugins/layerex_draw/CMakeFiles/layerExDraw.dir/__/getabout.cpp.o
2026-09-07T17:59:08.3076348Z In file included from /home/runner/work/PocketKrKr/PocketKrKr/cpp/plugins/getabout.cpp:1:
2026-09-07T17:59:08.3107501Z /home/runner/work/PocketKrKr/PocketKrKr/cpp/core/plugin/ncbind.hpp: In static member function ‘static ncbTypeConvertor::Conversion<FROM, TO>::OK ncbTypeConvertor::Conversion<FROM, TO>::check(TO)’:
2026-09-07T17:59:08.3117020Z /home/runner/work/PocketKrKr/PocketKrKr/cpp/core/plugin/ncbind.hpp:244:38: warning: no return statement in function returning non-void [-Wreturn-type]
2026-09-07T17:59:08.3118871Z   244 |                 static OK check(TO) {};
2026-09-07T17:59:08.3119641Z       |                                      ^
2026-09-07T17:59:09.4276569Z [409/741] Building CXX object cpp/plugins/layerex_draw/CMakeFiles/layerExDraw.dir/__/addFont.cpp.o
2026-09-07T17:59:09.4286300Z In file included from /home/runner/work/PocketKrKr/PocketKrKr/cpp/plugins/addFont.cpp:1:
2026-09-07T17:59:09.4289234Z /home/runner/work/PocketKrKr/PocketKrKr/cpp/core/plugin/ncbind.hpp: In static member function ‘static ncbTypeConvertor::Conversion<FROM, TO>::OK ncbTypeConvertor::Conversion<FROM, TO>::check(TO)’:
2026-09-07T17:59:09.4291710Z /home/runner/work/PocketKrKr/PocketKrKr/cpp/core/plugin/ncbind.hpp:244:38: warning: no return statement in function returning non-void [-Wreturn-type]
2026-09-07T17:59:09.4293211Z   244 |                 static OK check(TO) {};
2026-09-07T17:59:09.4294337Z       |                                      ^
2026-09-07T17:59:09.7626873Z [410/741] Building CXX object cpp/plugins/layerex_draw/CMakeFiles/layerExDraw.dir/__/wutcwf.cpp.o
2026-09-07T17:59:09.7656188Z In file included from /home/runner/work/PocketKrKr/PocketKrKr/cpp/plugins/wutcwf.cpp:2:
2026-09-07T17:59:09.7658852Z /home/runner/work/PocketKrKr/PocketKrKr/cpp/core/plugin/ncbind.hpp: In static member function ‘static ncbTypeConvertor::Conversion<FROM, TO>::OK ncbTypeConvertor::Conversion<FROM, TO>::check(TO)’:
2026-09-07T17:59:09.7686506Z /home/runner/work/PocketKrKr/PocketKrKr/cpp/core/plugin/ncbind.hpp:244:38: warning: no return statement in function returning non-void [-Wreturn-type]
2026-09-07T17:59:09.7715858Z   244 |                 static OK check(TO) {};
2026-09-07T17:59:09.7746023Z       |                                      ^
2026-09-07T17:59:10.1156923Z [411/741] Building CXX object cpp/plugins/motionplayer/CMakeFiles/motionplayer.dir/__/psdfile/psdclass_loadstream.cpp.o
2026-09-07T17:59:10.1166262Z In file included from /home/runner/work/PocketKrKr/PocketKrKr/cpp/plugins/psdfile/psdparse/psddata.h:5,
2026-09-07T17:59:10.1196487Z                  from /home/runner/work/PocketKrKr/PocketKrKr/cpp/plugins/psdfile/psdparse/psdfile.h:4,
2026-09-07T17:59:10.1216303Z                  from /home/runner/work/PocketKrKr/PocketKrKr/cpp/plugins/psdfile/psdclass.h:9,
2026-09-07T17:59:10.1246178Z                  from /home/runner/work/PocketKrKr/PocketKrKr/cpp/plugins/psdfile/psdclass_loadstream.cpp:1:
2026-09-07T17:59:10.1247843Z /home/runner/work/PocketKrKr/PocketKrKr/cpp/plugins/psdfile/psdparse/psddesc.h:17:26: warning: multi-character character constant [-Wmultichar]
2026-09-07T17:59:10.1249109Z    17 |         TYPE_REFERENCE = 'obj ',
2026-09-07T17:59:10.1268409Z       |                          ^~~~~~
2026-09-07T17:59:10.1269952Z /home/runner/work/PocketKrKr/PocketKrKr/cpp/plugins/psdfile/psdparse/psddesc.h:18:27: warning: multi-character character constant [-Wmultichar]
2026-09-07T17:59:10.1271375Z    18 |         TYPE_DESCRIPTOR = 'Objc',
2026-09-07T17:59:10.1272003Z       |                           ^~~~~~
2026-09-07T17:59:10.1273329Z /home/runner/work/PocketKrKr/PocketKrKr/cpp/plugins/psdfile/psdparse/psddesc.h:19:21: warning: multi-character character constant [-Wmultichar]
2026-09-07T17:59:10.1274635Z    19 |         TYPE_LIST = 'VlLs',
2026-09-07T17:59:10.1275517Z       |                     ^~~~~~
2026-09-07T17:59:10.1276825Z /home/runner/work/PocketKrKr/PocketKrKr/cpp/plugins/psdfile/psdparse/psddesc.h:20:23: warning: multi-character character constant [-Wmultichar]
2026-09-07T17:59:10.1278182Z    20 |         TYPE_DOUBLE = 'doub',
2026-09-07T17:59:10.1278755Z       |                       ^~~~~~
2026-09-07T17:59:10.1280049Z /home/runner/work/PocketKrKr/PocketKrKr/cpp/plugins/psdfile/psdparse/psddesc.h:21:27: warning: multi-character character constant [-Wmultichar]
2026-09-07T17:59:10.1281363Z    21 |         TYPE_UNIT_FLOAT = 'UntF',
2026-09-07T17:59:10.1281999Z       |                           ^~~~~~
2026-09-07T17:59:10.1283278Z /home/runner/work/PocketKrKr/PocketKrKr/cpp/plugins/psdfile/psdparse/psddesc.h:22:23: warning: multi-character character constant [-Wmultichar]
2026-09-07T17:59:10.1284620Z    22 |         TYPE_STRING = 'TEXT',
2026-09-07T17:59:10.1285391Z       |                       ^~~~~~
2026-09-07T17:59:10.1286743Z /home/runner/work/PocketKrKr/PocketKrKr/cpp/plugins/psdfile/psdparse/psddesc.h:23:27: warning: multi-character character constant [-Wmultichar]
2026-09-07T17:59:10.1288082Z    23 |         TYPE_ENUMERATED = 'enum',
2026-09-07T17:59:10.1288746Z       |                           ^~~~~~
2026-09-07T17:59:10.1290045Z /home/runner/work/PocketKrKr/PocketKrKr/cpp/plugins/psdfile/psdparse/psddesc.h:24:24: warning: multi-character character constant [-Wmultichar]
2026-09-07T17:59:10.1291447Z    24 |         TYPE_INTEGER = 'long',
2026-09-07T17:59:10.1292046Z       |                        ^~~~~~
2026-09-07T17:59:10.1293704Z /home/runner/work/PocketKrKr/PocketKrKr/cpp/plugins/psdfile/psdparse/psddesc.h:25:24: warning: multi-character character constant [-Wmultichar]
2026-09-07T17:59:10.1295903Z    25 |         TYPE_BOOLEAN = 'bool',
2026-09-07T17:59:10.1296619Z       |                        ^~~~~~
2026-09-07T17:59:10.1297949Z /home/runner/work/PocketKrKr/PocketKrKr/cpp/plugins/psdfile/psdparse/psddesc.h:26:30: warning: multi-character character constant [-Wmultichar]
2026-09-07T17:59:10.1299581Z    26 |         TYPE_GLOBAL_OBJECT = 'GlbO',
2026-09-07T17:59:10.1300253Z       |                              ^~~~~~
2026-09-07T17:59:10.1301517Z /home/runner/work/PocketKrKr/PocketKrKr/cpp/plugins/psdfile/psdparse/psddesc.h:27:23: warning: multi-character character constant [-Wmultichar]
2026-09-07T17:59:10.1303014Z    27 |         TYPE_CLASS1 = 'type',
2026-09-07T17:59:10.1303588Z       |                       ^~~~~~
2026-09-07T17:59:10.1304867Z /home/runner/work/PocketKrKr/PocketKrKr/cpp/plugins/psdfile/psdparse/psddesc.h:28:23: warning: multi-character character constant [-Wmultichar]
2026-09-07T17:59:10.1306580Z    28 |         TYPE_CLASS2 = 'GlbC',
2026-09-07T17:59:10.1307175Z       |                       ^~~~~~
2026-09-07T17:59:10.1308462Z /home/runner/work/PocketKrKr/PocketKrKr/cpp/plugins/psdfile/psdparse/psddesc.h:29:22: warning: multi-character character constant [-Wmultichar]
2026-09-07T17:59:10.1309815Z    29 |         TYPE_ALIAS = 'alis',
2026-09-07T17:59:10.1310388Z       |                      ^~~~~~
2026-09-07T17:59:10.1311650Z /home/runner/work/PocketKrKr/PocketKrKr/cpp/plugins/psdfile/psdparse/psddesc.h:30:25: warning: multi-character character constant [-Wmultichar]
2026-09-07T17:59:10.1313165Z    30 |         TYPE_RAW_DATA = 'tdta',
2026-09-07T17:59:10.1313822Z       |                         ^~~~~~
2026-09-07T17:59:10.1315081Z /home/runner/work/PocketKrKr/PocketKrKr/cpp/plugins/psdfile/psdparse/psddesc.h:34:23: warning: multi-character character constant [-Wmultichar]
2026-09-07T17:59:10.1316828Z    34 |         UNIT_POINTS = '#Pnt',
2026-09-07T17:59:10.1317403Z       |                       ^~~~~~
2026-09-07T17:59:10.1318680Z /home/runner/work/PocketKrKr/PocketKrKr/cpp/plugins/psdfile/psdparse/psddesc.h:35:28: warning: multi-character character constant [-Wmultichar]
2026-09-07T17:59:10.1319990Z    35 |         UNIT_MILLIMETERS = '#Mlm',
2026-09-07T17:59:10.1320612Z       |                            ^~~~~~
2026-09-07T17:59:10.1321916Z /home/runner/work/PocketKrKr/PocketKrKr/cpp/plugins/psdfile/psdparse/psddesc.h:36:22: warning: multi-character character constant [-Wmultichar]
2026-09-07T17:59:10.1323297Z    36 |         UNIT_ANGLE = '#Ang', // degrees
2026-09-07T17:59:10.1323896Z       |                      ^~~~~~
2026-09-07T17:59:10.1325407Z /home/runner/work/PocketKrKr/PocketKrKr/cpp/plugins/psdfile/psdparse/psddesc.h:37:24: warning: multi-character character constant [-Wmultichar]
2026-09-07T17:59:10.1326798Z    37 |         UNIT_DENSITY = '#Rsl', // base per inch
2026-09-07T17:59:10.1327490Z       |                        ^~~~~~
2026-09-07T17:59:10.1328746Z /home/runner/work/PocketKrKr/PocketKrKr/cpp/plugins/psdfile/psdparse/psddesc.h:38:25: warning: multi-character character constant [-Wmultichar]
2026-09-07T17:59:10.1330121Z    38 |         UNIT_DISTANCE = '#Rlt', // base 72ppi
2026-09-07T17:59:10.1330754Z       |                         ^~~~~~
2026-09-07T17:59:10.1332054Z /home/runner/work/PocketKrKr/PocketKrKr/cpp/plugins/psdfile/psdparse/psddesc.h:39:21: warning: multi-character character constant [-Wmultichar]
2026-09-07T17:59:10.1333359Z    39 |         UNIT_NONE = '#Nne',
2026-09-07T17:59:10.1333962Z       |                     ^~~~~~
2026-09-07T17:59:10.1335407Z /home/runner/work/PocketKrKr/PocketKrKr/cpp/plugins/psdfile/psdparse/psddesc.h:40:24: warning: multi-character character constant [-Wmultichar]
2026-09-07T17:59:10.1336794Z    40 |         UNIT_PERCENT = '#Prc',
2026-09-07T17:59:10.1337368Z       |                        ^~~~~~
2026-09-07T17:59:10.1338637Z /home/runner/work/PocketKrKr/PocketKrKr/cpp/plugins/psdfile/psdparse/psddesc.h:41:23: warning: multi-character character constant [-Wmultichar]
2026-09-07T17:59:10.1340161Z    41 |         UNIT_PIXELS = '#Pxl',
2026-09-07T17:59:10.1340804Z       |                       ^~~~~~
2026-09-07T17:59:10.1342039Z /home/runner/work/PocketKrKr/PocketKrKr/cpp/plugins/psdfile/psdparse/psddesc.h:46:29: warning: multi-character character constant [-Wmultichar]
2026-09-07T17:59:10.1343685Z    46 |         REF_TYPE_PROPERTY = 'prop',
2026-09-07T17:59:10.1357196Z       |                             ^~~~~~
2026-09-07T17:59:10.1358612Z /home/runner/work/PocketKrKr/PocketKrKr/cpp/plugins/psdfile/psdparse/psddesc.h:47:26: warning: multi-character character constant [-Wmultichar]
2026-09-07T17:59:10.1360135Z    47 |         REF_TYPE_CLASS = 'Clss',
2026-09-07T17:59:10.1360798Z       |                          ^~~~~~
2026-09-07T17:59:10.1362046Z /home/runner/work/PocketKrKr/PocketKrKr/cpp/plugins/psdfile/psdparse/psddesc.h:48:29: warning: multi-character character constant [-Wmultichar]
2026-09-07T17:59:10.1363427Z    48 |         REF_TYPE_ENUM_REF = 'Enmr',
2026-09-07T17:59:10.1364051Z       |                             ^~~~~~
2026-09-07T17:59:10.1365562Z /home/runner/work/PocketKrKr/PocketKrKr/cpp/plugins/psdfile/psdparse/psddesc.h:49:27: warning: multi-character character constant [-Wmultichar]
2026-09-07T17:59:10.1366885Z    49 |         REF_TYPE_OFFSET = 'rele',
2026-09-07T17:59:10.1367497Z       |                           ^~~~~~
2026-09-07T17:59:10.1368734Z /home/runner/work/PocketKrKr/PocketKrKr/cpp/plugins/psdfile/psdparse/psddesc.h:50:31: warning: multi-character character constant [-Wmultichar]
2026-09-07T17:59:10.1370088Z    50 |         REF_TYPE_IDENTIFIER = 'Idnt',
2026-09-07T17:59:10.1370690Z       |                               ^~~~~~
2026-09-07T17:59:10.1371954Z /home/runner/work/PocketKrKr/PocketKrKr/cpp/plugins/psdfile/psdparse/psddesc.h:51:26: warning: multi-character character constant [-Wmultichar]
2026-09-07T17:59:10.1373216Z    51 |         REF_TYPE_INDEX = 'indx',
2026-09-07T17:59:10.1373813Z       |                          ^~~~~~
2026-09-07T17:59:10.1375048Z /home/runner/work/PocketKrKr/PocketKrKr/cpp/plugins/psdfile/psdparse/psddesc.h:52:25: warning: multi-character character constant [-Wmultichar]
2026-09-07T17:59:10.1376586Z    52 |         REF_TYPE_NAME = 'name',
2026-09-07T17:59:10.1377154Z       |                         ^~~~~~
2026-09-07T17:59:10.1378177Z In file included from /home/runner/work/PocketKrKr/PocketKrKr/cpp/plugins/psdfile/psdparse/psdfile.h:4,
2026-09-07T17:59:10.1379480Z                  from /home/runner/work/PocketKrKr/PocketKrKr/cpp/plugins/psdfile/psdclass.h:9,
2026-09-07T17:59:10.1380789Z                  from /home/runner/work/PocketKrKr/PocketKrKr/cpp/plugins/psdfile/psdclass_loadstream.cpp:1:
2026-09-07T17:59:10.1382428Z /home/runner/work/PocketKrKr/PocketKrKr/cpp/plugins/psdfile/psdparse/psddata.h:113:18: warning: multi-character character constant [-Wmultichar]
2026-09-07T17:59:10.1383988Z   113 |             case 'norm':
2026-09-07T17:59:10.1384559Z       |                  ^~~~~~
2026-09-07T17:59:10.1386053Z /home/runner/work/PocketKrKr/PocketKrKr/cpp/plugins/psdfile/psdparse/psddata.h:115:18: warning: multi-character character constant [-Wmultichar]
2026-09-07T17:59:10.1387402Z   115 |             case 'diss':
2026-09-07T17:59:10.1388002Z       |                  ^~~~~~
2026-09-07T17:59:10.1389301Z /home/runner/work/PocketKrKr/PocketKrKr/cpp/plugins/psdfile/psdparse/psddata.h:117:18: warning: multi-character character constant [-Wmultichar]
2026-09-07T17:59:10.1390760Z   117 |             case 'dark':
2026-09-07T17:59:10.1391333Z       |                  ^~~~~~
2026-09-07T17:59:10.1392838Z /home/runner/work/PocketKrKr/PocketKrKr/cpp/plugins/psdfile/psdparse/psddata.h:119:18: warning: multi-character character constant [-Wmultichar]
2026-09-07T17:59:10.1394202Z   119 |             case 'mul ':
2026-09-07T17:59:10.1394830Z       |                  ^~~~~~
2026-09-07T17:59:10.1396674Z /home/runner/work/PocketKrKr/PocketKrKr/cpp/plugins/psdfile/psdparse/psddata.h:121:18: warning: multi-character character constant [-Wmultichar]
2026-09-07T17:59:10.1398331Z   121 |             case 'idiv':
2026-09-07T17:59:10.1398916Z       |                  ^~~~~~
2026-09-07T17:59:10.1400174Z /home/runner/work/PocketKrKr/PocketKrKr/cpp/plugins/psdfile/psdparse/psddata.h:123:18: warning: multi-character character constant [-Wmultichar]
2026-09-07T17:59:10.1401766Z   123 |             case 'lbrn':
2026-09-07T17:59:10.1402400Z       |                  ^~~~~~
2026-09-07T17:59:10.1403918Z /home/runner/work/PocketKrKr/PocketKrKr/cpp/plugins/psdfile/psdparse/psddata.h:125:18: warning: multi-character character constant [-Wmultichar]
2026-09-07T17:59:10.1405523Z   125 |             case 'dkCl':
2026-09-07T17:59:10.1406106Z       |                  ^~~~~~
2026-09-07T17:59:10.1407937Z /home/runner/work/PocketKrKr/PocketKrKr/cpp/plugins/psdfile/psdparse/psddata.h:127:18: warning: multi-character character constant [-Wmultichar]
2026-09-07T17:59:10.1409137Z   127 |             case 'lite':
2026-09-07T17:59:10.1409738Z       |                  ^~~~~~
2026-09-07T17:59:10.1410971Z /home/runner/work/PocketKrKr/PocketKrKr/cpp/plugins/psdfile/psdparse/psddata.h:129:18: warning: multi-character character constant [-Wmultichar]
2026-09-07T17:59:10.1412325Z   129 |             case 'scrn':
2026-09-07T17:59:10.1412870Z       |                  ^~~~~~
2026-09-07T17:59:10.1414165Z /home/runner/work/PocketKrKr/PocketKrKr/cpp/plugins/psdfile/psdparse/psddata.h:131:18: warning: multi-character character constant [-Wmultichar]
2026-09-07T17:59:10.1415711Z   131 |             case 'div ':
2026-09-07T17:59:10.1416305Z       |                  ^~~~~~
2026-09-07T17:59:10.1417524Z /home/runner/work/PocketKrKr/PocketKrKr/cpp/plugins/psdfile/psdparse/psddata.h:133:18: warning: multi-character character constant [-Wmultichar]
2026-09-07T17:59:10.1418850Z   133 |             case 'lddg':
2026-09-07T17:59:10.1419385Z       |                  ^~~~~~
2026-09-07T17:59:10.1420636Z /home/runner/work/PocketKrKr/PocketKrKr/cpp/plugins/psdfile/psdparse/psddata.h:135:18: warning: multi-character character constant [-Wmultichar]
2026-09-07T17:59:10.1421926Z   135 |             case 'ltCl':
2026-09-07T17:59:10.1422501Z       |                  ^~~~~~
2026-09-07T17:59:10.1423694Z /home/runner/work/PocketKrKr/PocketKrKr/cpp/plugins/psdfile/psdparse/psddata.h:137:18: warning: multi-character character constant [-Wmultichar]
2026-09-07T17:59:10.1425056Z   137 |             case 'over':
2026-09-07T17:59:10.1425806Z       |                  ^~~~~~
2026-09-07T17:59:10.1427060Z /home/runner/work/PocketKrKr/PocketKrKr/cpp/plugins/psdfile/psdparse/psddata.h:139:18: warning: multi-character character constant [-Wmultichar]
2026-09-07T17:59:10.1428329Z   139 |             case 'sLit':
2026-09-07T17:59:10.1428897Z       |                  ^~~~~~
2026-09-07T17:59:10.1430079Z /home/runner/work/PocketKrKr/PocketKrKr/cpp/plugins/psdfile/psdparse/psddata.h:141:18: warning: multi-character character constant [-Wmultichar]
2026-09-07T17:59:10.1431400Z   141 |             case 'hLit':
2026-09-07T17:59:10.1431925Z       |                  ^~~~~~
2026-09-07T17:59:10.1433168Z /home/runner/work/PocketKrKr/PocketKrKr/cpp/plugins/psdfile/psdparse/psddata.h:143:18: warning: multi-character character constant [-Wmultichar]
2026-09-07T17:59:10.1434468Z   143 |             case 'vLit':
2026-09-07T17:59:10.1435032Z       |                  ^~~~~~
2026-09-07T17:59:10.1436477Z /home/runner/work/PocketKrKr/PocketKrKr/cpp/plugins/psdfile/psdparse/psddata.h:145:18: warning: multi-character character constant [-Wmultichar]
2026-09-07T17:59:10.1437794Z   145 |             case 'lLit':
2026-09-07T17:59:10.1438316Z       |                  ^~~~~~
2026-09-07T17:59:10.1439541Z /home/runner/work/PocketKrKr/PocketKrKr/cpp/plugins/psdfile/psdparse/psddata.h:147:18: warning: multi-character character constant [-Wmultichar]
2026-09-07T17:59:10.1440833Z   147 |             case 'pLit':
2026-09-07T17:59:10.1441441Z       |                  ^~~~~~
2026-09-07T17:59:10.1442895Z /home/runner/work/PocketKrKr/PocketKrKr/cpp/plugins/psdfile/psdparse/psddata.h:149:18: warning: multi-character character constant [-Wmultichar]
2026-09-07T17:59:10.1444266Z   149 |             case 'hMix':
2026-09-07T17:59:10.1444790Z       |                  ^~~~~~
2026-09-07T17:59:10.1446224Z /home/runner/work/PocketKrKr/PocketKrKr/cpp/plugins/psdfile/psdparse/psddata.h:151:18: warning: multi-character character constant [-Wmultichar]
2026-09-07T17:59:10.1447808Z   151 |             case 'diff':
2026-09-07T17:59:10.1448377Z       |                  ^~~~~~
2026-09-07T17:59:10.1449619Z /home/runner/work/PocketKrKr/PocketKrKr/cpp/plugins/psdfile/psdparse/psddata.h:153:18: warning: multi-character character constant [-Wmultichar]
2026-09-07T17:59:10.1450994Z   153 |             case 'smud':
2026-09-07T17:59:10.1451542Z       |                  ^~~~~~
2026-09-07T17:59:10.1452806Z /home/runner/work/PocketKrKr/PocketKrKr/cpp/plugins/psdfile/psdparse/psddata.h:155:18: warning: multi-character character constant [-Wmultichar]
2026-09-07T17:59:10.1454122Z   155 |             case 'fsub':
2026-09-07T17:59:10.1454707Z       |                  ^~~~~~
2026-09-07T17:59:10.1456187Z /home/runner/work/PocketKrKr/PocketKrKr/cpp/plugins/psdfile/psdparse/psddata.h:157:18: warning: multi-character character constant [-Wmultichar]
2026-09-07T17:59:10.1457557Z   157 |             case 'fdiv':
2026-09-07T17:59:10.1458125Z       |                  ^~~~~~
2026-09-07T17:59:10.1459495Z /home/runner/work/PocketKrKr/PocketKrKr/cpp/plugins/psdfile/psdparse/psddata.h:159:18: warning: multi-character character constant [-Wmultichar]
2026-09-07T17:59:10.1460779Z   159 |             case 'hue ':
2026-09-07T17:59:10.1461366Z       |                  ^~~~~~
2026-09-07T17:59:10.1462773Z /home/runner/work/PocketKrKr/PocketKrKr/cpp/plugins/psdfile/psdparse/psddata.h:161:18: warning: multi-character character constant [-Wmultichar]
2026-09-07T17:59:10.1464118Z   161 |             case 'sat ':
2026-09-07T17:59:10.1464623Z       |                  ^~~~~~
2026-09-07T17:59:10.1466078Z /home/runner/work/PocketKrKr/PocketKrKr/cpp/plugins/psdfile/psdparse/psddata.h:163:18: warning: multi-character character constant [-Wmultichar]
2026-09-07T17:59:10.1467463Z   163 |             case 'colr':
2026-09-07T17:59:10.1468060Z       |                  ^~~~~~
2026-09-07T17:59:10.1469246Z /home/runner/work/PocketKrKr/PocketKrKr/cpp/plugins/psdfile/psdparse/psddata.h:165:18: warning: multi-character character constant [-Wmultichar]
2026-09-07T17:59:10.1470575Z   165 |             case 'lum ':
2026-09-07T17:59:10.1471090Z       |                  ^~~~~~
2026-09-07T17:59:10.1472344Z /home/runner/work/PocketKrKr/PocketKrKr/cpp/plugins/psdfile/psdparse/psddata.h:167:18: warning: multi-character character constant [-Wmultichar]
2026-09-07T17:59:10.1473641Z   167 |             case 'pass':
2026-09-07T17:59:10.1474228Z       |                  ^~~~~~
2026-09-07T17:59:10.1475161Z In file included from /home/runner/work/PocketKrKr/PocketKrKr/cpp/plugins/psdfile/psdparse/psdfile.h:3,
2026-09-07T17:59:10.1476735Z                  from /home/runner/work/PocketKrKr/PocketKrKr/cpp/plugins/psdfile/psdclass.h:9,
2026-09-07T17:59:10.1478010Z                  from /home/runner/work/PocketKrKr/PocketKrKr/cpp/plugins/psdfile/psdclass_loadstream.cpp:1:
2026-09-07T17:59:10.1480366Z /home/runner/work/PocketKrKr/PocketKrKr/cpp/plugins/psdfile/psdparse/psddesc.h: In member function ‘virtual void psd::DescriptorReference::dump(int)’:
2026-09-07T17:59:10.1483505Z /home/runner/work/PocketKrKr/PocketKrKr/cpp/plugins/psdfile/psdparse/psddesc.h:234:20: warning: format ‘%d’ expects argument of type ‘int’, but argument 3 has type ‘std::vector<psd::ReferenceItem*>::size_type’ {aka ‘long unsigned int’} [-Wformat=]
2026-09-07T17:59:10.1485932Z   234 |             dprint("%s (count:%d)\n", typeName(), items.size());
2026-09-07T17:59:10.1486692Z       |                    ^~~~~~~~~~~~~~~~~              ~~~~~~~~~~~~
2026-09-07T17:59:10.1487288Z       |                                                             |
2026-09-07T17:59:10.1488492Z       |                                                             std::vector<psd::ReferenceItem*>::size_type {aka long unsigned int}
2026-09-07T17:59:10.1490154Z /home/runner/work/PocketKrKr/PocketKrKr/cpp/plugins/psdfile/psdparse/psdbase.h:7:28: note: in definition of macro ‘dprint’
2026-09-07T17:59:10.1491305Z     7 | #define dprint(...) printf(__VA_ARGS__);
2026-09-07T17:59:10.1492160Z       |                            ^~~~~~~~~~~
2026-09-07T17:59:10.1493081Z In file included from /home/runner/work/PocketKrKr/PocketKrKr/cpp/plugins/psdfile/psdparse/psddata.h:5,
2026-09-07T17:59:10.1494363Z                  from /home/runner/work/PocketKrKr/PocketKrKr/cpp/plugins/psdfile/psdparse/psdfile.h:4,
2026-09-07T17:59:10.1495806Z                  from /home/runner/work/PocketKrKr/PocketKrKr/cpp/plugins/psdfile/psdclass.h:9,
2026-09-07T17:59:10.1497025Z                  from /home/runner/work/PocketKrKr/PocketKrKr/cpp/plugins/psdfile/psdclass_loadstream.cpp:1:
2026-09-07T17:59:10.1498485Z /home/runner/work/PocketKrKr/PocketKrKr/cpp/plugins/psdfile/psdparse/psddesc.h:234:32: note: format string is defined here
2026-09-07T17:59:10.1499692Z   234 |             dprint("%s (count:%d)\n", typeName(), items.size());
2026-09-07T17:59:10.1500337Z       |                               ~^
2026-09-07T17:59:10.1500810Z       |                                |
2026-09-07T17:59:10.1501297Z       |                                int
2026-09-07T17:59:10.1501771Z       |                               %ld
2026-09-07T17:59:10.1502658Z In file included from /home/runner/work/PocketKrKr/PocketKrKr/cpp/plugins/psdfile/psdparse/psdfile.h:3,
2026-09-07T17:59:10.1503893Z                  from /home/runner/work/PocketKrKr/PocketKrKr/cpp/plugins/psdfile/psdclass.h:9,
2026-09-07T17:59:10.1505084Z                  from /home/runner/work/PocketKrKr/PocketKrKr/cpp/plugins/psdfile/psdclass_loadstream.cpp:1:
2026-09-07T17:59:10.1507317Z /home/runner/work/PocketKrKr/PocketKrKr/cpp/plugins/psdfile/psdparse/psddesc.h: In member function ‘virtual void psd::DescriptorList::dump(int)’:
2026-09-07T17:59:10.1510354Z /home/runner/work/PocketKrKr/PocketKrKr/cpp/plugins/psdfile/psdparse/psddesc.h:253:20: warning: format ‘%d’ expects argument of type ‘int’, but argument 3 has type ‘std::vector<psd::DescriptorItem*>::size_type’ {aka ‘long unsigned int’} [-Wformat=]
2026-09-07T17:59:10.1538825Z   253 |             dprint("%s (count:%d)\n", typeName(), items.size());
2026-09-07T17:59:10.1539498Z       |                    ^~~~~~~~~~~~~~~~~              ~~~~~~~~~~~~
2026-09-07T17:59:10.1540066Z       |                                                             |
2026-09-07T17:59:10.1540935Z       |                                                             std::vector<psd::DescriptorItem*>::size_type {aka long unsigned int}
2026-09-07T17:59:10.1542520Z /home/runner/work/PocketKrKr/PocketKrKr/cpp/plugins/psdfile/psdparse/psdbase.h:7:28: note: in definition of macro ‘dprint’
2026-09-07T17:59:10.1543606Z     7 | #define dprint(...) printf(__VA_ARGS__);
2026-09-07T17:59:10.1544121Z       |                            ^~~~~~~~~~~
2026-09-07T17:59:10.1545012Z In file included from /home/runner/work/PocketKrKr/PocketKrKr/cpp/plugins/psdfile/psdparse/psddata.h:5,
2026-09-07T17:59:10.1546506Z                  from /home/runner/work/PocketKrKr/PocketKrKr/cpp/plugins/psdfile/psdparse/psdfile.h:4,
2026-09-07T17:59:10.1547606Z                  from /home/runner/work/PocketKrKr/PocketKrKr/cpp/plugins/psdfile/psdclass.h:9,
2026-09-07T17:59:10.1548790Z                  from /home/runner/work/PocketKrKr/PocketKrKr/cpp/plugins/psdfile/psdclass_loadstream.cpp:1:
2026-09-07T17:59:10.1550359Z /home/runner/work/PocketKrKr/PocketKrKr/cpp/plugins/psdfile/psdparse/psddesc.h:253:32: note: format string is defined here
2026-09-07T17:59:10.1551648Z   253 |             dprint("%s (count:%d)\n", typeName(), items.size());
2026-09-07T17:59:10.1552285Z       |                               ~^
2026-09-07T17:59:10.1552775Z       |                                |
2026-09-07T17:59:10.1553255Z       |                                int
2026-09-07T17:59:10.1554018Z       |                               %ld
2026-09-07T17:59:10.1554912Z In file included from /home/runner/work/PocketKrKr/PocketKrKr/cpp/plugins/psdfile/psdclass.h:10,
2026-09-07T17:59:10.1556499Z                  from /home/runner/work/PocketKrKr/PocketKrKr/cpp/plugins/psdfile/psdclass_loadstream.cpp:1:
2026-09-07T17:59:10.1559318Z /home/runner/work/PocketKrKr/PocketKrKr/cpp/core/plugin/ncbind.hpp: In static member function ‘static ncbTypeConvertor::Conversion<FROM, TO>::OK ncbTypeConvertor::Conversion<FROM, TO>::check(TO)’:
2026-09-07T17:59:10.1561648Z /home/runner/work/PocketKrKr/PocketKrKr/cpp/core/plugin/ncbind.hpp:244:38: warning: no return statement in function returning non-void [-Wreturn-type]
2026-09-07T17:59:10.1562925Z   244 |                 static OK check(TO) {};
2026-09-07T17:59:10.1563455Z       |                                      ^
2026-09-07T17:59:11.7238802Z [412/741] Building CXX object cpp/plugins/layerex_draw/CMakeFiles/layerExDraw.dir/__/windowEx.cpp.o
2026-09-07T17:59:11.7251366Z In file included from /home/runner/work/PocketKrKr/PocketKrKr/cpp/plugins/windowEx.cpp:18:
2026-09-07T17:59:11.7254358Z /home/runner/work/PocketKrKr/PocketKrKr/cpp/core/plugin/ncbind.hpp: In static member function ‘static ncbTypeConvertor::Conversion<FROM, TO>::OK ncbTypeConvertor::Conversion<FROM, TO>::check(TO)’:
2026-09-07T17:59:11.7257161Z /home/runner/work/PocketKrKr/PocketKrKr/cpp/core/plugin/ncbind.hpp:244:38: warning: no return statement in function returning non-void [-Wreturn-type]
2026-09-07T17:59:11.7258618Z   244 |                 static OK check(TO) {};
2026-09-07T17:59:11.7259273Z       |                                      ^
2026-09-07T17:59:11.9845507Z [413/741] Building CXX object cpp/plugins/layerex_draw/CMakeFiles/layerExDraw.dir/__/getSample.cpp.o
2026-09-07T17:59:11.9846930Z In file included from /home/runner/work/PocketKrKr/PocketKrKr/cpp/plugins/getSample.cpp:1:
2026-09-07T17:59:11.9877677Z /home/runner/work/PocketKrKr/PocketKrKr/cpp/core/plugin/ncbind.hpp: In static member function ‘static ncbTypeConvertor::Conversion<FROM, TO>::OK ncbTypeConvertor::Conversion<FROM, TO>::check(TO)’:
2026-09-07T17:59:11.9926563Z /home/runner/work/PocketKrKr/PocketKrKr/cpp/core/plugin/ncbind.hpp:244:38: warning: no return statement in function returning non-void [-Wreturn-type]
2026-09-07T17:59:11.9927826Z   244 |                 static OK check(TO) {};
2026-09-07T17:59:11.9928339Z       |                                      ^
2026-09-07T17:59:12.1680081Z [414/741] Building CXX object cpp/plugins/layerex_draw/CMakeFiles/layerExDraw.dir/__/layerExPerspective.cpp.o
2026-09-07T17:59:12.1694496Z In file included from /home/runner/work/PocketKrKr/PocketKrKr/cpp/plugins/layerExPerspective.cpp:23:
2026-09-07T17:59:12.1727612Z /home/runner/work/PocketKrKr/PocketKrKr/cpp/core/plugin/ncbind.hpp: In static member function ‘static ncbTypeConvertor::Conversion<FROM, TO>::OK ncbTypeConvertor::Conversion<FROM, TO>::check(TO)’:
2026-09-07T17:59:12.1756539Z /home/runner/work/PocketKrKr/PocketKrKr/cpp/core/plugin/ncbind.hpp:244:38: warning: no return statement in function returning non-void [-Wreturn-type]
2026-09-07T17:59:12.1775869Z   244 |                 static OK check(TO) {};
2026-09-07T17:59:12.1784796Z       |                                      ^
2026-09-07T17:59:12.4140363Z [415/741] Building CXX object cpp/plugins/layerex_draw/CMakeFiles/layerExDraw.dir/__/fftgraph.cpp.o
2026-09-07T17:59:12.4143974Z In file included from /home/runner/work/PocketKrKr/PocketKrKr/cpp/plugins/fftgraph.cpp:1:
2026-09-07T17:59:12.4146972Z /home/runner/work/PocketKrKr/PocketKrKr/cpp/core/plugin/ncbind.hpp: In static member function ‘static ncbTypeConvertor::Conversion<FROM, TO>::OK ncbTypeConvertor::Conversion<FROM, TO>::check(TO)’:
2026-09-07T17:59:12.4149505Z /home/runner/work/PocketKrKr/PocketKrKr/cpp/core/plugin/ncbind.hpp:244:38: warning: no return statement in function returning non-void [-Wreturn-type]
2026-09-07T17:59:12.4150945Z   244 |                 static OK check(TO) {};
2026-09-07T17:59:12.4151922Z       |                                      ^
2026-09-07T17:59:13.6487071Z [416/741] Building CXX object cpp/plugins/layerex_draw/CMakeFiles/layerExDraw.dir/__/LayerExBase.cpp.o
2026-09-07T17:59:14.4406866Z [417/741] Building CXX object cpp/plugins/layerex_draw/CMakeFiles/layerExDraw.dir/__/extrans.cpp.o
2026-09-07T17:59:14.4408494Z In file included from /home/runner/work/PocketKrKr/PocketKrKr/cpp/plugins/extrans.cpp:1:
2026-09-07T17:59:14.4437712Z /home/runner/work/PocketKrKr/PocketKrKr/cpp/core/plugin/ncbind.hpp: In static member function ‘static ncbTypeConvertor::Conversion<FROM, TO>::OK ncbTypeConvertor::Conversion<FROM, TO>::check(TO)’:
2026-09-07T17:59:14.4466566Z /home/runner/work/PocketKrKr/PocketKrKr/cpp/core/plugin/ncbind.hpp:244:38: warning: no return statement in function returning non-void [-Wreturn-type]
2026-09-07T17:59:14.4467862Z   244 |                 static OK check(TO) {};
2026-09-07T17:59:14.4468396Z       |                                      ^
2026-09-07T17:59:14.6816724Z [418/741] Building CXX object cpp/plugins/layerex_draw/CMakeFiles/layerExDraw.dir/__/xp3filter.cpp.o
2026-09-07T17:59:14.6836287Z In file included from /home/runner/work/PocketKrKr/PocketKrKr/cpp/plugins/xp3filter.cpp:1:
2026-09-07T17:59:14.6857660Z /home/runner/work/PocketKrKr/PocketKrKr/cpp/core/plugin/ncbind.hpp: In static member function ‘static ncbTypeConvertor::Conversion<FROM, TO>::OK ncbTypeConvertor::Conversion<FROM, TO>::check(TO)’:
2026-09-07T17:59:14.6860301Z /home/runner/work/PocketKrKr/PocketKrKr/cpp/core/plugin/ncbind.hpp:244:38: warning: no return statement in function returning non-void [-Wreturn-type]
2026-09-07T17:59:14.6861730Z   244 |                 static OK check(TO) {};
2026-09-07T17:59:14.6862440Z       |                                      ^
2026-09-07T17:59:15.7806698Z [419/741] Building CXX object cpp/plugins/layerex_draw/CMakeFiles/layerExDraw.dir/__/textrender.cpp.o
2026-09-07T17:59:15.7836168Z In file included from /home/runner/work/PocketKrKr/PocketKrKr/cpp/plugins/textrender.cpp:10:
2026-09-07T17:59:15.7847595Z /home/runner/work/PocketKrKr/PocketKrKr/cpp/core/plugin/ncbind.hpp: In static member function ‘static ncbTypeConvertor::Conversion<FROM, TO>::OK ncbTypeConvertor::Conversion<FROM, TO>::check(TO)’:
2026-09-07T17:59:15.7850517Z /home/runner/work/PocketKrKr/PocketKrKr/cpp/core/plugin/ncbind.hpp:244:38: warning: no return statement in function returning non-void [-Wreturn-type]
2026-09-07T17:59:15.7852084Z   244 |                 static OK check(TO) {};
2026-09-07T17:59:15.7852790Z       |                                      ^
2026-09-07T17:59:16.3256724Z [420/741] Building CXX object cpp/plugins/layerex_draw/CMakeFiles/layerExDraw.dir/__/alphamovie.cpp.o
2026-09-07T17:59:16.3258001Z In file included from /home/runner/work/PocketKrKr/PocketKrKr/cpp/plugins/alphamovie.cpp:10:
2026-09-07T17:59:16.3297797Z /home/runner/work/PocketKrKr/PocketKrKr/cpp/core/plugin/ncbind.hpp: In static member function ‘static ncbTypeConvertor::Conversion<FROM, TO>::OK ncbTypeConvertor::Conversion<FROM, TO>::check(TO)’:
2026-09-07T17:59:16.3300466Z /home/runner/work/PocketKrKr/PocketKrKr/cpp/core/plugin/ncbind.hpp:244:38: warning: no return statement in function returning non-void [-Wreturn-type]
2026-09-07T17:59:16.3325796Z   244 |                 static OK check(TO) {};
2026-09-07T17:59:16.3355756Z       |                                      ^
2026-09-07T17:59:16.8046572Z [421/741] Building CXX object cpp/plugins/layerex_draw/CMakeFiles/layerExDraw.dir/__/layerExBTOA.cpp.o
2026-09-07T17:59:16.8074734Z In file included from /home/runner/work/PocketKrKr/PocketKrKr/cpp/plugins/layerExBTOA.cpp:4:
2026-09-07T17:59:16.8107471Z /home/runner/work/PocketKrKr/PocketKrKr/cpp/core/plugin/ncbind.hpp: In static member function ‘static ncbTypeConvertor::Conversion<FROM, TO>::OK ncbTypeConvertor::Conversion<FROM, TO>::check(TO)’:
2026-09-07T17:59:16.8136409Z /home/runner/work/PocketKrKr/PocketKrKr/cpp/core/plugin/ncbind.hpp:244:38: warning: no return statement in function returning non-void [-Wreturn-type]
2026-09-07T17:59:16.8141951Z   244 |                 static OK check(TO) {};
2026-09-07T17:59:16.8142898Z       |                                      ^
2026-09-07T17:59:17.3308853Z [422/741] Building CXX object cpp/plugins/layerex_draw/CMakeFiles/layerExDraw.dir/__/layerExImage.cpp.o
2026-09-07T17:59:17.3322757Z In file included from /home/runner/work/PocketKrKr/PocketKrKr/cpp/plugins/layerExImage.cpp:5:
2026-09-07T17:59:17.3347622Z /home/runner/work/PocketKrKr/PocketKrKr/cpp/core/plugin/ncbind.hpp: In static member function ‘static ncbTypeConvertor::Conversion<FROM, TO>::OK ncbTypeConvertor::Conversion<FROM, TO>::check(TO)’:
2026-09-07T17:59:17.3373310Z /home/runner/work/PocketKrKr/PocketKrKr/cpp/core/plugin/ncbind.hpp:244:38: warning: no return statement in function returning non-void [-Wreturn-type]
2026-09-07T17:59:17.3375054Z   244 |                 static OK check(TO) {};
2026-09-07T17:59:17.3376088Z       |                                      ^
2026-09-07T17:59:18.2556884Z [423/741] Building CXX object cpp/plugins/layerex_draw/CMakeFiles/layerExDraw.dir/__/layerExRaster.cpp.o
2026-09-07T17:59:18.2586287Z In file included from /home/runner/work/PocketKrKr/PocketKrKr/cpp/plugins/layerExRaster.cpp:4:
2026-09-07T17:59:18.2591837Z /home/runner/work/PocketKrKr/PocketKrKr/cpp/core/plugin/ncbind.hpp: In static member function ‘static ncbTypeConvertor::Conversion<FROM, TO>::OK ncbTypeConvertor::Conversion<FROM, TO>::check(TO)’:
2026-09-07T17:59:18.2594532Z /home/runner/work/PocketKrKr/PocketKrKr/cpp/core/plugin/ncbind.hpp:244:38: warning: no return statement in function returning non-void [-Wreturn-type]
2026-09-07T17:59:18.2596304Z   244 |                 static OK check(TO) {};
2026-09-07T17:59:18.2597011Z       |                                      ^
2026-09-07T17:59:18.6388585Z [424/741] Building CXX object cpp/plugins/layerex_draw/CMakeFiles/layerExDraw.dir/__/layerExAreaAverage.cpp.o
2026-09-07T17:59:18.6403525Z In file included from /home/runner/work/PocketKrKr/PocketKrKr/cpp/plugins/layerExAreaAverage.cpp:4:
2026-09-07T17:59:18.6406468Z /home/runner/work/PocketKrKr/PocketKrKr/cpp/core/plugin/ncbind.hpp: In static member function ‘static ncbTypeConvertor::Conversion<FROM, TO>::OK ncbTypeConvertor::Conversion<FROM, TO>::check(TO)’:
2026-09-07T17:59:18.6408891Z /home/runner/work/PocketKrKr/PocketKrKr/cpp/core/plugin/ncbind.hpp:244:38: warning: no return statement in function returning non-void [-Wreturn-type]
2026-09-07T17:59:18.6410358Z   244 |                 static OK check(TO) {};
2026-09-07T17:59:18.6411231Z       |                                      ^
2026-09-07T17:59:19.2746883Z [425/741] Building CXX object cpp/plugins/layerex_draw/CMakeFiles/layerExDraw.dir/__/layerExLongExposure.cpp.o
2026-09-07T17:59:19.2748889Z In file included from /home/runner/work/PocketKrKr/PocketKrKr/cpp/plugins/layerExLongExposure.cpp:4:
2026-09-07T17:59:19.2777521Z /home/runner/work/PocketKrKr/PocketKrKr/cpp/core/plugin/ncbind.hpp: In static member function ‘static ncbTypeConvertor::Conversion<FROM, TO>::OK ncbTypeConvertor::Conversion<FROM, TO>::check(TO)’:
2026-09-07T17:59:19.2806529Z /home/runner/work/PocketKrKr/PocketKrKr/cpp/core/plugin/ncbind.hpp:244:38: warning: no return statement in function returning non-void [-Wreturn-type]
2026-09-07T17:59:19.2807838Z   244 |                 static OK check(TO) {};
2026-09-07T17:59:19.2808357Z       |                                      ^
2026-09-07T17:59:21.1918310Z [426/741] Building CXX object cpp/plugins/layerex_draw/CMakeFiles/layerExDraw.dir/__/drawDeviceD2DCompat.cpp.o
2026-09-07T17:59:21.1933254Z In file included from /home/runner/work/PocketKrKr/PocketKrKr/cpp/plugins/drawDeviceD2DCompat.cpp:3:
2026-09-07T17:59:21.1957931Z /home/runner/work/PocketKrKr/PocketKrKr/cpp/core/plugin/ncbind.hpp: In static member function ‘static ncbTypeConvertor::Conversion<FROM, TO>::OK ncbTypeConvertor::Conversion<FROM, TO>::check(TO)’:
2026-09-07T17:59:21.1987016Z /home/runner/work/PocketKrKr/PocketKrKr/cpp/core/plugin/ncbind.hpp:244:38: warning: no return statement in function returning non-void [-Wreturn-type]
2026-09-07T17:59:21.2016189Z   244 |                 static OK check(TO) {};
2026-09-07T17:59:21.2033291Z       |                                      ^
2026-09-07T17:59:21.6516825Z [427/741] Building CXX object cpp/plugins/layerex_draw/CMakeFiles/layerExDraw.dir/__/krkrgles.cpp.o
2026-09-07T17:59:21.6536286Z In file included from /home/runner/work/PocketKrKr/PocketKrKr/cpp/plugins/krkrgles.cpp:2:
2026-09-07T17:59:21.6539087Z /home/runner/work/PocketKrKr/PocketKrKr/cpp/core/plugin/ncbind.hpp: In static member function ‘static ncbTypeConvertor::Conversion<FROM, TO>::OK ncbTypeConvertor::Conversion<FROM, TO>::check(TO)’:
2026-09-07T17:59:21.6566504Z /home/runner/work/PocketKrKr/PocketKrKr/cpp/core/plugin/ncbind.hpp:244:38: warning: no return statement in function returning non-void [-Wreturn-type]
2026-09-07T17:59:21.6567970Z   244 |                 static OK check(TO) {};
2026-09-07T17:59:21.6568658Z       |                                      ^
2026-09-07T17:59:21.8436933Z [428/741] Building CXX object cpp/plugins/layerex_draw/CMakeFiles/layerExDraw.dir/__/wfBasicEffectCompat.cpp.o
2026-09-07T17:59:21.8438446Z In file included from /home/runner/work/PocketKrKr/PocketKrKr/cpp/plugins/wfBasicEffectCompat.cpp:3:
2026-09-07T17:59:21.8477550Z /home/runner/work/PocketKrKr/PocketKrKr/cpp/core/plugin/ncbind.hpp: In static member function ‘static ncbTypeConvertor::Conversion<FROM, TO>::OK ncbTypeConvertor::Conversion<FROM, TO>::check(TO)’:
2026-09-07T17:59:21.8480094Z /home/runner/work/PocketKrKr/PocketKrKr/cpp/core/plugin/ncbind.hpp:244:38: warning: no return statement in function returning non-void [-Wreturn-type]
2026-09-07T17:59:21.8490574Z   244 |                 static OK check(TO) {};
2026-09-07T17:59:21.8491243Z       |                                      ^
2026-09-07T17:59:21.9273546Z [429/741] Building CXX object cpp/plugins/layerex_draw/CMakeFiles/layerExDraw.dir/__/wfTypicalDSPCompat.cpp.o
2026-09-07T17:59:21.9287908Z In file included from /home/runner/work/PocketKrKr/PocketKrKr/cpp/plugins/wfTypicalDSPCompat.cpp:3:
2026-09-07T17:59:21.9290620Z /home/runner/work/PocketKrKr/PocketKrKr/cpp/core/plugin/ncbind.hpp: In static member function ‘static ncbTypeConvertor::Conversion<FROM, TO>::OK ncbTypeConvertor::Conversion<FROM, TO>::check(TO)’:
2026-09-07T17:59:21.9292956Z /home/runner/work/PocketKrKr/PocketKrKr/cpp/core/plugin/ncbind.hpp:244:38: warning: no return statement in function returning non-void [-Wreturn-type]
2026-09-07T17:59:21.9294435Z   244 |                 static OK check(TO) {};
2026-09-07T17:59:21.9295077Z       |                                      ^
2026-09-07T17:59:24.6793063Z [430/741] Building CXX object cpp/plugins/layerex_draw/CMakeFiles/layerExDraw.dir/__/psdfile/main.cpp.o
2026-09-07T17:59:24.6826572Z In file included from /home/runner/work/PocketKrKr/PocketKrKr/cpp/plugins/psdfile/psdparse/psddata.h:5,
2026-09-07T17:59:24.6836769Z                  from /home/runner/work/PocketKrKr/PocketKrKr/cpp/plugins/psdfile/psdparse/psdfile.h:4,
2026-09-07T17:59:24.6850714Z                  from /home/runner/work/PocketKrKr/PocketKrKr/cpp/plugins/psdfile/psdclass.h:9,
2026-09-07T17:59:24.6852139Z                  from /home/runner/work/PocketKrKr/PocketKrKr/cpp/plugins/psdfile/main.cpp:5:
2026-09-07T17:59:24.6853884Z /home/runner/work/PocketKrKr/PocketKrKr/cpp/plugins/psdfile/psdparse/psddesc.h:17:26: warning: multi-character character constant [-Wmultichar]
2026-09-07T17:59:24.6855670Z    17 |         TYPE_REFERENCE = 'obj ',
2026-09-07T17:59:24.6856459Z       |                          ^~~~~~
2026-09-07T17:59:24.6857896Z /home/runner/work/PocketKrKr/PocketKrKr/cpp/plugins/psdfile/psdparse/psddesc.h:18:27: warning: multi-character character constant [-Wmultichar]
2026-09-07T17:59:24.6859370Z    18 |         TYPE_DESCRIPTOR = 'Objc',
2026-09-07T17:59:24.6860094Z       |                           ^~~~~~
2026-09-07T17:59:24.6861502Z /home/runner/work/PocketKrKr/PocketKrKr/cpp/plugins/psdfile/psdparse/psddesc.h:19:21: warning: multi-character character constant [-Wmultichar]
2026-09-07T17:59:24.6862997Z    19 |         TYPE_LIST = 'VlLs',
2026-09-07T17:59:24.6864047Z       |                     ^~~~~~
2026-09-07T17:59:24.6865807Z /home/runner/work/PocketKrKr/PocketKrKr/cpp/plugins/psdfile/psdparse/psddesc.h:20:23: warning: multi-character character constant [-Wmultichar]
2026-09-07T17:59:24.6867348Z    20 |         TYPE_DOUBLE = 'doub',
2026-09-07T17:59:24.6868411Z       |                       ^~~~~~
2026-09-07T17:59:24.6869835Z /home/runner/work/PocketKrKr/PocketKrKr/cpp/plugins/psdfile/psdparse/psddesc.h:21:27: warning: multi-character character constant [-Wmultichar]
2026-09-07T17:59:24.6871433Z    21 |         TYPE_UNIT_FLOAT = 'UntF',
2026-09-07T17:59:24.6872199Z       |                           ^~~~~~
2026-09-07T17:59:24.6873635Z /home/runner/work/PocketKrKr/PocketKrKr/cpp/plugins/psdfile/psdparse/psddesc.h:22:23: warning: multi-character character constant [-Wmultichar]
2026-09-07T17:59:24.6875141Z    22 |         TYPE_STRING = 'TEXT',
2026-09-07T17:59:24.6877112Z       |                       ^~~~~~
2026-09-07T17:59:24.6878604Z /home/runner/work/PocketKrKr/PocketKrKr/cpp/plugins/psdfile/psdparse/psddesc.h:23:27: warning: multi-character character constant [-Wmultichar]
2026-09-07T17:59:24.6880111Z    23 |         TYPE_ENUMERATED = 'enum',
2026-09-07T17:59:24.6880876Z       |                           ^~~~~~
2026-09-07T17:59:24.6882291Z /home/runner/work/PocketKrKr/PocketKrKr/cpp/plugins/psdfile/psdparse/psddesc.h:24:24: warning: multi-character character constant [-Wmultichar]
2026-09-07T17:59:24.6883758Z    24 |         TYPE_INTEGER = 'long',
2026-09-07T17:59:24.6884500Z       |                        ^~~~~~
2026-09-07T17:59:24.6886129Z /home/runner/work/PocketKrKr/PocketKrKr/cpp/plugins/psdfile/psdparse/psddesc.h:25:24: warning: multi-character character constant [-Wmultichar]
2026-09-07T17:59:24.6887645Z    25 |         TYPE_BOOLEAN = 'bool',
2026-09-07T17:59:24.6888407Z       |                        ^~~~~~
2026-09-07T17:59:24.6889872Z /home/runner/work/PocketKrKr/PocketKrKr/cpp/plugins/psdfile/psdparse/psddesc.h:26:30: warning: multi-character character constant [-Wmultichar]
2026-09-07T17:59:24.6891410Z    26 |         TYPE_GLOBAL_OBJECT = 'GlbO',
2026-09-07T17:59:24.6892208Z       |                              ^~~~~~
2026-09-07T17:59:24.6893650Z /home/runner/work/PocketKrKr/PocketKrKr/cpp/plugins/psdfile/psdparse/psddesc.h:27:23: warning: multi-character character constant [-Wmultichar]
2026-09-07T17:59:24.6895424Z    27 |         TYPE_CLASS1 = 'type',
2026-09-07T17:59:24.6896209Z       |                       ^~~~~~
2026-09-07T17:59:24.6897679Z /home/runner/work/PocketKrKr/PocketKrKr/cpp/plugins/psdfile/psdparse/psddesc.h:28:23: warning: multi-character character constant [-Wmultichar]
2026-09-07T17:59:24.6899193Z    28 |         TYPE_CLASS2 = 'GlbC',
2026-09-07T17:59:24.6899943Z       |                       ^~~~~~
2026-09-07T17:59:24.6901376Z /home/runner/work/PocketKrKr/PocketKrKr/cpp/plugins/psdfile/psdparse/psddesc.h:29:22: warning: multi-character character constant [-Wmultichar]
2026-09-07T17:59:24.6902875Z    29 |         TYPE_ALIAS = 'alis',
2026-09-07T17:59:24.6903604Z       |                      ^~~~~~
2026-09-07T17:59:24.6905087Z /home/runner/work/PocketKrKr/PocketKrKr/cpp/plugins/psdfile/psdparse/psddesc.h:30:25: warning: multi-character character constant [-Wmultichar]
2026-09-07T17:59:24.6906936Z    30 |         TYPE_RAW_DATA = 'tdta',
2026-09-07T17:59:24.6907701Z       |                         ^~~~~~
2026-09-07T17:59:24.6909127Z /home/runner/work/PocketKrKr/PocketKrKr/cpp/plugins/psdfile/psdparse/psddesc.h:34:23: warning: multi-character character constant [-Wmultichar]
2026-09-07T17:59:24.6910658Z    34 |         UNIT_POINTS = '#Pnt',
2026-09-07T17:59:24.6911393Z       |                       ^~~~~~
2026-09-07T17:59:24.6912829Z /home/runner/work/PocketKrKr/PocketKrKr/cpp/plugins/psdfile/psdparse/psddesc.h:35:28: warning: multi-character character constant [-Wmultichar]
2026-09-07T17:59:24.6914364Z    35 |         UNIT_MILLIMETERS = '#Mlm',
2026-09-07T17:59:24.6915150Z       |                            ^~~~~~
2026-09-07T17:59:24.6917301Z /home/runner/work/PocketKrKr/PocketKrKr/cpp/plugins/psdfile/psdparse/psddesc.h:36:22: warning: multi-character character constant [-Wmultichar]
2026-09-07T17:59:24.6918873Z    36 |         UNIT_ANGLE = '#Ang', // degrees
2026-09-07T17:59:24.6919676Z       |                      ^~~~~~
2026-09-07T17:59:24.6921365Z /home/runner/work/PocketKrKr/PocketKrKr/cpp/plugins/psdfile/psdparse/psddesc.h:37:24: warning: multi-character character constant [-Wmultichar]
2026-09-07T17:59:24.6922959Z    37 |         UNIT_DENSITY = '#Rsl', // base per inch
2026-09-07T17:59:24.6923763Z       |                        ^~~~~~
2026-09-07T17:59:24.6925457Z /home/runner/work/PocketKrKr/PocketKrKr/cpp/plugins/psdfile/psdparse/psddesc.h:38:25: warning: multi-character character constant [-Wmultichar]
2026-09-07T17:59:24.6926998Z    38 |         UNIT_DISTANCE = '#Rlt', // base 72ppi
2026-09-07T17:59:24.6927829Z       |                         ^~~~~~
2026-09-07T17:59:24.6929291Z /home/runner/work/PocketKrKr/PocketKrKr/cpp/plugins/psdfile/psdparse/psddesc.h:39:21: warning: multi-character character constant [-Wmultichar]
2026-09-07T17:59:24.6930763Z    39 |         UNIT_NONE = '#Nne',
2026-09-07T17:59:24.6931489Z       |                     ^~~~~~
2026-09-07T17:59:24.6932898Z /home/runner/work/PocketKrKr/PocketKrKr/cpp/plugins/psdfile/psdparse/psddesc.h:40:24: warning: multi-character character constant [-Wmultichar]
2026-09-07T17:59:24.6934421Z    40 |         UNIT_PERCENT = '#Prc',
2026-09-07T17:59:24.6935655Z       |                        ^~~~~~
2026-09-07T17:59:24.6937208Z /home/runner/work/PocketKrKr/PocketKrKr/cpp/plugins/psdfile/psdparse/psddesc.h:41:23: warning: multi-character character constant [-Wmultichar]
2026-09-07T17:59:24.6938693Z    41 |         UNIT_PIXELS = '#Pxl',
2026-09-07T17:59:24.6939411Z       |                       ^~~~~~
2026-09-07T17:59:24.6940798Z /home/runner/work/PocketKrKr/PocketKrKr/cpp/plugins/psdfile/psdparse/psddesc.h:46:29: warning: multi-character character constant [-Wmultichar]
2026-09-07T17:59:24.6942303Z    46 |         REF_TYPE_PROPERTY = 'prop',
2026-09-07T17:59:24.6943080Z       |                             ^~~~~~
2026-09-07T17:59:24.6944548Z /home/runner/work/PocketKrKr/PocketKrKr/cpp/plugins/psdfile/psdparse/psddesc.h:47:26: warning: multi-character character constant [-Wmultichar]
2026-09-07T17:59:24.6946385Z    47 |         REF_TYPE_CLASS = 'Clss',
2026-09-07T17:59:24.6947134Z       |                          ^~~~~~
2026-09-07T17:59:24.6948561Z /home/runner/work/PocketKrKr/PocketKrKr/cpp/plugins/psdfile/psdparse/psddesc.h:48:29: warning: multi-character character constant [-Wmultichar]
2026-09-07T17:59:24.6950063Z    48 |         REF_TYPE_ENUM_REF = 'Enmr',
2026-09-07T17:59:24.6950849Z       |                             ^~~~~~
2026-09-07T17:59:24.6952314Z /home/runner/work/PocketKrKr/PocketKrKr/cpp/plugins/psdfile/psdparse/psddesc.h:49:27: warning: multi-character character constant [-Wmultichar]
2026-09-07T17:59:24.6953813Z    49 |         REF_TYPE_OFFSET = 'rele',
2026-09-07T17:59:24.6954584Z       |                           ^~~~~~
2026-09-07T17:59:24.6956290Z /home/runner/work/PocketKrKr/PocketKrKr/cpp/plugins/psdfile/psdparse/psddesc.h:50:31: warning: multi-character character constant [-Wmultichar]
2026-09-07T17:59:24.6957743Z    50 |         REF_TYPE_IDENTIFIER = 'Idnt',
2026-09-07T17:59:24.6958463Z       |                               ^~~~~~
2026-09-07T17:59:24.6959886Z /home/runner/work/PocketKrKr/PocketKrKr/cpp/plugins/psdfile/psdparse/psddesc.h:51:26: warning: multi-character character constant [-Wmultichar]
2026-09-07T17:59:24.6961412Z    51 |         REF_TYPE_INDEX = 'indx',
2026-09-07T17:59:24.6962127Z       |                          ^~~~~~
2026-09-07T17:59:24.6963536Z /home/runner/work/PocketKrKr/PocketKrKr/cpp/plugins/psdfile/psdparse/psddesc.h:52:25: warning: multi-character character constant [-Wmultichar]
2026-09-07T17:59:24.6964988Z    52 |         REF_TYPE_NAME = 'name',
2026-09-07T17:59:24.6965878Z       |                         ^~~~~~
2026-09-07T17:59:24.6967247Z In file included from /home/runner/work/PocketKrKr/PocketKrKr/cpp/plugins/psdfile/psdparse/psdfile.h:4,
2026-09-07T17:59:24.6968768Z                  from /home/runner/work/PocketKrKr/PocketKrKr/cpp/plugins/psdfile/psdclass.h:9,
2026-09-07T17:59:24.6970100Z                  from /home/runner/work/PocketKrKr/PocketKrKr/cpp/plugins/psdfile/main.cpp:5:
2026-09-07T17:59:24.6972208Z /home/runner/work/PocketKrKr/PocketKrKr/cpp/plugins/psdfile/psdparse/psddata.h:113:18: warning: multi-character character constant [-Wmultichar]
2026-09-07T17:59:24.6973693Z   113 |             case 'norm':
2026-09-07T17:59:24.6974349Z       |                  ^~~~~~
2026-09-07T17:59:24.6975977Z /home/runner/work/PocketKrKr/PocketKrKr/cpp/plugins/psdfile/psdparse/psddata.h:115:18: warning: multi-character character constant [-Wmultichar]
2026-09-07T17:59:24.6977492Z   115 |             case 'diss':
2026-09-07T17:59:24.6978117Z       |                  ^~~~~~
2026-09-07T17:59:24.6979464Z /home/runner/work/PocketKrKr/PocketKrKr/cpp/plugins/psdfile/psdparse/psddata.h:117:18: warning: multi-character character constant [-Wmultichar]
2026-09-07T17:59:24.6980919Z   117 |             case 'dark':
2026-09-07T17:59:24.6981571Z       |                  ^~~~~~
2026-09-07T17:59:24.6982940Z /home/runner/work/PocketKrKr/PocketKrKr/cpp/plugins/psdfile/psdparse/psddata.h:119:18: warning: multi-character character constant [-Wmultichar]
2026-09-07T17:59:24.6984389Z   119 |             case 'mul ':
2026-09-07T17:59:24.6985040Z       |                  ^~~~~~
2026-09-07T17:59:24.6986711Z /home/runner/work/PocketKrKr/PocketKrKr/cpp/plugins/psdfile/psdparse/psddata.h:121:18: warning: multi-character character constant [-Wmultichar]
2026-09-07T17:59:24.6988235Z   121 |             case 'idiv':
2026-09-07T17:59:24.6988882Z       |                  ^~~~~~
2026-09-07T17:59:24.6990248Z /home/runner/work/PocketKrKr/PocketKrKr/cpp/plugins/psdfile/psdparse/psddata.h:123:18: warning: multi-character character constant [-Wmultichar]
2026-09-07T17:59:24.6991701Z   123 |             case 'lbrn':
2026-09-07T17:59:24.6992347Z       |                  ^~~~~~
2026-09-07T17:59:24.6993696Z /home/runner/work/PocketKrKr/PocketKrKr/cpp/plugins/psdfile/psdparse/psddata.h:125:18: warning: multi-character character constant [-Wmultichar]
2026-09-07T17:59:24.6995108Z   125 |             case 'dkCl':
2026-09-07T17:59:24.6996001Z       |                  ^~~~~~
2026-09-07T17:59:24.6997367Z /home/runner/work/PocketKrKr/PocketKrKr/cpp/plugins/psdfile/psdparse/psddata.h:127:18: warning: multi-character character constant [-Wmultichar]
2026-09-07T17:59:24.6998848Z   127 |             case 'lite':
2026-09-07T17:59:24.6999506Z       |                  ^~~~~~
2026-09-07T17:59:24.7000891Z /home/runner/work/PocketKrKr/PocketKrKr/cpp/plugins/psdfile/psdparse/psddata.h:129:18: warning: multi-character character constant [-Wmultichar]
2026-09-07T17:59:24.7002346Z   129 |             case 'scrn':
2026-09-07T17:59:24.7002993Z       |                  ^~~~~~
2026-09-07T17:59:24.7004393Z /home/runner/work/PocketKrKr/PocketKrKr/cpp/plugins/psdfile/psdparse/psddata.h:131:18: warning: multi-character character constant [-Wmultichar]
2026-09-07T17:59:24.7006103Z   131 |             case 'div ':
2026-09-07T17:59:24.7006744Z       |                  ^~~~~~
2026-09-07T17:59:24.7008061Z /home/runner/work/PocketKrKr/PocketKrKr/cpp/plugins/psdfile/psdparse/psddata.h:133:18: warning: multi-character character constant [-Wmultichar]
2026-09-07T17:59:24.7009447Z   133 |             case 'lddg':
2026-09-07T17:59:24.7010073Z       |                  ^~~~~~
2026-09-07T17:59:24.7011461Z /home/runner/work/PocketKrKr/PocketKrKr/cpp/plugins/psdfile/psdparse/psddata.h:135:18: warning: multi-character character constant [-Wmultichar]
2026-09-07T17:59:24.7012933Z   135 |             case 'ltCl':
2026-09-07T17:59:24.7013581Z       |                  ^~~~~~
2026-09-07T17:59:24.7015427Z /home/runner/work/PocketKrKr/PocketKrKr/cpp/plugins/psdfile/psdparse/psddata.h:137:18: warning: multi-character character constant [-Wmultichar]
2026-09-07T17:59:24.7016945Z   137 |             case 'over':
2026-09-07T17:59:24.7017618Z       |                  ^~~~~~
2026-09-07T17:59:24.7018991Z /home/runner/work/PocketKrKr/PocketKrKr/cpp/plugins/psdfile/psdparse/psddata.h:139:18: warning: multi-character character constant [-Wmultichar]
2026-09-07T17:59:24.7020731Z   139 |             case 'sLit':
2026-09-07T17:59:24.7021347Z       |                  ^~~~~~
2026-09-07T17:59:24.7022669Z /home/runner/work/PocketKrKr/PocketKrKr/cpp/plugins/psdfile/psdparse/psddata.h:141:18: warning: multi-character character constant [-Wmultichar]
2026-09-07T17:59:24.7024094Z   141 |             case 'hLit':
2026-09-07T17:59:24.7024739Z       |                  ^~~~~~
2026-09-07T17:59:24.7026339Z /home/runner/work/PocketKrKr/PocketKrKr/cpp/plugins/psdfile/psdparse/psddata.h:143:18: warning: multi-character character constant [-Wmultichar]
2026-09-07T17:59:24.7027789Z   143 |             case 'vLit':
2026-09-07T17:59:24.7028444Z       |                  ^~~~~~
2026-09-07T17:59:24.7029806Z /home/runner/work/PocketKrKr/PocketKrKr/cpp/plugins/psdfile/psdparse/psddata.h:145:18: warning: multi-character character constant [-Wmultichar]
2026-09-07T17:59:24.7031281Z   145 |             case 'lLit':
2026-09-07T17:59:24.7031940Z       |                  ^~~~~~
2026-09-07T17:59:24.7033327Z /home/runner/work/PocketKrKr/PocketKrKr/cpp/plugins/psdfile/psdparse/psddata.h:147:18: warning: multi-character character constant [-Wmultichar]
2026-09-07T17:59:24.7034790Z   147 |             case 'pLit':
2026-09-07T17:59:24.7035709Z       |                  ^~~~~~
2026-09-07T17:59:24.7037097Z /home/runner/work/PocketKrKr/PocketKrKr/cpp/plugins/psdfile/psdparse/psddata.h:149:18: warning: multi-character character constant [-Wmultichar]
2026-09-07T17:59:24.7038540Z   149 |             case 'hMix':
2026-09-07T17:59:24.7039189Z       |                  ^~~~~~
2026-09-07T17:59:24.7040555Z /home/runner/work/PocketKrKr/PocketKrKr/cpp/plugins/psdfile/psdparse/psddata.h:151:18: warning: multi-character character constant [-Wmultichar]
2026-09-07T17:59:24.7041943Z   151 |             case 'diff':
2026-09-07T17:59:24.7042558Z       |                  ^~~~~~
2026-09-07T17:59:24.7043834Z /home/runner/work/PocketKrKr/PocketKrKr/cpp/plugins/psdfile/psdparse/psddata.h:153:18: warning: multi-character character constant [-Wmultichar]
2026-09-07T17:59:24.7045556Z   153 |             case 'smud':
2026-09-07T17:59:24.7046245Z       |                  ^~~~~~
2026-09-07T17:59:24.7047621Z /home/runner/work/PocketKrKr/PocketKrKr/cpp/plugins/psdfile/psdparse/psddata.h:155:18: warning: multi-character character constant [-Wmultichar]
2026-09-07T17:59:24.7049062Z   155 |             case 'fsub':
2026-09-07T17:59:24.7049737Z       |                  ^~~~~~
2026-09-07T17:59:24.7051143Z /home/runner/work/PocketKrKr/PocketKrKr/cpp/plugins/psdfile/psdparse/psddata.h:157:18: warning: multi-character character constant [-Wmultichar]
2026-09-07T17:59:24.7052622Z   157 |             case 'fdiv':
2026-09-07T17:59:24.7053298Z       |                  ^~~~~~
2026-09-07T17:59:24.7054690Z /home/runner/work/PocketKrKr/PocketKrKr/cpp/plugins/psdfile/psdparse/psddata.h:159:18: warning: multi-character character constant [-Wmultichar]
2026-09-07T17:59:24.7056396Z   159 |             case 'hue ':
2026-09-07T17:59:24.7057052Z       |                  ^~~~~~
2026-09-07T17:59:24.7058515Z /home/runner/work/PocketKrKr/PocketKrKr/cpp/plugins/psdfile/psdparse/psddata.h:161:18: warning: multi-character character constant [-Wmultichar]
2026-09-07T17:59:24.7059947Z   161 |             case 'sat ':
2026-09-07T17:59:24.7060557Z       |                  ^~~~~~
2026-09-07T17:59:24.7061878Z /home/runner/work/PocketKrKr/PocketKrKr/cpp/plugins/psdfile/psdparse/psddata.h:163:18: warning: multi-character character constant [-Wmultichar]
2026-09-07T17:59:24.7063266Z   163 |             case 'colr':
2026-09-07T17:59:24.7063854Z       |                  ^~~~~~
2026-09-07T17:59:24.7065683Z /home/runner/work/PocketKrKr/PocketKrKr/cpp/plugins/psdfile/psdparse/psddata.h:165:18: warning: multi-character character constant [-Wmultichar]
2026-09-07T17:59:24.7067204Z   165 |             case 'lum ':
2026-09-07T17:59:24.7067862Z       |                  ^~~~~~
2026-09-07T17:59:24.7069195Z /home/runner/work/PocketKrKr/PocketKrKr/cpp/plugins/psdfile/psdparse/psddata.h:167:18: warning: multi-character character constant [-Wmultichar]
2026-09-07T17:59:24.7071015Z   167 |             case 'pass':
2026-09-07T17:59:24.7071671Z       |                  ^~~~~~
2026-09-07T17:59:24.7072610Z In file included from /home/runner/work/PocketKrKr/PocketKrKr/cpp/plugins/psdfile/main.cpp:1:
2026-09-07T17:59:24.7075634Z /home/runner/work/PocketKrKr/PocketKrKr/cpp/core/plugin/ncbind.hpp: In static member function ‘static ncbTypeConvertor::Conversion<FROM, TO>::OK ncbTypeConvertor::Conversion<FROM, TO>::check(TO)’:
2026-09-07T17:59:24.7078183Z /home/runner/work/PocketKrKr/PocketKrKr/cpp/core/plugin/ncbind.hpp:244:38: warning: no return statement in function returning non-void [-Wreturn-type]
2026-09-07T17:59:24.7079739Z   244 |                 static OK check(TO) {};
2026-09-07T17:59:24.7080532Z       |                                      ^
2026-09-07T17:59:24.7081723Z In file included from /home/runner/work/PocketKrKr/PocketKrKr/cpp/plugins/psdfile/psdparse/psdfile.h:3,
2026-09-07T17:59:24.7083231Z                  from /home/runner/work/PocketKrKr/PocketKrKr/cpp/plugins/psdfile/psdclass.h:9,
2026-09-07T17:59:24.7084555Z                  from /home/runner/work/PocketKrKr/PocketKrKr/cpp/plugins/psdfile/main.cpp:5:
2026-09-07T17:59:24.7086889Z /home/runner/work/PocketKrKr/PocketKrKr/cpp/plugins/psdfile/psdparse/psddesc.h: In member function ‘virtual void psd::DescriptorReference::dump(int)’:
2026-09-07T17:59:24.7089813Z /home/runner/work/PocketKrKr/PocketKrKr/cpp/plugins/psdfile/psdparse/psddesc.h:234:20: warning: format ‘%d’ expects argument of type ‘int’, but argument 3 has type ‘std::vector<psd::ReferenceItem*>::size_type’ {aka ‘long unsigned int’} [-Wformat=]
2026-09-07T17:59:24.7091069Z   234 |             dprint("%s (count:%d)\n", typeName(), items.size());
2026-09-07T17:59:24.7091457Z       |                    ^~~~~~~~~~~~~~~~~              ~~~~~~~~~~~~
2026-09-07T17:59:24.7091786Z       |                                                             |
2026-09-07T17:59:24.7092276Z       |                                                             std::vector<psd::ReferenceItem*>::size_type {aka long unsigned int}
2026-09-07T17:59:24.7093140Z /home/runner/work/PocketKrKr/PocketKrKr/cpp/plugins/psdfile/psdparse/psdbase.h:7:28: note: in definition of macro ‘dprint’
2026-09-07T17:59:24.7093756Z     7 | #define dprint(...) printf(__VA_ARGS__);
2026-09-07T17:59:24.7094060Z       |                            ^~~~~~~~~~~
2026-09-07T17:59:24.7094558Z In file included from /home/runner/work/PocketKrKr/PocketKrKr/cpp/plugins/psdfile/psdparse/psddata.h:5,
2026-09-07T17:59:24.7095538Z                  from /home/runner/work/PocketKrKr/PocketKrKr/cpp/plugins/psdfile/psdparse/psdfile.h:4,
2026-09-07T17:59:24.7096751Z                  from /home/runner/work/PocketKrKr/PocketKrKr/cpp/plugins/psdfile/psdclass.h:9,
2026-09-07T17:59:24.7097876Z                  from /home/runner/work/PocketKrKr/PocketKrKr/cpp/plugins/psdfile/main.cpp:5:
2026-09-07T17:59:24.7099223Z /home/runner/work/PocketKrKr/PocketKrKr/cpp/plugins/psdfile/psdparse/psddesc.h:234:32: note: format string is defined here
2026-09-07T17:59:24.7100477Z   234 |             dprint("%s (count:%d)\n", typeName(), items.size());
2026-09-07T17:59:24.7101137Z       |                               ~^
2026-09-07T17:59:24.7101611Z       |                                |
2026-09-07T17:59:24.7102097Z       |                                int
2026-09-07T17:59:24.7102585Z       |                               %ld
2026-09-07T17:59:24.7103518Z In file included from /home/runner/work/PocketKrKr/PocketKrKr/cpp/plugins/psdfile/psdparse/psdfile.h:3,
2026-09-07T17:59:24.7104761Z                  from /home/runner/work/PocketKrKr/PocketKrKr/cpp/plugins/psdfile/psdclass.h:9,
2026-09-07T17:59:24.7106404Z                  from /home/runner/work/PocketKrKr/PocketKrKr/cpp/plugins/psdfile/main.cpp:5:
2026-09-07T17:59:24.7108341Z /home/runner/work/PocketKrKr/PocketKrKr/cpp/plugins/psdfile/psdparse/psddesc.h: In member function ‘virtual void psd::DescriptorList::dump(int)’:
2026-09-07T17:59:24.7111754Z /home/runner/work/PocketKrKr/PocketKrKr/cpp/plugins/psdfile/psdparse/psddesc.h:253:20: warning: format ‘%d’ expects argument of type ‘int’, but argument 3 has type ‘std::vector<psd::DescriptorItem*>::size_type’ {aka ‘long unsigned int’} [-Wformat=]
2026-09-07T17:59:24.7113783Z   253 |             dprint("%s (count:%d)\n", typeName(), items.size());
2026-09-07T17:59:24.7114471Z       |                    ^~~~~~~~~~~~~~~~~              ~~~~~~~~~~~~
2026-09-07T17:59:24.7115064Z       |                                                             |
2026-09-07T17:59:24.7116333Z       |                                                             std::vector<psd::DescriptorItem*>::size_type {aka long unsigned int}
2026-09-07T17:59:24.7118001Z /home/runner/work/PocketKrKr/PocketKrKr/cpp/plugins/psdfile/psdparse/psdbase.h:7:28: note: in definition of macro ‘dprint’
2026-09-07T17:59:24.7119151Z     7 | #define dprint(...) printf(__VA_ARGS__);
2026-09-07T17:59:24.7119704Z       |                            ^~~~~~~~~~~
2026-09-07T17:59:24.7120657Z In file included from /home/runner/work/PocketKrKr/PocketKrKr/cpp/plugins/psdfile/psdparse/psddata.h:5,
2026-09-07T17:59:24.7121960Z                  from /home/runner/work/PocketKrKr/PocketKrKr/cpp/plugins/psdfile/psdparse/psdfile.h:4,
2026-09-07T17:59:24.7123132Z                  from /home/runner/work/PocketKrKr/PocketKrKr/cpp/plugins/psdfile/psdclass.h:9,
2026-09-07T17:59:24.7124224Z                  from /home/runner/work/PocketKrKr/PocketKrKr/cpp/plugins/psdfile/main.cpp:5:
2026-09-07T17:59:24.7125821Z /home/runner/work/PocketKrKr/PocketKrKr/cpp/plugins/psdfile/psdparse/psddesc.h:253:32: note: format string is defined here
2026-09-07T17:59:24.7127031Z   253 |             dprint("%s (count:%d)\n", typeName(), items.size());
2026-09-07T17:59:24.7127671Z       |                               ~^
2026-09-07T17:59:24.7128163Z       |                                |
2026-09-07T17:59:24.7128648Z       |                                int
2026-09-07T17:59:24.7129148Z       |                               %ld
2026-09-07T17:59:25.0818075Z [431/741] Building CXX object cpp/plugins/layerex_draw/CMakeFiles/layerExDraw.dir/__/psdfile/psdclass_loadmem.cpp.o
2026-09-07T17:59:25.0836255Z In file included from /home/runner/work/PocketKrKr/PocketKrKr/cpp/plugins/psdfile/psdparse/psddata.h:5,
2026-09-07T17:59:25.0866243Z                  from /home/runner/work/PocketKrKr/PocketKrKr/cpp/plugins/psdfile/psdparse/psdfile.h:4,
2026-09-07T17:59:25.0896419Z                  from /home/runner/work/PocketKrKr/PocketKrKr/cpp/plugins/psdfile/psdclass.h:9,
2026-09-07T17:59:25.0897665Z                  from /home/runner/work/PocketKrKr/PocketKrKr/cpp/plugins/psdfile/psdclass_loadmem.cpp:1:
2026-09-07T17:59:25.0899238Z /home/runner/work/PocketKrKr/PocketKrKr/cpp/plugins/psdfile/psdparse/psddesc.h:17:26: warning: multi-character character constant [-Wmultichar]
2026-09-07T17:59:25.0900406Z    17 |         TYPE_REFERENCE = 'obj ',
2026-09-07T17:59:25.0900876Z       |                          ^~~~~~
2026-09-07T17:59:25.0902009Z /home/runner/work/PocketKrKr/PocketKrKr/cpp/plugins/psdfile/psdparse/psddesc.h:18:27: warning: multi-character character constant [-Wmultichar]
2026-09-07T17:59:25.0903171Z    18 |         TYPE_DESCRIPTOR = 'Objc',
2026-09-07T17:59:25.0903655Z       |                           ^~~~~~
2026-09-07T17:59:25.0904766Z /home/runner/work/PocketKrKr/PocketKrKr/cpp/plugins/psdfile/psdparse/psddesc.h:19:21: warning: multi-character character constant [-Wmultichar]
2026-09-07T17:59:25.0906312Z    19 |         TYPE_LIST = 'VlLs',
2026-09-07T17:59:25.0906768Z       |                     ^~~~~~
2026-09-07T17:59:25.0926814Z /home/runner/work/PocketKrKr/PocketKrKr/cpp/plugins/psdfile/psdparse/psddesc.h:20:23: warning: multi-character character constant [-Wmultichar]
2026-09-07T17:59:25.0928041Z    20 |         TYPE_DOUBLE = 'doub',
2026-09-07T17:59:25.0928494Z       |                       ^~~~~~
2026-09-07T17:59:25.0929604Z /home/runner/work/PocketKrKr/PocketKrKr/cpp/plugins/psdfile/psdparse/psddesc.h:21:27: warning: multi-character character constant [-Wmultichar]
2026-09-07T17:59:25.0931068Z    21 |         TYPE_UNIT_FLOAT = 'UntF',
2026-09-07T17:59:25.0931557Z       |                           ^~~~~~
2026-09-07T17:59:25.0932691Z /home/runner/work/PocketKrKr/PocketKrKr/cpp/plugins/psdfile/psdparse/psddesc.h:22:23: warning: multi-character character constant [-Wmultichar]
2026-09-07T17:59:25.0933869Z    22 |         TYPE_STRING = 'TEXT',
2026-09-07T17:59:25.0934328Z       |                       ^~~~~~
2026-09-07T17:59:25.0965797Z /home/runner/work/PocketKrKr/PocketKrKr/cpp/plugins/psdfile/psdparse/psddesc.h:23:27: warning: multi-character character constant [-Wmultichar]
2026-09-07T17:59:25.0967022Z    23 |         TYPE_ENUMERATED = 'enum',
2026-09-07T17:59:25.0967518Z       |                           ^~~~~~
2026-09-07T17:59:25.0968634Z /home/runner/work/PocketKrKr/PocketKrKr/cpp/plugins/psdfile/psdparse/psddesc.h:24:24: warning: multi-character character constant [-Wmultichar]
2026-09-07T17:59:25.0969792Z    24 |         TYPE_INTEGER = 'long',
2026-09-07T17:59:25.0970244Z       |                        ^~~~~~
2026-09-07T17:59:25.0971318Z /home/runner/work/PocketKrKr/PocketKrKr/cpp/plugins/psdfile/psdparse/psddesc.h:25:24: warning: multi-character character constant [-Wmultichar]
2026-09-07T17:59:25.0972563Z    25 |         TYPE_BOOLEAN = 'bool',
2026-09-07T17:59:25.0973003Z       |                        ^~~~~~
2026-09-07T17:59:25.0974103Z /home/runner/work/PocketKrKr/PocketKrKr/cpp/plugins/psdfile/psdparse/psddesc.h:26:30: warning: multi-character character constant [-Wmultichar]
2026-09-07T17:59:25.0975617Z    26 |         TYPE_GLOBAL_OBJECT = 'GlbO',
2026-09-07T17:59:25.0976155Z       |                              ^~~~~~
2026-09-07T17:59:25.0977288Z /home/runner/work/PocketKrKr/PocketKrKr/cpp/plugins/psdfile/psdparse/psddesc.h:27:23: warning: multi-character character constant [-Wmultichar]
2026-09-07T17:59:25.0978407Z    27 |         TYPE_CLASS1 = 'type',
2026-09-07T17:59:25.0978847Z       |                       ^~~~~~
2026-09-07T17:59:25.0979935Z /home/runner/work/PocketKrKr/PocketKrKr/cpp/plugins/psdfile/psdparse/psddesc.h:28:23: warning: multi-character character constant [-Wmultichar]
2026-09-07T17:59:25.0981094Z    28 |         TYPE_CLASS2 = 'GlbC',
2026-09-07T17:59:25.0981540Z       |                       ^~~~~~
2026-09-07T17:59:25.0982614Z /home/runner/work/PocketKrKr/PocketKrKr/cpp/plugins/psdfile/psdparse/psddesc.h:29:22: warning: multi-character character constant [-Wmultichar]
2026-09-07T17:59:25.0983739Z    29 |         TYPE_ALIAS = 'alis',
2026-09-07T17:59:25.0984165Z       |                      ^~~~~~
2026-09-07T17:59:25.0985673Z /home/runner/work/PocketKrKr/PocketKrKr/cpp/plugins/psdfile/psdparse/psddesc.h:30:25: warning: multi-character character constant [-Wmultichar]
2026-09-07T17:59:25.0986839Z    30 |         TYPE_RAW_DATA = 'tdta',
2026-09-07T17:59:25.0987291Z       |                         ^~~~~~
2026-09-07T17:59:25.0988376Z /home/runner/work/PocketKrKr/PocketKrKr/cpp/plugins/psdfile/psdparse/psddesc.h:34:23: warning: multi-character character constant [-Wmultichar]
2026-09-07T17:59:25.0989498Z    34 |         UNIT_POINTS = '#Pnt',
2026-09-07T17:59:25.0989938Z       |                       ^~~~~~
2026-09-07T17:59:25.0991019Z /home/runner/work/PocketKrKr/PocketKrKr/cpp/plugins/psdfile/psdparse/psddesc.h:35:28: warning: multi-character character constant [-Wmultichar]
2026-09-07T17:59:25.0992145Z    35 |         UNIT_MILLIMETERS = '#Mlm',
2026-09-07T17:59:25.0992623Z       |                            ^~~~~~
2026-09-07T17:59:25.0993712Z /home/runner/work/PocketKrKr/PocketKrKr/cpp/plugins/psdfile/psdparse/psddesc.h:36:22: warning: multi-character character constant [-Wmultichar]
2026-09-07T17:59:25.0995138Z    36 |         UNIT_ANGLE = '#Ang', // degrees
2026-09-07T17:59:25.1016558Z       |                      ^~~~~~
2026-09-07T17:59:25.1017681Z /home/runner/work/PocketKrKr/PocketKrKr/cpp/plugins/psdfile/psdparse/psddesc.h:37:24: warning: multi-character character constant [-Wmultichar]
2026-09-07T17:59:25.1019186Z    37 |         UNIT_DENSITY = '#Rsl', // base per inch
2026-09-07T17:59:25.1019699Z       |                        ^~~~~~
2026-09-07T17:59:25.1020790Z /home/runner/work/PocketKrKr/PocketKrKr/cpp/plugins/psdfile/psdparse/psddesc.h:38:25: warning: multi-character character constant [-Wmultichar]
2026-09-07T17:59:25.1021955Z    38 |         UNIT_DISTANCE = '#Rlt', // base 72ppi
2026-09-07T17:59:25.1022463Z       |                         ^~~~~~
2026-09-07T17:59:25.1023585Z /home/runner/work/PocketKrKr/PocketKrKr/cpp/plugins/psdfile/psdparse/psddesc.h:39:21: warning: multi-character character constant [-Wmultichar]
2026-09-07T17:59:25.1024733Z    39 |         UNIT_NONE = '#Nne',
2026-09-07T17:59:25.1025413Z       |                     ^~~~~~
2026-09-07T17:59:25.1026514Z /home/runner/work/PocketKrKr/PocketKrKr/cpp/plugins/psdfile/psdparse/psddesc.h:40:24: warning: multi-character character constant [-Wmultichar]
2026-09-07T17:59:25.1027676Z    40 |         UNIT_PERCENT = '#Prc',
2026-09-07T17:59:25.1028140Z       |                        ^~~~~~
2026-09-07T17:59:25.1037974Z /home/runner/work/PocketKrKr/PocketKrKr/cpp/plugins/psdfile/psdparse/psddesc.h:41:23: warning: multi-character character constant [-Wmultichar]
2026-09-07T17:59:25.1039214Z    41 |         UNIT_PIXELS = '#Pxl',
2026-09-07T17:59:25.1039662Z       |                       ^~~~~~
2026-09-07T17:59:25.1040768Z /home/runner/work/PocketKrKr/PocketKrKr/cpp/plugins/psdfile/psdparse/psddesc.h:46:29: warning: multi-character character constant [-Wmultichar]
2026-09-07T17:59:25.1041944Z    46 |         REF_TYPE_PROPERTY = 'prop',
2026-09-07T17:59:25.1042438Z       |                             ^~~~~~
2026-09-07T17:59:25.1043577Z /home/runner/work/PocketKrKr/PocketKrKr/cpp/plugins/psdfile/psdparse/psddesc.h:47:26: warning: multi-character character constant [-Wmultichar]
2026-09-07T17:59:25.1044739Z    47 |         REF_TYPE_CLASS = 'Clss',
2026-09-07T17:59:25.1085523Z       |                          ^~~~~~
2026-09-07T17:59:25.1086809Z /home/runner/work/PocketKrKr/PocketKrKr/cpp/plugins/psdfile/psdparse/psddesc.h:48:29: warning: multi-character character constant [-Wmultichar]
2026-09-07T17:59:25.1088039Z    48 |         REF_TYPE_ENUM_REF = 'Enmr',
2026-09-07T17:59:25.1088531Z       |                             ^~~~~~
2026-09-07T17:59:25.1089687Z /home/runner/work/PocketKrKr/PocketKrKr/cpp/plugins/psdfile/psdparse/psddesc.h:49:27: warning: multi-character character constant [-Wmultichar]
2026-09-07T17:59:25.1090892Z    49 |         REF_TYPE_OFFSET = 'rele',
2026-09-07T17:59:25.1092120Z       |                           ^~~~~~
2026-09-07T17:59:25.1093244Z /home/runner/work/PocketKrKr/PocketKrKr/cpp/plugins/psdfile/psdparse/psddesc.h:50:31: warning: multi-character character constant [-Wmultichar]
2026-09-07T17:59:25.1094379Z    50 |         REF_TYPE_IDENTIFIER = 'Idnt',
2026-09-07T17:59:25.1094884Z       |                               ^~~~~~
2026-09-07T17:59:25.1096269Z /home/runner/work/PocketKrKr/PocketKrKr/cpp/plugins/psdfile/psdparse/psddesc.h:51:26: warning: multi-character character constant [-Wmultichar]
2026-09-07T17:59:25.1097504Z    51 |         REF_TYPE_INDEX = 'indx',
2026-09-07T17:59:25.1097956Z       |                          ^~~~~~
2026-09-07T17:59:25.1099087Z /home/runner/work/PocketKrKr/PocketKrKr/cpp/plugins/psdfile/psdparse/psddesc.h:52:25: warning: multi-character character constant [-Wmultichar]
2026-09-07T17:59:25.1100284Z    52 |         REF_TYPE_NAME = 'name',
2026-09-07T17:59:25.1100776Z       |                         ^~~~~~
2026-09-07T17:59:25.1101651Z In file included from /home/runner/work/PocketKrKr/PocketKrKr/cpp/plugins/psdfile/psdparse/psdfile.h:4,
2026-09-07T17:59:25.1103134Z                  from /home/runner/work/PocketKrKr/PocketKrKr/cpp/plugins/psdfile/psdclass.h:9,
2026-09-07T17:59:25.1104268Z                  from /home/runner/work/PocketKrKr/PocketKrKr/cpp/plugins/psdfile/psdclass_loadmem.cpp:1:
2026-09-07T17:59:25.1106057Z /home/runner/work/PocketKrKr/PocketKrKr/cpp/plugins/psdfile/psdparse/psddata.h:113:18: warning: multi-character character constant [-Wmultichar]
2026-09-07T17:59:25.1107497Z   113 |             case 'norm':
2026-09-07T17:59:25.1107907Z       |                  ^~~~~~
2026-09-07T17:59:25.1108972Z /home/runner/work/PocketKrKr/PocketKrKr/cpp/plugins/psdfile/psdparse/psddata.h:115:18: warning: multi-character character constant [-Wmultichar]
2026-09-07T17:59:25.1110096Z   115 |             case 'diss':
2026-09-07T17:59:25.1110537Z       |                  ^~~~~~
2026-09-07T17:59:25.1111483Z /home/runner/work/PocketKrKr/PocketKrKr/cpp/plugins/psdfile/psdparse/psddata.h:117:18: warning: multi-character character constant [-Wmultichar]
2026-09-07T17:59:25.1112476Z   117 |             case 'dark':
2026-09-07T17:59:25.1112891Z       |                  ^~~~~~
2026-09-07T17:59:25.1113936Z /home/runner/work/PocketKrKr/PocketKrKr/cpp/plugins/psdfile/psdparse/psddata.h:119:18: warning: multi-character character constant [-Wmultichar]
2026-09-07T17:59:25.1115079Z   119 |             case 'mul ':
2026-09-07T17:59:25.1145907Z       |                  ^~~~~~
2026-09-07T17:59:25.1147055Z /home/runner/work/PocketKrKr/PocketKrKr/cpp/plugins/psdfile/psdparse/psddata.h:121:18: warning: multi-character character constant [-Wmultichar]
2026-09-07T17:59:25.1148233Z   121 |             case 'idiv':
2026-09-07T17:59:25.1148649Z       |                  ^~~~~~
2026-09-07T17:59:25.1149742Z /home/runner/work/PocketKrKr/PocketKrKr/cpp/plugins/psdfile/psdparse/psddata.h:123:18: warning: multi-character character constant [-Wmultichar]
2026-09-07T17:59:25.1150901Z   123 |             case 'lbrn':
2026-09-07T17:59:25.1151315Z       |                  ^~~~~~
2026-09-07T17:59:25.1152414Z /home/runner/work/PocketKrKr/PocketKrKr/cpp/plugins/psdfile/psdparse/psddata.h:125:18: warning: multi-character character constant [-Wmultichar]
2026-09-07T17:59:25.1153577Z   125 |             case 'dkCl':
2026-09-07T17:59:25.1153993Z       |                  ^~~~~~
2026-09-07T17:59:25.1155071Z /home/runner/work/PocketKrKr/PocketKrKr/cpp/plugins/psdfile/psdparse/psddata.h:127:18: warning: multi-character character constant [-Wmultichar]
2026-09-07T17:59:25.1156452Z   127 |             case 'lite':
2026-09-07T17:59:25.1156858Z       |                  ^~~~~~
2026-09-07T17:59:25.1157948Z /home/runner/work/PocketKrKr/PocketKrKr/cpp/plugins/psdfile/psdparse/psddata.h:129:18: warning: multi-character character constant [-Wmultichar]
2026-09-07T17:59:25.1159108Z   129 |             case 'scrn':
2026-09-07T17:59:25.1159518Z       |                  ^~~~~~
2026-09-07T17:59:25.1160621Z /home/runner/work/PocketKrKr/PocketKrKr/cpp/plugins/psdfile/psdparse/psddata.h:131:18: warning: multi-character character constant [-Wmultichar]
2026-09-07T17:59:25.1161789Z   131 |             case 'div ':
2026-09-07T17:59:25.1162185Z       |                  ^~~~~~
2026-09-07T17:59:25.1163266Z /home/runner/work/PocketKrKr/PocketKrKr/cpp/plugins/psdfile/psdparse/psddata.h:133:18: warning: multi-character character constant [-Wmultichar]
2026-09-07T17:59:25.1164421Z   133 |             case 'lddg':
2026-09-07T17:59:25.1164822Z       |                  ^~~~~~
2026-09-07T17:59:25.1166099Z /home/runner/work/PocketKrKr/PocketKrKr/cpp/plugins/psdfile/psdparse/psddata.h:135:18: warning: multi-character character constant [-Wmultichar]
2026-09-07T17:59:25.1167246Z   135 |             case 'ltCl':
2026-09-07T17:59:25.1167656Z       |                  ^~~~~~
2026-09-07T17:59:25.1168739Z /home/runner/work/PocketKrKr/PocketKrKr/cpp/plugins/psdfile/psdparse/psddata.h:137:18: warning: multi-character character constant [-Wmultichar]
2026-09-07T17:59:25.1169894Z   137 |             case 'over':
2026-09-07T17:59:25.1170304Z       |                  ^~~~~~
2026-09-07T17:59:25.1171777Z /home/runner/work/PocketKrKr/PocketKrKr/cpp/plugins/psdfile/psdparse/psddata.h:139:18: warning: multi-character character constant [-Wmultichar]
2026-09-07T17:59:25.1172959Z   139 |             case 'sLit':
2026-09-07T17:59:25.1173368Z       |                  ^~~~~~
2026-09-07T17:59:25.1174642Z /home/runner/work/PocketKrKr/PocketKrKr/cpp/plugins/psdfile/psdparse/psddata.h:141:18: warning: multi-character character constant [-Wmultichar]
2026-09-07T17:59:25.1206256Z   141 |             case 'hLit':
2026-09-07T17:59:25.1206730Z       |                  ^~~~~~
2026-09-07T17:59:25.1207932Z /home/runner/work/PocketKrKr/PocketKrKr/cpp/plugins/psdfile/psdparse/psddata.h:143:18: warning: multi-character character constant [-Wmultichar]
2026-09-07T17:59:25.1209161Z   143 |             case 'vLit':
2026-09-07T17:59:25.1209608Z       |                  ^~~~~~
2026-09-07T17:59:25.1210790Z /home/runner/work/PocketKrKr/PocketKrKr/cpp/plugins/psdfile/psdparse/psddata.h:145:18: warning: multi-character character constant [-Wmultichar]
2026-09-07T17:59:25.1212024Z   145 |             case 'lLit':
2026-09-07T17:59:25.1212493Z       |                  ^~~~~~
2026-09-07T17:59:25.1213630Z /home/runner/work/PocketKrKr/PocketKrKr/cpp/plugins/psdfile/psdparse/psddata.h:147:18: warning: multi-character character constant [-Wmultichar]
2026-09-07T17:59:25.1214895Z   147 |             case 'pLit':
2026-09-07T17:59:25.1215708Z       |                  ^~~~~~
2026-09-07T17:59:25.1216989Z /home/runner/work/PocketKrKr/PocketKrKr/cpp/plugins/psdfile/psdparse/psddata.h:149:18: warning: multi-character character constant [-Wmultichar]
2026-09-07T17:59:25.1218235Z   149 |             case 'hMix':
2026-09-07T17:59:25.1218690Z       |                  ^~~~~~
2026-09-07T17:59:25.1219842Z /home/runner/work/PocketKrKr/PocketKrKr/cpp/plugins/psdfile/psdparse/psddata.h:151:18: warning: multi-character character constant [-Wmultichar]
2026-09-07T17:59:25.1221067Z   151 |             case 'diff':
2026-09-07T17:59:25.1221528Z       |                  ^~~~~~
2026-09-07T17:59:25.1222702Z /home/runner/work/PocketKrKr/PocketKrKr/cpp/plugins/psdfile/psdparse/psddata.h:153:18: warning: multi-character character constant [-Wmultichar]
2026-09-07T17:59:25.1223935Z   153 |             case 'smud':
2026-09-07T17:59:25.1224383Z       |                  ^~~~~~
2026-09-07T17:59:25.1225863Z /home/runner/work/PocketKrKr/PocketKrKr/cpp/plugins/psdfile/psdparse/psddata.h:155:18: warning: multi-character character constant [-Wmultichar]
2026-09-07T17:59:25.1227095Z   155 |             case 'fsub':
2026-09-07T17:59:25.1227552Z       |                  ^~~~~~
2026-09-07T17:59:25.1228707Z /home/runner/work/PocketKrKr/PocketKrKr/cpp/plugins/psdfile/psdparse/psddata.h:157:18: warning: multi-character character constant [-Wmultichar]
2026-09-07T17:59:25.1229943Z   157 |             case 'fdiv':
2026-09-07T17:59:25.1230398Z       |                  ^~~~~~
2026-09-07T17:59:25.1231566Z /home/runner/work/PocketKrKr/PocketKrKr/cpp/plugins/psdfile/psdparse/psddata.h:159:18: warning: multi-character character constant [-Wmultichar]
2026-09-07T17:59:25.1232794Z   159 |             case 'hue ':
2026-09-07T17:59:25.1233242Z       |                  ^~~~~~
2026-09-07T17:59:25.1234430Z /home/runner/work/PocketKrKr/PocketKrKr/cpp/plugins/psdfile/psdparse/psddata.h:161:18: warning: multi-character character constant [-Wmultichar]
2026-09-07T17:59:25.1266072Z   161 |             case 'sat ':
2026-09-07T17:59:25.1266538Z       |                  ^~~~~~
2026-09-07T17:59:25.1267705Z /home/runner/work/PocketKrKr/PocketKrKr/cpp/plugins/psdfile/psdparse/psddata.h:163:18: warning: multi-character character constant [-Wmultichar]
2026-09-07T17:59:25.1268924Z   163 |             case 'colr':
2026-09-07T17:59:25.1269363Z       |                  ^~~~~~
2026-09-07T17:59:25.1270517Z /home/runner/work/PocketKrKr/PocketKrKr/cpp/plugins/psdfile/psdparse/psddata.h:165:18: warning: multi-character character constant [-Wmultichar]
2026-09-07T17:59:25.1271800Z   165 |             case 'lum ':
2026-09-07T17:59:25.1272508Z       |                  ^~~~~~
2026-09-07T17:59:25.1273672Z /home/runner/work/PocketKrKr/PocketKrKr/cpp/plugins/psdfile/psdparse/psddata.h:167:18: warning: multi-character character constant [-Wmultichar]
2026-09-07T17:59:25.1274882Z   167 |             case 'pass':
2026-09-07T17:59:25.1275816Z       |                  ^~~~~~
2026-09-07T17:59:25.1276689Z In file included from /home/runner/work/PocketKrKr/PocketKrKr/cpp/plugins/psdfile/psdparse/psdfile.h:3,
2026-09-07T17:59:25.1277916Z                  from /home/runner/work/PocketKrKr/PocketKrKr/cpp/plugins/psdfile/psdclass.h:9,
2026-09-07T17:59:25.1279124Z                  from /home/runner/work/PocketKrKr/PocketKrKr/cpp/plugins/psdfile/psdclass_loadmem.cpp:1:
2026-09-07T17:59:25.1281415Z /home/runner/work/PocketKrKr/PocketKrKr/cpp/plugins/psdfile/psdparse/psddesc.h: In member function ‘virtual void psd::DescriptorReference::dump(int)’:
2026-09-07T17:59:25.1284485Z /home/runner/work/PocketKrKr/PocketKrKr/cpp/plugins/psdfile/psdparse/psddesc.h:234:20: warning: format ‘%d’ expects argument of type ‘int’, but argument 3 has type ‘std::vector<psd::ReferenceItem*>::size_type’ {aka ‘long unsigned int’} [-Wformat=]
2026-09-07T17:59:25.1286742Z   234 |             dprint("%s (count:%d)\n", typeName(), items.size());
2026-09-07T17:59:25.1287451Z       |                    ^~~~~~~~~~~~~~~~~              ~~~~~~~~~~~~
2026-09-07T17:59:25.1288036Z       |                                                             |
2026-09-07T17:59:25.1288926Z       |                                                             std::vector<psd::ReferenceItem*>::size_type {aka long unsigned int}
2026-09-07T17:59:25.1290537Z /home/runner/work/PocketKrKr/PocketKrKr/cpp/plugins/psdfile/psdparse/psdbase.h:7:28: note: in definition of macro ‘dprint’
2026-09-07T17:59:25.1291670Z     7 | #define dprint(...) printf(__VA_ARGS__);
2026-09-07T17:59:25.1292231Z       |                            ^~~~~~~~~~~
2026-09-07T17:59:25.1293180Z In file included from /home/runner/work/PocketKrKr/PocketKrKr/cpp/plugins/psdfile/psdparse/psddata.h:5,
2026-09-07T17:59:25.1294499Z                  from /home/runner/work/PocketKrKr/PocketKrKr/cpp/plugins/psdfile/psdparse/psdfile.h:4,
2026-09-07T17:59:25.1326121Z                  from /home/runner/work/PocketKrKr/PocketKrKr/cpp/plugins/psdfile/psdclass.h:9,
2026-09-07T17:59:25.1327369Z                  from /home/runner/work/PocketKrKr/PocketKrKr/cpp/plugins/psdfile/psdclass_loadmem.cpp:1:
2026-09-07T17:59:25.1328855Z /home/runner/work/PocketKrKr/PocketKrKr/cpp/plugins/psdfile/psdparse/psddesc.h:234:32: note: format string is defined here
2026-09-07T17:59:25.1330104Z   234 |             dprint("%s (count:%d)\n", typeName(), items.size());
2026-09-07T17:59:25.1330732Z       |                               ~^
2026-09-07T17:59:25.1331204Z       |                                |
2026-09-07T17:59:25.1331699Z       |                                int
2026-09-07T17:59:25.1332190Z       |                               %ld
2026-09-07T17:59:25.1333122Z In file included from /home/runner/work/PocketKrKr/PocketKrKr/cpp/plugins/psdfile/psdparse/psdfile.h:3,
2026-09-07T17:59:25.1334388Z                  from /home/runner/work/PocketKrKr/PocketKrKr/cpp/plugins/psdfile/psdclass.h:9,
2026-09-07T17:59:25.1335836Z                  from /home/runner/work/PocketKrKr/PocketKrKr/cpp/plugins/psdfile/psdclass_loadmem.cpp:1:
2026-09-07T17:59:25.1337820Z /home/runner/work/PocketKrKr/PocketKrKr/cpp/plugins/psdfile/psdparse/psddesc.h: In member function ‘virtual void psd::DescriptorList::dump(int)’:
2026-09-07T17:59:25.1340889Z /home/runner/work/PocketKrKr/PocketKrKr/cpp/plugins/psdfile/psdparse/psddesc.h:253:20: warning: format ‘%d’ expects argument of type ‘int’, but argument 3 has type ‘std::vector<psd::DescriptorItem*>::size_type’ {aka ‘long unsigned int’} [-Wformat=]
2026-09-07T17:59:25.1342925Z   253 |             dprint("%s (count:%d)\n", typeName(), items.size());
2026-09-07T17:59:25.1343614Z       |                    ^~~~~~~~~~~~~~~~~              ~~~~~~~~~~~~
2026-09-07T17:59:25.1344486Z       |                                                             |
2026-09-07T17:59:25.1345679Z       |                                                             std::vector<psd::DescriptorItem*>::size_type {aka long unsigned int}
2026-09-07T17:59:25.1347340Z /home/runner/work/PocketKrKr/PocketKrKr/cpp/plugins/psdfile/psdparse/psdbase.h:7:28: note: in definition of macro ‘dprint’
2026-09-07T17:59:25.1348835Z     7 | #define dprint(...) printf(__VA_ARGS__);
2026-09-07T17:59:25.1349377Z       |                            ^~~~~~~~~~~
2026-09-07T17:59:25.1350300Z In file included from /home/runner/work/PocketKrKr/PocketKrKr/cpp/plugins/psdfile/psdparse/psddata.h:5,
2026-09-07T17:59:25.1351624Z                  from /home/runner/work/PocketKrKr/PocketKrKr/cpp/plugins/psdfile/psdparse/psdfile.h:4,
2026-09-07T17:59:25.1352780Z                  from /home/runner/work/PocketKrKr/PocketKrKr/cpp/plugins/psdfile/psdclass.h:9,
2026-09-07T17:59:25.1354017Z                  from /home/runner/work/PocketKrKr/PocketKrKr/cpp/plugins/psdfile/psdclass_loadmem.cpp:1:
2026-09-07T17:59:25.1385898Z /home/runner/work/PocketKrKr/PocketKrKr/cpp/plugins/psdfile/psdparse/psddesc.h:253:32: note: format string is defined here
2026-09-07T17:59:25.1387204Z   253 |             dprint("%s (count:%d)\n", typeName(), items.size());
2026-09-07T17:59:25.1387881Z       |                               ~^
2026-09-07T17:59:25.1388357Z       |                                |
2026-09-07T17:59:25.1388845Z       |                                int
2026-09-07T17:59:25.1389334Z       |                               %ld
2026-09-07T17:59:25.1390202Z In file included from /home/runner/work/PocketKrKr/PocketKrKr/cpp/plugins/psdfile/psdclass.h:10,
2026-09-07T17:59:25.1391467Z                  from /home/runner/work/PocketKrKr/PocketKrKr/cpp/plugins/psdfile/psdclass_loadmem.cpp:1:
2026-09-07T17:59:25.1393866Z /home/runner/work/PocketKrKr/PocketKrKr/cpp/core/plugin/ncbind.hpp: In static member function ‘static ncbTypeConvertor::Conversion<FROM, TO>::OK ncbTypeConvertor::Conversion<FROM, TO>::check(TO)’:
2026-09-07T17:59:25.1396518Z /home/runner/work/PocketKrKr/PocketKrKr/cpp/core/plugin/ncbind.hpp:244:38: warning: no return statement in function returning non-void [-Wreturn-type]
2026-09-07T17:59:25.1397829Z   244 |                 static OK check(TO) {};
2026-09-07T17:59:25.1398386Z       |                                      ^
2026-09-07T17:59:26.1931693Z [432/741] Building CXX object cpp/plugins/layerex_draw/CMakeFiles/layerExDraw.dir/__/psdfile/psdclass.cpp.o
2026-09-07T17:59:26.1933232Z In file included from /home/runner/work/PocketKrKr/PocketKrKr/cpp/plugins/psdfile/psdparse/psddata.h:5,
2026-09-07T17:59:26.1986159Z                  from /home/runner/work/PocketKrKr/PocketKrKr/cpp/plugins/psdfile/psdparse/psdfile.h:4,
2026-09-07T17:59:26.2016055Z                  from /home/runner/work/PocketKrKr/PocketKrKr/cpp/plugins/psdfile/psdclass.h:9,
2026-09-07T17:59:26.2046046Z                  from /home/runner/work/PocketKrKr/PocketKrKr/cpp/plugins/psdfile/psdclass.cpp:4:
2026-09-07T17:59:26.2076488Z /home/runner/work/PocketKrKr/PocketKrKr/cpp/plugins/psdfile/psdparse/psddesc.h:17:26: warning: multi-character character constant [-Wmultichar]
2026-09-07T17:59:26.2105750Z    17 |         TYPE_REFERENCE = 'obj ',
2026-09-07T17:59:26.2135735Z       |                          ^~~~~~
2026-09-07T17:59:26.2166471Z /home/runner/work/PocketKrKr/PocketKrKr/cpp/plugins/psdfile/psdparse/psddesc.h:18:27: warning: multi-character character constant [-Wmultichar]
2026-09-07T17:59:26.2195874Z    18 |         TYPE_DESCRIPTOR = 'Objc',
2026-09-07T17:59:26.2196626Z       |                           ^~~~~~
2026-09-07T17:59:26.2197929Z /home/runner/work/PocketKrKr/PocketKrKr/cpp/plugins/psdfile/psdparse/psddesc.h:19:21: warning: multi-character character constant [-Wmultichar]
2026-09-07T17:59:26.2199324Z    19 |         TYPE_LIST = 'VlLs',
2026-09-07T17:59:26.2200127Z       |                     ^~~~~~
2026-09-07T17:59:26.2201762Z /home/runner/work/PocketKrKr/PocketKrKr/cpp/plugins/psdfile/psdparse/psddesc.h:20:23: warning: multi-character character constant [-Wmultichar]
2026-09-07T17:59:26.2203130Z    20 |         TYPE_DOUBLE = 'doub',
2026-09-07T17:59:26.2203761Z       |                       ^~~~~~
2026-09-07T17:59:26.2205039Z /home/runner/work/PocketKrKr/PocketKrKr/cpp/plugins/psdfile/psdparse/psddesc.h:21:27: warning: multi-character character constant [-Wmultichar]
2026-09-07T17:59:26.2207054Z    21 |         TYPE_UNIT_FLOAT = 'UntF',
2026-09-07T17:59:26.2207703Z       |                           ^~~~~~
2026-09-07T17:59:26.2208929Z /home/runner/work/PocketKrKr/PocketKrKr/cpp/plugins/psdfile/psdparse/psddesc.h:22:23: warning: multi-character character constant [-Wmultichar]
2026-09-07T17:59:26.2210274Z    22 |         TYPE_STRING = 'TEXT',
2026-09-07T17:59:26.2210877Z       |                       ^~~~~~
2026-09-07T17:59:26.2212128Z /home/runner/work/PocketKrKr/PocketKrKr/cpp/plugins/psdfile/psdparse/psddesc.h:23:27: warning: multi-character character constant [-Wmultichar]
2026-09-07T17:59:26.2213483Z    23 |         TYPE_ENUMERATED = 'enum',
2026-09-07T17:59:26.2214120Z       |                           ^~~~~~
2026-09-07T17:59:26.2215661Z /home/runner/work/PocketKrKr/PocketKrKr/cpp/plugins/psdfile/psdparse/psddesc.h:24:24: warning: multi-character character constant [-Wmultichar]
2026-09-07T17:59:26.2216980Z    24 |         TYPE_INTEGER = 'long',
2026-09-07T17:59:26.2217574Z       |                        ^~~~~~
2026-09-07T17:59:26.2218755Z /home/runner/work/PocketKrKr/PocketKrKr/cpp/plugins/psdfile/psdparse/psddesc.h:25:24: warning: multi-character character constant [-Wmultichar]
2026-09-07T17:59:26.2220013Z    25 |         TYPE_BOOLEAN = 'bool',
2026-09-07T17:59:26.2220595Z       |                        ^~~~~~
2026-09-07T17:59:26.2221765Z /home/runner/work/PocketKrKr/PocketKrKr/cpp/plugins/psdfile/psdparse/psddesc.h:26:30: warning: multi-character character constant [-Wmultichar]
2026-09-07T17:59:26.2223021Z    26 |         TYPE_GLOBAL_OBJECT = 'GlbO',
2026-09-07T17:59:26.2223632Z       |                              ^~~~~~
2026-09-07T17:59:26.2224862Z /home/runner/work/PocketKrKr/PocketKrKr/cpp/plugins/psdfile/psdparse/psddesc.h:27:23: warning: multi-character character constant [-Wmultichar]
2026-09-07T17:59:26.2226373Z    27 |         TYPE_CLASS1 = 'type',
2026-09-07T17:59:26.2226970Z       |                       ^~~~~~
2026-09-07T17:59:26.2228147Z /home/runner/work/PocketKrKr/PocketKrKr/cpp/plugins/psdfile/psdparse/psddesc.h:28:23: warning: multi-character character constant [-Wmultichar]
2026-09-07T17:59:26.2229391Z    28 |         TYPE_CLASS2 = 'GlbC',
2026-09-07T17:59:26.2229970Z       |                       ^~~~~~
2026-09-07T17:59:26.2231273Z /home/runner/work/PocketKrKr/PocketKrKr/cpp/plugins/psdfile/psdparse/psddesc.h:29:22: warning: multi-character character constant [-Wmultichar]
2026-09-07T17:59:26.2232520Z    29 |         TYPE_ALIAS = 'alis',
2026-09-07T17:59:26.2233106Z       |                      ^~~~~~
2026-09-07T17:59:26.2234401Z /home/runner/work/PocketKrKr/PocketKrKr/cpp/plugins/psdfile/psdparse/psddesc.h:30:25: warning: multi-character character constant [-Wmultichar]
2026-09-07T17:59:26.2236147Z    30 |         TYPE_RAW_DATA = 'tdta',
2026-09-07T17:59:26.2236770Z       |                         ^~~~~~
2026-09-07T17:59:26.2238036Z /home/runner/work/PocketKrKr/PocketKrKr/cpp/plugins/psdfile/psdparse/psddesc.h:34:23: warning: multi-character character constant [-Wmultichar]
2026-09-07T17:59:26.2239431Z    34 |         UNIT_POINTS = '#Pnt',
2026-09-07T17:59:26.2240065Z       |                       ^~~~~~
2026-09-07T17:59:26.2241264Z /home/runner/work/PocketKrKr/PocketKrKr/cpp/plugins/psdfile/psdparse/psddesc.h:35:28: warning: multi-character character constant [-Wmultichar]
2026-09-07T17:59:26.2242670Z    35 |         UNIT_MILLIMETERS = '#Mlm',
2026-09-07T17:59:26.2243328Z       |                            ^~~~~~
2026-09-07T17:59:26.2244916Z /home/runner/work/PocketKrKr/PocketKrKr/cpp/plugins/psdfile/psdparse/psddesc.h:36:22: warning: multi-character character constant [-Wmultichar]
2026-09-07T17:59:26.2246636Z    36 |         UNIT_ANGLE = '#Ang', // degrees
2026-09-07T17:59:26.2247323Z       |                      ^~~~~~
2026-09-07T17:59:26.2248640Z /home/runner/work/PocketKrKr/PocketKrKr/cpp/plugins/psdfile/psdparse/psddesc.h:37:24: warning: multi-character character constant [-Wmultichar]
2026-09-07T17:59:26.2250249Z    37 |         UNIT_DENSITY = '#Rsl', // base per inch
2026-09-07T17:59:26.2250956Z       |                        ^~~~~~
2026-09-07T17:59:26.2252285Z /home/runner/work/PocketKrKr/PocketKrKr/cpp/plugins/psdfile/psdparse/psddesc.h:38:25: warning: multi-character character constant [-Wmultichar]
2026-09-07T17:59:26.2253713Z    38 |         UNIT_DISTANCE = '#Rlt', // base 72ppi
2026-09-07T17:59:26.2254353Z       |                         ^~~~~~
2026-09-07T17:59:26.2255873Z /home/runner/work/PocketKrKr/PocketKrKr/cpp/plugins/psdfile/psdparse/psddesc.h:39:21: warning: multi-character character constant [-Wmultichar]
2026-09-07T17:59:26.2257279Z    39 |         UNIT_NONE = '#Nne',
2026-09-07T17:59:26.2257907Z       |                     ^~~~~~
2026-09-07T17:59:26.2259212Z /home/runner/work/PocketKrKr/PocketKrKr/cpp/plugins/psdfile/psdparse/psddesc.h:40:24: warning: multi-character character constant [-Wmultichar]
2026-09-07T17:59:26.2260509Z    40 |         UNIT_PERCENT = '#Prc',
2026-09-07T17:59:26.2261159Z       |                        ^~~~~~
2026-09-07T17:59:26.2262466Z /home/runner/work/PocketKrKr/PocketKrKr/cpp/plugins/psdfile/psdparse/psddesc.h:41:23: warning: multi-character character constant [-Wmultichar]
2026-09-07T17:59:26.2263838Z    41 |         UNIT_PIXELS = '#Pxl',
2026-09-07T17:59:26.2264448Z       |                       ^~~~~~
2026-09-07T17:59:26.2265907Z /home/runner/work/PocketKrKr/PocketKrKr/cpp/plugins/psdfile/psdparse/psddesc.h:46:29: warning: multi-character character constant [-Wmultichar]
2026-09-07T17:59:26.2267353Z    46 |         REF_TYPE_PROPERTY = 'prop',
2026-09-07T17:59:26.2268035Z       |                             ^~~~~~
2026-09-07T17:59:26.2269376Z /home/runner/work/PocketKrKr/PocketKrKr/cpp/plugins/psdfile/psdparse/psddesc.h:47:26: warning: multi-character character constant [-Wmultichar]
2026-09-07T17:59:26.2270708Z    47 |         REF_TYPE_CLASS = 'Clss',
2026-09-07T17:59:26.2271318Z       |                          ^~~~~~
2026-09-07T17:59:26.2272651Z /home/runner/work/PocketKrKr/PocketKrKr/cpp/plugins/psdfile/psdparse/psddesc.h:48:29: warning: multi-character character constant [-Wmultichar]
2026-09-07T17:59:26.2274049Z    48 |         REF_TYPE_ENUM_REF = 'Enmr',
2026-09-07T17:59:26.2274701Z       |                             ^~~~~~
2026-09-07T17:59:26.2276275Z /home/runner/work/PocketKrKr/PocketKrKr/cpp/plugins/psdfile/psdparse/psddesc.h:49:27: warning: multi-character character constant [-Wmultichar]
2026-09-07T17:59:26.2277567Z    49 |         REF_TYPE_OFFSET = 'rele',
2026-09-07T17:59:26.2278231Z       |                           ^~~~~~
2026-09-07T17:59:26.2279566Z /home/runner/work/PocketKrKr/PocketKrKr/cpp/plugins/psdfile/psdparse/psddesc.h:50:31: warning: multi-character character constant [-Wmultichar]
2026-09-07T17:59:26.2280954Z    50 |         REF_TYPE_IDENTIFIER = 'Idnt',
2026-09-07T17:59:26.2281637Z       |                               ^~~~~~
2026-09-07T17:59:26.2282890Z /home/runner/work/PocketKrKr/PocketKrKr/cpp/plugins/psdfile/psdparse/psddesc.h:51:26: warning: multi-character character constant [-Wmultichar]
2026-09-07T17:59:26.2284242Z    51 |         REF_TYPE_INDEX = 'indx',
2026-09-07T17:59:26.2284886Z       |                          ^~~~~~
2026-09-07T17:59:26.2286861Z /home/runner/work/PocketKrKr/PocketKrKr/cpp/plugins/psdfile/psdparse/psddesc.h:52:25: warning: multi-character character constant [-Wmultichar]
2026-09-07T17:59:26.2288616Z    52 |         REF_TYPE_NAME = 'name',
2026-09-07T17:59:26.2289270Z       |                         ^~~~~~
2026-09-07T17:59:26.2290360Z In file included from /home/runner/work/PocketKrKr/PocketKrKr/cpp/plugins/psdfile/psdparse/psdfile.h:4,
2026-09-07T17:59:26.2291967Z                  from /home/runner/work/PocketKrKr/PocketKrKr/cpp/plugins/psdfile/psdclass.h:9,
2026-09-07T17:59:26.2293270Z                  from /home/runner/work/PocketKrKr/PocketKrKr/cpp/plugins/psdfile/psdclass.cpp:4:
2026-09-07T17:59:26.2294954Z /home/runner/work/PocketKrKr/PocketKrKr/cpp/plugins/psdfile/psdparse/psddata.h:113:18: warning: multi-character character constant [-Wmultichar]
2026-09-07T17:59:26.2296818Z   113 |             case 'norm':
2026-09-07T17:59:26.2297397Z       |                  ^~~~~~
2026-09-07T17:59:26.2298652Z /home/runner/work/PocketKrKr/PocketKrKr/cpp/plugins/psdfile/psdparse/psddata.h:115:18: warning: multi-character character constant [-Wmultichar]
2026-09-07T17:59:26.2300011Z   115 |             case 'diss':
2026-09-07T17:59:26.2300613Z       |                  ^~~~~~
2026-09-07T17:59:26.2301910Z /home/runner/work/PocketKrKr/PocketKrKr/cpp/plugins/psdfile/psdparse/psddata.h:117:18: warning: multi-character character constant [-Wmultichar]
2026-09-07T17:59:26.2303288Z   117 |             case 'dark':
2026-09-07T17:59:26.2303896Z       |                  ^~~~~~
2026-09-07T17:59:26.2305079Z /home/runner/work/PocketKrKr/PocketKrKr/cpp/plugins/psdfile/psdparse/psddata.h:119:18: warning: multi-character character constant [-Wmultichar]
2026-09-07T17:59:26.2306772Z   119 |             case 'mul ':
2026-09-07T17:59:26.2307377Z       |                  ^~~~~~
2026-09-07T17:59:26.2308737Z /home/runner/work/PocketKrKr/PocketKrKr/cpp/plugins/psdfile/psdparse/psddata.h:121:18: warning: multi-character character constant [-Wmultichar]
2026-09-07T17:59:26.2310094Z   121 |             case 'idiv':
2026-09-07T17:59:26.2310680Z       |                  ^~~~~~
2026-09-07T17:59:26.2311970Z /home/runner/work/PocketKrKr/PocketKrKr/cpp/plugins/psdfile/psdparse/psddata.h:123:18: warning: multi-character character constant [-Wmultichar]
2026-09-07T17:59:26.2313227Z   123 |             case 'lbrn':
2026-09-07T17:59:26.2313807Z       |                  ^~~~~~
2026-09-07T17:59:26.2315124Z /home/runner/work/PocketKrKr/PocketKrKr/cpp/plugins/psdfile/psdparse/psddata.h:125:18: warning: multi-character character constant [-Wmultichar]
2026-09-07T17:59:26.2316789Z   125 |             case 'dkCl':
2026-09-07T17:59:26.2317386Z       |                  ^~~~~~
2026-09-07T17:59:26.2318653Z /home/runner/work/PocketKrKr/PocketKrKr/cpp/plugins/psdfile/psdparse/psddata.h:127:18: warning: multi-character character constant [-Wmultichar]
2026-09-07T17:59:26.2320032Z   127 |             case 'lite':
2026-09-07T17:59:26.2320628Z       |                  ^~~~~~
2026-09-07T17:59:26.2321830Z /home/runner/work/PocketKrKr/PocketKrKr/cpp/plugins/psdfile/psdparse/psddata.h:129:18: warning: multi-character character constant [-Wmultichar]
2026-09-07T17:59:26.2323188Z   129 |             case 'scrn':
2026-09-07T17:59:26.2323776Z       |                  ^~~~~~
2026-09-07T17:59:26.2325052Z /home/runner/work/PocketKrKr/PocketKrKr/cpp/plugins/psdfile/psdparse/psddata.h:131:18: warning: multi-character character constant [-Wmultichar]
2026-09-07T17:59:26.2326660Z   131 |             case 'div ':
2026-09-07T17:59:26.2327251Z       |                  ^~~~~~
2026-09-07T17:59:26.2328530Z /home/runner/work/PocketKrKr/PocketKrKr/cpp/plugins/psdfile/psdparse/psddata.h:133:18: warning: multi-character character constant [-Wmultichar]
2026-09-07T17:59:26.2329862Z   133 |             case 'lddg':
2026-09-07T17:59:26.2330406Z       |                  ^~~~~~
2026-09-07T17:59:26.2331680Z /home/runner/work/PocketKrKr/PocketKrKr/cpp/plugins/psdfile/psdparse/psddata.h:135:18: warning: multi-character character constant [-Wmultichar]
2026-09-07T17:59:26.2333088Z   135 |             case 'ltCl':
2026-09-07T17:59:26.2333683Z       |                  ^~~~~~
2026-09-07T17:59:26.2334998Z /home/runner/work/PocketKrKr/PocketKrKr/cpp/plugins/psdfile/psdparse/psddata.h:137:18: warning: multi-character character constant [-Wmultichar]
2026-09-07T17:59:26.2336689Z   137 |             case 'over':
2026-09-07T17:59:26.2337278Z       |                  ^~~~~~
2026-09-07T17:59:26.2338723Z /home/runner/work/PocketKrKr/PocketKrKr/cpp/plugins/psdfile/psdparse/psddata.h:139:18: warning: multi-character character constant [-Wmultichar]
2026-09-07T17:59:26.2340066Z   139 |             case 'sLit':
2026-09-07T17:59:26.2340665Z       |                  ^~~~~~
2026-09-07T17:59:26.2342187Z /home/runner/work/PocketKrKr/PocketKrKr/cpp/plugins/psdfile/psdparse/psddata.h:141:18: warning: multi-character character constant [-Wmultichar]
2026-09-07T17:59:26.2343549Z   141 |             case 'hLit':
2026-09-07T17:59:26.2344129Z       |                  ^~~~~~
2026-09-07T17:59:26.2345623Z /home/runner/work/PocketKrKr/PocketKrKr/cpp/plugins/psdfile/psdparse/psddata.h:143:18: warning: multi-character character constant [-Wmultichar]
2026-09-07T17:59:26.2347014Z   143 |             case 'vLit':
2026-09-07T17:59:26.2347598Z       |                  ^~~~~~
2026-09-07T17:59:26.2348787Z /home/runner/work/PocketKrKr/PocketKrKr/cpp/plugins/psdfile/psdparse/psddata.h:145:18: warning: multi-character character constant [-Wmultichar]
2026-09-07T17:59:26.2350146Z   145 |             case 'lLit':
2026-09-07T17:59:26.2350735Z       |                  ^~~~~~
2026-09-07T17:59:26.2352009Z /home/runner/work/PocketKrKr/PocketKrKr/cpp/plugins/psdfile/psdparse/psddata.h:147:18: warning: multi-character character constant [-Wmultichar]
2026-09-07T17:59:26.2353386Z   147 |             case 'pLit':
2026-09-07T17:59:26.2353987Z       |                  ^~~~~~
2026-09-07T17:59:26.2355500Z /home/runner/work/PocketKrKr/PocketKrKr/cpp/plugins/psdfile/psdparse/psddata.h:149:18: warning: multi-character character constant [-Wmultichar]
2026-09-07T17:59:26.2356912Z   149 |             case 'hMix':
2026-09-07T17:59:26.2357488Z       |                  ^~~~~~
2026-09-07T17:59:26.2358672Z /home/runner/work/PocketKrKr/PocketKrKr/cpp/plugins/psdfile/psdparse/psddata.h:151:18: warning: multi-character character constant [-Wmultichar]
2026-09-07T17:59:26.2360040Z   151 |             case 'diff':
2026-09-07T17:59:26.2360643Z       |                  ^~~~~~
2026-09-07T17:59:26.2361914Z /home/runner/work/PocketKrKr/PocketKrKr/cpp/plugins/psdfile/psdparse/psddata.h:153:18: warning: multi-character character constant [-Wmultichar]
2026-09-07T17:59:26.2363288Z   153 |             case 'smud':
2026-09-07T17:59:26.2363881Z       |                  ^~~~~~
2026-09-07T17:59:26.2365375Z /home/runner/work/PocketKrKr/PocketKrKr/cpp/plugins/psdfile/psdparse/psddata.h:155:18: warning: multi-character character constant [-Wmultichar]
2026-09-07T17:59:26.2366828Z   155 |             case 'fsub':
2026-09-07T17:59:26.2367418Z       |                  ^~~~~~
2026-09-07T17:59:26.2368645Z /home/runner/work/PocketKrKr/PocketKrKr/cpp/plugins/psdfile/psdparse/psddata.h:157:18: warning: multi-character character constant [-Wmultichar]
2026-09-07T17:59:26.2369935Z   157 |             case 'fdiv':
2026-09-07T17:59:26.2370515Z       |                  ^~~~~~
2026-09-07T17:59:26.2371745Z /home/runner/work/PocketKrKr/PocketKrKr/cpp/plugins/psdfile/psdparse/psddata.h:159:18: warning: multi-character character constant [-Wmultichar]
2026-09-07T17:59:26.2373035Z   159 |             case 'hue ':
2026-09-07T17:59:26.2373602Z       |                  ^~~~~~
2026-09-07T17:59:26.2374925Z /home/runner/work/PocketKrKr/PocketKrKr/cpp/plugins/psdfile/psdparse/psddata.h:161:18: warning: multi-character character constant [-Wmultichar]
2026-09-07T17:59:26.2376480Z   161 |             case 'sat ':
2026-09-07T17:59:26.2377058Z       |                  ^~~~~~
2026-09-07T17:59:26.2378275Z /home/runner/work/PocketKrKr/PocketKrKr/cpp/plugins/psdfile/psdparse/psddata.h:163:18: warning: multi-character character constant [-Wmultichar]
2026-09-07T17:59:26.2379653Z   163 |             case 'colr':
2026-09-07T17:59:26.2380289Z       |                  ^~~~~~
2026-09-07T17:59:26.2381603Z /home/runner/work/PocketKrKr/PocketKrKr/cpp/plugins/psdfile/psdparse/psddata.h:165:18: warning: multi-character character constant [-Wmultichar]
2026-09-07T17:59:26.2382964Z   165 |             case 'lum ':
2026-09-07T17:59:26.2383789Z       |                  ^~~~~~
2026-09-07T17:59:26.2385060Z /home/runner/work/PocketKrKr/PocketKrKr/cpp/plugins/psdfile/psdparse/psddata.h:167:18: warning: multi-character character constant [-Wmultichar]
2026-09-07T17:59:26.2386659Z   167 |             case 'pass':
2026-09-07T17:59:26.2387472Z       |                  ^~~~~~
2026-09-07T17:59:26.2388435Z In file included from /home/runner/work/PocketKrKr/PocketKrKr/cpp/plugins/psdfile/psdparse/psdfile.h:3,
2026-09-07T17:59:26.2389846Z                  from /home/runner/work/PocketKrKr/PocketKrKr/cpp/plugins/psdfile/psdclass.h:9,
2026-09-07T17:59:26.2391076Z                  from /home/runner/work/PocketKrKr/PocketKrKr/cpp/plugins/psdfile/psdclass.cpp:4:
2026-09-07T17:59:26.2393313Z /home/runner/work/PocketKrKr/PocketKrKr/cpp/plugins/psdfile/psdparse/psddesc.h: In member function ‘virtual void psd::DescriptorReference::dump(int)’:
2026-09-07T17:59:26.2396632Z /home/runner/work/PocketKrKr/PocketKrKr/cpp/plugins/psdfile/psdparse/psddesc.h:234:20: warning: format ‘%d’ expects argument of type ‘int’, but argument 3 has type ‘std::vector<psd::ReferenceItem*>::size_type’ {aka ‘long unsigned int’} [-Wformat=]
2026-09-07T17:59:26.2398867Z   234 |             dprint("%s (count:%d)\n", typeName(), items.size());
2026-09-07T17:59:26.2399723Z       |                    ^~~~~~~~~~~~~~~~~              ~~~~~~~~~~~~
2026-09-07T17:59:26.2400446Z       |                                                             |
2026-09-07T17:59:26.2401457Z       |                                                             std::vector<psd::ReferenceItem*>::size_type {aka long unsigned int}
2026-09-07T17:59:26.2403147Z /home/runner/work/PocketKrKr/PocketKrKr/cpp/plugins/psdfile/psdparse/psdbase.h:7:28: note: in definition of macro ‘dprint’
2026-09-07T17:59:26.2404374Z     7 | #define dprint(...) printf(__VA_ARGS__);
2026-09-07T17:59:26.2405022Z       |                            ^~~~~~~~~~~
2026-09-07T17:59:26.2406262Z In file included from /home/runner/work/PocketKrKr/PocketKrKr/cpp/plugins/psdfile/psdparse/psddata.h:5,
2026-09-07T17:59:26.2407624Z                  from /home/runner/work/PocketKrKr/PocketKrKr/cpp/plugins/psdfile/psdparse/psdfile.h:4,
2026-09-07T17:59:26.2408837Z                  from /home/runner/work/PocketKrKr/PocketKrKr/cpp/plugins/psdfile/psdclass.h:9,
2026-09-07T17:59:26.2410052Z                  from /home/runner/work/PocketKrKr/PocketKrKr/cpp/plugins/psdfile/psdclass.cpp:4:
2026-09-07T17:59:26.2411488Z /home/runner/work/PocketKrKr/PocketKrKr/cpp/plugins/psdfile/psdparse/psddesc.h:234:32: note: format string is defined here
2026-09-07T17:59:26.2412821Z   234 |             dprint("%s (count:%d)\n", typeName(), items.size());
2026-09-07T17:59:26.2413583Z       |                               ~^
2026-09-07T17:59:26.2414201Z       |                                |
2026-09-07T17:59:26.2414805Z       |                                int
2026-09-07T17:59:26.2415637Z       |                               %ld
2026-09-07T17:59:26.2416722Z In file included from /home/runner/work/PocketKrKr/PocketKrKr/cpp/plugins/psdfile/psdparse/psdfile.h:3,
2026-09-07T17:59:26.2418031Z                  from /home/runner/work/PocketKrKr/PocketKrKr/cpp/plugins/psdfile/psdclass.h:9,
2026-09-07T17:59:26.2419293Z                  from /home/runner/work/PocketKrKr/PocketKrKr/cpp/plugins/psdfile/psdclass.cpp:4:
2026-09-07T17:59:26.2421279Z /home/runner/work/PocketKrKr/PocketKrKr/cpp/plugins/psdfile/psdparse/psddesc.h: In member function ‘virtual void psd::DescriptorList::dump(int)’:
2026-09-07T17:59:26.2424341Z /home/runner/work/PocketKrKr/PocketKrKr/cpp/plugins/psdfile/psdparse/psddesc.h:253:20: warning: format ‘%d’ expects argument of type ‘int’, but argument 3 has type ‘std::vector<psd::DescriptorItem*>::size_type’ {aka ‘long unsigned int’} [-Wformat=]
2026-09-07T17:59:26.2426696Z   253 |             dprint("%s (count:%d)\n", typeName(), items.size());
2026-09-07T17:59:26.2427480Z       |                    ^~~~~~~~~~~~~~~~~              ~~~~~~~~~~~~
2026-09-07T17:59:26.2428490Z       |                                                             |
2026-09-07T17:59:26.2429550Z       |                                                             std::vector<psd::DescriptorItem*>::size_type {aka long unsigned int}
2026-09-07T17:59:26.2431225Z /home/runner/work/PocketKrKr/PocketKrKr/cpp/plugins/psdfile/psdparse/psdbase.h:7:28: note: in definition of macro ‘dprint’
2026-09-07T17:59:26.2432753Z     7 | #define dprint(...) printf(__VA_ARGS__);
2026-09-07T17:59:26.2433463Z       |                            ^~~~~~~~~~~
2026-09-07T17:59:26.2434481Z In file included from /home/runner/work/PocketKrKr/PocketKrKr/cpp/plugins/psdfile/psdparse/psddata.h:5,
2026-09-07T17:59:26.2436080Z                  from /home/runner/work/PocketKrKr/PocketKrKr/cpp/plugins/psdfile/psdparse/psdfile.h:4,
2026-09-07T17:59:26.2437306Z                  from /home/runner/work/PocketKrKr/PocketKrKr/cpp/plugins/psdfile/psdclass.h:9,
2026-09-07T17:59:26.2438565Z                  from /home/runner/work/PocketKrKr/PocketKrKr/cpp/plugins/psdfile/psdclass.cpp:4:
2026-09-07T17:59:26.2440000Z /home/runner/work/PocketKrKr/PocketKrKr/cpp/plugins/psdfile/psdparse/psddesc.h:253:32: note: format string is defined here
2026-09-07T17:59:26.2441330Z   253 |             dprint("%s (count:%d)\n", typeName(), items.size());
2026-09-07T17:59:26.2442075Z       |                               ~^
2026-09-07T17:59:26.2442683Z       |                                |
2026-09-07T17:59:26.2443304Z       |                                int
2026-09-07T17:59:26.2443932Z       |                               %ld
2026-09-07T17:59:26.2444918Z In file included from /home/runner/work/PocketKrKr/PocketKrKr/cpp/plugins/psdfile/psdclass.h:10,
2026-09-07T17:59:26.2446447Z                  from /home/runner/work/PocketKrKr/PocketKrKr/cpp/plugins/psdfile/psdclass.cpp:4:
2026-09-07T17:59:26.2448817Z /home/runner/work/PocketKrKr/PocketKrKr/cpp/core/plugin/ncbind.hpp: In static member function ‘static ncbTypeConvertor::Conversion<FROM, TO>::OK ncbTypeConvertor::Conversion<FROM, TO>::check(TO)’:
2026-09-07T17:59:26.2451107Z /home/runner/work/PocketKrKr/PocketKrKr/cpp/core/plugin/ncbind.hpp:244:38: warning: no return statement in function returning non-void [-Wreturn-type]
2026-09-07T17:59:26.2452487Z   244 |                 static OK check(TO) {};
2026-09-07T17:59:26.2453144Z       |                                      ^
2026-09-07T17:59:26.2454203Z [433/741] Building CXX object cpp/plugins/layerex_draw/CMakeFiles/layerExDraw.dir/__/psbfile/PSBValue.cpp.o
2026-09-07T17:59:28.0807354Z [434/741] Building CXX object cpp/plugins/layerex_draw/CMakeFiles/layerExDraw.dir/__/psdfile/psdclass_loadstreambase.cpp.o
2026-09-07T17:59:28.0836720Z In file included from /home/runner/work/PocketKrKr/PocketKrKr/cpp/plugins/psdfile/psdparse/psddata.h:5,
2026-09-07T17:59:28.0856244Z                  from /home/runner/work/PocketKrKr/PocketKrKr/cpp/plugins/psdfile/psdparse/psdfile.h:4,
2026-09-07T17:59:28.0886099Z                  from /home/runner/work/PocketKrKr/PocketKrKr/cpp/plugins/psdfile/psdclass.h:9,
2026-09-07T17:59:28.0887369Z                  from /home/runner/work/PocketKrKr/PocketKrKr/cpp/plugins/psdfile/psdclass_loadstreambase.cpp:4:
2026-09-07T17:59:28.0916732Z /home/runner/work/PocketKrKr/PocketKrKr/cpp/plugins/psdfile/psdparse/psddesc.h:17:26: warning: multi-character character constant [-Wmultichar]
2026-09-07T17:59:28.0945773Z    17 |         TYPE_REFERENCE = 'obj ',
2026-09-07T17:59:28.0975851Z       |                          ^~~~~~
2026-09-07T17:59:28.0986397Z /home/runner/work/PocketKrKr/PocketKrKr/cpp/plugins/psdfile/psdparse/psddesc.h:18:27: warning: multi-character character constant [-Wmultichar]
2026-09-07T17:59:28.1005980Z    18 |         TYPE_DESCRIPTOR = 'Objc',
2026-09-07T17:59:28.1035837Z       |                           ^~~~~~
2026-09-07T17:59:28.1042142Z /home/runner/work/PocketKrKr/PocketKrKr/cpp/plugins/psdfile/psdparse/psddesc.h:19:21: warning: multi-character character constant [-Wmultichar]
2026-09-07T17:59:28.1085764Z    19 |         TYPE_LIST = 'VlLs',
2026-09-07T17:59:28.1086642Z       |                     ^~~~~~
2026-09-07T17:59:28.1126583Z /home/runner/work/PocketKrKr/PocketKrKr/cpp/plugins/psdfile/psdparse/psddesc.h:20:23: warning: multi-character character constant [-Wmultichar]
2026-09-07T17:59:28.1145768Z    20 |         TYPE_DOUBLE = 'doub',
2026-09-07T17:59:28.1155873Z       |                       ^~~~~~
2026-09-07T17:59:28.1186570Z /home/runner/work/PocketKrKr/PocketKrKr/cpp/plugins/psdfile/psdparse/psddesc.h:21:27: warning: multi-character character constant [-Wmultichar]
2026-09-07T17:59:28.1215952Z    21 |         TYPE_UNIT_FLOAT = 'UntF',
2026-09-07T17:59:28.1235772Z       |                           ^~~~~~
2026-09-07T17:59:28.1246649Z /home/runner/work/PocketKrKr/PocketKrKr/cpp/plugins/psdfile/psdparse/psddesc.h:22:23: warning: multi-character character constant [-Wmultichar]
2026-09-07T17:59:28.1275971Z    22 |         TYPE_STRING = 'TEXT',
2026-09-07T17:59:28.1295741Z       |                       ^~~~~~
2026-09-07T17:59:28.1326503Z /home/runner/work/PocketKrKr/PocketKrKr/cpp/plugins/psdfile/psdparse/psddesc.h:23:27: warning: multi-character character constant [-Wmultichar]
2026-09-07T17:59:28.1335919Z    23 |         TYPE_ENUMERATED = 'enum',
2026-09-07T17:59:28.1365857Z       |                           ^~~~~~
2026-09-07T17:59:28.1386557Z /home/runner/work/PocketKrKr/PocketKrKr/cpp/plugins/psdfile/psdparse/psddesc.h:24:24: warning: multi-character character constant [-Wmultichar]
2026-09-07T17:59:28.1395961Z    24 |         TYPE_INTEGER = 'long',
2026-09-07T17:59:28.1425866Z       |                        ^~~~~~
2026-09-07T17:59:28.1456535Z /home/runner/work/PocketKrKr/PocketKrKr/cpp/plugins/psdfile/psdparse/psddesc.h:25:24: warning: multi-character character constant [-Wmultichar]
2026-09-07T17:59:28.1457812Z    25 |         TYPE_BOOLEAN = 'bool',
2026-09-07T17:59:28.1485847Z       |                        ^~~~~~
2026-09-07T17:59:28.1516588Z /home/runner/work/PocketKrKr/PocketKrKr/cpp/plugins/psdfile/psdparse/psddesc.h:26:30: warning: multi-character character constant [-Wmultichar]
2026-09-07T17:59:28.1535903Z    26 |         TYPE_GLOBAL_OBJECT = 'GlbO',
2026-09-07T17:59:28.1565796Z       |                              ^~~~~~
2026-09-07T17:59:28.1576610Z /home/runner/work/PocketKrKr/PocketKrKr/cpp/plugins/psdfile/psdparse/psddesc.h:27:23: warning: multi-character character constant [-Wmultichar]
2026-09-07T17:59:28.1605904Z    27 |         TYPE_CLASS1 = 'type',
2026-09-07T17:59:28.1615906Z       |                       ^~~~~~
2026-09-07T17:59:28.1656535Z /home/runner/work/PocketKrKr/PocketKrKr/cpp/plugins/psdfile/psdparse/psddesc.h:28:23: warning: multi-character character constant [-Wmultichar]
2026-09-07T17:59:28.1665835Z    28 |         TYPE_CLASS2 = 'GlbC',
2026-09-07T17:59:28.1715808Z       |                       ^~~~~~
2026-09-07T17:59:28.1746532Z /home/runner/work/PocketKrKr/PocketKrKr/cpp/plugins/psdfile/psdparse/psddesc.h:29:22: warning: multi-character character constant [-Wmultichar]
2026-09-07T17:59:28.1775819Z    29 |         TYPE_ALIAS = 'alis',
2026-09-07T17:59:28.1805799Z       |                      ^~~~~~
2026-09-07T17:59:28.1816636Z /home/runner/work/PocketKrKr/PocketKrKr/cpp/plugins/psdfile/psdparse/psddesc.h:30:25: warning: multi-character character constant [-Wmultichar]
2026-09-07T17:59:28.1817879Z    30 |         TYPE_RAW_DATA = 'tdta',
2026-09-07T17:59:28.1818399Z       |                         ^~~~~~
2026-09-07T17:59:28.1819580Z /home/runner/work/PocketKrKr/PocketKrKr/cpp/plugins/psdfile/psdparse/psddesc.h:34:23: warning: multi-character character constant [-Wmultichar]
2026-09-07T17:59:28.1820791Z    34 |         UNIT_POINTS = '#Pnt',
2026-09-07T17:59:28.1821265Z       |                       ^~~~~~
2026-09-07T17:59:28.1822394Z /home/runner/work/PocketKrKr/PocketKrKr/cpp/plugins/psdfile/psdparse/psddesc.h:35:28: warning: multi-character character constant [-Wmultichar]
2026-09-07T17:59:28.1823552Z    35 |         UNIT_MILLIMETERS = '#Mlm',
2026-09-07T17:59:28.1824156Z       |                            ^~~~~~
2026-09-07T17:59:28.1856788Z /home/runner/work/PocketKrKr/PocketKrKr/cpp/plugins/psdfile/psdparse/psddesc.h:36:22: warning: multi-character character constant [-Wmultichar]
2026-09-07T17:59:28.1858103Z    36 |         UNIT_ANGLE = '#Ang', // degrees
2026-09-07T17:59:28.1895911Z       |                      ^~~~~~
2026-09-07T17:59:28.1897472Z /home/runner/work/PocketKrKr/PocketKrKr/cpp/plugins/psdfile/psdparse/psddesc.h:37:24: warning: multi-character character constant [-Wmultichar]
2026-09-07T17:59:28.1898753Z    37 |         UNIT_DENSITY = '#Rsl', // base per inch
2026-09-07T17:59:28.1899320Z       |                        ^~~~~~
2026-09-07T17:59:28.1900487Z /home/runner/work/PocketKrKr/PocketKrKr/cpp/plugins/psdfile/psdparse/psddesc.h:38:25: warning: multi-character character constant [-Wmultichar]
2026-09-07T17:59:28.1901723Z    38 |         UNIT_DISTANCE = '#Rlt', // base 72ppi
2026-09-07T17:59:28.1902315Z       |                         ^~~~~~
2026-09-07T17:59:28.1916422Z /home/runner/work/PocketKrKr/PocketKrKr/cpp/plugins/psdfile/psdparse/psddesc.h:39:21: warning: multi-character character constant [-Wmultichar]
2026-09-07T17:59:28.1945651Z    39 |         UNIT_NONE = '#Nne',
2026-09-07T17:59:28.1965824Z       |                     ^~~~~~
2026-09-07T17:59:28.1976328Z /home/runner/work/PocketKrKr/PocketKrKr/cpp/plugins/psdfile/psdparse/psddesc.h:40:24: warning: multi-character character constant [-Wmultichar]
2026-09-07T17:59:28.2005746Z    40 |         UNIT_PERCENT = '#Prc',
2026-09-07T17:59:28.2025905Z       |                        ^~~~~~
2026-09-07T17:59:28.2036374Z /home/runner/work/PocketKrKr/PocketKrKr/cpp/plugins/psdfile/psdparse/psddesc.h:41:23: warning: multi-character character constant [-Wmultichar]
2026-09-07T17:59:28.2065794Z    41 |         UNIT_PIXELS = '#Pxl',
2026-09-07T17:59:28.2095684Z       |                       ^~~~~~
2026-09-07T17:59:28.2116578Z /home/runner/work/PocketKrKr/PocketKrKr/cpp/plugins/psdfile/psdparse/psddesc.h:46:29: warning: multi-character character constant [-Wmultichar]
2026-09-07T17:59:28.2117911Z    46 |         REF_TYPE_PROPERTY = 'prop',
2026-09-07T17:59:28.2155651Z       |                             ^~~~~~
2026-09-07T17:59:28.2176612Z /home/runner/work/PocketKrKr/PocketKrKr/cpp/plugins/psdfile/psdparse/psddesc.h:47:26: warning: multi-character character constant [-Wmultichar]
2026-09-07T17:59:28.2185737Z    47 |         REF_TYPE_CLASS = 'Clss',
2026-09-07T17:59:28.2215691Z       |                          ^~~~~~
2026-09-07T17:59:28.2246588Z /home/runner/work/PocketKrKr/PocketKrKr/cpp/plugins/psdfile/psdparse/psddesc.h:48:29: warning: multi-character character constant [-Wmultichar]
2026-09-07T17:59:28.2265886Z    48 |         REF_TYPE_ENUM_REF = 'Enmr',
2026-09-07T17:59:28.2266426Z       |                             ^~~~~~
2026-09-07T17:59:28.2267603Z /home/runner/work/PocketKrKr/PocketKrKr/cpp/plugins/psdfile/psdparse/psddesc.h:49:27: warning: multi-character character constant [-Wmultichar]
2026-09-07T17:59:28.2268823Z    49 |         REF_TYPE_OFFSET = 'rele',
2026-09-07T17:59:28.2269321Z       |                           ^~~~~~
2026-09-07T17:59:28.2270422Z /home/runner/work/PocketKrKr/PocketKrKr/cpp/plugins/psdfile/psdparse/psddesc.h:50:31: warning: multi-character character constant [-Wmultichar]
2026-09-07T17:59:28.2271565Z    50 |         REF_TYPE_IDENTIFIER = 'Idnt',
2026-09-07T17:59:28.2272056Z       |                               ^~~~~~
2026-09-07T17:59:28.2273179Z /home/runner/work/PocketKrKr/PocketKrKr/cpp/plugins/psdfile/psdparse/psddesc.h:51:26: warning: multi-character character constant [-Wmultichar]
2026-09-07T17:59:28.2274397Z    51 |         REF_TYPE_INDEX = 'indx',
2026-09-07T17:59:28.2274903Z       |                          ^~~~~~
2026-09-07T17:59:28.2276375Z /home/runner/work/PocketKrKr/PocketKrKr/cpp/plugins/psdfile/psdparse/psddesc.h:52:25: warning: multi-character character constant [-Wmultichar]
2026-09-07T17:59:28.2277608Z    52 |         REF_TYPE_NAME = 'name',
2026-09-07T17:59:28.2278105Z       |                         ^~~~~~
2026-09-07T17:59:28.2279314Z In file included from /home/runner/work/PocketKrKr/PocketKrKr/cpp/plugins/psdfile/psdparse/psdfile.h:4,
2026-09-07T17:59:28.2280608Z                  from /home/runner/work/PocketKrKr/PocketKrKr/cpp/plugins/psdfile/psdclass.h:9,
2026-09-07T17:59:28.2281923Z                  from /home/runner/work/PocketKrKr/PocketKrKr/cpp/plugins/psdfile/psdclass_loadstreambase.cpp:4:
2026-09-07T17:59:28.2283883Z /home/runner/work/PocketKrKr/PocketKrKr/cpp/plugins/psdfile/psdparse/psddata.h:113:18: warning: multi-character character constant [-Wmultichar]
2026-09-07T17:59:28.2285112Z   113 |             case 'norm':
2026-09-07T17:59:28.2305903Z       |                  ^~~~~~
2026-09-07T17:59:28.2307091Z /home/runner/work/PocketKrKr/PocketKrKr/cpp/plugins/psdfile/psdparse/psddata.h:115:18: warning: multi-character character constant [-Wmultichar]
2026-09-07T17:59:28.2308316Z   115 |             case 'diss':
2026-09-07T17:59:28.2308744Z       |                  ^~~~~~
2026-09-07T17:59:28.2309897Z /home/runner/work/PocketKrKr/PocketKrKr/cpp/plugins/psdfile/psdparse/psddata.h:117:18: warning: multi-character character constant [-Wmultichar]
2026-09-07T17:59:28.2311120Z   117 |             case 'dark':
2026-09-07T17:59:28.2311567Z       |                  ^~~~~~
2026-09-07T17:59:28.2312691Z /home/runner/work/PocketKrKr/PocketKrKr/cpp/plugins/psdfile/psdparse/psddata.h:119:18: warning: multi-character character constant [-Wmultichar]
2026-09-07T17:59:28.2313929Z   119 |             case 'mul ':
2026-09-07T17:59:28.2314364Z       |                  ^~~~~~
2026-09-07T17:59:28.2345867Z /home/runner/work/PocketKrKr/PocketKrKr/cpp/plugins/psdfile/psdparse/psddata.h:121:18: warning: multi-character character constant [-Wmultichar]
2026-09-07T17:59:28.2347103Z   121 |             case 'idiv':
2026-09-07T17:59:28.2347534Z       |                  ^~~~~~
2026-09-07T17:59:28.2348667Z /home/runner/work/PocketKrKr/PocketKrKr/cpp/plugins/psdfile/psdparse/psddata.h:123:18: warning: multi-character character constant [-Wmultichar]
2026-09-07T17:59:28.2349933Z   123 |             case 'lbrn':
2026-09-07T17:59:28.2350369Z       |                  ^~~~~~
2026-09-07T17:59:28.2351491Z /home/runner/work/PocketKrKr/PocketKrKr/cpp/plugins/psdfile/psdparse/psddata.h:125:18: warning: multi-character character constant [-Wmultichar]
2026-09-07T17:59:28.2352711Z   125 |             case 'dkCl':
2026-09-07T17:59:28.2353129Z       |                  ^~~~~~
2026-09-07T17:59:28.2354220Z /home/runner/work/PocketKrKr/PocketKrKr/cpp/plugins/psdfile/psdparse/psddata.h:127:18: warning: multi-character character constant [-Wmultichar]
2026-09-07T17:59:28.2355657Z   127 |             case 'lite':
2026-09-07T17:59:28.2356080Z       |                  ^~~~~~
2026-09-07T17:59:28.2357258Z /home/runner/work/PocketKrKr/PocketKrKr/cpp/plugins/psdfile/psdparse/psddata.h:129:18: warning: multi-character character constant [-Wmultichar]
2026-09-07T17:59:28.2358484Z   129 |             case 'scrn':
2026-09-07T17:59:28.2358948Z       |                  ^~~~~~
2026-09-07T17:59:28.2360117Z /home/runner/work/PocketKrKr/PocketKrKr/cpp/plugins/psdfile/psdparse/psddata.h:131:18: warning: multi-character character constant [-Wmultichar]
2026-09-07T17:59:28.2361353Z   131 |             case 'div ':
2026-09-07T17:59:28.2361793Z       |                  ^~~~~~
2026-09-07T17:59:28.2362959Z /home/runner/work/PocketKrKr/PocketKrKr/cpp/plugins/psdfile/psdparse/psddata.h:133:18: warning: multi-character character constant [-Wmultichar]
2026-09-07T17:59:28.2364207Z   133 |             case 'lddg':
2026-09-07T17:59:28.2364657Z       |                  ^~~~~~
2026-09-07T17:59:28.2366055Z /home/runner/work/PocketKrKr/PocketKrKr/cpp/plugins/psdfile/psdparse/psddata.h:135:18: warning: multi-character character constant [-Wmultichar]
2026-09-07T17:59:28.2367263Z   135 |             case 'ltCl':
2026-09-07T17:59:28.2367672Z       |                  ^~~~~~
2026-09-07T17:59:28.2368832Z /home/runner/work/PocketKrKr/PocketKrKr/cpp/plugins/psdfile/psdparse/psddata.h:137:18: warning: multi-character character constant [-Wmultichar]
2026-09-07T17:59:28.2370345Z   137 |             case 'over':
2026-09-07T17:59:28.2370818Z       |                  ^~~~~~
2026-09-07T17:59:28.2371991Z /home/runner/work/PocketKrKr/PocketKrKr/cpp/plugins/psdfile/psdparse/psddata.h:139:18: warning: multi-character character constant [-Wmultichar]
2026-09-07T17:59:28.2373473Z   139 |             case 'sLit':
2026-09-07T17:59:28.2373921Z       |                  ^~~~~~
2026-09-07T17:59:28.2375079Z /home/runner/work/PocketKrKr/PocketKrKr/cpp/plugins/psdfile/psdparse/psddata.h:141:18: warning: multi-character character constant [-Wmultichar]
2026-09-07T17:59:28.2386924Z   141 |             case 'hLit':
2026-09-07T17:59:28.2387392Z       |                  ^~~~~~
2026-09-07T17:59:28.2388566Z /home/runner/work/PocketKrKr/PocketKrKr/cpp/plugins/psdfile/psdparse/psddata.h:143:18: warning: multi-character character constant [-Wmultichar]
2026-09-07T17:59:28.2389823Z   143 |             case 'vLit':
2026-09-07T17:59:28.2390280Z       |                  ^~~~~~
2026-09-07T17:59:28.2391455Z /home/runner/work/PocketKrKr/PocketKrKr/cpp/plugins/psdfile/psdparse/psddata.h:145:18: warning: multi-character character constant [-Wmultichar]
2026-09-07T17:59:28.2392666Z   145 |             case 'lLit':
2026-09-07T17:59:28.2393076Z       |                  ^~~~~~
2026-09-07T17:59:28.2394290Z /home/runner/work/PocketKrKr/PocketKrKr/cpp/plugins/psdfile/psdparse/psddata.h:147:18: warning: multi-character character constant [-Wmultichar]
2026-09-07T17:59:28.2395686Z   147 |             case 'pLit':
2026-09-07T17:59:28.2396115Z       |                  ^~~~~~
2026-09-07T17:59:28.2416483Z /home/runner/work/PocketKrKr/PocketKrKr/cpp/plugins/psdfile/psdparse/psddata.h:149:18: warning: multi-character character constant [-Wmultichar]
2026-09-07T17:59:28.2417704Z   149 |             case 'hMix':
2026-09-07T17:59:28.2418147Z       |                  ^~~~~~
2026-09-07T17:59:28.2419294Z /home/runner/work/PocketKrKr/PocketKrKr/cpp/plugins/psdfile/psdparse/psddata.h:151:18: warning: multi-character character constant [-Wmultichar]
2026-09-07T17:59:28.2420468Z   151 |             case 'diff':
2026-09-07T17:59:28.2420887Z       |                  ^~~~~~
2026-09-07T17:59:28.2422000Z /home/runner/work/PocketKrKr/PocketKrKr/cpp/plugins/psdfile/psdparse/psddata.h:153:18: warning: multi-character character constant [-Wmultichar]
2026-09-07T17:59:28.2423172Z   153 |             case 'smud':
2026-09-07T17:59:28.2423590Z       |                  ^~~~~~
2026-09-07T17:59:28.2424684Z /home/runner/work/PocketKrKr/PocketKrKr/cpp/plugins/psdfile/psdparse/psddata.h:155:18: warning: multi-character character constant [-Wmultichar]
2026-09-07T17:59:28.2426128Z   155 |             case 'fsub':
2026-09-07T17:59:28.2426542Z       |                  ^~~~~~
2026-09-07T17:59:28.2427637Z /home/runner/work/PocketKrKr/PocketKrKr/cpp/plugins/psdfile/psdparse/psddata.h:157:18: warning: multi-character character constant [-Wmultichar]
2026-09-07T17:59:28.2428797Z   157 |             case 'fdiv':
2026-09-07T17:59:28.2429215Z       |                  ^~~~~~
2026-09-07T17:59:28.2430308Z /home/runner/work/PocketKrKr/PocketKrKr/cpp/plugins/psdfile/psdparse/psddata.h:159:18: warning: multi-character character constant [-Wmultichar]
2026-09-07T17:59:28.2431438Z   159 |             case 'hue ':
2026-09-07T17:59:28.2431817Z       |                  ^~~~~~
2026-09-07T17:59:28.2432781Z /home/runner/work/PocketKrKr/PocketKrKr/cpp/plugins/psdfile/psdparse/psddata.h:161:18: warning: multi-character character constant [-Wmultichar]
2026-09-07T17:59:28.2433820Z   161 |             case 'sat ':
2026-09-07T17:59:28.2434194Z       |                  ^~~~~~
2026-09-07T17:59:28.2465531Z /home/runner/work/PocketKrKr/PocketKrKr/cpp/plugins/psdfile/psdparse/psddata.h:163:18: warning: multi-character character constant [-Wmultichar]
2026-09-07T17:59:28.2466817Z   163 |             case 'colr':
2026-09-07T17:59:28.2467261Z       |                  ^~~~~~
2026-09-07T17:59:28.2468651Z /home/runner/work/PocketKrKr/PocketKrKr/cpp/plugins/psdfile/psdparse/psddata.h:165:18: warning: multi-character character constant [-Wmultichar]
2026-09-07T17:59:28.2469878Z   165 |             case 'lum ':
2026-09-07T17:59:28.2470297Z       |                  ^~~~~~
2026-09-07T17:59:28.2471394Z /home/runner/work/PocketKrKr/PocketKrKr/cpp/plugins/psdfile/psdparse/psddata.h:167:18: warning: multi-character character constant [-Wmultichar]
2026-09-07T17:59:28.2472839Z   167 |             case 'pass':
2026-09-07T17:59:28.2473254Z       |                  ^~~~~~
2026-09-07T17:59:28.2474077Z In file included from /home/runner/work/PocketKrKr/PocketKrKr/cpp/plugins/psdfile/psdparse/psdfile.h:3,
2026-09-07T17:59:28.2475501Z                  from /home/runner/work/PocketKrKr/PocketKrKr/cpp/plugins/psdfile/psdclass.h:9,
2026-09-07T17:59:28.2476745Z                  from /home/runner/work/PocketKrKr/PocketKrKr/cpp/plugins/psdfile/psdclass_loadstreambase.cpp:4:
2026-09-07T17:59:28.2479000Z /home/runner/work/PocketKrKr/PocketKrKr/cpp/plugins/psdfile/psdparse/psddesc.h: In member function ‘virtual void psd::DescriptorReference::dump(int)’:
2026-09-07T17:59:28.2482062Z /home/runner/work/PocketKrKr/PocketKrKr/cpp/plugins/psdfile/psdparse/psddesc.h:234:20: warning: format ‘%d’ expects argument of type ‘int’, but argument 3 has type ‘std::vector<psd::ReferenceItem*>::size_type’ {aka ‘long unsigned int’} [-Wformat=]
2026-09-07T17:59:28.2484201Z   234 |             dprint("%s (count:%d)\n", typeName(), items.size());
2026-09-07T17:59:28.2484913Z       |                    ^~~~~~~~~~~~~~~~~              ~~~~~~~~~~~~
2026-09-07T17:59:28.2485799Z       |                                                             |
2026-09-07T17:59:28.2519925Z       |                                                             std::vector<psd::ReferenceItem*>::size_type {aka long unsigned int}
2026-09-07T17:59:28.2521626Z /home/runner/work/PocketKrKr/PocketKrKr/cpp/plugins/psdfile/psdparse/psdbase.h:7:28: note: in definition of macro ‘dprint’
2026-09-07T17:59:28.2522771Z     7 | #define dprint(...) printf(__VA_ARGS__);
2026-09-07T17:59:28.2523335Z       |                            ^~~~~~~~~~~
2026-09-07T17:59:28.2524266Z In file included from /home/runner/work/PocketKrKr/PocketKrKr/cpp/plugins/psdfile/psdparse/psddata.h:5,
2026-09-07T17:59:28.2525857Z                  from /home/runner/work/PocketKrKr/PocketKrKr/cpp/plugins/psdfile/psdparse/psdfile.h:4,
2026-09-07T17:59:28.2527048Z                  from /home/runner/work/PocketKrKr/PocketKrKr/cpp/plugins/psdfile/psdclass.h:9,
2026-09-07T17:59:28.2528293Z                  from /home/runner/work/PocketKrKr/PocketKrKr/cpp/plugins/psdfile/psdclass_loadstreambase.cpp:4:
2026-09-07T17:59:28.2529791Z /home/runner/work/PocketKrKr/PocketKrKr/cpp/plugins/psdfile/psdparse/psddesc.h:234:32: note: format string is defined here
2026-09-07T17:59:28.2530989Z   234 |             dprint("%s (count:%d)\n", typeName(), items.size());
2026-09-07T17:59:28.2531604Z       |                               ~^
2026-09-07T17:59:28.2532072Z       |                                |
2026-09-07T17:59:28.2532560Z       |                                int
2026-09-07T17:59:28.2533038Z       |                               %ld
2026-09-07T17:59:28.2533942Z In file included from /home/runner/work/PocketKrKr/PocketKrKr/cpp/plugins/psdfile/psdparse/psdfile.h:3,
2026-09-07T17:59:28.2535148Z                  from /home/runner/work/PocketKrKr/PocketKrKr/cpp/plugins/psdfile/psdclass.h:9,
2026-09-07T17:59:28.2536660Z                  from /home/runner/work/PocketKrKr/PocketKrKr/cpp/plugins/psdfile/psdclass_loadstreambase.cpp:4:
2026-09-07T17:59:28.2538672Z /home/runner/work/PocketKrKr/PocketKrKr/cpp/plugins/psdfile/psdparse/psddesc.h: In member function ‘virtual void psd::DescriptorList::dump(int)’:
2026-09-07T17:59:28.2541674Z /home/runner/work/PocketKrKr/PocketKrKr/cpp/plugins/psdfile/psdparse/psddesc.h:253:20: warning: format ‘%d’ expects argument of type ‘int’, but argument 3 has type ‘std::vector<psd::DescriptorItem*>::size_type’ {aka ‘long unsigned int’} [-Wformat=]
2026-09-07T17:59:28.2543954Z   253 |             dprint("%s (count:%d)\n", typeName(), items.size());
2026-09-07T17:59:28.2544656Z       |                    ^~~~~~~~~~~~~~~~~              ~~~~~~~~~~~~
2026-09-07T17:59:28.2575644Z       |                                                             |
2026-09-07T17:59:28.2576629Z       |                                                             std::vector<psd::DescriptorItem*>::size_type {aka long unsigned int}
2026-09-07T17:59:28.2578664Z /home/runner/work/PocketKrKr/PocketKrKr/cpp/plugins/psdfile/psdparse/psdbase.h:7:28: note: in definition of macro ‘dprint’
2026-09-07T17:59:28.2579852Z     7 | #define dprint(...) printf(__VA_ARGS__);
2026-09-07T17:59:28.2580433Z       |                            ^~~~~~~~~~~
2026-09-07T17:59:28.2581385Z In file included from /home/runner/work/PocketKrKr/PocketKrKr/cpp/plugins/psdfile/psdparse/psddata.h:5,
2026-09-07T17:59:28.2582689Z                  from /home/runner/work/PocketKrKr/PocketKrKr/cpp/plugins/psdfile/psdparse/psdfile.h:4,
2026-09-07T17:59:28.2583858Z                  from /home/runner/work/PocketKrKr/PocketKrKr/cpp/plugins/psdfile/psdclass.h:9,
2026-09-07T17:59:28.2585058Z                  from /home/runner/work/PocketKrKr/PocketKrKr/cpp/plugins/psdfile/psdclass_loadstreambase.cpp:4:
2026-09-07T17:59:28.2586804Z /home/runner/work/PocketKrKr/PocketKrKr/cpp/plugins/psdfile/psdparse/psddesc.h:253:32: note: format string is defined here
2026-09-07T17:59:28.2587912Z   253 |             dprint("%s (count:%d)\n", typeName(), items.size());
2026-09-07T17:59:28.2588509Z       |                               ~^
2026-09-07T17:59:28.2588990Z       |                                |
2026-09-07T17:59:28.2589445Z       |                                int
2026-09-07T17:59:28.2589925Z       |                               %ld
2026-09-07T17:59:28.2590786Z In file included from /home/runner/work/PocketKrKr/PocketKrKr/cpp/plugins/psdfile/psdclass.h:10,
2026-09-07T17:59:28.2592086Z                  from /home/runner/work/PocketKrKr/PocketKrKr/cpp/plugins/psdfile/psdclass_loadstreambase.cpp:4:
2026-09-07T17:59:28.2594529Z /home/runner/work/PocketKrKr/PocketKrKr/cpp/core/plugin/ncbind.hpp: In static member function ‘static ncbTypeConvertor::Conversion<FROM, TO>::OK ncbTypeConvertor::Conversion<FROM, TO>::check(TO)’:
2026-09-07T17:59:28.2596921Z /home/runner/work/PocketKrKr/PocketKrKr/cpp/core/plugin/ncbind.hpp:244:38: warning: no return statement in function returning non-void [-Wreturn-type]
2026-09-07T17:59:28.2598173Z   244 |                 static OK check(TO) {};
2026-09-07T17:59:28.2598707Z       |                                      ^
2026-09-07T17:59:28.2599642Z [435/741] Building CXX object cpp/plugins/layerex_draw/CMakeFiles/layerExDraw.dir/__/psbfile/PSBMedia.cpp.o
2026-09-07T17:59:28.2601046Z [436/741] Building CXX object cpp/plugins/layerex_draw/CMakeFiles/layerExDraw.dir/__/psbfile/types/PimgType.cpp.o
2026-09-07T17:59:28.2602473Z [437/741] Building CXX object cpp/plugins/layerex_draw/CMakeFiles/layerExDraw.dir/__/psbfile/types/MotionType.cpp.o
2026-09-07T17:59:28.2603923Z [438/741] Building CXX object cpp/plugins/layerex_draw/CMakeFiles/layerExDraw.dir/__/psbfile/types/ScnType.cpp.o
2026-09-07T17:59:28.2635713Z [439/741] Building CXX object cpp/plugins/layerex_draw/CMakeFiles/layerExDraw.dir/__/psbfile/types/ImageType.cpp.o
2026-09-07T17:59:28.2637228Z [440/741] Building CXX object cpp/plugins/layerex_draw/CMakeFiles/layerExDraw.dir/__/psbfile/types/MmoType.cpp.o
2026-09-07T17:59:28.2638733Z [441/741] Building CXX object cpp/plugins/layerex_draw/CMakeFiles/layerExDraw.dir/__/psbfile/types/ArchiveType.cpp.o
2026-09-07T17:59:28.2640293Z [442/741] Building CXX object cpp/plugins/layerex_draw/CMakeFiles/layerExDraw.dir/__/psbfile/types/SoundArchiveType.cpp.o
2026-09-07T17:59:28.2776591Z [443/741] Building CXX object cpp/plugins/layerex_draw/CMakeFiles/layerExDraw.dir/__/psbfile/resources/ImageMetadata.cpp.o
2026-09-07T17:59:29.3106750Z [444/741] Building CXX object cpp/plugins/layerex_draw/CMakeFiles/layerExDraw.dir/__/psbfile/main.cpp.o
2026-09-07T17:59:29.3146683Z In file included from /home/runner/work/PocketKrKr/PocketKrKr/cpp/plugins/psbfile/main.cpp:11:
2026-09-07T17:59:29.3167761Z /home/runner/work/PocketKrKr/PocketKrKr/cpp/core/plugin/ncbind.hpp: In static member function ‘static ncbTypeConvertor::Conversion<FROM, TO>::OK ncbTypeConvertor::Conversion<FROM, TO>::check(TO)’:
2026-09-07T17:59:29.3196508Z /home/runner/work/PocketKrKr/PocketKrKr/cpp/core/plugin/ncbind.hpp:244:38: warning: no return statement in function returning non-void [-Wreturn-type]
2026-09-07T17:59:29.3197826Z   244 |                 static OK check(TO) {};
2026-09-07T17:59:29.3198372Z       |                                      ^
2026-09-07T17:59:29.3276446Z [445/741] Building CXX object cpp/plugins/layerex_draw/CMakeFiles/layerExDraw.dir/__/motionplayer/EmotePlayer.cpp.o
2026-09-07T17:59:31.4446640Z [446/741] Building CXX object cpp/plugins/layerex_draw/CMakeFiles/layerExDraw.dir/__/psbfile/PSBFile.cpp.o
2026-09-07T17:59:31.4448014Z In file included from /home/runner/work/PocketKrKr/PocketKrKr/cpp/plugins/psbfile/PSBFile.cpp:8:
2026-09-07T17:59:31.4450500Z /home/runner/work/PocketKrKr/PocketKrKr/cpp/core/plugin/ncbind.hpp: In static member function ‘static ncbTypeConvertor::Conversion<FROM, TO>::OK ncbTypeConvertor::Conversion<FROM, TO>::check(TO)’:
2026-09-07T17:59:31.4452687Z /home/runner/work/PocketKrKr/PocketKrKr/cpp/core/plugin/ncbind.hpp:244:38: warning: no return statement in function returning non-void [-Wreturn-type]
2026-09-07T17:59:31.4454013Z   244 |                 static OK check(TO) {};
2026-09-07T17:59:31.4515727Z       |                                      ^
2026-09-07T17:59:31.4636457Z [447/741] Building CXX object cpp/plugins/layerex_draw/CMakeFiles/layerExDraw.dir/__/motionplayer/ResourceManager.cpp.o
2026-09-07T17:59:32.8996591Z [448/741] Building CXX object cpp/plugins/layerex_draw/CMakeFiles/layerExDraw.dir/__/motionplayer/Player.cpp.o
2026-09-07T17:59:32.9026139Z In file included from /home/runner/work/PocketKrKr/PocketKrKr/cpp/plugins/motionplayer/Player.h:19,
2026-09-07T17:59:32.9046300Z                  from /home/runner/work/PocketKrKr/PocketKrKr/cpp/plugins/motionplayer/Player.cpp:5:
2026-09-07T17:59:32.9067838Z /home/runner/work/PocketKrKr/PocketKrKr/cpp/core/plugin/ncbind.hpp: In static member function ‘static ncbTypeConvertor::Conversion<FROM, TO>::OK ncbTypeConvertor::Conversion<FROM, TO>::check(TO)’:
2026-09-07T17:59:32.9070387Z /home/runner/work/PocketKrKr/PocketKrKr/cpp/core/plugin/ncbind.hpp:244:38: warning: no return statement in function returning non-void [-Wreturn-type]
2026-09-07T17:59:32.9071948Z   244 |                 static OK check(TO) {};
2026-09-07T17:59:32.9072784Z       |                                      ^
2026-09-07T17:59:33.8016891Z [449/741] Building CXX object cpp/plugins/layerex_draw/CMakeFiles/layerExDraw.dir/__/kagparserex/kagparserex_plugin.cpp.o
2026-09-07T17:59:33.8018879Z In file included from /home/runner/work/PocketKrKr/PocketKrKr/cpp/plugins/kagparserex/kagparserex_plugin.cpp:2:
2026-09-07T17:59:33.8048078Z /home/runner/work/PocketKrKr/PocketKrKr/cpp/core/plugin/ncbind.hpp: In static member function ‘static ncbTypeConvertor::Conversion<FROM, TO>::OK ncbTypeConvertor::Conversion<FROM, TO>::check(TO)’:
2026-09-07T17:59:33.8076576Z /home/runner/work/PocketKrKr/PocketKrKr/cpp/core/plugin/ncbind.hpp:244:38: warning: no return statement in function returning non-void [-Wreturn-type]
2026-09-07T17:59:33.8105965Z   244 |                 static OK check(TO) {};
2026-09-07T17:59:33.8106782Z       |                                      ^
2026-09-07T17:59:34.0859376Z [450/741] Building CXX object cpp/plugins/layerex_draw/CMakeFiles/layerExDraw.dir/__/motionplayer/main.cpp.o
2026-09-07T17:59:34.0886264Z In file included from /home/runner/work/PocketKrKr/PocketKrKr/cpp/plugins/motionplayer/main.cpp:8:
2026-09-07T17:59:34.0917301Z /home/runner/work/PocketKrKr/PocketKrKr/cpp/core/plugin/ncbind.hpp: In static member function ‘static ncbTypeConvertor::Conversion<FROM, TO>::OK ncbTypeConvertor::Conversion<FROM, TO>::check(TO)’:
2026-09-07T17:59:34.0926854Z /home/runner/work/PocketKrKr/PocketKrKr/cpp/core/plugin/ncbind.hpp:244:38: warning: no return statement in function returning non-void [-Wreturn-type]
2026-09-07T17:59:34.0928469Z   244 |                 static OK check(TO) {};
2026-09-07T17:59:34.0934246Z       |                                      ^
2026-09-07T17:59:35.3101159Z [451/741] Linking CXX static library cpp/plugins/motionplayer/libmotionplayer.a
2026-09-07T17:59:35.3300749Z [452/741] Building CXX object cpp/plugins/psbfile/CMakeFiles/psbfile.dir/PSBValue.cpp.o
2026-09-07T17:59:36.5166642Z [453/741] Building CXX object cpp/plugins/layerex_draw/CMakeFiles/layerExDraw.dir/__/fstat/main.cpp.o
2026-09-07T17:59:36.5186221Z In file included from /home/runner/work/PocketKrKr/PocketKrKr/cpp/plugins/fstat/main.cpp:8:
2026-09-07T17:59:36.5197295Z /home/runner/work/PocketKrKr/PocketKrKr/cpp/core/plugin/ncbind.hpp: In static member function ‘static ncbTypeConvertor::Conversion<FROM, TO>::OK ncbTypeConvertor::Conversion<FROM, TO>::check(TO)’:
2026-09-07T17:59:36.5199415Z /home/runner/work/PocketKrKr/PocketKrKr/cpp/core/plugin/ncbind.hpp:244:38: warning: no return statement in function returning non-void [-Wreturn-type]
2026-09-07T17:59:36.5200573Z   244 |                 static OK check(TO) {};
2026-09-07T17:59:36.5201056Z       |                                      ^
2026-09-07T17:59:36.5426589Z [454/741] Building CXX object cpp/plugins/psbfile/CMakeFiles/psbfile.dir/PSBMedia.cpp.o
2026-09-07T17:59:36.5666785Z [455/741] Building CXX object cpp/plugins/psbfile/CMakeFiles/psbfile.dir/types/PimgType.cpp.o
2026-09-07T17:59:36.5876780Z [456/741] Building CXX object cpp/plugins/psbfile/CMakeFiles/psbfile.dir/types/MotionType.cpp.o
2026-09-07T17:59:36.6086545Z [457/741] Building CXX object cpp/plugins/psbfile/CMakeFiles/psbfile.dir/types/ScnType.cpp.o
2026-09-07T17:59:36.6276539Z [458/741] Building CXX object cpp/plugins/psbfile/CMakeFiles/psbfile.dir/types/ImageType.cpp.o
2026-09-07T17:59:36.6486569Z [459/741] Building CXX object cpp/plugins/psbfile/CMakeFiles/psbfile.dir/types/MmoType.cpp.o
2026-09-07T17:59:36.6696710Z [460/741] Building CXX object cpp/plugins/psbfile/CMakeFiles/psbfile.dir/types/ArchiveType.cpp.o
2026-09-07T17:59:36.6876571Z [461/741] Building CXX object cpp/plugins/psbfile/CMakeFiles/psbfile.dir/types/SoundArchiveType.cpp.o
2026-09-07T17:59:36.7266682Z [462/741] Building CXX object cpp/plugins/psbfile/CMakeFiles/psbfile.dir/resources/ImageMetadata.cpp.o
2026-09-07T17:59:38.1468040Z [463/741] Building CXX object cpp/plugins/psbfile/CMakeFiles/psbfile.dir/main.cpp.o
2026-09-07T17:59:38.1496176Z In file included from /home/runner/work/PocketKrKr/PocketKrKr/cpp/plugins/psbfile/main.cpp:11:
2026-09-07T17:59:38.1527456Z /home/runner/work/PocketKrKr/PocketKrKr/cpp/core/plugin/ncbind.hpp: In static member function ‘static ncbTypeConvertor::Conversion<FROM, TO>::OK ncbTypeConvertor::Conversion<FROM, TO>::check(TO)’:
2026-09-07T17:59:38.1536815Z /home/runner/work/PocketKrKr/PocketKrKr/cpp/core/plugin/ncbind.hpp:244:38: warning: no return statement in function returning non-void [-Wreturn-type]
2026-09-07T17:59:38.1565836Z   244 |                 static OK check(TO) {};
2026-09-07T17:59:38.1571020Z       |                                      ^
2026-09-07T17:59:39.1723690Z [464/741] Building CXX object cpp/plugins/psbfile/CMakeFiles/psbfile.dir/__/scriptsEx.cpp.o
2026-09-07T17:59:39.1736187Z In file included from /home/runner/work/PocketKrKr/PocketKrKr/cpp/plugins/scriptsEx.cpp:5:
2026-09-07T17:59:39.1767456Z /home/runner/work/PocketKrKr/PocketKrKr/cpp/core/plugin/ncbind.hpp: In static member function ‘static ncbTypeConvertor::Conversion<FROM, TO>::OK ncbTypeConvertor::Conversion<FROM, TO>::check(TO)’:
2026-09-07T17:59:39.1786675Z /home/runner/work/PocketKrKr/PocketKrKr/cpp/core/plugin/ncbind.hpp:244:38: warning: no return statement in function returning non-void [-Wreturn-type]
2026-09-07T17:59:39.1788020Z   244 |                 static OK check(TO) {};
2026-09-07T17:59:39.1788577Z       |                                      ^
2026-09-07T17:59:40.2766870Z [465/741] Building CXX object cpp/plugins/psbfile/CMakeFiles/psbfile.dir/__/win32dialog.cpp.o
2026-09-07T17:59:40.2796137Z In file included from /home/runner/work/PocketKrKr/PocketKrKr/cpp/plugins/win32dialog.cpp:2:
2026-09-07T17:59:40.2827384Z /home/runner/work/PocketKrKr/PocketKrKr/cpp/core/plugin/ncbind.hpp: In static member function ‘static ncbTypeConvertor::Conversion<FROM, TO>::OK ncbTypeConvertor::Conversion<FROM, TO>::check(TO)’:
2026-09-07T17:59:40.2847797Z /home/runner/work/PocketKrKr/PocketKrKr/cpp/core/plugin/ncbind.hpp:244:38: warning: no return statement in function returning non-void [-Wreturn-type]
2026-09-07T17:59:40.2849260Z   244 |                 static OK check(TO) {};
2026-09-07T17:59:40.2849946Z       |                                      ^
2026-09-07T17:59:40.3656664Z [466/741] Building CXX object cpp/plugins/psbfile/CMakeFiles/psbfile.dir/PSBFile.cpp.o
2026-09-07T17:59:40.3686332Z In file included from /home/runner/work/PocketKrKr/PocketKrKr/cpp/plugins/psbfile/PSBFile.cpp:8:
2026-09-07T17:59:40.3715818Z /home/runner/work/PocketKrKr/PocketKrKr/cpp/core/plugin/ncbind.hpp: In static member function ‘static ncbTypeConvertor::Conversion<FROM, TO>::OK ncbTypeConvertor::Conversion<FROM, TO>::check(TO)’:
2026-09-07T17:59:40.3718303Z /home/runner/work/PocketKrKr/PocketKrKr/cpp/core/plugin/ncbind.hpp:244:38: warning: no return statement in function returning non-void [-Wreturn-type]
2026-09-07T17:59:40.3719745Z   244 |                 static OK check(TO) {};
2026-09-07T17:59:40.3720514Z       |                                      ^
2026-09-07T17:59:41.3056642Z [467/741] Building CXX object cpp/plugins/psbfile/CMakeFiles/psbfile.dir/__/dirlist.cpp.o
2026-09-07T17:59:41.3060733Z In file included from /home/runner/work/PocketKrKr/PocketKrKr/cpp/plugins/dirlist.cpp:5:
2026-09-07T17:59:41.3063380Z /home/runner/work/PocketKrKr/PocketKrKr/cpp/core/plugin/ncbind.hpp: In static member function ‘static ncbTypeConvertor::Conversion<FROM, TO>::OK ncbTypeConvertor::Conversion<FROM, TO>::check(TO)’:
2026-09-07T17:59:41.3066094Z /home/runner/work/PocketKrKr/PocketKrKr/cpp/core/plugin/ncbind.hpp:244:38: warning: no return statement in function returning non-void [-Wreturn-type]
2026-09-07T17:59:41.3067502Z   244 |                 static OK check(TO) {};
2026-09-07T17:59:41.3068161Z       |                                      ^
2026-09-07T17:59:42.5046601Z [468/741] Building CXX object cpp/plugins/psbfile/CMakeFiles/psbfile.dir/__/csvParser.cpp.o
2026-09-07T17:59:42.5056145Z In file included from /home/runner/work/PocketKrKr/PocketKrKr/cpp/plugins/csvParser.cpp:3:
2026-09-07T17:59:42.5087479Z /home/runner/work/PocketKrKr/PocketKrKr/cpp/core/plugin/ncbind.hpp: In static member function ‘static ncbTypeConvertor::Conversion<FROM, TO>::OK ncbTypeConvertor::Conversion<FROM, TO>::check(TO)’:
2026-09-07T17:59:42.5106505Z /home/runner/work/PocketKrKr/PocketKrKr/cpp/core/plugin/ncbind.hpp:244:38: warning: no return statement in function returning non-void [-Wreturn-type]
2026-09-07T17:59:42.5107771Z   244 |                 static OK check(TO) {};
2026-09-07T17:59:42.5108332Z       |                                      ^
2026-09-07T17:59:43.2696631Z [469/741] Building CXX object cpp/plugins/psbfile/CMakeFiles/psbfile.dir/__/layerExMovie.cpp.o
2026-09-07T17:59:43.2706367Z In file included from /home/runner/work/PocketKrKr/PocketKrKr/cpp/plugins/layerExMovie.cpp:9:
2026-09-07T17:59:43.2727453Z /home/runner/work/PocketKrKr/PocketKrKr/cpp/core/plugin/ncbind.hpp: In static member function ‘static ncbTypeConvertor::Conversion<FROM, TO>::OK ncbTypeConvertor::Conversion<FROM, TO>::check(TO)’:
2026-09-07T17:59:43.2756527Z /home/runner/work/PocketKrKr/PocketKrKr/cpp/core/plugin/ncbind.hpp:244:38: warning: no return statement in function returning non-void [-Wreturn-type]
2026-09-07T17:59:43.2770258Z   244 |                 static OK check(TO) {};
2026-09-07T17:59:43.2771013Z       |                                      ^
2026-09-07T17:59:43.6100912Z [470/741] Building CXX object cpp/plugins/psbfile/CMakeFiles/psbfile.dir/__/varfile.cpp.o
2026-09-07T17:59:43.6106397Z In file included from /home/runner/work/PocketKrKr/PocketKrKr/cpp/plugins/varfile.cpp:3:
2026-09-07T17:59:43.6147597Z /home/runner/work/PocketKrKr/PocketKrKr/cpp/core/plugin/ncbind.hpp: In static member function ‘static ncbTypeConvertor::Conversion<FROM, TO>::OK ncbTypeConvertor::Conversion<FROM, TO>::check(TO)’:
2026-09-07T17:59:43.6160028Z /home/runner/work/PocketKrKr/PocketKrKr/cpp/core/plugin/ncbind.hpp:244:38: warning: no return statement in function returning non-void [-Wreturn-type]
2026-09-07T17:59:43.6161546Z   244 |                 static OK check(TO) {};
2026-09-07T17:59:43.6162236Z       |                                      ^
2026-09-07T17:59:44.7609017Z [471/741] Building CXX object cpp/plugins/psbfile/CMakeFiles/psbfile.dir/__/saveStruct.cpp.o
2026-09-07T17:59:44.7636472Z In file included from /home/runner/work/PocketKrKr/PocketKrKr/cpp/plugins/saveStruct.cpp:1:
2026-09-07T17:59:44.7667939Z /home/runner/work/PocketKrKr/PocketKrKr/cpp/core/plugin/ncbind.hpp: In static member function ‘static ncbTypeConvertor::Conversion<FROM, TO>::OK ncbTypeConvertor::Conversion<FROM, TO>::check(TO)’:
2026-09-07T17:59:44.7686373Z /home/runner/work/PocketKrKr/PocketKrKr/cpp/core/plugin/ncbind.hpp:244:38: warning: no return statement in function returning non-void [-Wreturn-type]
2026-09-07T17:59:44.7705132Z   244 |                 static OK check(TO) {};
2026-09-07T17:59:44.7706167Z       |                                      ^
2026-09-07T17:59:45.4376733Z [472/741] Building CXX object cpp/plugins/psbfile/CMakeFiles/psbfile.dir/__/getabout.cpp.o
2026-09-07T17:59:45.4415996Z In file included from /home/runner/work/PocketKrKr/PocketKrKr/cpp/plugins/getabout.cpp:1:
2026-09-07T17:59:45.4418796Z /home/runner/work/PocketKrKr/PocketKrKr/cpp/core/plugin/ncbind.hpp: In static member function ‘static ncbTypeConvertor::Conversion<FROM, TO>::OK ncbTypeConvertor::Conversion<FROM, TO>::check(TO)’:
2026-09-07T17:59:45.4421446Z /home/runner/work/PocketKrKr/PocketKrKr/cpp/core/plugin/ncbind.hpp:244:38: warning: no return statement in function returning non-void [-Wreturn-type]
2026-09-07T17:59:45.4422953Z   244 |                 static OK check(TO) {};
2026-09-07T17:59:45.4423759Z       |                                      ^
2026-09-07T17:59:45.6229455Z [473/741] Building CXX object cpp/plugins/psbfile/CMakeFiles/psbfile.dir/__/addFont.cpp.o
2026-09-07T17:59:45.6256404Z In file included from /home/runner/work/PocketKrKr/PocketKrKr/cpp/plugins/addFont.cpp:1:
2026-09-07T17:59:45.6287558Z /home/runner/work/PocketKrKr/PocketKrKr/cpp/core/plugin/ncbind.hpp: In static member function ‘static ncbTypeConvertor::Conversion<FROM, TO>::OK ncbTypeConvertor::Conversion<FROM, TO>::check(TO)’:
2026-09-07T17:59:45.6289925Z /home/runner/work/PocketKrKr/PocketKrKr/cpp/core/plugin/ncbind.hpp:244:38: warning: no return statement in function returning non-void [-Wreturn-type]
2026-09-07T17:59:45.6315932Z   244 |                 static OK check(TO) {};
2026-09-07T17:59:45.6320047Z       |                                      ^
2026-09-07T17:59:46.9477232Z [474/741] Building CXX object cpp/plugins/psbfile/CMakeFiles/psbfile.dir/__/wutcwf.cpp.o
2026-09-07T17:59:46.9489250Z In file included from /home/runner/work/PocketKrKr/PocketKrKr/cpp/plugins/wutcwf.cpp:2:
2026-09-07T17:59:46.9492007Z /home/runner/work/PocketKrKr/PocketKrKr/cpp/core/plugin/ncbind.hpp: In static member function ‘static ncbTypeConvertor::Conversion<FROM, TO>::OK ncbTypeConvertor::Conversion<FROM, TO>::check(TO)’:
2026-09-07T17:59:46.9494653Z /home/runner/work/PocketKrKr/PocketKrKr/cpp/core/plugin/ncbind.hpp:244:38: warning: no return statement in function returning non-void [-Wreturn-type]
2026-09-07T17:59:46.9496613Z   244 |                 static OK check(TO) {};
2026-09-07T17:59:46.9497503Z       |                                      ^
2026-09-07T17:59:47.8496612Z [475/741] Building CXX object cpp/plugins/psbfile/CMakeFiles/psbfile.dir/__/getSample.cpp.o
2026-09-07T17:59:47.8516072Z In file included from /home/runner/work/PocketKrKr/PocketKrKr/cpp/plugins/getSample.cpp:1:
2026-09-07T17:59:47.8545759Z /home/runner/work/PocketKrKr/PocketKrKr/cpp/core/plugin/ncbind.hpp: In static member function ‘static ncbTypeConvertor::Conversion<FROM, TO>::OK ncbTypeConvertor::Conversion<FROM, TO>::check(TO)’:
2026-09-07T17:59:47.8548044Z /home/runner/work/PocketKrKr/PocketKrKr/cpp/core/plugin/ncbind.hpp:244:38: warning: no return statement in function returning non-void [-Wreturn-type]
2026-09-07T17:59:47.8566076Z   244 |                 static OK check(TO) {};
2026-09-07T17:59:47.8585921Z       |                                      ^
2026-09-07T17:59:48.6356753Z [476/741] Building CXX object cpp/plugins/psbfile/CMakeFiles/psbfile.dir/__/windowEx.cpp.o
2026-09-07T17:59:48.6358469Z In file included from /home/runner/work/PocketKrKr/PocketKrKr/cpp/plugins/windowEx.cpp:18:
2026-09-07T17:59:48.6361372Z /home/runner/work/PocketKrKr/PocketKrKr/cpp/core/plugin/ncbind.hpp: In static member function ‘static ncbTypeConvertor::Conversion<FROM, TO>::OK ncbTypeConvertor::Conversion<FROM, TO>::check(TO)’:
2026-09-07T17:59:48.6363981Z /home/runner/work/PocketKrKr/PocketKrKr/cpp/core/plugin/ncbind.hpp:244:38: warning: no return statement in function returning non-void [-Wreturn-type]
2026-09-07T17:59:48.6365774Z   244 |                 static OK check(TO) {};
2026-09-07T17:59:48.6366562Z       |                                      ^
2026-09-07T17:59:48.7636311Z [477/741] Building CXX object cpp/plugins/layerex_draw/CMakeFiles/layerExDraw.dir/__/psdfile/psdclass_loadstream.cpp.o
2026-09-07T17:59:48.7666419Z In file included from /home/runner/work/PocketKrKr/PocketKrKr/cpp/plugins/psdfile/psdparse/psddata.h:5,
2026-09-07T17:59:48.7716157Z                  from /home/runner/work/PocketKrKr/PocketKrKr/cpp/plugins/psdfile/psdparse/psdfile.h:4,
2026-09-07T17:59:48.7723047Z                  from /home/runner/work/PocketKrKr/PocketKrKr/cpp/plugins/psdfile/psdclass.h:9,
2026-09-07T17:59:48.7724568Z                  from /home/runner/work/PocketKrKr/PocketKrKr/cpp/plugins/psdfile/psdclass_loadstream.cpp:1:
2026-09-07T17:59:48.7726759Z /home/runner/work/PocketKrKr/PocketKrKr/cpp/plugins/psdfile/psdparse/psddesc.h:17:26: warning: multi-character character constant [-Wmultichar]
2026-09-07T17:59:48.7728218Z    17 |         TYPE_REFERENCE = 'obj ',
2026-09-07T17:59:48.7728941Z       |                          ^~~~~~
2026-09-07T17:59:48.7730272Z /home/runner/work/PocketKrKr/PocketKrKr/cpp/plugins/psdfile/psdparse/psddesc.h:18:27: warning: multi-character character constant [-Wmultichar]
2026-09-07T17:59:48.7731726Z    18 |         TYPE_DESCRIPTOR = 'Objc',
2026-09-07T17:59:48.7732382Z       |                           ^~~~~~
2026-09-07T17:59:48.7733744Z /home/runner/work/PocketKrKr/PocketKrKr/cpp/plugins/psdfile/psdparse/psddesc.h:19:21: warning: multi-character character constant [-Wmultichar]
2026-09-07T17:59:48.7735175Z    19 |         TYPE_LIST = 'VlLs',
2026-09-07T17:59:48.7736321Z       |                     ^~~~~~
2026-09-07T17:59:48.7737617Z /home/runner/work/PocketKrKr/PocketKrKr/cpp/plugins/psdfile/psdparse/psddesc.h:20:23: warning: multi-character character constant [-Wmultichar]
2026-09-07T17:59:48.7739085Z    20 |         TYPE_DOUBLE = 'doub',
2026-09-07T17:59:48.7739725Z       |                       ^~~~~~
2026-09-07T17:59:48.7741101Z /home/runner/work/PocketKrKr/PocketKrKr/cpp/plugins/psdfile/psdparse/psddesc.h:21:27: warning: multi-character character constant [-Wmultichar]
2026-09-07T17:59:48.7742529Z    21 |         TYPE_UNIT_FLOAT = 'UntF',
2026-09-07T17:59:48.7743220Z       |                           ^~~~~~
2026-09-07T17:59:48.7744571Z /home/runner/work/PocketKrKr/PocketKrKr/cpp/plugins/psdfile/psdparse/psddesc.h:22:23: warning: multi-character character constant [-Wmultichar]
2026-09-07T17:59:48.7746334Z    22 |         TYPE_STRING = 'TEXT',
2026-09-07T17:59:48.7747008Z       |                       ^~~~~~
2026-09-07T17:59:48.7748363Z /home/runner/work/PocketKrKr/PocketKrKr/cpp/plugins/psdfile/psdparse/psddesc.h:23:27: warning: multi-character character constant [-Wmultichar]
2026-09-07T17:59:48.7750059Z    23 |         TYPE_ENUMERATED = 'enum',
2026-09-07T17:59:48.7750818Z       |                           ^~~~~~
2026-09-07T17:59:48.7752122Z /home/runner/work/PocketKrKr/PocketKrKr/cpp/plugins/psdfile/psdparse/psddesc.h:24:24: warning: multi-character character constant [-Wmultichar]
2026-09-07T17:59:48.7753898Z    24 |         TYPE_INTEGER = 'long',
2026-09-07T17:59:48.7754538Z       |                        ^~~~~~
2026-09-07T17:59:48.7756119Z /home/runner/work/PocketKrKr/PocketKrKr/cpp/plugins/psdfile/psdparse/psddesc.h:25:24: warning: multi-character character constant [-Wmultichar]
2026-09-07T17:59:48.7757461Z    25 |         TYPE_BOOLEAN = 'bool',
2026-09-07T17:59:48.7758155Z       |                        ^~~~~~
2026-09-07T17:59:48.7759461Z /home/runner/work/PocketKrKr/PocketKrKr/cpp/plugins/psdfile/psdparse/psddesc.h:26:30: warning: multi-character character constant [-Wmultichar]
2026-09-07T17:59:48.7760914Z    26 |         TYPE_GLOBAL_OBJECT = 'GlbO',
2026-09-07T17:59:48.7761614Z       |                              ^~~~~~
2026-09-07T17:59:48.7762948Z /home/runner/work/PocketKrKr/PocketKrKr/cpp/plugins/psdfile/psdparse/psddesc.h:27:23: warning: multi-character character constant [-Wmultichar]
2026-09-07T17:59:48.7764254Z    27 |         TYPE_CLASS1 = 'type',
2026-09-07T17:59:48.7764902Z       |                       ^~~~~~
2026-09-07T17:59:48.7766445Z /home/runner/work/PocketKrKr/PocketKrKr/cpp/plugins/psdfile/psdparse/psddesc.h:28:23: warning: multi-character character constant [-Wmultichar]
2026-09-07T17:59:48.7767829Z    28 |         TYPE_CLASS2 = 'GlbC',
2026-09-07T17:59:48.7768404Z       |                       ^~~~~~
2026-09-07T17:59:48.7769705Z /home/runner/work/PocketKrKr/PocketKrKr/cpp/plugins/psdfile/psdparse/psddesc.h:29:22: warning: multi-character character constant [-Wmultichar]
2026-09-07T17:59:48.7771035Z    29 |         TYPE_ALIAS = 'alis',
2026-09-07T17:59:48.7771712Z       |                      ^~~~~~
2026-09-07T17:59:48.7773027Z /home/runner/work/PocketKrKr/PocketKrKr/cpp/plugins/psdfile/psdparse/psddesc.h:30:25: warning: multi-character character constant [-Wmultichar]
2026-09-07T17:59:48.7774465Z    30 |         TYPE_RAW_DATA = 'tdta',
2026-09-07T17:59:48.7775130Z       |                         ^~~~~~
2026-09-07T17:59:48.7776808Z /home/runner/work/PocketKrKr/PocketKrKr/cpp/plugins/psdfile/psdparse/psddesc.h:34:23: warning: multi-character character constant [-Wmultichar]
2026-09-07T17:59:48.7778204Z    34 |         UNIT_POINTS = '#Pnt',
2026-09-07T17:59:48.7778905Z       |                       ^~~~~~
2026-09-07T17:59:48.7780238Z /home/runner/work/PocketKrKr/PocketKrKr/cpp/plugins/psdfile/psdparse/psddesc.h:35:28: warning: multi-character character constant [-Wmultichar]
2026-09-07T17:59:48.7781717Z    35 |         UNIT_MILLIMETERS = '#Mlm',
2026-09-07T17:59:48.7782380Z       |                            ^~~~~~
2026-09-07T17:59:48.7783862Z /home/runner/work/PocketKrKr/PocketKrKr/cpp/plugins/psdfile/psdparse/psddesc.h:36:22: warning: multi-character character constant [-Wmultichar]
2026-09-07T17:59:48.7785545Z    36 |         UNIT_ANGLE = '#Ang', // degrees
2026-09-07T17:59:48.7786329Z       |                      ^~~~~~
2026-09-07T17:59:48.7787670Z /home/runner/work/PocketKrKr/PocketKrKr/cpp/plugins/psdfile/psdparse/psddesc.h:37:24: warning: multi-character character constant [-Wmultichar]
2026-09-07T17:59:48.7789177Z    37 |         UNIT_DENSITY = '#Rsl', // base per inch
2026-09-07T17:59:48.7789878Z       |                        ^~~~~~
2026-09-07T17:59:48.7791249Z /home/runner/work/PocketKrKr/PocketKrKr/cpp/plugins/psdfile/psdparse/psddesc.h:38:25: warning: multi-character character constant [-Wmultichar]
2026-09-07T17:59:48.7792737Z    38 |         UNIT_DISTANCE = '#Rlt', // base 72ppi
2026-09-07T17:59:48.7793485Z       |                         ^~~~~~
2026-09-07T17:59:48.7794800Z /home/runner/work/PocketKrKr/PocketKrKr/cpp/plugins/psdfile/psdparse/psddesc.h:39:21: warning: multi-character character constant [-Wmultichar]
2026-09-07T17:59:48.7796468Z    39 |         UNIT_NONE = '#Nne',
2026-09-07T17:59:48.7797317Z       |                     ^~~~~~
2026-09-07T17:59:48.7798708Z /home/runner/work/PocketKrKr/PocketKrKr/cpp/plugins/psdfile/psdparse/psddesc.h:40:24: warning: multi-character character constant [-Wmultichar]
2026-09-07T17:59:48.7800089Z    40 |         UNIT_PERCENT = '#Prc',
2026-09-07T17:59:48.7801068Z       |                        ^~~~~~
2026-09-07T17:59:48.7802380Z /home/runner/work/PocketKrKr/PocketKrKr/cpp/plugins/psdfile/psdparse/psddesc.h:41:23: warning: multi-character character constant [-Wmultichar]
2026-09-07T17:59:48.7803752Z    41 |         UNIT_PIXELS = '#Pxl',
2026-09-07T17:59:48.7804347Z       |                       ^~~~~~
2026-09-07T17:59:48.7805905Z /home/runner/work/PocketKrKr/PocketKrKr/cpp/plugins/psdfile/psdparse/psddesc.h:46:29: warning: multi-character character constant [-Wmultichar]
2026-09-07T17:59:48.7807316Z    46 |         REF_TYPE_PROPERTY = 'prop',
2026-09-07T17:59:48.7808026Z       |                             ^~~~~~
2026-09-07T17:59:48.7809335Z /home/runner/work/PocketKrKr/PocketKrKr/cpp/plugins/psdfile/psdparse/psddesc.h:47:26: warning: multi-character character constant [-Wmultichar]
2026-09-07T17:59:48.7810812Z    47 |         REF_TYPE_CLASS = 'Clss',
2026-09-07T17:59:48.7811455Z       |                          ^~~~~~
2026-09-07T17:59:48.7812830Z /home/runner/work/PocketKrKr/PocketKrKr/cpp/plugins/psdfile/psdparse/psddesc.h:48:29: warning: multi-character character constant [-Wmultichar]
2026-09-07T17:59:48.7814190Z    48 |         REF_TYPE_ENUM_REF = 'Enmr',
2026-09-07T17:59:48.7814867Z       |                             ^~~~~~
2026-09-07T17:59:48.7816552Z /home/runner/work/PocketKrKr/PocketKrKr/cpp/plugins/psdfile/psdparse/psddesc.h:49:27: warning: multi-character character constant [-Wmultichar]
2026-09-07T17:59:48.7817796Z    49 |         REF_TYPE_OFFSET = 'rele',
2026-09-07T17:59:48.7818286Z       |                           ^~~~~~
2026-09-07T17:59:48.7819451Z /home/runner/work/PocketKrKr/PocketKrKr/cpp/plugins/psdfile/psdparse/psddesc.h:50:31: warning: multi-character character constant [-Wmultichar]
2026-09-07T17:59:48.7820673Z    50 |         REF_TYPE_IDENTIFIER = 'Idnt',
2026-09-07T17:59:48.7821175Z       |                               ^~~~~~
2026-09-07T17:59:48.7822324Z /home/runner/work/PocketKrKr/PocketKrKr/cpp/plugins/psdfile/psdparse/psddesc.h:51:26: warning: multi-character character constant [-Wmultichar]
2026-09-07T17:59:48.7823520Z    51 |         REF_TYPE_INDEX = 'indx',
2026-09-07T17:59:48.7823995Z       |                          ^~~~~~
2026-09-07T17:59:48.7825131Z /home/runner/work/PocketKrKr/PocketKrKr/cpp/plugins/psdfile/psdparse/psddesc.h:52:25: warning: multi-character character constant [-Wmultichar]
2026-09-07T17:59:48.7826544Z    52 |         REF_TYPE_NAME = 'name',
2026-09-07T17:59:48.7827021Z       |                         ^~~~~~
2026-09-07T17:59:48.7827903Z In file included from /home/runner/work/PocketKrKr/PocketKrKr/cpp/plugins/psdfile/psdparse/psdfile.h:4,
2026-09-07T17:59:48.7829100Z                  from /home/runner/work/PocketKrKr/PocketKrKr/cpp/plugins/psdfile/psdclass.h:9,
2026-09-07T17:59:48.7830258Z                  from /home/runner/work/PocketKrKr/PocketKrKr/cpp/plugins/psdfile/psdclass_loadstream.cpp:1:
2026-09-07T17:59:48.7831787Z /home/runner/work/PocketKrKr/PocketKrKr/cpp/plugins/psdfile/psdparse/psddata.h:113:18: warning: multi-character character constant [-Wmultichar]
2026-09-07T17:59:48.7833003Z   113 |             case 'norm':
2026-09-07T17:59:48.7833439Z       |                  ^~~~~~
2026-09-07T17:59:48.7834599Z /home/runner/work/PocketKrKr/PocketKrKr/cpp/plugins/psdfile/psdparse/psddata.h:115:18: warning: multi-character character constant [-Wmultichar]
2026-09-07T17:59:48.7836125Z   115 |             case 'diss':
2026-09-07T17:59:48.7836562Z       |                  ^~~~~~
2026-09-07T17:59:48.7837755Z /home/runner/work/PocketKrKr/PocketKrKr/cpp/plugins/psdfile/psdparse/psddata.h:117:18: warning: multi-character character constant [-Wmultichar]
2026-09-07T17:59:48.7838978Z   117 |             case 'dark':
2026-09-07T17:59:48.7839680Z       |                  ^~~~~~
2026-09-07T17:59:48.7840826Z /home/runner/work/PocketKrKr/PocketKrKr/cpp/plugins/psdfile/psdparse/psddata.h:119:18: warning: multi-character character constant [-Wmultichar]
2026-09-07T17:59:48.7842044Z   119 |             case 'mul ':
2026-09-07T17:59:48.7842687Z       |                  ^~~~~~
2026-09-07T17:59:48.7843814Z /home/runner/work/PocketKrKr/PocketKrKr/cpp/plugins/psdfile/psdparse/psddata.h:121:18: warning: multi-character character constant [-Wmultichar]
2026-09-07T17:59:48.7845018Z   121 |             case 'idiv':
2026-09-07T17:59:48.7875823Z       |                  ^~~~~~
2026-09-07T17:59:48.7877016Z /home/runner/work/PocketKrKr/PocketKrKr/cpp/plugins/psdfile/psdparse/psddata.h:123:18: warning: multi-character character constant [-Wmultichar]
2026-09-07T17:59:48.7878228Z   123 |             case 'lbrn':
2026-09-07T17:59:48.7878664Z       |                  ^~~~~~
2026-09-07T17:59:48.7879791Z /home/runner/work/PocketKrKr/PocketKrKr/cpp/plugins/psdfile/psdparse/psddata.h:125:18: warning: multi-character character constant [-Wmultichar]
2026-09-07T17:59:48.7880996Z   125 |             case 'dkCl':
2026-09-07T17:59:48.7881498Z       |                  ^~~~~~
2026-09-07T17:59:48.7882645Z /home/runner/work/PocketKrKr/PocketKrKr/cpp/plugins/psdfile/psdparse/psddata.h:127:18: warning: multi-character character constant [-Wmultichar]
2026-09-07T17:59:48.7883848Z   127 |             case 'lite':
2026-09-07T17:59:48.7884279Z       |                  ^~~~~~
2026-09-07T17:59:48.7885625Z /home/runner/work/PocketKrKr/PocketKrKr/cpp/plugins/psdfile/psdparse/psddata.h:129:18: warning: multi-character character constant [-Wmultichar]
2026-09-07T17:59:48.7886838Z   129 |             case 'scrn':
2026-09-07T17:59:48.7887256Z       |                  ^~~~~~
2026-09-07T17:59:48.7888354Z /home/runner/work/PocketKrKr/PocketKrKr/cpp/plugins/psdfile/psdparse/psddata.h:131:18: warning: multi-character character constant [-Wmultichar]
2026-09-07T17:59:48.7889538Z   131 |             case 'div ':
2026-09-07T17:59:48.7889959Z       |                  ^~~~~~
2026-09-07T17:59:48.7891065Z /home/runner/work/PocketKrKr/PocketKrKr/cpp/plugins/psdfile/psdparse/psddata.h:133:18: warning: multi-character character constant [-Wmultichar]
2026-09-07T17:59:48.7892207Z   133 |             case 'lddg':
2026-09-07T17:59:48.7892622Z       |                  ^~~~~~
2026-09-07T17:59:48.7893721Z /home/runner/work/PocketKrKr/PocketKrKr/cpp/plugins/psdfile/psdparse/psddata.h:135:18: warning: multi-character character constant [-Wmultichar]
2026-09-07T17:59:48.7894887Z   135 |             case 'ltCl':
2026-09-07T17:59:48.7895522Z       |                  ^~~~~~
2026-09-07T17:59:48.7896628Z /home/runner/work/PocketKrKr/PocketKrKr/cpp/plugins/psdfile/psdparse/psddata.h:137:18: warning: multi-character character constant [-Wmultichar]
2026-09-07T17:59:48.7897796Z   137 |             case 'over':
2026-09-07T17:59:48.7898217Z       |                  ^~~~~~
2026-09-07T17:59:48.7899317Z /home/runner/work/PocketKrKr/PocketKrKr/cpp/plugins/psdfile/psdparse/psddata.h:139:18: warning: multi-character character constant [-Wmultichar]
2026-09-07T17:59:48.7900506Z   139 |             case 'sLit':
2026-09-07T17:59:48.7900913Z       |                  ^~~~~~
2026-09-07T17:59:48.7901993Z /home/runner/work/PocketKrKr/PocketKrKr/cpp/plugins/psdfile/psdparse/psddata.h:141:18: warning: multi-character character constant [-Wmultichar]
2026-09-07T17:59:48.7903170Z   141 |             case 'hLit':
2026-09-07T17:59:48.7903595Z       |                  ^~~~~~
2026-09-07T17:59:48.7904698Z /home/runner/work/PocketKrKr/PocketKrKr/cpp/plugins/psdfile/psdparse/psddata.h:143:18: warning: multi-character character constant [-Wmultichar]
2026-09-07T17:59:48.7936370Z   143 |             case 'vLit':
2026-09-07T17:59:48.7936828Z       |                  ^~~~~~
2026-09-07T17:59:48.7937980Z /home/runner/work/PocketKrKr/PocketKrKr/cpp/plugins/psdfile/psdparse/psddata.h:145:18: warning: multi-character character constant [-Wmultichar]
2026-09-07T17:59:48.7939400Z   145 |             case 'lLit':
2026-09-07T17:59:48.7939843Z       |                  ^~~~~~
2026-09-07T17:59:48.7940981Z /home/runner/work/PocketKrKr/PocketKrKr/cpp/plugins/psdfile/psdparse/psddata.h:147:18: warning: multi-character character constant [-Wmultichar]
2026-09-07T17:59:48.7942372Z   147 |             case 'pLit':
2026-09-07T17:59:48.7942814Z       |                  ^~~~~~
2026-09-07T17:59:48.7943959Z /home/runner/work/PocketKrKr/PocketKrKr/cpp/plugins/psdfile/psdparse/psddata.h:149:18: warning: multi-character character constant [-Wmultichar]
2026-09-07T17:59:48.7945150Z   149 |             case 'hMix':
2026-09-07T17:59:48.7945810Z       |                  ^~~~~~
2026-09-07T17:59:48.7946932Z /home/runner/work/PocketKrKr/PocketKrKr/cpp/plugins/psdfile/psdparse/psddata.h:151:18: warning: multi-character character constant [-Wmultichar]
2026-09-07T17:59:48.7948133Z   151 |             case 'diff':
2026-09-07T17:59:48.7948559Z       |                  ^~~~~~
2026-09-07T17:59:48.7949696Z /home/runner/work/PocketKrKr/PocketKrKr/cpp/plugins/psdfile/psdparse/psddata.h:153:18: warning: multi-character character constant [-Wmultichar]
2026-09-07T17:59:48.7950890Z   153 |             case 'smud':
2026-09-07T17:59:48.7951310Z       |                  ^~~~~~
2026-09-07T17:59:48.7952448Z /home/runner/work/PocketKrKr/PocketKrKr/cpp/plugins/psdfile/psdparse/psddata.h:155:18: warning: multi-character character constant [-Wmultichar]
2026-09-07T17:59:48.7953629Z   155 |             case 'fsub':
2026-09-07T17:59:48.7954045Z       |                  ^~~~~~
2026-09-07T17:59:48.7955134Z /home/runner/work/PocketKrKr/PocketKrKr/cpp/plugins/psdfile/psdparse/psddata.h:157:18: warning: multi-character character constant [-Wmultichar]
2026-09-07T17:59:48.7956514Z   157 |             case 'fdiv':
2026-09-07T17:59:48.7956942Z       |                  ^~~~~~
2026-09-07T17:59:48.7958040Z /home/runner/work/PocketKrKr/PocketKrKr/cpp/plugins/psdfile/psdparse/psddata.h:159:18: warning: multi-character character constant [-Wmultichar]
2026-09-07T17:59:48.7959232Z   159 |             case 'hue ':
2026-09-07T17:59:48.7959651Z       |                  ^~~~~~
2026-09-07T17:59:48.7960773Z /home/runner/work/PocketKrKr/PocketKrKr/cpp/plugins/psdfile/psdparse/psddata.h:161:18: warning: multi-character character constant [-Wmultichar]
2026-09-07T17:59:48.7961948Z   161 |             case 'sat ':
2026-09-07T17:59:48.7962360Z       |                  ^~~~~~
2026-09-07T17:59:48.7963461Z /home/runner/work/PocketKrKr/PocketKrKr/cpp/plugins/psdfile/psdparse/psddata.h:163:18: warning: multi-character character constant [-Wmultichar]
2026-09-07T17:59:48.7964612Z   163 |             case 'colr':
2026-09-07T17:59:48.7965018Z       |                  ^~~~~~
2026-09-07T17:59:48.7996580Z /home/runner/work/PocketKrKr/PocketKrKr/cpp/plugins/psdfile/psdparse/psddata.h:165:18: warning: multi-character character constant [-Wmultichar]
2026-09-07T17:59:48.7997780Z   165 |             case 'lum ':
2026-09-07T17:59:48.7998230Z       |                  ^~~~~~
2026-09-07T17:59:48.7999366Z /home/runner/work/PocketKrKr/PocketKrKr/cpp/plugins/psdfile/psdparse/psddata.h:167:18: warning: multi-character character constant [-Wmultichar]
2026-09-07T17:59:48.8000575Z   167 |             case 'pass':
2026-09-07T17:59:48.8001011Z       |                  ^~~~~~
2026-09-07T17:59:48.8001867Z In file included from /home/runner/work/PocketKrKr/PocketKrKr/cpp/plugins/psdfile/psdparse/psdfile.h:3,
2026-09-07T17:59:48.8003081Z                  from /home/runner/work/PocketKrKr/PocketKrKr/cpp/plugins/psdfile/psdclass.h:9,
2026-09-07T17:59:48.8004260Z                  from /home/runner/work/PocketKrKr/PocketKrKr/cpp/plugins/psdfile/psdclass_loadstream.cpp:1:
2026-09-07T17:59:48.8006728Z /home/runner/work/PocketKrKr/PocketKrKr/cpp/plugins/psdfile/psdparse/psddesc.h: In member function ‘virtual void psd::DescriptorReference::dump(int)’:
2026-09-07T17:59:48.8010032Z /home/runner/work/PocketKrKr/PocketKrKr/cpp/plugins/psdfile/psdparse/psddesc.h:234:20: warning: format ‘%d’ expects argument of type ‘int’, but argument 3 has type ‘std::vector<psd::ReferenceItem*>::size_type’ {aka ‘long unsigned int’} [-Wformat=]
2026-09-07T17:59:48.8012037Z   234 |             dprint("%s (count:%d)\n", typeName(), items.size());
2026-09-07T17:59:48.8012716Z       |                    ^~~~~~~~~~~~~~~~~              ~~~~~~~~~~~~
2026-09-07T17:59:48.8013524Z       |                                                             |
2026-09-07T17:59:48.8014390Z       |                                                             std::vector<psd::ReferenceItem*>::size_type {aka long unsigned int}
2026-09-07T17:59:48.8016190Z /home/runner/work/PocketKrKr/PocketKrKr/cpp/plugins/psdfile/psdparse/psdbase.h:7:28: note: in definition of macro ‘dprint’
2026-09-07T17:59:48.8017312Z     7 | #define dprint(...) printf(__VA_ARGS__);
2026-09-07T17:59:48.8017835Z       |                            ^~~~~~~~~~~
2026-09-07T17:59:48.8018760Z In file included from /home/runner/work/PocketKrKr/PocketKrKr/cpp/plugins/psdfile/psdparse/psddata.h:5,
2026-09-07T17:59:48.8020060Z                  from /home/runner/work/PocketKrKr/PocketKrKr/cpp/plugins/psdfile/psdparse/psdfile.h:4,
2026-09-07T17:59:48.8021212Z                  from /home/runner/work/PocketKrKr/PocketKrKr/cpp/plugins/psdfile/psdclass.h:9,
2026-09-07T17:59:48.8022396Z                  from /home/runner/work/PocketKrKr/PocketKrKr/cpp/plugins/psdfile/psdclass_loadstream.cpp:1:
2026-09-07T17:59:48.8023866Z /home/runner/work/PocketKrKr/PocketKrKr/cpp/plugins/psdfile/psdparse/psddesc.h:234:32: note: format string is defined here
2026-09-07T17:59:48.8025020Z   234 |             dprint("%s (count:%d)\n", typeName(), items.size());
2026-09-07T17:59:48.8056048Z       |                               ~^
2026-09-07T17:59:48.8056537Z       |                                |
2026-09-07T17:59:48.8057012Z       |                                int
2026-09-07T17:59:48.8057482Z       |                               %ld
2026-09-07T17:59:48.8058384Z In file included from /home/runner/work/PocketKrKr/PocketKrKr/cpp/plugins/psdfile/psdparse/psdfile.h:3,
2026-09-07T17:59:48.8059627Z                  from /home/runner/work/PocketKrKr/PocketKrKr/cpp/plugins/psdfile/psdclass.h:9,
2026-09-07T17:59:48.8060821Z                  from /home/runner/work/PocketKrKr/PocketKrKr/cpp/plugins/psdfile/psdclass_loadstream.cpp:1:
2026-09-07T17:59:48.8062803Z /home/runner/work/PocketKrKr/PocketKrKr/cpp/plugins/psdfile/psdparse/psddesc.h: In member function ‘virtual void psd::DescriptorList::dump(int)’:
2026-09-07T17:59:48.8065996Z /home/runner/work/PocketKrKr/PocketKrKr/cpp/plugins/psdfile/psdparse/psddesc.h:253:20: warning: format ‘%d’ expects argument of type ‘int’, but argument 3 has type ‘std::vector<psd::DescriptorItem*>::size_type’ {aka ‘long unsigned int’} [-Wformat=]
2026-09-07T17:59:48.8067976Z   253 |             dprint("%s (count:%d)\n", typeName(), items.size());
2026-09-07T17:59:48.8068614Z       |                    ^~~~~~~~~~~~~~~~~              ~~~~~~~~~~~~
2026-09-07T17:59:48.8069180Z       |                                                             |
2026-09-07T17:59:48.8070018Z       |                                                             std::vector<psd::DescriptorItem*>::size_type {aka long unsigned int}
2026-09-07T17:59:48.8071599Z /home/runner/work/PocketKrKr/PocketKrKr/cpp/plugins/psdfile/psdparse/psdbase.h:7:28: note: in definition of macro ‘dprint’
2026-09-07T17:59:48.8072754Z     7 | #define dprint(...) printf(__VA_ARGS__);
2026-09-07T17:59:48.8073280Z       |                            ^~~~~~~~~~~
2026-09-07T17:59:48.8105728Z In file included from /home/runner/work/PocketKrKr/PocketKrKr/cpp/plugins/psdfile/psdparse/psddata.h:5,
2026-09-07T17:59:48.8107061Z                  from /home/runner/work/PocketKrKr/PocketKrKr/cpp/plugins/psdfile/psdparse/psdfile.h:4,
2026-09-07T17:59:48.8108201Z                  from /home/runner/work/PocketKrKr/PocketKrKr/cpp/plugins/psdfile/psdclass.h:9,
2026-09-07T17:59:48.8109629Z                  from /home/runner/work/PocketKrKr/PocketKrKr/cpp/plugins/psdfile/psdclass_loadstream.cpp:1:
2026-09-07T17:59:48.8111134Z /home/runner/work/PocketKrKr/PocketKrKr/cpp/plugins/psdfile/psdparse/psddesc.h:253:32: note: format string is defined here
2026-09-07T17:59:48.8112310Z   253 |             dprint("%s (count:%d)\n", typeName(), items.size());
2026-09-07T17:59:48.8113164Z       |                               ~^
2026-09-07T17:59:48.8113628Z       |                                |
2026-09-07T17:59:48.8114087Z       |                                int
2026-09-07T17:59:48.8114574Z       |                               %ld
2026-09-07T17:59:48.8115663Z In file included from /home/runner/work/PocketKrKr/PocketKrKr/cpp/plugins/psdfile/psdclass.h:10,
2026-09-07T17:59:48.8116938Z                  from /home/runner/work/PocketKrKr/PocketKrKr/cpp/plugins/psdfile/psdclass_loadstream.cpp:1:
2026-09-07T17:59:48.8119277Z /home/runner/work/PocketKrKr/PocketKrKr/cpp/core/plugin/ncbind.hpp: In static member function ‘static ncbTypeConvertor::Conversion<FROM, TO>::OK ncbTypeConvertor::Conversion<FROM, TO>::check(TO)’:
2026-09-07T17:59:48.8121511Z /home/runner/work/PocketKrKr/PocketKrKr/cpp/core/plugin/ncbind.hpp:244:38: warning: no return statement in function returning non-void [-Wreturn-type]
2026-09-07T17:59:48.8122758Z   244 |                 static OK check(TO) {};
2026-09-07T17:59:48.8123298Z       |                                      ^
2026-09-07T17:59:49.2015541Z [478/741] Building CXX object cpp/plugins/psbfile/CMakeFiles/psbfile.dir/__/layerExPerspective.cpp.o
2026-09-07T17:59:49.2028989Z In file included from /home/runner/work/PocketKrKr/PocketKrKr/cpp/plugins/layerExPerspective.cpp:23:
2026-09-07T17:59:49.2057584Z /home/runner/work/PocketKrKr/PocketKrKr/cpp/core/plugin/ncbind.hpp: In static member function ‘static ncbTypeConvertor::Conversion<FROM, TO>::OK ncbTypeConvertor::Conversion<FROM, TO>::check(TO)’:
2026-09-07T17:59:49.2086420Z /home/runner/work/PocketKrKr/PocketKrKr/cpp/core/plugin/ncbind.hpp:244:38: warning: no return statement in function returning non-void [-Wreturn-type]
2026-09-07T17:59:49.2115745Z   244 |                 static OK check(TO) {};
2026-09-07T17:59:49.2116523Z       |                                      ^
2026-09-07T17:59:49.9003292Z [479/741] Building CXX object cpp/plugins/psbfile/CMakeFiles/psbfile.dir/__/fftgraph.cpp.o
2026-09-07T17:59:49.9007166Z In file included from /home/runner/work/PocketKrKr/PocketKrKr/cpp/plugins/fftgraph.cpp:1:
2026-09-07T17:59:49.9009925Z /home/runner/work/PocketKrKr/PocketKrKr/cpp/core/plugin/ncbind.hpp: In static member function ‘static ncbTypeConvertor::Conversion<FROM, TO>::OK ncbTypeConvertor::Conversion<FROM, TO>::check(TO)’:
2026-09-07T17:59:49.9012554Z /home/runner/work/PocketKrKr/PocketKrKr/cpp/core/plugin/ncbind.hpp:244:38: warning: no return statement in function returning non-void [-Wreturn-type]
2026-09-07T17:59:49.9014099Z   244 |                 static OK check(TO) {};
2026-09-07T17:59:49.9014902Z       |                                      ^
2026-09-07T17:59:50.4496559Z [480/741] Building CXX object cpp/plugins/psbfile/CMakeFiles/psbfile.dir/__/LayerExBase.cpp.o
2026-09-07T17:59:51.2976590Z [481/741] Building CXX object cpp/plugins/psbfile/CMakeFiles/psbfile.dir/__/xp3filter.cpp.o
2026-09-07T17:59:51.3006139Z In file included from /home/runner/work/PocketKrKr/PocketKrKr/cpp/plugins/xp3filter.cpp:1:
2026-09-07T17:59:51.3037540Z /home/runner/work/PocketKrKr/PocketKrKr/cpp/core/plugin/ncbind.hpp: In static member function ‘static ncbTypeConvertor::Conversion<FROM, TO>::OK ncbTypeConvertor::Conversion<FROM, TO>::check(TO)’:
2026-09-07T17:59:51.3066484Z /home/runner/work/PocketKrKr/PocketKrKr/cpp/core/plugin/ncbind.hpp:244:38: warning: no return statement in function returning non-void [-Wreturn-type]
2026-09-07T17:59:51.3067969Z   244 |                 static OK check(TO) {};
2026-09-07T17:59:51.3068642Z       |                                      ^
2026-09-07T17:59:51.3516496Z [482/741] Building CXX object cpp/plugins/psbfile/CMakeFiles/psbfile.dir/__/extrans.cpp.o
2026-09-07T17:59:51.3546573Z In file included from /home/runner/work/PocketKrKr/PocketKrKr/cpp/plugins/extrans.cpp:1:
2026-09-07T17:59:51.3577627Z /home/runner/work/PocketKrKr/PocketKrKr/cpp/core/plugin/ncbind.hpp: In static member function ‘static ncbTypeConvertor::Conversion<FROM, TO>::OK ncbTypeConvertor::Conversion<FROM, TO>::check(TO)’:
2026-09-07T17:59:51.3580644Z /home/runner/work/PocketKrKr/PocketKrKr/cpp/core/plugin/ncbind.hpp:244:38: warning: no return statement in function returning non-void [-Wreturn-type]
2026-09-07T17:59:51.3605916Z   244 |                 static OK check(TO) {};
2026-09-07T17:59:51.3635913Z       |                                      ^
2026-09-07T17:59:52.9836857Z [483/741] Building CXX object cpp/plugins/psbfile/CMakeFiles/psbfile.dir/__/alphamovie.cpp.o
2026-09-07T17:59:52.9856782Z In file included from /home/runner/work/PocketKrKr/PocketKrKr/cpp/plugins/alphamovie.cpp:10:
2026-09-07T17:59:52.9873832Z /home/runner/work/PocketKrKr/PocketKrKr/cpp/core/plugin/ncbind.hpp: In static member function ‘static ncbTypeConvertor::Conversion<FROM, TO>::OK ncbTypeConvertor::Conversion<FROM, TO>::check(TO)’:
2026-09-07T17:59:52.9876692Z /home/runner/work/PocketKrKr/PocketKrKr/cpp/core/plugin/ncbind.hpp:244:38: warning: no return statement in function returning non-void [-Wreturn-type]
2026-09-07T17:59:52.9878221Z   244 |                 static OK check(TO) {};
2026-09-07T17:59:52.9878955Z       |                                      ^
2026-09-07T17:59:53.1377379Z [484/741] Building CXX object cpp/plugins/psbfile/CMakeFiles/psbfile.dir/__/textrender.cpp.o
2026-09-07T17:59:53.1388368Z In file included from /home/runner/work/PocketKrKr/PocketKrKr/cpp/plugins/textrender.cpp:10:
2026-09-07T17:59:53.1391293Z /home/runner/work/PocketKrKr/PocketKrKr/cpp/core/plugin/ncbind.hpp: In static member function ‘static ncbTypeConvertor::Conversion<FROM, TO>::OK ncbTypeConvertor::Conversion<FROM, TO>::check(TO)’:
2026-09-07T17:59:53.1393737Z /home/runner/work/PocketKrKr/PocketKrKr/cpp/core/plugin/ncbind.hpp:244:38: warning: no return statement in function returning non-void [-Wreturn-type]
2026-09-07T17:59:53.1395112Z   244 |                 static OK check(TO) {};
2026-09-07T17:59:53.1396550Z       |                                      ^
2026-09-07T17:59:53.5726826Z [485/741] Building CXX object cpp/plugins/psbfile/CMakeFiles/psbfile.dir/__/layerExBTOA.cpp.o
2026-09-07T17:59:53.5728171Z In file included from /home/runner/work/PocketKrKr/PocketKrKr/cpp/plugins/layerExBTOA.cpp:4:
2026-09-07T17:59:53.5787828Z /home/runner/work/PocketKrKr/PocketKrKr/cpp/core/plugin/ncbind.hpp: In static member function ‘static ncbTypeConvertor::Conversion<FROM, TO>::OK ncbTypeConvertor::Conversion<FROM, TO>::check(TO)’:
2026-09-07T17:59:53.5816611Z /home/runner/work/PocketKrKr/PocketKrKr/cpp/core/plugin/ncbind.hpp:244:38: warning: no return statement in function returning non-void [-Wreturn-type]
2026-09-07T17:59:53.5817851Z   244 |                 static OK check(TO) {};
2026-09-07T17:59:53.5846000Z       |                                      ^
2026-09-07T17:59:53.8976760Z [486/741] Building CXX object cpp/plugins/psbfile/CMakeFiles/psbfile.dir/__/layerExImage.cpp.o
2026-09-07T17:59:53.8986718Z In file included from /home/runner/work/PocketKrKr/PocketKrKr/cpp/plugins/layerExImage.cpp:5:
2026-09-07T17:59:53.8989423Z /home/runner/work/PocketKrKr/PocketKrKr/cpp/core/plugin/ncbind.hpp: In static member function ‘static ncbTypeConvertor::Conversion<FROM, TO>::OK ncbTypeConvertor::Conversion<FROM, TO>::check(TO)’:
2026-09-07T17:59:53.8991953Z /home/runner/work/PocketKrKr/PocketKrKr/cpp/core/plugin/ncbind.hpp:244:38: warning: no return statement in function returning non-void [-Wreturn-type]
2026-09-07T17:59:53.8993478Z   244 |                 static OK check(TO) {};
2026-09-07T17:59:53.8994250Z       |                                      ^
2026-09-07T17:59:55.2873693Z [487/741] Building CXX object cpp/plugins/psbfile/CMakeFiles/psbfile.dir/__/layerExAreaAverage.cpp.o
2026-09-07T17:59:55.2888082Z In file included from /home/runner/work/PocketKrKr/PocketKrKr/cpp/plugins/layerExAreaAverage.cpp:4:
2026-09-07T17:59:55.2890956Z /home/runner/work/PocketKrKr/PocketKrKr/cpp/core/plugin/ncbind.hpp: In static member function ‘static ncbTypeConvertor::Conversion<FROM, TO>::OK ncbTypeConvertor::Conversion<FROM, TO>::check(TO)’:
2026-09-07T17:59:55.2893499Z /home/runner/work/PocketKrKr/PocketKrKr/cpp/core/plugin/ncbind.hpp:244:38: warning: no return statement in function returning non-void [-Wreturn-type]
2026-09-07T17:59:55.2895641Z   244 |                 static OK check(TO) {};
2026-09-07T17:59:55.2896390Z       |                                      ^
2026-09-07T17:59:55.3538732Z [488/741] Building CXX object cpp/plugins/psbfile/CMakeFiles/psbfile.dir/__/layerExRaster.cpp.o
2026-09-07T17:59:55.3553628Z In file included from /home/runner/work/PocketKrKr/PocketKrKr/cpp/plugins/layerExRaster.cpp:4:
2026-09-07T17:59:55.3587607Z /home/runner/work/PocketKrKr/PocketKrKr/cpp/core/plugin/ncbind.hpp: In static member function ‘static ncbTypeConvertor::Conversion<FROM, TO>::OK ncbTypeConvertor::Conversion<FROM, TO>::check(TO)’:
2026-09-07T17:59:55.3616636Z /home/runner/work/PocketKrKr/PocketKrKr/cpp/core/plugin/ncbind.hpp:244:38: warning: no return statement in function returning non-void [-Wreturn-type]
2026-09-07T17:59:55.3645829Z   244 |                 static OK check(TO) {};
2026-09-07T17:59:55.3646794Z       |                                      ^
2026-09-07T17:59:55.9276626Z [489/741] Building CXX object cpp/plugins/psbfile/CMakeFiles/psbfile.dir/__/layerExLongExposure.cpp.o
2026-09-07T17:59:55.9306293Z In file included from /home/runner/work/PocketKrKr/PocketKrKr/cpp/plugins/layerExLongExposure.cpp:4:
2026-09-07T17:59:55.9337509Z /home/runner/work/PocketKrKr/PocketKrKr/cpp/core/plugin/ncbind.hpp: In static member function ‘static ncbTypeConvertor::Conversion<FROM, TO>::OK ncbTypeConvertor::Conversion<FROM, TO>::check(TO)’:
2026-09-07T17:59:55.9339807Z /home/runner/work/PocketKrKr/PocketKrKr/cpp/core/plugin/ncbind.hpp:244:38: warning: no return statement in function returning non-void [-Wreturn-type]
2026-09-07T17:59:55.9341087Z   244 |                 static OK check(TO) {};
2026-09-07T17:59:55.9341594Z       |                                      ^
2026-09-07T17:59:58.0746836Z [490/741] Building CXX object cpp/plugins/psbfile/CMakeFiles/psbfile.dir/__/krkrgles.cpp.o
2026-09-07T17:59:58.0766243Z In file included from /home/runner/work/PocketKrKr/PocketKrKr/cpp/plugins/krkrgles.cpp:2:
2026-09-07T17:59:58.0797428Z /home/runner/work/PocketKrKr/PocketKrKr/cpp/core/plugin/ncbind.hpp: In static member function ‘static ncbTypeConvertor::Conversion<FROM, TO>::OK ncbTypeConvertor::Conversion<FROM, TO>::check(TO)’:
2026-09-07T17:59:58.0816583Z /home/runner/work/PocketKrKr/PocketKrKr/cpp/core/plugin/ncbind.hpp:244:38: warning: no return statement in function returning non-void [-Wreturn-type]
2026-09-07T17:59:58.0818055Z   244 |                 static OK check(TO) {};
2026-09-07T17:59:58.0818757Z       |                                      ^
2026-09-07T17:59:58.1136913Z [491/741] Building CXX object cpp/plugins/psbfile/CMakeFiles/psbfile.dir/__/drawDeviceD2DCompat.cpp.o
2026-09-07T17:59:58.1166390Z In file included from /home/runner/work/PocketKrKr/PocketKrKr/cpp/plugins/drawDeviceD2DCompat.cpp:3:
2026-09-07T17:59:58.1169176Z /home/runner/work/PocketKrKr/PocketKrKr/cpp/core/plugin/ncbind.hpp: In static member function ‘static ncbTypeConvertor::Conversion<FROM, TO>::OK ncbTypeConvertor::Conversion<FROM, TO>::check(TO)’:
2026-09-07T17:59:58.1196650Z /home/runner/work/PocketKrKr/PocketKrKr/cpp/core/plugin/ncbind.hpp:244:38: warning: no return statement in function returning non-void [-Wreturn-type]
2026-09-07T17:59:58.1198305Z   244 |                 static OK check(TO) {};
2026-09-07T17:59:58.1225976Z       |                                      ^
2026-09-07T17:59:58.3826695Z [492/741] Building CXX object cpp/plugins/psbfile/CMakeFiles/psbfile.dir/__/wfBasicEffectCompat.cpp.o
2026-09-07T17:59:58.3828416Z In file included from /home/runner/work/PocketKrKr/PocketKrKr/cpp/plugins/wfBasicEffectCompat.cpp:3:
2026-09-07T17:59:58.3831378Z /home/runner/work/PocketKrKr/PocketKrKr/cpp/core/plugin/ncbind.hpp: In static member function ‘static ncbTypeConvertor::Conversion<FROM, TO>::OK ncbTypeConvertor::Conversion<FROM, TO>::check(TO)’:
2026-09-07T17:59:58.3833724Z /home/runner/work/PocketKrKr/PocketKrKr/cpp/core/plugin/ncbind.hpp:244:38: warning: no return statement in function returning non-void [-Wreturn-type]
2026-09-07T17:59:58.3835724Z   244 |                 static OK check(TO) {};
2026-09-07T17:59:58.3836234Z       |                                      ^
2026-09-07T17:59:58.4835555Z [493/741] Building CXX object cpp/plugins/psbfile/CMakeFiles/psbfile.dir/__/wfTypicalDSPCompat.cpp.o
2026-09-07T17:59:58.4837556Z In file included from /home/runner/work/PocketKrKr/PocketKrKr/cpp/plugins/wfTypicalDSPCompat.cpp:3:
2026-09-07T17:59:58.4840333Z /home/runner/work/PocketKrKr/PocketKrKr/cpp/core/plugin/ncbind.hpp: In static member function ‘static ncbTypeConvertor::Conversion<FROM, TO>::OK ncbTypeConvertor::Conversion<FROM, TO>::check(TO)’:
2026-09-07T17:59:58.4842713Z /home/runner/work/PocketKrKr/PocketKrKr/cpp/core/plugin/ncbind.hpp:244:38: warning: no return statement in function returning non-void [-Wreturn-type]
2026-09-07T17:59:58.4844106Z   244 |                 static OK check(TO) {};
2026-09-07T17:59:58.4844818Z       |                                      ^
2026-09-07T18:00:01.4036697Z [494/741] Building CXX object cpp/plugins/psbfile/CMakeFiles/psbfile.dir/__/psdfile/main.cpp.o
2026-09-07T18:00:01.4052931Z In file included from /home/runner/work/PocketKrKr/PocketKrKr/cpp/plugins/psdfile/psdparse/psddata.h:5,
2026-09-07T18:00:01.4066245Z                  from /home/runner/work/PocketKrKr/PocketKrKr/cpp/plugins/psdfile/psdparse/psdfile.h:4,
2026-09-07T18:00:01.4067417Z                  from /home/runner/work/PocketKrKr/PocketKrKr/cpp/plugins/psdfile/psdclass.h:9,
2026-09-07T18:00:01.4068405Z                  from /home/runner/work/PocketKrKr/PocketKrKr/cpp/plugins/psdfile/main.cpp:5:
2026-09-07T18:00:01.4069874Z /home/runner/work/PocketKrKr/PocketKrKr/cpp/plugins/psdfile/psdparse/psddesc.h:17:26: warning: multi-character character constant [-Wmultichar]
2026-09-07T18:00:01.4070974Z    17 |         TYPE_REFERENCE = 'obj ',
2026-09-07T18:00:01.4071401Z       |                          ^~~~~~
2026-09-07T18:00:01.4072438Z /home/runner/work/PocketKrKr/PocketKrKr/cpp/plugins/psdfile/psdparse/psddesc.h:18:27: warning: multi-character character constant [-Wmultichar]
2026-09-07T18:00:01.4073565Z    18 |         TYPE_DESCRIPTOR = 'Objc',
2026-09-07T18:00:01.4074024Z       |                           ^~~~~~
2026-09-07T18:00:01.4075102Z /home/runner/work/PocketKrKr/PocketKrKr/cpp/plugins/psdfile/psdparse/psddesc.h:19:21: warning: multi-character character constant [-Wmultichar]
2026-09-07T18:00:01.4076515Z    19 |         TYPE_LIST = 'VlLs',
2026-09-07T18:00:01.4076962Z       |                     ^~~~~~
2026-09-07T18:00:01.4078039Z /home/runner/work/PocketKrKr/PocketKrKr/cpp/plugins/psdfile/psdparse/psddesc.h:20:23: warning: multi-character character constant [-Wmultichar]
2026-09-07T18:00:01.4079150Z    20 |         TYPE_DOUBLE = 'doub',
2026-09-07T18:00:01.4079581Z       |                       ^~~~~~
2026-09-07T18:00:01.4080653Z /home/runner/work/PocketKrKr/PocketKrKr/cpp/plugins/psdfile/psdparse/psddesc.h:21:27: warning: multi-character character constant [-Wmultichar]
2026-09-07T18:00:01.4081807Z    21 |         TYPE_UNIT_FLOAT = 'UntF',
2026-09-07T18:00:01.4082267Z       |                           ^~~~~~
2026-09-07T18:00:01.4083365Z /home/runner/work/PocketKrKr/PocketKrKr/cpp/plugins/psdfile/psdparse/psddesc.h:22:23: warning: multi-character character constant [-Wmultichar]
2026-09-07T18:00:01.4084455Z    22 |         TYPE_STRING = 'TEXT',
2026-09-07T18:00:01.4084878Z       |                       ^~~~~~
2026-09-07T18:00:01.4086177Z /home/runner/work/PocketKrKr/PocketKrKr/cpp/plugins/psdfile/psdparse/psddesc.h:23:27: warning: multi-character character constant [-Wmultichar]
2026-09-07T18:00:01.4087589Z    23 |         TYPE_ENUMERATED = 'enum',
2026-09-07T18:00:01.4088085Z       |                           ^~~~~~
2026-09-07T18:00:01.4089182Z /home/runner/work/PocketKrKr/PocketKrKr/cpp/plugins/psdfile/psdparse/psddesc.h:24:24: warning: multi-character character constant [-Wmultichar]
2026-09-07T18:00:01.4090301Z    24 |         TYPE_INTEGER = 'long',
2026-09-07T18:00:01.4091003Z       |                        ^~~~~~
2026-09-07T18:00:01.4092092Z /home/runner/work/PocketKrKr/PocketKrKr/cpp/plugins/psdfile/psdparse/psddesc.h:25:24: warning: multi-character character constant [-Wmultichar]
2026-09-07T18:00:01.4093191Z    25 |         TYPE_BOOLEAN = 'bool',
2026-09-07T18:00:01.4093616Z       |                        ^~~~~~
2026-09-07T18:00:01.4094657Z /home/runner/work/PocketKrKr/PocketKrKr/cpp/plugins/psdfile/psdparse/psddesc.h:26:30: warning: multi-character character constant [-Wmultichar]
2026-09-07T18:00:01.4126292Z    26 |         TYPE_GLOBAL_OBJECT = 'GlbO',
2026-09-07T18:00:01.4126829Z       |                              ^~~~~~
2026-09-07T18:00:01.4128020Z /home/runner/work/PocketKrKr/PocketKrKr/cpp/plugins/psdfile/psdparse/psddesc.h:27:23: warning: multi-character character constant [-Wmultichar]
2026-09-07T18:00:01.4129268Z    27 |         TYPE_CLASS1 = 'type',
2026-09-07T18:00:01.4138117Z       |                       ^~~~~~
2026-09-07T18:00:01.4139351Z /home/runner/work/PocketKrKr/PocketKrKr/cpp/plugins/psdfile/psdparse/psddesc.h:28:23: warning: multi-character character constant [-Wmultichar]
2026-09-07T18:00:01.4140508Z    28 |         TYPE_CLASS2 = 'GlbC',
2026-09-07T18:00:01.4140935Z       |                       ^~~~~~
2026-09-07T18:00:01.4141950Z /home/runner/work/PocketKrKr/PocketKrKr/cpp/plugins/psdfile/psdparse/psddesc.h:29:22: warning: multi-character character constant [-Wmultichar]
2026-09-07T18:00:01.4143088Z    29 |         TYPE_ALIAS = 'alis',
2026-09-07T18:00:01.4143516Z       |                      ^~~~~~
2026-09-07T18:00:01.4144640Z /home/runner/work/PocketKrKr/PocketKrKr/cpp/plugins/psdfile/psdparse/psddesc.h:30:25: warning: multi-character character constant [-Wmultichar]
2026-09-07T18:00:01.4146058Z    30 |         TYPE_RAW_DATA = 'tdta',
2026-09-07T18:00:01.4146560Z       |                         ^~~~~~
2026-09-07T18:00:01.4147710Z /home/runner/work/PocketKrKr/PocketKrKr/cpp/plugins/psdfile/psdparse/psddesc.h:34:23: warning: multi-character character constant [-Wmultichar]
2026-09-07T18:00:01.4148931Z    34 |         UNIT_POINTS = '#Pnt',
2026-09-07T18:00:01.4149397Z       |                       ^~~~~~
2026-09-07T18:00:01.4150559Z /home/runner/work/PocketKrKr/PocketKrKr/cpp/plugins/psdfile/psdparse/psddesc.h:35:28: warning: multi-character character constant [-Wmultichar]
2026-09-07T18:00:01.4151779Z    35 |         UNIT_MILLIMETERS = '#Mlm',
2026-09-07T18:00:01.4152263Z       |                            ^~~~~~
2026-09-07T18:00:01.4153424Z /home/runner/work/PocketKrKr/PocketKrKr/cpp/plugins/psdfile/psdparse/psddesc.h:36:22: warning: multi-character character constant [-Wmultichar]
2026-09-07T18:00:01.4154636Z    36 |         UNIT_ANGLE = '#Ang', // degrees
2026-09-07T18:00:01.4155137Z       |                      ^~~~~~
2026-09-07T18:00:01.4186529Z /home/runner/work/PocketKrKr/PocketKrKr/cpp/plugins/psdfile/psdparse/psddesc.h:37:24: warning: multi-character character constant [-Wmultichar]
2026-09-07T18:00:01.4187571Z    37 |         UNIT_DENSITY = '#Rsl', // base per inch
2026-09-07T18:00:01.4188016Z       |                        ^~~~~~
2026-09-07T18:00:01.4188937Z /home/runner/work/PocketKrKr/PocketKrKr/cpp/plugins/psdfile/psdparse/psddesc.h:38:25: warning: multi-character character constant [-Wmultichar]
2026-09-07T18:00:01.4189933Z    38 |         UNIT_DISTANCE = '#Rlt', // base 72ppi
2026-09-07T18:00:01.4190401Z       |                         ^~~~~~
2026-09-07T18:00:01.4191345Z /home/runner/work/PocketKrKr/PocketKrKr/cpp/plugins/psdfile/psdparse/psddesc.h:39:21: warning: multi-character character constant [-Wmultichar]
2026-09-07T18:00:01.4192325Z    39 |         UNIT_NONE = '#Nne',
2026-09-07T18:00:01.4192974Z       |                     ^~~~~~
2026-09-07T18:00:01.4193936Z /home/runner/work/PocketKrKr/PocketKrKr/cpp/plugins/psdfile/psdparse/psddesc.h:40:24: warning: multi-character character constant [-Wmultichar]
2026-09-07T18:00:01.4194914Z    40 |         UNIT_PERCENT = '#Prc',
2026-09-07T18:00:01.4195734Z       |                        ^~~~~~
2026-09-07T18:00:01.4196669Z /home/runner/work/PocketKrKr/PocketKrKr/cpp/plugins/psdfile/psdparse/psddesc.h:41:23: warning: multi-character character constant [-Wmultichar]
2026-09-07T18:00:01.4197686Z    41 |         UNIT_PIXELS = '#Pxl',
2026-09-07T18:00:01.4198098Z       |                       ^~~~~~
2026-09-07T18:00:01.4199044Z /home/runner/work/PocketKrKr/PocketKrKr/cpp/plugins/psdfile/psdparse/psddesc.h:46:29: warning: multi-character character constant [-Wmultichar]
2026-09-07T18:00:01.4200035Z    46 |         REF_TYPE_PROPERTY = 'prop',
2026-09-07T18:00:01.4200455Z       |                             ^~~~~~
2026-09-07T18:00:01.4201421Z /home/runner/work/PocketKrKr/PocketKrKr/cpp/plugins/psdfile/psdparse/psddesc.h:47:26: warning: multi-character character constant [-Wmultichar]
2026-09-07T18:00:01.4202415Z    47 |         REF_TYPE_CLASS = 'Clss',
2026-09-07T18:00:01.4202822Z       |                          ^~~~~~
2026-09-07T18:00:01.4203790Z /home/runner/work/PocketKrKr/PocketKrKr/cpp/plugins/psdfile/psdparse/psddesc.h:48:29: warning: multi-character character constant [-Wmultichar]
2026-09-07T18:00:01.4204806Z    48 |         REF_TYPE_ENUM_REF = 'Enmr',
2026-09-07T18:00:01.4205385Z       |                             ^~~~~~
2026-09-07T18:00:01.4206325Z /home/runner/work/PocketKrKr/PocketKrKr/cpp/plugins/psdfile/psdparse/psddesc.h:49:27: warning: multi-character character constant [-Wmultichar]
2026-09-07T18:00:01.4207329Z    49 |         REF_TYPE_OFFSET = 'rele',
2026-09-07T18:00:01.4207723Z       |                           ^~~~~~
2026-09-07T18:00:01.4208673Z /home/runner/work/PocketKrKr/PocketKrKr/cpp/plugins/psdfile/psdparse/psddesc.h:50:31: warning: multi-character character constant [-Wmultichar]
2026-09-07T18:00:01.4209656Z    50 |         REF_TYPE_IDENTIFIER = 'Idnt',
2026-09-07T18:00:01.4210071Z       |                               ^~~~~~
2026-09-07T18:00:01.4211013Z /home/runner/work/PocketKrKr/PocketKrKr/cpp/plugins/psdfile/psdparse/psddesc.h:51:26: warning: multi-character character constant [-Wmultichar]
2026-09-07T18:00:01.4212005Z    51 |         REF_TYPE_INDEX = 'indx',
2026-09-07T18:00:01.4212403Z       |                          ^~~~~~
2026-09-07T18:00:01.4213406Z /home/runner/work/PocketKrKr/PocketKrKr/cpp/plugins/psdfile/psdparse/psddesc.h:52:25: warning: multi-character character constant [-Wmultichar]
2026-09-07T18:00:01.4214396Z    52 |         REF_TYPE_NAME = 'name',
2026-09-07T18:00:01.4214781Z       |                         ^~~~~~
2026-09-07T18:00:01.4245955Z In file included from /home/runner/work/PocketKrKr/PocketKrKr/cpp/plugins/psdfile/psdparse/psdfile.h:4,
2026-09-07T18:00:01.4247104Z                  from /home/runner/work/PocketKrKr/PocketKrKr/cpp/plugins/psdfile/psdclass.h:9,
2026-09-07T18:00:01.4248106Z                  from /home/runner/work/PocketKrKr/PocketKrKr/cpp/plugins/psdfile/main.cpp:5:
2026-09-07T18:00:01.4249456Z /home/runner/work/PocketKrKr/PocketKrKr/cpp/plugins/psdfile/psdparse/psddata.h:113:18: warning: multi-character character constant [-Wmultichar]
2026-09-07T18:00:01.4250535Z   113 |             case 'norm':
2026-09-07T18:00:01.4250919Z       |                  ^~~~~~
2026-09-07T18:00:01.4251892Z /home/runner/work/PocketKrKr/PocketKrKr/cpp/plugins/psdfile/psdparse/psddata.h:115:18: warning: multi-character character constant [-Wmultichar]
2026-09-07T18:00:01.4252934Z   115 |             case 'diss':
2026-09-07T18:00:01.4253313Z       |                  ^~~~~~
2026-09-07T18:00:01.4254282Z /home/runner/work/PocketKrKr/PocketKrKr/cpp/plugins/psdfile/psdparse/psddata.h:117:18: warning: multi-character character constant [-Wmultichar]
2026-09-07T18:00:01.4255539Z   117 |             case 'dark':
2026-09-07T18:00:01.4256189Z       |                  ^~~~~~
2026-09-07T18:00:01.4257227Z /home/runner/work/PocketKrKr/PocketKrKr/cpp/plugins/psdfile/psdparse/psddata.h:119:18: warning: multi-character character constant [-Wmultichar]
2026-09-07T18:00:01.4258343Z   119 |             case 'mul ':
2026-09-07T18:00:01.4258968Z       |                  ^~~~~~
2026-09-07T18:00:01.4259998Z /home/runner/work/PocketKrKr/PocketKrKr/cpp/plugins/psdfile/psdparse/psddata.h:121:18: warning: multi-character character constant [-Wmultichar]
2026-09-07T18:00:01.4261109Z   121 |             case 'idiv':
2026-09-07T18:00:01.4261499Z       |                  ^~~~~~
2026-09-07T18:00:01.4262531Z /home/runner/work/PocketKrKr/PocketKrKr/cpp/plugins/psdfile/psdparse/psddata.h:123:18: warning: multi-character character constant [-Wmultichar]
2026-09-07T18:00:01.4263610Z   123 |             case 'lbrn':
2026-09-07T18:00:01.4263994Z       |                  ^~~~~~
2026-09-07T18:00:01.4265021Z /home/runner/work/PocketKrKr/PocketKrKr/cpp/plugins/psdfile/psdparse/psddata.h:125:18: warning: multi-character character constant [-Wmultichar]
2026-09-07T18:00:01.4266338Z   125 |             case 'dkCl':
2026-09-07T18:00:01.4266736Z       |                  ^~~~~~
2026-09-07T18:00:01.4267748Z /home/runner/work/PocketKrKr/PocketKrKr/cpp/plugins/psdfile/psdparse/psddata.h:127:18: warning: multi-character character constant [-Wmultichar]
2026-09-07T18:00:01.4268838Z   127 |             case 'lite':
2026-09-07T18:00:01.4269233Z       |                  ^~~~~~
2026-09-07T18:00:01.4270354Z /home/runner/work/PocketKrKr/PocketKrKr/cpp/plugins/psdfile/psdparse/psddata.h:129:18: warning: multi-character character constant [-Wmultichar]
2026-09-07T18:00:01.4271470Z   129 |             case 'scrn':
2026-09-07T18:00:01.4271854Z       |                  ^~~~~~
2026-09-07T18:00:01.4272875Z /home/runner/work/PocketKrKr/PocketKrKr/cpp/plugins/psdfile/psdparse/psddata.h:131:18: warning: multi-character character constant [-Wmultichar]
2026-09-07T18:00:01.4273977Z   131 |             case 'div ':
2026-09-07T18:00:01.4274368Z       |                  ^~~~~~
2026-09-07T18:00:01.4294146Z /home/runner/work/PocketKrKr/PocketKrKr/cpp/plugins/psdfile/psdparse/psddata.h:133:18: warning: multi-character character constant [-Wmultichar]
2026-09-07T18:00:01.4295531Z   133 |             case 'lddg':
2026-09-07T18:00:01.4295961Z       |                  ^~~~~~
2026-09-07T18:00:01.4296995Z /home/runner/work/PocketKrKr/PocketKrKr/cpp/plugins/psdfile/psdparse/psddata.h:135:18: warning: multi-character character constant [-Wmultichar]
2026-09-07T18:00:01.4298089Z   135 |             case 'ltCl':
2026-09-07T18:00:01.4298494Z       |                  ^~~~~~
2026-09-07T18:00:01.4299529Z /home/runner/work/PocketKrKr/PocketKrKr/cpp/plugins/psdfile/psdparse/psddata.h:137:18: warning: multi-character character constant [-Wmultichar]
2026-09-07T18:00:01.4300631Z   137 |             case 'over':
2026-09-07T18:00:01.4301030Z       |                  ^~~~~~
2026-09-07T18:00:01.4302054Z /home/runner/work/PocketKrKr/PocketKrKr/cpp/plugins/psdfile/psdparse/psddata.h:139:18: warning: multi-character character constant [-Wmultichar]
2026-09-07T18:00:01.4303132Z   139 |             case 'sLit':
2026-09-07T18:00:01.4303518Z       |                  ^~~~~~
2026-09-07T18:00:01.4304534Z /home/runner/work/PocketKrKr/PocketKrKr/cpp/plugins/psdfile/psdparse/psddata.h:141:18: warning: multi-character character constant [-Wmultichar]
2026-09-07T18:00:01.4305860Z   141 |             case 'hLit':
2026-09-07T18:00:01.4306254Z       |                  ^~~~~~
2026-09-07T18:00:01.4307288Z /home/runner/work/PocketKrKr/PocketKrKr/cpp/plugins/psdfile/psdparse/psddata.h:143:18: warning: multi-character character constant [-Wmultichar]
2026-09-07T18:00:01.4308409Z   143 |             case 'vLit':
2026-09-07T18:00:01.4308813Z       |                  ^~~~~~
2026-09-07T18:00:01.4309859Z /home/runner/work/PocketKrKr/PocketKrKr/cpp/plugins/psdfile/psdparse/psddata.h:145:18: warning: multi-character character constant [-Wmultichar]
2026-09-07T18:00:01.4311190Z   145 |             case 'lLit':
2026-09-07T18:00:01.4311609Z       |                  ^~~~~~
2026-09-07T18:00:01.4312635Z /home/runner/work/PocketKrKr/PocketKrKr/cpp/plugins/psdfile/psdparse/psddata.h:147:18: warning: multi-character character constant [-Wmultichar]
2026-09-07T18:00:01.4313961Z   147 |             case 'pLit':
2026-09-07T18:00:01.4314355Z       |                  ^~~~~~
2026-09-07T18:00:01.4355789Z /home/runner/work/PocketKrKr/PocketKrKr/cpp/plugins/psdfile/psdparse/psddata.h:149:18: warning: multi-character character constant [-Wmultichar]
2026-09-07T18:00:01.4356977Z   149 |             case 'hMix':
2026-09-07T18:00:01.4357389Z       |                  ^~~~~~
2026-09-07T18:00:01.4358463Z /home/runner/work/PocketKrKr/PocketKrKr/cpp/plugins/psdfile/psdparse/psddata.h:151:18: warning: multi-character character constant [-Wmultichar]
2026-09-07T18:00:01.4359588Z   151 |             case 'diff':
2026-09-07T18:00:01.4359992Z       |                  ^~~~~~
2026-09-07T18:00:01.4361043Z /home/runner/work/PocketKrKr/PocketKrKr/cpp/plugins/psdfile/psdparse/psddata.h:153:18: warning: multi-character character constant [-Wmultichar]
2026-09-07T18:00:01.4362139Z   153 |             case 'smud':
2026-09-07T18:00:01.4362512Z       |                  ^~~~~~
2026-09-07T18:00:01.4363519Z /home/runner/work/PocketKrKr/PocketKrKr/cpp/plugins/psdfile/psdparse/psddata.h:155:18: warning: multi-character character constant [-Wmultichar]
2026-09-07T18:00:01.4364596Z   155 |             case 'fsub':
2026-09-07T18:00:01.4364981Z       |                  ^~~~~~
2026-09-07T18:00:01.4366217Z /home/runner/work/PocketKrKr/PocketKrKr/cpp/plugins/psdfile/psdparse/psddata.h:157:18: warning: multi-character character constant [-Wmultichar]
2026-09-07T18:00:01.4367364Z   157 |             case 'fdiv':
2026-09-07T18:00:01.4367760Z       |                  ^~~~~~
2026-09-07T18:00:01.4368783Z /home/runner/work/PocketKrKr/PocketKrKr/cpp/plugins/psdfile/psdparse/psddata.h:159:18: warning: multi-character character constant [-Wmultichar]
2026-09-07T18:00:01.4369936Z   159 |             case 'hue ':
2026-09-07T18:00:01.4370334Z       |                  ^~~~~~
2026-09-07T18:00:01.4371347Z /home/runner/work/PocketKrKr/PocketKrKr/cpp/plugins/psdfile/psdparse/psddata.h:161:18: warning: multi-character character constant [-Wmultichar]
2026-09-07T18:00:01.4372510Z   161 |             case 'sat ':
2026-09-07T18:00:01.4372897Z       |                  ^~~~~~
2026-09-07T18:00:01.4373897Z /home/runner/work/PocketKrKr/PocketKrKr/cpp/plugins/psdfile/psdparse/psddata.h:163:18: warning: multi-character character constant [-Wmultichar]
2026-09-07T18:00:01.4374958Z   163 |             case 'colr':
2026-09-07T18:00:01.4375553Z       |                  ^~~~~~
2026-09-07T18:00:01.4376628Z /home/runner/work/PocketKrKr/PocketKrKr/cpp/plugins/psdfile/psdparse/psddata.h:165:18: warning: multi-character character constant [-Wmultichar]
2026-09-07T18:00:01.4377697Z   165 |             case 'lum ':
2026-09-07T18:00:01.4378078Z       |                  ^~~~~~
2026-09-07T18:00:01.4379080Z /home/runner/work/PocketKrKr/PocketKrKr/cpp/plugins/psdfile/psdparse/psddata.h:167:18: warning: multi-character character constant [-Wmultichar]
2026-09-07T18:00:01.4380157Z   167 |             case 'pass':
2026-09-07T18:00:01.4380554Z       |                  ^~~~~~
2026-09-07T18:00:01.4381262Z In file included from /home/runner/work/PocketKrKr/PocketKrKr/cpp/plugins/psdfile/main.cpp:1:
2026-09-07T18:00:01.4383581Z /home/runner/work/PocketKrKr/PocketKrKr/cpp/core/plugin/ncbind.hpp: In static member function ‘static ncbTypeConvertor::Conversion<FROM, TO>::OK ncbTypeConvertor::Conversion<FROM, TO>::check(TO)’:
2026-09-07T18:00:01.4416166Z /home/runner/work/PocketKrKr/PocketKrKr/cpp/core/plugin/ncbind.hpp:244:38: warning: no return statement in function returning non-void [-Wreturn-type]
2026-09-07T18:00:01.4417421Z   244 |                 static OK check(TO) {};
2026-09-07T18:00:01.4417926Z       |                                      ^
2026-09-07T18:00:01.4419035Z In file included from /home/runner/work/PocketKrKr/PocketKrKr/cpp/plugins/psdfile/psdparse/psdfile.h:3,
2026-09-07T18:00:01.4420187Z                  from /home/runner/work/PocketKrKr/PocketKrKr/cpp/plugins/psdfile/psdclass.h:9,
2026-09-07T18:00:01.4421155Z                  from /home/runner/work/PocketKrKr/PocketKrKr/cpp/plugins/psdfile/main.cpp:5:
2026-09-07T18:00:01.4423205Z /home/runner/work/PocketKrKr/PocketKrKr/cpp/plugins/psdfile/psdparse/psddesc.h: In member function ‘virtual void psd::DescriptorReference::dump(int)’:
2026-09-07T18:00:01.4426235Z /home/runner/work/PocketKrKr/PocketKrKr/cpp/plugins/psdfile/psdparse/psddesc.h:234:20: warning: format ‘%d’ expects argument of type ‘int’, but argument 3 has type ‘std::vector<psd::ReferenceItem*>::size_type’ {aka ‘long unsigned int’} [-Wformat=]
2026-09-07T18:00:01.4428076Z   234 |             dprint("%s (count:%d)\n", typeName(), items.size());
2026-09-07T18:00:01.4428727Z       |                    ^~~~~~~~~~~~~~~~~              ~~~~~~~~~~~~
2026-09-07T18:00:01.4429294Z       |                                                             |
2026-09-07T18:00:01.4430096Z       |                                                             std::vector<psd::ReferenceItem*>::size_type {aka long unsigned int}
2026-09-07T18:00:01.4431567Z /home/runner/work/PocketKrKr/PocketKrKr/cpp/plugins/psdfile/psdparse/psdbase.h:7:28: note: in definition of macro ‘dprint’
2026-09-07T18:00:01.4432645Z     7 | #define dprint(...) printf(__VA_ARGS__);
2026-09-07T18:00:01.4433146Z       |                            ^~~~~~~~~~~
2026-09-07T18:00:01.4434007Z In file included from /home/runner/work/PocketKrKr/PocketKrKr/cpp/plugins/psdfile/psdparse/psddata.h:5,
2026-09-07T18:00:01.4435420Z                  from /home/runner/work/PocketKrKr/PocketKrKr/cpp/plugins/psdfile/psdparse/psdfile.h:4,
2026-09-07T18:00:01.4436514Z                  from /home/runner/work/PocketKrKr/PocketKrKr/cpp/plugins/psdfile/psdclass.h:9,
2026-09-07T18:00:01.4437533Z                  from /home/runner/work/PocketKrKr/PocketKrKr/cpp/plugins/psdfile/main.cpp:5:
2026-09-07T18:00:01.4438794Z /home/runner/work/PocketKrKr/PocketKrKr/cpp/plugins/psdfile/psdparse/psddesc.h:234:32: note: format string is defined here
2026-09-07T18:00:01.4439910Z   234 |             dprint("%s (count:%d)\n", typeName(), items.size());
2026-09-07T18:00:01.4440504Z       |                               ~^
2026-09-07T18:00:01.4440931Z       |                                |
2026-09-07T18:00:01.4441365Z       |                                int
2026-09-07T18:00:01.4441801Z       |                               %ld
2026-09-07T18:00:01.4442607Z In file included from /home/runner/work/PocketKrKr/PocketKrKr/cpp/plugins/psdfile/psdparse/psdfile.h:3,
2026-09-07T18:00:01.4443738Z                  from /home/runner/work/PocketKrKr/PocketKrKr/cpp/plugins/psdfile/psdclass.h:9,
2026-09-07T18:00:01.4444718Z                  from /home/runner/work/PocketKrKr/PocketKrKr/cpp/plugins/psdfile/main.cpp:5:
2026-09-07T18:00:01.4476962Z /home/runner/work/PocketKrKr/PocketKrKr/cpp/plugins/psdfile/psdparse/psddesc.h: In member function ‘virtual void psd::DescriptorList::dump(int)’:
2026-09-07T18:00:01.4479762Z /home/runner/work/PocketKrKr/PocketKrKr/cpp/plugins/psdfile/psdparse/psddesc.h:253:20: warning: format ‘%d’ expects argument of type ‘int’, but argument 3 has type ‘std::vector<psd::DescriptorItem*>::size_type’ {aka ‘long unsigned int’} [-Wformat=]
2026-09-07T18:00:01.4481582Z   253 |             dprint("%s (count:%d)\n", typeName(), items.size());
2026-09-07T18:00:01.4482188Z       |                    ^~~~~~~~~~~~~~~~~              ~~~~~~~~~~~~
2026-09-07T18:00:01.4482715Z       |                                                             |
2026-09-07T18:00:01.4483511Z       |                                                             std::vector<psd::DescriptorItem*>::size_type {aka long unsigned int}
2026-09-07T18:00:01.4484948Z /home/runner/work/PocketKrKr/PocketKrKr/cpp/plugins/psdfile/psdparse/psdbase.h:7:28: note: in definition of macro ‘dprint’
2026-09-07T18:00:01.4486466Z     7 | #define dprint(...) printf(__VA_ARGS__);
2026-09-07T18:00:01.4486990Z       |                            ^~~~~~~~~~~
2026-09-07T18:00:01.4487845Z In file included from /home/runner/work/PocketKrKr/PocketKrKr/cpp/plugins/psdfile/psdparse/psddata.h:5,
2026-09-07T18:00:01.4489027Z                  from /home/runner/work/PocketKrKr/PocketKrKr/cpp/plugins/psdfile/psdparse/psdfile.h:4,
2026-09-07T18:00:01.4490323Z                  from /home/runner/work/PocketKrKr/PocketKrKr/cpp/plugins/psdfile/psdclass.h:9,
2026-09-07T18:00:01.4491325Z                  from /home/runner/work/PocketKrKr/PocketKrKr/cpp/plugins/psdfile/main.cpp:5:
2026-09-07T18:00:01.4492594Z /home/runner/work/PocketKrKr/PocketKrKr/cpp/plugins/psdfile/psdparse/psddesc.h:253:32: note: format string is defined here
2026-09-07T18:00:01.4493742Z   253 |             dprint("%s (count:%d)\n", typeName(), items.size());
2026-09-07T18:00:01.4494315Z       |                               ~^
2026-09-07T18:00:01.4494745Z       |                                |
2026-09-07T18:00:01.4495473Z       |                                int
2026-09-07T18:00:01.4495941Z       |                               %ld
2026-09-07T18:00:01.6020317Z [495/741] Building CXX object cpp/plugins/psbfile/CMakeFiles/psbfile.dir/__/psdfile/psdclass_loadmem.cpp.o
2026-09-07T18:00:01.6056467Z In file included from /home/runner/work/PocketKrKr/PocketKrKr/cpp/plugins/psdfile/psdparse/psddata.h:5,
2026-09-07T18:00:01.6086308Z                  from /home/runner/work/PocketKrKr/PocketKrKr/cpp/plugins/psdfile/psdparse/psdfile.h:4,
2026-09-07T18:00:01.6087572Z                  from /home/runner/work/PocketKrKr/PocketKrKr/cpp/plugins/psdfile/psdclass.h:9,
2026-09-07T18:00:01.6116162Z                  from /home/runner/work/PocketKrKr/PocketKrKr/cpp/plugins/psdfile/psdclass_loadmem.cpp:1:
2026-09-07T18:00:01.6126505Z /home/runner/work/PocketKrKr/PocketKrKr/cpp/plugins/psdfile/psdparse/psddesc.h:17:26: warning: multi-character character constant [-Wmultichar]
2026-09-07T18:00:01.6127715Z    17 |         TYPE_REFERENCE = 'obj ',
2026-09-07T18:00:01.6128382Z       |                          ^~~~~~
2026-09-07T18:00:01.6129548Z /home/runner/work/PocketKrKr/PocketKrKr/cpp/plugins/psdfile/psdparse/psddesc.h:18:27: warning: multi-character character constant [-Wmultichar]
2026-09-07T18:00:01.6147541Z    18 |         TYPE_DESCRIPTOR = 'Objc',
2026-09-07T18:00:01.6148444Z       |                           ^~~~~~
2026-09-07T18:00:01.6149878Z /home/runner/work/PocketKrKr/PocketKrKr/cpp/plugins/psdfile/psdparse/psddesc.h:19:21: warning: multi-character character constant [-Wmultichar]
2026-09-07T18:00:01.6151395Z    19 |         TYPE_LIST = 'VlLs',
2026-09-07T18:00:01.6152068Z       |                     ^~~~~~
2026-09-07T18:00:01.6153404Z /home/runner/work/PocketKrKr/PocketKrKr/cpp/plugins/psdfile/psdparse/psddesc.h:20:23: warning: multi-character character constant [-Wmultichar]
2026-09-07T18:00:01.6154805Z    20 |         TYPE_DOUBLE = 'doub',
2026-09-07T18:00:01.6155768Z       |                       ^~~~~~
2026-09-07T18:00:01.6157142Z /home/runner/work/PocketKrKr/PocketKrKr/cpp/plugins/psdfile/psdparse/psddesc.h:21:27: warning: multi-character character constant [-Wmultichar]
2026-09-07T18:00:01.6158516Z    21 |         TYPE_UNIT_FLOAT = 'UntF',
2026-09-07T18:00:01.6159170Z       |                           ^~~~~~
2026-09-07T18:00:01.6160500Z /home/runner/work/PocketKrKr/PocketKrKr/cpp/plugins/psdfile/psdparse/psddesc.h:22:23: warning: multi-character character constant [-Wmultichar]
2026-09-07T18:00:01.6161872Z    22 |         TYPE_STRING = 'TEXT',
2026-09-07T18:00:01.6162529Z       |                       ^~~~~~
2026-09-07T18:00:01.6163860Z /home/runner/work/PocketKrKr/PocketKrKr/cpp/plugins/psdfile/psdparse/psddesc.h:23:27: warning: multi-character character constant [-Wmultichar]
2026-09-07T18:00:01.6165514Z    23 |         TYPE_ENUMERATED = 'enum',
2026-09-07T18:00:01.6166239Z       |                           ^~~~~~
2026-09-07T18:00:01.6167856Z /home/runner/work/PocketKrKr/PocketKrKr/cpp/plugins/psdfile/psdparse/psddesc.h:24:24: warning: multi-character character constant [-Wmultichar]
2026-09-07T18:00:01.6169293Z    24 |         TYPE_INTEGER = 'long',
2026-09-07T18:00:01.6170045Z       |                        ^~~~~~
2026-09-07T18:00:01.6171368Z /home/runner/work/PocketKrKr/PocketKrKr/cpp/plugins/psdfile/psdparse/psddesc.h:25:24: warning: multi-character character constant [-Wmultichar]
2026-09-07T18:00:01.6172982Z    25 |         TYPE_BOOLEAN = 'bool',
2026-09-07T18:00:01.6173666Z       |                        ^~~~~~
2026-09-07T18:00:01.6174930Z /home/runner/work/PocketKrKr/PocketKrKr/cpp/plugins/psdfile/psdparse/psddesc.h:26:30: warning: multi-character character constant [-Wmultichar]
2026-09-07T18:00:01.6176482Z    26 |         TYPE_GLOBAL_OBJECT = 'GlbO',
2026-09-07T18:00:01.6177093Z       |                              ^~~~~~
2026-09-07T18:00:01.6178266Z /home/runner/work/PocketKrKr/PocketKrKr/cpp/plugins/psdfile/psdparse/psddesc.h:27:23: warning: multi-character character constant [-Wmultichar]
2026-09-07T18:00:01.6179483Z    27 |         TYPE_CLASS1 = 'type',
2026-09-07T18:00:01.6180039Z       |                       ^~~~~~
2026-09-07T18:00:01.6181183Z /home/runner/work/PocketKrKr/PocketKrKr/cpp/plugins/psdfile/psdparse/psddesc.h:28:23: warning: multi-character character constant [-Wmultichar]
2026-09-07T18:00:01.6182407Z    28 |         TYPE_CLASS2 = 'GlbC',
2026-09-07T18:00:01.6182974Z       |                       ^~~~~~
2026-09-07T18:00:01.6184133Z /home/runner/work/PocketKrKr/PocketKrKr/cpp/plugins/psdfile/psdparse/psddesc.h:29:22: warning: multi-character character constant [-Wmultichar]
2026-09-07T18:00:01.6185549Z    29 |         TYPE_ALIAS = 'alis',
2026-09-07T18:00:01.6186145Z       |                      ^~~~~~
2026-09-07T18:00:01.6187299Z /home/runner/work/PocketKrKr/PocketKrKr/cpp/plugins/psdfile/psdparse/psddesc.h:30:25: warning: multi-character character constant [-Wmultichar]
2026-09-07T18:00:01.6188535Z    30 |         TYPE_RAW_DATA = 'tdta',
2026-09-07T18:00:01.6189114Z       |                         ^~~~~~
2026-09-07T18:00:01.6190286Z /home/runner/work/PocketKrKr/PocketKrKr/cpp/plugins/psdfile/psdparse/psddesc.h:34:23: warning: multi-character character constant [-Wmultichar]
2026-09-07T18:00:01.6191488Z    34 |         UNIT_POINTS = '#Pnt',
2026-09-07T18:00:01.6192046Z       |                       ^~~~~~
2026-09-07T18:00:01.6193199Z /home/runner/work/PocketKrKr/PocketKrKr/cpp/plugins/psdfile/psdparse/psddesc.h:35:28: warning: multi-character character constant [-Wmultichar]
2026-09-07T18:00:01.6194393Z    35 |         UNIT_MILLIMETERS = '#Mlm',
2026-09-07T18:00:01.6194976Z       |                            ^~~~~~
2026-09-07T18:00:01.6196442Z /home/runner/work/PocketKrKr/PocketKrKr/cpp/plugins/psdfile/psdparse/psddesc.h:36:22: warning: multi-character character constant [-Wmultichar]
2026-09-07T18:00:01.6197675Z    36 |         UNIT_ANGLE = '#Ang', // degrees
2026-09-07T18:00:01.6198266Z       |                      ^~~~~~
2026-09-07T18:00:01.6199432Z /home/runner/work/PocketKrKr/PocketKrKr/cpp/plugins/psdfile/psdparse/psddesc.h:37:24: warning: multi-character character constant [-Wmultichar]
2026-09-07T18:00:01.6200672Z    37 |         UNIT_DENSITY = '#Rsl', // base per inch
2026-09-07T18:00:01.6201287Z       |                        ^~~~~~
2026-09-07T18:00:01.6202447Z /home/runner/work/PocketKrKr/PocketKrKr/cpp/plugins/psdfile/psdparse/psddesc.h:38:25: warning: multi-character character constant [-Wmultichar]
2026-09-07T18:00:01.6203663Z    38 |         UNIT_DISTANCE = '#Rlt', // base 72ppi
2026-09-07T18:00:01.6204273Z       |                         ^~~~~~
2026-09-07T18:00:01.6205648Z /home/runner/work/PocketKrKr/PocketKrKr/cpp/plugins/psdfile/psdparse/psddesc.h:39:21: warning: multi-character character constant [-Wmultichar]
2026-09-07T18:00:01.6207043Z    39 |         UNIT_NONE = '#Nne',
2026-09-07T18:00:01.6207662Z       |                     ^~~~~~
2026-09-07T18:00:01.6209189Z /home/runner/work/PocketKrKr/PocketKrKr/cpp/plugins/psdfile/psdparse/psddesc.h:40:24: warning: multi-character character constant [-Wmultichar]
2026-09-07T18:00:01.6210603Z    40 |         UNIT_PERCENT = '#Prc',
2026-09-07T18:00:01.6211227Z       |                        ^~~~~~
2026-09-07T18:00:01.6212520Z /home/runner/work/PocketKrKr/PocketKrKr/cpp/plugins/psdfile/psdparse/psddesc.h:41:23: warning: multi-character character constant [-Wmultichar]
2026-09-07T18:00:01.6214172Z    41 |         UNIT_PIXELS = '#Pxl',
2026-09-07T18:00:01.6214826Z       |                       ^~~~~~
2026-09-07T18:00:01.6216377Z /home/runner/work/PocketKrKr/PocketKrKr/cpp/plugins/psdfile/psdparse/psddesc.h:46:29: warning: multi-character character constant [-Wmultichar]
2026-09-07T18:00:01.6217831Z    46 |         REF_TYPE_PROPERTY = 'prop',
2026-09-07T18:00:01.6218521Z       |                             ^~~~~~
2026-09-07T18:00:01.6219873Z /home/runner/work/PocketKrKr/PocketKrKr/cpp/plugins/psdfile/psdparse/psddesc.h:47:26: warning: multi-character character constant [-Wmultichar]
2026-09-07T18:00:01.6221280Z    47 |         REF_TYPE_CLASS = 'Clss',
2026-09-07T18:00:01.6221960Z       |                          ^~~~~~
2026-09-07T18:00:01.6223308Z /home/runner/work/PocketKrKr/PocketKrKr/cpp/plugins/psdfile/psdparse/psddesc.h:48:29: warning: multi-character character constant [-Wmultichar]
2026-09-07T18:00:01.6224713Z    48 |         REF_TYPE_ENUM_REF = 'Enmr',
2026-09-07T18:00:01.6225628Z       |                             ^~~~~~
2026-09-07T18:00:01.6226979Z /home/runner/work/PocketKrKr/PocketKrKr/cpp/plugins/psdfile/psdparse/psddesc.h:49:27: warning: multi-character character constant [-Wmultichar]
2026-09-07T18:00:01.6228378Z    49 |         REF_TYPE_OFFSET = 'rele',
2026-09-07T18:00:01.6229035Z       |                           ^~~~~~
2026-09-07T18:00:01.6230383Z /home/runner/work/PocketKrKr/PocketKrKr/cpp/plugins/psdfile/psdparse/psddesc.h:50:31: warning: multi-character character constant [-Wmultichar]
2026-09-07T18:00:01.6231796Z    50 |         REF_TYPE_IDENTIFIER = 'Idnt',
2026-09-07T18:00:01.6232502Z       |                               ^~~~~~
2026-09-07T18:00:01.6233887Z /home/runner/work/PocketKrKr/PocketKrKr/cpp/plugins/psdfile/psdparse/psddesc.h:51:26: warning: multi-character character constant [-Wmultichar]
2026-09-07T18:00:01.6235521Z    51 |         REF_TYPE_INDEX = 'indx',
2026-09-07T18:00:01.6236126Z       |                          ^~~~~~
2026-09-07T18:00:01.6237283Z /home/runner/work/PocketKrKr/PocketKrKr/cpp/plugins/psdfile/psdparse/psddesc.h:52:25: warning: multi-character character constant [-Wmultichar]
2026-09-07T18:00:01.6238475Z    52 |         REF_TYPE_NAME = 'name',
2026-09-07T18:00:01.6239030Z       |                         ^~~~~~
2026-09-07T18:00:01.6239967Z In file included from /home/runner/work/PocketKrKr/PocketKrKr/cpp/plugins/psdfile/psdparse/psdfile.h:4,
2026-09-07T18:00:01.6241226Z                  from /home/runner/work/PocketKrKr/PocketKrKr/cpp/plugins/psdfile/psdclass.h:9,
2026-09-07T18:00:01.6242429Z                  from /home/runner/work/PocketKrKr/PocketKrKr/cpp/plugins/psdfile/psdclass_loadmem.cpp:1:
2026-09-07T18:00:01.6243979Z /home/runner/work/PocketKrKr/PocketKrKr/cpp/plugins/psdfile/psdparse/psddata.h:113:18: warning: multi-character character constant [-Wmultichar]
2026-09-07T18:00:01.6245374Z   113 |             case 'norm':
2026-09-07T18:00:01.6245930Z       |                  ^~~~~~
2026-09-07T18:00:01.6247040Z /home/runner/work/PocketKrKr/PocketKrKr/cpp/plugins/psdfile/psdparse/psddata.h:115:18: warning: multi-character character constant [-Wmultichar]
2026-09-07T18:00:01.6248238Z   115 |             case 'diss':
2026-09-07T18:00:01.6248768Z       |                  ^~~~~~
2026-09-07T18:00:01.6249910Z /home/runner/work/PocketKrKr/PocketKrKr/cpp/plugins/psdfile/psdparse/psddata.h:117:18: warning: multi-character character constant [-Wmultichar]
2026-09-07T18:00:01.6251148Z   117 |             case 'dark':
2026-09-07T18:00:01.6251709Z       |                  ^~~~~~
2026-09-07T18:00:01.6253115Z /home/runner/work/PocketKrKr/PocketKrKr/cpp/plugins/psdfile/psdparse/psddata.h:119:18: warning: multi-character character constant [-Wmultichar]
2026-09-07T18:00:01.6254367Z   119 |             case 'mul ':
2026-09-07T18:00:01.6254877Z       |                  ^~~~~~
2026-09-07T18:00:01.6256331Z /home/runner/work/PocketKrKr/PocketKrKr/cpp/plugins/psdfile/psdparse/psddata.h:121:18: warning: multi-character character constant [-Wmultichar]
2026-09-07T18:00:01.6257770Z   121 |             case 'idiv':
2026-09-07T18:00:01.6258286Z       |                  ^~~~~~
2026-09-07T18:00:01.6259393Z /home/runner/work/PocketKrKr/PocketKrKr/cpp/plugins/psdfile/psdparse/psddata.h:123:18: warning: multi-character character constant [-Wmultichar]
2026-09-07T18:00:01.6260568Z   123 |             case 'lbrn':
2026-09-07T18:00:01.6261088Z       |                  ^~~~~~
2026-09-07T18:00:01.6262183Z /home/runner/work/PocketKrKr/PocketKrKr/cpp/plugins/psdfile/psdparse/psddata.h:125:18: warning: multi-character character constant [-Wmultichar]
2026-09-07T18:00:01.6263373Z   125 |             case 'dkCl':
2026-09-07T18:00:01.6263883Z       |                  ^~~~~~
2026-09-07T18:00:01.6264987Z /home/runner/work/PocketKrKr/PocketKrKr/cpp/plugins/psdfile/psdparse/psddata.h:127:18: warning: multi-character character constant [-Wmultichar]
2026-09-07T18:00:01.6266549Z   127 |             case 'lite':
2026-09-07T18:00:01.6267151Z       |                  ^~~~~~
2026-09-07T18:00:01.6268420Z /home/runner/work/PocketKrKr/PocketKrKr/cpp/plugins/psdfile/psdparse/psddata.h:129:18: warning: multi-character character constant [-Wmultichar]
2026-09-07T18:00:01.6269752Z   129 |             case 'scrn':
2026-09-07T18:00:01.6270527Z       |                  ^~~~~~
2026-09-07T18:00:01.6271812Z /home/runner/work/PocketKrKr/PocketKrKr/cpp/plugins/psdfile/psdparse/psddata.h:131:18: warning: multi-character character constant [-Wmultichar]
2026-09-07T18:00:01.6273181Z   131 |             case 'div ':
2026-09-07T18:00:01.6273778Z       |                  ^~~~~~
2026-09-07T18:00:01.6275062Z /home/runner/work/PocketKrKr/PocketKrKr/cpp/plugins/psdfile/psdparse/psddata.h:133:18: warning: multi-character character constant [-Wmultichar]
2026-09-07T18:00:01.6276725Z   133 |             case 'lddg':
2026-09-07T18:00:01.6277596Z       |                  ^~~~~~
2026-09-07T18:00:01.6278760Z /home/runner/work/PocketKrKr/PocketKrKr/cpp/plugins/psdfile/psdparse/psddata.h:135:18: warning: multi-character character constant [-Wmultichar]
2026-09-07T18:00:01.6279993Z   135 |             case 'ltCl':
2026-09-07T18:00:01.6280521Z       |                  ^~~~~~
2026-09-07T18:00:01.6281644Z /home/runner/work/PocketKrKr/PocketKrKr/cpp/plugins/psdfile/psdparse/psddata.h:137:18: warning: multi-character character constant [-Wmultichar]
2026-09-07T18:00:01.6282843Z   137 |             case 'over':
2026-09-07T18:00:01.6283371Z       |                  ^~~~~~
2026-09-07T18:00:01.6284487Z /home/runner/work/PocketKrKr/PocketKrKr/cpp/plugins/psdfile/psdparse/psddata.h:139:18: warning: multi-character character constant [-Wmultichar]
2026-09-07T18:00:01.6285894Z   139 |             case 'sLit':
2026-09-07T18:00:01.6286431Z       |                  ^~~~~~
2026-09-07T18:00:01.6287554Z /home/runner/work/PocketKrKr/PocketKrKr/cpp/plugins/psdfile/psdparse/psddata.h:141:18: warning: multi-character character constant [-Wmultichar]
2026-09-07T18:00:01.6288728Z   141 |             case 'hLit':
2026-09-07T18:00:01.6289262Z       |                  ^~~~~~
2026-09-07T18:00:01.6290359Z /home/runner/work/PocketKrKr/PocketKrKr/cpp/plugins/psdfile/psdparse/psddata.h:143:18: warning: multi-character character constant [-Wmultichar]
2026-09-07T18:00:01.6291545Z   143 |             case 'vLit':
2026-09-07T18:00:01.6292055Z       |                  ^~~~~~
2026-09-07T18:00:01.6293153Z /home/runner/work/PocketKrKr/PocketKrKr/cpp/plugins/psdfile/psdparse/psddata.h:145:18: warning: multi-character character constant [-Wmultichar]
2026-09-07T18:00:01.6294354Z   145 |             case 'lLit':
2026-09-07T18:00:01.6294868Z       |                  ^~~~~~
2026-09-07T18:00:01.6296774Z /home/runner/work/PocketKrKr/PocketKrKr/cpp/plugins/psdfile/psdparse/psddata.h:147:18: warning: multi-character character constant [-Wmultichar]
2026-09-07T18:00:01.6298087Z   147 |             case 'pLit':
2026-09-07T18:00:01.6298523Z       |                  ^~~~~~
2026-09-07T18:00:01.6299669Z /home/runner/work/PocketKrKr/PocketKrKr/cpp/plugins/psdfile/psdparse/psddata.h:149:18: warning: multi-character character constant [-Wmultichar]
2026-09-07T18:00:01.6301091Z   149 |             case 'hMix':
2026-09-07T18:00:01.6301514Z       |                  ^~~~~~
2026-09-07T18:00:01.6302642Z /home/runner/work/PocketKrKr/PocketKrKr/cpp/plugins/psdfile/psdparse/psddata.h:151:18: warning: multi-character character constant [-Wmultichar]
2026-09-07T18:00:01.6303838Z   151 |             case 'diff':
2026-09-07T18:00:01.6304254Z       |                  ^~~~~~
2026-09-07T18:00:01.6305663Z /home/runner/work/PocketKrKr/PocketKrKr/cpp/plugins/psdfile/psdparse/psddata.h:153:18: warning: multi-character character constant [-Wmultichar]
2026-09-07T18:00:01.6306881Z   153 |             case 'smud':
2026-09-07T18:00:01.6307306Z       |                  ^~~~~~
2026-09-07T18:00:01.6308424Z /home/runner/work/PocketKrKr/PocketKrKr/cpp/plugins/psdfile/psdparse/psddata.h:155:18: warning: multi-character character constant [-Wmultichar]
2026-09-07T18:00:01.6309625Z   155 |             case 'fsub':
2026-09-07T18:00:01.6310054Z       |                  ^~~~~~
2026-09-07T18:00:01.6311161Z /home/runner/work/PocketKrKr/PocketKrKr/cpp/plugins/psdfile/psdparse/psddata.h:157:18: warning: multi-character character constant [-Wmultichar]
2026-09-07T18:00:01.6312348Z   157 |             case 'fdiv':
2026-09-07T18:00:01.6312765Z       |                  ^~~~~~
2026-09-07T18:00:01.6313871Z /home/runner/work/PocketKrKr/PocketKrKr/cpp/plugins/psdfile/psdparse/psddata.h:159:18: warning: multi-character character constant [-Wmultichar]
2026-09-07T18:00:01.6315054Z   159 |             case 'hue ':
2026-09-07T18:00:01.6315656Z       |                  ^~~~~~
2026-09-07T18:00:01.6316791Z /home/runner/work/PocketKrKr/PocketKrKr/cpp/plugins/psdfile/psdparse/psddata.h:161:18: warning: multi-character character constant [-Wmultichar]
2026-09-07T18:00:01.6317962Z   161 |             case 'sat ':
2026-09-07T18:00:01.6318375Z       |                  ^~~~~~
2026-09-07T18:00:01.6319491Z /home/runner/work/PocketKrKr/PocketKrKr/cpp/plugins/psdfile/psdparse/psddata.h:163:18: warning: multi-character character constant [-Wmultichar]
2026-09-07T18:00:01.6320674Z   163 |             case 'colr':
2026-09-07T18:00:01.6321086Z       |                  ^~~~~~
2026-09-07T18:00:01.6322185Z /home/runner/work/PocketKrKr/PocketKrKr/cpp/plugins/psdfile/psdparse/psddata.h:165:18: warning: multi-character character constant [-Wmultichar]
2026-09-07T18:00:01.6323368Z   165 |             case 'lum ':
2026-09-07T18:00:01.6323791Z       |                  ^~~~~~
2026-09-07T18:00:01.6324888Z /home/runner/work/PocketKrKr/PocketKrKr/cpp/plugins/psdfile/psdparse/psddata.h:167:18: warning: multi-character character constant [-Wmultichar]
2026-09-07T18:00:01.6356410Z   167 |             case 'pass':
2026-09-07T18:00:01.6356843Z       |                  ^~~~~~
2026-09-07T18:00:01.6357680Z In file included from /home/runner/work/PocketKrKr/PocketKrKr/cpp/plugins/psdfile/psdparse/psdfile.h:3,
2026-09-07T18:00:01.6358873Z                  from /home/runner/work/PocketKrKr/PocketKrKr/cpp/plugins/psdfile/psdclass.h:9,
2026-09-07T18:00:01.6360015Z                  from /home/runner/work/PocketKrKr/PocketKrKr/cpp/plugins/psdfile/psdclass_loadmem.cpp:1:
2026-09-07T18:00:01.6362203Z /home/runner/work/PocketKrKr/PocketKrKr/cpp/plugins/psdfile/psdparse/psddesc.h: In member function ‘virtual void psd::DescriptorReference::dump(int)’:
2026-09-07T18:00:01.6365437Z /home/runner/work/PocketKrKr/PocketKrKr/cpp/plugins/psdfile/psdparse/psddesc.h:234:20: warning: format ‘%d’ expects argument of type ‘int’, but argument 3 has type ‘std::vector<psd::ReferenceItem*>::size_type’ {aka ‘long unsigned int’} [-Wformat=]
2026-09-07T18:00:01.6367756Z   234 |             dprint("%s (count:%d)\n", typeName(), items.size());
2026-09-07T18:00:01.6368433Z       |                    ^~~~~~~~~~~~~~~~~              ~~~~~~~~~~~~
2026-09-07T18:00:01.6369020Z       |                                                             |
2026-09-07T18:00:01.6369885Z       |                                                             std::vector<psd::ReferenceItem*>::size_type {aka long unsigned int}
2026-09-07T18:00:01.6371687Z /home/runner/work/PocketKrKr/PocketKrKr/cpp/plugins/psdfile/psdparse/psdbase.h:7:28: note: in definition of macro ‘dprint’
2026-09-07T18:00:01.6372794Z     7 | #define dprint(...) printf(__VA_ARGS__);
2026-09-07T18:00:01.6373319Z       |                            ^~~~~~~~~~~
2026-09-07T18:00:01.6374206Z In file included from /home/runner/work/PocketKrKr/PocketKrKr/cpp/plugins/psdfile/psdparse/psddata.h:5,
2026-09-07T18:00:01.6375734Z                  from /home/runner/work/PocketKrKr/PocketKrKr/cpp/plugins/psdfile/psdparse/psdfile.h:4,
2026-09-07T18:00:01.6376876Z                  from /home/runner/work/PocketKrKr/PocketKrKr/cpp/plugins/psdfile/psdclass.h:9,
2026-09-07T18:00:01.6378010Z                  from /home/runner/work/PocketKrKr/PocketKrKr/cpp/plugins/psdfile/psdclass_loadmem.cpp:1:
2026-09-07T18:00:01.6379433Z /home/runner/work/PocketKrKr/PocketKrKr/cpp/plugins/psdfile/psdparse/psddesc.h:234:32: note: format string is defined here
2026-09-07T18:00:01.6380627Z   234 |             dprint("%s (count:%d)\n", typeName(), items.size());
2026-09-07T18:00:01.6381232Z       |                               ~^
2026-09-07T18:00:01.6381690Z       |                                |
2026-09-07T18:00:01.6382143Z       |                                int
2026-09-07T18:00:01.6382601Z       |                               %ld
2026-09-07T18:00:01.6383488Z In file included from /home/runner/work/PocketKrKr/PocketKrKr/cpp/plugins/psdfile/psdparse/psdfile.h:3,
2026-09-07T18:00:01.6384669Z                  from /home/runner/work/PocketKrKr/PocketKrKr/cpp/plugins/psdfile/psdclass.h:9,
2026-09-07T18:00:01.6416198Z                  from /home/runner/work/PocketKrKr/PocketKrKr/cpp/plugins/psdfile/psdclass_loadmem.cpp:1:
2026-09-07T18:00:01.6418149Z /home/runner/work/PocketKrKr/PocketKrKr/cpp/plugins/psdfile/psdparse/psddesc.h: In member function ‘virtual void psd::DescriptorList::dump(int)’:
2026-09-07T18:00:01.6421165Z /home/runner/work/PocketKrKr/PocketKrKr/cpp/plugins/psdfile/psdparse/psddesc.h:253:20: warning: format ‘%d’ expects argument of type ‘int’, but argument 3 has type ‘std::vector<psd::DescriptorItem*>::size_type’ {aka ‘long unsigned int’} [-Wformat=]
2026-09-07T18:00:01.6423114Z   253 |             dprint("%s (count:%d)\n", typeName(), items.size());
2026-09-07T18:00:01.6423778Z       |                    ^~~~~~~~~~~~~~~~~              ~~~~~~~~~~~~
2026-09-07T18:00:01.6424369Z       |                                                             |
2026-09-07T18:00:01.6425688Z       |                                                             std::vector<psd::DescriptorItem*>::size_type {aka long unsigned int}
2026-09-07T18:00:01.6427340Z /home/runner/work/PocketKrKr/PocketKrKr/cpp/plugins/psdfile/psdparse/psdbase.h:7:28: note: in definition of macro ‘dprint’
2026-09-07T18:00:01.6428434Z     7 | #define dprint(...) printf(__VA_ARGS__);
2026-09-07T18:00:01.6428951Z       |                            ^~~~~~~~~~~
2026-09-07T18:00:01.6430084Z In file included from /home/runner/work/PocketKrKr/PocketKrKr/cpp/plugins/psdfile/psdparse/psddata.h:5,
2026-09-07T18:00:01.6431362Z                  from /home/runner/work/PocketKrKr/PocketKrKr/cpp/plugins/psdfile/psdparse/psdfile.h:4,
2026-09-07T18:00:01.6432492Z                  from /home/runner/work/PocketKrKr/PocketKrKr/cpp/plugins/psdfile/psdclass.h:9,
2026-09-07T18:00:01.6433635Z                  from /home/runner/work/PocketKrKr/PocketKrKr/cpp/plugins/psdfile/psdclass_loadmem.cpp:1:
2026-09-07T18:00:01.6435066Z /home/runner/work/PocketKrKr/PocketKrKr/cpp/plugins/psdfile/psdparse/psddesc.h:253:32: note: format string is defined here
2026-09-07T18:00:01.6436478Z   253 |             dprint("%s (count:%d)\n", typeName(), items.size());
2026-09-07T18:00:01.6437097Z       |                               ~^
2026-09-07T18:00:01.6437552Z       |                                |
2026-09-07T18:00:01.6438006Z       |                                int
2026-09-07T18:00:01.6438482Z       |                               %ld
2026-09-07T18:00:01.6439317Z In file included from /home/runner/work/PocketKrKr/PocketKrKr/cpp/plugins/psdfile/psdclass.h:10,
2026-09-07T18:00:01.6440557Z                  from /home/runner/work/PocketKrKr/PocketKrKr/cpp/plugins/psdfile/psdclass_loadmem.cpp:1:
2026-09-07T18:00:01.6442844Z /home/runner/work/PocketKrKr/PocketKrKr/cpp/core/plugin/ncbind.hpp: In static member function ‘static ncbTypeConvertor::Conversion<FROM, TO>::OK ncbTypeConvertor::Conversion<FROM, TO>::check(TO)’:
2026-09-07T18:00:01.6445075Z /home/runner/work/PocketKrKr/PocketKrKr/cpp/core/plugin/ncbind.hpp:244:38: warning: no return statement in function returning non-void [-Wreturn-type]
2026-09-07T18:00:01.6476662Z   244 |                 static OK check(TO) {};
2026-09-07T18:00:01.6477186Z       |                                      ^
2026-09-07T18:00:02.4438231Z [496/741] Building CXX object cpp/plugins/psbfile/CMakeFiles/psbfile.dir/__/psdfile/psdclass.cpp.o
2026-09-07T18:00:02.4440017Z In file included from /home/runner/work/PocketKrKr/PocketKrKr/cpp/plugins/psdfile/psdparse/psddata.h:5,
2026-09-07T18:00:02.4441645Z                  from /home/runner/work/PocketKrKr/PocketKrKr/cpp/plugins/psdfile/psdparse/psdfile.h:4,
2026-09-07T18:00:02.4443095Z                  from /home/runner/work/PocketKrKr/PocketKrKr/cpp/plugins/psdfile/psdclass.h:9,
2026-09-07T18:00:02.4444488Z                  from /home/runner/work/PocketKrKr/PocketKrKr/cpp/plugins/psdfile/psdclass.cpp:4:
2026-09-07T18:00:02.4446658Z /home/runner/work/PocketKrKr/PocketKrKr/cpp/plugins/psdfile/psdparse/psddesc.h:17:26: warning: multi-character character constant [-Wmultichar]
2026-09-07T18:00:02.4448172Z    17 |         TYPE_REFERENCE = 'obj ',
2026-09-07T18:00:02.4448943Z       |                          ^~~~~~
2026-09-07T18:00:02.4450411Z /home/runner/work/PocketKrKr/PocketKrKr/cpp/plugins/psdfile/psdparse/psddesc.h:18:27: warning: multi-character character constant [-Wmultichar]
2026-09-07T18:00:02.4451948Z    18 |         TYPE_DESCRIPTOR = 'Objc',
2026-09-07T18:00:02.4452803Z       |                           ^~~~~~
2026-09-07T18:00:02.4454273Z /home/runner/work/PocketKrKr/PocketKrKr/cpp/plugins/psdfile/psdparse/psddesc.h:19:21: warning: multi-character character constant [-Wmultichar]
2026-09-07T18:00:02.4455998Z    19 |         TYPE_LIST = 'VlLs',
2026-09-07T18:00:02.4456620Z       |                     ^~~~~~
2026-09-07T18:00:02.4457885Z /home/runner/work/PocketKrKr/PocketKrKr/cpp/plugins/psdfile/psdparse/psddesc.h:20:23: warning: multi-character character constant [-Wmultichar]
2026-09-07T18:00:02.4459686Z    20 |         TYPE_DOUBLE = 'doub',
2026-09-07T18:00:02.4460370Z       |                       ^~~~~~
2026-09-07T18:00:02.4462001Z /home/runner/work/PocketKrKr/PocketKrKr/cpp/plugins/psdfile/psdparse/psddesc.h:21:27: warning: multi-character character constant [-Wmultichar]
2026-09-07T18:00:02.4463444Z    21 |         TYPE_UNIT_FLOAT = 'UntF',
2026-09-07T18:00:02.4464124Z       |                           ^~~~~~
2026-09-07T18:00:02.4465990Z /home/runner/work/PocketKrKr/PocketKrKr/cpp/plugins/psdfile/psdparse/psddesc.h:22:23: warning: multi-character character constant [-Wmultichar]
2026-09-07T18:00:02.4468653Z    22 |         TYPE_STRING = 'TEXT',
2026-09-07T18:00:02.4469367Z       |                       ^~~~~~
2026-09-07T18:00:02.4470910Z /home/runner/work/PocketKrKr/PocketKrKr/cpp/plugins/psdfile/psdparse/psddesc.h:23:27: warning: multi-character character constant [-Wmultichar]
2026-09-07T18:00:02.4472346Z    23 |         TYPE_ENUMERATED = 'enum',
2026-09-07T18:00:02.4473059Z       |                           ^~~~~~
2026-09-07T18:00:02.4474443Z /home/runner/work/PocketKrKr/PocketKrKr/cpp/plugins/psdfile/psdparse/psddesc.h:24:24: warning: multi-character character constant [-Wmultichar]
2026-09-07T18:00:02.4476146Z    24 |         TYPE_INTEGER = 'long',
2026-09-07T18:00:02.4476805Z       |                        ^~~~~~
2026-09-07T18:00:02.4478115Z /home/runner/work/PocketKrKr/PocketKrKr/cpp/plugins/psdfile/psdparse/psddesc.h:25:24: warning: multi-character character constant [-Wmultichar]
2026-09-07T18:00:02.4479437Z    25 |         TYPE_BOOLEAN = 'bool',
2026-09-07T18:00:02.4480036Z       |                        ^~~~~~
2026-09-07T18:00:02.4481317Z /home/runner/work/PocketKrKr/PocketKrKr/cpp/plugins/psdfile/psdparse/psddesc.h:26:30: warning: multi-character character constant [-Wmultichar]
2026-09-07T18:00:02.4482704Z    26 |         TYPE_GLOBAL_OBJECT = 'GlbO',
2026-09-07T18:00:02.4483369Z       |                              ^~~~~~
2026-09-07T18:00:02.4484657Z /home/runner/work/PocketKrKr/PocketKrKr/cpp/plugins/psdfile/psdparse/psddesc.h:27:23: warning: multi-character character constant [-Wmultichar]
2026-09-07T18:00:02.4486329Z    27 |         TYPE_CLASS1 = 'type',
2026-09-07T18:00:02.4486957Z       |                       ^~~~~~
2026-09-07T18:00:02.4488226Z /home/runner/work/PocketKrKr/PocketKrKr/cpp/plugins/psdfile/psdparse/psddesc.h:28:23: warning: multi-character character constant [-Wmultichar]
2026-09-07T18:00:02.4489616Z    28 |         TYPE_CLASS2 = 'GlbC',
2026-09-07T18:00:02.4490240Z       |                       ^~~~~~
2026-09-07T18:00:02.4491568Z /home/runner/work/PocketKrKr/PocketKrKr/cpp/plugins/psdfile/psdparse/psddesc.h:29:22: warning: multi-character character constant [-Wmultichar]
2026-09-07T18:00:02.4492988Z    29 |         TYPE_ALIAS = 'alis',
2026-09-07T18:00:02.4493628Z       |                      ^~~~~~
2026-09-07T18:00:02.4495050Z /home/runner/work/PocketKrKr/PocketKrKr/cpp/plugins/psdfile/psdparse/psddesc.h:30:25: warning: multi-character character constant [-Wmultichar]
2026-09-07T18:00:02.4497269Z    30 |         TYPE_RAW_DATA = 'tdta',
2026-09-07T18:00:02.4498043Z       |                         ^~~~~~
2026-09-07T18:00:02.4499562Z /home/runner/work/PocketKrKr/PocketKrKr/cpp/plugins/psdfile/psdparse/psddesc.h:34:23: warning: multi-character character constant [-Wmultichar]
2026-09-07T18:00:02.4501015Z    34 |         UNIT_POINTS = '#Pnt',
2026-09-07T18:00:02.4501729Z       |                       ^~~~~~
2026-09-07T18:00:02.4503159Z /home/runner/work/PocketKrKr/PocketKrKr/cpp/plugins/psdfile/psdparse/psddesc.h:35:28: warning: multi-character character constant [-Wmultichar]
2026-09-07T18:00:02.4504714Z    35 |         UNIT_MILLIMETERS = '#Mlm',
2026-09-07T18:00:02.4505813Z       |                            ^~~~~~
2026-09-07T18:00:02.4507364Z /home/runner/work/PocketKrKr/PocketKrKr/cpp/plugins/psdfile/psdparse/psddesc.h:36:22: warning: multi-character character constant [-Wmultichar]
2026-09-07T18:00:02.4508894Z    36 |         UNIT_ANGLE = '#Ang', // degrees
2026-09-07T18:00:02.4509650Z       |                      ^~~~~~
2026-09-07T18:00:02.4511363Z /home/runner/work/PocketKrKr/PocketKrKr/cpp/plugins/psdfile/psdparse/psddesc.h:37:24: warning: multi-character character constant [-Wmultichar]
2026-09-07T18:00:02.4512952Z    37 |         UNIT_DENSITY = '#Rsl', // base per inch
2026-09-07T18:00:02.4513741Z       |                        ^~~~~~
2026-09-07T18:00:02.4515151Z /home/runner/work/PocketKrKr/PocketKrKr/cpp/plugins/psdfile/psdparse/psddesc.h:38:25: warning: multi-character character constant [-Wmultichar]
2026-09-07T18:00:02.4517260Z    38 |         UNIT_DISTANCE = '#Rlt', // base 72ppi
2026-09-07T18:00:02.4517943Z       |                         ^~~~~~
2026-09-07T18:00:02.4519284Z /home/runner/work/PocketKrKr/PocketKrKr/cpp/plugins/psdfile/psdparse/psddesc.h:39:21: warning: multi-character character constant [-Wmultichar]
2026-09-07T18:00:02.4520630Z    39 |         UNIT_NONE = '#Nne',
2026-09-07T18:00:02.4521230Z       |                     ^~~~~~
2026-09-07T18:00:02.4522549Z /home/runner/work/PocketKrKr/PocketKrKr/cpp/plugins/psdfile/psdparse/psddesc.h:40:24: warning: multi-character character constant [-Wmultichar]
2026-09-07T18:00:02.4523955Z    40 |         UNIT_PERCENT = '#Prc',
2026-09-07T18:00:02.4524591Z       |                        ^~~~~~
2026-09-07T18:00:02.4528610Z /home/runner/work/PocketKrKr/PocketKrKr/cpp/plugins/psdfile/psdparse/psddesc.h:41:23: warning: multi-character character constant [-Wmultichar]
2026-09-07T18:00:02.4530126Z    41 |         UNIT_PIXELS = '#Pxl',
2026-09-07T18:00:02.4530839Z       |                       ^~~~~~
2026-09-07T18:00:02.4532267Z /home/runner/work/PocketKrKr/PocketKrKr/cpp/plugins/psdfile/psdparse/psddesc.h:46:29: warning: multi-character character constant [-Wmultichar]
2026-09-07T18:00:02.4533771Z    46 |         REF_TYPE_PROPERTY = 'prop',
2026-09-07T18:00:02.4534542Z       |                             ^~~~~~
2026-09-07T18:00:02.4536231Z /home/runner/work/PocketKrKr/PocketKrKr/cpp/plugins/psdfile/psdparse/psddesc.h:47:26: warning: multi-character character constant [-Wmultichar]
2026-09-07T18:00:02.4537840Z    47 |         REF_TYPE_CLASS = 'Clss',
2026-09-07T18:00:02.4538593Z       |                          ^~~~~~
2026-09-07T18:00:02.4540019Z /home/runner/work/PocketKrKr/PocketKrKr/cpp/plugins/psdfile/psdparse/psddesc.h:48:29: warning: multi-character character constant [-Wmultichar]
2026-09-07T18:00:02.4541545Z    48 |         REF_TYPE_ENUM_REF = 'Enmr',
2026-09-07T18:00:02.4542318Z       |                             ^~~~~~
2026-09-07T18:00:02.4543764Z /home/runner/work/PocketKrKr/PocketKrKr/cpp/plugins/psdfile/psdparse/psddesc.h:49:27: warning: multi-character character constant [-Wmultichar]
2026-09-07T18:00:02.4545511Z    49 |         REF_TYPE_OFFSET = 'rele',
2026-09-07T18:00:02.4546315Z       |                           ^~~~~~
2026-09-07T18:00:02.4547777Z /home/runner/work/PocketKrKr/PocketKrKr/cpp/plugins/psdfile/psdparse/psddesc.h:50:31: warning: multi-character character constant [-Wmultichar]
2026-09-07T18:00:02.4549314Z    50 |         REF_TYPE_IDENTIFIER = 'Idnt',
2026-09-07T18:00:02.4550118Z       |                               ^~~~~~
2026-09-07T18:00:02.4551590Z /home/runner/work/PocketKrKr/PocketKrKr/cpp/plugins/psdfile/psdparse/psddesc.h:51:26: warning: multi-character character constant [-Wmultichar]
2026-09-07T18:00:02.4553086Z    51 |         REF_TYPE_INDEX = 'indx',
2026-09-07T18:00:02.4553815Z       |                          ^~~~~~
2026-09-07T18:00:02.4555450Z /home/runner/work/PocketKrKr/PocketKrKr/cpp/plugins/psdfile/psdparse/psddesc.h:52:25: warning: multi-character character constant [-Wmultichar]
2026-09-07T18:00:02.4556897Z    52 |         REF_TYPE_NAME = 'name',
2026-09-07T18:00:02.4557602Z       |                         ^~~~~~
2026-09-07T18:00:02.4558801Z In file included from /home/runner/work/PocketKrKr/PocketKrKr/cpp/plugins/psdfile/psdparse/psdfile.h:4,
2026-09-07T18:00:02.4560207Z                  from /home/runner/work/PocketKrKr/PocketKrKr/cpp/plugins/psdfile/psdclass.h:9,
2026-09-07T18:00:02.4561519Z                  from /home/runner/work/PocketKrKr/PocketKrKr/cpp/plugins/psdfile/psdclass.cpp:4:
2026-09-07T18:00:02.4563450Z /home/runner/work/PocketKrKr/PocketKrKr/cpp/plugins/psdfile/psdparse/psddata.h:113:18: warning: multi-character character constant [-Wmultichar]
2026-09-07T18:00:02.4564882Z   113 |             case 'norm':
2026-09-07T18:00:02.4565772Z       |                  ^~~~~~
2026-09-07T18:00:02.4567261Z /home/runner/work/PocketKrKr/PocketKrKr/cpp/plugins/psdfile/psdparse/psddata.h:115:18: warning: multi-character character constant [-Wmultichar]
2026-09-07T18:00:02.4568618Z   115 |             case 'diss':
2026-09-07T18:00:02.4569226Z       |                  ^~~~~~
2026-09-07T18:00:02.4570568Z /home/runner/work/PocketKrKr/PocketKrKr/cpp/plugins/psdfile/psdparse/psddata.h:117:18: warning: multi-character character constant [-Wmultichar]
2026-09-07T18:00:02.4571959Z   117 |             case 'dark':
2026-09-07T18:00:02.4572592Z       |                  ^~~~~~
2026-09-07T18:00:02.4573886Z /home/runner/work/PocketKrKr/PocketKrKr/cpp/plugins/psdfile/psdparse/psddata.h:119:18: warning: multi-character character constant [-Wmultichar]
2026-09-07T18:00:02.4575622Z   119 |             case 'mul ':
2026-09-07T18:00:02.4576272Z       |                  ^~~~~~
2026-09-07T18:00:02.4577641Z /home/runner/work/PocketKrKr/PocketKrKr/cpp/plugins/psdfile/psdparse/psddata.h:121:18: warning: multi-character character constant [-Wmultichar]
2026-09-07T18:00:02.4579034Z   121 |             case 'idiv':
2026-09-07T18:00:02.4579620Z       |                  ^~~~~~
2026-09-07T18:00:02.4580899Z /home/runner/work/PocketKrKr/PocketKrKr/cpp/plugins/psdfile/psdparse/psddata.h:123:18: warning: multi-character character constant [-Wmultichar]
2026-09-07T18:00:02.4582246Z   123 |             case 'lbrn':
2026-09-07T18:00:02.4582858Z       |                  ^~~~~~
2026-09-07T18:00:02.4584117Z /home/runner/work/PocketKrKr/PocketKrKr/cpp/plugins/psdfile/psdparse/psddata.h:125:18: warning: multi-character character constant [-Wmultichar]
2026-09-07T18:00:02.4585825Z   125 |             case 'dkCl':
2026-09-07T18:00:02.4586523Z       |                  ^~~~~~
2026-09-07T18:00:02.4587957Z /home/runner/work/PocketKrKr/PocketKrKr/cpp/plugins/psdfile/psdparse/psddata.h:127:18: warning: multi-character character constant [-Wmultichar]
2026-09-07T18:00:02.4589453Z   127 |             case 'lite':
2026-09-07T18:00:02.4590153Z       |                  ^~~~~~
2026-09-07T18:00:02.4591574Z /home/runner/work/PocketKrKr/PocketKrKr/cpp/plugins/psdfile/psdparse/psddata.h:129:18: warning: multi-character character constant [-Wmultichar]
2026-09-07T18:00:02.4593029Z   129 |             case 'scrn':
2026-09-07T18:00:02.4593706Z       |                  ^~~~~~
2026-09-07T18:00:02.4595098Z /home/runner/work/PocketKrKr/PocketKrKr/cpp/plugins/psdfile/psdparse/psddata.h:131:18: warning: multi-character character constant [-Wmultichar]
2026-09-07T18:00:02.4596867Z   131 |             case 'div ':
2026-09-07T18:00:02.4597540Z       |                  ^~~~~~
2026-09-07T18:00:02.4598947Z /home/runner/work/PocketKrKr/PocketKrKr/cpp/plugins/psdfile/psdparse/psddata.h:133:18: warning: multi-character character constant [-Wmultichar]
2026-09-07T18:00:02.4600477Z   133 |             case 'lddg':
2026-09-07T18:00:02.4601174Z       |                  ^~~~~~
2026-09-07T18:00:02.4602587Z /home/runner/work/PocketKrKr/PocketKrKr/cpp/plugins/psdfile/psdparse/psddata.h:135:18: warning: multi-character character constant [-Wmultichar]
2026-09-07T18:00:02.4604010Z   135 |             case 'ltCl':
2026-09-07T18:00:02.4604778Z       |                  ^~~~~~
2026-09-07T18:00:02.4606543Z /home/runner/work/PocketKrKr/PocketKrKr/cpp/plugins/psdfile/psdparse/psddata.h:137:18: warning: multi-character character constant [-Wmultichar]
2026-09-07T18:00:02.4607979Z   137 |             case 'over':
2026-09-07T18:00:02.4608646Z       |                  ^~~~~~
2026-09-07T18:00:02.4610045Z /home/runner/work/PocketKrKr/PocketKrKr/cpp/plugins/psdfile/psdparse/psddata.h:139:18: warning: multi-character character constant [-Wmultichar]
2026-09-07T18:00:02.4611544Z   139 |             case 'sLit':
2026-09-07T18:00:02.4612493Z       |                  ^~~~~~
2026-09-07T18:00:02.4613946Z /home/runner/work/PocketKrKr/PocketKrKr/cpp/plugins/psdfile/psdparse/psddata.h:141:18: warning: multi-character character constant [-Wmultichar]
2026-09-07T18:00:02.4615648Z   141 |             case 'hLit':
2026-09-07T18:00:02.4616558Z       |                  ^~~~~~
2026-09-07T18:00:02.4617848Z /home/runner/work/PocketKrKr/PocketKrKr/cpp/plugins/psdfile/psdparse/psddata.h:143:18: warning: multi-character character constant [-Wmultichar]
2026-09-07T18:00:02.4619228Z   143 |             case 'vLit':
2026-09-07T18:00:02.4619856Z       |                  ^~~~~~
2026-09-07T18:00:02.4621118Z /home/runner/work/PocketKrKr/PocketKrKr/cpp/plugins/psdfile/psdparse/psddata.h:145:18: warning: multi-character character constant [-Wmultichar]
2026-09-07T18:00:02.4622508Z   145 |             case 'lLit':
2026-09-07T18:00:02.4623118Z       |                  ^~~~~~
2026-09-07T18:00:02.4624437Z /home/runner/work/PocketKrKr/PocketKrKr/cpp/plugins/psdfile/psdparse/psddata.h:147:18: warning: multi-character character constant [-Wmultichar]
2026-09-07T18:00:02.4626131Z   147 |             case 'pLit':
2026-09-07T18:00:02.4626763Z       |                  ^~~~~~
2026-09-07T18:00:02.4628072Z /home/runner/work/PocketKrKr/PocketKrKr/cpp/plugins/psdfile/psdparse/psddata.h:149:18: warning: multi-character character constant [-Wmultichar]
2026-09-07T18:00:02.4629476Z   149 |             case 'hMix':
2026-09-07T18:00:02.4630106Z       |                  ^~~~~~
2026-09-07T18:00:02.4631442Z /home/runner/work/PocketKrKr/PocketKrKr/cpp/plugins/psdfile/psdparse/psddata.h:151:18: warning: multi-character character constant [-Wmultichar]
2026-09-07T18:00:02.4632851Z   151 |             case 'diff':
2026-09-07T18:00:02.4633472Z       |                  ^~~~~~
2026-09-07T18:00:02.4634797Z /home/runner/work/PocketKrKr/PocketKrKr/cpp/plugins/psdfile/psdparse/psddata.h:153:18: warning: multi-character character constant [-Wmultichar]
2026-09-07T18:00:02.4636456Z   153 |             case 'smud':
2026-09-07T18:00:02.4637077Z       |                  ^~~~~~
2026-09-07T18:00:02.4638418Z /home/runner/work/PocketKrKr/PocketKrKr/cpp/plugins/psdfile/psdparse/psddata.h:155:18: warning: multi-character character constant [-Wmultichar]
2026-09-07T18:00:02.4649424Z   155 |             case 'fsub':
2026-09-07T18:00:02.4650143Z       |                  ^~~~~~
2026-09-07T18:00:02.4651536Z /home/runner/work/PocketKrKr/PocketKrKr/cpp/plugins/psdfile/psdparse/psddata.h:157:18: warning: multi-character character constant [-Wmultichar]
2026-09-07T18:00:02.4653033Z   157 |             case 'fdiv':
2026-09-07T18:00:02.4653711Z       |                  ^~~~~~
2026-09-07T18:00:02.4655532Z /home/runner/work/PocketKrKr/PocketKrKr/cpp/plugins/psdfile/psdparse/psddata.h:159:18: warning: multi-character character constant [-Wmultichar]
2026-09-07T18:00:02.4657063Z   159 |             case 'hue ':
2026-09-07T18:00:02.4657740Z       |                  ^~~~~~
2026-09-07T18:00:02.4659150Z /home/runner/work/PocketKrKr/PocketKrKr/cpp/plugins/psdfile/psdparse/psddata.h:161:18: warning: multi-character character constant [-Wmultichar]
2026-09-07T18:00:02.4660631Z   161 |             case 'sat ':
2026-09-07T18:00:02.4661304Z       |                  ^~~~~~
2026-09-07T18:00:02.4662719Z /home/runner/work/PocketKrKr/PocketKrKr/cpp/plugins/psdfile/psdparse/psddata.h:163:18: warning: multi-character character constant [-Wmultichar]
2026-09-07T18:00:02.4664195Z   163 |             case 'colr':
2026-09-07T18:00:02.4664860Z       |                  ^~~~~~
2026-09-07T18:00:02.4666512Z /home/runner/work/PocketKrKr/PocketKrKr/cpp/plugins/psdfile/psdparse/psddata.h:165:18: warning: multi-character character constant [-Wmultichar]
2026-09-07T18:00:02.4668021Z   165 |             case 'lum ':
2026-09-07T18:00:02.4668729Z       |                  ^~~~~~
2026-09-07T18:00:02.4670142Z /home/runner/work/PocketKrKr/PocketKrKr/cpp/plugins/psdfile/psdparse/psddata.h:167:18: warning: multi-character character constant [-Wmultichar]
2026-09-07T18:00:02.4672023Z   167 |             case 'pass':
2026-09-07T18:00:02.4672780Z       |                  ^~~~~~
2026-09-07T18:00:02.4673907Z In file included from /home/runner/work/PocketKrKr/PocketKrKr/cpp/plugins/psdfile/psdparse/psdfile.h:3,
2026-09-07T18:00:02.4675846Z                  from /home/runner/work/PocketKrKr/PocketKrKr/cpp/plugins/psdfile/psdclass.h:9,
2026-09-07T18:00:02.4677672Z                  from /home/runner/work/PocketKrKr/PocketKrKr/cpp/plugins/psdfile/psdclass.cpp:4:
2026-09-07T18:00:02.4680142Z /home/runner/work/PocketKrKr/PocketKrKr/cpp/plugins/psdfile/psdparse/psddesc.h: In member function ‘virtual void psd::DescriptorReference::dump(int)’:
2026-09-07T18:00:02.4683394Z /home/runner/work/PocketKrKr/PocketKrKr/cpp/plugins/psdfile/psdparse/psddesc.h:234:20: warning: format ‘%d’ expects argument of type ‘int’, but argument 3 has type ‘std::vector<psd::ReferenceItem*>::size_type’ {aka ‘long unsigned int’} [-Wformat=]
2026-09-07T18:00:02.4686150Z   234 |             dprint("%s (count:%d)\n", typeName(), items.size());
2026-09-07T18:00:02.4687013Z       |                    ^~~~~~~~~~~~~~~~~              ~~~~~~~~~~~~
2026-09-07T18:00:02.4687788Z       |                                                             |
2026-09-07T18:00:02.4688824Z       |                                                             std::vector<psd::ReferenceItem*>::size_type {aka long unsigned int}
2026-09-07T18:00:02.4690618Z /home/runner/work/PocketKrKr/PocketKrKr/cpp/plugins/psdfile/psdparse/psdbase.h:7:28: note: in definition of macro ‘dprint’
2026-09-07T18:00:02.4691910Z     7 | #define dprint(...) printf(__VA_ARGS__);
2026-09-07T18:00:02.4692629Z       |                            ^~~~~~~~~~~
2026-09-07T18:00:02.4693709Z In file included from /home/runner/work/PocketKrKr/PocketKrKr/cpp/plugins/psdfile/psdparse/psddata.h:5,
2026-09-07T18:00:02.4695408Z                  from /home/runner/work/PocketKrKr/PocketKrKr/cpp/plugins/psdfile/psdparse/psdfile.h:4,
2026-09-07T18:00:02.4696780Z                  from /home/runner/work/PocketKrKr/PocketKrKr/cpp/plugins/psdfile/psdclass.h:9,
2026-09-07T18:00:02.4698084Z                  from /home/runner/work/PocketKrKr/PocketKrKr/cpp/plugins/psdfile/psdclass.cpp:4:
2026-09-07T18:00:02.4699618Z /home/runner/work/PocketKrKr/PocketKrKr/cpp/plugins/psdfile/psdparse/psddesc.h:234:32: note: format string is defined here
2026-09-07T18:00:02.4700999Z   234 |             dprint("%s (count:%d)\n", typeName(), items.size());
2026-09-07T18:00:02.4701807Z       |                               ~^
2026-09-07T18:00:02.4702430Z       |                                |
2026-09-07T18:00:02.4703065Z       |                                int
2026-09-07T18:00:02.4703723Z       |                               %ld
2026-09-07T18:00:02.4704814Z In file included from /home/runner/work/PocketKrKr/PocketKrKr/cpp/plugins/psdfile/psdparse/psdfile.h:3,
2026-09-07T18:00:02.4706523Z                  from /home/runner/work/PocketKrKr/PocketKrKr/cpp/plugins/psdfile/psdclass.h:9,
2026-09-07T18:00:02.4707898Z                  from /home/runner/work/PocketKrKr/PocketKrKr/cpp/plugins/psdfile/psdclass.cpp:4:
2026-09-07T18:00:02.4710121Z /home/runner/work/PocketKrKr/PocketKrKr/cpp/plugins/psdfile/psdparse/psddesc.h: In member function ‘virtual void psd::DescriptorList::dump(int)’:
2026-09-07T18:00:02.4713489Z /home/runner/work/PocketKrKr/PocketKrKr/cpp/plugins/psdfile/psdparse/psddesc.h:253:20: warning: format ‘%d’ expects argument of type ‘int’, but argument 3 has type ‘std::vector<psd::DescriptorItem*>::size_type’ {aka ‘long unsigned int’} [-Wformat=]
2026-09-07T18:00:02.4716181Z   253 |             dprint("%s (count:%d)\n", typeName(), items.size());
2026-09-07T18:00:02.4717161Z       |                    ^~~~~~~~~~~~~~~~~              ~~~~~~~~~~~~
2026-09-07T18:00:02.4718032Z       |                                                             |
2026-09-07T18:00:02.4719156Z       |                                                             std::vector<psd::DescriptorItem*>::size_type {aka long unsigned int}
2026-09-07T18:00:02.4721469Z /home/runner/work/PocketKrKr/PocketKrKr/cpp/plugins/psdfile/psdparse/psdbase.h:7:28: note: in definition of macro ‘dprint’
2026-09-07T18:00:02.4722927Z     7 | #define dprint(...) printf(__VA_ARGS__);
2026-09-07T18:00:02.4723735Z       |                            ^~~~~~~~~~~
2026-09-07T18:00:02.4725512Z In file included from /home/runner/work/PocketKrKr/PocketKrKr/cpp/plugins/psdfile/psdparse/psddata.h:5,
2026-09-07T18:00:02.4727086Z                  from /home/runner/work/PocketKrKr/PocketKrKr/cpp/plugins/psdfile/psdparse/psdfile.h:4,
2026-09-07T18:00:02.4728459Z                  from /home/runner/work/PocketKrKr/PocketKrKr/cpp/plugins/psdfile/psdclass.h:9,
2026-09-07T18:00:02.4729806Z                  from /home/runner/work/PocketKrKr/PocketKrKr/cpp/plugins/psdfile/psdclass.cpp:4:
2026-09-07T18:00:02.4731402Z /home/runner/work/PocketKrKr/PocketKrKr/cpp/plugins/psdfile/psdparse/psddesc.h:253:32: note: format string is defined here
2026-09-07T18:00:02.4732878Z   253 |             dprint("%s (count:%d)\n", typeName(), items.size());
2026-09-07T18:00:02.4733762Z       |                               ~^
2026-09-07T18:00:02.4734486Z       |                                |
2026-09-07T18:00:02.4735458Z       |                                int
2026-09-07T18:00:02.4736168Z       |                               %ld
2026-09-07T18:00:02.4737193Z In file included from /home/runner/work/PocketKrKr/PocketKrKr/cpp/plugins/psdfile/psdclass.h:10,
2026-09-07T18:00:02.4738559Z                  from /home/runner/work/PocketKrKr/PocketKrKr/cpp/plugins/psdfile/psdclass.cpp:4:
2026-09-07T18:00:02.4740981Z /home/runner/work/PocketKrKr/PocketKrKr/cpp/core/plugin/ncbind.hpp: In static member function ‘static ncbTypeConvertor::Conversion<FROM, TO>::OK ncbTypeConvertor::Conversion<FROM, TO>::check(TO)’:
2026-09-07T18:00:02.4743419Z /home/runner/work/PocketKrKr/PocketKrKr/cpp/core/plugin/ncbind.hpp:244:38: warning: no return statement in function returning non-void [-Wreturn-type]
2026-09-07T18:00:02.4744869Z   244 |                 static OK check(TO) {};
2026-09-07T18:00:02.4745827Z       |                                      ^
2026-09-07T18:00:04.5866967Z [497/741] Building CXX object cpp/plugins/psbfile/CMakeFiles/psbfile.dir/__/psdfile/psdclass_loadstreambase.cpp.o
2026-09-07T18:00:04.5868595Z In file included from /home/runner/work/PocketKrKr/PocketKrKr/cpp/plugins/psdfile/psdparse/psddata.h:5,
2026-09-07T18:00:04.5889346Z                  from /home/runner/work/PocketKrKr/PocketKrKr/cpp/plugins/psdfile/psdparse/psdfile.h:4,
2026-09-07T18:00:04.5926112Z                  from /home/runner/work/PocketKrKr/PocketKrKr/cpp/plugins/psdfile/psdclass.h:9,
2026-09-07T18:00:04.5956189Z                  from /home/runner/work/PocketKrKr/PocketKrKr/cpp/plugins/psdfile/psdclass_loadstreambase.cpp:4:
2026-09-07T18:00:04.5986432Z /home/runner/work/PocketKrKr/PocketKrKr/cpp/plugins/psdfile/psdparse/psddesc.h:17:26: warning: multi-character character constant [-Wmultichar]
2026-09-07T18:00:04.5987740Z    17 |         TYPE_REFERENCE = 'obj ',
2026-09-07T18:00:04.6005978Z       |                          ^~~~~~
2026-09-07T18:00:04.6007606Z /home/runner/work/PocketKrKr/PocketKrKr/cpp/plugins/psdfile/psdparse/psddesc.h:18:27: warning: multi-character character constant [-Wmultichar]
2026-09-07T18:00:04.6009103Z    18 |         TYPE_DESCRIPTOR = 'Objc',
2026-09-07T18:00:04.6009811Z       |                           ^~~~~~
2026-09-07T18:00:04.6011188Z /home/runner/work/PocketKrKr/PocketKrKr/cpp/plugins/psdfile/psdparse/psddesc.h:19:21: warning: multi-character character constant [-Wmultichar]
2026-09-07T18:00:04.6012592Z    19 |         TYPE_LIST = 'VlLs',
2026-09-07T18:00:04.6013250Z       |                     ^~~~~~
2026-09-07T18:00:04.6014532Z /home/runner/work/PocketKrKr/PocketKrKr/cpp/plugins/psdfile/psdparse/psddesc.h:20:23: warning: multi-character character constant [-Wmultichar]
2026-09-07T18:00:04.6016210Z    20 |         TYPE_DOUBLE = 'doub',
2026-09-07T18:00:04.6016842Z       |                       ^~~~~~
2026-09-07T18:00:04.6018616Z /home/runner/work/PocketKrKr/PocketKrKr/cpp/plugins/psdfile/psdparse/psddesc.h:21:27: warning: multi-character character constant [-Wmultichar]
2026-09-07T18:00:04.6020049Z    21 |         TYPE_UNIT_FLOAT = 'UntF',
2026-09-07T18:00:04.6020786Z       |                           ^~~~~~
2026-09-07T18:00:04.6022444Z /home/runner/work/PocketKrKr/PocketKrKr/cpp/plugins/psdfile/psdparse/psddesc.h:22:23: warning: multi-character character constant [-Wmultichar]
2026-09-07T18:00:04.6023933Z    22 |         TYPE_STRING = 'TEXT',
2026-09-07T18:00:04.6024569Z       |                       ^~~~~~
2026-09-07T18:00:04.6026188Z /home/runner/work/PocketKrKr/PocketKrKr/cpp/plugins/psdfile/psdparse/psddesc.h:23:27: warning: multi-character character constant [-Wmultichar]
2026-09-07T18:00:04.6027614Z    23 |         TYPE_ENUMERATED = 'enum',
2026-09-07T18:00:04.6028320Z       |                           ^~~~~~
2026-09-07T18:00:04.6029680Z /home/runner/work/PocketKrKr/PocketKrKr/cpp/plugins/psdfile/psdparse/psddesc.h:24:24: warning: multi-character character constant [-Wmultichar]
2026-09-07T18:00:04.6031129Z    24 |         TYPE_INTEGER = 'long',
2026-09-07T18:00:04.6031795Z       |                        ^~~~~~
2026-09-07T18:00:04.6033168Z /home/runner/work/PocketKrKr/PocketKrKr/cpp/plugins/psdfile/psdparse/psddesc.h:25:24: warning: multi-character character constant [-Wmultichar]
2026-09-07T18:00:04.6034640Z    25 |         TYPE_BOOLEAN = 'bool',
2026-09-07T18:00:04.6035580Z       |                        ^~~~~~
2026-09-07T18:00:04.6036980Z /home/runner/work/PocketKrKr/PocketKrKr/cpp/plugins/psdfile/psdparse/psddesc.h:26:30: warning: multi-character character constant [-Wmultichar]
2026-09-07T18:00:04.6038417Z    26 |         TYPE_GLOBAL_OBJECT = 'GlbO',
2026-09-07T18:00:04.6039041Z       |                              ^~~~~~
2026-09-07T18:00:04.6040479Z /home/runner/work/PocketKrKr/PocketKrKr/cpp/plugins/psdfile/psdparse/psddesc.h:27:23: warning: multi-character character constant [-Wmultichar]
2026-09-07T18:00:04.6041850Z    27 |         TYPE_CLASS1 = 'type',
2026-09-07T18:00:04.6042505Z       |                       ^~~~~~
2026-09-07T18:00:04.6043774Z /home/runner/work/PocketKrKr/PocketKrKr/cpp/plugins/psdfile/psdparse/psddesc.h:28:23: warning: multi-character character constant [-Wmultichar]
2026-09-07T18:00:04.6045151Z    28 |         TYPE_CLASS2 = 'GlbC',
2026-09-07T18:00:04.6046038Z       |                       ^~~~~~
2026-09-07T18:00:04.6047308Z /home/runner/work/PocketKrKr/PocketKrKr/cpp/plugins/psdfile/psdparse/psddesc.h:29:22: warning: multi-character character constant [-Wmultichar]
2026-09-07T18:00:04.6048574Z    29 |         TYPE_ALIAS = 'alis',
2026-09-07T18:00:04.6049210Z       |                      ^~~~~~
2026-09-07T18:00:04.6050458Z /home/runner/work/PocketKrKr/PocketKrKr/cpp/plugins/psdfile/psdparse/psddesc.h:30:25: warning: multi-character character constant [-Wmultichar]
2026-09-07T18:00:04.6051836Z    30 |         TYPE_RAW_DATA = 'tdta',
2026-09-07T18:00:04.6052461Z       |                         ^~~~~~
2026-09-07T18:00:04.6053823Z /home/runner/work/PocketKrKr/PocketKrKr/cpp/plugins/psdfile/psdparse/psddesc.h:34:23: warning: multi-character character constant [-Wmultichar]
2026-09-07T18:00:04.6055175Z    34 |         UNIT_POINTS = '#Pnt',
2026-09-07T18:00:04.6056177Z       |                       ^~~~~~
2026-09-07T18:00:04.6057432Z /home/runner/work/PocketKrKr/PocketKrKr/cpp/plugins/psdfile/psdparse/psddesc.h:35:28: warning: multi-character character constant [-Wmultichar]
2026-09-07T18:00:04.6058828Z    35 |         UNIT_MILLIMETERS = '#Mlm',
2026-09-07T18:00:04.6059429Z       |                            ^~~~~~
2026-09-07T18:00:04.6060825Z /home/runner/work/PocketKrKr/PocketKrKr/cpp/plugins/psdfile/psdparse/psddesc.h:36:22: warning: multi-character character constant [-Wmultichar]
2026-09-07T18:00:04.6062156Z    36 |         UNIT_ANGLE = '#Ang', // degrees
2026-09-07T18:00:04.6062820Z       |                      ^~~~~~
2026-09-07T18:00:04.6064338Z /home/runner/work/PocketKrKr/PocketKrKr/cpp/plugins/psdfile/psdparse/psddesc.h:37:24: warning: multi-character character constant [-Wmultichar]
2026-09-07T18:00:04.6066054Z    37 |         UNIT_DENSITY = '#Rsl', // base per inch
2026-09-07T18:00:04.6066769Z       |                        ^~~~~~
2026-09-07T18:00:04.6068143Z /home/runner/work/PocketKrKr/PocketKrKr/cpp/plugins/psdfile/psdparse/psddesc.h:38:25: warning: multi-character character constant [-Wmultichar]
2026-09-07T18:00:04.6069917Z    38 |         UNIT_DISTANCE = '#Rlt', // base 72ppi
2026-09-07T18:00:04.6070702Z       |                         ^~~~~~
2026-09-07T18:00:04.6072067Z /home/runner/work/PocketKrKr/PocketKrKr/cpp/plugins/psdfile/psdparse/psddesc.h:39:21: warning: multi-character character constant [-Wmultichar]
2026-09-07T18:00:04.6073546Z    39 |         UNIT_NONE = '#Nne',
2026-09-07T18:00:04.6074203Z       |                     ^~~~~~
2026-09-07T18:00:04.6075845Z /home/runner/work/PocketKrKr/PocketKrKr/cpp/plugins/psdfile/psdparse/psddesc.h:40:24: warning: multi-character character constant [-Wmultichar]
2026-09-07T18:00:04.6077229Z    40 |         UNIT_PERCENT = '#Prc',
2026-09-07T18:00:04.6077930Z       |                        ^~~~~~
2026-09-07T18:00:04.6079238Z /home/runner/work/PocketKrKr/PocketKrKr/cpp/plugins/psdfile/psdparse/psddesc.h:41:23: warning: multi-character character constant [-Wmultichar]
2026-09-07T18:00:04.6080709Z    41 |         UNIT_PIXELS = '#Pxl',
2026-09-07T18:00:04.6081357Z       |                       ^~~~~~
2026-09-07T18:00:04.6082714Z /home/runner/work/PocketKrKr/PocketKrKr/cpp/plugins/psdfile/psdparse/psddesc.h:46:29: warning: multi-character character constant [-Wmultichar]
2026-09-07T18:00:04.6084136Z    46 |         REF_TYPE_PROPERTY = 'prop',
2026-09-07T18:00:04.6084851Z       |                             ^~~~~~
2026-09-07T18:00:04.6086476Z /home/runner/work/PocketKrKr/PocketKrKr/cpp/plugins/psdfile/psdparse/psddesc.h:47:26: warning: multi-character character constant [-Wmultichar]
2026-09-07T18:00:04.6087931Z    47 |         REF_TYPE_CLASS = 'Clss',
2026-09-07T18:00:04.6088603Z       |                          ^~~~~~
2026-09-07T18:00:04.6089968Z /home/runner/work/PocketKrKr/PocketKrKr/cpp/plugins/psdfile/psdparse/psddesc.h:48:29: warning: multi-character character constant [-Wmultichar]
2026-09-07T18:00:04.6091404Z    48 |         REF_TYPE_ENUM_REF = 'Enmr',
2026-09-07T18:00:04.6092160Z       |                             ^~~~~~
2026-09-07T18:00:04.6093499Z /home/runner/work/PocketKrKr/PocketKrKr/cpp/plugins/psdfile/psdparse/psddesc.h:49:27: warning: multi-character character constant [-Wmultichar]
2026-09-07T18:00:04.6094984Z    49 |         REF_TYPE_OFFSET = 'rele',
2026-09-07T18:00:04.6095929Z       |                           ^~~~~~
2026-09-07T18:00:04.6097301Z /home/runner/work/PocketKrKr/PocketKrKr/cpp/plugins/psdfile/psdparse/psddesc.h:50:31: warning: multi-character character constant [-Wmultichar]
2026-09-07T18:00:04.6098624Z    50 |         REF_TYPE_IDENTIFIER = 'Idnt',
2026-09-07T18:00:04.6099306Z       |                               ^~~~~~
2026-09-07T18:00:04.6100579Z /home/runner/work/PocketKrKr/PocketKrKr/cpp/plugins/psdfile/psdparse/psddesc.h:51:26: warning: multi-character character constant [-Wmultichar]
2026-09-07T18:00:04.6101908Z    51 |         REF_TYPE_INDEX = 'indx',
2026-09-07T18:00:04.6102522Z       |                          ^~~~~~
2026-09-07T18:00:04.6103858Z /home/runner/work/PocketKrKr/PocketKrKr/cpp/plugins/psdfile/psdparse/psddesc.h:52:25: warning: multi-character character constant [-Wmultichar]
2026-09-07T18:00:04.6105175Z    52 |         REF_TYPE_NAME = 'name',
2026-09-07T18:00:04.6106079Z       |                         ^~~~~~
2026-09-07T18:00:04.6107112Z In file included from /home/runner/work/PocketKrKr/PocketKrKr/cpp/plugins/psdfile/psdparse/psdfile.h:4,
2026-09-07T18:00:04.6108509Z                  from /home/runner/work/PocketKrKr/PocketKrKr/cpp/plugins/psdfile/psdclass.h:9,
2026-09-07T18:00:04.6109863Z                  from /home/runner/work/PocketKrKr/PocketKrKr/cpp/plugins/psdfile/psdclass_loadstreambase.cpp:4:
2026-09-07T18:00:04.6112025Z /home/runner/work/PocketKrKr/PocketKrKr/cpp/plugins/psdfile/psdparse/psddata.h:113:18: warning: multi-character character constant [-Wmultichar]
2026-09-07T18:00:04.6113385Z   113 |             case 'norm':
2026-09-07T18:00:04.6113995Z       |                  ^~~~~~
2026-09-07T18:00:04.6115748Z /home/runner/work/PocketKrKr/PocketKrKr/cpp/plugins/psdfile/psdparse/psddata.h:115:18: warning: multi-character character constant [-Wmultichar]
2026-09-07T18:00:04.6117148Z   115 |             case 'diss':
2026-09-07T18:00:04.6117705Z       |                  ^~~~~~
2026-09-07T18:00:04.6119005Z /home/runner/work/PocketKrKr/PocketKrKr/cpp/plugins/psdfile/psdparse/psddata.h:117:18: warning: multi-character character constant [-Wmultichar]
2026-09-07T18:00:04.6120325Z   117 |             case 'dark':
2026-09-07T18:00:04.6120917Z       |                  ^~~~~~
2026-09-07T18:00:04.6122178Z /home/runner/work/PocketKrKr/PocketKrKr/cpp/plugins/psdfile/psdparse/psddata.h:119:18: warning: multi-character character constant [-Wmultichar]
2026-09-07T18:00:04.6123549Z   119 |             case 'mul ':
2026-09-07T18:00:04.6124106Z       |                  ^~~~~~
2026-09-07T18:00:04.6125705Z /home/runner/work/PocketKrKr/PocketKrKr/cpp/plugins/psdfile/psdparse/psddata.h:121:18: warning: multi-character character constant [-Wmultichar]
2026-09-07T18:00:04.6127156Z   121 |             case 'idiv':
2026-09-07T18:00:04.6127814Z       |                  ^~~~~~
2026-09-07T18:00:04.6129144Z /home/runner/work/PocketKrKr/PocketKrKr/cpp/plugins/psdfile/psdparse/psddata.h:123:18: warning: multi-character character constant [-Wmultichar]
2026-09-07T18:00:04.6130568Z   123 |             case 'lbrn':
2026-09-07T18:00:04.6131170Z       |                  ^~~~~~
2026-09-07T18:00:04.6132531Z /home/runner/work/PocketKrKr/PocketKrKr/cpp/plugins/psdfile/psdparse/psddata.h:125:18: warning: multi-character character constant [-Wmultichar]
2026-09-07T18:00:04.6133949Z   125 |             case 'dkCl':
2026-09-07T18:00:04.6134687Z       |                  ^~~~~~
2026-09-07T18:00:04.6136216Z /home/runner/work/PocketKrKr/PocketKrKr/cpp/plugins/psdfile/psdparse/psddata.h:127:18: warning: multi-character character constant [-Wmultichar]
2026-09-07T18:00:04.6137651Z   127 |             case 'lite':
2026-09-07T18:00:04.6138223Z       |                  ^~~~~~
2026-09-07T18:00:04.6139561Z /home/runner/work/PocketKrKr/PocketKrKr/cpp/plugins/psdfile/psdparse/psddata.h:129:18: warning: multi-character character constant [-Wmultichar]
2026-09-07T18:00:04.6140977Z   129 |             case 'scrn':
2026-09-07T18:00:04.6141632Z       |                  ^~~~~~
2026-09-07T18:00:04.6142936Z /home/runner/work/PocketKrKr/PocketKrKr/cpp/plugins/psdfile/psdparse/psddata.h:131:18: warning: multi-character character constant [-Wmultichar]
2026-09-07T18:00:04.6144330Z   131 |             case 'div ':
2026-09-07T18:00:04.6144931Z       |                  ^~~~~~
2026-09-07T18:00:04.6146560Z /home/runner/work/PocketKrKr/PocketKrKr/cpp/plugins/psdfile/psdparse/psddata.h:133:18: warning: multi-character character constant [-Wmultichar]
2026-09-07T18:00:04.6147949Z   133 |             case 'lddg':
2026-09-07T18:00:04.6148608Z       |                  ^~~~~~
2026-09-07T18:00:04.6149895Z /home/runner/work/PocketKrKr/PocketKrKr/cpp/plugins/psdfile/psdparse/psddata.h:135:18: warning: multi-character character constant [-Wmultichar]
2026-09-07T18:00:04.6151355Z   135 |             case 'ltCl':
2026-09-07T18:00:04.6151962Z       |                  ^~~~~~
2026-09-07T18:00:04.6153287Z /home/runner/work/PocketKrKr/PocketKrKr/cpp/plugins/psdfile/psdparse/psddata.h:137:18: warning: multi-character character constant [-Wmultichar]
2026-09-07T18:00:04.6154701Z   137 |             case 'over':
2026-09-07T18:00:04.6155608Z       |                  ^~~~~~
2026-09-07T18:00:04.6156878Z /home/runner/work/PocketKrKr/PocketKrKr/cpp/plugins/psdfile/psdparse/psddata.h:139:18: warning: multi-character character constant [-Wmultichar]
2026-09-07T18:00:04.6158233Z   139 |             case 'sLit':
2026-09-07T18:00:04.6159003Z       |                  ^~~~~~
2026-09-07T18:00:04.6160409Z /home/runner/work/PocketKrKr/PocketKrKr/cpp/plugins/psdfile/psdparse/psddata.h:141:18: warning: multi-character character constant [-Wmultichar]
2026-09-07T18:00:04.6161722Z   141 |             case 'hLit':
2026-09-07T18:00:04.6162537Z       |                  ^~~~~~
2026-09-07T18:00:04.6163786Z /home/runner/work/PocketKrKr/PocketKrKr/cpp/plugins/psdfile/psdparse/psddata.h:143:18: warning: multi-character character constant [-Wmultichar]
2026-09-07T18:00:04.6165162Z   143 |             case 'vLit':
2026-09-07T18:00:04.6165960Z       |                  ^~~~~~
2026-09-07T18:00:04.6167231Z /home/runner/work/PocketKrKr/PocketKrKr/cpp/plugins/psdfile/psdparse/psddata.h:145:18: warning: multi-character character constant [-Wmultichar]
2026-09-07T18:00:04.6168535Z   145 |             case 'lLit':
2026-09-07T18:00:04.6169118Z       |                  ^~~~~~
2026-09-07T18:00:04.6170331Z /home/runner/work/PocketKrKr/PocketKrKr/cpp/plugins/psdfile/psdparse/psddata.h:147:18: warning: multi-character character constant [-Wmultichar]
2026-09-07T18:00:04.6171678Z   147 |             case 'pLit':
2026-09-07T18:00:04.6172214Z       |                  ^~~~~~
2026-09-07T18:00:04.6173510Z /home/runner/work/PocketKrKr/PocketKrKr/cpp/plugins/psdfile/psdparse/psddata.h:149:18: warning: multi-character character constant [-Wmultichar]
2026-09-07T18:00:04.6174812Z   149 |             case 'hMix':
2026-09-07T18:00:04.6175607Z       |                  ^~~~~~
2026-09-07T18:00:04.6176844Z /home/runner/work/PocketKrKr/PocketKrKr/cpp/plugins/psdfile/psdparse/psddata.h:151:18: warning: multi-character character constant [-Wmultichar]
2026-09-07T18:00:04.6178182Z   151 |             case 'diff':
2026-09-07T18:00:04.6178730Z       |                  ^~~~~~
2026-09-07T18:00:04.6179964Z /home/runner/work/PocketKrKr/PocketKrKr/cpp/plugins/psdfile/psdparse/psddata.h:153:18: warning: multi-character character constant [-Wmultichar]
2026-09-07T18:00:04.6181268Z   153 |             case 'smud':
2026-09-07T18:00:04.6181846Z       |                  ^~~~~~
2026-09-07T18:00:04.6183074Z /home/runner/work/PocketKrKr/PocketKrKr/cpp/plugins/psdfile/psdparse/psddata.h:155:18: warning: multi-character character constant [-Wmultichar]
2026-09-07T18:00:04.6184413Z   155 |             case 'fsub':
2026-09-07T18:00:04.6184954Z       |                  ^~~~~~
2026-09-07T18:00:04.6186582Z /home/runner/work/PocketKrKr/PocketKrKr/cpp/plugins/psdfile/psdparse/psddata.h:157:18: warning: multi-character character constant [-Wmultichar]
2026-09-07T18:00:04.6187972Z   157 |             case 'fdiv':
2026-09-07T18:00:04.6188629Z       |                  ^~~~~~
2026-09-07T18:00:04.6189938Z /home/runner/work/PocketKrKr/PocketKrKr/cpp/plugins/psdfile/psdparse/psddata.h:159:18: warning: multi-character character constant [-Wmultichar]
2026-09-07T18:00:04.6191389Z   159 |             case 'hue ':
2026-09-07T18:00:04.6191995Z       |                  ^~~~~~
2026-09-07T18:00:04.6193444Z /home/runner/work/PocketKrKr/PocketKrKr/cpp/plugins/psdfile/psdparse/psddata.h:161:18: warning: multi-character character constant [-Wmultichar]
2026-09-07T18:00:04.6194847Z   161 |             case 'sat ':
2026-09-07T18:00:04.6195765Z       |                  ^~~~~~
2026-09-07T18:00:04.6197070Z /home/runner/work/PocketKrKr/PocketKrKr/cpp/plugins/psdfile/psdparse/psddata.h:163:18: warning: multi-character character constant [-Wmultichar]
2026-09-07T18:00:04.6198546Z   163 |             case 'colr':
2026-09-07T18:00:04.6199192Z       |                  ^~~~~~
2026-09-07T18:00:04.6200561Z /home/runner/work/PocketKrKr/PocketKrKr/cpp/plugins/psdfile/psdparse/psddata.h:165:18: warning: multi-character character constant [-Wmultichar]
2026-09-07T18:00:04.6201950Z   165 |             case 'lum ':
2026-09-07T18:00:04.6202578Z       |                  ^~~~~~
2026-09-07T18:00:04.6203902Z /home/runner/work/PocketKrKr/PocketKrKr/cpp/plugins/psdfile/psdparse/psddata.h:167:18: warning: multi-character character constant [-Wmultichar]
2026-09-07T18:00:04.6205943Z   167 |             case 'pass':
2026-09-07T18:00:04.6206638Z       |                  ^~~~~~
2026-09-07T18:00:04.6207733Z In file included from /home/runner/work/PocketKrKr/PocketKrKr/cpp/plugins/psdfile/psdparse/psdfile.h:3,
2026-09-07T18:00:04.6209143Z                  from /home/runner/work/PocketKrKr/PocketKrKr/cpp/plugins/psdfile/psdclass.h:9,
2026-09-07T18:00:04.6210872Z                  from /home/runner/work/PocketKrKr/PocketKrKr/cpp/plugins/psdfile/psdclass_loadstreambase.cpp:4:
2026-09-07T18:00:04.6213341Z /home/runner/work/PocketKrKr/PocketKrKr/cpp/plugins/psdfile/psdparse/psddesc.h: In member function ‘virtual void psd::DescriptorReference::dump(int)’:
2026-09-07T18:00:04.6216947Z /home/runner/work/PocketKrKr/PocketKrKr/cpp/plugins/psdfile/psdparse/psddesc.h:234:20: warning: format ‘%d’ expects argument of type ‘int’, but argument 3 has type ‘std::vector<psd::ReferenceItem*>::size_type’ {aka ‘long unsigned int’} [-Wformat=]
2026-09-07T18:00:04.6219191Z   234 |             dprint("%s (count:%d)\n", typeName(), items.size());
2026-09-07T18:00:04.6220080Z       |                    ^~~~~~~~~~~~~~~~~              ~~~~~~~~~~~~
2026-09-07T18:00:04.6220798Z       |                                                             |
2026-09-07T18:00:04.6221857Z       |                                                             std::vector<psd::ReferenceItem*>::size_type {aka long unsigned int}
2026-09-07T18:00:04.6223551Z /home/runner/work/PocketKrKr/PocketKrKr/cpp/plugins/psdfile/psdparse/psdbase.h:7:28: note: in definition of macro ‘dprint’
2026-09-07T18:00:04.6224833Z     7 | #define dprint(...) printf(__VA_ARGS__);
2026-09-07T18:00:04.6225698Z       |                            ^~~~~~~~~~~
2026-09-07T18:00:04.6226773Z In file included from /home/runner/work/PocketKrKr/PocketKrKr/cpp/plugins/psdfile/psdparse/psddata.h:5,
2026-09-07T18:00:04.6228173Z                  from /home/runner/work/PocketKrKr/PocketKrKr/cpp/plugins/psdfile/psdparse/psdfile.h:4,
2026-09-07T18:00:04.6229466Z                  from /home/runner/work/PocketKrKr/PocketKrKr/cpp/plugins/psdfile/psdclass.h:9,
2026-09-07T18:00:04.6230806Z                  from /home/runner/work/PocketKrKr/PocketKrKr/cpp/plugins/psdfile/psdclass_loadstreambase.cpp:4:
2026-09-07T18:00:04.6232417Z /home/runner/work/PocketKrKr/PocketKrKr/cpp/plugins/psdfile/psdparse/psddesc.h:234:32: note: format string is defined here
2026-09-07T18:00:04.6233742Z   234 |             dprint("%s (count:%d)\n", typeName(), items.size());
2026-09-07T18:00:04.6234600Z       |                               ~^
2026-09-07T18:00:04.6235388Z       |                                |
2026-09-07T18:00:04.6236055Z       |                                int
2026-09-07T18:00:04.6236652Z       |                               %ld
2026-09-07T18:00:04.6237719Z In file included from /home/runner/work/PocketKrKr/PocketKrKr/cpp/plugins/psdfile/psdparse/psdfile.h:3,
2026-09-07T18:00:04.6239058Z                  from /home/runner/work/PocketKrKr/PocketKrKr/cpp/plugins/psdfile/psdclass.h:9,
2026-09-07T18:00:04.6240433Z                  from /home/runner/work/PocketKrKr/PocketKrKr/cpp/plugins/psdfile/psdclass_loadstreambase.cpp:4:
2026-09-07T18:00:04.6242499Z /home/runner/work/PocketKrKr/PocketKrKr/cpp/plugins/psdfile/psdparse/psddesc.h: In member function ‘virtual void psd::DescriptorList::dump(int)’:
2026-09-07T18:00:04.6245837Z /home/runner/work/PocketKrKr/PocketKrKr/cpp/plugins/psdfile/psdparse/psddesc.h:253:20: warning: format ‘%d’ expects argument of type ‘int’, but argument 3 has type ‘std::vector<psd::DescriptorItem*>::size_type’ {aka ‘long unsigned int’} [-Wformat=]
2026-09-07T18:00:04.6248034Z   253 |             dprint("%s (count:%d)\n", typeName(), items.size());
2026-09-07T18:00:04.6248924Z       |                    ^~~~~~~~~~~~~~~~~              ~~~~~~~~~~~~
2026-09-07T18:00:04.6249722Z       |                                                             |
2026-09-07T18:00:04.6251108Z       |                                                             std::vector<psd::DescriptorItem*>::size_type {aka long unsigned int}
2026-09-07T18:00:04.6252991Z /home/runner/work/PocketKrKr/PocketKrKr/cpp/plugins/psdfile/psdparse/psdbase.h:7:28: note: in definition of macro ‘dprint’
2026-09-07T18:00:04.6254393Z     7 | #define dprint(...) printf(__VA_ARGS__);
2026-09-07T18:00:04.6255647Z       |                            ^~~~~~~~~~~
2026-09-07T18:00:04.6256939Z In file included from /home/runner/work/PocketKrKr/PocketKrKr/cpp/plugins/psdfile/psdparse/psddata.h:5,
2026-09-07T18:00:04.6258459Z                  from /home/runner/work/PocketKrKr/PocketKrKr/cpp/plugins/psdfile/psdparse/psdfile.h:4,
2026-09-07T18:00:04.6259878Z                  from /home/runner/work/PocketKrKr/PocketKrKr/cpp/plugins/psdfile/psdclass.h:9,
2026-09-07T18:00:04.6261274Z                  from /home/runner/work/PocketKrKr/PocketKrKr/cpp/plugins/psdfile/psdclass_loadstreambase.cpp:4:
2026-09-07T18:00:04.6263028Z /home/runner/work/PocketKrKr/PocketKrKr/cpp/plugins/psdfile/psdparse/psddesc.h:253:32: note: format string is defined here
2026-09-07T18:00:04.6264441Z   253 |             dprint("%s (count:%d)\n", typeName(), items.size());
2026-09-07T18:00:04.6265523Z       |                               ~^
2026-09-07T18:00:04.6266172Z       |                                |
2026-09-07T18:00:04.6266855Z       |                                int
2026-09-07T18:00:04.6267516Z       |                               %ld
2026-09-07T18:00:04.6268588Z In file included from /home/runner/work/PocketKrKr/PocketKrKr/cpp/plugins/psdfile/psdclass.h:10,
2026-09-07T18:00:04.6270052Z                  from /home/runner/work/PocketKrKr/PocketKrKr/cpp/plugins/psdfile/psdclass_loadstreambase.cpp:4:
2026-09-07T18:00:04.6272643Z /home/runner/work/PocketKrKr/PocketKrKr/cpp/core/plugin/ncbind.hpp: In static member function ‘static ncbTypeConvertor::Conversion<FROM, TO>::OK ncbTypeConvertor::Conversion<FROM, TO>::check(TO)’:
2026-09-07T18:00:04.6275087Z /home/runner/work/PocketKrKr/PocketKrKr/cpp/core/plugin/ncbind.hpp:244:38: warning: no return statement in function returning non-void [-Wreturn-type]
2026-09-07T18:00:04.6276699Z   244 |                 static OK check(TO) {};
2026-09-07T18:00:04.6277330Z       |                                      ^
2026-09-07T18:00:06.3530851Z [498/741] Building CXX object cpp/plugins/psbfile/CMakeFiles/psbfile.dir/__/layerex_draw/general/LayerExDraw.cpp.o
2026-09-07T18:00:06.3547203Z In file included from /home/runner/work/PocketKrKr/PocketKrKr/cpp/plugins/layerex_draw/general/LayerExDraw.cpp:5:
2026-09-07T18:00:06.3577494Z /home/runner/work/PocketKrKr/PocketKrKr/cpp/core/plugin/ncbind.hpp: In static member function ‘static ncbTypeConvertor::Conversion<FROM, TO>::OK ncbTypeConvertor::Conversion<FROM, TO>::check(TO)’:
2026-09-07T18:00:06.3597357Z /home/runner/work/PocketKrKr/PocketKrKr/cpp/core/plugin/ncbind.hpp:244:38: warning: no return statement in function returning non-void [-Wreturn-type]
2026-09-07T18:00:06.3626053Z   244 |                 static OK check(TO) {};
2026-09-07T18:00:06.3655949Z       |                                      ^
2026-09-07T18:00:06.7206790Z [499/741] Building CXX object cpp/plugins/psbfile/CMakeFiles/psbfile.dir/__/layerex_draw/general/DrawPath.cpp.o
2026-09-07T18:00:06.7382311Z [500/741] Building CXX object cpp/plugins/psbfile/CMakeFiles/psbfile.dir/__/motionplayer/EmotePlayer.cpp.o
2026-09-07T18:00:07.4866669Z [501/741] Building CXX object cpp/plugins/psbfile/CMakeFiles/psbfile.dir/__/layerex_draw/general/main.cpp.o
2026-09-07T18:00:07.4876241Z In file included from /home/runner/work/PocketKrKr/PocketKrKr/cpp/plugins/layerex_draw/general/main.cpp:3:
2026-09-07T18:00:07.4907439Z /home/runner/work/PocketKrKr/PocketKrKr/cpp/core/plugin/ncbind.hpp: In static member function ‘static ncbTypeConvertor::Conversion<FROM, TO>::OK ncbTypeConvertor::Conversion<FROM, TO>::check(TO)’:
2026-09-07T18:00:07.4926483Z /home/runner/work/PocketKrKr/PocketKrKr/cpp/core/plugin/ncbind.hpp:244:38: warning: no return statement in function returning non-void [-Wreturn-type]
2026-09-07T18:00:07.4928140Z   244 |                 static OK check(TO) {};
2026-09-07T18:00:07.4928714Z       |                                      ^
2026-09-07T18:00:07.5086582Z [502/741] Building CXX object cpp/plugins/psbfile/CMakeFiles/psbfile.dir/__/motionplayer/ResourceManager.cpp.o
2026-09-07T18:00:09.6953881Z [503/741] Building CXX object cpp/plugins/psbfile/CMakeFiles/psbfile.dir/__/kagparserex/kagparserex_plugin.cpp.o
2026-09-07T18:00:09.6967390Z In file included from /home/runner/work/PocketKrKr/PocketKrKr/cpp/plugins/kagparserex/kagparserex_plugin.cpp:2:
2026-09-07T18:00:09.6970110Z /home/runner/work/PocketKrKr/PocketKrKr/cpp/core/plugin/ncbind.hpp: In static member function ‘static ncbTypeConvertor::Conversion<FROM, TO>::OK ncbTypeConvertor::Conversion<FROM, TO>::check(TO)’:
2026-09-07T18:00:09.6972385Z /home/runner/work/PocketKrKr/PocketKrKr/cpp/core/plugin/ncbind.hpp:244:38: warning: no return statement in function returning non-void [-Wreturn-type]
2026-09-07T18:00:09.6973869Z   244 |                 static OK check(TO) {};
2026-09-07T18:00:09.6974641Z       |                                      ^
2026-09-07T18:00:10.1896920Z [504/741] Building CXX object cpp/plugins/psbfile/CMakeFiles/psbfile.dir/__/motionplayer/Player.cpp.o
2026-09-07T18:00:10.1926493Z In file included from /home/runner/work/PocketKrKr/PocketKrKr/cpp/plugins/motionplayer/Player.h:19,
2026-09-07T18:00:10.1956442Z                  from /home/runner/work/PocketKrKr/PocketKrKr/cpp/plugins/motionplayer/Player.cpp:5:
2026-09-07T18:00:10.1987515Z /home/runner/work/PocketKrKr/PocketKrKr/cpp/core/plugin/ncbind.hpp: In static member function ‘static ncbTypeConvertor::Conversion<FROM, TO>::OK ncbTypeConvertor::Conversion<FROM, TO>::check(TO)’:
2026-09-07T18:00:10.1996693Z /home/runner/work/PocketKrKr/PocketKrKr/cpp/core/plugin/ncbind.hpp:244:38: warning: no return statement in function returning non-void [-Wreturn-type]
2026-09-07T18:00:10.2045832Z   244 |                 static OK check(TO) {};
2026-09-07T18:00:10.2065874Z       |                                      ^
2026-09-07T18:00:11.7376186Z [505/741] Linking CXX static library cpp/plugins/layerex_draw/liblayerExDraw.a
2026-09-07T18:00:11.7476484Z [506/741] Building CXX object cpp/plugins/psdfile/psdparse/CMakeFiles/psdparse.dir/bmp.cpp.o
2026-09-07T18:00:11.7596502Z [507/741] Building CXX object cpp/plugins/psdfile/psdparse/CMakeFiles/psdparse.dir/psddesc.cpp.o
2026-09-07T18:00:11.7626359Z In file included from /home/runner/work/PocketKrKr/PocketKrKr/cpp/plugins/psdfile/psdparse/psddesc.cpp:1:
2026-09-07T18:00:11.7636705Z /home/runner/work/PocketKrKr/PocketKrKr/cpp/plugins/psdfile/psdparse/psddesc.h:17:26: warning: multi-character character constant [-Wmultichar]
2026-09-07T18:00:11.7665784Z    17 |         TYPE_REFERENCE = 'obj ',
2026-09-07T18:00:11.7666291Z       |                          ^~~~~~
2026-09-07T18:00:11.7667321Z /home/runner/work/PocketKrKr/PocketKrKr/cpp/plugins/psdfile/psdparse/psddesc.h:18:27: warning: multi-character character constant [-Wmultichar]
2026-09-07T18:00:11.7668438Z    18 |         TYPE_DESCRIPTOR = 'Objc',
2026-09-07T18:00:11.7668909Z       |                           ^~~~~~
2026-09-07T18:00:11.7670011Z /home/runner/work/PocketKrKr/PocketKrKr/cpp/plugins/psdfile/psdparse/psddesc.h:19:21: warning: multi-character character constant [-Wmultichar]
2026-09-07T18:00:11.7671206Z    19 |         TYPE_LIST = 'VlLs',
2026-09-07T18:00:11.7671680Z       |                     ^~~~~~
2026-09-07T18:00:11.7672829Z /home/runner/work/PocketKrKr/PocketKrKr/cpp/plugins/psdfile/psdparse/psddesc.h:20:23: warning: multi-character character constant [-Wmultichar]
2026-09-07T18:00:11.7674042Z    20 |         TYPE_DOUBLE = 'doub',
2026-09-07T18:00:11.7674518Z       |                       ^~~~~~
2026-09-07T18:00:11.7675966Z /home/runner/work/PocketKrKr/PocketKrKr/cpp/plugins/psdfile/psdparse/psddesc.h:21:27: warning: multi-character character constant [-Wmultichar]
2026-09-07T18:00:11.7677162Z    21 |         TYPE_UNIT_FLOAT = 'UntF',
2026-09-07T18:00:11.7677626Z       |                           ^~~~~~
2026-09-07T18:00:11.7679099Z /home/runner/work/PocketKrKr/PocketKrKr/cpp/plugins/psdfile/psdparse/psddesc.h:22:23: warning: multi-character character constant [-Wmultichar]
2026-09-07T18:00:11.7680292Z    22 |         TYPE_STRING = 'TEXT',
2026-09-07T18:00:11.7680747Z       |                       ^~~~~~
2026-09-07T18:00:11.7682147Z /home/runner/work/PocketKrKr/PocketKrKr/cpp/plugins/psdfile/psdparse/psddesc.h:23:27: warning: multi-character character constant [-Wmultichar]
2026-09-07T18:00:11.7683352Z    23 |         TYPE_ENUMERATED = 'enum',
2026-09-07T18:00:11.7683832Z       |                           ^~~~~~
2026-09-07T18:00:11.7684972Z /home/runner/work/PocketKrKr/PocketKrKr/cpp/plugins/psdfile/psdparse/psddesc.h:24:24: warning: multi-character character constant [-Wmultichar]
2026-09-07T18:00:11.7686449Z    24 |         TYPE_INTEGER = 'long',
2026-09-07T18:00:11.7686919Z       |                        ^~~~~~
2026-09-07T18:00:11.7688063Z /home/runner/work/PocketKrKr/PocketKrKr/cpp/plugins/psdfile/psdparse/psddesc.h:25:24: warning: multi-character character constant [-Wmultichar]
2026-09-07T18:00:11.7689264Z    25 |         TYPE_BOOLEAN = 'bool',
2026-09-07T18:00:11.7689721Z       |                        ^~~~~~
2026-09-07T18:00:11.7690806Z /home/runner/work/PocketKrKr/PocketKrKr/cpp/plugins/psdfile/psdparse/psddesc.h:26:30: warning: multi-character character constant [-Wmultichar]
2026-09-07T18:00:11.7692002Z    26 |         TYPE_GLOBAL_OBJECT = 'GlbO',
2026-09-07T18:00:11.7692541Z       |                              ^~~~~~
2026-09-07T18:00:11.7693678Z /home/runner/work/PocketKrKr/PocketKrKr/cpp/plugins/psdfile/psdparse/psddesc.h:27:23: warning: multi-character character constant [-Wmultichar]
2026-09-07T18:00:11.7694839Z    27 |         TYPE_CLASS1 = 'type',
2026-09-07T18:00:11.7747149Z       |                       ^~~~~~
2026-09-07T18:00:11.7748370Z /home/runner/work/PocketKrKr/PocketKrKr/cpp/plugins/psdfile/psdparse/psddesc.h:28:23: warning: multi-character character constant [-Wmultichar]
2026-09-07T18:00:11.7749560Z    28 |         TYPE_CLASS2 = 'GlbC',
2026-09-07T18:00:11.7750026Z       |                       ^~~~~~
2026-09-07T18:00:11.7751175Z /home/runner/work/PocketKrKr/PocketKrKr/cpp/plugins/psdfile/psdparse/psddesc.h:29:22: warning: multi-character character constant [-Wmultichar]
2026-09-07T18:00:11.7752437Z    29 |         TYPE_ALIAS = 'alis',
2026-09-07T18:00:11.7752892Z       |                      ^~~~~~
2026-09-07T18:00:11.7754001Z /home/runner/work/PocketKrKr/PocketKrKr/cpp/plugins/psdfile/psdparse/psddesc.h:30:25: warning: multi-character character constant [-Wmultichar]
2026-09-07T18:00:11.7755169Z    30 |         TYPE_RAW_DATA = 'tdta',
2026-09-07T18:00:11.7755881Z       |                         ^~~~~~
2026-09-07T18:00:11.7757003Z /home/runner/work/PocketKrKr/PocketKrKr/cpp/plugins/psdfile/psdparse/psddesc.h:34:23: warning: multi-character character constant [-Wmultichar]
2026-09-07T18:00:11.7758171Z    34 |         UNIT_POINTS = '#Pnt',
2026-09-07T18:00:11.7758620Z       |                       ^~~~~~
2026-09-07T18:00:11.7759738Z /home/runner/work/PocketKrKr/PocketKrKr/cpp/plugins/psdfile/psdparse/psddesc.h:35:28: warning: multi-character character constant [-Wmultichar]
2026-09-07T18:00:11.7760907Z    35 |         UNIT_MILLIMETERS = '#Mlm',
2026-09-07T18:00:11.7761384Z       |                            ^~~~~~
2026-09-07T18:00:11.7762525Z /home/runner/work/PocketKrKr/PocketKrKr/cpp/plugins/psdfile/psdparse/psddesc.h:36:22: warning: multi-character character constant [-Wmultichar]
2026-09-07T18:00:11.7763718Z    36 |         UNIT_ANGLE = '#Ang', // degrees
2026-09-07T18:00:11.7764225Z       |                      ^~~~~~
2026-09-07T18:00:11.7765532Z /home/runner/work/PocketKrKr/PocketKrKr/cpp/plugins/psdfile/psdparse/psddesc.h:37:24: warning: multi-character character constant [-Wmultichar]
2026-09-07T18:00:11.7766754Z    37 |         UNIT_DENSITY = '#Rsl', // base per inch
2026-09-07T18:00:11.7767286Z       |                        ^~~~~~
2026-09-07T18:00:11.7768649Z /home/runner/work/PocketKrKr/PocketKrKr/cpp/plugins/psdfile/psdparse/psddesc.h:38:25: warning: multi-character character constant [-Wmultichar]
2026-09-07T18:00:11.7769907Z    38 |         UNIT_DISTANCE = '#Rlt', // base 72ppi
2026-09-07T18:00:11.7770416Z       |                         ^~~~~~
2026-09-07T18:00:11.7771560Z /home/runner/work/PocketKrKr/PocketKrKr/cpp/plugins/psdfile/psdparse/psddesc.h:39:21: warning: multi-character character constant [-Wmultichar]
2026-09-07T18:00:11.7773054Z    39 |         UNIT_NONE = '#Nne',
2026-09-07T18:00:11.7773494Z       |                     ^~~~~~
2026-09-07T18:00:11.7774600Z /home/runner/work/PocketKrKr/PocketKrKr/cpp/plugins/psdfile/psdparse/psddesc.h:40:24: warning: multi-character character constant [-Wmultichar]
2026-09-07T18:00:11.7806185Z    40 |         UNIT_PERCENT = '#Prc',
2026-09-07T18:00:11.7806707Z       |                        ^~~~~~
2026-09-07T18:00:11.7807848Z /home/runner/work/PocketKrKr/PocketKrKr/cpp/plugins/psdfile/psdparse/psddesc.h:41:23: warning: multi-character character constant [-Wmultichar]
2026-09-07T18:00:11.7809043Z    41 |         UNIT_PIXELS = '#Pxl',
2026-09-07T18:00:11.7809509Z       |                       ^~~~~~
2026-09-07T18:00:11.7810633Z /home/runner/work/PocketKrKr/PocketKrKr/cpp/plugins/psdfile/psdparse/psddesc.h:46:29: warning: multi-character character constant [-Wmultichar]
2026-09-07T18:00:11.7811820Z    46 |         REF_TYPE_PROPERTY = 'prop',
2026-09-07T18:00:11.7812337Z       |                             ^~~~~~
2026-09-07T18:00:11.7813454Z /home/runner/work/PocketKrKr/PocketKrKr/cpp/plugins/psdfile/psdparse/psddesc.h:47:26: warning: multi-character character constant [-Wmultichar]
2026-09-07T18:00:11.7814601Z    47 |         REF_TYPE_CLASS = 'Clss',
2026-09-07T18:00:11.7815063Z       |                          ^~~~~~
2026-09-07T18:00:11.7816394Z /home/runner/work/PocketKrKr/PocketKrKr/cpp/plugins/psdfile/psdparse/psddesc.h:48:29: warning: multi-character character constant [-Wmultichar]
2026-09-07T18:00:11.7817632Z    48 |         REF_TYPE_ENUM_REF = 'Enmr',
2026-09-07T18:00:11.7818130Z       |                             ^~~~~~
2026-09-07T18:00:11.7819274Z /home/runner/work/PocketKrKr/PocketKrKr/cpp/plugins/psdfile/psdparse/psddesc.h:49:27: warning: multi-character character constant [-Wmultichar]
2026-09-07T18:00:11.7820424Z    49 |         REF_TYPE_OFFSET = 'rele',
2026-09-07T18:00:11.7820911Z       |                           ^~~~~~
2026-09-07T18:00:11.7822021Z /home/runner/work/PocketKrKr/PocketKrKr/cpp/plugins/psdfile/psdparse/psddesc.h:50:31: warning: multi-character character constant [-Wmultichar]
2026-09-07T18:00:11.7823189Z    50 |         REF_TYPE_IDENTIFIER = 'Idnt',
2026-09-07T18:00:11.7823687Z       |                               ^~~~~~
2026-09-07T18:00:11.7824794Z /home/runner/work/PocketKrKr/PocketKrKr/cpp/plugins/psdfile/psdparse/psddesc.h:51:26: warning: multi-character character constant [-Wmultichar]
2026-09-07T18:00:11.7826154Z    51 |         REF_TYPE_INDEX = 'indx',
2026-09-07T18:00:11.7826614Z       |                          ^~~~~~
2026-09-07T18:00:11.7827722Z /home/runner/work/PocketKrKr/PocketKrKr/cpp/plugins/psdfile/psdparse/psddesc.h:52:25: warning: multi-character character constant [-Wmultichar]
2026-09-07T18:00:11.7828873Z    52 |         REF_TYPE_NAME = 'name',
2026-09-07T18:00:11.7829332Z       |                         ^~~~~~
2026-09-07T18:00:11.7830474Z /home/runner/work/PocketKrKr/PocketKrKr/cpp/plugins/psdfile/psdparse/psddesc.cpp:26:18: warning: multi-character character constant [-Wmultichar]
2026-09-07T18:00:11.7831621Z    26 |             case 'obj ':
2026-09-07T18:00:11.7832041Z       |                  ^~~~~~
2026-09-07T18:00:11.7833129Z /home/runner/work/PocketKrKr/PocketKrKr/cpp/plugins/psdfile/psdparse/psddesc.cpp:29:18: warning: multi-character character constant [-Wmultichar]
2026-09-07T18:00:11.7834274Z    29 |             case 'GlbO':
2026-09-07T18:00:11.7834679Z       |                  ^~~~~~
2026-09-07T18:00:11.7866431Z /home/runner/work/PocketKrKr/PocketKrKr/cpp/plugins/psdfile/psdparse/psddesc.cpp:30:18: warning: multi-character character constant [-Wmultichar]
2026-09-07T18:00:11.7867657Z    30 |             case 'Objc':
2026-09-07T18:00:11.7868087Z       |                  ^~~~~~
2026-09-07T18:00:11.7869198Z /home/runner/work/PocketKrKr/PocketKrKr/cpp/plugins/psdfile/psdparse/psddesc.cpp:33:18: warning: multi-character character constant [-Wmultichar]
2026-09-07T18:00:11.7870612Z    33 |             case 'VlLs':
2026-09-07T18:00:11.7871043Z       |                  ^~~~~~
2026-09-07T18:00:11.7872142Z /home/runner/work/PocketKrKr/PocketKrKr/cpp/plugins/psdfile/psdparse/psddesc.cpp:36:18: warning: multi-character character constant [-Wmultichar]
2026-09-07T18:00:11.7873323Z    36 |             case 'doub':
2026-09-07T18:00:11.7873724Z       |                  ^~~~~~
2026-09-07T18:00:11.7874823Z /home/runner/work/PocketKrKr/PocketKrKr/cpp/plugins/psdfile/psdparse/psddesc.cpp:39:18: warning: multi-character character constant [-Wmultichar]
2026-09-07T18:00:11.7876238Z    39 |             case 'UntF':
2026-09-07T18:00:11.7876649Z       |                  ^~~~~~
2026-09-07T18:00:11.7877740Z /home/runner/work/PocketKrKr/PocketKrKr/cpp/plugins/psdfile/psdparse/psddesc.cpp:42:18: warning: multi-character character constant [-Wmultichar]
2026-09-07T18:00:11.7878896Z    42 |             case 'TEXT':
2026-09-07T18:00:11.7879302Z       |                  ^~~~~~
2026-09-07T18:00:11.7880413Z /home/runner/work/PocketKrKr/PocketKrKr/cpp/plugins/psdfile/psdparse/psddesc.cpp:45:18: warning: multi-character character constant [-Wmultichar]
2026-09-07T18:00:11.7881579Z    45 |             case 'enum':
2026-09-07T18:00:11.7881986Z       |                  ^~~~~~
2026-09-07T18:00:11.7883094Z /home/runner/work/PocketKrKr/PocketKrKr/cpp/plugins/psdfile/psdparse/psddesc.cpp:48:18: warning: multi-character character constant [-Wmultichar]
2026-09-07T18:00:11.7884392Z    48 |             case 'long':
2026-09-07T18:00:11.7884819Z       |                  ^~~~~~
2026-09-07T18:00:11.7886203Z /home/runner/work/PocketKrKr/PocketKrKr/cpp/plugins/psdfile/psdparse/psddesc.cpp:51:18: warning: multi-character character constant [-Wmultichar]
2026-09-07T18:00:11.7887383Z    51 |             case 'bool':
2026-09-07T18:00:11.7887792Z       |                  ^~~~~~
2026-09-07T18:00:11.7888901Z /home/runner/work/PocketKrKr/PocketKrKr/cpp/plugins/psdfile/psdparse/psddesc.cpp:54:18: warning: multi-character character constant [-Wmultichar]
2026-09-07T18:00:11.7890121Z    54 |             case 'type':
2026-09-07T18:00:11.7890552Z       |                  ^~~~~~
2026-09-07T18:00:11.7891619Z /home/runner/work/PocketKrKr/PocketKrKr/cpp/plugins/psdfile/psdparse/psddesc.cpp:55:18: warning: multi-character character constant [-Wmultichar]
2026-09-07T18:00:11.7892752Z    55 |             case 'GlbC':
2026-09-07T18:00:11.7893158Z       |                  ^~~~~~
2026-09-07T18:00:11.7894243Z /home/runner/work/PocketKrKr/PocketKrKr/cpp/plugins/psdfile/psdparse/psddesc.cpp:58:18: warning: multi-character character constant [-Wmultichar]
2026-09-07T18:00:11.7925813Z    58 |             case 'alis':
2026-09-07T18:00:11.7926295Z       |                  ^~~~~~
2026-09-07T18:00:11.7927459Z /home/runner/work/PocketKrKr/PocketKrKr/cpp/plugins/psdfile/psdparse/psddesc.cpp:61:18: warning: multi-character character constant [-Wmultichar]
2026-09-07T18:00:11.7928674Z    61 |             case 'tdta':
2026-09-07T18:00:11.7929111Z       |                  ^~~~~~
2026-09-07T18:00:11.7930262Z /home/runner/work/PocketKrKr/PocketKrKr/cpp/plugins/psdfile/psdparse/psddesc.cpp:108:22: warning: multi-character character constant [-Wmultichar]
2026-09-07T18:00:11.7931488Z   108 |                 case 'prop':
2026-09-07T18:00:11.7931946Z       |                      ^~~~~~
2026-09-07T18:00:11.7933102Z /home/runner/work/PocketKrKr/PocketKrKr/cpp/plugins/psdfile/psdparse/psddesc.cpp:111:22: warning: multi-character character constant [-Wmultichar]
2026-09-07T18:00:11.7934312Z   111 |                 case 'Clss':
2026-09-07T18:00:11.7934765Z       |                      ^~~~~~
2026-09-07T18:00:11.7936474Z /home/runner/work/PocketKrKr/PocketKrKr/cpp/plugins/psdfile/psdparse/psddesc.cpp:114:22: warning: multi-character character constant [-Wmultichar]
2026-09-07T18:00:11.7937713Z   114 |                 case 'Enmr':
2026-09-07T18:00:11.7938169Z       |                      ^~~~~~
2026-09-07T18:00:11.7939532Z /home/runner/work/PocketKrKr/PocketKrKr/cpp/plugins/psdfile/psdparse/psddesc.cpp:117:22: warning: multi-character character constant [-Wmultichar]
2026-09-07T18:00:11.7940725Z   117 |                 case 'rele':
2026-09-07T18:00:11.7941182Z       |                      ^~~~~~
2026-09-07T18:00:11.7942325Z /home/runner/work/PocketKrKr/PocketKrKr/cpp/plugins/psdfile/psdparse/psddesc.cpp:120:22: warning: multi-character character constant [-Wmultichar]
2026-09-07T18:00:11.7943504Z   120 |                 case 'Idnt':
2026-09-07T18:00:11.7943950Z       |                      ^~~~~~
2026-09-07T18:00:11.7945131Z /home/runner/work/PocketKrKr/PocketKrKr/cpp/plugins/psdfile/psdparse/psddesc.cpp:123:22: warning: multi-character character constant [-Wmultichar]
2026-09-07T18:00:11.7946549Z   123 |                 case 'indx':
2026-09-07T18:00:11.7947001Z       |                      ^~~~~~
2026-09-07T18:00:11.7948157Z /home/runner/work/PocketKrKr/PocketKrKr/cpp/plugins/psdfile/psdparse/psddesc.cpp:126:22: warning: multi-character character constant [-Wmultichar]
2026-09-07T18:00:11.7949372Z   126 |                 case 'name':
2026-09-07T18:00:11.7949817Z       |                      ^~~~~~
2026-09-07T18:00:11.7950682Z In file included from /home/runner/work/PocketKrKr/PocketKrKr/cpp/plugins/psdfile/psdparse/psddesc.h:4,
2026-09-07T18:00:11.7952013Z                  from /home/runner/work/PocketKrKr/PocketKrKr/cpp/plugins/psdfile/psdparse/psddesc.cpp:1:
2026-09-07T18:00:11.7954163Z /home/runner/work/PocketKrKr/PocketKrKr/cpp/plugins/psdfile/psdparse/psddesc.h: In member function ‘virtual void psd::DescriptorReference::dump(int)’:
2026-09-07T18:00:11.7987689Z /home/runner/work/PocketKrKr/PocketKrKr/cpp/plugins/psdfile/psdparse/psddesc.h:234:20: warning: format ‘%d’ expects argument of type ‘int’, but argument 3 has type ‘std::vector<psd::ReferenceItem*>::size_type’ {aka ‘long unsigned int’} [-Wformat=]
2026-09-07T18:00:11.7989656Z   234 |             dprint("%s (count:%d)\n", typeName(), items.size());
2026-09-07T18:00:11.7990343Z       |                    ^~~~~~~~~~~~~~~~~              ~~~~~~~~~~~~
2026-09-07T18:00:11.7990932Z       |                                                             |
2026-09-07T18:00:11.7991813Z       |                                                             std::vector<psd::ReferenceItem*>::size_type {aka long unsigned int}
2026-09-07T18:00:11.7993371Z /home/runner/work/PocketKrKr/PocketKrKr/cpp/plugins/psdfile/psdparse/psdbase.h:7:28: note: in definition of macro ‘dprint’
2026-09-07T18:00:11.7994488Z     7 | #define dprint(...) printf(__VA_ARGS__);
2026-09-07T18:00:11.7995016Z       |                            ^~~~~~~~~~~
2026-09-07T18:00:11.7996200Z In file included from /home/runner/work/PocketKrKr/PocketKrKr/cpp/plugins/psdfile/psdparse/psddesc.cpp:1:
2026-09-07T18:00:11.7997658Z /home/runner/work/PocketKrKr/PocketKrKr/cpp/plugins/psdfile/psdparse/psddesc.h:234:32: note: format string is defined here
2026-09-07T18:00:11.7998858Z   234 |             dprint("%s (count:%d)\n", typeName(), items.size());
2026-09-07T18:00:11.7999488Z       |                               ~^
2026-09-07T18:00:11.7999949Z       |                                |
2026-09-07T18:00:11.8000401Z       |                                int
2026-09-07T18:00:11.8000850Z       |                               %ld
2026-09-07T18:00:11.8001724Z In file included from /home/runner/work/PocketKrKr/PocketKrKr/cpp/plugins/psdfile/psdparse/psddesc.h:4,
2026-09-07T18:00:11.8002988Z                  from /home/runner/work/PocketKrKr/PocketKrKr/cpp/plugins/psdfile/psdparse/psddesc.cpp:1:
2026-09-07T18:00:11.8005088Z /home/runner/work/PocketKrKr/PocketKrKr/cpp/plugins/psdfile/psdparse/psddesc.h: In member function ‘virtual void psd::DescriptorList::dump(int)’:
2026-09-07T18:00:11.8008339Z /home/runner/work/PocketKrKr/PocketKrKr/cpp/plugins/psdfile/psdparse/psddesc.h:253:20: warning: format ‘%d’ expects argument of type ‘int’, but argument 3 has type ‘std::vector<psd::DescriptorItem*>::size_type’ {aka ‘long unsigned int’} [-Wformat=]
2026-09-07T18:00:11.8010462Z   253 |             dprint("%s (count:%d)\n", typeName(), items.size());
2026-09-07T18:00:11.8011123Z       |                    ^~~~~~~~~~~~~~~~~              ~~~~~~~~~~~~
2026-09-07T18:00:11.8011705Z       |                                                             |
2026-09-07T18:00:11.8012551Z       |                                                             std::vector<psd::DescriptorItem*>::size_type {aka long unsigned int}
2026-09-07T18:00:11.8014088Z /home/runner/work/PocketKrKr/PocketKrKr/cpp/plugins/psdfile/psdparse/psdbase.h:7:28: note: in definition of macro ‘dprint’
2026-09-07T18:00:11.8045536Z     7 | #define dprint(...) printf(__VA_ARGS__);
2026-09-07T18:00:11.8046182Z       |                            ^~~~~~~~~~~
2026-09-07T18:00:11.8047107Z In file included from /home/runner/work/PocketKrKr/PocketKrKr/cpp/plugins/psdfile/psdparse/psddesc.cpp:1:
2026-09-07T18:00:11.8048578Z /home/runner/work/PocketKrKr/PocketKrKr/cpp/plugins/psdfile/psdparse/psddesc.h:253:32: note: format string is defined here
2026-09-07T18:00:11.8049772Z   253 |             dprint("%s (count:%d)\n", typeName(), items.size());
2026-09-07T18:00:11.8050390Z       |                               ~^
2026-09-07T18:00:11.8050862Z       |                                |
2026-09-07T18:00:11.8051313Z       |                                int
2026-09-07T18:00:11.8051846Z       |                               %ld
2026-09-07T18:00:11.9846568Z [508/741] Building CXX object cpp/plugins/psbfile/CMakeFiles/psbfile.dir/__/motionplayer/main.cpp.o
2026-09-07T18:00:11.9906284Z In file included from /home/runner/work/PocketKrKr/PocketKrKr/cpp/plugins/motionplayer/main.cpp:8:
2026-09-07T18:00:11.9937425Z /home/runner/work/PocketKrKr/PocketKrKr/cpp/core/plugin/ncbind.hpp: In static member function ‘static ncbTypeConvertor::Conversion<FROM, TO>::OK ncbTypeConvertor::Conversion<FROM, TO>::check(TO)’:
2026-09-07T18:00:11.9966524Z /home/runner/work/PocketKrKr/PocketKrKr/cpp/core/plugin/ncbind.hpp:244:38: warning: no return statement in function returning non-void [-Wreturn-type]
2026-09-07T18:00:11.9968225Z   244 |                 static OK check(TO) {};
2026-09-07T18:00:11.9995932Z       |                                      ^
2026-09-07T18:00:12.0146253Z [509/741] Building CXX object cpp/plugins/psdfile/psdparse/CMakeFiles/psdparse.dir/psdimage.cpp.o
2026-09-07T18:00:12.0147594Z In file included from /home/runner/work/PocketKrKr/PocketKrKr/cpp/plugins/psdfile/psdparse/psddata.h:5,
2026-09-07T18:00:12.0156507Z                  from /home/runner/work/PocketKrKr/PocketKrKr/cpp/plugins/psdfile/psdparse/psdfile.h:4,
2026-09-07T18:00:12.0158278Z                  from /home/runner/work/PocketKrKr/PocketKrKr/cpp/plugins/psdfile/psdparse/psdimage.cpp:1:
2026-09-07T18:00:12.0160163Z /home/runner/work/PocketKrKr/PocketKrKr/cpp/plugins/psdfile/psdparse/psddesc.h:17:26: warning: multi-character character constant [-Wmultichar]
2026-09-07T18:00:12.0161687Z    17 |         TYPE_REFERENCE = 'obj ',
2026-09-07T18:00:12.0162439Z       |                          ^~~~~~
2026-09-07T18:00:12.0163867Z /home/runner/work/PocketKrKr/PocketKrKr/cpp/plugins/psdfile/psdparse/psddesc.h:18:27: warning: multi-character character constant [-Wmultichar]
2026-09-07T18:00:12.0165564Z    18 |         TYPE_DESCRIPTOR = 'Objc',
2026-09-07T18:00:12.0166329Z       |                           ^~~~~~
2026-09-07T18:00:12.0167734Z /home/runner/work/PocketKrKr/PocketKrKr/cpp/plugins/psdfile/psdparse/psddesc.h:19:21: warning: multi-character character constant [-Wmultichar]
2026-09-07T18:00:12.0169220Z    19 |         TYPE_LIST = 'VlLs',
2026-09-07T18:00:12.0169937Z       |                     ^~~~~~
2026-09-07T18:00:12.0171628Z /home/runner/work/PocketKrKr/PocketKrKr/cpp/plugins/psdfile/psdparse/psddesc.h:20:23: warning: multi-character character constant [-Wmultichar]
2026-09-07T18:00:12.0173103Z    20 |         TYPE_DOUBLE = 'doub',
2026-09-07T18:00:12.0173763Z       |                       ^~~~~~
2026-09-07T18:00:12.0175105Z /home/runner/work/PocketKrKr/PocketKrKr/cpp/plugins/psdfile/psdparse/psddesc.h:21:27: warning: multi-character character constant [-Wmultichar]
2026-09-07T18:00:12.0177408Z    21 |         TYPE_UNIT_FLOAT = 'UntF',
2026-09-07T18:00:12.0178144Z       |                           ^~~~~~
2026-09-07T18:00:12.0179546Z /home/runner/work/PocketKrKr/PocketKrKr/cpp/plugins/psdfile/psdparse/psddesc.h:22:23: warning: multi-character character constant [-Wmultichar]
2026-09-07T18:00:12.0181061Z    22 |         TYPE_STRING = 'TEXT',
2026-09-07T18:00:12.0181781Z       |                       ^~~~~~
2026-09-07T18:00:12.0183191Z /home/runner/work/PocketKrKr/PocketKrKr/cpp/plugins/psdfile/psdparse/psddesc.h:23:27: warning: multi-character character constant [-Wmultichar]
2026-09-07T18:00:12.0184653Z    23 |         TYPE_ENUMERATED = 'enum',
2026-09-07T18:00:12.0185958Z       |                           ^~~~~~
2026-09-07T18:00:12.0187373Z /home/runner/work/PocketKrKr/PocketKrKr/cpp/plugins/psdfile/psdparse/psddesc.h:24:24: warning: multi-character character constant [-Wmultichar]
2026-09-07T18:00:12.0188869Z    24 |         TYPE_INTEGER = 'long',
2026-09-07T18:00:12.0189662Z       |                        ^~~~~~
2026-09-07T18:00:12.0191083Z /home/runner/work/PocketKrKr/PocketKrKr/cpp/plugins/psdfile/psdparse/psddesc.h:25:24: warning: multi-character character constant [-Wmultichar]
2026-09-07T18:00:12.0192577Z    25 |         TYPE_BOOLEAN = 'bool',
2026-09-07T18:00:12.0193321Z       |                        ^~~~~~
2026-09-07T18:00:12.0194726Z /home/runner/work/PocketKrKr/PocketKrKr/cpp/plugins/psdfile/psdparse/psddesc.h:26:30: warning: multi-character character constant [-Wmultichar]
2026-09-07T18:00:12.0196480Z    26 |         TYPE_GLOBAL_OBJECT = 'GlbO',
2026-09-07T18:00:12.0197232Z       |                              ^~~~~~
2026-09-07T18:00:12.0198668Z /home/runner/work/PocketKrKr/PocketKrKr/cpp/plugins/psdfile/psdparse/psddesc.h:27:23: warning: multi-character character constant [-Wmultichar]
2026-09-07T18:00:12.0200219Z    27 |         TYPE_CLASS1 = 'type',
2026-09-07T18:00:12.0200934Z       |                       ^~~~~~
2026-09-07T18:00:12.0202327Z /home/runner/work/PocketKrKr/PocketKrKr/cpp/plugins/psdfile/psdparse/psddesc.h:28:23: warning: multi-character character constant [-Wmultichar]
2026-09-07T18:00:12.0203781Z    28 |         TYPE_CLASS2 = 'GlbC',
2026-09-07T18:00:12.0214626Z       |                       ^~~~~~
2026-09-07T18:00:12.0216477Z /home/runner/work/PocketKrKr/PocketKrKr/cpp/plugins/psdfile/psdparse/psddesc.h:29:22: warning: multi-character character constant [-Wmultichar]
2026-09-07T18:00:12.0217753Z    29 |         TYPE_ALIAS = 'alis',
2026-09-07T18:00:12.0218250Z       |                      ^~~~~~
2026-09-07T18:00:12.0219441Z /home/runner/work/PocketKrKr/PocketKrKr/cpp/plugins/psdfile/psdparse/psddesc.h:30:25: warning: multi-character character constant [-Wmultichar]
2026-09-07T18:00:12.0220653Z    30 |         TYPE_RAW_DATA = 'tdta',
2026-09-07T18:00:12.0221127Z       |                         ^~~~~~
2026-09-07T18:00:12.0222260Z /home/runner/work/PocketKrKr/PocketKrKr/cpp/plugins/psdfile/psdparse/psddesc.h:34:23: warning: multi-character character constant [-Wmultichar]
2026-09-07T18:00:12.0223473Z    34 |         UNIT_POINTS = '#Pnt',
2026-09-07T18:00:12.0223920Z       |                       ^~~~~~
2026-09-07T18:00:12.0225039Z /home/runner/work/PocketKrKr/PocketKrKr/cpp/plugins/psdfile/psdparse/psddesc.h:35:28: warning: multi-character character constant [-Wmultichar]
2026-09-07T18:00:12.0226447Z    35 |         UNIT_MILLIMETERS = '#Mlm',
2026-09-07T18:00:12.0226917Z       |                            ^~~~~~
2026-09-07T18:00:12.0228319Z /home/runner/work/PocketKrKr/PocketKrKr/cpp/plugins/psdfile/psdparse/psddesc.h:36:22: warning: multi-character character constant [-Wmultichar]
2026-09-07T18:00:12.0229521Z    36 |         UNIT_ANGLE = '#Ang', // degrees
2026-09-07T18:00:12.0230011Z       |                      ^~~~~~
2026-09-07T18:00:12.0231135Z /home/runner/work/PocketKrKr/PocketKrKr/cpp/plugins/psdfile/psdparse/psddesc.h:37:24: warning: multi-character character constant [-Wmultichar]
2026-09-07T18:00:12.0232591Z    37 |         UNIT_DENSITY = '#Rsl', // base per inch
2026-09-07T18:00:12.0233118Z       |                        ^~~~~~
2026-09-07T18:00:12.0234230Z /home/runner/work/PocketKrKr/PocketKrKr/cpp/plugins/psdfile/psdparse/psddesc.h:38:25: warning: multi-character character constant [-Wmultichar]
2026-09-07T18:00:12.0235709Z    38 |         UNIT_DISTANCE = '#Rlt', // base 72ppi
2026-09-07T18:00:12.0236208Z       |                         ^~~~~~
2026-09-07T18:00:12.0237299Z /home/runner/work/PocketKrKr/PocketKrKr/cpp/plugins/psdfile/psdparse/psddesc.h:39:21: warning: multi-character character constant [-Wmultichar]
2026-09-07T18:00:12.0238473Z    39 |         UNIT_NONE = '#Nne',
2026-09-07T18:00:12.0238909Z       |                     ^~~~~~
2026-09-07T18:00:12.0240012Z /home/runner/work/PocketKrKr/PocketKrKr/cpp/plugins/psdfile/psdparse/psddesc.h:40:24: warning: multi-character character constant [-Wmultichar]
2026-09-07T18:00:12.0241182Z    40 |         UNIT_PERCENT = '#Prc',
2026-09-07T18:00:12.0241635Z       |                        ^~~~~~
2026-09-07T18:00:12.0242719Z /home/runner/work/PocketKrKr/PocketKrKr/cpp/plugins/psdfile/psdparse/psddesc.h:41:23: warning: multi-character character constant [-Wmultichar]
2026-09-07T18:00:12.0243852Z    41 |         UNIT_PIXELS = '#Pxl',
2026-09-07T18:00:12.0244305Z       |                       ^~~~~~
2026-09-07T18:00:12.0245988Z /home/runner/work/PocketKrKr/PocketKrKr/cpp/plugins/psdfile/psdparse/psddesc.h:46:29: warning: multi-character character constant [-Wmultichar]
2026-09-07T18:00:12.0247200Z    46 |         REF_TYPE_PROPERTY = 'prop',
2026-09-07T18:00:12.0247713Z       |                             ^~~~~~
2026-09-07T18:00:12.0248868Z /home/runner/work/PocketKrKr/PocketKrKr/cpp/plugins/psdfile/psdparse/psddesc.h:47:26: warning: multi-character character constant [-Wmultichar]
2026-09-07T18:00:12.0250038Z    47 |         REF_TYPE_CLASS = 'Clss',
2026-09-07T18:00:12.0250503Z       |                          ^~~~~~
2026-09-07T18:00:12.0251617Z /home/runner/work/PocketKrKr/PocketKrKr/cpp/plugins/psdfile/psdparse/psddesc.h:48:29: warning: multi-character character constant [-Wmultichar]
2026-09-07T18:00:12.0252886Z    48 |         REF_TYPE_ENUM_REF = 'Enmr',
2026-09-07T18:00:12.0253360Z       |                             ^~~~~~
2026-09-07T18:00:12.0254506Z /home/runner/work/PocketKrKr/PocketKrKr/cpp/plugins/psdfile/psdparse/psddesc.h:49:27: warning: multi-character character constant [-Wmultichar]
2026-09-07T18:00:12.0255891Z    49 |         REF_TYPE_OFFSET = 'rele',
2026-09-07T18:00:12.0256384Z       |                           ^~~~~~
2026-09-07T18:00:12.0257521Z /home/runner/work/PocketKrKr/PocketKrKr/cpp/plugins/psdfile/psdparse/psddesc.h:50:31: warning: multi-character character constant [-Wmultichar]
2026-09-07T18:00:12.0258710Z    50 |         REF_TYPE_IDENTIFIER = 'Idnt',
2026-09-07T18:00:12.0259212Z       |                               ^~~~~~
2026-09-07T18:00:12.0260346Z /home/runner/work/PocketKrKr/PocketKrKr/cpp/plugins/psdfile/psdparse/psddesc.h:51:26: warning: multi-character character constant [-Wmultichar]
2026-09-07T18:00:12.0261506Z    51 |         REF_TYPE_INDEX = 'indx',
2026-09-07T18:00:12.0261975Z       |                          ^~~~~~
2026-09-07T18:00:12.0263086Z /home/runner/work/PocketKrKr/PocketKrKr/cpp/plugins/psdfile/psdparse/psddesc.h:52:25: warning: multi-character character constant [-Wmultichar]
2026-09-07T18:00:12.0264267Z    52 |         REF_TYPE_NAME = 'name',
2026-09-07T18:00:12.0264708Z       |                         ^~~~~~
2026-09-07T18:00:12.0265776Z In file included from /home/runner/work/PocketKrKr/PocketKrKr/cpp/plugins/psdfile/psdparse/psdfile.h:4,
2026-09-07T18:00:12.0267274Z                  from /home/runner/work/PocketKrKr/PocketKrKr/cpp/plugins/psdfile/psdparse/psdimage.cpp:1:
2026-09-07T18:00:12.0268836Z /home/runner/work/PocketKrKr/PocketKrKr/cpp/plugins/psdfile/psdparse/psddata.h:113:18: warning: multi-character character constant [-Wmultichar]
2026-09-07T18:00:12.0270197Z   113 |             case 'norm':
2026-09-07T18:00:12.0270615Z       |                  ^~~~~~
2026-09-07T18:00:12.0271724Z /home/runner/work/PocketKrKr/PocketKrKr/cpp/plugins/psdfile/psdparse/psddata.h:115:18: warning: multi-character character constant [-Wmultichar]
2026-09-07T18:00:12.0272883Z   115 |             case 'diss':
2026-09-07T18:00:12.0273304Z       |                  ^~~~~~
2026-09-07T18:00:12.0274405Z /home/runner/work/PocketKrKr/PocketKrKr/cpp/plugins/psdfile/psdparse/psddata.h:117:18: warning: multi-character character constant [-Wmultichar]
2026-09-07T18:00:12.0275895Z   117 |             case 'dark':
2026-09-07T18:00:12.0276322Z       |                  ^~~~~~
2026-09-07T18:00:12.0277436Z /home/runner/work/PocketKrKr/PocketKrKr/cpp/plugins/psdfile/psdparse/psddata.h:119:18: warning: multi-character character constant [-Wmultichar]
2026-09-07T18:00:12.0278604Z   119 |             case 'mul ':
2026-09-07T18:00:12.0279006Z       |                  ^~~~~~
2026-09-07T18:00:12.0280123Z /home/runner/work/PocketKrKr/PocketKrKr/cpp/plugins/psdfile/psdparse/psddata.h:121:18: warning: multi-character character constant [-Wmultichar]
2026-09-07T18:00:12.0281320Z   121 |             case 'idiv':
2026-09-07T18:00:12.0281754Z       |                  ^~~~~~
2026-09-07T18:00:12.0282866Z /home/runner/work/PocketKrKr/PocketKrKr/cpp/plugins/psdfile/psdparse/psddata.h:123:18: warning: multi-character character constant [-Wmultichar]
2026-09-07T18:00:12.0284057Z   123 |             case 'lbrn':
2026-09-07T18:00:12.0284476Z       |                  ^~~~~~
2026-09-07T18:00:12.0285908Z /home/runner/work/PocketKrKr/PocketKrKr/cpp/plugins/psdfile/psdparse/psddata.h:125:18: warning: multi-character character constant [-Wmultichar]
2026-09-07T18:00:12.0287112Z   125 |             case 'dkCl':
2026-09-07T18:00:12.0287542Z       |                  ^~~~~~
2026-09-07T18:00:12.0288668Z /home/runner/work/PocketKrKr/PocketKrKr/cpp/plugins/psdfile/psdparse/psddata.h:127:18: warning: multi-character character constant [-Wmultichar]
2026-09-07T18:00:12.0289861Z   127 |             case 'lite':
2026-09-07T18:00:12.0290281Z       |                  ^~~~~~
2026-09-07T18:00:12.0291400Z /home/runner/work/PocketKrKr/PocketKrKr/cpp/plugins/psdfile/psdparse/psddata.h:129:18: warning: multi-character character constant [-Wmultichar]
2026-09-07T18:00:12.0292584Z   129 |             case 'scrn':
2026-09-07T18:00:12.0293016Z       |                  ^~~~~~
2026-09-07T18:00:12.0294122Z /home/runner/work/PocketKrKr/PocketKrKr/cpp/plugins/psdfile/psdparse/psddata.h:131:18: warning: multi-character character constant [-Wmultichar]
2026-09-07T18:00:12.0295493Z   131 |             case 'div ':
2026-09-07T18:00:12.0295937Z       |                  ^~~~~~
2026-09-07T18:00:12.0297060Z /home/runner/work/PocketKrKr/PocketKrKr/cpp/plugins/psdfile/psdparse/psddata.h:133:18: warning: multi-character character constant [-Wmultichar]
2026-09-07T18:00:12.0298250Z   133 |             case 'lddg':
2026-09-07T18:00:12.0298669Z       |                  ^~~~~~
2026-09-07T18:00:12.0299787Z /home/runner/work/PocketKrKr/PocketKrKr/cpp/plugins/psdfile/psdparse/psddata.h:135:18: warning: multi-character character constant [-Wmultichar]
2026-09-07T18:00:12.0300973Z   135 |             case 'ltCl':
2026-09-07T18:00:12.0301389Z       |                  ^~~~~~
2026-09-07T18:00:12.0302509Z /home/runner/work/PocketKrKr/PocketKrKr/cpp/plugins/psdfile/psdparse/psddata.h:137:18: warning: multi-character character constant [-Wmultichar]
2026-09-07T18:00:12.0303691Z   137 |             case 'over':
2026-09-07T18:00:12.0304106Z       |                  ^~~~~~
2026-09-07T18:00:12.0305665Z /home/runner/work/PocketKrKr/PocketKrKr/cpp/plugins/psdfile/psdparse/psddata.h:139:18: warning: multi-character character constant [-Wmultichar]
2026-09-07T18:00:12.0306895Z   139 |             case 'sLit':
2026-09-07T18:00:12.0307331Z       |                  ^~~~~~
2026-09-07T18:00:12.0308453Z /home/runner/work/PocketKrKr/PocketKrKr/cpp/plugins/psdfile/psdparse/psddata.h:141:18: warning: multi-character character constant [-Wmultichar]
2026-09-07T18:00:12.0309832Z   141 |             case 'hLit':
2026-09-07T18:00:12.0310263Z       |                  ^~~~~~
2026-09-07T18:00:12.0311376Z /home/runner/work/PocketKrKr/PocketKrKr/cpp/plugins/psdfile/psdparse/psddata.h:143:18: warning: multi-character character constant [-Wmultichar]
2026-09-07T18:00:12.0312571Z   143 |             case 'vLit':
2026-09-07T18:00:12.0312991Z       |                  ^~~~~~
2026-09-07T18:00:12.0314109Z /home/runner/work/PocketKrKr/PocketKrKr/cpp/plugins/psdfile/psdparse/psddata.h:145:18: warning: multi-character character constant [-Wmultichar]
2026-09-07T18:00:12.0315583Z   145 |             case 'lLit':
2026-09-07T18:00:12.0316025Z       |                  ^~~~~~
2026-09-07T18:00:12.0317164Z /home/runner/work/PocketKrKr/PocketKrKr/cpp/plugins/psdfile/psdparse/psddata.h:147:18: warning: multi-character character constant [-Wmultichar]
2026-09-07T18:00:12.0318362Z   147 |             case 'pLit':
2026-09-07T18:00:12.0318796Z       |                  ^~~~~~
2026-09-07T18:00:12.0319922Z /home/runner/work/PocketKrKr/PocketKrKr/cpp/plugins/psdfile/psdparse/psddata.h:149:18: warning: multi-character character constant [-Wmultichar]
2026-09-07T18:00:12.0321111Z   149 |             case 'hMix':
2026-09-07T18:00:12.0321544Z       |                  ^~~~~~
2026-09-07T18:00:12.0322679Z /home/runner/work/PocketKrKr/PocketKrKr/cpp/plugins/psdfile/psdparse/psddata.h:151:18: warning: multi-character character constant [-Wmultichar]
2026-09-07T18:00:12.0323893Z   151 |             case 'diff':
2026-09-07T18:00:12.0324314Z       |                  ^~~~~~
2026-09-07T18:00:12.0325720Z /home/runner/work/PocketKrKr/PocketKrKr/cpp/plugins/psdfile/psdparse/psddata.h:153:18: warning: multi-character character constant [-Wmultichar]
2026-09-07T18:00:12.0326921Z   153 |             case 'smud':
2026-09-07T18:00:12.0327338Z       |                  ^~~~~~
2026-09-07T18:00:12.0328458Z /home/runner/work/PocketKrKr/PocketKrKr/cpp/plugins/psdfile/psdparse/psddata.h:155:18: warning: multi-character character constant [-Wmultichar]
2026-09-07T18:00:12.0329652Z   155 |             case 'fsub':
2026-09-07T18:00:12.0330068Z       |                  ^~~~~~
2026-09-07T18:00:12.0331183Z /home/runner/work/PocketKrKr/PocketKrKr/cpp/plugins/psdfile/psdparse/psddata.h:157:18: warning: multi-character character constant [-Wmultichar]
2026-09-07T18:00:12.0332373Z   157 |             case 'fdiv':
2026-09-07T18:00:12.0332795Z       |                  ^~~~~~
2026-09-07T18:00:12.0333906Z /home/runner/work/PocketKrKr/PocketKrKr/cpp/plugins/psdfile/psdparse/psddata.h:159:18: warning: multi-character character constant [-Wmultichar]
2026-09-07T18:00:12.0335078Z   159 |             case 'hue ':
2026-09-07T18:00:12.0335706Z       |                  ^~~~~~
2026-09-07T18:00:12.0336821Z /home/runner/work/PocketKrKr/PocketKrKr/cpp/plugins/psdfile/psdparse/psddata.h:161:18: warning: multi-character character constant [-Wmultichar]
2026-09-07T18:00:12.0338013Z   161 |             case 'sat ':
2026-09-07T18:00:12.0338434Z       |                  ^~~~~~
2026-09-07T18:00:12.0339538Z /home/runner/work/PocketKrKr/PocketKrKr/cpp/plugins/psdfile/psdparse/psddata.h:163:18: warning: multi-character character constant [-Wmultichar]
2026-09-07T18:00:12.0340726Z   163 |             case 'colr':
2026-09-07T18:00:12.0341143Z       |                  ^~~~~~
2026-09-07T18:00:12.0342258Z /home/runner/work/PocketKrKr/PocketKrKr/cpp/plugins/psdfile/psdparse/psddata.h:165:18: warning: multi-character character constant [-Wmultichar]
2026-09-07T18:00:12.0343444Z   165 |             case 'lum ':
2026-09-07T18:00:12.0343857Z       |                  ^~~~~~
2026-09-07T18:00:12.0345348Z /home/runner/work/PocketKrKr/PocketKrKr/cpp/plugins/psdfile/psdparse/psddata.h:167:18: warning: multi-character character constant [-Wmultichar]
2026-09-07T18:00:12.0346589Z   167 |             case 'pass':
2026-09-07T18:00:12.0347020Z       |                  ^~~~~~
2026-09-07T18:00:12.0347868Z In file included from /home/runner/work/PocketKrKr/PocketKrKr/cpp/plugins/psdfile/psdparse/psdfile.h:3,
2026-09-07T18:00:12.0349371Z                  from /home/runner/work/PocketKrKr/PocketKrKr/cpp/plugins/psdfile/psdparse/psdimage.cpp:1:
2026-09-07T18:00:12.0351626Z /home/runner/work/PocketKrKr/PocketKrKr/cpp/plugins/psdfile/psdparse/psddesc.h: In member function ‘virtual void psd::DescriptorReference::dump(int)’:
2026-09-07T18:00:12.0354731Z /home/runner/work/PocketKrKr/PocketKrKr/cpp/plugins/psdfile/psdparse/psddesc.h:234:20: warning: format ‘%d’ expects argument of type ‘int’, but argument 3 has type ‘std::vector<psd::ReferenceItem*>::size_type’ {aka ‘long unsigned int’} [-Wformat=]
2026-09-07T18:00:12.0357128Z   234 |             dprint("%s (count:%d)\n", typeName(), items.size());
2026-09-07T18:00:12.0357814Z       |                    ^~~~~~~~~~~~~~~~~              ~~~~~~~~~~~~
2026-09-07T18:00:12.0358417Z       |                                                             |
2026-09-07T18:00:12.0359283Z       |                                                             std::vector<psd::ReferenceItem*>::size_type {aka long unsigned int}
2026-09-07T18:00:12.0360893Z /home/runner/work/PocketKrKr/PocketKrKr/cpp/plugins/psdfile/psdparse/psdbase.h:7:28: note: in definition of macro ‘dprint’
2026-09-07T18:00:12.0362006Z     7 | #define dprint(...) printf(__VA_ARGS__);
2026-09-07T18:00:12.0362538Z       |                            ^~~~~~~~~~~
2026-09-07T18:00:12.0363453Z In file included from /home/runner/work/PocketKrKr/PocketKrKr/cpp/plugins/psdfile/psdparse/psddata.h:5,
2026-09-07T18:00:12.0364729Z                  from /home/runner/work/PocketKrKr/PocketKrKr/cpp/plugins/psdfile/psdparse/psdfile.h:4,
2026-09-07T18:00:12.0366179Z                  from /home/runner/work/PocketKrKr/PocketKrKr/cpp/plugins/psdfile/psdparse/psdimage.cpp:1:
2026-09-07T18:00:12.0367612Z /home/runner/work/PocketKrKr/PocketKrKr/cpp/plugins/psdfile/psdparse/psddesc.h:234:32: note: format string is defined here
2026-09-07T18:00:12.0368806Z   234 |             dprint("%s (count:%d)\n", typeName(), items.size());
2026-09-07T18:00:12.0369424Z       |                               ~^
2026-09-07T18:00:12.0369881Z       |                                |
2026-09-07T18:00:12.0370356Z       |                                int
2026-09-07T18:00:12.0370821Z       |                               %ld
2026-09-07T18:00:12.0371711Z In file included from /home/runner/work/PocketKrKr/PocketKrKr/cpp/plugins/psdfile/psdparse/psdfile.h:3,
2026-09-07T18:00:12.0373004Z                  from /home/runner/work/PocketKrKr/PocketKrKr/cpp/plugins/psdfile/psdparse/psdimage.cpp:1:
2026-09-07T18:00:12.0374888Z /home/runner/work/PocketKrKr/PocketKrKr/cpp/plugins/psdfile/psdparse/psddesc.h: In member function ‘virtual void psd::DescriptorList::dump(int)’:
2026-09-07T18:00:12.0378069Z /home/runner/work/PocketKrKr/PocketKrKr/cpp/plugins/psdfile/psdparse/psddesc.h:253:20: warning: format ‘%d’ expects argument of type ‘int’, but argument 3 has type ‘std::vector<psd::DescriptorItem*>::size_type’ {aka ‘long unsigned int’} [-Wformat=]
2026-09-07T18:00:12.0380026Z   253 |             dprint("%s (count:%d)\n", typeName(), items.size());
2026-09-07T18:00:12.0380689Z       |                    ^~~~~~~~~~~~~~~~~              ~~~~~~~~~~~~
2026-09-07T18:00:12.0381269Z       |                                                             |
2026-09-07T18:00:12.0382090Z       |                                                             std::vector<psd::DescriptorItem*>::size_type {aka long unsigned int}
2026-09-07T18:00:12.0383675Z /home/runner/work/PocketKrKr/PocketKrKr/cpp/plugins/psdfile/psdparse/psdbase.h:7:28: note: in definition of macro ‘dprint’
2026-09-07T18:00:12.0384785Z     7 | #define dprint(...) printf(__VA_ARGS__);
2026-09-07T18:00:12.0385906Z       |                            ^~~~~~~~~~~
2026-09-07T18:00:12.0386853Z In file included from /home/runner/work/PocketKrKr/PocketKrKr/cpp/plugins/psdfile/psdparse/psddata.h:5,
2026-09-07T18:00:12.0388144Z                  from /home/runner/work/PocketKrKr/PocketKrKr/cpp/plugins/psdfile/psdparse/psdfile.h:4,
2026-09-07T18:00:12.0389582Z                  from /home/runner/work/PocketKrKr/PocketKrKr/cpp/plugins/psdfile/psdparse/psdimage.cpp:1:
2026-09-07T18:00:12.0393805Z /home/runner/work/PocketKrKr/PocketKrKr/cpp/plugins/psdfile/psdparse/psddesc.h:253:32: note: format string is defined here
2026-09-07T18:00:12.0395016Z   253 |             dprint("%s (count:%d)\n", typeName(), items.size());
2026-09-07T18:00:12.0395849Z       |                               ~^
2026-09-07T18:00:12.0396312Z       |                                |
2026-09-07T18:00:12.0396773Z       |                                int
2026-09-07T18:00:12.0397241Z       |                               %ld
2026-09-07T18:00:12.0399001Z /home/runner/work/PocketKrKr/PocketKrKr/cpp/plugins/psdfile/psdparse/psdimage.cpp: In function ‘bool psd::decodeZipWithPrediction(void*, int, void*, int, int, int, int)’:
2026-09-07T18:00:12.0401322Z /home/runner/work/PocketKrKr/PocketKrKr/cpp/plugins/psdfile/psdparse/psdimage.cpp:633:26: warning: deleting ‘void*’ is undefined [-Wdelete-incomplete]
2026-09-07T18:00:12.0402565Z   633 |                 delete[] buf;
2026-09-07T18:00:12.0403023Z       |                          ^~~
2026-09-07T18:00:12.0404396Z /home/runner/work/PocketKrKr/PocketKrKr/cpp/plugins/psdfile/psdparse/psdimage.cpp:701:22: warning: deleting ‘void*’ is undefined [-Wdelete-incomplete]
2026-09-07T18:00:12.0405778Z   701 |             delete[] buf;
2026-09-07T18:00:12.0406212Z       |                      ^~~
2026-09-07T18:00:12.0407036Z [510/741] Building CXX object cpp/plugins/psdfile/psdparse/CMakeFiles/psdparse.dir/psdlayer.cpp.o
2026-09-07T18:00:12.0416399Z In file included from /home/runner/work/PocketKrKr/PocketKrKr/cpp/plugins/psdfile/psdparse/psddata.h:5,
2026-09-07T18:00:12.0436101Z                  from /home/runner/work/PocketKrKr/PocketKrKr/cpp/plugins/psdfile/psdparse/psdlayer.cpp:2:
2026-09-07T18:00:12.0446826Z /home/runner/work/PocketKrKr/PocketKrKr/cpp/plugins/psdfile/psdparse/psddesc.h:17:26: warning: multi-character character constant [-Wmultichar]
2026-09-07T18:00:12.0475890Z    17 |         TYPE_REFERENCE = 'obj ',
2026-09-07T18:00:12.0505847Z       |                          ^~~~~~
2026-09-07T18:00:12.0526370Z /home/runner/work/PocketKrKr/PocketKrKr/cpp/plugins/psdfile/psdparse/psddesc.h:18:27: warning: multi-character character constant [-Wmultichar]
2026-09-07T18:00:12.0535966Z    18 |         TYPE_DESCRIPTOR = 'Objc',
2026-09-07T18:00:12.0565825Z       |                           ^~~~~~
2026-09-07T18:00:12.0596568Z /home/runner/work/PocketKrKr/PocketKrKr/cpp/plugins/psdfile/psdparse/psddesc.h:19:21: warning: multi-character character constant [-Wmultichar]
2026-09-07T18:00:12.0597966Z    19 |         TYPE_LIST = 'VlLs',
2026-09-07T18:00:12.0625872Z       |                     ^~~~~~
2026-09-07T18:00:12.0656581Z /home/runner/work/PocketKrKr/PocketKrKr/cpp/plugins/psdfile/psdparse/psddesc.h:20:23: warning: multi-character character constant [-Wmultichar]
2026-09-07T18:00:12.0675687Z    20 |         TYPE_DOUBLE = 'doub',
2026-09-07T18:00:12.0685920Z       |                       ^~~~~~
2026-09-07T18:00:12.0716582Z /home/runner/work/PocketKrKr/PocketKrKr/cpp/plugins/psdfile/psdparse/psddesc.h:21:27: warning: multi-character character constant [-Wmultichar]
2026-09-07T18:00:12.0745881Z    21 |         TYPE_UNIT_FLOAT = 'UntF',
2026-09-07T18:00:12.0765641Z       |                           ^~~~~~
2026-09-07T18:00:12.0776629Z /home/runner/work/PocketKrKr/PocketKrKr/cpp/plugins/psdfile/psdparse/psddesc.h:22:23: warning: multi-character character constant [-Wmultichar]
2026-09-07T18:00:12.0805872Z    22 |         TYPE_STRING = 'TEXT',
2026-09-07T18:00:12.0835830Z       |                       ^~~~~~
2026-09-07T18:00:12.0853933Z /home/runner/work/PocketKrKr/PocketKrKr/cpp/plugins/psdfile/psdparse/psddesc.h:23:27: warning: multi-character character constant [-Wmultichar]
2026-09-07T18:00:12.0865930Z    23 |         TYPE_ENUMERATED = 'enum',
2026-09-07T18:00:12.0895868Z       |                           ^~~~~~
2026-09-07T18:00:12.0926534Z /home/runner/work/PocketKrKr/PocketKrKr/cpp/plugins/psdfile/psdparse/psddesc.h:24:24: warning: multi-character character constant [-Wmultichar]
2026-09-07T18:00:12.0945710Z    24 |         TYPE_INTEGER = 'long',
2026-09-07T18:00:12.0955992Z       |                        ^~~~~~
2026-09-07T18:00:12.0986585Z /home/runner/work/PocketKrKr/PocketKrKr/cpp/plugins/psdfile/psdparse/psddesc.h:25:24: warning: multi-character character constant [-Wmultichar]
2026-09-07T18:00:12.0993392Z    25 |         TYPE_BOOLEAN = 'bool',
2026-09-07T18:00:12.1015831Z       |                        ^~~~~~
2026-09-07T18:00:12.1017072Z /home/runner/work/PocketKrKr/PocketKrKr/cpp/plugins/psdfile/psdparse/psddesc.h:26:30: warning: multi-character character constant [-Wmultichar]
2026-09-07T18:00:12.1046334Z    26 |         TYPE_GLOBAL_OBJECT = 'GlbO',
2026-09-07T18:00:12.1051584Z       |                              ^~~~~~
2026-09-07T18:00:12.1053026Z /home/runner/work/PocketKrKr/PocketKrKr/cpp/plugins/psdfile/psdparse/psddesc.h:27:23: warning: multi-character character constant [-Wmultichar]
2026-09-07T18:00:12.1054457Z    27 |         TYPE_CLASS1 = 'type',
2026-09-07T18:00:12.1055112Z       |                       ^~~~~~
2026-09-07T18:00:12.1056691Z /home/runner/work/PocketKrKr/PocketKrKr/cpp/plugins/psdfile/psdparse/psddesc.h:28:23: warning: multi-character character constant [-Wmultichar]
2026-09-07T18:00:12.1058091Z    28 |         TYPE_CLASS2 = 'GlbC',
2026-09-07T18:00:12.1058725Z       |                       ^~~~~~
2026-09-07T18:00:12.1060044Z /home/runner/work/PocketKrKr/PocketKrKr/cpp/plugins/psdfile/psdparse/psddesc.h:29:22: warning: multi-character character constant [-Wmultichar]
2026-09-07T18:00:12.1061435Z    29 |         TYPE_ALIAS = 'alis',
2026-09-07T18:00:12.1062060Z       |                      ^~~~~~
2026-09-07T18:00:12.1063385Z /home/runner/work/PocketKrKr/PocketKrKr/cpp/plugins/psdfile/psdparse/psddesc.h:30:25: warning: multi-character character constant [-Wmultichar]
2026-09-07T18:00:12.1064756Z    30 |         TYPE_RAW_DATA = 'tdta',
2026-09-07T18:00:12.1065693Z       |                         ^~~~~~
2026-09-07T18:00:12.1066974Z /home/runner/work/PocketKrKr/PocketKrKr/cpp/plugins/psdfile/psdparse/psddesc.h:34:23: warning: multi-character character constant [-Wmultichar]
2026-09-07T18:00:12.1068304Z    34 |         UNIT_POINTS = '#Pnt',
2026-09-07T18:00:12.1068952Z       |                       ^~~~~~
2026-09-07T18:00:12.1070257Z /home/runner/work/PocketKrKr/PocketKrKr/cpp/plugins/psdfile/psdparse/psddesc.h:35:28: warning: multi-character character constant [-Wmultichar]
2026-09-07T18:00:12.1071629Z    35 |         UNIT_MILLIMETERS = '#Mlm',
2026-09-07T18:00:12.1072292Z       |                            ^~~~~~
2026-09-07T18:00:12.1073584Z /home/runner/work/PocketKrKr/PocketKrKr/cpp/plugins/psdfile/psdparse/psddesc.h:36:22: warning: multi-character character constant [-Wmultichar]
2026-09-07T18:00:12.1074952Z    36 |         UNIT_ANGLE = '#Ang', // degrees
2026-09-07T18:00:12.1076070Z       |                      ^~~~~~
2026-09-07T18:00:12.1077331Z /home/runner/work/PocketKrKr/PocketKrKr/cpp/plugins/psdfile/psdparse/psddesc.h:37:24: warning: multi-character character constant [-Wmultichar]
2026-09-07T18:00:12.1078740Z    37 |         UNIT_DENSITY = '#Rsl', // base per inch
2026-09-07T18:00:12.1079434Z       |                        ^~~~~~
2026-09-07T18:00:12.1080709Z /home/runner/work/PocketKrKr/PocketKrKr/cpp/plugins/psdfile/psdparse/psddesc.h:38:25: warning: multi-character character constant [-Wmultichar]
2026-09-07T18:00:12.1082123Z    38 |         UNIT_DISTANCE = '#Rlt', // base 72ppi
2026-09-07T18:00:12.1082816Z       |                         ^~~~~~
2026-09-07T18:00:12.1084361Z /home/runner/work/PocketKrKr/PocketKrKr/cpp/plugins/psdfile/psdparse/psddesc.h:39:21: warning: multi-character character constant [-Wmultichar]
2026-09-07T18:00:12.1085957Z    39 |         UNIT_NONE = '#Nne',
2026-09-07T18:00:12.1086571Z       |                     ^~~~~~
2026-09-07T18:00:12.1087849Z /home/runner/work/PocketKrKr/PocketKrKr/cpp/plugins/psdfile/psdparse/psddesc.h:40:24: warning: multi-character character constant [-Wmultichar]
2026-09-07T18:00:12.1089529Z    40 |         UNIT_PERCENT = '#Prc',
2026-09-07T18:00:12.1090165Z       |                        ^~~~~~
2026-09-07T18:00:12.1091479Z /home/runner/work/PocketKrKr/PocketKrKr/cpp/plugins/psdfile/psdparse/psddesc.h:41:23: warning: multi-character character constant [-Wmultichar]
2026-09-07T18:00:12.1092862Z    41 |         UNIT_PIXELS = '#Pxl',
2026-09-07T18:00:12.1093491Z       |                       ^~~~~~
2026-09-07T18:00:12.1094795Z /home/runner/work/PocketKrKr/PocketKrKr/cpp/plugins/psdfile/psdparse/psddesc.h:46:29: warning: multi-character character constant [-Wmultichar]
2026-09-07T18:00:12.1096437Z    46 |         REF_TYPE_PROPERTY = 'prop',
2026-09-07T18:00:12.1097114Z       |                             ^~~~~~
2026-09-07T18:00:12.1098464Z /home/runner/work/PocketKrKr/PocketKrKr/cpp/plugins/psdfile/psdparse/psddesc.h:47:26: warning: multi-character character constant [-Wmultichar]
2026-09-07T18:00:12.1099845Z    47 |         REF_TYPE_CLASS = 'Clss',
2026-09-07T18:00:12.1100501Z       |                          ^~~~~~
2026-09-07T18:00:12.1101834Z /home/runner/work/PocketKrKr/PocketKrKr/cpp/plugins/psdfile/psdparse/psddesc.h:48:29: warning: multi-character character constant [-Wmultichar]
2026-09-07T18:00:12.1103241Z    48 |         REF_TYPE_ENUM_REF = 'Enmr',
2026-09-07T18:00:12.1103916Z       |                             ^~~~~~
2026-09-07T18:00:12.1105458Z /home/runner/work/PocketKrKr/PocketKrKr/cpp/plugins/psdfile/psdparse/psddesc.h:49:27: warning: multi-character character constant [-Wmultichar]
2026-09-07T18:00:12.1106873Z    49 |         REF_TYPE_OFFSET = 'rele',
2026-09-07T18:00:12.1107533Z       |                           ^~~~~~
2026-09-07T18:00:12.1108861Z /home/runner/work/PocketKrKr/PocketKrKr/cpp/plugins/psdfile/psdparse/psddesc.h:50:31: warning: multi-character character constant [-Wmultichar]
2026-09-07T18:00:12.1110246Z    50 |         REF_TYPE_IDENTIFIER = 'Idnt',
2026-09-07T18:00:12.1110938Z       |                               ^~~~~~
2026-09-07T18:00:12.1112264Z /home/runner/work/PocketKrKr/PocketKrKr/cpp/plugins/psdfile/psdparse/psddesc.h:51:26: warning: multi-character character constant [-Wmultichar]
2026-09-07T18:00:12.1113619Z    51 |         REF_TYPE_INDEX = 'indx',
2026-09-07T18:00:12.1114263Z       |                          ^~~~~~
2026-09-07T18:00:12.1115883Z /home/runner/work/PocketKrKr/PocketKrKr/cpp/plugins/psdfile/psdparse/psddesc.h:52:25: warning: multi-character character constant [-Wmultichar]
2026-09-07T18:00:12.1117279Z    52 |         REF_TYPE_NAME = 'name',
2026-09-07T18:00:12.1117914Z       |                         ^~~~~~
2026-09-07T18:00:12.1119000Z In file included from /home/runner/work/PocketKrKr/PocketKrKr/cpp/plugins/psdfile/psdparse/psdlayer.cpp:2:
2026-09-07T18:00:12.1120814Z /home/runner/work/PocketKrKr/PocketKrKr/cpp/plugins/psdfile/psdparse/psddata.h:113:18: warning: multi-character character constant [-Wmultichar]
2026-09-07T18:00:12.1122189Z   113 |             case 'norm':
2026-09-07T18:00:12.1122783Z       |                  ^~~~~~
2026-09-07T18:00:12.1124077Z /home/runner/work/PocketKrKr/PocketKrKr/cpp/plugins/psdfile/psdparse/psddata.h:115:18: warning: multi-character character constant [-Wmultichar]
2026-09-07T18:00:12.1125658Z   115 |             case 'diss':
2026-09-07T18:00:12.1126253Z       |                  ^~~~~~
2026-09-07T18:00:12.1127533Z /home/runner/work/PocketKrKr/PocketKrKr/cpp/plugins/psdfile/psdparse/psddata.h:117:18: warning: multi-character character constant [-Wmultichar]
2026-09-07T18:00:12.1128934Z   117 |             case 'dark':
2026-09-07T18:00:12.1129529Z       |                  ^~~~~~
2026-09-07T18:00:12.1131035Z /home/runner/work/PocketKrKr/PocketKrKr/cpp/plugins/psdfile/psdparse/psddata.h:119:18: warning: multi-character character constant [-Wmultichar]
2026-09-07T18:00:12.1132423Z   119 |             case 'mul ':
2026-09-07T18:00:12.1133025Z       |                  ^~~~~~
2026-09-07T18:00:12.1134526Z /home/runner/work/PocketKrKr/PocketKrKr/cpp/plugins/psdfile/psdparse/psddata.h:121:18: warning: multi-character character constant [-Wmultichar]
2026-09-07T18:00:12.1136134Z   121 |             case 'idiv':
2026-09-07T18:00:12.1136735Z       |                  ^~~~~~
2026-09-07T18:00:12.1138036Z /home/runner/work/PocketKrKr/PocketKrKr/cpp/plugins/psdfile/psdparse/psddata.h:123:18: warning: multi-character character constant [-Wmultichar]
2026-09-07T18:00:12.1139401Z   123 |             case 'lbrn':
2026-09-07T18:00:12.1139989Z       |                  ^~~~~~
2026-09-07T18:00:12.1144075Z /home/runner/work/PocketKrKr/PocketKrKr/cpp/plugins/psdfile/psdparse/psddata.h:125:18: warning: multi-character character constant [-Wmultichar]
2026-09-07T18:00:12.1145752Z   125 |             case 'dkCl':
2026-09-07T18:00:12.1146384Z       |                  ^~~~~~
2026-09-07T18:00:12.1147722Z /home/runner/work/PocketKrKr/PocketKrKr/cpp/plugins/psdfile/psdparse/psddata.h:127:18: warning: multi-character character constant [-Wmultichar]
2026-09-07T18:00:12.1149098Z   127 |             case 'lite':
2026-09-07T18:00:12.1149708Z       |                  ^~~~~~
2026-09-07T18:00:12.1151006Z /home/runner/work/PocketKrKr/PocketKrKr/cpp/plugins/psdfile/psdparse/psddata.h:129:18: warning: multi-character character constant [-Wmultichar]
2026-09-07T18:00:12.1152454Z   129 |             case 'scrn':
2026-09-07T18:00:12.1153070Z       |                  ^~~~~~
2026-09-07T18:00:12.1154353Z /home/runner/work/PocketKrKr/PocketKrKr/cpp/plugins/psdfile/psdparse/psddata.h:131:18: warning: multi-character character constant [-Wmultichar]
2026-09-07T18:00:12.1155960Z   131 |             case 'div ':
2026-09-07T18:00:12.1156574Z       |                  ^~~~~~
2026-09-07T18:00:12.1157879Z /home/runner/work/PocketKrKr/PocketKrKr/cpp/plugins/psdfile/psdparse/psddata.h:133:18: warning: multi-character character constant [-Wmultichar]
2026-09-07T18:00:12.1159244Z   133 |             case 'lddg':
2026-09-07T18:00:12.1159837Z       |                  ^~~~~~
2026-09-07T18:00:12.1161134Z /home/runner/work/PocketKrKr/PocketKrKr/cpp/plugins/psdfile/psdparse/psddata.h:135:18: warning: multi-character character constant [-Wmultichar]
2026-09-07T18:00:12.1162473Z   135 |             case 'ltCl':
2026-09-07T18:00:12.1163056Z       |                  ^~~~~~
2026-09-07T18:00:12.1164317Z /home/runner/work/PocketKrKr/PocketKrKr/cpp/plugins/psdfile/psdparse/psddata.h:137:18: warning: multi-character character constant [-Wmultichar]
2026-09-07T18:00:12.1165904Z   137 |             case 'over':
2026-09-07T18:00:12.1166496Z       |                  ^~~~~~
2026-09-07T18:00:12.1167803Z /home/runner/work/PocketKrKr/PocketKrKr/cpp/plugins/psdfile/psdparse/psddata.h:139:18: warning: multi-character character constant [-Wmultichar]
2026-09-07T18:00:12.1169132Z   139 |             case 'sLit':
2026-09-07T18:00:12.1169720Z       |                  ^~~~~~
2026-09-07T18:00:12.1170979Z /home/runner/work/PocketKrKr/PocketKrKr/cpp/plugins/psdfile/psdparse/psddata.h:141:18: warning: multi-character character constant [-Wmultichar]
2026-09-07T18:00:12.1172289Z   141 |             case 'hLit':
2026-09-07T18:00:12.1172889Z       |                  ^~~~~~
2026-09-07T18:00:12.1174145Z /home/runner/work/PocketKrKr/PocketKrKr/cpp/plugins/psdfile/psdparse/psddata.h:143:18: warning: multi-character character constant [-Wmultichar]
2026-09-07T18:00:12.1175756Z   143 |             case 'vLit':
2026-09-07T18:00:12.1176349Z       |                  ^~~~~~
2026-09-07T18:00:12.1177634Z /home/runner/work/PocketKrKr/PocketKrKr/cpp/plugins/psdfile/psdparse/psddata.h:145:18: warning: multi-character character constant [-Wmultichar]
2026-09-07T18:00:12.1178999Z   145 |             case 'lLit':
2026-09-07T18:00:12.1179814Z       |                  ^~~~~~
2026-09-07T18:00:12.1181141Z /home/runner/work/PocketKrKr/PocketKrKr/cpp/plugins/psdfile/psdparse/psddata.h:147:18: warning: multi-character character constant [-Wmultichar]
2026-09-07T18:00:12.1182528Z   147 |             case 'pLit':
2026-09-07T18:00:12.1183394Z       |                  ^~~~~~
2026-09-07T18:00:12.1184683Z /home/runner/work/PocketKrKr/PocketKrKr/cpp/plugins/psdfile/psdparse/psddata.h:149:18: warning: multi-character character constant [-Wmultichar]
2026-09-07T18:00:12.1186336Z   149 |             case 'hMix':
2026-09-07T18:00:12.1186932Z       |                  ^~~~~~
2026-09-07T18:00:12.1188219Z /home/runner/work/PocketKrKr/PocketKrKr/cpp/plugins/psdfile/psdparse/psddata.h:151:18: warning: multi-character character constant [-Wmultichar]
2026-09-07T18:00:12.1189581Z   151 |             case 'diff':
2026-09-07T18:00:12.1190180Z       |                  ^~~~~~
2026-09-07T18:00:12.1191464Z /home/runner/work/PocketKrKr/PocketKrKr/cpp/plugins/psdfile/psdparse/psddata.h:153:18: warning: multi-character character constant [-Wmultichar]
2026-09-07T18:00:12.1192820Z   153 |             case 'smud':
2026-09-07T18:00:12.1193420Z       |                  ^~~~~~
2026-09-07T18:00:12.1194702Z /home/runner/work/PocketKrKr/PocketKrKr/cpp/plugins/psdfile/psdparse/psddata.h:155:18: warning: multi-character character constant [-Wmultichar]
2026-09-07T18:00:12.1196320Z   155 |             case 'fsub':
2026-09-07T18:00:12.1196929Z       |                  ^~~~~~
2026-09-07T18:00:12.1198213Z /home/runner/work/PocketKrKr/PocketKrKr/cpp/plugins/psdfile/psdparse/psddata.h:157:18: warning: multi-character character constant [-Wmultichar]
2026-09-07T18:00:12.1199606Z   157 |             case 'fdiv':
2026-09-07T18:00:12.1200197Z       |                  ^~~~~~
2026-09-07T18:00:12.1201479Z /home/runner/work/PocketKrKr/PocketKrKr/cpp/plugins/psdfile/psdparse/psddata.h:159:18: warning: multi-character character constant [-Wmultichar]
2026-09-07T18:00:12.1202829Z   159 |             case 'hue ':
2026-09-07T18:00:12.1203442Z       |                  ^~~~~~
2026-09-07T18:00:12.1204728Z /home/runner/work/PocketKrKr/PocketKrKr/cpp/plugins/psdfile/psdparse/psddata.h:161:18: warning: multi-character character constant [-Wmultichar]
2026-09-07T18:00:12.1206320Z   161 |             case 'sat ':
2026-09-07T18:00:12.1206925Z       |                  ^~~~~~
2026-09-07T18:00:12.1208301Z /home/runner/work/PocketKrKr/PocketKrKr/cpp/plugins/psdfile/psdparse/psddata.h:163:18: warning: multi-character character constant [-Wmultichar]
2026-09-07T18:00:12.1209606Z   163 |             case 'colr':
2026-09-07T18:00:12.1210193Z       |                  ^~~~~~
2026-09-07T18:00:12.1211459Z /home/runner/work/PocketKrKr/PocketKrKr/cpp/plugins/psdfile/psdparse/psddata.h:165:18: warning: multi-character character constant [-Wmultichar]
2026-09-07T18:00:12.1212751Z   165 |             case 'lum ':
2026-09-07T18:00:12.1213322Z       |                  ^~~~~~
2026-09-07T18:00:12.1214573Z /home/runner/work/PocketKrKr/PocketKrKr/cpp/plugins/psdfile/psdparse/psddata.h:167:18: warning: multi-character character constant [-Wmultichar]
2026-09-07T18:00:12.1216116Z   167 |             case 'pass':
2026-09-07T18:00:12.1216708Z       |                  ^~~~~~
2026-09-07T18:00:12.1217938Z /home/runner/work/PocketKrKr/PocketKrKr/cpp/plugins/psdfile/psdparse/psdlayer.cpp:59:23: warning: multi-character character constant [-Wmultichar]
2026-09-07T18:00:12.1219323Z    59 |             if(key == 'cmls') {
2026-09-07T18:00:12.1219954Z       |                       ^~~~~~
2026-09-07T18:00:12.1220979Z In file included from /home/runner/work/PocketKrKr/PocketKrKr/cpp/plugins/psdfile/psdparse/psddata.h:4,
2026-09-07T18:00:12.1222398Z                  from /home/runner/work/PocketKrKr/PocketKrKr/cpp/plugins/psdfile/psdparse/psdlayer.cpp:2:
2026-09-07T18:00:12.1224770Z /home/runner/work/PocketKrKr/PocketKrKr/cpp/plugins/psdfile/psdparse/psddesc.h: In member function ‘virtual void psd::DescriptorReference::dump(int)’:
2026-09-07T18:00:12.1228545Z /home/runner/work/PocketKrKr/PocketKrKr/cpp/plugins/psdfile/psdparse/psddesc.h:234:20: warning: format ‘%d’ expects argument of type ‘int’, but argument 3 has type ‘std::vector<psd::ReferenceItem*>::size_type’ {aka ‘long unsigned int’} [-Wformat=]
2026-09-07T18:00:12.1230904Z   234 |             dprint("%s (count:%d)\n", typeName(), items.size());
2026-09-07T18:00:12.1231754Z       |                    ^~~~~~~~~~~~~~~~~              ~~~~~~~~~~~~
2026-09-07T18:00:12.1232530Z       |                                                             |
2026-09-07T18:00:12.1233572Z       |                                                             std::vector<psd::ReferenceItem*>::size_type {aka long unsigned int}
2026-09-07T18:00:12.1235593Z /home/runner/work/PocketKrKr/PocketKrKr/cpp/plugins/psdfile/psdparse/psdbase.h:7:28: note: in definition of macro ‘dprint’
2026-09-07T18:00:12.1236927Z     7 | #define dprint(...) printf(__VA_ARGS__);
2026-09-07T18:00:12.1237658Z       |                            ^~~~~~~~~~~
2026-09-07T18:00:12.1238749Z In file included from /home/runner/work/PocketKrKr/PocketKrKr/cpp/plugins/psdfile/psdparse/psddata.h:5,
2026-09-07T18:00:12.1240229Z                  from /home/runner/work/PocketKrKr/PocketKrKr/cpp/plugins/psdfile/psdparse/psdlayer.cpp:2:
2026-09-07T18:00:12.1241865Z /home/runner/work/PocketKrKr/PocketKrKr/cpp/plugins/psdfile/psdparse/psddesc.h:234:32: note: format string is defined here
2026-09-07T18:00:12.1243244Z   234 |             dprint("%s (count:%d)\n", typeName(), items.size());
2026-09-07T18:00:12.1244017Z       |                               ~^
2026-09-07T18:00:12.1244649Z       |                                |
2026-09-07T18:00:12.1245482Z       |                                int
2026-09-07T18:00:12.1246161Z       |                               %ld
2026-09-07T18:00:12.1247238Z In file included from /home/runner/work/PocketKrKr/PocketKrKr/cpp/plugins/psdfile/psdparse/psddata.h:4,
2026-09-07T18:00:12.1248745Z                  from /home/runner/work/PocketKrKr/PocketKrKr/cpp/plugins/psdfile/psdparse/psdlayer.cpp:2:
2026-09-07T18:00:12.1250851Z /home/runner/work/PocketKrKr/PocketKrKr/cpp/plugins/psdfile/psdparse/psddesc.h: In member function ‘virtual void psd::DescriptorList::dump(int)’:
2026-09-07T18:00:12.1254091Z /home/runner/work/PocketKrKr/PocketKrKr/cpp/plugins/psdfile/psdparse/psddesc.h:253:20: warning: format ‘%d’ expects argument of type ‘int’, but argument 3 has type ‘std::vector<psd::DescriptorItem*>::size_type’ {aka ‘long unsigned int’} [-Wformat=]
2026-09-07T18:00:12.1256547Z   253 |             dprint("%s (count:%d)\n", typeName(), items.size());
2026-09-07T18:00:12.1257402Z       |                    ^~~~~~~~~~~~~~~~~              ~~~~~~~~~~~~
2026-09-07T18:00:12.1258165Z       |                                                             |
2026-09-07T18:00:12.1259212Z       |                                                             std::vector<psd::DescriptorItem*>::size_type {aka long unsigned int}
2026-09-07T18:00:12.1260996Z /home/runner/work/PocketKrKr/PocketKrKr/cpp/plugins/psdfile/psdparse/psdbase.h:7:28: note: in definition of macro ‘dprint’
2026-09-07T18:00:12.1262324Z     7 | #define dprint(...) printf(__VA_ARGS__);
2026-09-07T18:00:12.1263042Z       |                            ^~~~~~~~~~~
2026-09-07T18:00:12.1264155Z In file included from /home/runner/work/PocketKrKr/PocketKrKr/cpp/plugins/psdfile/psdparse/psddata.h:5,
2026-09-07T18:00:12.1265836Z                  from /home/runner/work/PocketKrKr/PocketKrKr/cpp/plugins/psdfile/psdparse/psdlayer.cpp:2:
2026-09-07T18:00:12.1267474Z /home/runner/work/PocketKrKr/PocketKrKr/cpp/plugins/psdfile/psdparse/psddesc.h:253:32: note: format string is defined here
2026-09-07T18:00:12.1268938Z   253 |             dprint("%s (count:%d)\n", typeName(), items.size());
2026-09-07T18:00:12.1269671Z       |                               ~^
2026-09-07T18:00:12.1270304Z       |                                |
2026-09-07T18:00:12.1270935Z       |                                int
2026-09-07T18:00:12.1271933Z       |                               %ld
2026-09-07T18:00:12.1273058Z [511/741] Building CXX object cpp/plugins/psdfile/psdparse/CMakeFiles/psdparse.dir/psdparse.cpp.o
2026-09-07T18:00:12.1274516Z In file included from /home/runner/work/PocketKrKr/PocketKrKr/cpp/plugins/psdfile/psdparse/psddata.h:5,
2026-09-07T18:00:12.1276584Z                  from /home/runner/work/PocketKrKr/PocketKrKr/cpp/plugins/psdfile/psdparse/psdparse.h:12,
2026-09-07T18:00:12.1278017Z                  from /home/runner/work/PocketKrKr/PocketKrKr/cpp/plugins/psdfile/psdparse/psdparse.cpp:1:
2026-09-07T18:00:12.1279765Z /home/runner/work/PocketKrKr/PocketKrKr/cpp/plugins/psdfile/psdparse/psddesc.h:17:26: warning: multi-character character constant [-Wmultichar]
2026-09-07T18:00:12.1281153Z    17 |         TYPE_REFERENCE = 'obj ',
2026-09-07T18:00:12.1281821Z       |                          ^~~~~~
2026-09-07T18:00:12.1283153Z /home/runner/work/PocketKrKr/PocketKrKr/cpp/plugins/psdfile/psdparse/psddesc.h:18:27: warning: multi-character character constant [-Wmultichar]
2026-09-07T18:00:12.1284542Z    18 |         TYPE_DESCRIPTOR = 'Objc',
2026-09-07T18:00:12.1285397Z       |                           ^~~~~~
2026-09-07T18:00:12.1286762Z /home/runner/work/PocketKrKr/PocketKrKr/cpp/plugins/psdfile/psdparse/psddesc.h:19:21: warning: multi-character character constant [-Wmultichar]
2026-09-07T18:00:12.1288160Z    19 |         TYPE_LIST = 'VlLs',
2026-09-07T18:00:12.1288757Z       |                     ^~~~~~
2026-09-07T18:00:12.1290059Z /home/runner/work/PocketKrKr/PocketKrKr/cpp/plugins/psdfile/psdparse/psddesc.h:20:23: warning: multi-character character constant [-Wmultichar]
2026-09-07T18:00:12.1291439Z    20 |         TYPE_DOUBLE = 'doub',
2026-09-07T18:00:12.1292067Z       |                       ^~~~~~
2026-09-07T18:00:12.1293389Z /home/runner/work/PocketKrKr/PocketKrKr/cpp/plugins/psdfile/psdparse/psddesc.h:21:27: warning: multi-character character constant [-Wmultichar]
2026-09-07T18:00:12.1294768Z    21 |         TYPE_UNIT_FLOAT = 'UntF',
2026-09-07T18:00:12.1295661Z       |                           ^~~~~~
2026-09-07T18:00:12.1296994Z /home/runner/work/PocketKrKr/PocketKrKr/cpp/plugins/psdfile/psdparse/psddesc.h:22:23: warning: multi-character character constant [-Wmultichar]
2026-09-07T18:00:12.1298383Z    22 |         TYPE_STRING = 'TEXT',
2026-09-07T18:00:12.1299026Z       |                       ^~~~~~
2026-09-07T18:00:12.1300351Z /home/runner/work/PocketKrKr/PocketKrKr/cpp/plugins/psdfile/psdparse/psddesc.h:23:27: warning: multi-character character constant [-Wmultichar]
2026-09-07T18:00:12.1301731Z    23 |         TYPE_ENUMERATED = 'enum',
2026-09-07T18:00:12.1302403Z       |                           ^~~~~~
2026-09-07T18:00:12.1303722Z /home/runner/work/PocketKrKr/PocketKrKr/cpp/plugins/psdfile/psdparse/psddesc.h:24:24: warning: multi-character character constant [-Wmultichar]
2026-09-07T18:00:12.1305091Z    24 |         TYPE_INTEGER = 'long',
2026-09-07T18:00:12.1305944Z       |                        ^~~~~~
2026-09-07T18:00:12.1307265Z /home/runner/work/PocketKrKr/PocketKrKr/cpp/plugins/psdfile/psdparse/psddesc.h:25:24: warning: multi-character character constant [-Wmultichar]
2026-09-07T18:00:12.1308648Z    25 |         TYPE_BOOLEAN = 'bool',
2026-09-07T18:00:12.1309280Z       |                        ^~~~~~
2026-09-07T18:00:12.1310604Z /home/runner/work/PocketKrKr/PocketKrKr/cpp/plugins/psdfile/psdparse/psddesc.h:26:30: warning: multi-character character constant [-Wmultichar]
2026-09-07T18:00:12.1311992Z    26 |         TYPE_GLOBAL_OBJECT = 'GlbO',
2026-09-07T18:00:12.1312671Z       |                              ^~~~~~
2026-09-07T18:00:12.1314021Z /home/runner/work/PocketKrKr/PocketKrKr/cpp/plugins/psdfile/psdparse/psddesc.h:27:23: warning: multi-character character constant [-Wmultichar]
2026-09-07T18:00:12.1315587Z    27 |         TYPE_CLASS1 = 'type',
2026-09-07T18:00:12.1316180Z       |                       ^~~~~~
2026-09-07T18:00:12.1317736Z /home/runner/work/PocketKrKr/PocketKrKr/cpp/plugins/psdfile/psdparse/psddesc.h:28:23: warning: multi-character character constant [-Wmultichar]
2026-09-07T18:00:12.1319156Z    28 |         TYPE_CLASS2 = 'GlbC',
2026-09-07T18:00:12.1319781Z       |                       ^~~~~~
2026-09-07T18:00:12.1321097Z /home/runner/work/PocketKrKr/PocketKrKr/cpp/plugins/psdfile/psdparse/psddesc.h:29:22: warning: multi-character character constant [-Wmultichar]
2026-09-07T18:00:12.1322665Z    29 |         TYPE_ALIAS = 'alis',
2026-09-07T18:00:12.1323280Z       |                      ^~~~~~
2026-09-07T18:00:12.1324524Z /home/runner/work/PocketKrKr/PocketKrKr/cpp/plugins/psdfile/psdparse/psddesc.h:30:25: warning: multi-character character constant [-Wmultichar]
2026-09-07T18:00:12.1326096Z    30 |         TYPE_RAW_DATA = 'tdta',
2026-09-07T18:00:12.1326726Z       |                         ^~~~~~
2026-09-07T18:00:12.1328029Z /home/runner/work/PocketKrKr/PocketKrKr/cpp/plugins/psdfile/psdparse/psddesc.h:34:23: warning: multi-character character constant [-Wmultichar]
2026-09-07T18:00:12.1329375Z    34 |         UNIT_POINTS = '#Pnt',
2026-09-07T18:00:12.1329998Z       |                       ^~~~~~
2026-09-07T18:00:12.1331264Z /home/runner/work/PocketKrKr/PocketKrKr/cpp/plugins/psdfile/psdparse/psddesc.h:35:28: warning: multi-character character constant [-Wmultichar]
2026-09-07T18:00:12.1332711Z    35 |         UNIT_MILLIMETERS = '#Mlm',
2026-09-07T18:00:12.1333295Z       |                            ^~~~~~
2026-09-07T18:00:12.1334583Z /home/runner/work/PocketKrKr/PocketKrKr/cpp/plugins/psdfile/psdparse/psddesc.h:36:22: warning: multi-character character constant [-Wmultichar]
2026-09-07T18:00:12.1336175Z    36 |         UNIT_ANGLE = '#Ang', // degrees
2026-09-07T18:00:12.1336848Z       |                      ^~~~~~
2026-09-07T18:00:12.1338108Z /home/runner/work/PocketKrKr/PocketKrKr/cpp/plugins/psdfile/psdparse/psddesc.h:37:24: warning: multi-character character constant [-Wmultichar]
2026-09-07T18:00:12.1339500Z    37 |         UNIT_DENSITY = '#Rsl', // base per inch
2026-09-07T18:00:12.1340184Z       |                        ^~~~~~
2026-09-07T18:00:12.1341457Z /home/runner/work/PocketKrKr/PocketKrKr/cpp/plugins/psdfile/psdparse/psddesc.h:38:25: warning: multi-character character constant [-Wmultichar]
2026-09-07T18:00:12.1342844Z    38 |         UNIT_DISTANCE = '#Rlt', // base 72ppi
2026-09-07T18:00:12.1343525Z       |                         ^~~~~~
2026-09-07T18:00:12.1344814Z /home/runner/work/PocketKrKr/PocketKrKr/cpp/plugins/psdfile/psdparse/psddesc.h:39:21: warning: multi-character character constant [-Wmultichar]
2026-09-07T18:00:12.1346386Z    39 |         UNIT_NONE = '#Nne',
2026-09-07T18:00:12.1346996Z       |                     ^~~~~~
2026-09-07T18:00:12.1348245Z /home/runner/work/PocketKrKr/PocketKrKr/cpp/plugins/psdfile/psdparse/psddesc.h:40:24: warning: multi-character character constant [-Wmultichar]
2026-09-07T18:00:12.1349609Z    40 |         UNIT_PERCENT = '#Prc',
2026-09-07T18:00:12.1350226Z       |                        ^~~~~~
2026-09-07T18:00:12.1351513Z /home/runner/work/PocketKrKr/PocketKrKr/cpp/plugins/psdfile/psdparse/psddesc.h:41:23: warning: multi-character character constant [-Wmultichar]
2026-09-07T18:00:12.1352928Z    41 |         UNIT_PIXELS = '#Pxl',
2026-09-07T18:00:12.1353541Z       |                       ^~~~~~
2026-09-07T18:00:12.1354823Z /home/runner/work/PocketKrKr/PocketKrKr/cpp/plugins/psdfile/psdparse/psddesc.h:46:29: warning: multi-character character constant [-Wmultichar]
2026-09-07T18:00:12.1356423Z    46 |         REF_TYPE_PROPERTY = 'prop',
2026-09-07T18:00:12.1357067Z       |                             ^~~~~~
2026-09-07T18:00:12.1358368Z /home/runner/work/PocketKrKr/PocketKrKr/cpp/plugins/psdfile/psdparse/psddesc.h:47:26: warning: multi-character character constant [-Wmultichar]
2026-09-07T18:00:12.1359700Z    47 |         REF_TYPE_CLASS = 'Clss',
2026-09-07T18:00:12.1360325Z       |                          ^~~~~~
2026-09-07T18:00:12.1361794Z /home/runner/work/PocketKrKr/PocketKrKr/cpp/plugins/psdfile/psdparse/psddesc.h:48:29: warning: multi-character character constant [-Wmultichar]
2026-09-07T18:00:12.1363185Z    48 |         REF_TYPE_ENUM_REF = 'Enmr',
2026-09-07T18:00:12.1363828Z       |                             ^~~~~~
2026-09-07T18:00:12.1365364Z /home/runner/work/PocketKrKr/PocketKrKr/cpp/plugins/psdfile/psdparse/psddesc.h:49:27: warning: multi-character character constant [-Wmultichar]
2026-09-07T18:00:12.1367025Z    49 |         REF_TYPE_OFFSET = 'rele',
2026-09-07T18:00:12.1367690Z       |                           ^~~~~~
2026-09-07T18:00:12.1369018Z /home/runner/work/PocketKrKr/PocketKrKr/cpp/plugins/psdfile/psdparse/psddesc.h:50:31: warning: multi-character character constant [-Wmultichar]
2026-09-07T18:00:12.1370425Z    50 |         REF_TYPE_IDENTIFIER = 'Idnt',
2026-09-07T18:00:12.1371106Z       |                               ^~~~~~
2026-09-07T18:00:12.1372440Z /home/runner/work/PocketKrKr/PocketKrKr/cpp/plugins/psdfile/psdparse/psddesc.h:51:26: warning: multi-character character constant [-Wmultichar]
2026-09-07T18:00:12.1373843Z    51 |         REF_TYPE_INDEX = 'indx',
2026-09-07T18:00:12.1374495Z       |                          ^~~~~~
2026-09-07T18:00:12.1376026Z /home/runner/work/PocketKrKr/PocketKrKr/cpp/plugins/psdfile/psdparse/psddesc.h:52:25: warning: multi-character character constant [-Wmultichar]
2026-09-07T18:00:12.1377414Z    52 |         REF_TYPE_NAME = 'name',
2026-09-07T18:00:12.1378068Z       |                         ^~~~~~
2026-09-07T18:00:12.1379145Z In file included from /home/runner/work/PocketKrKr/PocketKrKr/cpp/plugins/psdfile/psdparse/psdparse.h:12,
2026-09-07T18:00:12.1380639Z                  from /home/runner/work/PocketKrKr/PocketKrKr/cpp/plugins/psdfile/psdparse/psdparse.cpp:1:
2026-09-07T18:00:12.1382390Z /home/runner/work/PocketKrKr/PocketKrKr/cpp/plugins/psdfile/psdparse/psddata.h:113:18: warning: multi-character character constant [-Wmultichar]
2026-09-07T18:00:12.1383765Z   113 |             case 'norm':
2026-09-07T18:00:12.1384370Z       |                  ^~~~~~
2026-09-07T18:00:12.1385871Z /home/runner/work/PocketKrKr/PocketKrKr/cpp/plugins/psdfile/psdparse/psddata.h:115:18: warning: multi-character character constant [-Wmultichar]
2026-09-07T18:00:12.1387271Z   115 |             case 'diss':
2026-09-07T18:00:12.1387864Z       |                  ^~~~~~
2026-09-07T18:00:12.1389165Z /home/runner/work/PocketKrKr/PocketKrKr/cpp/plugins/psdfile/psdparse/psddata.h:117:18: warning: multi-character character constant [-Wmultichar]
2026-09-07T18:00:12.1390543Z   117 |             case 'dark':
2026-09-07T18:00:12.1391142Z       |                  ^~~~~~
2026-09-07T18:00:12.1392426Z /home/runner/work/PocketKrKr/PocketKrKr/cpp/plugins/psdfile/psdparse/psddata.h:119:18: warning: multi-character character constant [-Wmultichar]
2026-09-07T18:00:12.1393808Z   119 |             case 'mul ':
2026-09-07T18:00:12.1394402Z       |                  ^~~~~~
2026-09-07T18:00:12.1395959Z /home/runner/work/PocketKrKr/PocketKrKr/cpp/plugins/psdfile/psdparse/psddata.h:121:18: warning: multi-character character constant [-Wmultichar]
2026-09-07T18:00:12.1397321Z   121 |             case 'idiv':
2026-09-07T18:00:12.1397917Z       |                  ^~~~~~
2026-09-07T18:00:12.1399211Z /home/runner/work/PocketKrKr/PocketKrKr/cpp/plugins/psdfile/psdparse/psddata.h:123:18: warning: multi-character character constant [-Wmultichar]
2026-09-07T18:00:12.1400582Z   123 |             case 'lbrn':
2026-09-07T18:00:12.1401172Z       |                  ^~~~~~
2026-09-07T18:00:12.1402472Z /home/runner/work/PocketKrKr/PocketKrKr/cpp/plugins/psdfile/psdparse/psddata.h:125:18: warning: multi-character character constant [-Wmultichar]
2026-09-07T18:00:12.1403843Z   125 |             case 'dkCl':
2026-09-07T18:00:12.1404441Z       |                  ^~~~~~
2026-09-07T18:00:12.1405906Z /home/runner/work/PocketKrKr/PocketKrKr/cpp/plugins/psdfile/psdparse/psddata.h:127:18: warning: multi-character character constant [-Wmultichar]
2026-09-07T18:00:12.1407299Z   127 |             case 'lite':
2026-09-07T18:00:12.1407889Z       |                  ^~~~~~
2026-09-07T18:00:12.1409389Z /home/runner/work/PocketKrKr/PocketKrKr/cpp/plugins/psdfile/psdparse/psddata.h:129:18: warning: multi-character character constant [-Wmultichar]
2026-09-07T18:00:12.1410793Z   129 |             case 'scrn':
2026-09-07T18:00:12.1411376Z       |                  ^~~~~~
2026-09-07T18:00:12.1412931Z /home/runner/work/PocketKrKr/PocketKrKr/cpp/plugins/psdfile/psdparse/psddata.h:131:18: warning: multi-character character constant [-Wmultichar]
2026-09-07T18:00:12.1414302Z   131 |             case 'div ':
2026-09-07T18:00:12.1414899Z       |                  ^~~~~~
2026-09-07T18:00:12.1416371Z /home/runner/work/PocketKrKr/PocketKrKr/cpp/plugins/psdfile/psdparse/psddata.h:133:18: warning: multi-character character constant [-Wmultichar]
2026-09-07T18:00:12.1417773Z   133 |             case 'lddg':
2026-09-07T18:00:12.1418376Z       |                  ^~~~~~
2026-09-07T18:00:12.1419679Z /home/runner/work/PocketKrKr/PocketKrKr/cpp/plugins/psdfile/psdparse/psddata.h:135:18: warning: multi-character character constant [-Wmultichar]
2026-09-07T18:00:12.1421063Z   135 |             case 'ltCl':
2026-09-07T18:00:12.1421645Z       |                  ^~~~~~
2026-09-07T18:00:12.1422945Z /home/runner/work/PocketKrKr/PocketKrKr/cpp/plugins/psdfile/psdparse/psddata.h:137:18: warning: multi-character character constant [-Wmultichar]
2026-09-07T18:00:12.1424317Z   137 |             case 'over':
2026-09-07T18:00:12.1424910Z       |                  ^~~~~~
2026-09-07T18:00:12.1426423Z /home/runner/work/PocketKrKr/PocketKrKr/cpp/plugins/psdfile/psdparse/psddata.h:139:18: warning: multi-character character constant [-Wmultichar]
2026-09-07T18:00:12.1427807Z   139 |             case 'sLit':
2026-09-07T18:00:12.1428398Z       |                  ^~~~~~
2026-09-07T18:00:12.1429685Z /home/runner/work/PocketKrKr/PocketKrKr/cpp/plugins/psdfile/psdparse/psddata.h:141:18: warning: multi-character character constant [-Wmultichar]
2026-09-07T18:00:12.1431052Z   141 |             case 'hLit':
2026-09-07T18:00:12.1431641Z       |                  ^~~~~~
2026-09-07T18:00:12.1432950Z /home/runner/work/PocketKrKr/PocketKrKr/cpp/plugins/psdfile/psdparse/psddata.h:143:18: warning: multi-character character constant [-Wmultichar]
2026-09-07T18:00:12.1434330Z   143 |             case 'vLit':
2026-09-07T18:00:12.1434927Z       |                  ^~~~~~
2026-09-07T18:00:12.1436428Z /home/runner/work/PocketKrKr/PocketKrKr/cpp/plugins/psdfile/psdparse/psddata.h:145:18: warning: multi-character character constant [-Wmultichar]
2026-09-07T18:00:12.1437802Z   145 |             case 'lLit':
2026-09-07T18:00:12.1438395Z       |                  ^~~~~~
2026-09-07T18:00:12.1439686Z /home/runner/work/PocketKrKr/PocketKrKr/cpp/plugins/psdfile/psdparse/psddata.h:147:18: warning: multi-character character constant [-Wmultichar]
2026-09-07T18:00:12.1441059Z   147 |             case 'pLit':
2026-09-07T18:00:12.1441659Z       |                  ^~~~~~
2026-09-07T18:00:12.1442982Z /home/runner/work/PocketKrKr/PocketKrKr/cpp/plugins/psdfile/psdparse/psddata.h:149:18: warning: multi-character character constant [-Wmultichar]
2026-09-07T18:00:12.1444372Z   149 |             case 'hMix':
2026-09-07T18:00:12.1444966Z       |                  ^~~~~~
2026-09-07T18:00:12.1446478Z /home/runner/work/PocketKrKr/PocketKrKr/cpp/plugins/psdfile/psdparse/psddata.h:151:18: warning: multi-character character constant [-Wmultichar]
2026-09-07T18:00:12.1447874Z   151 |             case 'diff':
2026-09-07T18:00:12.1448476Z       |                  ^~~~~~
2026-09-07T18:00:12.1449773Z /home/runner/work/PocketKrKr/PocketKrKr/cpp/plugins/psdfile/psdparse/psddata.h:153:18: warning: multi-character character constant [-Wmultichar]
2026-09-07T18:00:12.1451150Z   153 |             case 'smud':
2026-09-07T18:00:12.1451740Z       |                  ^~~~~~
2026-09-07T18:00:12.1453118Z /home/runner/work/PocketKrKr/PocketKrKr/cpp/plugins/psdfile/psdparse/psddata.h:155:18: warning: multi-character character constant [-Wmultichar]
2026-09-07T18:00:12.1454499Z   155 |             case 'fsub':
2026-09-07T18:00:12.1455485Z       |                  ^~~~~~
2026-09-07T18:00:12.1456859Z /home/runner/work/PocketKrKr/PocketKrKr/cpp/plugins/psdfile/psdparse/psddata.h:157:18: warning: multi-character character constant [-Wmultichar]
2026-09-07T18:00:12.1458236Z   157 |             case 'fdiv':
2026-09-07T18:00:12.1459037Z       |                  ^~~~~~
2026-09-07T18:00:12.1460399Z /home/runner/work/PocketKrKr/PocketKrKr/cpp/plugins/psdfile/psdparse/psddata.h:159:18: warning: multi-character character constant [-Wmultichar]
2026-09-07T18:00:12.1461715Z   159 |             case 'hue ':
2026-09-07T18:00:12.1462311Z       |                  ^~~~~~
2026-09-07T18:00:12.1463606Z /home/runner/work/PocketKrKr/PocketKrKr/cpp/plugins/psdfile/psdparse/psddata.h:161:18: warning: multi-character character constant [-Wmultichar]
2026-09-07T18:00:12.1464982Z   161 |             case 'sat ':
2026-09-07T18:00:12.1465802Z       |                  ^~~~~~
2026-09-07T18:00:12.1467108Z /home/runner/work/PocketKrKr/PocketKrKr/cpp/plugins/psdfile/psdparse/psddata.h:163:18: warning: multi-character character constant [-Wmultichar]
2026-09-07T18:00:12.1468484Z   163 |             case 'colr':
2026-09-07T18:00:12.1469087Z       |                  ^~~~~~
2026-09-07T18:00:12.1470378Z /home/runner/work/PocketKrKr/PocketKrKr/cpp/plugins/psdfile/psdparse/psddata.h:165:18: warning: multi-character character constant [-Wmultichar]
2026-09-07T18:00:12.1471772Z   165 |             case 'lum ':
2026-09-07T18:00:12.1472363Z       |                  ^~~~~~
2026-09-07T18:00:12.1473643Z /home/runner/work/PocketKrKr/PocketKrKr/cpp/plugins/psdfile/psdparse/psddata.h:167:18: warning: multi-character character constant [-Wmultichar]
2026-09-07T18:00:12.1475025Z   167 |             case 'pass':
2026-09-07T18:00:12.1475858Z       |                  ^~~~~~
2026-09-07T18:00:12.1477200Z /home/runner/work/PocketKrKr/PocketKrKr/cpp/plugins/psdfile/psdparse/psdparse.cpp:379:26: warning: multi-character character constant [-Wmultichar]
2026-09-07T18:00:12.1478744Z   379 |                     case 'grdm': // Gradient settings (Photoshop 6.0)
2026-09-07T18:00:12.1479520Z       |                          ^~~~~~
2026-09-07T18:00:12.1480835Z /home/runner/work/PocketKrKr/PocketKrKr/cpp/plugins/psdfile/psdparse/psdparse.cpp:380:26: warning: multi-character character constant [-Wmultichar]
2026-09-07T18:00:12.1482241Z   380 |                     case 'levl': // Levels
2026-09-07T18:00:12.1482909Z       |                          ^~~~~~
2026-09-07T18:00:12.1484207Z /home/runner/work/PocketKrKr/PocketKrKr/cpp/plugins/psdfile/psdparse/psdparse.cpp:381:26: warning: multi-character character constant [-Wmultichar]
2026-09-07T18:00:12.1485838Z   381 |                     case 'curv': // Curves
2026-09-07T18:00:12.1486511Z       |                          ^~~~~~
2026-09-07T18:00:12.1487847Z /home/runner/work/PocketKrKr/PocketKrKr/cpp/plugins/psdfile/psdparse/psdparse.cpp:382:26: warning: multi-character character constant [-Wmultichar]
2026-09-07T18:00:12.1489298Z   382 |                     case 'hue ': // Old Hue/saturation, Photoshop 4.0
2026-09-07T18:00:12.1500616Z       |                          ^~~~~~
2026-09-07T18:00:12.1502202Z /home/runner/work/PocketKrKr/PocketKrKr/cpp/plugins/psdfile/psdparse/psdparse.cpp:383:26: warning: multi-character character constant [-Wmultichar]
2026-09-07T18:00:12.1503774Z   383 |                     case 'hue2': // New Hue/saturation, Photoshop 5.0
2026-09-07T18:00:12.1504575Z       |                          ^~~~~~
2026-09-07T18:00:12.1506212Z /home/runner/work/PocketKrKr/PocketKrKr/cpp/plugins/psdfile/psdparse/psdparse.cpp:384:26: warning: multi-character character constant [-Wmultichar]
2026-09-07T18:00:12.1507704Z   384 |                     case 'blnc': // Color Balance
2026-09-07T18:00:12.1508422Z       |                          ^~~~~~
2026-09-07T18:00:12.1509805Z /home/runner/work/PocketKrKr/PocketKrKr/cpp/plugins/psdfile/psdparse/psdparse.cpp:385:26: warning: multi-character character constant [-Wmultichar]
2026-09-07T18:00:12.1511502Z   385 |                     case 'nvrt': // Invert
2026-09-07T18:00:12.1512228Z       |                          ^~~~~~
2026-09-07T18:00:12.1513617Z /home/runner/work/PocketKrKr/PocketKrKr/cpp/plugins/psdfile/psdparse/psdparse.cpp:386:26: warning: multi-character character constant [-Wmultichar]
2026-09-07T18:00:12.1515479Z   386 |                     case 'post': // Posterize
2026-09-07T18:00:12.1516213Z       |                          ^~~~~~
2026-09-07T18:00:12.1517610Z /home/runner/work/PocketKrKr/PocketKrKr/cpp/plugins/psdfile/psdparse/psdparse.cpp:387:26: warning: multi-character character constant [-Wmultichar]
2026-09-07T18:00:12.1519066Z   387 |                     case 'thrs': // Threshold
2026-09-07T18:00:12.1519759Z       |                          ^~~~~~
2026-09-07T18:00:12.1521123Z /home/runner/work/PocketKrKr/PocketKrKr/cpp/plugins/psdfile/psdparse/psdparse.cpp:388:26: warning: multi-character character constant [-Wmultichar]
2026-09-07T18:00:12.1522602Z   388 |                     case 'selc': // Selective color
2026-09-07T18:00:12.1523332Z       |                          ^~~~~~
2026-09-07T18:00:12.1524698Z /home/runner/work/PocketKrKr/PocketKrKr/cpp/plugins/psdfile/psdparse/psdparse.cpp:389:26: warning: multi-character character constant [-Wmultichar]
2026-09-07T18:00:12.1526425Z   389 |                     case 'brit': // Brightness and Contrast
2026-09-07T18:00:12.1527234Z       |                          ^~~~~~
2026-09-07T18:00:12.1528597Z /home/runner/work/PocketKrKr/PocketKrKr/cpp/plugins/psdfile/psdparse/psdparse.cpp:390:26: warning: multi-character character constant [-Wmultichar]
2026-09-07T18:00:12.1530174Z   390 |                     case 'mixr': // Channel Mixer
2026-09-07T18:00:12.1530869Z       |                          ^~~~~~
2026-09-07T18:00:12.1532206Z /home/runner/work/PocketKrKr/PocketKrKr/cpp/plugins/psdfile/psdparse/psdparse.cpp:391:26: warning: multi-character character constant [-Wmultichar]
2026-09-07T18:00:12.1533777Z   391 |                     case 'clrL': // Color Lookup (Photoshop CS6)
2026-09-07T18:00:12.1534498Z       |                          ^~~~~~
2026-09-07T18:00:12.1536049Z /home/runner/work/PocketKrKr/PocketKrKr/cpp/plugins/psdfile/psdparse/psdparse.cpp:392:26: warning: multi-character character constant [-Wmultichar]
2026-09-07T18:00:12.1537510Z   392 |                     case 'phfl': // Photo Filter
2026-09-07T18:00:12.1538209Z       |                          ^~~~~~
2026-09-07T18:00:12.1539542Z /home/runner/work/PocketKrKr/PocketKrKr/cpp/plugins/psdfile/psdparse/psdparse.cpp:393:26: warning: multi-character character constant [-Wmultichar]
2026-09-07T18:00:12.1540994Z   393 |                     case 'blwh': // Black White (Photoshop CS3)
2026-09-07T18:00:12.1541724Z       |                          ^~~~~~
2026-09-07T18:00:12.1543035Z /home/runner/work/PocketKrKr/PocketKrKr/cpp/plugins/psdfile/psdparse/psdparse.cpp:394:26: warning: multi-character character constant [-Wmultichar]
2026-09-07T18:00:12.1544529Z   394 |                     case 'vibA': // Vibrance (Photoshop CS3)
2026-09-07T18:00:12.1545494Z       |                          ^~~~~~
2026-09-07T18:00:12.1546908Z /home/runner/work/PocketKrKr/PocketKrKr/cpp/plugins/psdfile/psdparse/psdparse.cpp:395:26: warning: multi-character character constant [-Wmultichar]
2026-09-07T18:00:12.1548356Z   395 |                     case 'expA': // Exposure
2026-09-07T18:00:12.1549058Z       |                          ^~~~~~
2026-09-07T18:00:12.1550421Z /home/runner/work/PocketKrKr/PocketKrKr/cpp/plugins/psdfile/psdparse/psdparse.cpp:401:26: warning: multi-character character constant [-Wmultichar]
2026-09-07T18:00:12.1551919Z   401 |                     case 'SoCo': // Solid color sheet setting
2026-09-07T18:00:12.1552755Z       |                          ^~~~~~
2026-09-07T18:00:12.1554058Z /home/runner/work/PocketKrKr/PocketKrKr/cpp/plugins/psdfile/psdparse/psdparse.cpp:403:26: warning: multi-character character constant [-Wmultichar]
2026-09-07T18:00:12.1555756Z   403 |                     case 'GdFl': // Gradient fill setting
2026-09-07T18:00:12.1556733Z       |                          ^~~~~~
2026-09-07T18:00:12.1558146Z /home/runner/work/PocketKrKr/PocketKrKr/cpp/plugins/psdfile/psdparse/psdparse.cpp:405:26: warning: multi-character character constant [-Wmultichar]
2026-09-07T18:00:12.1559643Z   405 |                     case 'PtFl': // Pattern fill setting
2026-09-07T18:00:12.1560595Z       |                          ^~~~~~
2026-09-07T18:00:12.1561961Z /home/runner/work/PocketKrKr/PocketKrKr/cpp/plugins/psdfile/psdparse/psdparse.cpp:412:26: warning: multi-character character constant [-Wmultichar]
2026-09-07T18:00:12.1563458Z   412 |                     case 'lsct': // Section divider setting
2026-09-07T18:00:12.1564204Z       |                          ^~~~~~
2026-09-07T18:00:12.1565764Z /home/runner/work/PocketKrKr/PocketKrKr/cpp/plugins/psdfile/psdparse/psdparse.cpp:417:26: warning: multi-character character constant [-Wmultichar]
2026-09-07T18:00:12.1567288Z   417 |                     case 'lsdk': // *UNDOCUMENTED* key (may be
2026-09-07T18:00:12.1568048Z       |                          ^~~~~~
2026-09-07T18:00:12.1569426Z /home/runner/work/PocketKrKr/PocketKrKr/cpp/plugins/psdfile/psdparse/psdparse.cpp:421:26: warning: multi-character character constant [-Wmultichar]
2026-09-07T18:00:12.1570969Z   421 |                     case 'luni': // Unicode layer name (Photoshop 5.0)
2026-09-07T18:00:12.1571776Z       |                          ^~~~~~
2026-09-07T18:00:12.1573142Z /home/runner/work/PocketKrKr/PocketKrKr/cpp/plugins/psdfile/psdparse/psdparse.cpp:424:26: warning: multi-character character constant [-Wmultichar]
2026-09-07T18:00:12.1574647Z   424 |                     case 'lyid': // Layer ID (Photoshop 5.0)
2026-09-07T18:00:12.1575627Z       |                          ^~~~~~
2026-09-07T18:00:12.1576962Z /home/runner/work/PocketKrKr/PocketKrKr/cpp/plugins/psdfile/psdparse/psdparse.cpp:427:26: warning: multi-character character constant [-Wmultichar]
2026-09-07T18:00:12.1578513Z   427 |                     case 'shmd': // Metadata setting (Photoshop 6.0)
2026-09-07T18:00:12.1579308Z       |                          ^~~~~~
2026-09-07T18:00:12.1580680Z /home/runner/work/PocketKrKr/PocketKrKr/cpp/plugins/psdfile/psdparse/psdparse.cpp:430:26: warning: multi-character character constant [-Wmultichar]
2026-09-07T18:00:12.1582136Z   430 |                     case 'iOpa': // fill opacity
2026-09-07T18:00:12.1582850Z       |                          ^~~~~~
2026-09-07T18:00:12.1584152Z /home/runner/work/PocketKrKr/PocketKrKr/cpp/plugins/psdfile/psdparse/psdparse.cpp:435:26: warning: multi-character character constant [-Wmultichar]
2026-09-07T18:00:12.1585887Z   435 |                     case 'lrFX': // Effects Layer (Photoshop 5.0)
2026-09-07T18:00:12.1586656Z       |                          ^~~~~~
2026-09-07T18:00:12.1588007Z /home/runner/work/PocketKrKr/PocketKrKr/cpp/plugins/psdfile/psdparse/psdparse.cpp:436:26: warning: multi-character character constant [-Wmultichar]
2026-09-07T18:00:12.1589505Z   436 |                     case 'tySh': // Type Tool Info (Photoshop 5.0
2026-09-07T18:00:12.1590289Z       |                          ^~~~~~
2026-09-07T18:00:12.1591603Z /home/runner/work/PocketKrKr/PocketKrKr/cpp/plugins/psdfile/psdparse/psdparse.cpp:438:26: warning: multi-character character constant [-Wmultichar]
2026-09-07T18:00:12.1593218Z   438 |                     case 'lfx2': // Object-based effects layer info
2026-09-07T18:00:12.1593936Z       |                          ^~~~~~
2026-09-07T18:00:12.1595497Z /home/runner/work/PocketKrKr/PocketKrKr/cpp/plugins/psdfile/psdparse/psdparse.cpp:440:26: warning: multi-character character constant [-Wmultichar]
2026-09-07T18:00:12.1597006Z   440 |                     case 'Patt': // Patterns (Photoshop 6.0 and CS
2026-09-07T18:00:12.1597759Z       |                          ^~~~~~
2026-09-07T18:00:12.1599102Z /home/runner/work/PocketKrKr/PocketKrKr/cpp/plugins/psdfile/psdparse/psdparse.cpp:442:26: warning: multi-character character constant [-Wmultichar]
2026-09-07T18:00:12.1600675Z   442 |                     case 'Pat2':
2026-09-07T18:00:12.1601317Z       |                          ^~~~~~
2026-09-07T18:00:12.1602656Z /home/runner/work/PocketKrKr/PocketKrKr/cpp/plugins/psdfile/psdparse/psdparse.cpp:443:26: warning: multi-character character constant [-Wmultichar]
2026-09-07T18:00:12.1604017Z   443 |                     case 'Pat3':
2026-09-07T18:00:12.1604880Z       |                          ^~~~~~
2026-09-07T18:00:12.1606478Z /home/runner/work/PocketKrKr/PocketKrKr/cpp/plugins/psdfile/psdparse/psdparse.cpp:444:26: warning: multi-character character constant [-Wmultichar]
2026-09-07T18:00:12.1607992Z   444 |                     case 'Anno': // Annotations (Photoshop 6.0)
2026-09-07T18:00:12.1608753Z       |                          ^~~~~~
2026-09-07T18:00:12.1610113Z /home/runner/work/PocketKrKr/PocketKrKr/cpp/plugins/psdfile/psdparse/psdparse.cpp:445:26: warning: multi-character character constant [-Wmultichar]
2026-09-07T18:00:12.1611597Z   445 |                     case 'clbl': // Blend clipping elements
2026-09-07T18:00:12.1612348Z       |                          ^~~~~~
2026-09-07T18:00:12.1613725Z /home/runner/work/PocketKrKr/PocketKrKr/cpp/plugins/psdfile/psdparse/psdparse.cpp:447:26: warning: multi-character character constant [-Wmultichar]
2026-09-07T18:00:12.1615389Z   447 |                     case 'infx': // Blend interior elements
2026-09-07T18:00:12.1616202Z       |                          ^~~~~~
2026-09-07T18:00:12.1617565Z /home/runner/work/PocketKrKr/PocketKrKr/cpp/plugins/psdfile/psdparse/psdparse.cpp:449:26: warning: multi-character character constant [-Wmultichar]
2026-09-07T18:00:12.1619090Z   449 |                     case 'knko': // Knockout setting (Photoshop 6.0)
2026-09-07T18:00:12.1619879Z       |                          ^~~~~~
2026-09-07T18:00:12.1621241Z /home/runner/work/PocketKrKr/PocketKrKr/cpp/plugins/psdfile/psdparse/psdparse.cpp:450:26: warning: multi-character character constant [-Wmultichar]
2026-09-07T18:00:12.1622774Z   450 |                     case 'lspf': // Protected setting (Photoshop 6.0)
2026-09-07T18:00:12.1623575Z       |                          ^~~~~~
2026-09-07T18:00:12.1624942Z /home/runner/work/PocketKrKr/PocketKrKr/cpp/plugins/psdfile/psdparse/psdparse.cpp:451:26: warning: multi-character character constant [-Wmultichar]
2026-09-07T18:00:12.1626582Z   451 |                     case 'lclr': // Sheet color setting
2026-09-07T18:00:12.1627260Z       |                          ^~~~~~
2026-09-07T18:00:12.1628561Z /home/runner/work/PocketKrKr/PocketKrKr/cpp/plugins/psdfile/psdparse/psdparse.cpp:453:26: warning: multi-character character constant [-Wmultichar]
2026-09-07T18:00:12.1630017Z   453 |                     case 'fxrp': // Reference point (Photoshop 6.0)
2026-09-07T18:00:12.1630740Z       |                          ^~~~~~
2026-09-07T18:00:12.1631986Z /home/runner/work/PocketKrKr/PocketKrKr/cpp/plugins/psdfile/psdparse/psdparse.cpp:454:26: warning: multi-character character constant [-Wmultichar]
2026-09-07T18:00:12.1633368Z   454 |                     case 'brst': // Channel blending restrictions
2026-09-07T18:00:12.1634066Z       |                          ^~~~~~
2026-09-07T18:00:12.1635473Z /home/runner/work/PocketKrKr/PocketKrKr/cpp/plugins/psdfile/psdparse/psdparse.cpp:456:26: warning: multi-character character constant [-Wmultichar]
2026-09-07T18:00:12.1636871Z   456 |                     case 'vmsk': // Vector mask setting
2026-09-07T18:00:12.1637508Z       |                          ^~~~~~
2026-09-07T18:00:12.1638725Z /home/runner/work/PocketKrKr/PocketKrKr/cpp/plugins/psdfile/psdparse/psdparse.cpp:458:26: warning: multi-character character constant [-Wmultichar]
2026-09-07T18:00:12.1640001Z   458 |                     case 'vsms':
2026-09-07T18:00:12.1640557Z       |                          ^~~~~~
2026-09-07T18:00:12.1641788Z /home/runner/work/PocketKrKr/PocketKrKr/cpp/plugins/psdfile/psdparse/psdparse.cpp:459:26: warning: multi-character character constant [-Wmultichar]
2026-09-07T18:00:12.1643134Z   459 |                     case 'TySh': // Type tool object setting
2026-09-07T18:00:12.1644035Z       |                          ^~~~~~
2026-09-07T18:00:12.1645535Z /home/runner/work/PocketKrKr/PocketKrKr/cpp/plugins/psdfile/psdparse/psdparse.cpp:461:26: warning: multi-character character constant [-Wmultichar]
2026-09-07T18:00:12.1646946Z   461 |                     case 'ffxi': // Foreign effect ID (Photoshop 6.0)
2026-09-07T18:00:12.1647896Z       |                          ^~~~~~
2026-09-07T18:00:12.1649147Z /home/runner/work/PocketKrKr/PocketKrKr/cpp/plugins/psdfile/psdparse/psdparse.cpp:462:26: warning: multi-character character constant [-Wmultichar]
2026-09-07T18:00:12.1650604Z   462 |                     case 'lnsr': // Layer name source setting
2026-09-07T18:00:12.1651276Z       |                          ^~~~~~
2026-09-07T18:00:12.1652694Z /home/runner/work/PocketKrKr/PocketKrKr/cpp/plugins/psdfile/psdparse/psdparse.cpp:464:26: warning: multi-character character constant [-Wmultichar]
2026-09-07T18:00:12.1654135Z   464 |                     case 'shpa': // Pattern data (Photoshop 6.0)
2026-09-07T18:00:12.1654836Z       |                          ^~~~~~
2026-09-07T18:00:12.1656270Z /home/runner/work/PocketKrKr/PocketKrKr/cpp/plugins/psdfile/psdparse/psdparse.cpp:465:26: warning: multi-character character constant [-Wmultichar]
2026-09-07T18:00:12.1657684Z   465 |                     case 'lyvr': // Layer version (Photoshop 7.0)
2026-09-07T18:00:12.1658378Z       |                          ^~~~~~
2026-09-07T18:00:12.1659631Z /home/runner/work/PocketKrKr/PocketKrKr/cpp/plugins/psdfile/psdparse/psdparse.cpp:466:26: warning: multi-character character constant [-Wmultichar]
2026-09-07T18:00:12.1661026Z   466 |                     case 'tsly': // Transparency shapes layer
2026-09-07T18:00:12.1661701Z       |                          ^~~~~~
2026-09-07T18:00:12.1662957Z /home/runner/work/PocketKrKr/PocketKrKr/cpp/plugins/psdfile/psdparse/psdparse.cpp:468:26: warning: multi-character character constant [-Wmultichar]
2026-09-07T18:00:12.1664376Z   468 |                     case 'lmgm': // Layer mask as global mask
2026-09-07T18:00:12.1665063Z       |                          ^~~~~~
2026-09-07T18:00:12.1666542Z /home/runner/work/PocketKrKr/PocketKrKr/cpp/plugins/psdfile/psdparse/psdparse.cpp:470:26: warning: multi-character character constant [-Wmultichar]
2026-09-07T18:00:12.1667943Z   470 |                     case 'vmgm': // Vector mask as global mask
2026-09-07T18:00:12.1668612Z       |                          ^~~~~~
2026-09-07T18:00:12.1669871Z /home/runner/work/PocketKrKr/PocketKrKr/cpp/plugins/psdfile/psdparse/psdparse.cpp:472:26: warning: multi-character character constant [-Wmultichar]
2026-09-07T18:00:12.1671289Z   472 |                     case 'plLd': // Placed Layer (replaced by SoLd in
2026-09-07T18:00:12.1672003Z       |                          ^~~~~~
2026-09-07T18:00:12.1673269Z /home/runner/work/PocketKrKr/PocketKrKr/cpp/plugins/psdfile/psdparse/psdparse.cpp:474:26: warning: multi-character character constant [-Wmultichar]
2026-09-07T18:00:12.1674634Z   474 |                     case 'lnkD': // Linked Layer
2026-09-07T18:00:12.1675437Z       |                          ^~~~~~
2026-09-07T18:00:12.1676694Z /home/runner/work/PocketKrKr/PocketKrKr/cpp/plugins/psdfile/psdparse/psdparse.cpp:475:26: warning: multi-character character constant [-Wmultichar]
2026-09-07T18:00:12.1678003Z   475 |                     case 'lnk2':
2026-09-07T18:00:12.1679261Z       |                          ^~~~~~
2026-09-07T18:00:12.1680560Z /home/runner/work/PocketKrKr/PocketKrKr/cpp/plugins/psdfile/psdparse/psdparse.cpp:476:26: warning: multi-character character constant [-Wmultichar]
2026-09-07T18:00:12.1681874Z   476 |                     case 'lnk3':
2026-09-07T18:00:12.1682448Z       |                          ^~~~~~
2026-09-07T18:00:12.1683709Z /home/runner/work/PocketKrKr/PocketKrKr/cpp/plugins/psdfile/psdparse/psdparse.cpp:477:26: warning: multi-character character constant [-Wmultichar]
2026-09-07T18:00:12.1685101Z   477 |                     case 'CgEd': // Content Generator Extra Data
2026-09-07T18:00:12.1686201Z       |                          ^~~~~~
2026-09-07T18:00:12.1687492Z /home/runner/work/PocketKrKr/PocketKrKr/cpp/plugins/psdfile/psdparse/psdparse.cpp:479:26: warning: multi-character character constant [-Wmultichar]
2026-09-07T18:00:12.1688911Z   479 |                     case 'Txt2': // Text Engine Data (Photoshop CS3)
2026-09-07T18:00:12.1689826Z       |                          ^~~~~~
2026-09-07T18:00:12.1691093Z /home/runner/work/PocketKrKr/PocketKrKr/cpp/plugins/psdfile/psdparse/psdparse.cpp:480:26: warning: multi-character character constant [-Wmultichar]
2026-09-07T18:00:12.1692560Z   480 |                     case 'pths': // Unicode Path Name (Photoshop CS6)
2026-09-07T18:00:12.1693289Z       |                          ^~~~~~
2026-09-07T18:00:12.1694571Z /home/runner/work/PocketKrKr/PocketKrKr/cpp/plugins/psdfile/psdparse/psdparse.cpp:481:26: warning: multi-character character constant [-Wmultichar]
2026-09-07T18:00:12.1696262Z   481 |                     case 'anFX': // Animation Effects (Photoshop CS6)
2026-09-07T18:00:12.1697007Z       |                          ^~~~~~
2026-09-07T18:00:12.1698311Z /home/runner/work/PocketKrKr/PocketKrKr/cpp/plugins/psdfile/psdparse/psdparse.cpp:482:26: warning: multi-character character constant [-Wmultichar]
2026-09-07T18:00:12.1699764Z   482 |                     case 'FMsk': // Filter Mask (Photoshop CS3)
2026-09-07T18:00:12.1700460Z       |                          ^~~~~~
2026-09-07T18:00:12.1701754Z /home/runner/work/PocketKrKr/PocketKrKr/cpp/plugins/psdfile/psdparse/psdparse.cpp:483:26: warning: multi-character character constant [-Wmultichar]
2026-09-07T18:00:12.1703181Z   483 |                     case 'SoLd': // Placed Layer Data (Photoshop CS3)
2026-09-07T18:00:12.1703896Z       |                          ^~~~~~
2026-09-07T18:00:12.1705360Z /home/runner/work/PocketKrKr/PocketKrKr/cpp/plugins/psdfile/psdparse/psdparse.cpp:484:26: warning: multi-character character constant [-Wmultichar]
2026-09-07T18:00:12.1706891Z   484 |                     case 'vstk': // Vector Stroke Data (Photoshop CS6)
2026-09-07T18:00:12.1707639Z       |                          ^~~~~~
2026-09-07T18:00:12.1708871Z /home/runner/work/PocketKrKr/PocketKrKr/cpp/plugins/psdfile/psdparse/psdparse.cpp:485:26: warning: multi-character character constant [-Wmultichar]
2026-09-07T18:00:12.1710286Z   485 |                     case 'vscg': // Vector Stroke Content Data
2026-09-07T18:00:12.1710961Z       |                          ^~~~~~
2026-09-07T18:00:12.1712224Z /home/runner/work/PocketKrKr/PocketKrKr/cpp/plugins/psdfile/psdparse/psdparse.cpp:487:26: warning: multi-character character constant [-Wmultichar]
2026-09-07T18:00:12.1713693Z   487 |                     case 'sn2P': // Using Aligned Rendering (Photoshop
2026-09-07T18:00:12.1714421Z       |                          ^~~~~~
2026-09-07T18:00:12.1715914Z /home/runner/work/PocketKrKr/PocketKrKr/cpp/plugins/psdfile/psdparse/psdparse.cpp:489:26: warning: multi-character character constant [-Wmultichar]
2026-09-07T18:00:12.1717408Z   489 |                     case 'vogk': // Vector Origination Data (Photoshop
2026-09-07T18:00:12.1718128Z       |                          ^~~~~~
2026-09-07T18:00:12.1719358Z /home/runner/work/PocketKrKr/PocketKrKr/cpp/plugins/psdfile/psdparse/psdparse.cpp:491:26: warning: multi-character character constant [-Wmultichar]
2026-09-07T18:00:12.1720800Z   491 |                     case 'Mtrn': // Saving Merged Transparency
2026-09-07T18:00:12.1721480Z       |                          ^~~~~~
2026-09-07T18:00:12.1722732Z /home/runner/work/PocketKrKr/PocketKrKr/cpp/plugins/psdfile/psdparse/psdparse.cpp:492:26: warning: multi-character character constant [-Wmultichar]
2026-09-07T18:00:12.1724050Z   492 |                     case 'Mt16':
2026-09-07T18:00:12.1724624Z       |                          ^~~~~~
2026-09-07T18:00:12.1726101Z /home/runner/work/PocketKrKr/PocketKrKr/cpp/plugins/psdfile/psdparse/psdparse.cpp:493:26: warning: multi-character character constant [-Wmultichar]
2026-09-07T18:00:12.1727694Z   493 |                     case 'Mt32':
2026-09-07T18:00:12.1728297Z       |                          ^~~~~~
2026-09-07T18:00:12.1729570Z /home/runner/work/PocketKrKr/PocketKrKr/cpp/plugins/psdfile/psdparse/psdparse.cpp:494:26: warning: multi-character character constant [-Wmultichar]
2026-09-07T18:00:12.1731142Z   494 |                     case 'LMsk': // User Mask
2026-09-07T18:00:12.1731760Z       |                          ^~~~~~
2026-09-07T18:00:12.1733018Z /home/runner/work/PocketKrKr/PocketKrKr/cpp/plugins/psdfile/psdparse/psdparse.cpp:495:26: warning: multi-character character constant [-Wmultichar]
2026-09-07T18:00:12.1734402Z   495 |                     case 'FXid': // Filter Effects
2026-09-07T18:00:12.1735033Z       |                          ^~~~~~
2026-09-07T18:00:12.1736544Z /home/runner/work/PocketKrKr/PocketKrKr/cpp/plugins/psdfile/psdparse/psdparse.cpp:496:26: warning: multi-character character constant [-Wmultichar]
2026-09-07T18:00:12.1737850Z   496 |                     case 'FEid':
2026-09-07T18:00:12.1738441Z       |                          ^~~~~~
2026-09-07T18:00:12.1739413Z In file included from /home/runner/work/PocketKrKr/PocketKrKr/cpp/plugins/psdfile/psdparse/psddata.h:4,
2026-09-07T18:00:12.1740788Z                  from /home/runner/work/PocketKrKr/PocketKrKr/cpp/plugins/psdfile/psdparse/psdparse.h:12,
2026-09-07T18:00:12.1742101Z                  from /home/runner/work/PocketKrKr/PocketKrKr/cpp/plugins/psdfile/psdparse/psdparse.cpp:1:
2026-09-07T18:00:12.1744427Z /home/runner/work/PocketKrKr/PocketKrKr/cpp/plugins/psdfile/psdparse/psddesc.h: In member function ‘virtual void psd::DescriptorReference::dump(int)’:
2026-09-07T18:00:12.1747734Z /home/runner/work/PocketKrKr/PocketKrKr/cpp/plugins/psdfile/psdparse/psddesc.h:234:20: warning: format ‘%d’ expects argument of type ‘int’, but argument 3 has type ‘std::vector<psd::ReferenceItem*>::size_type’ {aka ‘long unsigned int’} [-Wformat=]
2026-09-07T18:00:12.1749855Z   234 |             dprint("%s (count:%d)\n", typeName(), items.size());
2026-09-07T18:00:12.1750631Z       |                    ^~~~~~~~~~~~~~~~~              ~~~~~~~~~~~~
2026-09-07T18:00:12.1751334Z       |                                                             |
2026-09-07T18:00:12.1752331Z       |                                                             std::vector<psd::ReferenceItem*>::size_type {aka long unsigned int}
2026-09-07T18:00:12.1754146Z /home/runner/work/PocketKrKr/PocketKrKr/cpp/plugins/psdfile/psdparse/psdbase.h:7:28: note: in definition of macro ‘dprint’
2026-09-07T18:00:12.1755576Z     7 | #define dprint(...) printf(__VA_ARGS__);
2026-09-07T18:00:12.1756260Z       |                            ^~~~~~~~~~~
2026-09-07T18:00:12.1757258Z In file included from /home/runner/work/PocketKrKr/PocketKrKr/cpp/plugins/psdfile/psdparse/psddata.h:5,
2026-09-07T18:00:12.1758632Z                  from /home/runner/work/PocketKrKr/PocketKrKr/cpp/plugins/psdfile/psdparse/psdparse.h:12,
2026-09-07T18:00:12.1759972Z                  from /home/runner/work/PocketKrKr/PocketKrKr/cpp/plugins/psdfile/psdparse/psdparse.cpp:1:
2026-09-07T18:00:12.1761497Z /home/runner/work/PocketKrKr/PocketKrKr/cpp/plugins/psdfile/psdparse/psddesc.h:234:32: note: format string is defined here
2026-09-07T18:00:12.1762868Z   234 |             dprint("%s (count:%d)\n", typeName(), items.size());
2026-09-07T18:00:12.1763577Z       |                               ~^
2026-09-07T18:00:12.1764158Z       |                                |
2026-09-07T18:00:12.1764716Z       |                                int
2026-09-07T18:00:12.1765471Z       |                               %ld
2026-09-07T18:00:12.1766479Z In file included from /home/runner/work/PocketKrKr/PocketKrKr/cpp/plugins/psdfile/psdparse/psddata.h:4,
2026-09-07T18:00:12.1767848Z                  from /home/runner/work/PocketKrKr/PocketKrKr/cpp/plugins/psdfile/psdparse/psdparse.h:12,
2026-09-07T18:00:12.1769154Z                  from /home/runner/work/PocketKrKr/PocketKrKr/cpp/plugins/psdfile/psdparse/psdparse.cpp:1:
2026-09-07T18:00:12.1771402Z /home/runner/work/PocketKrKr/PocketKrKr/cpp/plugins/psdfile/psdparse/psddesc.h: In member function ‘virtual void psd::DescriptorList::dump(int)’:
2026-09-07T18:00:12.1774480Z /home/runner/work/PocketKrKr/PocketKrKr/cpp/plugins/psdfile/psdparse/psddesc.h:253:20: warning: format ‘%d’ expects argument of type ‘int’, but argument 3 has type ‘std::vector<psd::DescriptorItem*>::size_type’ {aka ‘long unsigned int’} [-Wformat=]
2026-09-07T18:00:12.1776990Z   253 |             dprint("%s (count:%d)\n", typeName(), items.size());
2026-09-07T18:00:12.1777760Z       |                    ^~~~~~~~~~~~~~~~~              ~~~~~~~~~~~~
2026-09-07T18:00:12.1778448Z       |                                                             |
2026-09-07T18:00:12.1779425Z       |                                                             std::vector<psd::DescriptorItem*>::size_type {aka long unsigned int}
2026-09-07T18:00:12.1781144Z /home/runner/work/PocketKrKr/PocketKrKr/cpp/plugins/psdfile/psdparse/psdbase.h:7:28: note: in definition of macro ‘dprint’
2026-09-07T18:00:12.1782372Z     7 | #define dprint(...) printf(__VA_ARGS__);
2026-09-07T18:00:12.1783007Z       |                            ^~~~~~~~~~~
2026-09-07T18:00:12.1784017Z In file included from /home/runner/work/PocketKrKr/PocketKrKr/cpp/plugins/psdfile/psdparse/psddata.h:5,
2026-09-07T18:00:12.1785636Z                  from /home/runner/work/PocketKrKr/PocketKrKr/cpp/plugins/psdfile/psdparse/psdparse.h:12,
2026-09-07T18:00:12.1787014Z                  from /home/runner/work/PocketKrKr/PocketKrKr/cpp/plugins/psdfile/psdparse/psdparse.cpp:1:
2026-09-07T18:00:12.1788551Z /home/runner/work/PocketKrKr/PocketKrKr/cpp/plugins/psdfile/psdparse/psddesc.h:253:32: note: format string is defined here
2026-09-07T18:00:12.1789811Z   253 |             dprint("%s (count:%d)\n", typeName(), items.size());
2026-09-07T18:00:12.1790554Z       |                               ~^
2026-09-07T18:00:12.1791116Z       |                                |
2026-09-07T18:00:12.1791692Z       |                                int
2026-09-07T18:00:12.1792266Z       |                               %ld
2026-09-07T18:00:12.1793214Z [512/741] Building CXX object cpp/plugins/psdfile/psdparse/CMakeFiles/psdparse.dir/psdresource.cpp.o
2026-09-07T18:00:12.1794620Z In file included from /home/runner/work/PocketKrKr/PocketKrKr/cpp/plugins/psdfile/psdparse/psddata.h:5,
2026-09-07T18:00:12.1796272Z                  from /home/runner/work/PocketKrKr/PocketKrKr/cpp/plugins/psdfile/psdparse/psdresource.cpp:1:
2026-09-07T18:00:12.1797947Z /home/runner/work/PocketKrKr/PocketKrKr/cpp/plugins/psdfile/psdparse/psddesc.h:17:26: warning: multi-character character constant [-Wmultichar]
2026-09-07T18:00:12.1799237Z    17 |         TYPE_REFERENCE = 'obj ',
2026-09-07T18:00:12.1799811Z       |                          ^~~~~~
2026-09-07T18:00:12.1801066Z /home/runner/work/PocketKrKr/PocketKrKr/cpp/plugins/psdfile/psdparse/psddesc.h:18:27: warning: multi-character character constant [-Wmultichar]
2026-09-07T18:00:12.1802367Z    18 |         TYPE_DESCRIPTOR = 'Objc',
2026-09-07T18:00:12.1802957Z       |                           ^~~~~~
2026-09-07T18:00:12.1804165Z /home/runner/work/PocketKrKr/PocketKrKr/cpp/plugins/psdfile/psdparse/psddesc.h:19:21: warning: multi-character character constant [-Wmultichar]
2026-09-07T18:00:12.1805798Z    19 |         TYPE_LIST = 'VlLs',
2026-09-07T18:00:12.1806369Z       |                     ^~~~~~
2026-09-07T18:00:12.1807596Z /home/runner/work/PocketKrKr/PocketKrKr/cpp/plugins/psdfile/psdparse/psddesc.h:20:23: warning: multi-character character constant [-Wmultichar]
2026-09-07T18:00:12.1808934Z    20 |         TYPE_DOUBLE = 'doub',
2026-09-07T18:00:12.1809492Z       |                       ^~~~~~
2026-09-07T18:00:12.1810686Z /home/runner/work/PocketKrKr/PocketKrKr/cpp/plugins/psdfile/psdparse/psddesc.h:21:27: warning: multi-character character constant [-Wmultichar]
2026-09-07T18:00:12.1812003Z    21 |         TYPE_UNIT_FLOAT = 'UntF',
2026-09-07T18:00:12.1812580Z       |                           ^~~~~~
2026-09-07T18:00:12.1814098Z /home/runner/work/PocketKrKr/PocketKrKr/cpp/plugins/psdfile/psdparse/psddesc.h:22:23: warning: multi-character character constant [-Wmultichar]
2026-09-07T18:00:12.1815801Z    22 |         TYPE_STRING = 'TEXT',
2026-09-07T18:00:12.1816280Z       |                       ^~~~~~
2026-09-07T18:00:12.1817628Z /home/runner/work/PocketKrKr/PocketKrKr/cpp/plugins/psdfile/psdparse/psddesc.h:23:27: warning: multi-character character constant [-Wmultichar]
2026-09-07T18:00:12.1818789Z    23 |         TYPE_ENUMERATED = 'enum',
2026-09-07T18:00:12.1819257Z       |                           ^~~~~~
2026-09-07T18:00:12.1820395Z /home/runner/work/PocketKrKr/PocketKrKr/cpp/plugins/psdfile/psdparse/psddesc.h:24:24: warning: multi-character character constant [-Wmultichar]
2026-09-07T18:00:12.1821538Z    24 |         TYPE_INTEGER = 'long',
2026-09-07T18:00:12.1821995Z       |                        ^~~~~~
2026-09-07T18:00:12.1823106Z /home/runner/work/PocketKrKr/PocketKrKr/cpp/plugins/psdfile/psdparse/psddesc.h:25:24: warning: multi-character character constant [-Wmultichar]
2026-09-07T18:00:12.1824219Z    25 |         TYPE_BOOLEAN = 'bool',
2026-09-07T18:00:12.1824678Z       |                        ^~~~~~
2026-09-07T18:00:12.1826012Z /home/runner/work/PocketKrKr/PocketKrKr/cpp/plugins/psdfile/psdparse/psddesc.h:26:30: warning: multi-character character constant [-Wmultichar]
2026-09-07T18:00:12.1827240Z    26 |         TYPE_GLOBAL_OBJECT = 'GlbO',
2026-09-07T18:00:12.1827728Z       |                              ^~~~~~
2026-09-07T18:00:12.1828885Z /home/runner/work/PocketKrKr/PocketKrKr/cpp/plugins/psdfile/psdparse/psddesc.h:27:23: warning: multi-character character constant [-Wmultichar]
2026-09-07T18:00:12.1830077Z    27 |         TYPE_CLASS1 = 'type',
2026-09-07T18:00:12.1830528Z       |                       ^~~~~~
2026-09-07T18:00:12.1831672Z /home/runner/work/PocketKrKr/PocketKrKr/cpp/plugins/psdfile/psdparse/psddesc.h:28:23: warning: multi-character character constant [-Wmultichar]
2026-09-07T18:00:12.1832869Z    28 |         TYPE_CLASS2 = 'GlbC',
2026-09-07T18:00:12.1833315Z       |                       ^~~~~~
2026-09-07T18:00:12.1834446Z /home/runner/work/PocketKrKr/PocketKrKr/cpp/plugins/psdfile/psdparse/psddesc.h:29:22: warning: multi-character character constant [-Wmultichar]
2026-09-07T18:00:12.1835831Z    29 |         TYPE_ALIAS = 'alis',
2026-09-07T18:00:12.1836291Z       |                      ^~~~~~
2026-09-07T18:00:12.1837421Z /home/runner/work/PocketKrKr/PocketKrKr/cpp/plugins/psdfile/psdparse/psddesc.h:30:25: warning: multi-character character constant [-Wmultichar]
2026-09-07T18:00:12.1838599Z    30 |         TYPE_RAW_DATA = 'tdta',
2026-09-07T18:00:12.1839078Z       |                         ^~~~~~
2026-09-07T18:00:12.1840215Z /home/runner/work/PocketKrKr/PocketKrKr/cpp/plugins/psdfile/psdparse/psddesc.h:34:23: warning: multi-character character constant [-Wmultichar]
2026-09-07T18:00:12.1841413Z    34 |         UNIT_POINTS = '#Pnt',
2026-09-07T18:00:12.1841890Z       |                       ^~~~~~
2026-09-07T18:00:12.1843032Z /home/runner/work/PocketKrKr/PocketKrKr/cpp/plugins/psdfile/psdparse/psddesc.h:35:28: warning: multi-character character constant [-Wmultichar]
2026-09-07T18:00:12.1844251Z    35 |         UNIT_MILLIMETERS = '#Mlm',
2026-09-07T18:00:12.1844765Z       |                            ^~~~~~
2026-09-07T18:00:12.1846265Z /home/runner/work/PocketKrKr/PocketKrKr/cpp/plugins/psdfile/psdparse/psddesc.h:36:22: warning: multi-character character constant [-Wmultichar]
2026-09-07T18:00:12.1847487Z    36 |         UNIT_ANGLE = '#Ang', // degrees
2026-09-07T18:00:12.1847991Z       |                      ^~~~~~
2026-09-07T18:00:12.1849126Z /home/runner/work/PocketKrKr/PocketKrKr/cpp/plugins/psdfile/psdparse/psddesc.h:37:24: warning: multi-character character constant [-Wmultichar]
2026-09-07T18:00:12.1850373Z    37 |         UNIT_DENSITY = '#Rsl', // base per inch
2026-09-07T18:00:12.1850898Z       |                        ^~~~~~
2026-09-07T18:00:12.1852258Z /home/runner/work/PocketKrKr/PocketKrKr/cpp/plugins/psdfile/psdparse/psddesc.h:38:25: warning: multi-character character constant [-Wmultichar]
2026-09-07T18:00:12.1853568Z    38 |         UNIT_DISTANCE = '#Rlt', // base 72ppi
2026-09-07T18:00:12.1854084Z       |                         ^~~~~~
2026-09-07T18:00:12.1855629Z /home/runner/work/PocketKrKr/PocketKrKr/cpp/plugins/psdfile/psdparse/psddesc.h:39:21: warning: multi-character character constant [-Wmultichar]
2026-09-07T18:00:12.1856825Z    39 |         UNIT_NONE = '#Nne',
2026-09-07T18:00:12.1857274Z       |                     ^~~~~~
2026-09-07T18:00:12.1858388Z /home/runner/work/PocketKrKr/PocketKrKr/cpp/plugins/psdfile/psdparse/psddesc.h:40:24: warning: multi-character character constant [-Wmultichar]
2026-09-07T18:00:12.1859582Z    40 |         UNIT_PERCENT = '#Prc',
2026-09-07T18:00:12.1860053Z       |                        ^~~~~~
2026-09-07T18:00:12.1861192Z /home/runner/work/PocketKrKr/PocketKrKr/cpp/plugins/psdfile/psdparse/psddesc.h:41:23: warning: multi-character character constant [-Wmultichar]
2026-09-07T18:00:12.1862387Z    41 |         UNIT_PIXELS = '#Pxl',
2026-09-07T18:00:12.1862833Z       |                       ^~~~~~
2026-09-07T18:00:12.1863963Z /home/runner/work/PocketKrKr/PocketKrKr/cpp/plugins/psdfile/psdparse/psddesc.h:46:29: warning: multi-character character constant [-Wmultichar]
2026-09-07T18:00:12.1865370Z    46 |         REF_TYPE_PROPERTY = 'prop',
2026-09-07T18:00:12.1865867Z       |                             ^~~~~~
2026-09-07T18:00:12.1867025Z /home/runner/work/PocketKrKr/PocketKrKr/cpp/plugins/psdfile/psdparse/psddesc.h:47:26: warning: multi-character character constant [-Wmultichar]
2026-09-07T18:00:12.1868207Z    47 |         REF_TYPE_CLASS = 'Clss',
2026-09-07T18:00:12.1868674Z       |                          ^~~~~~
2026-09-07T18:00:12.1869819Z /home/runner/work/PocketKrKr/PocketKrKr/cpp/plugins/psdfile/psdparse/psddesc.h:48:29: warning: multi-character character constant [-Wmultichar]
2026-09-07T18:00:12.1871030Z    48 |         REF_TYPE_ENUM_REF = 'Enmr',
2026-09-07T18:00:12.1871523Z       |                             ^~~~~~
2026-09-07T18:00:12.1872674Z /home/runner/work/PocketKrKr/PocketKrKr/cpp/plugins/psdfile/psdparse/psddesc.h:49:27: warning: multi-character character constant [-Wmultichar]
2026-09-07T18:00:12.1873867Z    49 |         REF_TYPE_OFFSET = 'rele',
2026-09-07T18:00:12.1874347Z       |                           ^~~~~~
2026-09-07T18:00:12.1875666Z /home/runner/work/PocketKrKr/PocketKrKr/cpp/plugins/psdfile/psdparse/psddesc.h:50:31: warning: multi-character character constant [-Wmultichar]
2026-09-07T18:00:12.1876884Z    50 |         REF_TYPE_IDENTIFIER = 'Idnt',
2026-09-07T18:00:12.1877386Z       |                               ^~~~~~
2026-09-07T18:00:12.1878537Z /home/runner/work/PocketKrKr/PocketKrKr/cpp/plugins/psdfile/psdparse/psddesc.h:51:26: warning: multi-character character constant [-Wmultichar]
2026-09-07T18:00:12.1879733Z    51 |         REF_TYPE_INDEX = 'indx',
2026-09-07T18:00:12.1880207Z       |                          ^~~~~~
2026-09-07T18:00:12.1881357Z /home/runner/work/PocketKrKr/PocketKrKr/cpp/plugins/psdfile/psdparse/psddesc.h:52:25: warning: multi-character character constant [-Wmultichar]
2026-09-07T18:00:12.1882539Z    52 |         REF_TYPE_NAME = 'name',
2026-09-07T18:00:12.1883002Z       |                         ^~~~~~
2026-09-07T18:00:12.1883934Z In file included from /home/runner/work/PocketKrKr/PocketKrKr/cpp/plugins/psdfile/psdparse/psdresource.cpp:1:
2026-09-07T18:00:12.1885758Z /home/runner/work/PocketKrKr/PocketKrKr/cpp/plugins/psdfile/psdparse/psddata.h:113:18: warning: multi-character character constant [-Wmultichar]
2026-09-07T18:00:12.1886960Z   113 |             case 'norm':
2026-09-07T18:00:12.1887381Z       |                  ^~~~~~
2026-09-07T18:00:12.1888485Z /home/runner/work/PocketKrKr/PocketKrKr/cpp/plugins/psdfile/psdparse/psddata.h:115:18: warning: multi-character character constant [-Wmultichar]
2026-09-07T18:00:12.1889643Z   115 |             case 'diss':
2026-09-07T18:00:12.1890261Z       |                  ^~~~~~
2026-09-07T18:00:12.1891390Z /home/runner/work/PocketKrKr/PocketKrKr/cpp/plugins/psdfile/psdparse/psddata.h:117:18: warning: multi-character character constant [-Wmultichar]
2026-09-07T18:00:12.1892567Z   117 |             case 'dark':
2026-09-07T18:00:12.1893170Z       |                  ^~~~~~
2026-09-07T18:00:12.1894284Z /home/runner/work/PocketKrKr/PocketKrKr/cpp/plugins/psdfile/psdparse/psddata.h:119:18: warning: multi-character character constant [-Wmultichar]
2026-09-07T18:00:12.1895662Z   119 |             case 'mul ':
2026-09-07T18:00:12.1896088Z       |                  ^~~~~~
2026-09-07T18:00:12.1897194Z /home/runner/work/PocketKrKr/PocketKrKr/cpp/plugins/psdfile/psdparse/psddata.h:121:18: warning: multi-character character constant [-Wmultichar]
2026-09-07T18:00:12.1898368Z   121 |             case 'idiv':
2026-09-07T18:00:12.1898780Z       |                  ^~~~~~
2026-09-07T18:00:12.1899895Z /home/runner/work/PocketKrKr/PocketKrKr/cpp/plugins/psdfile/psdparse/psddata.h:123:18: warning: multi-character character constant [-Wmultichar]
2026-09-07T18:00:12.1901067Z   123 |             case 'lbrn':
2026-09-07T18:00:12.1901482Z       |                  ^~~~~~
2026-09-07T18:00:12.1902593Z /home/runner/work/PocketKrKr/PocketKrKr/cpp/plugins/psdfile/psdparse/psddata.h:125:18: warning: multi-character character constant [-Wmultichar]
2026-09-07T18:00:12.1903786Z   125 |             case 'dkCl':
2026-09-07T18:00:12.1904198Z       |                  ^~~~~~
2026-09-07T18:00:12.1905481Z /home/runner/work/PocketKrKr/PocketKrKr/cpp/plugins/psdfile/psdparse/psddata.h:127:18: warning: multi-character character constant [-Wmultichar]
2026-09-07T18:00:12.1906661Z   127 |             case 'lite':
2026-09-07T18:00:12.1907069Z       |                  ^~~~~~
2026-09-07T18:00:12.1908180Z /home/runner/work/PocketKrKr/PocketKrKr/cpp/plugins/psdfile/psdparse/psddata.h:129:18: warning: multi-character character constant [-Wmultichar]
2026-09-07T18:00:12.1909345Z   129 |             case 'scrn':
2026-09-07T18:00:12.1909771Z       |                  ^~~~~~
2026-09-07T18:00:12.1910854Z /home/runner/work/PocketKrKr/PocketKrKr/cpp/plugins/psdfile/psdparse/psddata.h:131:18: warning: multi-character character constant [-Wmultichar]
2026-09-07T18:00:12.1912010Z   131 |             case 'div ':
2026-09-07T18:00:12.1912450Z       |                  ^~~~~~
2026-09-07T18:00:12.1913559Z /home/runner/work/PocketKrKr/PocketKrKr/cpp/plugins/psdfile/psdparse/psddata.h:133:18: warning: multi-character character constant [-Wmultichar]
2026-09-07T18:00:12.1914764Z   133 |             case 'lddg':
2026-09-07T18:00:12.1915361Z       |                  ^~~~~~
2026-09-07T18:00:12.1916479Z /home/runner/work/PocketKrKr/PocketKrKr/cpp/plugins/psdfile/psdparse/psddata.h:135:18: warning: multi-character character constant [-Wmultichar]
2026-09-07T18:00:12.1917669Z   135 |             case 'ltCl':
2026-09-07T18:00:12.1918084Z       |                  ^~~~~~
2026-09-07T18:00:12.1919200Z /home/runner/work/PocketKrKr/PocketKrKr/cpp/plugins/psdfile/psdparse/psddata.h:137:18: warning: multi-character character constant [-Wmultichar]
2026-09-07T18:00:12.1920369Z   137 |             case 'over':
2026-09-07T18:00:12.1920782Z       |                  ^~~~~~
2026-09-07T18:00:12.1921895Z /home/runner/work/PocketKrKr/PocketKrKr/cpp/plugins/psdfile/psdparse/psddata.h:139:18: warning: multi-character character constant [-Wmultichar]
2026-09-07T18:00:12.1923076Z   139 |             case 'sLit':
2026-09-07T18:00:12.1923508Z       |                  ^~~~~~
2026-09-07T18:00:12.1924610Z /home/runner/work/PocketKrKr/PocketKrKr/cpp/plugins/psdfile/psdparse/psddata.h:141:18: warning: multi-character character constant [-Wmultichar]
2026-09-07T18:00:12.1926115Z   141 |             case 'hLit':
2026-09-07T18:00:12.1926535Z       |                  ^~~~~~
2026-09-07T18:00:12.1927646Z /home/runner/work/PocketKrKr/PocketKrKr/cpp/plugins/psdfile/psdparse/psddata.h:143:18: warning: multi-character character constant [-Wmultichar]
2026-09-07T18:00:12.1929028Z   143 |             case 'vLit':
2026-09-07T18:00:12.1929462Z       |                  ^~~~~~
2026-09-07T18:00:12.1930576Z /home/runner/work/PocketKrKr/PocketKrKr/cpp/plugins/psdfile/psdparse/psddata.h:145:18: warning: multi-character character constant [-Wmultichar]
2026-09-07T18:00:12.1931978Z   145 |             case 'lLit':
2026-09-07T18:00:12.1932393Z       |                  ^~~~~~
2026-09-07T18:00:12.1933503Z /home/runner/work/PocketKrKr/PocketKrKr/cpp/plugins/psdfile/psdparse/psddata.h:147:18: warning: multi-character character constant [-Wmultichar]
2026-09-07T18:00:12.1934683Z   147 |             case 'pLit':
2026-09-07T18:00:12.1935103Z       |                  ^~~~~~
2026-09-07T18:00:12.1936473Z /home/runner/work/PocketKrKr/PocketKrKr/cpp/plugins/psdfile/psdparse/psddata.h:149:18: warning: multi-character character constant [-Wmultichar]
2026-09-07T18:00:12.1937658Z   149 |             case 'hMix':
2026-09-07T18:00:12.1938083Z       |                  ^~~~~~
2026-09-07T18:00:12.1939204Z /home/runner/work/PocketKrKr/PocketKrKr/cpp/plugins/psdfile/psdparse/psddata.h:151:18: warning: multi-character character constant [-Wmultichar]
2026-09-07T18:00:12.1940391Z   151 |             case 'diff':
2026-09-07T18:00:12.1940529Z       |                  ^~~~~~
2026-09-07T18:00:12.1941385Z /home/runner/work/PocketKrKr/PocketKrKr/cpp/plugins/psdfile/psdparse/psddata.h:153:18: warning: multi-character character constant [-Wmultichar]
2026-09-07T18:00:12.1941538Z   153 |             case 'smud':
2026-09-07T18:00:12.1941673Z       |                  ^~~~~~
2026-09-07T18:00:12.1942522Z /home/runner/work/PocketKrKr/PocketKrKr/cpp/plugins/psdfile/psdparse/psddata.h:155:18: warning: multi-character character constant [-Wmultichar]
2026-09-07T18:00:12.1942673Z   155 |             case 'fsub':
2026-09-07T18:00:12.1942814Z       |                  ^~~~~~
2026-09-07T18:00:12.1943660Z /home/runner/work/PocketKrKr/PocketKrKr/cpp/plugins/psdfile/psdparse/psddata.h:157:18: warning: multi-character character constant [-Wmultichar]
2026-09-07T18:00:12.1943822Z   157 |             case 'fdiv':
2026-09-07T18:00:12.1943965Z       |                  ^~~~~~
2026-09-07T18:00:12.1944801Z /home/runner/work/PocketKrKr/PocketKrKr/cpp/plugins/psdfile/psdparse/psddata.h:159:18: warning: multi-character character constant [-Wmultichar]
2026-09-07T18:00:12.1944964Z   159 |             case 'hue ':
2026-09-07T18:00:12.1945106Z       |                  ^~~~~~
2026-09-07T18:00:12.1946156Z /home/runner/work/PocketKrKr/PocketKrKr/cpp/plugins/psdfile/psdparse/psddata.h:161:18: warning: multi-character character constant [-Wmultichar]
2026-09-07T18:00:12.1946304Z   161 |             case 'sat ':
2026-09-07T18:00:12.1946445Z       |                  ^~~~~~
2026-09-07T18:00:12.1947288Z /home/runner/work/PocketKrKr/PocketKrKr/cpp/plugins/psdfile/psdparse/psddata.h:163:18: warning: multi-character character constant [-Wmultichar]
2026-09-07T18:00:12.1947431Z   163 |             case 'colr':
2026-09-07T18:00:12.1947575Z       |                  ^~~~~~
2026-09-07T18:00:12.1948421Z /home/runner/work/PocketKrKr/PocketKrKr/cpp/plugins/psdfile/psdparse/psddata.h:165:18: warning: multi-character character constant [-Wmultichar]
2026-09-07T18:00:12.1948574Z   165 |             case 'lum ':
2026-09-07T18:00:12.1948709Z       |                  ^~~~~~
2026-09-07T18:00:12.1949562Z /home/runner/work/PocketKrKr/PocketKrKr/cpp/plugins/psdfile/psdparse/psddata.h:167:18: warning: multi-character character constant [-Wmultichar]
2026-09-07T18:00:12.1949720Z   167 |             case 'pass':
2026-09-07T18:00:12.1949855Z       |                  ^~~~~~
2026-09-07T18:00:12.1950443Z In file included from /home/runner/work/PocketKrKr/PocketKrKr/cpp/plugins/psdfile/psdparse/psddata.h:4,
2026-09-07T18:00:12.1951011Z                  from /home/runner/work/PocketKrKr/PocketKrKr/cpp/plugins/psdfile/psdparse/psdresource.cpp:1:
2026-09-07T18:00:12.1952516Z /home/runner/work/PocketKrKr/PocketKrKr/cpp/plugins/psdfile/psdparse/psddesc.h: In member function ‘virtual void psd::DescriptorReference::dump(int)’:
2026-09-07T18:00:12.1954508Z /home/runner/work/PocketKrKr/PocketKrKr/cpp/plugins/psdfile/psdparse/psddesc.h:234:20: warning: format ‘%d’ expects argument of type ‘int’, but argument 3 has type ‘std::vector<psd::ReferenceItem*>::size_type’ {aka ‘long unsigned int’} [-Wformat=]
2026-09-07T18:00:12.1955004Z   234 |             dprint("%s (count:%d)\n", typeName(), items.size());
2026-09-07T18:00:12.1955412Z       |                    ^~~~~~~~~~~~~~~~~              ~~~~~~~~~~~~
2026-09-07T18:00:12.1955736Z       |                                                             |
2026-09-07T18:00:12.1956228Z       |                                                             std::vector<psd::ReferenceItem*>::size_type {aka long unsigned int}
2026-09-07T18:00:12.1957150Z /home/runner/work/PocketKrKr/PocketKrKr/cpp/plugins/psdfile/psdparse/psdbase.h:7:28: note: in definition of macro ‘dprint’
2026-09-07T18:00:12.1957352Z     7 | #define dprint(...) printf(__VA_ARGS__);
2026-09-07T18:00:12.1957534Z       |                            ^~~~~~~~~~~
2026-09-07T18:00:12.1958117Z In file included from /home/runner/work/PocketKrKr/PocketKrKr/cpp/plugins/psdfile/psdparse/psddata.h:5,
2026-09-07T18:00:12.1958682Z                  from /home/runner/work/PocketKrKr/PocketKrKr/cpp/plugins/psdfile/psdparse/psdresource.cpp:1:
2026-09-07T18:00:12.1959427Z /home/runner/work/PocketKrKr/PocketKrKr/cpp/plugins/psdfile/psdparse/psddesc.h:234:32: note: format string is defined here
2026-09-07T18:00:12.1959707Z   234 |             dprint("%s (count:%d)\n", typeName(), items.size());
2026-09-07T18:00:12.1959856Z       |                               ~^
2026-09-07T18:00:12.1960002Z       |                                |
2026-09-07T18:00:12.1960158Z       |                                int
2026-09-07T18:00:12.1960306Z       |                               %ld
2026-09-07T18:00:12.1960875Z In file included from /home/runner/work/PocketKrKr/PocketKrKr/cpp/plugins/psdfile/psdparse/psddata.h:4,
2026-09-07T18:00:12.1961432Z                  from /home/runner/work/PocketKrKr/PocketKrKr/cpp/plugins/psdfile/psdparse/psdresource.cpp:1:
2026-09-07T18:00:12.1962580Z /home/runner/work/PocketKrKr/PocketKrKr/cpp/plugins/psdfile/psdparse/psddesc.h: In member function ‘virtual void psd::DescriptorList::dump(int)’:
2026-09-07T18:00:12.1964422Z /home/runner/work/PocketKrKr/PocketKrKr/cpp/plugins/psdfile/psdparse/psddesc.h:253:20: warning: format ‘%d’ expects argument of type ‘int’, but argument 3 has type ‘std::vector<psd::DescriptorItem*>::size_type’ {aka ‘long unsigned int’} [-Wformat=]
2026-09-07T18:00:12.1964682Z   253 |             dprint("%s (count:%d)\n", typeName(), items.size());
2026-09-07T18:00:12.1964890Z       |                    ^~~~~~~~~~~~~~~~~              ~~~~~~~~~~~~
2026-09-07T18:00:12.1965088Z       |                                                             |
2026-09-07T18:00:12.1965771Z       |                                                             std::vector<psd::DescriptorItem*>::size_type {aka long unsigned int}
2026-09-07T18:00:12.1966651Z /home/runner/work/PocketKrKr/PocketKrKr/cpp/plugins/psdfile/psdparse/psdbase.h:7:28: note: in definition of macro ‘dprint’
2026-09-07T18:00:12.1966854Z     7 | #define dprint(...) printf(__VA_ARGS__);
2026-09-07T18:00:12.1967018Z       |                            ^~~~~~~~~~~
2026-09-07T18:00:12.1967587Z In file included from /home/runner/work/PocketKrKr/PocketKrKr/cpp/plugins/psdfile/psdparse/psddata.h:5,
2026-09-07T18:00:12.1968134Z                  from /home/runner/work/PocketKrKr/PocketKrKr/cpp/plugins/psdfile/psdparse/psdresource.cpp:1:
2026-09-07T18:00:12.1968830Z /home/runner/work/PocketKrKr/PocketKrKr/cpp/plugins/psdfile/psdparse/psddesc.h:253:32: note: format string is defined here
2026-09-07T18:00:12.1969090Z   253 |             dprint("%s (count:%d)\n", typeName(), items.size());
2026-09-07T18:00:12.1969240Z       |                               ~^
2026-09-07T18:00:12.1969391Z       |                                |
2026-09-07T18:00:12.1969762Z       |                                int
2026-09-07T18:00:12.1969905Z       |                               %ld
2026-09-07T18:00:13.3126784Z [513/741] Building CXX object cpp/plugins/psbfile/CMakeFiles/psbfile.dir/__/fstat/main.cpp.o
2026-09-07T18:00:13.3176093Z In file included from /home/runner/work/PocketKrKr/PocketKrKr/cpp/plugins/fstat/main.cpp:8:
2026-09-07T18:00:13.3207287Z /home/runner/work/PocketKrKr/PocketKrKr/cpp/core/plugin/ncbind.hpp: In static member function ‘static ncbTypeConvertor::Conversion<FROM, TO>::OK ncbTypeConvertor::Conversion<FROM, TO>::check(TO)’:
2026-09-07T18:00:13.3211605Z /home/runner/work/PocketKrKr/PocketKrKr/cpp/core/plugin/ncbind.hpp:244:38: warning: no return statement in function returning non-void [-Wreturn-type]
2026-09-07T18:00:13.3213090Z   244 |                 static OK check(TO) {};
2026-09-07T18:00:13.3213788Z       |                                      ^
2026-09-07T18:00:14.6331207Z [514/741] Building CXX object cpp/plugins/psdfile/psdparse/CMakeFiles/psdparse.dir/__/__/scriptsEx.cpp.o
2026-09-07T18:00:14.6366465Z In file included from /home/runner/work/PocketKrKr/PocketKrKr/cpp/plugins/scriptsEx.cpp:5:
2026-09-07T18:00:14.6387360Z /home/runner/work/PocketKrKr/PocketKrKr/cpp/core/plugin/ncbind.hpp: In static member function ‘static ncbTypeConvertor::Conversion<FROM, TO>::OK ncbTypeConvertor::Conversion<FROM, TO>::check(TO)’:
2026-09-07T18:00:14.6390085Z /home/runner/work/PocketKrKr/PocketKrKr/cpp/core/plugin/ncbind.hpp:244:38: warning: no return statement in function returning non-void [-Wreturn-type]
2026-09-07T18:00:14.6391571Z   244 |                 static OK check(TO) {};
2026-09-07T18:00:14.6392373Z       |                                      ^
2026-09-07T18:00:15.3387005Z [515/741] Building CXX object cpp/plugins/psdfile/psdparse/CMakeFiles/psdparse.dir/__/__/win32dialog.cpp.o
2026-09-07T18:00:15.3388431Z In file included from /home/runner/work/PocketKrKr/PocketKrKr/cpp/plugins/win32dialog.cpp:2:
2026-09-07T18:00:15.3447429Z /home/runner/work/PocketKrKr/PocketKrKr/cpp/core/plugin/ncbind.hpp: In static member function ‘static ncbTypeConvertor::Conversion<FROM, TO>::OK ncbTypeConvertor::Conversion<FROM, TO>::check(TO)’:
2026-09-07T18:00:15.3449924Z /home/runner/work/PocketKrKr/PocketKrKr/cpp/core/plugin/ncbind.hpp:244:38: warning: no return statement in function returning non-void [-Wreturn-type]
2026-09-07T18:00:15.3474968Z   244 |                 static OK check(TO) {};
2026-09-07T18:00:15.3476157Z       |                                      ^
2026-09-07T18:00:16.8032970Z [516/741] Building CXX object cpp/plugins/psdfile/psdparse/CMakeFiles/psdparse.dir/__/__/dirlist.cpp.o
2026-09-07T18:00:16.8036602Z In file included from /home/runner/work/PocketKrKr/PocketKrKr/cpp/plugins/dirlist.cpp:5:
2026-09-07T18:00:16.8039138Z /home/runner/work/PocketKrKr/PocketKrKr/cpp/core/plugin/ncbind.hpp: In static member function ‘static ncbTypeConvertor::Conversion<FROM, TO>::OK ncbTypeConvertor::Conversion<FROM, TO>::check(TO)’:
2026-09-07T18:00:16.8041421Z /home/runner/work/PocketKrKr/PocketKrKr/cpp/core/plugin/ncbind.hpp:244:38: warning: no return statement in function returning non-void [-Wreturn-type]
2026-09-07T18:00:16.8042694Z   244 |                 static OK check(TO) {};
2026-09-07T18:00:16.8043319Z       |                                      ^
2026-09-07T18:00:17.5386750Z [517/741] Building CXX object cpp/plugins/psdfile/psdparse/CMakeFiles/psdparse.dir/__/__/csvParser.cpp.o
2026-09-07T18:00:17.5396437Z In file included from /home/runner/work/PocketKrKr/PocketKrKr/cpp/plugins/csvParser.cpp:3:
2026-09-07T18:00:17.5399345Z /home/runner/work/PocketKrKr/PocketKrKr/cpp/core/plugin/ncbind.hpp: In static member function ‘static ncbTypeConvertor::Conversion<FROM, TO>::OK ncbTypeConvertor::Conversion<FROM, TO>::check(TO)’:
2026-09-07T18:00:17.5401884Z /home/runner/work/PocketKrKr/PocketKrKr/cpp/core/plugin/ncbind.hpp:244:38: warning: no return statement in function returning non-void [-Wreturn-type]
2026-09-07T18:00:17.5403324Z   244 |                 static OK check(TO) {};
2026-09-07T18:00:17.5404383Z       |                                      ^
2026-09-07T18:00:19.7116840Z [518/741] Building CXX object cpp/plugins/psdfile/psdparse/CMakeFiles/psdparse.dir/__/__/varfile.cpp.o
2026-09-07T18:00:19.7146126Z In file included from /home/runner/work/PocketKrKr/PocketKrKr/cpp/plugins/varfile.cpp:3:
2026-09-07T18:00:19.7149177Z /home/runner/work/PocketKrKr/PocketKrKr/cpp/core/plugin/ncbind.hpp: In static member function ‘static ncbTypeConvertor::Conversion<FROM, TO>::OK ncbTypeConvertor::Conversion<FROM, TO>::check(TO)’:
2026-09-07T18:00:19.7176621Z /home/runner/work/PocketKrKr/PocketKrKr/cpp/core/plugin/ncbind.hpp:244:38: warning: no return statement in function returning non-void [-Wreturn-type]
2026-09-07T18:00:19.7205943Z   244 |                 static OK check(TO) {};
2026-09-07T18:00:19.7206509Z       |                                      ^
2026-09-07T18:00:19.7926963Z [519/741] Building CXX object cpp/plugins/psdfile/psdparse/CMakeFiles/psdparse.dir/__/__/layerExMovie.cpp.o
2026-09-07T18:00:19.7956385Z In file included from /home/runner/work/PocketKrKr/PocketKrKr/cpp/plugins/layerExMovie.cpp:9:
2026-09-07T18:00:19.7997726Z /home/runner/work/PocketKrKr/PocketKrKr/cpp/core/plugin/ncbind.hpp: In static member function ‘static ncbTypeConvertor::Conversion<FROM, TO>::OK ncbTypeConvertor::Conversion<FROM, TO>::check(TO)’:
2026-09-07T18:00:19.8013358Z /home/runner/work/PocketKrKr/PocketKrKr/cpp/core/plugin/ncbind.hpp:244:38: warning: no return statement in function returning non-void [-Wreturn-type]
2026-09-07T18:00:19.8015121Z   244 |                 static OK check(TO) {};
2026-09-07T18:00:19.8016123Z       |                                      ^
2026-09-07T18:00:21.8286644Z [520/741] Building CXX object cpp/plugins/psdfile/psdparse/CMakeFiles/psdparse.dir/__/__/getabout.cpp.o
2026-09-07T18:00:21.8291008Z In file included from /home/runner/work/PocketKrKr/PocketKrKr/cpp/plugins/getabout.cpp:1:
2026-09-07T18:00:21.8293901Z /home/runner/work/PocketKrKr/PocketKrKr/cpp/core/plugin/ncbind.hpp: In static member function ‘static ncbTypeConvertor::Conversion<FROM, TO>::OK ncbTypeConvertor::Conversion<FROM, TO>::check(TO)’:
2026-09-07T18:00:21.8296999Z /home/runner/work/PocketKrKr/PocketKrKr/cpp/core/plugin/ncbind.hpp:244:38: warning: no return statement in function returning non-void [-Wreturn-type]
2026-09-07T18:00:21.8298570Z   244 |                 static OK check(TO) {};
2026-09-07T18:00:21.8299296Z       |                                      ^
2026-09-07T18:00:21.9906686Z [521/741] Building CXX object cpp/plugins/psdfile/psdparse/CMakeFiles/psdparse.dir/__/__/saveStruct.cpp.o
2026-09-07T18:00:21.9926661Z In file included from /home/runner/work/PocketKrKr/PocketKrKr/cpp/plugins/saveStruct.cpp:1:
2026-09-07T18:00:21.9947531Z /home/runner/work/PocketKrKr/PocketKrKr/cpp/core/plugin/ncbind.hpp: In static member function ‘static ncbTypeConvertor::Conversion<FROM, TO>::OK ncbTypeConvertor::Conversion<FROM, TO>::check(TO)’:
2026-09-07T18:00:21.9966608Z /home/runner/work/PocketKrKr/PocketKrKr/cpp/core/plugin/ncbind.hpp:244:38: warning: no return statement in function returning non-void [-Wreturn-type]
2026-09-07T18:00:22.0005861Z   244 |                 static OK check(TO) {};
2026-09-07T18:00:22.0035895Z       |                                      ^
2026-09-07T18:00:23.9392123Z [522/741] Building CXX object cpp/plugins/psdfile/psdparse/CMakeFiles/psdparse.dir/__/__/addFont.cpp.o
2026-09-07T18:00:23.9403192Z In file included from /home/runner/work/PocketKrKr/PocketKrKr/cpp/plugins/addFont.cpp:1:
2026-09-07T18:00:23.9406039Z /home/runner/work/PocketKrKr/PocketKrKr/cpp/core/plugin/ncbind.hpp: In static member function ‘static ncbTypeConvertor::Conversion<FROM, TO>::OK ncbTypeConvertor::Conversion<FROM, TO>::check(TO)’:
2026-09-07T18:00:23.9408520Z /home/runner/work/PocketKrKr/PocketKrKr/cpp/core/plugin/ncbind.hpp:244:38: warning: no return statement in function returning non-void [-Wreturn-type]
2026-09-07T18:00:23.9409941Z   244 |                 static OK check(TO) {};
2026-09-07T18:00:23.9410940Z       |                                      ^
2026-09-07T18:00:24.1449434Z [523/741] Building CXX object cpp/plugins/psdfile/psdparse/CMakeFiles/psdparse.dir/__/__/wutcwf.cpp.o
2026-09-07T18:00:24.1476269Z In file included from /home/runner/work/PocketKrKr/PocketKrKr/cpp/plugins/wutcwf.cpp:2:
2026-09-07T18:00:24.1497708Z /home/runner/work/PocketKrKr/PocketKrKr/cpp/core/plugin/ncbind.hpp: In static member function ‘static ncbTypeConvertor::Conversion<FROM, TO>::OK ncbTypeConvertor::Conversion<FROM, TO>::check(TO)’:
2026-09-07T18:00:24.1526517Z /home/runner/work/PocketKrKr/PocketKrKr/cpp/core/plugin/ncbind.hpp:244:38: warning: no return statement in function returning non-void [-Wreturn-type]
2026-09-07T18:00:24.1527848Z   244 |                 static OK check(TO) {};
2026-09-07T18:00:24.1555867Z       |                                      ^
2026-09-07T18:00:25.2454935Z [524/741] Building CXX object cpp/plugins/psbfile/CMakeFiles/psbfile.dir/__/psdfile/psdclass_loadstream.cpp.o
2026-09-07T18:00:25.2496494Z In file included from /home/runner/work/PocketKrKr/PocketKrKr/cpp/plugins/psdfile/psdparse/psddata.h:5,
2026-09-07T18:00:25.2497799Z                  from /home/runner/work/PocketKrKr/PocketKrKr/cpp/plugins/psdfile/psdparse/psdfile.h:4,
2026-09-07T18:00:25.2498943Z                  from /home/runner/work/PocketKrKr/PocketKrKr/cpp/plugins/psdfile/psdclass.h:9,
2026-09-07T18:00:25.2500160Z                  from /home/runner/work/PocketKrKr/PocketKrKr/cpp/plugins/psdfile/psdclass_loadstream.cpp:1:
2026-09-07T18:00:25.2501741Z /home/runner/work/PocketKrKr/PocketKrKr/cpp/plugins/psdfile/psdparse/psddesc.h:17:26: warning: multi-character character constant [-Wmultichar]
2026-09-07T18:00:25.2502947Z    17 |         TYPE_REFERENCE = 'obj ',
2026-09-07T18:00:25.2503427Z       |                          ^~~~~~
2026-09-07T18:00:25.2504590Z /home/runner/work/PocketKrKr/PocketKrKr/cpp/plugins/psdfile/psdparse/psddesc.h:18:27: warning: multi-character character constant [-Wmultichar]
2026-09-07T18:00:25.2506028Z    18 |         TYPE_DESCRIPTOR = 'Objc',
2026-09-07T18:00:25.2506549Z       |                           ^~~~~~
2026-09-07T18:00:25.2507760Z /home/runner/work/PocketKrKr/PocketKrKr/cpp/plugins/psdfile/psdparse/psddesc.h:19:21: warning: multi-character character constant [-Wmultichar]
2026-09-07T18:00:25.2508972Z    19 |         TYPE_LIST = 'VlLs',
2026-09-07T18:00:25.2509416Z       |                     ^~~~~~
2026-09-07T18:00:25.2510453Z /home/runner/work/PocketKrKr/PocketKrKr/cpp/plugins/psdfile/psdparse/psddesc.h:20:23: warning: multi-character character constant [-Wmultichar]
2026-09-07T18:00:25.2511652Z    20 |         TYPE_DOUBLE = 'doub',
2026-09-07T18:00:25.2512127Z       |                       ^~~~~~
2026-09-07T18:00:25.2513264Z /home/runner/work/PocketKrKr/PocketKrKr/cpp/plugins/psdfile/psdparse/psddesc.h:21:27: warning: multi-character character constant [-Wmultichar]
2026-09-07T18:00:25.2514493Z    21 |         TYPE_UNIT_FLOAT = 'UntF',
2026-09-07T18:00:25.2514979Z       |                           ^~~~~~
2026-09-07T18:00:25.2516410Z /home/runner/work/PocketKrKr/PocketKrKr/cpp/plugins/psdfile/psdparse/psddesc.h:22:23: warning: multi-character character constant [-Wmultichar]
2026-09-07T18:00:25.2517707Z    22 |         TYPE_STRING = 'TEXT',
2026-09-07T18:00:25.2518188Z       |                       ^~~~~~
2026-09-07T18:00:25.2519375Z /home/runner/work/PocketKrKr/PocketKrKr/cpp/plugins/psdfile/psdparse/psddesc.h:23:27: warning: multi-character character constant [-Wmultichar]
2026-09-07T18:00:25.2520570Z    23 |         TYPE_ENUMERATED = 'enum',
2026-09-07T18:00:25.2521018Z       |                           ^~~~~~
2026-09-07T18:00:25.2522113Z /home/runner/work/PocketKrKr/PocketKrKr/cpp/plugins/psdfile/psdparse/psddesc.h:24:24: warning: multi-character character constant [-Wmultichar]
2026-09-07T18:00:25.2523355Z    24 |         TYPE_INTEGER = 'long',
2026-09-07T18:00:25.2523869Z       |                        ^~~~~~
2026-09-07T18:00:25.2555688Z /home/runner/work/PocketKrKr/PocketKrKr/cpp/plugins/psdfile/psdparse/psddesc.h:25:24: warning: multi-character character constant [-Wmultichar]
2026-09-07T18:00:25.2556959Z    25 |         TYPE_BOOLEAN = 'bool',
2026-09-07T18:00:25.2557463Z       |                        ^~~~~~
2026-09-07T18:00:25.2558643Z /home/runner/work/PocketKrKr/PocketKrKr/cpp/plugins/psdfile/psdparse/psddesc.h:26:30: warning: multi-character character constant [-Wmultichar]
2026-09-07T18:00:25.2560289Z    26 |         TYPE_GLOBAL_OBJECT = 'GlbO',
2026-09-07T18:00:25.2560817Z       |                              ^~~~~~
2026-09-07T18:00:25.2562017Z /home/runner/work/PocketKrKr/PocketKrKr/cpp/plugins/psdfile/psdparse/psddesc.h:27:23: warning: multi-character character constant [-Wmultichar]
2026-09-07T18:00:25.2563259Z    27 |         TYPE_CLASS1 = 'type',
2026-09-07T18:00:25.2563749Z       |                       ^~~~~~
2026-09-07T18:00:25.2564933Z /home/runner/work/PocketKrKr/PocketKrKr/cpp/plugins/psdfile/psdparse/psddesc.h:28:23: warning: multi-character character constant [-Wmultichar]
2026-09-07T18:00:25.2566617Z    28 |         TYPE_CLASS2 = 'GlbC',
2026-09-07T18:00:25.2567129Z       |                       ^~~~~~
2026-09-07T18:00:25.2568331Z /home/runner/work/PocketKrKr/PocketKrKr/cpp/plugins/psdfile/psdparse/psddesc.h:29:22: warning: multi-character character constant [-Wmultichar]
2026-09-07T18:00:25.2569567Z    29 |         TYPE_ALIAS = 'alis',
2026-09-07T18:00:25.2570067Z       |                      ^~~~~~
2026-09-07T18:00:25.2571219Z /home/runner/work/PocketKrKr/PocketKrKr/cpp/plugins/psdfile/psdparse/psddesc.h:30:25: warning: multi-character character constant [-Wmultichar]
2026-09-07T18:00:25.2572464Z    30 |         TYPE_RAW_DATA = 'tdta',
2026-09-07T18:00:25.2572970Z       |                         ^~~~~~
2026-09-07T18:00:25.2574139Z /home/runner/work/PocketKrKr/PocketKrKr/cpp/plugins/psdfile/psdparse/psddesc.h:34:23: warning: multi-character character constant [-Wmultichar]
2026-09-07T18:00:25.2575663Z    34 |         UNIT_POINTS = '#Pnt',
2026-09-07T18:00:25.2576148Z       |                       ^~~~~~
2026-09-07T18:00:25.2577342Z /home/runner/work/PocketKrKr/PocketKrKr/cpp/plugins/psdfile/psdparse/psddesc.h:35:28: warning: multi-character character constant [-Wmultichar]
2026-09-07T18:00:25.2578498Z    35 |         UNIT_MILLIMETERS = '#Mlm',
2026-09-07T18:00:25.2579012Z       |                            ^~~~~~
2026-09-07T18:00:25.2580196Z /home/runner/work/PocketKrKr/PocketKrKr/cpp/plugins/psdfile/psdparse/psddesc.h:36:22: warning: multi-character character constant [-Wmultichar]
2026-09-07T18:00:25.2581450Z    36 |         UNIT_ANGLE = '#Ang', // degrees
2026-09-07T18:00:25.2581975Z       |                      ^~~~~~
2026-09-07T18:00:25.2583134Z /home/runner/work/PocketKrKr/PocketKrKr/cpp/plugins/psdfile/psdparse/psddesc.h:37:24: warning: multi-character character constant [-Wmultichar]
2026-09-07T18:00:25.2584406Z    37 |         UNIT_DENSITY = '#Rsl', // base per inch
2026-09-07T18:00:25.2584962Z       |                        ^~~~~~
2026-09-07T18:00:25.2606606Z /home/runner/work/PocketKrKr/PocketKrKr/cpp/plugins/psdfile/psdparse/psddesc.h:38:25: warning: multi-character character constant [-Wmultichar]
2026-09-07T18:00:25.2616588Z    38 |         UNIT_DISTANCE = '#Rlt', // base 72ppi
2026-09-07T18:00:25.2617217Z       |                         ^~~~~~
2026-09-07T18:00:25.2618309Z /home/runner/work/PocketKrKr/PocketKrKr/cpp/plugins/psdfile/psdparse/psddesc.h:39:21: warning: multi-character character constant [-Wmultichar]
2026-09-07T18:00:25.2619422Z    39 |         UNIT_NONE = '#Nne',
2026-09-07T18:00:25.2619839Z       |                     ^~~~~~
2026-09-07T18:00:25.2620891Z /home/runner/work/PocketKrKr/PocketKrKr/cpp/plugins/psdfile/psdparse/psddesc.h:40:24: warning: multi-character character constant [-Wmultichar]
2026-09-07T18:00:25.2621993Z    40 |         UNIT_PERCENT = '#Prc',
2026-09-07T18:00:25.2622428Z       |                        ^~~~~~
2026-09-07T18:00:25.2623465Z /home/runner/work/PocketKrKr/PocketKrKr/cpp/plugins/psdfile/psdparse/psddesc.h:41:23: warning: multi-character character constant [-Wmultichar]
2026-09-07T18:00:25.2624893Z    41 |         UNIT_PIXELS = '#Pxl',
2026-09-07T18:00:25.2625635Z       |                       ^~~~~~
2026-09-07T18:00:25.2626752Z /home/runner/work/PocketKrKr/PocketKrKr/cpp/plugins/psdfile/psdparse/psddesc.h:46:29: warning: multi-character character constant [-Wmultichar]
2026-09-07T18:00:25.2628308Z    46 |         REF_TYPE_PROPERTY = 'prop',
2026-09-07T18:00:25.2628782Z       |                             ^~~~~~
2026-09-07T18:00:25.2629805Z /home/runner/work/PocketKrKr/PocketKrKr/cpp/plugins/psdfile/psdparse/psddesc.h:47:26: warning: multi-character character constant [-Wmultichar]
2026-09-07T18:00:25.2631031Z    47 |         REF_TYPE_CLASS = 'Clss',
2026-09-07T18:00:25.2631538Z       |                          ^~~~~~
2026-09-07T18:00:25.2632685Z /home/runner/work/PocketKrKr/PocketKrKr/cpp/plugins/psdfile/psdparse/psddesc.h:48:29: warning: multi-character character constant [-Wmultichar]
2026-09-07T18:00:25.2633767Z    48 |         REF_TYPE_ENUM_REF = 'Enmr',
2026-09-07T18:00:25.2634229Z       |                             ^~~~~~
2026-09-07T18:00:25.2675643Z /home/runner/work/PocketKrKr/PocketKrKr/cpp/plugins/psdfile/psdparse/psddesc.h:49:27: warning: multi-character character constant [-Wmultichar]
2026-09-07T18:00:25.2676970Z    49 |         REF_TYPE_OFFSET = 'rele',
2026-09-07T18:00:25.2677504Z       |                           ^~~~~~
2026-09-07T18:00:25.2678717Z /home/runner/work/PocketKrKr/PocketKrKr/cpp/plugins/psdfile/psdparse/psddesc.h:50:31: warning: multi-character character constant [-Wmultichar]
2026-09-07T18:00:25.2679985Z    50 |         REF_TYPE_IDENTIFIER = 'Idnt',
2026-09-07T18:00:25.2680538Z       |                               ^~~~~~
2026-09-07T18:00:25.2681723Z /home/runner/work/PocketKrKr/PocketKrKr/cpp/plugins/psdfile/psdparse/psddesc.h:51:26: warning: multi-character character constant [-Wmultichar]
2026-09-07T18:00:25.2682963Z    51 |         REF_TYPE_INDEX = 'indx',
2026-09-07T18:00:25.2683482Z       |                          ^~~~~~
2026-09-07T18:00:25.2684697Z /home/runner/work/PocketKrKr/PocketKrKr/cpp/plugins/psdfile/psdparse/psddesc.h:52:25: warning: multi-character character constant [-Wmultichar]
2026-09-07T18:00:25.2686244Z    52 |         REF_TYPE_NAME = 'name',
2026-09-07T18:00:25.2686758Z       |                         ^~~~~~
2026-09-07T18:00:25.2687687Z In file included from /home/runner/work/PocketKrKr/PocketKrKr/cpp/plugins/psdfile/psdparse/psdfile.h:4,
2026-09-07T18:00:25.2688935Z                  from /home/runner/work/PocketKrKr/PocketKrKr/cpp/plugins/psdfile/psdclass.h:9,
2026-09-07T18:00:25.2690149Z                  from /home/runner/work/PocketKrKr/PocketKrKr/cpp/plugins/psdfile/psdclass_loadstream.cpp:1:
2026-09-07T18:00:25.2691790Z /home/runner/work/PocketKrKr/PocketKrKr/cpp/plugins/psdfile/psdparse/psddata.h:113:18: warning: multi-character character constant [-Wmultichar]
2026-09-07T18:00:25.2693027Z   113 |             case 'norm':
2026-09-07T18:00:25.2693488Z       |                  ^~~~~~
2026-09-07T18:00:25.2694676Z /home/runner/work/PocketKrKr/PocketKrKr/cpp/plugins/psdfile/psdparse/psddata.h:115:18: warning: multi-character character constant [-Wmultichar]
2026-09-07T18:00:25.2696200Z   115 |             case 'diss':
2026-09-07T18:00:25.2696675Z       |                  ^~~~~~
2026-09-07T18:00:25.2697861Z /home/runner/work/PocketKrKr/PocketKrKr/cpp/plugins/psdfile/psdparse/psddata.h:117:18: warning: multi-character character constant [-Wmultichar]
2026-09-07T18:00:25.2699133Z   117 |             case 'dark':
2026-09-07T18:00:25.2699614Z       |                  ^~~~~~
2026-09-07T18:00:25.2700792Z /home/runner/work/PocketKrKr/PocketKrKr/cpp/plugins/psdfile/psdparse/psddata.h:119:18: warning: multi-character character constant [-Wmultichar]
2026-09-07T18:00:25.2702040Z   119 |             case 'mul ':
2026-09-07T18:00:25.2702488Z       |                  ^~~~~~
2026-09-07T18:00:25.2703633Z /home/runner/work/PocketKrKr/PocketKrKr/cpp/plugins/psdfile/psdparse/psddata.h:121:18: warning: multi-character character constant [-Wmultichar]
2026-09-07T18:00:25.2705132Z   121 |             case 'idiv':
2026-09-07T18:00:25.2705913Z       |                  ^~~~~~
2026-09-07T18:00:25.2707096Z /home/runner/work/PocketKrKr/PocketKrKr/cpp/plugins/psdfile/psdparse/psddata.h:123:18: warning: multi-character character constant [-Wmultichar]
2026-09-07T18:00:25.2708594Z   123 |             case 'lbrn':
2026-09-07T18:00:25.2709040Z       |                  ^~~~~~
2026-09-07T18:00:25.2710210Z /home/runner/work/PocketKrKr/PocketKrKr/cpp/plugins/psdfile/psdparse/psddata.h:125:18: warning: multi-character character constant [-Wmultichar]
2026-09-07T18:00:25.2711416Z   125 |             case 'dkCl':
2026-09-07T18:00:25.2711858Z       |                  ^~~~~~
2026-09-07T18:00:25.2713006Z /home/runner/work/PocketKrKr/PocketKrKr/cpp/plugins/psdfile/psdparse/psddata.h:127:18: warning: multi-character character constant [-Wmultichar]
2026-09-07T18:00:25.2714195Z   127 |             case 'lite':
2026-09-07T18:00:25.2714633Z       |                  ^~~~~~
2026-09-07T18:00:25.2715987Z /home/runner/work/PocketKrKr/PocketKrKr/cpp/plugins/psdfile/psdparse/psddata.h:129:18: warning: multi-character character constant [-Wmultichar]
2026-09-07T18:00:25.2717249Z   129 |             case 'scrn':
2026-09-07T18:00:25.2717679Z       |                  ^~~~~~
2026-09-07T18:00:25.2718788Z /home/runner/work/PocketKrKr/PocketKrKr/cpp/plugins/psdfile/psdparse/psddata.h:131:18: warning: multi-character character constant [-Wmultichar]
2026-09-07T18:00:25.2719965Z   131 |             case 'div ':
2026-09-07T18:00:25.2720349Z       |                  ^~~~~~
2026-09-07T18:00:25.2721443Z /home/runner/work/PocketKrKr/PocketKrKr/cpp/plugins/psdfile/psdparse/psddata.h:133:18: warning: multi-character character constant [-Wmultichar]
2026-09-07T18:00:25.2722603Z   133 |             case 'lddg':
2026-09-07T18:00:25.2723021Z       |                  ^~~~~~
2026-09-07T18:00:25.2724133Z /home/runner/work/PocketKrKr/PocketKrKr/cpp/plugins/psdfile/psdparse/psddata.h:135:18: warning: multi-character character constant [-Wmultichar]
2026-09-07T18:00:25.2725577Z   135 |             case 'ltCl':
2026-09-07T18:00:25.2726019Z       |                  ^~~~~~
2026-09-07T18:00:25.2727131Z /home/runner/work/PocketKrKr/PocketKrKr/cpp/plugins/psdfile/psdparse/psddata.h:137:18: warning: multi-character character constant [-Wmultichar]
2026-09-07T18:00:25.2728320Z   137 |             case 'over':
2026-09-07T18:00:25.2728752Z       |                  ^~~~~~
2026-09-07T18:00:25.2729878Z /home/runner/work/PocketKrKr/PocketKrKr/cpp/plugins/psdfile/psdparse/psddata.h:139:18: warning: multi-character character constant [-Wmultichar]
2026-09-07T18:00:25.2731059Z   139 |             case 'sLit':
2026-09-07T18:00:25.2731485Z       |                  ^~~~~~
2026-09-07T18:00:25.2786115Z /home/runner/work/PocketKrKr/PocketKrKr/cpp/plugins/psdfile/psdparse/psddata.h:141:18: warning: multi-character character constant [-Wmultichar]
2026-09-07T18:00:25.2787387Z   141 |             case 'hLit':
2026-09-07T18:00:25.2787844Z       |                  ^~~~~~
2026-09-07T18:00:25.2788969Z /home/runner/work/PocketKrKr/PocketKrKr/cpp/plugins/psdfile/psdparse/psddata.h:143:18: warning: multi-character character constant [-Wmultichar]
2026-09-07T18:00:25.2790220Z   143 |             case 'vLit':
2026-09-07T18:00:25.2790686Z       |                  ^~~~~~
2026-09-07T18:00:25.2791891Z /home/runner/work/PocketKrKr/PocketKrKr/cpp/plugins/psdfile/psdparse/psddata.h:145:18: warning: multi-character character constant [-Wmultichar]
2026-09-07T18:00:25.2793124Z   145 |             case 'lLit':
2026-09-07T18:00:25.2793581Z       |                  ^~~~~~
2026-09-07T18:00:25.2794749Z /home/runner/work/PocketKrKr/PocketKrKr/cpp/plugins/psdfile/psdparse/psddata.h:147:18: warning: multi-character character constant [-Wmultichar]
2026-09-07T18:00:25.2796232Z   147 |             case 'pLit':
2026-09-07T18:00:25.2796703Z       |                  ^~~~~~
2026-09-07T18:00:25.2798142Z /home/runner/work/PocketKrKr/PocketKrKr/cpp/plugins/psdfile/psdparse/psddata.h:149:18: warning: multi-character character constant [-Wmultichar]
2026-09-07T18:00:25.2799417Z   149 |             case 'hMix':
2026-09-07T18:00:25.2799869Z       |                  ^~~~~~
2026-09-07T18:00:25.2801034Z /home/runner/work/PocketKrKr/PocketKrKr/cpp/plugins/psdfile/psdparse/psddata.h:151:18: warning: multi-character character constant [-Wmultichar]
2026-09-07T18:00:25.2802552Z   151 |             case 'diff':
2026-09-07T18:00:25.2803004Z       |                  ^~~~~~
2026-09-07T18:00:25.2804181Z /home/runner/work/PocketKrKr/PocketKrKr/cpp/plugins/psdfile/psdparse/psddata.h:153:18: warning: multi-character character constant [-Wmultichar]
2026-09-07T18:00:25.2805760Z   153 |             case 'smud':
2026-09-07T18:00:25.2806218Z       |                  ^~~~~~
2026-09-07T18:00:25.2807402Z /home/runner/work/PocketKrKr/PocketKrKr/cpp/plugins/psdfile/psdparse/psddata.h:155:18: warning: multi-character character constant [-Wmultichar]
2026-09-07T18:00:25.2808637Z   155 |             case 'fsub':
2026-09-07T18:00:25.2809106Z       |                  ^~~~~~
2026-09-07T18:00:25.2810258Z /home/runner/work/PocketKrKr/PocketKrKr/cpp/plugins/psdfile/psdparse/psddata.h:157:18: warning: multi-character character constant [-Wmultichar]
2026-09-07T18:00:25.2811481Z   157 |             case 'fdiv':
2026-09-07T18:00:25.2811966Z       |                  ^~~~~~
2026-09-07T18:00:25.2813133Z /home/runner/work/PocketKrKr/PocketKrKr/cpp/plugins/psdfile/psdparse/psddata.h:159:18: warning: multi-character character constant [-Wmultichar]
2026-09-07T18:00:25.2814330Z   159 |             case 'hue ':
2026-09-07T18:00:25.2814759Z       |                  ^~~~~~
2026-09-07T18:00:25.2846226Z /home/runner/work/PocketKrKr/PocketKrKr/cpp/plugins/psdfile/psdparse/psddata.h:161:18: warning: multi-character character constant [-Wmultichar]
2026-09-07T18:00:25.2847468Z   161 |             case 'sat ':
2026-09-07T18:00:25.2847919Z       |                  ^~~~~~
2026-09-07T18:00:25.2849131Z /home/runner/work/PocketKrKr/PocketKrKr/cpp/plugins/psdfile/psdparse/psddata.h:163:18: warning: multi-character character constant [-Wmultichar]
2026-09-07T18:00:25.2850409Z   163 |             case 'colr':
2026-09-07T18:00:25.2850888Z       |                  ^~~~~~
2026-09-07T18:00:25.2852055Z /home/runner/work/PocketKrKr/PocketKrKr/cpp/plugins/psdfile/psdparse/psddata.h:165:18: warning: multi-character character constant [-Wmultichar]
2026-09-07T18:00:25.2853290Z   165 |             case 'lum ':
2026-09-07T18:00:25.2853732Z       |                  ^~~~~~
2026-09-07T18:00:25.2854868Z /home/runner/work/PocketKrKr/PocketKrKr/cpp/plugins/psdfile/psdparse/psddata.h:167:18: warning: multi-character character constant [-Wmultichar]
2026-09-07T18:00:25.2856364Z   167 |             case 'pass':
2026-09-07T18:00:25.2856812Z       |                  ^~~~~~
2026-09-07T18:00:25.2857676Z In file included from /home/runner/work/PocketKrKr/PocketKrKr/cpp/plugins/psdfile/psdparse/psdfile.h:3,
2026-09-07T18:00:25.2858945Z                  from /home/runner/work/PocketKrKr/PocketKrKr/cpp/plugins/psdfile/psdclass.h:9,
2026-09-07T18:00:25.2860161Z                  from /home/runner/work/PocketKrKr/PocketKrKr/cpp/plugins/psdfile/psdclass_loadstream.cpp:1:
2026-09-07T18:00:25.2862419Z /home/runner/work/PocketKrKr/PocketKrKr/cpp/plugins/psdfile/psdparse/psddesc.h: In member function ‘virtual void psd::DescriptorReference::dump(int)’:
2026-09-07T18:00:25.2865686Z /home/runner/work/PocketKrKr/PocketKrKr/cpp/plugins/psdfile/psdparse/psddesc.h:234:20: warning: format ‘%d’ expects argument of type ‘int’, but argument 3 has type ‘std::vector<psd::ReferenceItem*>::size_type’ {aka ‘long unsigned int’} [-Wformat=]
2026-09-07T18:00:25.2867510Z   234 |             dprint("%s (count:%d)\n", typeName(), items.size());
2026-09-07T18:00:25.2868097Z       |                    ^~~~~~~~~~~~~~~~~              ~~~~~~~~~~~~
2026-09-07T18:00:25.2868623Z       |                                                             |
2026-09-07T18:00:25.2869647Z       |                                                             std::vector<psd::ReferenceItem*>::size_type {aka long unsigned int}
2026-09-07T18:00:25.2871224Z /home/runner/work/PocketKrKr/PocketKrKr/cpp/plugins/psdfile/psdparse/psdbase.h:7:28: note: in definition of macro ‘dprint’
2026-09-07T18:00:25.2872338Z     7 | #define dprint(...) printf(__VA_ARGS__);
2026-09-07T18:00:25.2873143Z       |                            ^~~~~~~~~~~
2026-09-07T18:00:25.2874049Z In file included from /home/runner/work/PocketKrKr/PocketKrKr/cpp/plugins/psdfile/psdparse/psddata.h:5,
2026-09-07T18:00:25.2905693Z                  from /home/runner/work/PocketKrKr/PocketKrKr/cpp/plugins/psdfile/psdparse/psdfile.h:4,
2026-09-07T18:00:25.2906906Z                  from /home/runner/work/PocketKrKr/PocketKrKr/cpp/plugins/psdfile/psdclass.h:9,
2026-09-07T18:00:25.2908103Z                  from /home/runner/work/PocketKrKr/PocketKrKr/cpp/plugins/psdfile/psdclass_loadstream.cpp:1:
2026-09-07T18:00:25.2909575Z /home/runner/work/PocketKrKr/PocketKrKr/cpp/plugins/psdfile/psdparse/psddesc.h:234:32: note: format string is defined here
2026-09-07T18:00:25.2910788Z   234 |             dprint("%s (count:%d)\n", typeName(), items.size());
2026-09-07T18:00:25.2911404Z       |                               ~^
2026-09-07T18:00:25.2911867Z       |                                |
2026-09-07T18:00:25.2912351Z       |                                int
2026-09-07T18:00:25.2912829Z       |                               %ld
2026-09-07T18:00:25.2913730Z In file included from /home/runner/work/PocketKrKr/PocketKrKr/cpp/plugins/psdfile/psdparse/psdfile.h:3,
2026-09-07T18:00:25.2914942Z                  from /home/runner/work/PocketKrKr/PocketKrKr/cpp/plugins/psdfile/psdclass.h:9,
2026-09-07T18:00:25.2916372Z                  from /home/runner/work/PocketKrKr/PocketKrKr/cpp/plugins/psdfile/psdclass_loadstream.cpp:1:
2026-09-07T18:00:25.2918415Z /home/runner/work/PocketKrKr/PocketKrKr/cpp/plugins/psdfile/psdparse/psddesc.h: In member function ‘virtual void psd::DescriptorList::dump(int)’:
2026-09-07T18:00:25.2921455Z /home/runner/work/PocketKrKr/PocketKrKr/cpp/plugins/psdfile/psdparse/psddesc.h:253:20: warning: format ‘%d’ expects argument of type ‘int’, but argument 3 has type ‘std::vector<psd::DescriptorItem*>::size_type’ {aka ‘long unsigned int’} [-Wformat=]
2026-09-07T18:00:25.2923424Z   253 |             dprint("%s (count:%d)\n", typeName(), items.size());
2026-09-07T18:00:25.2924115Z       |                    ^~~~~~~~~~~~~~~~~              ~~~~~~~~~~~~
2026-09-07T18:00:25.2924716Z       |                                                             |
2026-09-07T18:00:25.2925835Z       |                                                             std::vector<psd::DescriptorItem*>::size_type {aka long unsigned int}
2026-09-07T18:00:25.2927404Z /home/runner/work/PocketKrKr/PocketKrKr/cpp/plugins/psdfile/psdparse/psdbase.h:7:28: note: in definition of macro ‘dprint’
2026-09-07T18:00:25.2928538Z     7 | #define dprint(...) printf(__VA_ARGS__);
2026-09-07T18:00:25.2929082Z       |                            ^~~~~~~~~~~
2026-09-07T18:00:25.2930025Z In file included from /home/runner/work/PocketKrKr/PocketKrKr/cpp/plugins/psdfile/psdparse/psddata.h:5,
2026-09-07T18:00:25.2931318Z                  from /home/runner/work/PocketKrKr/PocketKrKr/cpp/plugins/psdfile/psdparse/psdfile.h:4,
2026-09-07T18:00:25.2932508Z                  from /home/runner/work/PocketKrKr/PocketKrKr/cpp/plugins/psdfile/psdclass.h:9,
2026-09-07T18:00:25.2933725Z                  from /home/runner/work/PocketKrKr/PocketKrKr/cpp/plugins/psdfile/psdclass_loadstream.cpp:1:
2026-09-07T18:00:25.2965624Z /home/runner/work/PocketKrKr/PocketKrKr/cpp/plugins/psdfile/psdparse/psddesc.h:253:32: note: format string is defined here
2026-09-07T18:00:25.2966937Z   253 |             dprint("%s (count:%d)\n", typeName(), items.size());
2026-09-07T18:00:25.2967564Z       |                               ~^
2026-09-07T18:00:25.2968059Z       |                                |
2026-09-07T18:00:25.2968528Z       |                                int
2026-09-07T18:00:25.2969303Z       |                               %ld
2026-09-07T18:00:25.2970164Z In file included from /home/runner/work/PocketKrKr/PocketKrKr/cpp/plugins/psdfile/psdclass.h:10,
2026-09-07T18:00:25.2971427Z                  from /home/runner/work/PocketKrKr/PocketKrKr/cpp/plugins/psdfile/psdclass_loadstream.cpp:1:
2026-09-07T18:00:25.2974054Z /home/runner/work/PocketKrKr/PocketKrKr/cpp/core/plugin/ncbind.hpp: In static member function ‘static ncbTypeConvertor::Conversion<FROM, TO>::OK ncbTypeConvertor::Conversion<FROM, TO>::check(TO)’:
2026-09-07T18:00:25.2976593Z /home/runner/work/PocketKrKr/PocketKrKr/cpp/core/plugin/ncbind.hpp:244:38: warning: no return statement in function returning non-void [-Wreturn-type]
2026-09-07T18:00:25.2977883Z   244 |                 static OK check(TO) {};
2026-09-07T18:00:25.2978428Z       |                                      ^
2026-09-07T18:00:26.3936648Z [525/741] Building CXX object cpp/plugins/psdfile/psdparse/CMakeFiles/psdparse.dir/__/__/getSample.cpp.o
2026-09-07T18:00:26.3966341Z In file included from /home/runner/work/PocketKrKr/PocketKrKr/cpp/plugins/getSample.cpp:1:
2026-09-07T18:00:26.3997571Z /home/runner/work/PocketKrKr/PocketKrKr/cpp/core/plugin/ncbind.hpp: In static member function ‘static ncbTypeConvertor::Conversion<FROM, TO>::OK ncbTypeConvertor::Conversion<FROM, TO>::check(TO)’:
2026-09-07T18:00:26.4016685Z /home/runner/work/PocketKrKr/PocketKrKr/cpp/core/plugin/ncbind.hpp:244:38: warning: no return statement in function returning non-void [-Wreturn-type]
2026-09-07T18:00:26.4018635Z   244 |                 static OK check(TO) {};
2026-09-07T18:00:26.4019411Z       |                                      ^
2026-09-07T18:00:27.0666910Z [526/741] Building CXX object cpp/plugins/psdfile/psdparse/CMakeFiles/psdparse.dir/__/__/windowEx.cpp.o
2026-09-07T18:00:27.0668207Z In file included from /home/runner/work/PocketKrKr/PocketKrKr/cpp/plugins/windowEx.cpp:18:
2026-09-07T18:00:27.0669827Z /home/runner/work/PocketKrKr/PocketKrKr/cpp/core/plugin/ncbind.hpp: In static member function ‘static ncbTypeConvertor::Conversion<FROM, TO>::OK ncbTypeConvertor::Conversion<FROM, TO>::check(TO)’:
2026-09-07T18:00:27.0671070Z /home/runner/work/PocketKrKr/PocketKrKr/cpp/core/plugin/ncbind.hpp:244:38: warning: no return statement in function returning non-void [-Wreturn-type]
2026-09-07T18:00:27.0671769Z   244 |                 static OK check(TO) {};
2026-09-07T18:00:27.0672077Z       |                                      ^
2026-09-07T18:00:27.5146648Z [527/741] Building CXX object cpp/plugins/psdfile/psdparse/CMakeFiles/psdparse.dir/__/__/layerExPerspective.cpp.o
2026-09-07T18:00:27.5176158Z In file included from /home/runner/work/PocketKrKr/PocketKrKr/cpp/plugins/layerExPerspective.cpp:23:
2026-09-07T18:00:27.5178598Z /home/runner/work/PocketKrKr/PocketKrKr/cpp/core/plugin/ncbind.hpp: In static member function ‘static ncbTypeConvertor::Conversion<FROM, TO>::OK ncbTypeConvertor::Conversion<FROM, TO>::check(TO)’:
2026-09-07T18:00:27.5206584Z /home/runner/work/PocketKrKr/PocketKrKr/cpp/core/plugin/ncbind.hpp:244:38: warning: no return statement in function returning non-void [-Wreturn-type]
2026-09-07T18:00:27.5235872Z   244 |                 static OK check(TO) {};
2026-09-07T18:00:27.5245908Z       |                                      ^
2026-09-07T18:00:28.5027089Z [528/741] Building CXX object cpp/plugins/psdfile/psdparse/CMakeFiles/psdparse.dir/__/__/fftgraph.cpp.o
2026-09-07T18:00:28.5028531Z In file included from /home/runner/work/PocketKrKr/PocketKrKr/cpp/plugins/fftgraph.cpp:1:
2026-09-07T18:00:28.5031091Z /home/runner/work/PocketKrKr/PocketKrKr/cpp/core/plugin/ncbind.hpp: In static member function ‘static ncbTypeConvertor::Conversion<FROM, TO>::OK ncbTypeConvertor::Conversion<FROM, TO>::check(TO)’:
2026-09-07T18:00:28.5033361Z /home/runner/work/PocketKrKr/PocketKrKr/cpp/core/plugin/ncbind.hpp:244:38: warning: no return statement in function returning non-void [-Wreturn-type]
2026-09-07T18:00:28.5034624Z   244 |                 static OK check(TO) {};
2026-09-07T18:00:28.5035772Z       |                                      ^
2026-09-07T18:00:28.8486598Z [529/741] Building CXX object cpp/plugins/psdfile/psdparse/CMakeFiles/psdparse.dir/__/__/LayerExBase.cpp.o
2026-09-07T18:00:30.1015565Z [530/741] Building CXX object cpp/plugins/psdfile/psdparse/CMakeFiles/psdparse.dir/__/__/xp3filter.cpp.o
2026-09-07T18:00:30.1026663Z In file included from /home/runner/work/PocketKrKr/PocketKrKr/cpp/plugins/xp3filter.cpp:1:
2026-09-07T18:00:30.1029526Z /home/runner/work/PocketKrKr/PocketKrKr/cpp/core/plugin/ncbind.hpp: In static member function ‘static ncbTypeConvertor::Conversion<FROM, TO>::OK ncbTypeConvertor::Conversion<FROM, TO>::check(TO)’:
2026-09-07T18:00:30.1032165Z /home/runner/work/PocketKrKr/PocketKrKr/cpp/core/plugin/ncbind.hpp:244:38: warning: no return statement in function returning non-void [-Wreturn-type]
2026-09-07T18:00:30.1033706Z   244 |                 static OK check(TO) {};
2026-09-07T18:00:30.1034468Z       |                                      ^
2026-09-07T18:00:30.6146882Z [531/741] Building CXX object cpp/plugins/psdfile/psdparse/CMakeFiles/psdparse.dir/__/__/extrans.cpp.o
2026-09-07T18:00:30.6176244Z In file included from /home/runner/work/PocketKrKr/PocketKrKr/cpp/plugins/extrans.cpp:1:
2026-09-07T18:00:30.6197607Z /home/runner/work/PocketKrKr/PocketKrKr/cpp/core/plugin/ncbind.hpp: In static member function ‘static ncbTypeConvertor::Conversion<FROM, TO>::OK ncbTypeConvertor::Conversion<FROM, TO>::check(TO)’:
2026-09-07T18:00:30.6226477Z /home/runner/work/PocketKrKr/PocketKrKr/cpp/core/plugin/ncbind.hpp:244:38: warning: no return statement in function returning non-void [-Wreturn-type]
2026-09-07T18:00:30.6227752Z   244 |                 static OK check(TO) {};
2026-09-07T18:00:30.6228261Z       |                                      ^
2026-09-07T18:00:31.9484280Z [532/741] Building CXX object cpp/plugins/psdfile/psdparse/CMakeFiles/psdparse.dir/__/__/textrender.cpp.o
2026-09-07T18:00:31.9486468Z In file included from /home/runner/work/PocketKrKr/PocketKrKr/cpp/plugins/textrender.cpp:10:
2026-09-07T18:00:31.9489366Z /home/runner/work/PocketKrKr/PocketKrKr/cpp/core/plugin/ncbind.hpp: In static member function ‘static ncbTypeConvertor::Conversion<FROM, TO>::OK ncbTypeConvertor::Conversion<FROM, TO>::check(TO)’:
2026-09-07T18:00:31.9491939Z /home/runner/work/PocketKrKr/PocketKrKr/cpp/core/plugin/ncbind.hpp:244:38: warning: no return statement in function returning non-void [-Wreturn-type]
2026-09-07T18:00:31.9493546Z   244 |                 static OK check(TO) {};
2026-09-07T18:00:31.9494284Z       |                                      ^
2026-09-07T18:00:32.5766880Z [533/741] Building CXX object cpp/plugins/psdfile/psdparse/CMakeFiles/psdparse.dir/__/__/alphamovie.cpp.o
2026-09-07T18:00:32.5768296Z In file included from /home/runner/work/PocketKrKr/PocketKrKr/cpp/plugins/alphamovie.cpp:10:
2026-09-07T18:00:32.5807215Z /home/runner/work/PocketKrKr/PocketKrKr/cpp/core/plugin/ncbind.hpp: In static member function ‘static ncbTypeConvertor::Conversion<FROM, TO>::OK ncbTypeConvertor::Conversion<FROM, TO>::check(TO)’:
2026-09-07T18:00:32.5809917Z /home/runner/work/PocketKrKr/PocketKrKr/cpp/core/plugin/ncbind.hpp:244:38: warning: no return statement in function returning non-void [-Wreturn-type]
2026-09-07T18:00:32.5811442Z   244 |                 static OK check(TO) {};
2026-09-07T18:00:32.5812184Z       |                                      ^
2026-09-07T18:00:32.9156873Z [534/741] Building CXX object cpp/plugins/psdfile/psdparse/CMakeFiles/psdparse.dir/__/__/layerExBTOA.cpp.o
2026-09-07T18:00:32.9177201Z In file included from /home/runner/work/PocketKrKr/PocketKrKr/cpp/plugins/layerExBTOA.cpp:4:
2026-09-07T18:00:32.9207977Z /home/runner/work/PocketKrKr/PocketKrKr/cpp/core/plugin/ncbind.hpp: In static member function ‘static ncbTypeConvertor::Conversion<FROM, TO>::OK ncbTypeConvertor::Conversion<FROM, TO>::check(TO)’:
2026-09-07T18:00:32.9216514Z /home/runner/work/PocketKrKr/PocketKrKr/cpp/core/plugin/ncbind.hpp:244:38: warning: no return statement in function returning non-void [-Wreturn-type]
2026-09-07T18:00:32.9234142Z   244 |                 static OK check(TO) {};
2026-09-07T18:00:32.9234864Z       |                                      ^
2026-09-07T18:00:34.4986923Z [535/741] Building CXX object cpp/plugins/psdfile/psdparse/CMakeFiles/psdparse.dir/__/__/layerExImage.cpp.o
2026-09-07T18:00:34.5036112Z In file included from /home/runner/work/PocketKrKr/PocketKrKr/cpp/plugins/layerExImage.cpp:5:
2026-09-07T18:00:34.5047449Z /home/runner/work/PocketKrKr/PocketKrKr/cpp/core/plugin/ncbind.hpp: In static member function ‘static ncbTypeConvertor::Conversion<FROM, TO>::OK ncbTypeConvertor::Conversion<FROM, TO>::check(TO)’:
2026-09-07T18:00:34.5069255Z /home/runner/work/PocketKrKr/PocketKrKr/cpp/core/plugin/ncbind.hpp:244:38: warning: no return statement in function returning non-void [-Wreturn-type]
2026-09-07T18:00:34.5070627Z   244 |                 static OK check(TO) {};
2026-09-07T18:00:34.5071260Z       |                                      ^
2026-09-07T18:00:34.9316715Z [536/741] Building CXX object cpp/plugins/psdfile/psdparse/CMakeFiles/psdparse.dir/__/__/layerExRaster.cpp.o
2026-09-07T18:00:34.9346405Z In file included from /home/runner/work/PocketKrKr/PocketKrKr/cpp/plugins/layerExRaster.cpp:4:
2026-09-07T18:00:34.9349002Z /home/runner/work/PocketKrKr/PocketKrKr/cpp/core/plugin/ncbind.hpp: In static member function ‘static ncbTypeConvertor::Conversion<FROM, TO>::OK ncbTypeConvertor::Conversion<FROM, TO>::check(TO)’:
2026-09-07T18:00:34.9376364Z /home/runner/work/PocketKrKr/PocketKrKr/cpp/core/plugin/ncbind.hpp:244:38: warning: no return statement in function returning non-void [-Wreturn-type]
2026-09-07T18:00:34.9405790Z   244 |                 static OK check(TO) {};
2026-09-07T18:00:34.9433301Z       |                                      ^
2026-09-07T18:00:35.1175536Z [537/741] Building CXX object cpp/plugins/psdfile/psdparse/CMakeFiles/psdparse.dir/__/__/layerExAreaAverage.cpp.o
2026-09-07T18:00:35.1196273Z In file included from /home/runner/work/PocketKrKr/PocketKrKr/cpp/plugins/layerExAreaAverage.cpp:4:
2026-09-07T18:00:35.1222938Z /home/runner/work/PocketKrKr/PocketKrKr/cpp/core/plugin/ncbind.hpp: In static member function ‘static ncbTypeConvertor::Conversion<FROM, TO>::OK ncbTypeConvertor::Conversion<FROM, TO>::check(TO)’:
2026-09-07T18:00:35.1225861Z /home/runner/work/PocketKrKr/PocketKrKr/cpp/core/plugin/ncbind.hpp:244:38: warning: no return statement in function returning non-void [-Wreturn-type]
2026-09-07T18:00:35.1227317Z   244 |                 static OK check(TO) {};
2026-09-07T18:00:35.1227958Z       |                                      ^
2026-09-07T18:00:36.6898369Z [538/741] Building CXX object cpp/plugins/psdfile/psdparse/CMakeFiles/psdparse.dir/__/__/layerExLongExposure.cpp.o
2026-09-07T18:00:36.6901954Z In file included from /home/runner/work/PocketKrKr/PocketKrKr/cpp/plugins/layerExLongExposure.cpp:4:
2026-09-07T18:00:36.6904730Z /home/runner/work/PocketKrKr/PocketKrKr/cpp/core/plugin/ncbind.hpp: In static member function ‘static ncbTypeConvertor::Conversion<FROM, TO>::OK ncbTypeConvertor::Conversion<FROM, TO>::check(TO)’:
2026-09-07T18:00:36.6907549Z /home/runner/work/PocketKrKr/PocketKrKr/cpp/core/plugin/ncbind.hpp:244:38: warning: no return statement in function returning non-void [-Wreturn-type]
2026-09-07T18:00:36.6909077Z   244 |                 static OK check(TO) {};
2026-09-07T18:00:36.6909840Z       |                                      ^
2026-09-07T18:00:37.9512331Z [539/741] Building CXX object cpp/plugins/psdfile/psdparse/CMakeFiles/psdparse.dir/__/__/drawDeviceD2DCompat.cpp.o
2026-09-07T18:00:37.9527102Z In file included from /home/runner/work/PocketKrKr/PocketKrKr/cpp/plugins/drawDeviceD2DCompat.cpp:3:
2026-09-07T18:00:37.9557259Z /home/runner/work/PocketKrKr/PocketKrKr/cpp/core/plugin/ncbind.hpp: In static member function ‘static ncbTypeConvertor::Conversion<FROM, TO>::OK ncbTypeConvertor::Conversion<FROM, TO>::check(TO)’:
2026-09-07T18:00:37.9586988Z /home/runner/work/PocketKrKr/PocketKrKr/cpp/core/plugin/ncbind.hpp:244:38: warning: no return statement in function returning non-void [-Wreturn-type]
2026-09-07T18:00:37.9615931Z   244 |                 static OK check(TO) {};
2026-09-07T18:00:37.9645773Z       |                                      ^
2026-09-07T18:00:38.4604719Z [540/741] Building CXX object cpp/plugins/psdfile/psdparse/CMakeFiles/psdparse.dir/psdfile.cpp.o
2026-09-07T18:00:38.4621290Z In file included from /home/runner/work/PocketKrKr/PocketKrKr/cpp/plugins/psdfile/psdparse/psddata.h:5,
2026-09-07T18:00:38.4646297Z                  from /home/runner/work/PocketKrKr/PocketKrKr/cpp/plugins/psdfile/psdparse/psdparse.h:12,
2026-09-07T18:00:38.4676319Z                  from /home/runner/work/PocketKrKr/PocketKrKr/cpp/plugins/psdfile/psdparse/psdfile.cpp:3:
2026-09-07T18:00:38.4678284Z /home/runner/work/PocketKrKr/PocketKrKr/cpp/plugins/psdfile/psdparse/psddesc.h:17:26: warning: multi-character character constant [-Wmultichar]
2026-09-07T18:00:38.4706025Z    17 |         TYPE_REFERENCE = 'obj ',
2026-09-07T18:00:38.4724301Z       |                          ^~~~~~
2026-09-07T18:00:38.4725985Z /home/runner/work/PocketKrKr/PocketKrKr/cpp/plugins/psdfile/psdparse/psddesc.h:18:27: warning: multi-character character constant [-Wmultichar]
2026-09-07T18:00:38.4727585Z    18 |         TYPE_DESCRIPTOR = 'Objc',
2026-09-07T18:00:38.4728389Z       |                           ^~~~~~
2026-09-07T18:00:38.4729852Z /home/runner/work/PocketKrKr/PocketKrKr/cpp/plugins/psdfile/psdparse/psddesc.h:19:21: warning: multi-character character constant [-Wmultichar]
2026-09-07T18:00:38.4731450Z    19 |         TYPE_LIST = 'VlLs',
2026-09-07T18:00:38.4732201Z       |                     ^~~~~~
2026-09-07T18:00:38.4733670Z /home/runner/work/PocketKrKr/PocketKrKr/cpp/plugins/psdfile/psdparse/psddesc.h:20:23: warning: multi-character character constant [-Wmultichar]
2026-09-07T18:00:38.4735513Z    20 |         TYPE_DOUBLE = 'doub',
2026-09-07T18:00:38.4736349Z       |                       ^~~~~~
2026-09-07T18:00:38.4737875Z /home/runner/work/PocketKrKr/PocketKrKr/cpp/plugins/psdfile/psdparse/psddesc.h:21:27: warning: multi-character character constant [-Wmultichar]
2026-09-07T18:00:38.4739413Z    21 |         TYPE_UNIT_FLOAT = 'UntF',
2026-09-07T18:00:38.4740206Z       |                           ^~~~~~
2026-09-07T18:00:38.4741649Z /home/runner/work/PocketKrKr/PocketKrKr/cpp/plugins/psdfile/psdparse/psddesc.h:22:23: warning: multi-character character constant [-Wmultichar]
2026-09-07T18:00:38.4743137Z    22 |         TYPE_STRING = 'TEXT',
2026-09-07T18:00:38.4743829Z       |                       ^~~~~~
2026-09-07T18:00:38.4745515Z /home/runner/work/PocketKrKr/PocketKrKr/cpp/plugins/psdfile/psdparse/psddesc.h:23:27: warning: multi-character character constant [-Wmultichar]
2026-09-07T18:00:38.4747038Z    23 |         TYPE_ENUMERATED = 'enum',
2026-09-07T18:00:38.4747839Z       |                           ^~~~~~
2026-09-07T18:00:38.4749310Z /home/runner/work/PocketKrKr/PocketKrKr/cpp/plugins/psdfile/psdparse/psddesc.h:24:24: warning: multi-character character constant [-Wmultichar]
2026-09-07T18:00:38.4750833Z    24 |         TYPE_INTEGER = 'long',
2026-09-07T18:00:38.4751609Z       |                        ^~~~~~
2026-09-07T18:00:38.4753011Z /home/runner/work/PocketKrKr/PocketKrKr/cpp/plugins/psdfile/psdparse/psddesc.h:25:24: warning: multi-character character constant [-Wmultichar]
2026-09-07T18:00:38.4754562Z    25 |         TYPE_BOOLEAN = 'bool',
2026-09-07T18:00:38.4755580Z       |                        ^~~~~~
2026-09-07T18:00:38.4757054Z /home/runner/work/PocketKrKr/PocketKrKr/cpp/plugins/psdfile/psdparse/psddesc.h:26:30: warning: multi-character character constant [-Wmultichar]
2026-09-07T18:00:38.4758590Z    26 |         TYPE_GLOBAL_OBJECT = 'GlbO',
2026-09-07T18:00:38.4759366Z       |                              ^~~~~~
2026-09-07T18:00:38.4760847Z /home/runner/work/PocketKrKr/PocketKrKr/cpp/plugins/psdfile/psdparse/psddesc.h:27:23: warning: multi-character character constant [-Wmultichar]
2026-09-07T18:00:38.4762406Z    27 |         TYPE_CLASS1 = 'type',
2026-09-07T18:00:38.4763485Z       |                       ^~~~~~
2026-09-07T18:00:38.4764986Z /home/runner/work/PocketKrKr/PocketKrKr/cpp/plugins/psdfile/psdparse/psddesc.h:28:23: warning: multi-character character constant [-Wmultichar]
2026-09-07T18:00:38.4766773Z    28 |         TYPE_CLASS2 = 'GlbC',
2026-09-07T18:00:38.4767863Z       |                       ^~~~~~
2026-09-07T18:00:38.4769332Z /home/runner/work/PocketKrKr/PocketKrKr/cpp/plugins/psdfile/psdparse/psddesc.h:29:22: warning: multi-character character constant [-Wmultichar]
2026-09-07T18:00:38.4770830Z    29 |         TYPE_ALIAS = 'alis',
2026-09-07T18:00:38.4771567Z       |                      ^~~~~~
2026-09-07T18:00:38.4772996Z /home/runner/work/PocketKrKr/PocketKrKr/cpp/plugins/psdfile/psdparse/psddesc.h:30:25: warning: multi-character character constant [-Wmultichar]
2026-09-07T18:00:38.4774499Z    30 |         TYPE_RAW_DATA = 'tdta',
2026-09-07T18:00:38.4775491Z       |                         ^~~~~~
2026-09-07T18:00:38.4776932Z /home/runner/work/PocketKrKr/PocketKrKr/cpp/plugins/psdfile/psdparse/psddesc.h:34:23: warning: multi-character character constant [-Wmultichar]
2026-09-07T18:00:38.4778424Z    34 |         UNIT_POINTS = '#Pnt',
2026-09-07T18:00:38.4779160Z       |                       ^~~~~~
2026-09-07T18:00:38.4780608Z /home/runner/work/PocketKrKr/PocketKrKr/cpp/plugins/psdfile/psdparse/psddesc.h:35:28: warning: multi-character character constant [-Wmultichar]
2026-09-07T18:00:38.4782171Z    35 |         UNIT_MILLIMETERS = '#Mlm',
2026-09-07T18:00:38.4782940Z       |                            ^~~~~~
2026-09-07T18:00:38.4784389Z /home/runner/work/PocketKrKr/PocketKrKr/cpp/plugins/psdfile/psdparse/psddesc.h:36:22: warning: multi-character character constant [-Wmultichar]
2026-09-07T18:00:38.4786166Z    36 |         UNIT_ANGLE = '#Ang', // degrees
2026-09-07T18:00:38.4787028Z       |                      ^~~~~~
2026-09-07T18:00:38.4788421Z /home/runner/work/PocketKrKr/PocketKrKr/cpp/plugins/psdfile/psdparse/psddesc.h:37:24: warning: multi-character character constant [-Wmultichar]
2026-09-07T18:00:38.4790002Z    37 |         UNIT_DENSITY = '#Rsl', // base per inch
2026-09-07T18:00:38.4790828Z       |                        ^~~~~~
2026-09-07T18:00:38.4792303Z /home/runner/work/PocketKrKr/PocketKrKr/cpp/plugins/psdfile/psdparse/psddesc.h:38:25: warning: multi-character character constant [-Wmultichar]
2026-09-07T18:00:38.4793855Z    38 |         UNIT_DISTANCE = '#Rlt', // base 72ppi
2026-09-07T18:00:38.4794655Z       |                         ^~~~~~
2026-09-07T18:00:38.4796320Z /home/runner/work/PocketKrKr/PocketKrKr/cpp/plugins/psdfile/psdparse/psddesc.h:39:21: warning: multi-character character constant [-Wmultichar]
2026-09-07T18:00:38.4797813Z    39 |         UNIT_NONE = '#Nne',
2026-09-07T18:00:38.4798508Z       |                     ^~~~~~
2026-09-07T18:00:38.4799871Z /home/runner/work/PocketKrKr/PocketKrKr/cpp/plugins/psdfile/psdparse/psddesc.h:40:24: warning: multi-character character constant [-Wmultichar]
2026-09-07T18:00:38.4801393Z    40 |         UNIT_PERCENT = '#Prc',
2026-09-07T18:00:38.4802247Z       |                        ^~~~~~
2026-09-07T18:00:38.4803681Z /home/runner/work/PocketKrKr/PocketKrKr/cpp/plugins/psdfile/psdparse/psddesc.h:41:23: warning: multi-character character constant [-Wmultichar]
2026-09-07T18:00:38.4805154Z    41 |         UNIT_PIXELS = '#Pxl',
2026-09-07T18:00:38.4806186Z       |                       ^~~~~~
2026-09-07T18:00:38.4807586Z /home/runner/work/PocketKrKr/PocketKrKr/cpp/plugins/psdfile/psdparse/psddesc.h:46:29: warning: multi-character character constant [-Wmultichar]
2026-09-07T18:00:38.4809084Z    46 |         REF_TYPE_PROPERTY = 'prop',
2026-09-07T18:00:38.4809824Z       |                             ^~~~~~
2026-09-07T18:00:38.4811224Z /home/runner/work/PocketKrKr/PocketKrKr/cpp/plugins/psdfile/psdparse/psddesc.h:47:26: warning: multi-character character constant [-Wmultichar]
2026-09-07T18:00:38.4812660Z    47 |         REF_TYPE_CLASS = 'Clss',
2026-09-07T18:00:38.4813335Z       |                          ^~~~~~
2026-09-07T18:00:38.4814922Z /home/runner/work/PocketKrKr/PocketKrKr/cpp/plugins/psdfile/psdparse/psddesc.h:48:29: warning: multi-character character constant [-Wmultichar]
2026-09-07T18:00:38.4816769Z    48 |         REF_TYPE_ENUM_REF = 'Enmr',
2026-09-07T18:00:38.4817534Z       |                             ^~~~~~
2026-09-07T18:00:38.4819312Z /home/runner/work/PocketKrKr/PocketKrKr/cpp/plugins/psdfile/psdparse/psddesc.h:49:27: warning: multi-character character constant [-Wmultichar]
2026-09-07T18:00:38.4820803Z    49 |         REF_TYPE_OFFSET = 'rele',
2026-09-07T18:00:38.4821509Z       |                           ^~~~~~
2026-09-07T18:00:38.4822905Z /home/runner/work/PocketKrKr/PocketKrKr/cpp/plugins/psdfile/psdparse/psddesc.h:50:31: warning: multi-character character constant [-Wmultichar]
2026-09-07T18:00:38.4824384Z    50 |         REF_TYPE_IDENTIFIER = 'Idnt',
2026-09-07T18:00:38.4825086Z       |                               ^~~~~~
2026-09-07T18:00:38.4826776Z /home/runner/work/PocketKrKr/PocketKrKr/cpp/plugins/psdfile/psdparse/psddesc.h:51:26: warning: multi-character character constant [-Wmultichar]
2026-09-07T18:00:38.4828282Z    51 |         REF_TYPE_INDEX = 'indx',
2026-09-07T18:00:38.4829006Z       |                          ^~~~~~
2026-09-07T18:00:38.4830445Z /home/runner/work/PocketKrKr/PocketKrKr/cpp/plugins/psdfile/psdparse/psddesc.h:52:25: warning: multi-character character constant [-Wmultichar]
2026-09-07T18:00:38.4831946Z    52 |         REF_TYPE_NAME = 'name',
2026-09-07T18:00:38.4832653Z       |                         ^~~~~~
2026-09-07T18:00:38.4833813Z In file included from /home/runner/work/PocketKrKr/PocketKrKr/cpp/plugins/psdfile/psdparse/psdparse.h:12,
2026-09-07T18:00:38.4835654Z                  from /home/runner/work/PocketKrKr/PocketKrKr/cpp/plugins/psdfile/psdparse/psdfile.cpp:3:
2026-09-07T18:00:38.4837509Z /home/runner/work/PocketKrKr/PocketKrKr/cpp/plugins/psdfile/psdparse/psddata.h:113:18: warning: multi-character character constant [-Wmultichar]
2026-09-07T18:00:38.4838935Z   113 |             case 'norm':
2026-09-07T18:00:38.4839535Z       |                  ^~~~~~
2026-09-07T18:00:38.4840804Z /home/runner/work/PocketKrKr/PocketKrKr/cpp/plugins/psdfile/psdparse/psddata.h:115:18: warning: multi-character character constant [-Wmultichar]
2026-09-07T18:00:38.4842095Z   115 |             case 'diss':
2026-09-07T18:00:38.4842728Z       |                  ^~~~~~
2026-09-07T18:00:38.4844038Z /home/runner/work/PocketKrKr/PocketKrKr/cpp/plugins/psdfile/psdparse/psddata.h:117:18: warning: multi-character character constant [-Wmultichar]
2026-09-07T18:00:38.4845792Z   117 |             case 'dark':
2026-09-07T18:00:38.4846453Z       |                  ^~~~~~
2026-09-07T18:00:38.4847814Z /home/runner/work/PocketKrKr/PocketKrKr/cpp/plugins/psdfile/psdparse/psddata.h:119:18: warning: multi-character character constant [-Wmultichar]
2026-09-07T18:00:38.4849271Z   119 |             case 'mul ':
2026-09-07T18:00:38.4849924Z       |                  ^~~~~~
2026-09-07T18:00:38.4851294Z /home/runner/work/PocketKrKr/PocketKrKr/cpp/plugins/psdfile/psdparse/psddata.h:121:18: warning: multi-character character constant [-Wmultichar]
2026-09-07T18:00:38.4852725Z   121 |             case 'idiv':
2026-09-07T18:00:38.4853386Z       |                  ^~~~~~
2026-09-07T18:00:38.4854868Z /home/runner/work/PocketKrKr/PocketKrKr/cpp/plugins/psdfile/psdparse/psddata.h:123:18: warning: multi-character character constant [-Wmultichar]
2026-09-07T18:00:38.4856590Z   123 |             case 'lbrn':
2026-09-07T18:00:38.4857266Z       |                  ^~~~~~
2026-09-07T18:00:38.4858589Z /home/runner/work/PocketKrKr/PocketKrKr/cpp/plugins/psdfile/psdparse/psddata.h:125:18: warning: multi-character character constant [-Wmultichar]
2026-09-07T18:00:38.4860080Z   125 |             case 'dkCl':
2026-09-07T18:00:38.4860731Z       |                  ^~~~~~
2026-09-07T18:00:38.4862104Z /home/runner/work/PocketKrKr/PocketKrKr/cpp/plugins/psdfile/psdparse/psddata.h:127:18: warning: multi-character character constant [-Wmultichar]
2026-09-07T18:00:38.4863830Z   127 |             case 'lite':
2026-09-07T18:00:38.4864539Z       |                  ^~~~~~
2026-09-07T18:00:38.4866106Z /home/runner/work/PocketKrKr/PocketKrKr/cpp/plugins/psdfile/psdparse/psddata.h:129:18: warning: multi-character character constant [-Wmultichar]
2026-09-07T18:00:38.4867880Z   129 |             case 'scrn':
2026-09-07T18:00:38.4868553Z       |                  ^~~~~~
2026-09-07T18:00:38.4869893Z /home/runner/work/PocketKrKr/PocketKrKr/cpp/plugins/psdfile/psdparse/psddata.h:131:18: warning: multi-character character constant [-Wmultichar]
2026-09-07T18:00:38.4871302Z   131 |             case 'div ':
2026-09-07T18:00:38.4871925Z       |                  ^~~~~~
2026-09-07T18:00:38.4873238Z /home/runner/work/PocketKrKr/PocketKrKr/cpp/plugins/psdfile/psdparse/psddata.h:133:18: warning: multi-character character constant [-Wmultichar]
2026-09-07T18:00:38.4874662Z   133 |             case 'lddg':
2026-09-07T18:00:38.4875570Z       |                  ^~~~~~
2026-09-07T18:00:38.4876972Z /home/runner/work/PocketKrKr/PocketKrKr/cpp/plugins/psdfile/psdparse/psddata.h:135:18: warning: multi-character character constant [-Wmultichar]
2026-09-07T18:00:38.4878443Z   135 |             case 'ltCl':
2026-09-07T18:00:38.4879116Z       |                  ^~~~~~
2026-09-07T18:00:38.4880452Z /home/runner/work/PocketKrKr/PocketKrKr/cpp/plugins/psdfile/psdparse/psddata.h:137:18: warning: multi-character character constant [-Wmultichar]
2026-09-07T18:00:38.4881937Z   137 |             case 'over':
2026-09-07T18:00:38.4882569Z       |                  ^~~~~~
2026-09-07T18:00:38.4883912Z /home/runner/work/PocketKrKr/PocketKrKr/cpp/plugins/psdfile/psdparse/psddata.h:139:18: warning: multi-character character constant [-Wmultichar]
2026-09-07T18:00:38.4885578Z   139 |             case 'sLit':
2026-09-07T18:00:38.4886234Z       |                  ^~~~~~
2026-09-07T18:00:38.4887554Z /home/runner/work/PocketKrKr/PocketKrKr/cpp/plugins/psdfile/psdparse/psddata.h:141:18: warning: multi-character character constant [-Wmultichar]
2026-09-07T18:00:38.4888965Z   141 |             case 'hLit':
2026-09-07T18:00:38.4889615Z       |                  ^~~~~~
2026-09-07T18:00:38.4890919Z /home/runner/work/PocketKrKr/PocketKrKr/cpp/plugins/psdfile/psdparse/psddata.h:143:18: warning: multi-character character constant [-Wmultichar]
2026-09-07T18:00:38.4892354Z   143 |             case 'vLit':
2026-09-07T18:00:38.4893005Z       |                  ^~~~~~
2026-09-07T18:00:38.4894373Z /home/runner/work/PocketKrKr/PocketKrKr/cpp/plugins/psdfile/psdparse/psddata.h:145:18: warning: multi-character character constant [-Wmultichar]
2026-09-07T18:00:38.4896124Z   145 |             case 'lLit':
2026-09-07T18:00:38.4896846Z       |                  ^~~~~~
2026-09-07T18:00:38.4898232Z /home/runner/work/PocketKrKr/PocketKrKr/cpp/plugins/psdfile/psdparse/psddata.h:147:18: warning: multi-character character constant [-Wmultichar]
2026-09-07T18:00:38.4899726Z   147 |             case 'pLit':
2026-09-07T18:00:38.4900410Z       |                  ^~~~~~
2026-09-07T18:00:38.4901798Z /home/runner/work/PocketKrKr/PocketKrKr/cpp/plugins/psdfile/psdparse/psddata.h:149:18: warning: multi-character character constant [-Wmultichar]
2026-09-07T18:00:38.4903281Z   149 |             case 'hMix':
2026-09-07T18:00:38.4903948Z       |                  ^~~~~~
2026-09-07T18:00:38.4905591Z /home/runner/work/PocketKrKr/PocketKrKr/cpp/plugins/psdfile/psdparse/psddata.h:151:18: warning: multi-character character constant [-Wmultichar]
2026-09-07T18:00:38.4907076Z   151 |             case 'diff':
2026-09-07T18:00:38.4907731Z       |                  ^~~~~~
2026-09-07T18:00:38.4909122Z /home/runner/work/PocketKrKr/PocketKrKr/cpp/plugins/psdfile/psdparse/psddata.h:153:18: warning: multi-character character constant [-Wmultichar]
2026-09-07T18:00:38.4910560Z   153 |             case 'smud':
2026-09-07T18:00:38.4911211Z       |                  ^~~~~~
2026-09-07T18:00:38.4912867Z /home/runner/work/PocketKrKr/PocketKrKr/cpp/plugins/psdfile/psdparse/psddata.h:155:18: warning: multi-character character constant [-Wmultichar]
2026-09-07T18:00:38.4914383Z   155 |             case 'fsub':
2026-09-07T18:00:38.4915079Z       |                  ^~~~~~
2026-09-07T18:00:38.4916791Z /home/runner/work/PocketKrKr/PocketKrKr/cpp/plugins/psdfile/psdparse/psddata.h:157:18: warning: multi-character character constant [-Wmultichar]
2026-09-07T18:00:38.4918562Z   157 |             case 'fdiv':
2026-09-07T18:00:38.4919215Z       |                  ^~~~~~
2026-09-07T18:00:38.4920562Z /home/runner/work/PocketKrKr/PocketKrKr/cpp/plugins/psdfile/psdparse/psddata.h:159:18: warning: multi-character character constant [-Wmultichar]
2026-09-07T18:00:38.4922027Z   159 |             case 'hue ':
2026-09-07T18:00:38.4922688Z       |                  ^~~~~~
2026-09-07T18:00:38.4924047Z /home/runner/work/PocketKrKr/PocketKrKr/cpp/plugins/psdfile/psdparse/psddata.h:161:18: warning: multi-character character constant [-Wmultichar]
2026-09-07T18:00:38.4925831Z   161 |             case 'sat ':
2026-09-07T18:00:38.4926632Z       |                  ^~~~~~
2026-09-07T18:00:38.4928005Z /home/runner/work/PocketKrKr/PocketKrKr/cpp/plugins/psdfile/psdparse/psddata.h:163:18: warning: multi-character character constant [-Wmultichar]
2026-09-07T18:00:38.4929477Z   163 |             case 'colr':
2026-09-07T18:00:38.4930171Z       |                  ^~~~~~
2026-09-07T18:00:38.4931562Z /home/runner/work/PocketKrKr/PocketKrKr/cpp/plugins/psdfile/psdparse/psddata.h:165:18: warning: multi-character character constant [-Wmultichar]
2026-09-07T18:00:38.4933058Z   165 |             case 'lum ':
2026-09-07T18:00:38.4933746Z       |                  ^~~~~~
2026-09-07T18:00:38.4935123Z /home/runner/work/PocketKrKr/PocketKrKr/cpp/plugins/psdfile/psdparse/psddata.h:167:18: warning: multi-character character constant [-Wmultichar]
2026-09-07T18:00:38.4936861Z   167 |             case 'pass':
2026-09-07T18:00:38.4937527Z       |                  ^~~~~~
2026-09-07T18:00:38.4938617Z In file included from /home/runner/work/PocketKrKr/PocketKrKr/cpp/plugins/psdfile/psdparse/psddata.h:4,
2026-09-07T18:00:38.4940167Z                  from /home/runner/work/PocketKrKr/PocketKrKr/cpp/plugins/psdfile/psdparse/psdparse.h:12,
2026-09-07T18:00:38.4941687Z                  from /home/runner/work/PocketKrKr/PocketKrKr/cpp/plugins/psdfile/psdparse/psdfile.cpp:3:
2026-09-07T18:00:38.4944154Z /home/runner/work/PocketKrKr/PocketKrKr/cpp/plugins/psdfile/psdparse/psddesc.h: In member function ‘virtual void psd::DescriptorReference::dump(int)’:
2026-09-07T18:00:38.4947880Z /home/runner/work/PocketKrKr/PocketKrKr/cpp/plugins/psdfile/psdparse/psddesc.h:234:20: warning: format ‘%d’ expects argument of type ‘int’, but argument 3 has type ‘std::vector<psd::ReferenceItem*>::size_type’ {aka ‘long unsigned int’} [-Wformat=]
2026-09-07T18:00:38.4950177Z   234 |             dprint("%s (count:%d)\n", typeName(), items.size());
2026-09-07T18:00:38.4951122Z       |                    ^~~~~~~~~~~~~~~~~              ~~~~~~~~~~~~
2026-09-07T18:00:38.4952010Z       |                                                             |
2026-09-07T18:00:38.4953131Z       |                                                             std::vector<psd::ReferenceItem*>::size_type {aka long unsigned int}
2026-09-07T18:00:38.4954970Z /home/runner/work/PocketKrKr/PocketKrKr/cpp/plugins/psdfile/psdparse/psdbase.h:7:28: note: in definition of macro ‘dprint’
2026-09-07T18:00:38.4956659Z     7 | #define dprint(...) printf(__VA_ARGS__);
2026-09-07T18:00:38.4957442Z       |                            ^~~~~~~~~~~
2026-09-07T18:00:38.4958604Z In file included from /home/runner/work/PocketKrKr/PocketKrKr/cpp/plugins/psdfile/psdparse/psddata.h:5,
2026-09-07T18:00:38.4960288Z                  from /home/runner/work/PocketKrKr/PocketKrKr/cpp/plugins/psdfile/psdparse/psdparse.h:12,
2026-09-07T18:00:38.4961796Z                  from /home/runner/work/PocketKrKr/PocketKrKr/cpp/plugins/psdfile/psdparse/psdfile.cpp:3:
2026-09-07T18:00:38.4963736Z /home/runner/work/PocketKrKr/PocketKrKr/cpp/plugins/psdfile/psdparse/psddesc.h:234:32: note: format string is defined here
2026-09-07T18:00:38.4965473Z   234 |             dprint("%s (count:%d)\n", typeName(), items.size());
2026-09-07T18:00:38.4966353Z       |                               ~^
2026-09-07T18:00:38.4967069Z       |                                |
2026-09-07T18:00:38.4968084Z       |                                int
2026-09-07T18:00:38.4968819Z       |                               %ld
2026-09-07T18:00:38.4969971Z In file included from /home/runner/work/PocketKrKr/PocketKrKr/cpp/plugins/psdfile/psdparse/psddata.h:4,
2026-09-07T18:00:38.4971539Z                  from /home/runner/work/PocketKrKr/PocketKrKr/cpp/plugins/psdfile/psdparse/psdparse.h:12,
2026-09-07T18:00:38.4973044Z                  from /home/runner/work/PocketKrKr/PocketKrKr/cpp/plugins/psdfile/psdparse/psdfile.cpp:3:
2026-09-07T18:00:38.4975435Z /home/runner/work/PocketKrKr/PocketKrKr/cpp/plugins/psdfile/psdparse/psddesc.h: In member function ‘virtual void psd::DescriptorList::dump(int)’:
2026-09-07T18:00:38.4978789Z /home/runner/work/PocketKrKr/PocketKrKr/cpp/plugins/psdfile/psdparse/psddesc.h:253:20: warning: format ‘%d’ expects argument of type ‘int’, but argument 3 has type ‘std::vector<psd::DescriptorItem*>::size_type’ {aka ‘long unsigned int’} [-Wformat=]
2026-09-07T18:00:38.4981071Z   253 |             dprint("%s (count:%d)\n", typeName(), items.size());
2026-09-07T18:00:38.4982015Z       |                    ^~~~~~~~~~~~~~~~~              ~~~~~~~~~~~~
2026-09-07T18:00:38.4982844Z       |                                                             |
2026-09-07T18:00:38.4983945Z       |                                                             std::vector<psd::DescriptorItem*>::size_type {aka long unsigned int}
2026-09-07T18:00:38.4986167Z /home/runner/work/PocketKrKr/PocketKrKr/cpp/plugins/psdfile/psdparse/psdbase.h:7:28: note: in definition of macro ‘dprint’
2026-09-07T18:00:38.4987571Z     7 | #define dprint(...) printf(__VA_ARGS__);
2026-09-07T18:00:38.4988383Z       |                            ^~~~~~~~~~~
2026-09-07T18:00:38.4989563Z In file included from /home/runner/work/PocketKrKr/PocketKrKr/cpp/plugins/psdfile/psdparse/psddata.h:5,
2026-09-07T18:00:38.4991222Z                  from /home/runner/work/PocketKrKr/PocketKrKr/cpp/plugins/psdfile/psdparse/psdparse.h:12,
2026-09-07T18:00:38.4992726Z                  from /home/runner/work/PocketKrKr/PocketKrKr/cpp/plugins/psdfile/psdparse/psdfile.cpp:3:
2026-09-07T18:00:38.4994457Z /home/runner/work/PocketKrKr/PocketKrKr/cpp/plugins/psdfile/psdparse/psddesc.h:253:32: note: format string is defined here
2026-09-07T18:00:38.4996150Z   253 |             dprint("%s (count:%d)\n", typeName(), items.size());
2026-09-07T18:00:38.4996996Z       |                               ~^
2026-09-07T18:00:38.4997691Z       |                                |
2026-09-07T18:00:38.4998384Z       |                                int
2026-09-07T18:00:38.4999096Z       |                               %ld
2026-09-07T18:00:38.5000268Z In file included from /home/runner/work/PocketKrKr/PocketKrKr/cpp/plugins/psdfile/psdparse/psdfile.cpp:5:
2026-09-07T18:00:38.5002832Z /home/runner/work/PocketKrKr/PocketKrKr/cpp/core/plugin/ncbind.hpp: In static member function ‘static ncbTypeConvertor::Conversion<FROM, TO>::OK ncbTypeConvertor::Conversion<FROM, TO>::check(TO)’:
2026-09-07T18:00:38.5005579Z /home/runner/work/PocketKrKr/PocketKrKr/cpp/core/plugin/ncbind.hpp:244:38: warning: no return statement in function returning non-void [-Wreturn-type]
2026-09-07T18:00:38.5007112Z   244 |                 static OK check(TO) {};
2026-09-07T18:00:38.5007868Z       |                                      ^
2026-09-07T18:00:39.0336839Z [541/741] Building CXX object cpp/plugins/psdfile/psdparse/CMakeFiles/psdparse.dir/__/__/krkrgles.cpp.o
2026-09-07T18:00:39.0356541Z In file included from /home/runner/work/PocketKrKr/PocketKrKr/cpp/plugins/krkrgles.cpp:2:
2026-09-07T18:00:39.0359957Z /home/runner/work/PocketKrKr/PocketKrKr/cpp/core/plugin/ncbind.hpp: In static member function ‘static ncbTypeConvertor::Conversion<FROM, TO>::OK ncbTypeConvertor::Conversion<FROM, TO>::check(TO)’:
2026-09-07T18:00:39.0362346Z /home/runner/work/PocketKrKr/PocketKrKr/cpp/core/plugin/ncbind.hpp:244:38: warning: no return statement in function returning non-void [-Wreturn-type]
2026-09-07T18:00:39.0363826Z   244 |                 static OK check(TO) {};
2026-09-07T18:00:39.0364872Z       |                                      ^
2026-09-07T18:00:39.5346765Z [542/741] Building CXX object cpp/plugins/psdfile/psdparse/CMakeFiles/psdparse.dir/__/__/wfBasicEffectCompat.cpp.o
2026-09-07T18:00:39.5376186Z In file included from /home/runner/work/PocketKrKr/PocketKrKr/cpp/plugins/wfBasicEffectCompat.cpp:3:
2026-09-07T18:00:39.5397530Z /home/runner/work/PocketKrKr/PocketKrKr/cpp/core/plugin/ncbind.hpp: In static member function ‘static ncbTypeConvertor::Conversion<FROM, TO>::OK ncbTypeConvertor::Conversion<FROM, TO>::check(TO)’:
2026-09-07T18:00:39.5436602Z /home/runner/work/PocketKrKr/PocketKrKr/cpp/core/plugin/ncbind.hpp:244:38: warning: no return statement in function returning non-void [-Wreturn-type]
2026-09-07T18:00:39.5465779Z   244 |                 static OK check(TO) {};
2026-09-07T18:00:39.5495729Z       |                                      ^
2026-09-07T18:00:40.3980316Z [543/741] Building CXX object cpp/plugins/psdfile/psdparse/CMakeFiles/psdparse.dir/__/__/wfTypicalDSPCompat.cpp.o
2026-09-07T18:00:40.3994270Z In file included from /home/runner/work/PocketKrKr/PocketKrKr/cpp/plugins/wfTypicalDSPCompat.cpp:3:
2026-09-07T18:00:40.3998454Z /home/runner/work/PocketKrKr/PocketKrKr/cpp/core/plugin/ncbind.hpp: In static member function ‘static ncbTypeConvertor::Conversion<FROM, TO>::OK ncbTypeConvertor::Conversion<FROM, TO>::check(TO)’:
2026-09-07T18:00:40.4000929Z /home/runner/work/PocketKrKr/PocketKrKr/cpp/core/plugin/ncbind.hpp:244:38: warning: no return statement in function returning non-void [-Wreturn-type]
2026-09-07T18:00:40.4002325Z   244 |                 static OK check(TO) {};
2026-09-07T18:00:40.4003008Z       |                                      ^
2026-09-07T18:00:41.7676793Z [544/741] Building CXX object cpp/plugins/psdfile/psdparse/CMakeFiles/psdparse.dir/__/main.cpp.o
2026-09-07T18:00:41.7680845Z In file included from /home/runner/work/PocketKrKr/PocketKrKr/cpp/plugins/psdfile/psdparse/psddata.h:5,
2026-09-07T18:00:41.7682365Z                  from /home/runner/work/PocketKrKr/PocketKrKr/cpp/plugins/psdfile/psdparse/psdfile.h:4,
2026-09-07T18:00:41.7683642Z                  from /home/runner/work/PocketKrKr/PocketKrKr/cpp/plugins/psdfile/psdclass.h:9,
2026-09-07T18:00:41.7684867Z                  from /home/runner/work/PocketKrKr/PocketKrKr/cpp/plugins/psdfile/main.cpp:5:
2026-09-07T18:00:41.7686773Z /home/runner/work/PocketKrKr/PocketKrKr/cpp/plugins/psdfile/psdparse/psddesc.h:17:26: warning: multi-character character constant [-Wmultichar]
2026-09-07T18:00:41.7688142Z    17 |         TYPE_REFERENCE = 'obj ',
2026-09-07T18:00:41.7688749Z       |                          ^~~~~~
2026-09-07T18:00:41.7690017Z /home/runner/work/PocketKrKr/PocketKrKr/cpp/plugins/psdfile/psdparse/psddesc.h:18:27: warning: multi-character character constant [-Wmultichar]
2026-09-07T18:00:41.7691342Z    18 |         TYPE_DESCRIPTOR = 'Objc',
2026-09-07T18:00:41.7691942Z       |                           ^~~~~~
2026-09-07T18:00:41.7693216Z /home/runner/work/PocketKrKr/PocketKrKr/cpp/plugins/psdfile/psdparse/psddesc.h:19:21: warning: multi-character character constant [-Wmultichar]
2026-09-07T18:00:41.7694528Z    19 |         TYPE_LIST = 'VlLs',
2026-09-07T18:00:41.7695100Z       |                     ^~~~~~
2026-09-07T18:00:41.7696796Z /home/runner/work/PocketKrKr/PocketKrKr/cpp/plugins/psdfile/psdparse/psddesc.h:20:23: warning: multi-character character constant [-Wmultichar]
2026-09-07T18:00:41.7698131Z    20 |         TYPE_DOUBLE = 'doub',
2026-09-07T18:00:41.7698709Z       |                       ^~~~~~
2026-09-07T18:00:41.7700243Z /home/runner/work/PocketKrKr/PocketKrKr/cpp/plugins/psdfile/psdparse/psddesc.h:21:27: warning: multi-character character constant [-Wmultichar]
2026-09-07T18:00:41.7701592Z    21 |         TYPE_UNIT_FLOAT = 'UntF',
2026-09-07T18:00:41.7702182Z       |                           ^~~~~~
2026-09-07T18:00:41.7703442Z /home/runner/work/PocketKrKr/PocketKrKr/cpp/plugins/psdfile/psdparse/psddesc.h:22:23: warning: multi-character character constant [-Wmultichar]
2026-09-07T18:00:41.7705012Z    22 |         TYPE_STRING = 'TEXT',
2026-09-07T18:00:41.7706058Z       |                       ^~~~~~
2026-09-07T18:00:41.7707349Z /home/runner/work/PocketKrKr/PocketKrKr/cpp/plugins/psdfile/psdparse/psddesc.h:23:27: warning: multi-character character constant [-Wmultichar]
2026-09-07T18:00:41.7709014Z    23 |         TYPE_ENUMERATED = 'enum',
2026-09-07T18:00:41.7709639Z       |                           ^~~~~~
2026-09-07T18:00:41.7710938Z /home/runner/work/PocketKrKr/PocketKrKr/cpp/plugins/psdfile/psdparse/psddesc.h:24:24: warning: multi-character character constant [-Wmultichar]
2026-09-07T18:00:41.7712301Z    24 |         TYPE_INTEGER = 'long',
2026-09-07T18:00:41.7712911Z       |                        ^~~~~~
2026-09-07T18:00:41.7714191Z /home/runner/work/PocketKrKr/PocketKrKr/cpp/plugins/psdfile/psdparse/psddesc.h:25:24: warning: multi-character character constant [-Wmultichar]
2026-09-07T18:00:41.7715760Z    25 |         TYPE_BOOLEAN = 'bool',
2026-09-07T18:00:41.7716309Z       |                        ^~~~~~
2026-09-07T18:00:41.7717494Z /home/runner/work/PocketKrKr/PocketKrKr/cpp/plugins/psdfile/psdparse/psddesc.h:26:30: warning: multi-character character constant [-Wmultichar]
2026-09-07T18:00:41.7718781Z    26 |         TYPE_GLOBAL_OBJECT = 'GlbO',
2026-09-07T18:00:41.7719355Z       |                              ^~~~~~
2026-09-07T18:00:41.7720625Z /home/runner/work/PocketKrKr/PocketKrKr/cpp/plugins/psdfile/psdparse/psddesc.h:27:23: warning: multi-character character constant [-Wmultichar]
2026-09-07T18:00:41.7721928Z    27 |         TYPE_CLASS1 = 'type',
2026-09-07T18:00:41.7722474Z       |                       ^~~~~~
2026-09-07T18:00:41.7723763Z /home/runner/work/PocketKrKr/PocketKrKr/cpp/plugins/psdfile/psdparse/psddesc.h:28:23: warning: multi-character character constant [-Wmultichar]
2026-09-07T18:00:41.7725045Z    28 |         TYPE_CLASS2 = 'GlbC',
2026-09-07T18:00:41.7725830Z       |                       ^~~~~~
2026-09-07T18:00:41.7727108Z /home/runner/work/PocketKrKr/PocketKrKr/cpp/plugins/psdfile/psdparse/psddesc.h:29:22: warning: multi-character character constant [-Wmultichar]
2026-09-07T18:00:41.7728432Z    29 |         TYPE_ALIAS = 'alis',
2026-09-07T18:00:41.7728986Z       |                      ^~~~~~
2026-09-07T18:00:41.7730234Z /home/runner/work/PocketKrKr/PocketKrKr/cpp/plugins/psdfile/psdparse/psddesc.h:30:25: warning: multi-character character constant [-Wmultichar]
2026-09-07T18:00:41.7731620Z    30 |         TYPE_RAW_DATA = 'tdta',
2026-09-07T18:00:41.7732230Z       |                         ^~~~~~
2026-09-07T18:00:41.7733497Z /home/runner/work/PocketKrKr/PocketKrKr/cpp/plugins/psdfile/psdparse/psddesc.h:34:23: warning: multi-character character constant [-Wmultichar]
2026-09-07T18:00:41.7734796Z    34 |         UNIT_POINTS = '#Pnt',
2026-09-07T18:00:41.7735603Z       |                       ^~~~~~
2026-09-07T18:00:41.7736907Z /home/runner/work/PocketKrKr/PocketKrKr/cpp/plugins/psdfile/psdparse/psddesc.h:35:28: warning: multi-character character constant [-Wmultichar]
2026-09-07T18:00:41.7738260Z    35 |         UNIT_MILLIMETERS = '#Mlm',
2026-09-07T18:00:41.7738863Z       |                            ^~~~~~
2026-09-07T18:00:41.7740208Z /home/runner/work/PocketKrKr/PocketKrKr/cpp/plugins/psdfile/psdparse/psddesc.h:36:22: warning: multi-character character constant [-Wmultichar]
2026-09-07T18:00:41.7741547Z    36 |         UNIT_ANGLE = '#Ang', // degrees
2026-09-07T18:00:41.7742158Z       |                      ^~~~~~
2026-09-07T18:00:41.7743419Z /home/runner/work/PocketKrKr/PocketKrKr/cpp/plugins/psdfile/psdparse/psddesc.h:37:24: warning: multi-character character constant [-Wmultichar]
2026-09-07T18:00:41.7745014Z    37 |         UNIT_DENSITY = '#Rsl', // base per inch
2026-09-07T18:00:41.7746239Z       |                        ^~~~~~
2026-09-07T18:00:41.7747485Z /home/runner/work/PocketKrKr/PocketKrKr/cpp/plugins/psdfile/psdparse/psddesc.h:38:25: warning: multi-character character constant [-Wmultichar]
2026-09-07T18:00:41.7749081Z    38 |         UNIT_DISTANCE = '#Rlt', // base 72ppi
2026-09-07T18:00:41.7749721Z       |                         ^~~~~~
2026-09-07T18:00:41.7750997Z /home/runner/work/PocketKrKr/PocketKrKr/cpp/plugins/psdfile/psdparse/psddesc.h:39:21: warning: multi-character character constant [-Wmultichar]
2026-09-07T18:00:41.7752346Z    39 |         UNIT_NONE = '#Nne',
2026-09-07T18:00:41.7752914Z       |                     ^~~~~~
2026-09-07T18:00:41.7761837Z /home/runner/work/PocketKrKr/PocketKrKr/cpp/plugins/psdfile/psdparse/psddesc.h:40:24: warning: multi-character character constant [-Wmultichar]
2026-09-07T18:00:41.7763200Z    40 |         UNIT_PERCENT = '#Prc',
2026-09-07T18:00:41.7763818Z       |                        ^~~~~~
2026-09-07T18:00:41.7765093Z /home/runner/work/PocketKrKr/PocketKrKr/cpp/plugins/psdfile/psdparse/psddesc.h:41:23: warning: multi-character character constant [-Wmultichar]
2026-09-07T18:00:41.7766696Z    41 |         UNIT_PIXELS = '#Pxl',
2026-09-07T18:00:41.7767281Z       |                       ^~~~~~
2026-09-07T18:00:41.7768544Z /home/runner/work/PocketKrKr/PocketKrKr/cpp/plugins/psdfile/psdparse/psddesc.h:46:29: warning: multi-character character constant [-Wmultichar]
2026-09-07T18:00:41.7769864Z    46 |         REF_TYPE_PROPERTY = 'prop',
2026-09-07T18:00:41.7770486Z       |                             ^~~~~~
2026-09-07T18:00:41.7771808Z /home/runner/work/PocketKrKr/PocketKrKr/cpp/plugins/psdfile/psdparse/psddesc.h:47:26: warning: multi-character character constant [-Wmultichar]
2026-09-07T18:00:41.7773129Z    47 |         REF_TYPE_CLASS = 'Clss',
2026-09-07T18:00:41.7773845Z       |                          ^~~~~~
2026-09-07T18:00:41.7775128Z /home/runner/work/PocketKrKr/PocketKrKr/cpp/plugins/psdfile/psdparse/psddesc.h:48:29: warning: multi-character character constant [-Wmultichar]
2026-09-07T18:00:41.7776981Z    48 |         REF_TYPE_ENUM_REF = 'Enmr',
2026-09-07T18:00:41.7777623Z       |                             ^~~~~~
2026-09-07T18:00:41.7778896Z /home/runner/work/PocketKrKr/PocketKrKr/cpp/plugins/psdfile/psdparse/psddesc.h:49:27: warning: multi-character character constant [-Wmultichar]
2026-09-07T18:00:41.7780234Z    49 |         REF_TYPE_OFFSET = 'rele',
2026-09-07T18:00:41.7787333Z       |                           ^~~~~~
2026-09-07T18:00:41.7788906Z /home/runner/work/PocketKrKr/PocketKrKr/cpp/plugins/psdfile/psdparse/psddesc.h:50:31: warning: multi-character character constant [-Wmultichar]
2026-09-07T18:00:41.7790359Z    50 |         REF_TYPE_IDENTIFIER = 'Idnt',
2026-09-07T18:00:41.7791065Z       |                               ^~~~~~
2026-09-07T18:00:41.7792434Z /home/runner/work/PocketKrKr/PocketKrKr/cpp/plugins/psdfile/psdparse/psddesc.h:51:26: warning: multi-character character constant [-Wmultichar]
2026-09-07T18:00:41.7793816Z    51 |         REF_TYPE_INDEX = 'indx',
2026-09-07T18:00:41.7794478Z       |                          ^~~~~~
2026-09-07T18:00:41.7796038Z /home/runner/work/PocketKrKr/PocketKrKr/cpp/plugins/psdfile/psdparse/psddesc.h:52:25: warning: multi-character character constant [-Wmultichar]
2026-09-07T18:00:41.7797451Z    52 |         REF_TYPE_NAME = 'name',
2026-09-07T18:00:41.7798112Z       |                         ^~~~~~
2026-09-07T18:00:41.7799174Z In file included from /home/runner/work/PocketKrKr/PocketKrKr/cpp/plugins/psdfile/psdparse/psdfile.h:4,
2026-09-07T18:00:41.7800561Z                  from /home/runner/work/PocketKrKr/PocketKrKr/cpp/plugins/psdfile/psdclass.h:9,
2026-09-07T18:00:41.7801806Z                  from /home/runner/work/PocketKrKr/PocketKrKr/cpp/plugins/psdfile/main.cpp:5:
2026-09-07T18:00:41.7803713Z /home/runner/work/PocketKrKr/PocketKrKr/cpp/plugins/psdfile/psdparse/psddata.h:113:18: warning: multi-character character constant [-Wmultichar]
2026-09-07T18:00:41.7805140Z   113 |             case 'norm':
2026-09-07T18:00:41.7805975Z       |                  ^~~~~~
2026-09-07T18:00:41.7807304Z /home/runner/work/PocketKrKr/PocketKrKr/cpp/plugins/psdfile/psdparse/psddata.h:115:18: warning: multi-character character constant [-Wmultichar]
2026-09-07T18:00:41.7808898Z   115 |             case 'diss':
2026-09-07T18:00:41.7809512Z       |                  ^~~~~~
2026-09-07T18:00:41.7810818Z /home/runner/work/PocketKrKr/PocketKrKr/cpp/plugins/psdfile/psdparse/psddata.h:117:18: warning: multi-character character constant [-Wmultichar]
2026-09-07T18:00:41.7812216Z   117 |             case 'dark':
2026-09-07T18:00:41.7812818Z       |                  ^~~~~~
2026-09-07T18:00:41.7814116Z /home/runner/work/PocketKrKr/PocketKrKr/cpp/plugins/psdfile/psdparse/psddata.h:119:18: warning: multi-character character constant [-Wmultichar]
2026-09-07T18:00:41.7815690Z   119 |             case 'mul ':
2026-09-07T18:00:41.7816325Z       |                  ^~~~~~
2026-09-07T18:00:41.7817640Z /home/runner/work/PocketKrKr/PocketKrKr/cpp/plugins/psdfile/psdparse/psddata.h:121:18: warning: multi-character character constant [-Wmultichar]
2026-09-07T18:00:41.7819080Z   121 |             case 'idiv':
2026-09-07T18:00:41.7819690Z       |                  ^~~~~~
2026-09-07T18:00:41.7820995Z /home/runner/work/PocketKrKr/PocketKrKr/cpp/plugins/psdfile/psdparse/psddata.h:123:18: warning: multi-character character constant [-Wmultichar]
2026-09-07T18:00:41.7822379Z   123 |             case 'lbrn':
2026-09-07T18:00:41.7822982Z       |                  ^~~~~~
2026-09-07T18:00:41.7824217Z /home/runner/work/PocketKrKr/PocketKrKr/cpp/plugins/psdfile/psdparse/psddata.h:125:18: warning: multi-character character constant [-Wmultichar]
2026-09-07T18:00:41.7825850Z   125 |             case 'dkCl':
2026-09-07T18:00:41.7826456Z       |                  ^~~~~~
2026-09-07T18:00:41.7827784Z /home/runner/work/PocketKrKr/PocketKrKr/cpp/plugins/psdfile/psdparse/psddata.h:127:18: warning: multi-character character constant [-Wmultichar]
2026-09-07T18:00:41.7829163Z   127 |             case 'lite':
2026-09-07T18:00:41.7829768Z       |                  ^~~~~~
2026-09-07T18:00:41.7831069Z /home/runner/work/PocketKrKr/PocketKrKr/cpp/plugins/psdfile/psdparse/psddata.h:129:18: warning: multi-character character constant [-Wmultichar]
2026-09-07T18:00:41.7832444Z   129 |             case 'scrn':
2026-09-07T18:00:41.7833045Z       |                  ^~~~~~
2026-09-07T18:00:41.7834306Z /home/runner/work/PocketKrKr/PocketKrKr/cpp/plugins/psdfile/psdparse/psddata.h:131:18: warning: multi-character character constant [-Wmultichar]
2026-09-07T18:00:41.7836051Z   131 |             case 'div ':
2026-09-07T18:00:41.7836664Z       |                  ^~~~~~
2026-09-07T18:00:41.7838059Z /home/runner/work/PocketKrKr/PocketKrKr/cpp/plugins/psdfile/psdparse/psddata.h:133:18: warning: multi-character character constant [-Wmultichar]
2026-09-07T18:00:41.7839440Z   133 |             case 'lddg':
2026-09-07T18:00:41.7840046Z       |                  ^~~~~~
2026-09-07T18:00:41.7841333Z /home/runner/work/PocketKrKr/PocketKrKr/cpp/plugins/psdfile/psdparse/psddata.h:135:18: warning: multi-character character constant [-Wmultichar]
2026-09-07T18:00:41.7842709Z   135 |             case 'ltCl':
2026-09-07T18:00:41.7843324Z       |                  ^~~~~~
2026-09-07T18:00:41.7844630Z /home/runner/work/PocketKrKr/PocketKrKr/cpp/plugins/psdfile/psdparse/psddata.h:137:18: warning: multi-character character constant [-Wmultichar]
2026-09-07T18:00:41.7846244Z   137 |             case 'over':
2026-09-07T18:00:41.7846837Z       |                  ^~~~~~
2026-09-07T18:00:41.7848143Z /home/runner/work/PocketKrKr/PocketKrKr/cpp/plugins/psdfile/psdparse/psddata.h:139:18: warning: multi-character character constant [-Wmultichar]
2026-09-07T18:00:41.7849506Z   139 |             case 'sLit':
2026-09-07T18:00:41.7850106Z       |                  ^~~~~~
2026-09-07T18:00:41.7851620Z /home/runner/work/PocketKrKr/PocketKrKr/cpp/plugins/psdfile/psdparse/psddata.h:141:18: warning: multi-character character constant [-Wmultichar]
2026-09-07T18:00:41.7853066Z   141 |             case 'hLit':
2026-09-07T18:00:41.7853672Z       |                  ^~~~~~
2026-09-07T18:00:41.7854968Z /home/runner/work/PocketKrKr/PocketKrKr/cpp/plugins/psdfile/psdparse/psddata.h:143:18: warning: multi-character character constant [-Wmultichar]
2026-09-07T18:00:41.7856909Z   143 |             case 'vLit':
2026-09-07T18:00:41.7857523Z       |                  ^~~~~~
2026-09-07T18:00:41.7858839Z /home/runner/work/PocketKrKr/PocketKrKr/cpp/plugins/psdfile/psdparse/psddata.h:145:18: warning: multi-character character constant [-Wmultichar]
2026-09-07T18:00:41.7860217Z   145 |             case 'lLit':
2026-09-07T18:00:41.7860821Z       |                  ^~~~~~
2026-09-07T18:00:41.7862124Z /home/runner/work/PocketKrKr/PocketKrKr/cpp/plugins/psdfile/psdparse/psddata.h:147:18: warning: multi-character character constant [-Wmultichar]
2026-09-07T18:00:41.7863502Z   147 |             case 'pLit':
2026-09-07T18:00:41.7864109Z       |                  ^~~~~~
2026-09-07T18:00:41.7865577Z /home/runner/work/PocketKrKr/PocketKrKr/cpp/plugins/psdfile/psdparse/psddata.h:149:18: warning: multi-character character constant [-Wmultichar]
2026-09-07T18:00:41.7866947Z   149 |             case 'hMix':
2026-09-07T18:00:41.7867556Z       |                  ^~~~~~
2026-09-07T18:00:41.7868855Z /home/runner/work/PocketKrKr/PocketKrKr/cpp/plugins/psdfile/psdparse/psddata.h:151:18: warning: multi-character character constant [-Wmultichar]
2026-09-07T18:00:41.7870226Z   151 |             case 'diff':
2026-09-07T18:00:41.7870819Z       |                  ^~~~~~
2026-09-07T18:00:41.7872122Z /home/runner/work/PocketKrKr/PocketKrKr/cpp/plugins/psdfile/psdparse/psddata.h:153:18: warning: multi-character character constant [-Wmultichar]
2026-09-07T18:00:41.7873560Z   153 |             case 'smud':
2026-09-07T18:00:41.7874178Z       |                  ^~~~~~
2026-09-07T18:00:41.7875669Z /home/runner/work/PocketKrKr/PocketKrKr/cpp/plugins/psdfile/psdparse/psddata.h:155:18: warning: multi-character character constant [-Wmultichar]
2026-09-07T18:00:41.7877070Z   155 |             case 'fsub':
2026-09-07T18:00:41.7877670Z       |                  ^~~~~~
2026-09-07T18:00:41.7878965Z /home/runner/work/PocketKrKr/PocketKrKr/cpp/plugins/psdfile/psdparse/psddata.h:157:18: warning: multi-character character constant [-Wmultichar]
2026-09-07T18:00:41.7880335Z   157 |             case 'fdiv':
2026-09-07T18:00:41.7880923Z       |                  ^~~~~~
2026-09-07T18:00:41.7882220Z /home/runner/work/PocketKrKr/PocketKrKr/cpp/plugins/psdfile/psdparse/psddata.h:159:18: warning: multi-character character constant [-Wmultichar]
2026-09-07T18:00:41.7883592Z   159 |             case 'hue ':
2026-09-07T18:00:41.7884190Z       |                  ^~~~~~
2026-09-07T18:00:41.7885749Z /home/runner/work/PocketKrKr/PocketKrKr/cpp/plugins/psdfile/psdparse/psddata.h:161:18: warning: multi-character character constant [-Wmultichar]
2026-09-07T18:00:41.7887157Z   161 |             case 'sat ':
2026-09-07T18:00:41.7887754Z       |                  ^~~~~~
2026-09-07T18:00:41.7889047Z /home/runner/work/PocketKrKr/PocketKrKr/cpp/plugins/psdfile/psdparse/psddata.h:163:18: warning: multi-character character constant [-Wmultichar]
2026-09-07T18:00:41.7890423Z   163 |             case 'colr':
2026-09-07T18:00:41.7891010Z       |                  ^~~~~~
2026-09-07T18:00:41.7892297Z /home/runner/work/PocketKrKr/PocketKrKr/cpp/plugins/psdfile/psdparse/psddata.h:165:18: warning: multi-character character constant [-Wmultichar]
2026-09-07T18:00:41.7893656Z   165 |             case 'lum ':
2026-09-07T18:00:41.7894272Z       |                  ^~~~~~
2026-09-07T18:00:41.7895828Z /home/runner/work/PocketKrKr/PocketKrKr/cpp/plugins/psdfile/psdparse/psddata.h:167:18: warning: multi-character character constant [-Wmultichar]
2026-09-07T18:00:41.7897241Z   167 |             case 'pass':
2026-09-07T18:00:41.7897844Z       |                  ^~~~~~
2026-09-07T18:00:41.7898991Z In file included from /home/runner/work/PocketKrKr/PocketKrKr/cpp/plugins/psdfile/main.cpp:1:
2026-09-07T18:00:41.7901679Z /home/runner/work/PocketKrKr/PocketKrKr/cpp/core/plugin/ncbind.hpp: In static member function ‘static ncbTypeConvertor::Conversion<FROM, TO>::OK ncbTypeConvertor::Conversion<FROM, TO>::check(TO)’:
2026-09-07T18:00:41.7904328Z /home/runner/work/PocketKrKr/PocketKrKr/cpp/core/plugin/ncbind.hpp:244:38: warning: no return statement in function returning non-void [-Wreturn-type]
2026-09-07T18:00:41.7905989Z   244 |                 static OK check(TO) {};
2026-09-07T18:00:41.7906691Z       |                                      ^
2026-09-07T18:00:41.7907789Z In file included from /home/runner/work/PocketKrKr/PocketKrKr/cpp/plugins/psdfile/psdparse/psdfile.h:3,
2026-09-07T18:00:41.7909185Z                  from /home/runner/work/PocketKrKr/PocketKrKr/cpp/plugins/psdfile/psdclass.h:9,
2026-09-07T18:00:41.7910445Z                  from /home/runner/work/PocketKrKr/PocketKrKr/cpp/plugins/psdfile/main.cpp:5:
2026-09-07T18:00:41.7912515Z /home/runner/work/PocketKrKr/PocketKrKr/cpp/plugins/psdfile/psdparse/psddesc.h: In member function ‘virtual void psd::DescriptorReference::dump(int)’:
2026-09-07T18:00:41.7915927Z /home/runner/work/PocketKrKr/PocketKrKr/cpp/plugins/psdfile/psdparse/psddesc.h:234:20: warning: format ‘%d’ expects argument of type ‘int’, but argument 3 has type ‘std::vector<psd::ReferenceItem*>::size_type’ {aka ‘long unsigned int’} [-Wformat=]
2026-09-07T18:00:41.7918211Z   234 |             dprint("%s (count:%d)\n", typeName(), items.size());
2026-09-07T18:00:41.7919070Z       |                    ^~~~~~~~~~~~~~~~~              ~~~~~~~~~~~~
2026-09-07T18:00:41.7919845Z       |                                                             |
2026-09-07T18:00:41.7920887Z       |                                                             std::vector<psd::ReferenceItem*>::size_type {aka long unsigned int}
2026-09-07T18:00:41.7922651Z /home/runner/work/PocketKrKr/PocketKrKr/cpp/plugins/psdfile/psdparse/psdbase.h:7:28: note: in definition of macro ‘dprint’
2026-09-07T18:00:41.7923963Z     7 | #define dprint(...) printf(__VA_ARGS__);
2026-09-07T18:00:41.7924675Z       |                            ^~~~~~~~~~~
2026-09-07T18:00:41.7925953Z In file included from /home/runner/work/PocketKrKr/PocketKrKr/cpp/plugins/psdfile/psdparse/psddata.h:5,
2026-09-07T18:00:41.7927415Z                  from /home/runner/work/PocketKrKr/PocketKrKr/cpp/plugins/psdfile/psdparse/psdfile.h:4,
2026-09-07T18:00:41.7928742Z                  from /home/runner/work/PocketKrKr/PocketKrKr/cpp/plugins/psdfile/psdclass.h:9,
2026-09-07T18:00:41.7929958Z                  from /home/runner/work/PocketKrKr/PocketKrKr/cpp/plugins/psdfile/main.cpp:5:
2026-09-07T18:00:41.7931467Z /home/runner/work/PocketKrKr/PocketKrKr/cpp/plugins/psdfile/psdparse/psddesc.h:234:32: note: format string is defined here
2026-09-07T18:00:41.7932849Z   234 |             dprint("%s (count:%d)\n", typeName(), items.size());
2026-09-07T18:00:41.7933653Z       |                               ~^
2026-09-07T18:00:41.7934297Z       |                                |
2026-09-07T18:00:41.7934923Z       |                                int
2026-09-07T18:00:41.7935793Z       |                               %ld
2026-09-07T18:00:41.7936879Z In file included from /home/runner/work/PocketKrKr/PocketKrKr/cpp/plugins/psdfile/psdparse/psdfile.h:3,
2026-09-07T18:00:41.7938289Z                  from /home/runner/work/PocketKrKr/PocketKrKr/cpp/plugins/psdfile/psdclass.h:9,
2026-09-07T18:00:41.7939549Z                  from /home/runner/work/PocketKrKr/PocketKrKr/cpp/plugins/psdfile/main.cpp:5:
2026-09-07T18:00:41.7941559Z /home/runner/work/PocketKrKr/PocketKrKr/cpp/plugins/psdfile/psdparse/psddesc.h: In member function ‘virtual void psd::DescriptorList::dump(int)’:
2026-09-07T18:00:41.7944972Z /home/runner/work/PocketKrKr/PocketKrKr/cpp/plugins/psdfile/psdparse/psddesc.h:253:20: warning: format ‘%d’ expects argument of type ‘int’, but argument 3 has type ‘std::vector<psd::DescriptorItem*>::size_type’ {aka ‘long unsigned int’} [-Wformat=]
2026-09-07T18:00:41.7947420Z   253 |             dprint("%s (count:%d)\n", typeName(), items.size());
2026-09-07T18:00:41.7948282Z       |                    ^~~~~~~~~~~~~~~~~              ~~~~~~~~~~~~
2026-09-07T18:00:41.7949052Z       |                                                             |
2026-09-07T18:00:41.7950383Z       |                                                             std::vector<psd::DescriptorItem*>::size_type {aka long unsigned int}
2026-09-07T18:00:41.7952152Z /home/runner/work/PocketKrKr/PocketKrKr/cpp/plugins/psdfile/psdparse/psdbase.h:7:28: note: in definition of macro ‘dprint’
2026-09-07T18:00:41.7953466Z     7 | #define dprint(...) printf(__VA_ARGS__);
2026-09-07T18:00:41.7954153Z       |                            ^~~~~~~~~~~
2026-09-07T18:00:41.7955445Z In file included from /home/runner/work/PocketKrKr/PocketKrKr/cpp/plugins/psdfile/psdparse/psddata.h:5,
2026-09-07T18:00:41.7956936Z                  from /home/runner/work/PocketKrKr/PocketKrKr/cpp/plugins/psdfile/psdparse/psdfile.h:4,
2026-09-07T18:00:41.7958259Z                  from /home/runner/work/PocketKrKr/PocketKrKr/cpp/plugins/psdfile/psdclass.h:9,
2026-09-07T18:00:41.7959506Z                  from /home/runner/work/PocketKrKr/PocketKrKr/cpp/plugins/psdfile/main.cpp:5:
2026-09-07T18:00:41.7961048Z /home/runner/work/PocketKrKr/PocketKrKr/cpp/plugins/psdfile/psdparse/psddesc.h:253:32: note: format string is defined here
2026-09-07T18:00:41.7962424Z   253 |             dprint("%s (count:%d)\n", typeName(), items.size());
2026-09-07T18:00:41.7963225Z       |                               ~^
2026-09-07T18:00:41.7963864Z       |                                |
2026-09-07T18:00:41.7964497Z       |                                int
2026-09-07T18:00:41.7965146Z       |                               %ld
2026-09-07T18:00:42.7406304Z [545/741] Building CXX object cpp/plugins/psdfile/psdparse/CMakeFiles/psdparse.dir/__/psdclass_loadmem.cpp.o
2026-09-07T18:00:42.7416329Z In file included from /home/runner/work/PocketKrKr/PocketKrKr/cpp/plugins/psdfile/psdparse/psddata.h:5,
2026-09-07T18:00:42.7421797Z                  from /home/runner/work/PocketKrKr/PocketKrKr/cpp/plugins/psdfile/psdparse/psdfile.h:4,
2026-09-07T18:00:42.7423299Z                  from /home/runner/work/PocketKrKr/PocketKrKr/cpp/plugins/psdfile/psdclass.h:9,
2026-09-07T18:00:42.7424707Z                  from /home/runner/work/PocketKrKr/PocketKrKr/cpp/plugins/psdfile/psdclass_loadmem.cpp:1:
2026-09-07T18:00:42.7426952Z /home/runner/work/PocketKrKr/PocketKrKr/cpp/plugins/psdfile/psdparse/psddesc.h:17:26: warning: multi-character character constant [-Wmultichar]
2026-09-07T18:00:42.7428550Z    17 |         TYPE_REFERENCE = 'obj ',
2026-09-07T18:00:42.7429383Z       |                          ^~~~~~
2026-09-07T18:00:42.7430847Z /home/runner/work/PocketKrKr/PocketKrKr/cpp/plugins/psdfile/psdparse/psddesc.h:18:27: warning: multi-character character constant [-Wmultichar]
2026-09-07T18:00:42.7432416Z    18 |         TYPE_DESCRIPTOR = 'Objc',
2026-09-07T18:00:42.7433143Z       |                           ^~~~~~
2026-09-07T18:00:42.7434588Z /home/runner/work/PocketKrKr/PocketKrKr/cpp/plugins/psdfile/psdparse/psddesc.h:19:21: warning: multi-character character constant [-Wmultichar]
2026-09-07T18:00:42.7436365Z    19 |         TYPE_LIST = 'VlLs',
2026-09-07T18:00:42.7437017Z       |                     ^~~~~~
2026-09-07T18:00:42.7438386Z /home/runner/work/PocketKrKr/PocketKrKr/cpp/plugins/psdfile/psdparse/psddesc.h:20:23: warning: multi-character character constant [-Wmultichar]
2026-09-07T18:00:42.7439822Z    20 |         TYPE_DOUBLE = 'doub',
2026-09-07T18:00:42.7440480Z       |                       ^~~~~~
2026-09-07T18:00:42.7441830Z /home/runner/work/PocketKrKr/PocketKrKr/cpp/plugins/psdfile/psdparse/psddesc.h:21:27: warning: multi-character character constant [-Wmultichar]
2026-09-07T18:00:42.7443323Z    21 |         TYPE_UNIT_FLOAT = 'UntF',
2026-09-07T18:00:42.7444009Z       |                           ^~~~~~
2026-09-07T18:00:42.7446008Z /home/runner/work/PocketKrKr/PocketKrKr/cpp/plugins/psdfile/psdparse/psddesc.h:22:23: warning: multi-character character constant [-Wmultichar]
2026-09-07T18:00:42.7447560Z    22 |         TYPE_STRING = 'TEXT',
2026-09-07T18:00:42.7448249Z       |                       ^~~~~~
2026-09-07T18:00:42.7449989Z /home/runner/work/PocketKrKr/PocketKrKr/cpp/plugins/psdfile/psdparse/psddesc.h:23:27: warning: multi-character character constant [-Wmultichar]
2026-09-07T18:00:42.7451402Z    23 |         TYPE_ENUMERATED = 'enum',
2026-09-07T18:00:42.7452090Z       |                           ^~~~~~
2026-09-07T18:00:42.7453428Z /home/runner/work/PocketKrKr/PocketKrKr/cpp/plugins/psdfile/psdparse/psddesc.h:24:24: warning: multi-character character constant [-Wmultichar]
2026-09-07T18:00:42.7454829Z    24 |         TYPE_INTEGER = 'long',
2026-09-07T18:00:42.7455926Z       |                        ^~~~~~
2026-09-07T18:00:42.7457210Z /home/runner/work/PocketKrKr/PocketKrKr/cpp/plugins/psdfile/psdparse/psddesc.h:25:24: warning: multi-character character constant [-Wmultichar]
2026-09-07T18:00:42.7458540Z    25 |         TYPE_BOOLEAN = 'bool',
2026-09-07T18:00:42.7459141Z       |                        ^~~~~~
2026-09-07T18:00:42.7460428Z /home/runner/work/PocketKrKr/PocketKrKr/cpp/plugins/psdfile/psdparse/psddesc.h:26:30: warning: multi-character character constant [-Wmultichar]
2026-09-07T18:00:42.7461816Z    26 |         TYPE_GLOBAL_OBJECT = 'GlbO',
2026-09-07T18:00:42.7462480Z       |                              ^~~~~~
2026-09-07T18:00:42.7463755Z /home/runner/work/PocketKrKr/PocketKrKr/cpp/plugins/psdfile/psdparse/psddesc.h:27:23: warning: multi-character character constant [-Wmultichar]
2026-09-07T18:00:42.7465173Z    27 |         TYPE_CLASS1 = 'type',
2026-09-07T18:00:42.7466021Z       |                       ^~~~~~
2026-09-07T18:00:42.7467316Z /home/runner/work/PocketKrKr/PocketKrKr/cpp/plugins/psdfile/psdparse/psddesc.h:28:23: warning: multi-character character constant [-Wmultichar]
2026-09-07T18:00:42.7468695Z    28 |         TYPE_CLASS2 = 'GlbC',
2026-09-07T18:00:42.7469320Z       |                       ^~~~~~
2026-09-07T18:00:42.7470628Z /home/runner/work/PocketKrKr/PocketKrKr/cpp/plugins/psdfile/psdparse/psddesc.h:29:22: warning: multi-character character constant [-Wmultichar]
2026-09-07T18:00:42.7472045Z    29 |         TYPE_ALIAS = 'alis',
2026-09-07T18:00:42.7472740Z       |                      ^~~~~~
2026-09-07T18:00:42.7474074Z /home/runner/work/PocketKrKr/PocketKrKr/cpp/plugins/psdfile/psdparse/psddesc.h:30:25: warning: multi-character character constant [-Wmultichar]
2026-09-07T18:00:42.7475735Z    30 |         TYPE_RAW_DATA = 'tdta',
2026-09-07T18:00:42.7476428Z       |                         ^~~~~~
2026-09-07T18:00:42.7477815Z /home/runner/work/PocketKrKr/PocketKrKr/cpp/plugins/psdfile/psdparse/psddesc.h:34:23: warning: multi-character character constant [-Wmultichar]
2026-09-07T18:00:42.7479309Z    34 |         UNIT_POINTS = '#Pnt',
2026-09-07T18:00:42.7480096Z       |                       ^~~~~~
2026-09-07T18:00:42.7481516Z /home/runner/work/PocketKrKr/PocketKrKr/cpp/plugins/psdfile/psdparse/psddesc.h:35:28: warning: multi-character character constant [-Wmultichar]
2026-09-07T18:00:42.7483037Z    35 |         UNIT_MILLIMETERS = '#Mlm',
2026-09-07T18:00:42.7483740Z       |                            ^~~~~~
2026-09-07T18:00:42.7485144Z /home/runner/work/PocketKrKr/PocketKrKr/cpp/plugins/psdfile/psdparse/psddesc.h:36:22: warning: multi-character character constant [-Wmultichar]
2026-09-07T18:00:42.7486909Z    36 |         UNIT_ANGLE = '#Ang', // degrees
2026-09-07T18:00:42.7487618Z       |                      ^~~~~~
2026-09-07T18:00:42.7488946Z /home/runner/work/PocketKrKr/PocketKrKr/cpp/plugins/psdfile/psdparse/psddesc.h:37:24: warning: multi-character character constant [-Wmultichar]
2026-09-07T18:00:42.7490421Z    37 |         UNIT_DENSITY = '#Rsl', // base per inch
2026-09-07T18:00:42.7491134Z       |                        ^~~~~~
2026-09-07T18:00:42.7492743Z /home/runner/work/PocketKrKr/PocketKrKr/cpp/plugins/psdfile/psdparse/psddesc.h:38:25: warning: multi-character character constant [-Wmultichar]
2026-09-07T18:00:42.7494252Z    38 |         UNIT_DISTANCE = '#Rlt', // base 72ppi
2026-09-07T18:00:42.7494977Z       |                         ^~~~~~
2026-09-07T18:00:42.7496879Z /home/runner/work/PocketKrKr/PocketKrKr/cpp/plugins/psdfile/psdparse/psddesc.h:39:21: warning: multi-character character constant [-Wmultichar]
2026-09-07T18:00:42.7498342Z    39 |         UNIT_NONE = '#Nne',
2026-09-07T18:00:42.7498993Z       |                     ^~~~~~
2026-09-07T18:00:42.7500339Z /home/runner/work/PocketKrKr/PocketKrKr/cpp/plugins/psdfile/psdparse/psddesc.h:40:24: warning: multi-character character constant [-Wmultichar]
2026-09-07T18:00:42.7501783Z    40 |         UNIT_PERCENT = '#Prc',
2026-09-07T18:00:42.7502465Z       |                        ^~~~~~
2026-09-07T18:00:42.7503837Z /home/runner/work/PocketKrKr/PocketKrKr/cpp/plugins/psdfile/psdparse/psddesc.h:41:23: warning: multi-character character constant [-Wmultichar]
2026-09-07T18:00:42.7505938Z    41 |         UNIT_PIXELS = '#Pxl',
2026-09-07T18:00:42.7506649Z       |                       ^~~~~~
2026-09-07T18:00:42.7507948Z /home/runner/work/PocketKrKr/PocketKrKr/cpp/plugins/psdfile/psdparse/psddesc.h:46:29: warning: multi-character character constant [-Wmultichar]
2026-09-07T18:00:42.7509364Z    46 |         REF_TYPE_PROPERTY = 'prop',
2026-09-07T18:00:42.7510057Z       |                             ^~~~~~
2026-09-07T18:00:42.7511393Z /home/runner/work/PocketKrKr/PocketKrKr/cpp/plugins/psdfile/psdparse/psddesc.h:47:26: warning: multi-character character constant [-Wmultichar]
2026-09-07T18:00:42.7512785Z    47 |         REF_TYPE_CLASS = 'Clss',
2026-09-07T18:00:42.7513438Z       |                          ^~~~~~
2026-09-07T18:00:42.7514771Z /home/runner/work/PocketKrKr/PocketKrKr/cpp/plugins/psdfile/psdparse/psddesc.h:48:29: warning: multi-character character constant [-Wmultichar]
2026-09-07T18:00:42.7516432Z    48 |         REF_TYPE_ENUM_REF = 'Enmr',
2026-09-07T18:00:42.7517112Z       |                             ^~~~~~
2026-09-07T18:00:42.7518421Z /home/runner/work/PocketKrKr/PocketKrKr/cpp/plugins/psdfile/psdparse/psddesc.h:49:27: warning: multi-character character constant [-Wmultichar]
2026-09-07T18:00:42.7519918Z    49 |         REF_TYPE_OFFSET = 'rele',
2026-09-07T18:00:42.7520595Z       |                           ^~~~~~
2026-09-07T18:00:42.7521893Z /home/runner/work/PocketKrKr/PocketKrKr/cpp/plugins/psdfile/psdparse/psddesc.h:50:31: warning: multi-character character constant [-Wmultichar]
2026-09-07T18:00:42.7523270Z    50 |         REF_TYPE_IDENTIFIER = 'Idnt',
2026-09-07T18:00:42.7523939Z       |                               ^~~~~~
2026-09-07T18:00:42.7525497Z /home/runner/work/PocketKrKr/PocketKrKr/cpp/plugins/psdfile/psdparse/psddesc.h:51:26: warning: multi-character character constant [-Wmultichar]
2026-09-07T18:00:42.7526914Z    51 |         REF_TYPE_INDEX = 'indx',
2026-09-07T18:00:42.7527575Z       |                          ^~~~~~
2026-09-07T18:00:42.7528905Z /home/runner/work/PocketKrKr/PocketKrKr/cpp/plugins/psdfile/psdparse/psddesc.h:52:25: warning: multi-character character constant [-Wmultichar]
2026-09-07T18:00:42.7530279Z    52 |         REF_TYPE_NAME = 'name',
2026-09-07T18:00:42.7530930Z       |                         ^~~~~~
2026-09-07T18:00:42.7531994Z In file included from /home/runner/work/PocketKrKr/PocketKrKr/cpp/plugins/psdfile/psdparse/psdfile.h:4,
2026-09-07T18:00:42.7533366Z                  from /home/runner/work/PocketKrKr/PocketKrKr/cpp/plugins/psdfile/psdclass.h:9,
2026-09-07T18:00:42.7534728Z                  from /home/runner/work/PocketKrKr/PocketKrKr/cpp/plugins/psdfile/psdclass_loadmem.cpp:1:
2026-09-07T18:00:42.7536741Z /home/runner/work/PocketKrKr/PocketKrKr/cpp/plugins/psdfile/psdparse/psddata.h:113:18: warning: multi-character character constant [-Wmultichar]
2026-09-07T18:00:42.7538139Z   113 |             case 'norm':
2026-09-07T18:00:42.7538740Z       |                  ^~~~~~
2026-09-07T18:00:42.7540337Z /home/runner/work/PocketKrKr/PocketKrKr/cpp/plugins/psdfile/psdparse/psddata.h:115:18: warning: multi-character character constant [-Wmultichar]
2026-09-07T18:00:42.7541787Z   115 |             case 'diss':
2026-09-07T18:00:42.7542399Z       |                  ^~~~~~
2026-09-07T18:00:42.7544022Z /home/runner/work/PocketKrKr/PocketKrKr/cpp/plugins/psdfile/psdparse/psddata.h:117:18: warning: multi-character character constant [-Wmultichar]
2026-09-07T18:00:42.7545822Z   117 |             case 'dark':
2026-09-07T18:00:42.7546473Z       |                  ^~~~~~
2026-09-07T18:00:42.7547759Z /home/runner/work/PocketKrKr/PocketKrKr/cpp/plugins/psdfile/psdparse/psddata.h:119:18: warning: multi-character character constant [-Wmultichar]
2026-09-07T18:00:42.7549204Z   119 |             case 'mul ':
2026-09-07T18:00:42.7549826Z       |                  ^~~~~~
2026-09-07T18:00:42.7551223Z /home/runner/work/PocketKrKr/PocketKrKr/cpp/plugins/psdfile/psdparse/psddata.h:121:18: warning: multi-character character constant [-Wmultichar]
2026-09-07T18:00:42.7552633Z   121 |             case 'idiv':
2026-09-07T18:00:42.7553234Z       |                  ^~~~~~
2026-09-07T18:00:42.7554544Z /home/runner/work/PocketKrKr/PocketKrKr/cpp/plugins/psdfile/psdparse/psddata.h:123:18: warning: multi-character character constant [-Wmultichar]
2026-09-07T18:00:42.7556268Z   123 |             case 'lbrn':
2026-09-07T18:00:42.7556890Z       |                  ^~~~~~
2026-09-07T18:00:42.7558216Z /home/runner/work/PocketKrKr/PocketKrKr/cpp/plugins/psdfile/psdparse/psddata.h:125:18: warning: multi-character character constant [-Wmultichar]
2026-09-07T18:00:42.7559777Z   125 |             case 'dkCl':
2026-09-07T18:00:42.7560418Z       |                  ^~~~~~
2026-09-07T18:00:42.7561715Z /home/runner/work/PocketKrKr/PocketKrKr/cpp/plugins/psdfile/psdparse/psddata.h:127:18: warning: multi-character character constant [-Wmultichar]
2026-09-07T18:00:42.7563215Z   127 |             case 'lite':
2026-09-07T18:00:42.7563878Z       |                  ^~~~~~
2026-09-07T18:00:42.7565530Z /home/runner/work/PocketKrKr/PocketKrKr/cpp/plugins/psdfile/psdparse/psddata.h:129:18: warning: multi-character character constant [-Wmultichar]
2026-09-07T18:00:42.7566949Z   129 |             case 'scrn':
2026-09-07T18:00:42.7567650Z       |                  ^~~~~~
2026-09-07T18:00:42.7568933Z /home/runner/work/PocketKrKr/PocketKrKr/cpp/plugins/psdfile/psdparse/psddata.h:131:18: warning: multi-character character constant [-Wmultichar]
2026-09-07T18:00:42.7570356Z   131 |             case 'div ':
2026-09-07T18:00:42.7570960Z       |                  ^~~~~~
2026-09-07T18:00:42.7572383Z /home/runner/work/PocketKrKr/PocketKrKr/cpp/plugins/psdfile/psdparse/psddata.h:133:18: warning: multi-character character constant [-Wmultichar]
2026-09-07T18:00:42.7573782Z   133 |             case 'lddg':
2026-09-07T18:00:42.7574411Z       |                  ^~~~~~
2026-09-07T18:00:42.7575956Z /home/runner/work/PocketKrKr/PocketKrKr/cpp/plugins/psdfile/psdparse/psddata.h:135:18: warning: multi-character character constant [-Wmultichar]
2026-09-07T18:00:42.7577382Z   135 |             case 'ltCl':
2026-09-07T18:00:42.7578006Z       |                  ^~~~~~
2026-09-07T18:00:42.7579303Z /home/runner/work/PocketKrKr/PocketKrKr/cpp/plugins/psdfile/psdparse/psddata.h:137:18: warning: multi-character character constant [-Wmultichar]
2026-09-07T18:00:42.7580662Z   137 |             case 'over':
2026-09-07T18:00:42.7581222Z       |                  ^~~~~~
2026-09-07T18:00:42.7582467Z /home/runner/work/PocketKrKr/PocketKrKr/cpp/plugins/psdfile/psdparse/psddata.h:139:18: warning: multi-character character constant [-Wmultichar]
2026-09-07T18:00:42.7583773Z   139 |             case 'sLit':
2026-09-07T18:00:42.7584337Z       |                  ^~~~~~
2026-09-07T18:00:42.7585937Z /home/runner/work/PocketKrKr/PocketKrKr/cpp/plugins/psdfile/psdparse/psddata.h:141:18: warning: multi-character character constant [-Wmultichar]
2026-09-07T18:00:42.7587336Z   141 |             case 'hLit':
2026-09-07T18:00:42.7588272Z       |                  ^~~~~~
2026-09-07T18:00:42.7589691Z /home/runner/work/PocketKrKr/PocketKrKr/cpp/plugins/psdfile/psdparse/psddata.h:143:18: warning: multi-character character constant [-Wmultichar]
2026-09-07T18:00:42.7591195Z   143 |             case 'vLit':
2026-09-07T18:00:42.7592174Z       |                  ^~~~~~
2026-09-07T18:00:42.7593553Z /home/runner/work/PocketKrKr/PocketKrKr/cpp/plugins/psdfile/psdparse/psddata.h:145:18: warning: multi-character character constant [-Wmultichar]
2026-09-07T18:00:42.7595057Z   145 |             case 'lLit':
2026-09-07T18:00:42.7595986Z       |                  ^~~~~~
2026-09-07T18:00:42.7597376Z /home/runner/work/PocketKrKr/PocketKrKr/cpp/plugins/psdfile/psdparse/psddata.h:147:18: warning: multi-character character constant [-Wmultichar]
2026-09-07T18:00:42.7598863Z   147 |             case 'pLit':
2026-09-07T18:00:42.7599512Z       |                  ^~~~~~
2026-09-07T18:00:42.7600888Z /home/runner/work/PocketKrKr/PocketKrKr/cpp/plugins/psdfile/psdparse/psddata.h:149:18: warning: multi-character character constant [-Wmultichar]
2026-09-07T18:00:42.7602384Z   149 |             case 'hMix':
2026-09-07T18:00:42.7603041Z       |                  ^~~~~~
2026-09-07T18:00:42.7604439Z /home/runner/work/PocketKrKr/PocketKrKr/cpp/plugins/psdfile/psdparse/psddata.h:151:18: warning: multi-character character constant [-Wmultichar]
2026-09-07T18:00:42.7606329Z   151 |             case 'diff':
2026-09-07T18:00:42.7606989Z       |                  ^~~~~~
2026-09-07T18:00:42.7608396Z /home/runner/work/PocketKrKr/PocketKrKr/cpp/plugins/psdfile/psdparse/psddata.h:153:18: warning: multi-character character constant [-Wmultichar]
2026-09-07T18:00:42.7609903Z   153 |             case 'smud':
2026-09-07T18:00:42.7610587Z       |                  ^~~~~~
2026-09-07T18:00:42.7612000Z /home/runner/work/PocketKrKr/PocketKrKr/cpp/plugins/psdfile/psdparse/psddata.h:155:18: warning: multi-character character constant [-Wmultichar]
2026-09-07T18:00:42.7613516Z   155 |             case 'fsub':
2026-09-07T18:00:42.7614143Z       |                  ^~~~~~
2026-09-07T18:00:42.7615793Z /home/runner/work/PocketKrKr/PocketKrKr/cpp/plugins/psdfile/psdparse/psddata.h:157:18: warning: multi-character character constant [-Wmultichar]
2026-09-07T18:00:42.7617326Z   157 |             case 'fdiv':
2026-09-07T18:00:42.7618013Z       |                  ^~~~~~
2026-09-07T18:00:42.7619430Z /home/runner/work/PocketKrKr/PocketKrKr/cpp/plugins/psdfile/psdparse/psddata.h:159:18: warning: multi-character character constant [-Wmultichar]
2026-09-07T18:00:42.7620938Z   159 |             case 'hue ':
2026-09-07T18:00:42.7621610Z       |                  ^~~~~~
2026-09-07T18:00:42.7623076Z /home/runner/work/PocketKrKr/PocketKrKr/cpp/plugins/psdfile/psdparse/psddata.h:161:18: warning: multi-character character constant [-Wmultichar]
2026-09-07T18:00:42.7624587Z   161 |             case 'sat ':
2026-09-07T18:00:42.7625498Z       |                  ^~~~~~
2026-09-07T18:00:42.7626917Z /home/runner/work/PocketKrKr/PocketKrKr/cpp/plugins/psdfile/psdparse/psddata.h:163:18: warning: multi-character character constant [-Wmultichar]
2026-09-07T18:00:42.7628428Z   163 |             case 'colr':
2026-09-07T18:00:42.7629056Z       |                  ^~~~~~
2026-09-07T18:00:42.7630393Z /home/runner/work/PocketKrKr/PocketKrKr/cpp/plugins/psdfile/psdparse/psddata.h:165:18: warning: multi-character character constant [-Wmultichar]
2026-09-07T18:00:42.7631884Z   165 |             case 'lum ':
2026-09-07T18:00:42.7632549Z       |                  ^~~~~~
2026-09-07T18:00:42.7633946Z /home/runner/work/PocketKrKr/PocketKrKr/cpp/plugins/psdfile/psdparse/psddata.h:167:18: warning: multi-character character constant [-Wmultichar]
2026-09-07T18:00:42.7635716Z   167 |             case 'pass':
2026-09-07T18:00:42.7636416Z       |                  ^~~~~~
2026-09-07T18:00:42.7637501Z In file included from /home/runner/work/PocketKrKr/PocketKrKr/cpp/plugins/psdfile/psdparse/psdfile.h:3,
2026-09-07T18:00:42.7639257Z                  from /home/runner/work/PocketKrKr/PocketKrKr/cpp/plugins/psdfile/psdclass.h:9,
2026-09-07T18:00:42.7640737Z                  from /home/runner/work/PocketKrKr/PocketKrKr/cpp/plugins/psdfile/psdclass_loadmem.cpp:1:
2026-09-07T18:00:42.7643256Z /home/runner/work/PocketKrKr/PocketKrKr/cpp/plugins/psdfile/psdparse/psddesc.h: In member function ‘virtual void psd::DescriptorReference::dump(int)’:
2026-09-07T18:00:42.7647266Z /home/runner/work/PocketKrKr/PocketKrKr/cpp/plugins/psdfile/psdparse/psddesc.h:234:20: warning: format ‘%d’ expects argument of type ‘int’, but argument 3 has type ‘std::vector<psd::ReferenceItem*>::size_type’ {aka ‘long unsigned int’} [-Wformat=]
2026-09-07T18:00:42.7649576Z   234 |             dprint("%s (count:%d)\n", typeName(), items.size());
2026-09-07T18:00:42.7650501Z       |                    ^~~~~~~~~~~~~~~~~              ~~~~~~~~~~~~
2026-09-07T18:00:42.7651331Z       |                                                             |
2026-09-07T18:00:42.7652426Z       |                                                             std::vector<psd::ReferenceItem*>::size_type {aka long unsigned int}
2026-09-07T18:00:42.7654301Z /home/runner/work/PocketKrKr/PocketKrKr/cpp/plugins/psdfile/psdparse/psdbase.h:7:28: note: in definition of macro ‘dprint’
2026-09-07T18:00:42.7655945Z     7 | #define dprint(...) printf(__VA_ARGS__);
2026-09-07T18:00:42.7656695Z       |                            ^~~~~~~~~~~
2026-09-07T18:00:42.7657809Z In file included from /home/runner/work/PocketKrKr/PocketKrKr/cpp/plugins/psdfile/psdparse/psddata.h:5,
2026-09-07T18:00:42.7659289Z                  from /home/runner/work/PocketKrKr/PocketKrKr/cpp/plugins/psdfile/psdparse/psdfile.h:4,
2026-09-07T18:00:42.7660622Z                  from /home/runner/work/PocketKrKr/PocketKrKr/cpp/plugins/psdfile/psdclass.h:9,
2026-09-07T18:00:42.7662043Z                  from /home/runner/work/PocketKrKr/PocketKrKr/cpp/plugins/psdfile/psdclass_loadmem.cpp:1:
2026-09-07T18:00:42.7663721Z /home/runner/work/PocketKrKr/PocketKrKr/cpp/plugins/psdfile/psdparse/psddesc.h:234:32: note: format string is defined here
2026-09-07T18:00:42.7665118Z   234 |             dprint("%s (count:%d)\n", typeName(), items.size());
2026-09-07T18:00:42.7666224Z       |                               ~^
2026-09-07T18:00:42.7666897Z       |                                |
2026-09-07T18:00:42.7667601Z       |                                int
2026-09-07T18:00:42.7668258Z       |                               %ld
2026-09-07T18:00:42.7669417Z In file included from /home/runner/work/PocketKrKr/PocketKrKr/cpp/plugins/psdfile/psdparse/psdfile.h:3,
2026-09-07T18:00:42.7670911Z                  from /home/runner/work/PocketKrKr/PocketKrKr/cpp/plugins/psdfile/psdclass.h:9,
2026-09-07T18:00:42.7672342Z                  from /home/runner/work/PocketKrKr/PocketKrKr/cpp/plugins/psdfile/psdclass_loadmem.cpp:1:
2026-09-07T18:00:42.7674584Z /home/runner/work/PocketKrKr/PocketKrKr/cpp/plugins/psdfile/psdparse/psddesc.h: In member function ‘virtual void psd::DescriptorList::dump(int)’:
2026-09-07T18:00:42.7678364Z /home/runner/work/PocketKrKr/PocketKrKr/cpp/plugins/psdfile/psdparse/psddesc.h:253:20: warning: format ‘%d’ expects argument of type ‘int’, but argument 3 has type ‘std::vector<psd::DescriptorItem*>::size_type’ {aka ‘long unsigned int’} [-Wformat=]
2026-09-07T18:00:42.7680697Z   253 |             dprint("%s (count:%d)\n", typeName(), items.size());
2026-09-07T18:00:42.7681633Z       |                    ^~~~~~~~~~~~~~~~~              ~~~~~~~~~~~~
2026-09-07T18:00:42.7682485Z       |                                                             |
2026-09-07T18:00:42.7683613Z       |                                                             std::vector<psd::DescriptorItem*>::size_type {aka long unsigned int}
2026-09-07T18:00:42.7685807Z /home/runner/work/PocketKrKr/PocketKrKr/cpp/plugins/psdfile/psdparse/psdbase.h:7:28: note: in definition of macro ‘dprint’
2026-09-07T18:00:42.7687321Z     7 | #define dprint(...) printf(__VA_ARGS__);
2026-09-07T18:00:42.7688346Z       |                            ^~~~~~~~~~~
2026-09-07T18:00:42.7689549Z In file included from /home/runner/work/PocketKrKr/PocketKrKr/cpp/plugins/psdfile/psdparse/psddata.h:5,
2026-09-07T18:00:42.7691128Z                  from /home/runner/work/PocketKrKr/PocketKrKr/cpp/plugins/psdfile/psdparse/psdfile.h:4,
2026-09-07T18:00:42.7692876Z                  from /home/runner/work/PocketKrKr/PocketKrKr/cpp/plugins/psdfile/psdclass.h:9,
2026-09-07T18:00:42.7694333Z                  from /home/runner/work/PocketKrKr/PocketKrKr/cpp/plugins/psdfile/psdclass_loadmem.cpp:1:
2026-09-07T18:00:42.7696445Z /home/runner/work/PocketKrKr/PocketKrKr/cpp/plugins/psdfile/psdparse/psddesc.h:253:32: note: format string is defined here
2026-09-07T18:00:42.7698009Z   253 |             dprint("%s (count:%d)\n", typeName(), items.size());
2026-09-07T18:00:42.7698877Z       |                               ~^
2026-09-07T18:00:42.7699579Z       |                                |
2026-09-07T18:00:42.7700287Z       |                                int
2026-09-07T18:00:42.7700985Z       |                               %ld
2026-09-07T18:00:42.7702067Z In file included from /home/runner/work/PocketKrKr/PocketKrKr/cpp/plugins/psdfile/psdclass.h:10,
2026-09-07T18:00:42.7703620Z                  from /home/runner/work/PocketKrKr/PocketKrKr/cpp/plugins/psdfile/psdclass_loadmem.cpp:1:
2026-09-07T18:00:42.7706499Z /home/runner/work/PocketKrKr/PocketKrKr/cpp/core/plugin/ncbind.hpp: In static member function ‘static ncbTypeConvertor::Conversion<FROM, TO>::OK ncbTypeConvertor::Conversion<FROM, TO>::check(TO)’:
2026-09-07T18:00:42.7709085Z /home/runner/work/PocketKrKr/PocketKrKr/cpp/core/plugin/ncbind.hpp:244:38: warning: no return statement in function returning non-void [-Wreturn-type]
2026-09-07T18:00:42.7710643Z   244 |                 static OK check(TO) {};
2026-09-07T18:00:42.7711378Z       |                                      ^
2026-09-07T18:00:43.4356993Z [546/741] Building CXX object cpp/plugins/psdfile/psdparse/CMakeFiles/psdparse.dir/__/psdclass.cpp.o
2026-09-07T18:00:43.4358543Z In file included from /home/runner/work/PocketKrKr/PocketKrKr/cpp/plugins/psdfile/psdparse/psddata.h:5,
2026-09-07T18:00:43.4359867Z                  from /home/runner/work/PocketKrKr/PocketKrKr/cpp/plugins/psdfile/psdparse/psdfile.h:4,
2026-09-07T18:00:43.4361043Z                  from /home/runner/work/PocketKrKr/PocketKrKr/cpp/plugins/psdfile/psdclass.h:9,
2026-09-07T18:00:43.4362180Z                  from /home/runner/work/PocketKrKr/PocketKrKr/cpp/plugins/psdfile/psdclass.cpp:4:
2026-09-07T18:00:43.4363785Z /home/runner/work/PocketKrKr/PocketKrKr/cpp/plugins/psdfile/psdparse/psddesc.h:17:26: warning: multi-character character constant [-Wmultichar]
2026-09-07T18:00:43.4365051Z    17 |         TYPE_REFERENCE = 'obj ',
2026-09-07T18:00:43.4365857Z       |                          ^~~~~~
2026-09-07T18:00:43.4367072Z /home/runner/work/PocketKrKr/PocketKrKr/cpp/plugins/psdfile/psdparse/psddesc.h:18:27: warning: multi-character character constant [-Wmultichar]
2026-09-07T18:00:43.4368361Z    18 |         TYPE_DESCRIPTOR = 'Objc',
2026-09-07T18:00:43.4368891Z       |                           ^~~~~~
2026-09-07T18:00:43.4370104Z /home/runner/work/PocketKrKr/PocketKrKr/cpp/plugins/psdfile/psdparse/psddesc.h:19:21: warning: multi-character character constant [-Wmultichar]
2026-09-07T18:00:43.4371371Z    19 |         TYPE_LIST = 'VlLs',
2026-09-07T18:00:43.4371859Z       |                     ^~~~~~
2026-09-07T18:00:43.4373039Z /home/runner/work/PocketKrKr/PocketKrKr/cpp/plugins/psdfile/psdparse/psddesc.h:20:23: warning: multi-character character constant [-Wmultichar]
2026-09-07T18:00:43.4374297Z    20 |         TYPE_DOUBLE = 'doub',
2026-09-07T18:00:43.4374786Z       |                       ^~~~~~
2026-09-07T18:00:43.4376237Z /home/runner/work/PocketKrKr/PocketKrKr/cpp/plugins/psdfile/psdparse/psddesc.h:21:27: warning: multi-character character constant [-Wmultichar]
2026-09-07T18:00:43.4377461Z    21 |         TYPE_UNIT_FLOAT = 'UntF',
2026-09-07T18:00:43.4378037Z       |                           ^~~~~~
2026-09-07T18:00:43.4379559Z /home/runner/work/PocketKrKr/PocketKrKr/cpp/plugins/psdfile/psdparse/psddesc.h:22:23: warning: multi-character character constant [-Wmultichar]
2026-09-07T18:00:43.4380821Z    22 |         TYPE_STRING = 'TEXT',
2026-09-07T18:00:43.4381316Z       |                       ^~~~~~
2026-09-07T18:00:43.4382707Z /home/runner/work/PocketKrKr/PocketKrKr/cpp/plugins/psdfile/psdparse/psddesc.h:23:27: warning: multi-character character constant [-Wmultichar]
2026-09-07T18:00:43.4383937Z    23 |         TYPE_ENUMERATED = 'enum',
2026-09-07T18:00:43.4384457Z       |                           ^~~~~~
2026-09-07T18:00:43.4415980Z /home/runner/work/PocketKrKr/PocketKrKr/cpp/plugins/psdfile/psdparse/psddesc.h:24:24: warning: multi-character character constant [-Wmultichar]
2026-09-07T18:00:43.4417301Z    24 |         TYPE_INTEGER = 'long',
2026-09-07T18:00:43.4417800Z       |                        ^~~~~~
2026-09-07T18:00:43.4419002Z /home/runner/work/PocketKrKr/PocketKrKr/cpp/plugins/psdfile/psdparse/psddesc.h:25:24: warning: multi-character character constant [-Wmultichar]
2026-09-07T18:00:43.4420270Z    25 |         TYPE_BOOLEAN = 'bool',
2026-09-07T18:00:43.4420789Z       |                        ^~~~~~
2026-09-07T18:00:43.4421930Z /home/runner/work/PocketKrKr/PocketKrKr/cpp/plugins/psdfile/psdparse/psddesc.h:26:30: warning: multi-character character constant [-Wmultichar]
2026-09-07T18:00:43.4423209Z    26 |         TYPE_GLOBAL_OBJECT = 'GlbO',
2026-09-07T18:00:43.4423740Z       |                              ^~~~~~
2026-09-07T18:00:43.4424968Z /home/runner/work/PocketKrKr/PocketKrKr/cpp/plugins/psdfile/psdparse/psddesc.h:27:23: warning: multi-character character constant [-Wmultichar]
2026-09-07T18:00:43.4426479Z    27 |         TYPE_CLASS1 = 'type',
2026-09-07T18:00:43.4426936Z       |                       ^~~~~~
2026-09-07T18:00:43.4428047Z /home/runner/work/PocketKrKr/PocketKrKr/cpp/plugins/psdfile/psdparse/psddesc.h:28:23: warning: multi-character character constant [-Wmultichar]
2026-09-07T18:00:43.4429274Z    28 |         TYPE_CLASS2 = 'GlbC',
2026-09-07T18:00:43.4429748Z       |                       ^~~~~~
2026-09-07T18:00:43.4430942Z /home/runner/work/PocketKrKr/PocketKrKr/cpp/plugins/psdfile/psdparse/psddesc.h:29:22: warning: multi-character character constant [-Wmultichar]
2026-09-07T18:00:43.4432201Z    29 |         TYPE_ALIAS = 'alis',
2026-09-07T18:00:43.4432639Z       |                      ^~~~~~
2026-09-07T18:00:43.4433777Z /home/runner/work/PocketKrKr/PocketKrKr/cpp/plugins/psdfile/psdparse/psddesc.h:30:25: warning: multi-character character constant [-Wmultichar]
2026-09-07T18:00:43.4434962Z    30 |         TYPE_RAW_DATA = 'tdta',
2026-09-07T18:00:43.4435718Z       |                         ^~~~~~
2026-09-07T18:00:43.4436945Z /home/runner/work/PocketKrKr/PocketKrKr/cpp/plugins/psdfile/psdparse/psddesc.h:34:23: warning: multi-character character constant [-Wmultichar]
2026-09-07T18:00:43.4438168Z    34 |         UNIT_POINTS = '#Pnt',
2026-09-07T18:00:43.4438685Z       |                       ^~~~~~
2026-09-07T18:00:43.4439895Z /home/runner/work/PocketKrKr/PocketKrKr/cpp/plugins/psdfile/psdparse/psddesc.h:35:28: warning: multi-character character constant [-Wmultichar]
2026-09-07T18:00:43.4441162Z    35 |         UNIT_MILLIMETERS = '#Mlm',
2026-09-07T18:00:43.4441670Z       |                            ^~~~~~
2026-09-07T18:00:43.4442868Z /home/runner/work/PocketKrKr/PocketKrKr/cpp/plugins/psdfile/psdparse/psddesc.h:36:22: warning: multi-character character constant [-Wmultichar]
2026-09-07T18:00:43.4444155Z    36 |         UNIT_ANGLE = '#Ang', // degrees
2026-09-07T18:00:43.4444691Z       |                      ^~~~~~
2026-09-07T18:00:43.4476276Z /home/runner/work/PocketKrKr/PocketKrKr/cpp/plugins/psdfile/psdparse/psddesc.h:37:24: warning: multi-character character constant [-Wmultichar]
2026-09-07T18:00:43.4477583Z    37 |         UNIT_DENSITY = '#Rsl', // base per inch
2026-09-07T18:00:43.4478211Z       |                        ^~~~~~
2026-09-07T18:00:43.4479697Z /home/runner/work/PocketKrKr/PocketKrKr/cpp/plugins/psdfile/psdparse/psddesc.h:38:25: warning: multi-character character constant [-Wmultichar]
2026-09-07T18:00:43.4480962Z    38 |         UNIT_DISTANCE = '#Rlt', // base 72ppi
2026-09-07T18:00:43.4481501Z       |                         ^~~~~~
2026-09-07T18:00:43.4482928Z /home/runner/work/PocketKrKr/PocketKrKr/cpp/plugins/psdfile/psdparse/psddesc.h:39:21: warning: multi-character character constant [-Wmultichar]
2026-09-07T18:00:43.4484150Z    39 |         UNIT_NONE = '#Nne',
2026-09-07T18:00:43.4484625Z       |                     ^~~~~~
2026-09-07T18:00:43.4486017Z /home/runner/work/PocketKrKr/PocketKrKr/cpp/plugins/psdfile/psdparse/psddesc.h:40:24: warning: multi-character character constant [-Wmultichar]
2026-09-07T18:00:43.4487221Z    40 |         UNIT_PERCENT = '#Prc',
2026-09-07T18:00:43.4487706Z       |                        ^~~~~~
2026-09-07T18:00:43.4488889Z /home/runner/work/PocketKrKr/PocketKrKr/cpp/plugins/psdfile/psdparse/psddesc.h:41:23: warning: multi-character character constant [-Wmultichar]
2026-09-07T18:00:43.4490113Z    41 |         UNIT_PIXELS = '#Pxl',
2026-09-07T18:00:43.4490560Z       |                       ^~~~~~
2026-09-07T18:00:43.4491755Z /home/runner/work/PocketKrKr/PocketKrKr/cpp/plugins/psdfile/psdparse/psddesc.h:46:29: warning: multi-character character constant [-Wmultichar]
2026-09-07T18:00:43.4492989Z    46 |         REF_TYPE_PROPERTY = 'prop',
2026-09-07T18:00:43.4493489Z       |                             ^~~~~~
2026-09-07T18:00:43.4494629Z /home/runner/work/PocketKrKr/PocketKrKr/cpp/plugins/psdfile/psdparse/psddesc.h:47:26: warning: multi-character character constant [-Wmultichar]
2026-09-07T18:00:43.4496117Z    47 |         REF_TYPE_CLASS = 'Clss',
2026-09-07T18:00:43.4496622Z       |                          ^~~~~~
2026-09-07T18:00:43.4497821Z /home/runner/work/PocketKrKr/PocketKrKr/cpp/plugins/psdfile/psdparse/psddesc.h:48:29: warning: multi-character character constant [-Wmultichar]
2026-09-07T18:00:43.4499093Z    48 |         REF_TYPE_ENUM_REF = 'Enmr',
2026-09-07T18:00:43.4499619Z       |                             ^~~~~~
2026-09-07T18:00:43.4500767Z /home/runner/work/PocketKrKr/PocketKrKr/cpp/plugins/psdfile/psdparse/psddesc.h:49:27: warning: multi-character character constant [-Wmultichar]
2026-09-07T18:00:43.4501982Z    49 |         REF_TYPE_OFFSET = 'rele',
2026-09-07T18:00:43.4502502Z       |                           ^~~~~~
2026-09-07T18:00:43.4503707Z /home/runner/work/PocketKrKr/PocketKrKr/cpp/plugins/psdfile/psdparse/psddesc.h:50:31: warning: multi-character character constant [-Wmultichar]
2026-09-07T18:00:43.4504967Z    50 |         REF_TYPE_IDENTIFIER = 'Idnt',
2026-09-07T18:00:43.4535853Z       |                               ^~~~~~
2026-09-07T18:00:43.4536997Z /home/runner/work/PocketKrKr/PocketKrKr/cpp/plugins/psdfile/psdparse/psddesc.h:51:26: warning: multi-character character constant [-Wmultichar]
2026-09-07T18:00:43.4538127Z    51 |         REF_TYPE_INDEX = 'indx',
2026-09-07T18:00:43.4538646Z       |                          ^~~~~~
2026-09-07T18:00:43.4539780Z /home/runner/work/PocketKrKr/PocketKrKr/cpp/plugins/psdfile/psdparse/psddesc.h:52:25: warning: multi-character character constant [-Wmultichar]
2026-09-07T18:00:43.4540924Z    52 |         REF_TYPE_NAME = 'name',
2026-09-07T18:00:43.4541364Z       |                         ^~~~~~
2026-09-07T18:00:43.4542193Z In file included from /home/runner/work/PocketKrKr/PocketKrKr/cpp/plugins/psdfile/psdparse/psdfile.h:4,
2026-09-07T18:00:43.4543376Z                  from /home/runner/work/PocketKrKr/PocketKrKr/cpp/plugins/psdfile/psdclass.h:9,
2026-09-07T18:00:43.4544448Z                  from /home/runner/work/PocketKrKr/PocketKrKr/cpp/plugins/psdfile/psdclass.cpp:4:
2026-09-07T18:00:43.4546207Z /home/runner/work/PocketKrKr/PocketKrKr/cpp/plugins/psdfile/psdparse/psddata.h:113:18: warning: multi-character character constant [-Wmultichar]
2026-09-07T18:00:43.4547470Z   113 |             case 'norm':
2026-09-07T18:00:43.4547889Z       |                  ^~~~~~
2026-09-07T18:00:43.4549278Z /home/runner/work/PocketKrKr/PocketKrKr/cpp/plugins/psdfile/psdparse/psddata.h:115:18: warning: multi-character character constant [-Wmultichar]
2026-09-07T18:00:43.4550447Z   115 |             case 'diss':
2026-09-07T18:00:43.4550860Z       |                  ^~~~~~
2026-09-07T18:00:43.4552268Z /home/runner/work/PocketKrKr/PocketKrKr/cpp/plugins/psdfile/psdparse/psddata.h:117:18: warning: multi-character character constant [-Wmultichar]
2026-09-07T18:00:43.4553460Z   117 |             case 'dark':
2026-09-07T18:00:43.4553873Z       |                  ^~~~~~
2026-09-07T18:00:43.4555026Z /home/runner/work/PocketKrKr/PocketKrKr/cpp/plugins/psdfile/psdparse/psddata.h:119:18: warning: multi-character character constant [-Wmultichar]
2026-09-07T18:00:43.4556522Z   119 |             case 'mul ':
2026-09-07T18:00:43.4556998Z       |                  ^~~~~~
2026-09-07T18:00:43.4558102Z /home/runner/work/PocketKrKr/PocketKrKr/cpp/plugins/psdfile/psdparse/psddata.h:121:18: warning: multi-character character constant [-Wmultichar]
2026-09-07T18:00:43.4559345Z   121 |             case 'idiv':
2026-09-07T18:00:43.4559773Z       |                  ^~~~~~
2026-09-07T18:00:43.4560868Z /home/runner/work/PocketKrKr/PocketKrKr/cpp/plugins/psdfile/psdparse/psddata.h:123:18: warning: multi-character character constant [-Wmultichar]
2026-09-07T18:00:43.4562096Z   123 |             case 'lbrn':
2026-09-07T18:00:43.4562539Z       |                  ^~~~~~
2026-09-07T18:00:43.4563690Z /home/runner/work/PocketKrKr/PocketKrKr/cpp/plugins/psdfile/psdparse/psddata.h:125:18: warning: multi-character character constant [-Wmultichar]
2026-09-07T18:00:43.4564890Z   125 |             case 'dkCl':
2026-09-07T18:00:43.4595741Z       |                  ^~~~~~
2026-09-07T18:00:43.4596950Z /home/runner/work/PocketKrKr/PocketKrKr/cpp/plugins/psdfile/psdparse/psddata.h:127:18: warning: multi-character character constant [-Wmultichar]
2026-09-07T18:00:43.4598182Z   127 |             case 'lite':
2026-09-07T18:00:43.4598643Z       |                  ^~~~~~
2026-09-07T18:00:43.4599816Z /home/runner/work/PocketKrKr/PocketKrKr/cpp/plugins/psdfile/psdparse/psddata.h:129:18: warning: multi-character character constant [-Wmultichar]
2026-09-07T18:00:43.4601027Z   129 |             case 'scrn':
2026-09-07T18:00:43.4601478Z       |                  ^~~~~~
2026-09-07T18:00:43.4602624Z /home/runner/work/PocketKrKr/PocketKrKr/cpp/plugins/psdfile/psdparse/psddata.h:131:18: warning: multi-character character constant [-Wmultichar]
2026-09-07T18:00:43.4603847Z   131 |             case 'div ':
2026-09-07T18:00:43.4604292Z       |                  ^~~~~~
2026-09-07T18:00:43.4605662Z /home/runner/work/PocketKrKr/PocketKrKr/cpp/plugins/psdfile/psdparse/psddata.h:133:18: warning: multi-character character constant [-Wmultichar]
2026-09-07T18:00:43.4606871Z   133 |             case 'lddg':
2026-09-07T18:00:43.4607307Z       |                  ^~~~~~
2026-09-07T18:00:43.4608478Z /home/runner/work/PocketKrKr/PocketKrKr/cpp/plugins/psdfile/psdparse/psddata.h:135:18: warning: multi-character character constant [-Wmultichar]
2026-09-07T18:00:43.4609671Z   135 |             case 'ltCl':
2026-09-07T18:00:43.4610104Z       |                  ^~~~~~
2026-09-07T18:00:43.4611234Z /home/runner/work/PocketKrKr/PocketKrKr/cpp/plugins/psdfile/psdparse/psddata.h:137:18: warning: multi-character character constant [-Wmultichar]
2026-09-07T18:00:43.4612441Z   137 |             case 'over':
2026-09-07T18:00:43.4612877Z       |                  ^~~~~~
2026-09-07T18:00:43.4614036Z /home/runner/work/PocketKrKr/PocketKrKr/cpp/plugins/psdfile/psdparse/psddata.h:139:18: warning: multi-character character constant [-Wmultichar]
2026-09-07T18:00:43.4615523Z   139 |             case 'sLit':
2026-09-07T18:00:43.4615988Z       |                  ^~~~~~
2026-09-07T18:00:43.4617136Z /home/runner/work/PocketKrKr/PocketKrKr/cpp/plugins/psdfile/psdparse/psddata.h:141:18: warning: multi-character character constant [-Wmultichar]
2026-09-07T18:00:43.4618353Z   141 |             case 'hLit':
2026-09-07T18:00:43.4619112Z       |                  ^~~~~~
2026-09-07T18:00:43.4620312Z /home/runner/work/PocketKrKr/PocketKrKr/cpp/plugins/psdfile/psdparse/psddata.h:143:18: warning: multi-character character constant [-Wmultichar]
2026-09-07T18:00:43.4621545Z   143 |             case 'vLit':
2026-09-07T18:00:43.4622190Z       |                  ^~~~~~
2026-09-07T18:00:43.4623257Z /home/runner/work/PocketKrKr/PocketKrKr/cpp/plugins/psdfile/psdparse/psddata.h:145:18: warning: multi-character character constant [-Wmultichar]
2026-09-07T18:00:43.4624449Z   145 |             case 'lLit':
2026-09-07T18:00:43.4624879Z       |                  ^~~~~~
2026-09-07T18:00:43.4656393Z /home/runner/work/PocketKrKr/PocketKrKr/cpp/plugins/psdfile/psdparse/psddata.h:147:18: warning: multi-character character constant [-Wmultichar]
2026-09-07T18:00:43.4657543Z   147 |             case 'pLit':
2026-09-07T18:00:43.4657979Z       |                  ^~~~~~
2026-09-07T18:00:43.4659076Z /home/runner/work/PocketKrKr/PocketKrKr/cpp/plugins/psdfile/psdparse/psddata.h:149:18: warning: multi-character character constant [-Wmultichar]
2026-09-07T18:00:43.4660286Z   149 |             case 'hMix':
2026-09-07T18:00:43.4660732Z       |                  ^~~~~~
2026-09-07T18:00:43.4661855Z /home/runner/work/PocketKrKr/PocketKrKr/cpp/plugins/psdfile/psdparse/psddata.h:151:18: warning: multi-character character constant [-Wmultichar]
2026-09-07T18:00:43.4663065Z   151 |             case 'diff':
2026-09-07T18:00:43.4663495Z       |                  ^~~~~~
2026-09-07T18:00:43.4664524Z /home/runner/work/PocketKrKr/PocketKrKr/cpp/plugins/psdfile/psdparse/psddata.h:153:18: warning: multi-character character constant [-Wmultichar]
2026-09-07T18:00:43.4665972Z   153 |             case 'smud':
2026-09-07T18:00:43.4666433Z       |                  ^~~~~~
2026-09-07T18:00:43.4667611Z /home/runner/work/PocketKrKr/PocketKrKr/cpp/plugins/psdfile/psdparse/psddata.h:155:18: warning: multi-character character constant [-Wmultichar]
2026-09-07T18:00:43.4668840Z   155 |             case 'fsub':
2026-09-07T18:00:43.4669295Z       |                  ^~~~~~
2026-09-07T18:00:43.4670494Z /home/runner/work/PocketKrKr/PocketKrKr/cpp/plugins/psdfile/psdparse/psddata.h:157:18: warning: multi-character character constant [-Wmultichar]
2026-09-07T18:00:43.4671736Z   157 |             case 'fdiv':
2026-09-07T18:00:43.4672153Z       |                  ^~~~~~
2026-09-07T18:00:43.4673267Z /home/runner/work/PocketKrKr/PocketKrKr/cpp/plugins/psdfile/psdparse/psddata.h:159:18: warning: multi-character character constant [-Wmultichar]
2026-09-07T18:00:43.4674503Z   159 |             case 'hue ':
2026-09-07T18:00:43.4674957Z       |                  ^~~~~~
2026-09-07T18:00:43.4676384Z /home/runner/work/PocketKrKr/PocketKrKr/cpp/plugins/psdfile/psdparse/psddata.h:161:18: warning: multi-character character constant [-Wmultichar]
2026-09-07T18:00:43.4677643Z   161 |             case 'sat ':
2026-09-07T18:00:43.4678153Z       |                  ^~~~~~
2026-09-07T18:00:43.4679318Z /home/runner/work/PocketKrKr/PocketKrKr/cpp/plugins/psdfile/psdparse/psddata.h:163:18: warning: multi-character character constant [-Wmultichar]
2026-09-07T18:00:43.4680536Z   163 |             case 'colr':
2026-09-07T18:00:43.4680976Z       |                  ^~~~~~
2026-09-07T18:00:43.4682137Z /home/runner/work/PocketKrKr/PocketKrKr/cpp/plugins/psdfile/psdparse/psddata.h:165:18: warning: multi-character character constant [-Wmultichar]
2026-09-07T18:00:43.4683386Z   165 |             case 'lum ':
2026-09-07T18:00:43.4683829Z       |                  ^~~~~~
2026-09-07T18:00:43.4684907Z /home/runner/work/PocketKrKr/PocketKrKr/cpp/plugins/psdfile/psdparse/psddata.h:167:18: warning: multi-character character constant [-Wmultichar]
2026-09-07T18:00:43.4716524Z   167 |             case 'pass':
2026-09-07T18:00:43.4717001Z       |                  ^~~~~~
2026-09-07T18:00:43.4717896Z In file included from /home/runner/work/PocketKrKr/PocketKrKr/cpp/plugins/psdfile/psdparse/psdfile.h:3,
2026-09-07T18:00:43.4719499Z                  from /home/runner/work/PocketKrKr/PocketKrKr/cpp/plugins/psdfile/psdclass.h:9,
2026-09-07T18:00:43.4720705Z                  from /home/runner/work/PocketKrKr/PocketKrKr/cpp/plugins/psdfile/psdclass.cpp:4:
2026-09-07T18:00:43.4732839Z /home/runner/work/PocketKrKr/PocketKrKr/cpp/plugins/psdfile/psdparse/psddesc.h: In member function ‘virtual void psd::DescriptorReference::dump(int)’:
2026-09-07T18:00:43.4736584Z /home/runner/work/PocketKrKr/PocketKrKr/cpp/plugins/psdfile/psdparse/psddesc.h:234:20: warning: format ‘%d’ expects argument of type ‘int’, but argument 3 has type ‘std::vector<psd::ReferenceItem*>::size_type’ {aka ‘long unsigned int’} [-Wformat=]
2026-09-07T18:00:43.4738608Z   234 |             dprint("%s (count:%d)\n", typeName(), items.size());
2026-09-07T18:00:43.4739306Z       |                    ^~~~~~~~~~~~~~~~~              ~~~~~~~~~~~~
2026-09-07T18:00:43.4739935Z       |                                                             |
2026-09-07T18:00:43.4740861Z       |                                                             std::vector<psd::ReferenceItem*>::size_type {aka long unsigned int}
2026-09-07T18:00:43.4742494Z /home/runner/work/PocketKrKr/PocketKrKr/cpp/plugins/psdfile/psdparse/psdbase.h:7:28: note: in definition of macro ‘dprint’
2026-09-07T18:00:43.4743757Z     7 | #define dprint(...) printf(__VA_ARGS__);
2026-09-07T18:00:43.4744314Z       |                            ^~~~~~~~~~~
2026-09-07T18:00:43.4775593Z In file included from /home/runner/work/PocketKrKr/PocketKrKr/cpp/plugins/psdfile/psdparse/psddata.h:5,
2026-09-07T18:00:43.4776906Z                  from /home/runner/work/PocketKrKr/PocketKrKr/cpp/plugins/psdfile/psdparse/psdfile.h:4,
2026-09-07T18:00:43.4778178Z                  from /home/runner/work/PocketKrKr/PocketKrKr/cpp/plugins/psdfile/psdclass.h:9,
2026-09-07T18:00:43.4779265Z                  from /home/runner/work/PocketKrKr/PocketKrKr/cpp/plugins/psdfile/psdclass.cpp:4:
2026-09-07T18:00:43.4780682Z /home/runner/work/PocketKrKr/PocketKrKr/cpp/plugins/psdfile/psdparse/psddesc.h:234:32: note: format string is defined here
2026-09-07T18:00:43.4781892Z   234 |             dprint("%s (count:%d)\n", typeName(), items.size());
2026-09-07T18:00:43.4782533Z       |                               ~^
2026-09-07T18:00:43.4783029Z       |                                |
2026-09-07T18:00:43.4783524Z       |                                int
2026-09-07T18:00:43.4784002Z       |                               %ld
2026-09-07T18:00:43.4784937Z In file included from /home/runner/work/PocketKrKr/PocketKrKr/cpp/plugins/psdfile/psdparse/psdfile.h:3,
2026-09-07T18:00:43.4786472Z                  from /home/runner/work/PocketKrKr/PocketKrKr/cpp/plugins/psdfile/psdclass.h:9,
2026-09-07T18:00:43.4787512Z                  from /home/runner/work/PocketKrKr/PocketKrKr/cpp/plugins/psdfile/psdclass.cpp:4:
2026-09-07T18:00:43.4789416Z /home/runner/work/PocketKrKr/PocketKrKr/cpp/plugins/psdfile/psdparse/psddesc.h: In member function ‘virtual void psd::DescriptorList::dump(int)’:
2026-09-07T18:00:43.4792584Z /home/runner/work/PocketKrKr/PocketKrKr/cpp/plugins/psdfile/psdparse/psddesc.h:253:20: warning: format ‘%d’ expects argument of type ‘int’, but argument 3 has type ‘std::vector<psd::DescriptorItem*>::size_type’ {aka ‘long unsigned int’} [-Wformat=]
2026-09-07T18:00:43.4794615Z   253 |             dprint("%s (count:%d)\n", typeName(), items.size());
2026-09-07T18:00:43.4795601Z       |                    ^~~~~~~~~~~~~~~~~              ~~~~~~~~~~~~
2026-09-07T18:00:43.4796224Z       |                                                             |
2026-09-07T18:00:43.4797127Z       |                                                             std::vector<psd::DescriptorItem*>::size_type {aka long unsigned int}
2026-09-07T18:00:43.4798807Z /home/runner/work/PocketKrKr/PocketKrKr/cpp/plugins/psdfile/psdparse/psdbase.h:7:28: note: in definition of macro ‘dprint’
2026-09-07T18:00:43.4799933Z     7 | #define dprint(...) printf(__VA_ARGS__);
2026-09-07T18:00:43.4800476Z       |                            ^~~~~~~~~~~
2026-09-07T18:00:43.4801598Z In file included from /home/runner/work/PocketKrKr/PocketKrKr/cpp/plugins/psdfile/psdparse/psddata.h:5,
2026-09-07T18:00:43.4802915Z                  from /home/runner/work/PocketKrKr/PocketKrKr/cpp/plugins/psdfile/psdparse/psdfile.h:4,
2026-09-07T18:00:43.4804109Z                  from /home/runner/work/PocketKrKr/PocketKrKr/cpp/plugins/psdfile/psdclass.h:9,
2026-09-07T18:00:43.4835866Z                  from /home/runner/work/PocketKrKr/PocketKrKr/cpp/plugins/psdfile/psdclass.cpp:4:
2026-09-07T18:00:43.4837351Z /home/runner/work/PocketKrKr/PocketKrKr/cpp/plugins/psdfile/psdparse/psddesc.h:253:32: note: format string is defined here
2026-09-07T18:00:43.4838619Z   253 |             dprint("%s (count:%d)\n", typeName(), items.size());
2026-09-07T18:00:43.4839267Z       |                               ~^
2026-09-07T18:00:43.4839747Z       |                                |
2026-09-07T18:00:43.4840239Z       |                                int
2026-09-07T18:00:43.4840751Z       |                               %ld
2026-09-07T18:00:43.4841625Z In file included from /home/runner/work/PocketKrKr/PocketKrKr/cpp/plugins/psdfile/psdclass.h:10,
2026-09-07T18:00:43.4842843Z                  from /home/runner/work/PocketKrKr/PocketKrKr/cpp/plugins/psdfile/psdclass.cpp:4:
2026-09-07T18:00:43.4845138Z /home/runner/work/PocketKrKr/PocketKrKr/cpp/core/plugin/ncbind.hpp: In static member function ‘static ncbTypeConvertor::Conversion<FROM, TO>::OK ncbTypeConvertor::Conversion<FROM, TO>::check(TO)’:
2026-09-07T18:00:43.4847585Z /home/runner/work/PocketKrKr/PocketKrKr/cpp/core/plugin/ncbind.hpp:244:38: warning: no return statement in function returning non-void [-Wreturn-type]
2026-09-07T18:00:43.4848857Z   244 |                 static OK check(TO) {};
2026-09-07T18:00:43.4849402Z       |                                      ^
2026-09-07T18:00:43.4850425Z [547/741] Building CXX object cpp/plugins/psdfile/psdparse/CMakeFiles/psdparse.dir/__/__/psbfile/PSBValue.cpp.o
2026-09-07T18:00:44.8837007Z [548/741] Building CXX object cpp/plugins/psdfile/psdparse/CMakeFiles/psdparse.dir/__/psdclass_loadstreambase.cpp.o
2026-09-07T18:00:44.8866392Z In file included from /home/runner/work/PocketKrKr/PocketKrKr/cpp/plugins/psdfile/psdparse/psddata.h:5,
2026-09-07T18:00:44.8886341Z                  from /home/runner/work/PocketKrKr/PocketKrKr/cpp/plugins/psdfile/psdparse/psdfile.h:4,
2026-09-07T18:00:44.8925987Z                  from /home/runner/work/PocketKrKr/PocketKrKr/cpp/plugins/psdfile/psdclass.h:9,
2026-09-07T18:00:44.8956074Z                  from /home/runner/work/PocketKrKr/PocketKrKr/cpp/plugins/psdfile/psdclass_loadstreambase.cpp:4:
2026-09-07T18:00:44.8986436Z /home/runner/work/PocketKrKr/PocketKrKr/cpp/plugins/psdfile/psdparse/psddesc.h:17:26: warning: multi-character character constant [-Wmultichar]
2026-09-07T18:00:44.9005731Z    17 |         TYPE_REFERENCE = 'obj ',
2026-09-07T18:00:44.9035778Z       |                          ^~~~~~
2026-09-07T18:00:44.9066507Z /home/runner/work/PocketKrKr/PocketKrKr/cpp/plugins/psdfile/psdparse/psddesc.h:18:27: warning: multi-character character constant [-Wmultichar]
2026-09-07T18:00:44.9095793Z    18 |         TYPE_DESCRIPTOR = 'Objc',
2026-09-07T18:00:44.9135708Z       |                           ^~~~~~
2026-09-07T18:00:44.9156502Z /home/runner/work/PocketKrKr/PocketKrKr/cpp/plugins/psdfile/psdparse/psddesc.h:19:21: warning: multi-character character constant [-Wmultichar]
2026-09-07T18:00:44.9185799Z    19 |         TYPE_LIST = 'VlLs',
2026-09-07T18:00:44.9215848Z       |                     ^~~~~~
2026-09-07T18:00:44.9246574Z /home/runner/work/PocketKrKr/PocketKrKr/cpp/plugins/psdfile/psdparse/psddesc.h:20:23: warning: multi-character character constant [-Wmultichar]
2026-09-07T18:00:44.9275808Z    20 |         TYPE_DOUBLE = 'doub',
2026-09-07T18:00:44.9315706Z       |                       ^~~~~~
2026-09-07T18:00:44.9346519Z /home/runner/work/PocketKrKr/PocketKrKr/cpp/plugins/psdfile/psdparse/psddesc.h:21:27: warning: multi-character character constant [-Wmultichar]
2026-09-07T18:00:44.9396144Z    21 |         TYPE_UNIT_FLOAT = 'UntF',
2026-09-07T18:00:44.9405744Z       |                           ^~~~~~
2026-09-07T18:00:44.9436459Z /home/runner/work/PocketKrKr/PocketKrKr/cpp/plugins/psdfile/psdparse/psddesc.h:22:23: warning: multi-character character constant [-Wmultichar]
2026-09-07T18:00:44.9465772Z    22 |         TYPE_STRING = 'TEXT',
2026-09-07T18:00:44.9495709Z       |                       ^~~~~~
2026-09-07T18:00:44.9496907Z /home/runner/work/PocketKrKr/PocketKrKr/cpp/plugins/psdfile/psdparse/psddesc.h:23:27: warning: multi-character character constant [-Wmultichar]
2026-09-07T18:00:44.9498057Z    23 |         TYPE_ENUMERATED = 'enum',
2026-09-07T18:00:44.9498535Z       |                           ^~~~~~
2026-09-07T18:00:44.9499678Z /home/runner/work/PocketKrKr/PocketKrKr/cpp/plugins/psdfile/psdparse/psddesc.h:24:24: warning: multi-character character constant [-Wmultichar]
2026-09-07T18:00:44.9500824Z    24 |         TYPE_INTEGER = 'long',
2026-09-07T18:00:44.9501286Z       |                        ^~~~~~
2026-09-07T18:00:44.9502374Z /home/runner/work/PocketKrKr/PocketKrKr/cpp/plugins/psdfile/psdparse/psddesc.h:25:24: warning: multi-character character constant [-Wmultichar]
2026-09-07T18:00:44.9503509Z    25 |         TYPE_BOOLEAN = 'bool',
2026-09-07T18:00:44.9503995Z       |                        ^~~~~~
2026-09-07T18:00:44.9505073Z /home/runner/work/PocketKrKr/PocketKrKr/cpp/plugins/psdfile/psdparse/psddesc.h:26:30: warning: multi-character character constant [-Wmultichar]
2026-09-07T18:00:44.9506378Z    26 |         TYPE_GLOBAL_OBJECT = 'GlbO',
2026-09-07T18:00:44.9506866Z       |                              ^~~~~~
2026-09-07T18:00:44.9508001Z /home/runner/work/PocketKrKr/PocketKrKr/cpp/plugins/psdfile/psdparse/psddesc.h:27:23: warning: multi-character character constant [-Wmultichar]
2026-09-07T18:00:44.9509165Z    27 |         TYPE_CLASS1 = 'type',
2026-09-07T18:00:44.9509617Z       |                       ^~~~~~
2026-09-07T18:00:44.9510734Z /home/runner/work/PocketKrKr/PocketKrKr/cpp/plugins/psdfile/psdparse/psddesc.h:28:23: warning: multi-character character constant [-Wmultichar]
2026-09-07T18:00:44.9511914Z    28 |         TYPE_CLASS2 = 'GlbC',
2026-09-07T18:00:44.9512378Z       |                       ^~~~~~
2026-09-07T18:00:44.9513605Z /home/runner/work/PocketKrKr/PocketKrKr/cpp/plugins/psdfile/psdparse/psddesc.h:29:22: warning: multi-character character constant [-Wmultichar]
2026-09-07T18:00:44.9514786Z    29 |         TYPE_ALIAS = 'alis',
2026-09-07T18:00:44.9515446Z       |                      ^~~~~~
2026-09-07T18:00:44.9516542Z /home/runner/work/PocketKrKr/PocketKrKr/cpp/plugins/psdfile/psdparse/psddesc.h:30:25: warning: multi-character character constant [-Wmultichar]
2026-09-07T18:00:44.9525903Z    30 |         TYPE_RAW_DATA = 'tdta',
2026-09-07T18:00:44.9555786Z       |                         ^~~~~~
2026-09-07T18:00:44.9576394Z /home/runner/work/PocketKrKr/PocketKrKr/cpp/plugins/psdfile/psdparse/psddesc.h:34:23: warning: multi-character character constant [-Wmultichar]
2026-09-07T18:00:44.9577623Z    34 |         UNIT_POINTS = '#Pnt',
2026-09-07T18:00:44.9578087Z       |                       ^~~~~~
2026-09-07T18:00:44.9579238Z /home/runner/work/PocketKrKr/PocketKrKr/cpp/plugins/psdfile/psdparse/psddesc.h:35:28: warning: multi-character character constant [-Wmultichar]
2026-09-07T18:00:44.9580463Z    35 |         UNIT_MILLIMETERS = '#Mlm',
2026-09-07T18:00:44.9580960Z       |                            ^~~~~~
2026-09-07T18:00:44.9582100Z /home/runner/work/PocketKrKr/PocketKrKr/cpp/plugins/psdfile/psdparse/psddesc.h:36:22: warning: multi-character character constant [-Wmultichar]
2026-09-07T18:00:44.9605695Z    36 |         UNIT_ANGLE = '#Ang', // degrees
2026-09-07T18:00:44.9606216Z       |                      ^~~~~~
2026-09-07T18:00:44.9607382Z /home/runner/work/PocketKrKr/PocketKrKr/cpp/plugins/psdfile/psdparse/psddesc.h:37:24: warning: multi-character character constant [-Wmultichar]
2026-09-07T18:00:44.9608629Z    37 |         UNIT_DENSITY = '#Rsl', // base per inch
2026-09-07T18:00:44.9609456Z       |                        ^~~~~~
2026-09-07T18:00:44.9610605Z /home/runner/work/PocketKrKr/PocketKrKr/cpp/plugins/psdfile/psdparse/psddesc.h:38:25: warning: multi-character character constant [-Wmultichar]
2026-09-07T18:00:44.9611812Z    38 |         UNIT_DISTANCE = '#Rlt', // base 72ppi
2026-09-07T18:00:44.9612559Z       |                         ^~~~~~
2026-09-07T18:00:44.9613688Z /home/runner/work/PocketKrKr/PocketKrKr/cpp/plugins/psdfile/psdparse/psddesc.h:39:21: warning: multi-character character constant [-Wmultichar]
2026-09-07T18:00:44.9614858Z    39 |         UNIT_NONE = '#Nne',
2026-09-07T18:00:44.9615528Z       |                     ^~~~~~
2026-09-07T18:00:44.9616651Z /home/runner/work/PocketKrKr/PocketKrKr/cpp/plugins/psdfile/psdparse/psddesc.h:40:24: warning: multi-character character constant [-Wmultichar]
2026-09-07T18:00:44.9635784Z    40 |         UNIT_PERCENT = '#Prc',
2026-09-07T18:00:44.9665759Z       |                        ^~~~~~
2026-09-07T18:00:44.9666942Z /home/runner/work/PocketKrKr/PocketKrKr/cpp/plugins/psdfile/psdparse/psddesc.h:41:23: warning: multi-character character constant [-Wmultichar]
2026-09-07T18:00:44.9668055Z    41 |         UNIT_PIXELS = '#Pxl',
2026-09-07T18:00:44.9668542Z       |                       ^~~~~~
2026-09-07T18:00:44.9669709Z /home/runner/work/PocketKrKr/PocketKrKr/cpp/plugins/psdfile/psdparse/psddesc.h:46:29: warning: multi-character character constant [-Wmultichar]
2026-09-07T18:00:44.9670935Z    46 |         REF_TYPE_PROPERTY = 'prop',
2026-09-07T18:00:44.9671456Z       |                             ^~~~~~
2026-09-07T18:00:44.9672625Z /home/runner/work/PocketKrKr/PocketKrKr/cpp/plugins/psdfile/psdparse/psddesc.h:47:26: warning: multi-character character constant [-Wmultichar]
2026-09-07T18:00:44.9673840Z    47 |         REF_TYPE_CLASS = 'Clss',
2026-09-07T18:00:44.9674316Z       |                          ^~~~~~
2026-09-07T18:00:44.9675694Z /home/runner/work/PocketKrKr/PocketKrKr/cpp/plugins/psdfile/psdparse/psddesc.h:48:29: warning: multi-character character constant [-Wmultichar]
2026-09-07T18:00:44.9676895Z    48 |         REF_TYPE_ENUM_REF = 'Enmr',
2026-09-07T18:00:44.9677370Z       |                             ^~~~~~
2026-09-07T18:00:44.9678411Z /home/runner/work/PocketKrKr/PocketKrKr/cpp/plugins/psdfile/psdparse/psddesc.h:49:27: warning: multi-character character constant [-Wmultichar]
2026-09-07T18:00:44.9679609Z    49 |         REF_TYPE_OFFSET = 'rele',
2026-09-07T18:00:44.9680027Z       |                           ^~~~~~
2026-09-07T18:00:44.9681099Z /home/runner/work/PocketKrKr/PocketKrKr/cpp/plugins/psdfile/psdparse/psddesc.h:50:31: warning: multi-character character constant [-Wmultichar]
2026-09-07T18:00:44.9682303Z    50 |         REF_TYPE_IDENTIFIER = 'Idnt',
2026-09-07T18:00:44.9682820Z       |                               ^~~~~~
2026-09-07T18:00:44.9683980Z /home/runner/work/PocketKrKr/PocketKrKr/cpp/plugins/psdfile/psdparse/psddesc.h:51:26: warning: multi-character character constant [-Wmultichar]
2026-09-07T18:00:44.9685147Z    51 |         REF_TYPE_INDEX = 'indx',
2026-09-07T18:00:44.9685870Z       |                          ^~~~~~
2026-09-07T18:00:44.9687020Z /home/runner/work/PocketKrKr/PocketKrKr/cpp/plugins/psdfile/psdparse/psddesc.h:52:25: warning: multi-character character constant [-Wmultichar]
2026-09-07T18:00:44.9688218Z    52 |         REF_TYPE_NAME = 'name',
2026-09-07T18:00:44.9688681Z       |                         ^~~~~~
2026-09-07T18:00:44.9689550Z In file included from /home/runner/work/PocketKrKr/PocketKrKr/cpp/plugins/psdfile/psdparse/psdfile.h:4,
2026-09-07T18:00:44.9690765Z                  from /home/runner/work/PocketKrKr/PocketKrKr/cpp/plugins/psdfile/psdclass.h:9,
2026-09-07T18:00:44.9696218Z                  from /home/runner/work/PocketKrKr/PocketKrKr/cpp/plugins/psdfile/psdclass_loadstreambase.cpp:4:
2026-09-07T18:00:44.9716450Z /home/runner/work/PocketKrKr/PocketKrKr/cpp/plugins/psdfile/psdparse/psddata.h:113:18: warning: multi-character character constant [-Wmultichar]
2026-09-07T18:00:44.9765955Z   113 |             case 'norm':
2026-09-07T18:00:44.9766628Z       |                  ^~~~~~
2026-09-07T18:00:44.9796456Z /home/runner/work/PocketKrKr/PocketKrKr/cpp/plugins/psdfile/psdparse/psddata.h:115:18: warning: multi-character character constant [-Wmultichar]
2026-09-07T18:00:44.9825734Z   115 |             case 'diss':
2026-09-07T18:00:44.9835761Z       |                  ^~~~~~
2026-09-07T18:00:44.9856538Z /home/runner/work/PocketKrKr/PocketKrKr/cpp/plugins/psdfile/psdparse/psddata.h:117:18: warning: multi-character character constant [-Wmultichar]
2026-09-07T18:00:44.9885833Z   117 |             case 'dark':
2026-09-07T18:00:44.9915788Z       |                  ^~~~~~
2026-09-07T18:00:44.9916999Z /home/runner/work/PocketKrKr/PocketKrKr/cpp/plugins/psdfile/psdparse/psddata.h:119:18: warning: multi-character character constant [-Wmultichar]
2026-09-07T18:00:44.9945795Z   119 |             case 'mul ':
2026-09-07T18:00:44.9946273Z       |                  ^~~~~~
2026-09-07T18:00:44.9947490Z /home/runner/work/PocketKrKr/PocketKrKr/cpp/plugins/psdfile/psdparse/psddata.h:121:18: warning: multi-character character constant [-Wmultichar]
2026-09-07T18:00:44.9975757Z   121 |             case 'idiv':
2026-09-07T18:00:44.9985784Z       |                  ^~~~~~
2026-09-07T18:00:45.0006484Z /home/runner/work/PocketKrKr/PocketKrKr/cpp/plugins/psdfile/psdparse/psddata.h:123:18: warning: multi-character character constant [-Wmultichar]
2026-09-07T18:00:45.0035778Z   123 |             case 'lbrn':
2026-09-07T18:00:45.0065767Z       |                  ^~~~~~
2026-09-07T18:00:45.0066981Z /home/runner/work/PocketKrKr/PocketKrKr/cpp/plugins/psdfile/psdparse/psddata.h:125:18: warning: multi-character character constant [-Wmultichar]
2026-09-07T18:00:45.0095808Z   125 |             case 'dkCl':
2026-09-07T18:00:45.0125694Z       |                  ^~~~~~
2026-09-07T18:00:45.0136546Z /home/runner/work/PocketKrKr/PocketKrKr/cpp/plugins/psdfile/psdparse/psddata.h:127:18: warning: multi-character character constant [-Wmultichar]
2026-09-07T18:00:45.0155786Z   127 |             case 'lite':
2026-09-07T18:00:45.0185705Z       |                  ^~~~~~
2026-09-07T18:00:45.0216393Z /home/runner/work/PocketKrKr/PocketKrKr/cpp/plugins/psdfile/psdparse/psddata.h:129:18: warning: multi-character character constant [-Wmultichar]
2026-09-07T18:00:45.0225762Z   129 |             case 'scrn':
2026-09-07T18:00:45.0245768Z       |                  ^~~~~~
2026-09-07T18:00:45.0276525Z /home/runner/work/PocketKrKr/PocketKrKr/cpp/plugins/psdfile/psdparse/psddata.h:131:18: warning: multi-character character constant [-Wmultichar]
2026-09-07T18:00:45.0305768Z   131 |             case 'div ':
2026-09-07T18:00:45.0325702Z       |                  ^~~~~~
2026-09-07T18:00:45.0347240Z /home/runner/work/PocketKrKr/PocketKrKr/cpp/plugins/psdfile/psdparse/psddata.h:133:18: warning: multi-character character constant [-Wmultichar]
2026-09-07T18:00:45.0376467Z   133 |             case 'lddg':
2026-09-07T18:00:45.0406470Z       |                  ^~~~~~
2026-09-07T18:00:45.0412022Z /home/runner/work/PocketKrKr/PocketKrKr/cpp/plugins/psdfile/psdparse/psddata.h:135:18: warning: multi-character character constant [-Wmultichar]
2026-09-07T18:00:45.0436022Z   135 |             case 'ltCl':
2026-09-07T18:00:45.0466334Z       |                  ^~~~~~
2026-09-07T18:00:45.0486497Z /home/runner/work/PocketKrKr/PocketKrKr/cpp/plugins/psdfile/psdparse/psddata.h:137:18: warning: multi-character character constant [-Wmultichar]
2026-09-07T18:00:45.0496059Z   137 |             case 'over':
2026-09-07T18:00:45.0499003Z       |                  ^~~~~~
2026-09-07T18:00:45.0500315Z /home/runner/work/PocketKrKr/PocketKrKr/cpp/plugins/psdfile/psdparse/psddata.h:139:18: warning: multi-character character constant [-Wmultichar]
2026-09-07T18:00:45.0501660Z   139 |             case 'sLit':
2026-09-07T18:00:45.0502205Z       |                  ^~~~~~
2026-09-07T18:00:45.0518437Z /home/runner/work/PocketKrKr/PocketKrKr/cpp/plugins/psdfile/psdparse/psddata.h:141:18: warning: multi-character character constant [-Wmultichar]
2026-09-07T18:00:45.0520050Z   141 |             case 'hLit':
2026-09-07T18:00:45.0520898Z       |                  ^~~~~~
2026-09-07T18:00:45.0522286Z /home/runner/work/PocketKrKr/PocketKrKr/cpp/plugins/psdfile/psdparse/psddata.h:143:18: warning: multi-character character constant [-Wmultichar]
2026-09-07T18:00:45.0524009Z   143 |             case 'vLit':
2026-09-07T18:00:45.0524683Z       |                  ^~~~~~
2026-09-07T18:00:45.0526318Z /home/runner/work/PocketKrKr/PocketKrKr/cpp/plugins/psdfile/psdparse/psddata.h:145:18: warning: multi-character character constant [-Wmultichar]
2026-09-07T18:00:45.0527817Z   145 |             case 'lLit':
2026-09-07T18:00:45.0528485Z       |                  ^~~~~~
2026-09-07T18:00:45.0529866Z /home/runner/work/PocketKrKr/PocketKrKr/cpp/plugins/psdfile/psdparse/psddata.h:147:18: warning: multi-character character constant [-Wmultichar]
2026-09-07T18:00:45.0531303Z   147 |             case 'pLit':
2026-09-07T18:00:45.0531996Z       |                  ^~~~~~
2026-09-07T18:00:45.0533359Z /home/runner/work/PocketKrKr/PocketKrKr/cpp/plugins/psdfile/psdparse/psddata.h:149:18: warning: multi-character character constant [-Wmultichar]
2026-09-07T18:00:45.0534794Z   149 |             case 'hMix':
2026-09-07T18:00:45.0535933Z       |                  ^~~~~~
2026-09-07T18:00:45.0537339Z /home/runner/work/PocketKrKr/PocketKrKr/cpp/plugins/psdfile/psdparse/psddata.h:151:18: warning: multi-character character constant [-Wmultichar]
2026-09-07T18:00:45.0538791Z   151 |             case 'diff':
2026-09-07T18:00:45.0539453Z       |                  ^~~~~~
2026-09-07T18:00:45.0540825Z /home/runner/work/PocketKrKr/PocketKrKr/cpp/plugins/psdfile/psdparse/psddata.h:153:18: warning: multi-character character constant [-Wmultichar]
2026-09-07T18:00:45.0542247Z   153 |             case 'smud':
2026-09-07T18:00:45.0542904Z       |                  ^~~~~~
2026-09-07T18:00:45.0544278Z /home/runner/work/PocketKrKr/PocketKrKr/cpp/plugins/psdfile/psdparse/psddata.h:155:18: warning: multi-character character constant [-Wmultichar]
2026-09-07T18:00:45.0545929Z   155 |             case 'fsub':
2026-09-07T18:00:45.0546610Z       |                  ^~~~~~
2026-09-07T18:00:45.0547969Z /home/runner/work/PocketKrKr/PocketKrKr/cpp/plugins/psdfile/psdparse/psddata.h:157:18: warning: multi-character character constant [-Wmultichar]
2026-09-07T18:00:45.0549415Z   157 |             case 'fdiv':
2026-09-07T18:00:45.0550077Z       |                  ^~~~~~
2026-09-07T18:00:45.0556717Z /home/runner/work/PocketKrKr/PocketKrKr/cpp/plugins/psdfile/psdparse/psddata.h:159:18: warning: multi-character character constant [-Wmultichar]
2026-09-07T18:00:45.0558266Z   159 |             case 'hue ':
2026-09-07T18:00:45.0558969Z       |                  ^~~~~~
2026-09-07T18:00:45.0560465Z /home/runner/work/PocketKrKr/PocketKrKr/cpp/plugins/psdfile/psdparse/psddata.h:161:18: warning: multi-character character constant [-Wmultichar]
2026-09-07T18:00:45.0561932Z   161 |             case 'sat ':
2026-09-07T18:00:45.0562602Z       |                  ^~~~~~
2026-09-07T18:00:45.0563962Z /home/runner/work/PocketKrKr/PocketKrKr/cpp/plugins/psdfile/psdparse/psddata.h:163:18: warning: multi-character character constant [-Wmultichar]
2026-09-07T18:00:45.0565645Z   163 |             case 'colr':
2026-09-07T18:00:45.0566333Z       |                  ^~~~~~
2026-09-07T18:00:45.0567708Z /home/runner/work/PocketKrKr/PocketKrKr/cpp/plugins/psdfile/psdparse/psddata.h:165:18: warning: multi-character character constant [-Wmultichar]
2026-09-07T18:00:45.0569149Z   165 |             case 'lum ':
2026-09-07T18:00:45.0569804Z       |                  ^~~~~~
2026-09-07T18:00:45.0571164Z /home/runner/work/PocketKrKr/PocketKrKr/cpp/plugins/psdfile/psdparse/psddata.h:167:18: warning: multi-character character constant [-Wmultichar]
2026-09-07T18:00:45.0572592Z   167 |             case 'pass':
2026-09-07T18:00:45.0573256Z       |                  ^~~~~~
2026-09-07T18:00:45.0574594Z In file included from /home/runner/work/PocketKrKr/PocketKrKr/cpp/plugins/psdfile/psdparse/psdfile.h:3,
2026-09-07T18:00:45.0576355Z                  from /home/runner/work/PocketKrKr/PocketKrKr/cpp/plugins/psdfile/psdclass.h:9,
2026-09-07T18:00:45.0577899Z                  from /home/runner/work/PocketKrKr/PocketKrKr/cpp/plugins/psdfile/psdclass_loadstreambase.cpp:4:
2026-09-07T18:00:45.0580635Z /home/runner/work/PocketKrKr/PocketKrKr/cpp/plugins/psdfile/psdparse/psddesc.h: In member function ‘virtual void psd::DescriptorReference::dump(int)’:
2026-09-07T18:00:45.0583950Z /home/runner/work/PocketKrKr/PocketKrKr/cpp/plugins/psdfile/psdparse/psddesc.h:234:20: warning: format ‘%d’ expects argument of type ‘int’, but argument 3 has type ‘std::vector<psd::ReferenceItem*>::size_type’ {aka ‘long unsigned int’} [-Wformat=]
2026-09-07T18:00:45.0586502Z   234 |             dprint("%s (count:%d)\n", typeName(), items.size());
2026-09-07T18:00:45.0587437Z       |                    ^~~~~~~~~~~~~~~~~              ~~~~~~~~~~~~
2026-09-07T18:00:45.0588297Z       |                                                             |
2026-09-07T18:00:45.0589415Z       |                                                             std::vector<psd::ReferenceItem*>::size_type {aka long unsigned int}
2026-09-07T18:00:45.0591347Z /home/runner/work/PocketKrKr/PocketKrKr/cpp/plugins/psdfile/psdparse/psdbase.h:7:28: note: in definition of macro ‘dprint’
2026-09-07T18:00:45.0592722Z     7 | #define dprint(...) printf(__VA_ARGS__);
2026-09-07T18:00:45.0593460Z       |                            ^~~~~~~~~~~
2026-09-07T18:00:45.0594579Z In file included from /home/runner/work/PocketKrKr/PocketKrKr/cpp/plugins/psdfile/psdparse/psddata.h:5,
2026-09-07T18:00:45.0596285Z                  from /home/runner/work/PocketKrKr/PocketKrKr/cpp/plugins/psdfile/psdparse/psdfile.h:4,
2026-09-07T18:00:45.0597670Z                  from /home/runner/work/PocketKrKr/PocketKrKr/cpp/plugins/psdfile/psdclass.h:9,
2026-09-07T18:00:45.0599116Z                  from /home/runner/work/PocketKrKr/PocketKrKr/cpp/plugins/psdfile/psdclass_loadstreambase.cpp:4:
2026-09-07T18:00:45.0600829Z /home/runner/work/PocketKrKr/PocketKrKr/cpp/plugins/psdfile/psdparse/psddesc.h:234:32: note: format string is defined here
2026-09-07T18:00:45.0602251Z   234 |             dprint("%s (count:%d)\n", typeName(), items.size());
2026-09-07T18:00:45.0603075Z       |                               ~^
2026-09-07T18:00:45.0603738Z       |                                |
2026-09-07T18:00:45.0604409Z       |                                int
2026-09-07T18:00:45.0605076Z       |                               %ld
2026-09-07T18:00:45.0606446Z In file included from /home/runner/work/PocketKrKr/PocketKrKr/cpp/plugins/psdfile/psdparse/psdfile.h:3,
2026-09-07T18:00:45.0607879Z                  from /home/runner/work/PocketKrKr/PocketKrKr/cpp/plugins/psdfile/psdclass.h:9,
2026-09-07T18:00:45.0609361Z                  from /home/runner/work/PocketKrKr/PocketKrKr/cpp/plugins/psdfile/psdclass_loadstreambase.cpp:4:
2026-09-07T18:00:45.0611488Z /home/runner/work/PocketKrKr/PocketKrKr/cpp/plugins/psdfile/psdparse/psddesc.h: In member function ‘virtual void psd::DescriptorList::dump(int)’:
2026-09-07T18:00:45.0614654Z /home/runner/work/PocketKrKr/PocketKrKr/cpp/plugins/psdfile/psdparse/psddesc.h:253:20: warning: format ‘%d’ expects argument of type ‘int’, but argument 3 has type ‘std::vector<psd::DescriptorItem*>::size_type’ {aka ‘long unsigned int’} [-Wformat=]
2026-09-07T18:00:45.0616998Z   253 |             dprint("%s (count:%d)\n", typeName(), items.size());
2026-09-07T18:00:45.0617854Z       |                    ^~~~~~~~~~~~~~~~~              ~~~~~~~~~~~~
2026-09-07T18:00:45.0618621Z       |                                                             |
2026-09-07T18:00:45.0619663Z       |                                                             std::vector<psd::DescriptorItem*>::size_type {aka long unsigned int}
2026-09-07T18:00:45.0621703Z /home/runner/work/PocketKrKr/PocketKrKr/cpp/plugins/psdfile/psdparse/psdbase.h:7:28: note: in definition of macro ‘dprint’
2026-09-07T18:00:45.0623033Z     7 | #define dprint(...) printf(__VA_ARGS__);
2026-09-07T18:00:45.0623743Z       |                            ^~~~~~~~~~~
2026-09-07T18:00:45.0624821Z In file included from /home/runner/work/PocketKrKr/PocketKrKr/cpp/plugins/psdfile/psdparse/psddata.h:5,
2026-09-07T18:00:45.0626732Z                  from /home/runner/work/PocketKrKr/PocketKrKr/cpp/plugins/psdfile/psdparse/psdfile.h:4,
2026-09-07T18:00:45.0627940Z                  from /home/runner/work/PocketKrKr/PocketKrKr/cpp/plugins/psdfile/psdclass.h:9,
2026-09-07T18:00:45.0629200Z                  from /home/runner/work/PocketKrKr/PocketKrKr/cpp/plugins/psdfile/psdclass_loadstreambase.cpp:4:
2026-09-07T18:00:45.0630733Z /home/runner/work/PocketKrKr/PocketKrKr/cpp/plugins/psdfile/psdparse/psddesc.h:253:32: note: format string is defined here
2026-09-07T18:00:45.0631975Z   253 |             dprint("%s (count:%d)\n", typeName(), items.size());
2026-09-07T18:00:45.0632703Z       |                               ~^
2026-09-07T18:00:45.0633337Z       |                                |
2026-09-07T18:00:45.0633975Z       |                                int
2026-09-07T18:00:45.0634607Z       |                               %ld
2026-09-07T18:00:45.0635877Z In file included from /home/runner/work/PocketKrKr/PocketKrKr/cpp/plugins/psdfile/psdclass.h:10,
2026-09-07T18:00:45.0637448Z                  from /home/runner/work/PocketKrKr/PocketKrKr/cpp/plugins/psdfile/psdclass_loadstreambase.cpp:4:
2026-09-07T18:00:45.0639979Z /home/runner/work/PocketKrKr/PocketKrKr/cpp/core/plugin/ncbind.hpp: In static member function ‘static ncbTypeConvertor::Conversion<FROM, TO>::OK ncbTypeConvertor::Conversion<FROM, TO>::check(TO)’:
2026-09-07T18:00:45.0642430Z /home/runner/work/PocketKrKr/PocketKrKr/cpp/core/plugin/ncbind.hpp:244:38: warning: no return statement in function returning non-void [-Wreturn-type]
2026-09-07T18:00:45.0643862Z   244 |                 static OK check(TO) {};
2026-09-07T18:00:45.0644570Z       |                                      ^
2026-09-07T18:00:45.0645904Z [549/741] Building CXX object cpp/plugins/psdfile/psdparse/CMakeFiles/psdparse.dir/__/__/psbfile/PSBMedia.cpp.o
2026-09-07T18:00:45.0647627Z [550/741] Building CXX object cpp/plugins/psdfile/psdparse/CMakeFiles/psdparse.dir/__/__/psbfile/types/PimgType.cpp.o
2026-09-07T18:00:45.0649335Z [551/741] Building CXX object cpp/plugins/psdfile/psdparse/CMakeFiles/psdparse.dir/__/__/psbfile/types/MotionType.cpp.o
2026-09-07T18:00:45.0651054Z [552/741] Building CXX object cpp/plugins/psdfile/psdparse/CMakeFiles/psdparse.dir/__/__/psbfile/types/ScnType.cpp.o
2026-09-07T18:00:45.0652735Z [553/741] Building CXX object cpp/plugins/psdfile/psdparse/CMakeFiles/psdparse.dir/__/__/psbfile/types/ImageType.cpp.o
2026-09-07T18:00:45.0654418Z [554/741] Building CXX object cpp/plugins/psdfile/psdparse/CMakeFiles/psdparse.dir/__/__/psbfile/types/MmoType.cpp.o
2026-09-07T18:00:45.0656363Z [555/741] Building CXX object cpp/plugins/psdfile/psdparse/CMakeFiles/psdparse.dir/__/__/psbfile/types/ArchiveType.cpp.o
2026-09-07T18:00:45.0658134Z [556/741] Building CXX object cpp/plugins/psdfile/psdparse/CMakeFiles/psdparse.dir/__/__/psbfile/types/SoundArchiveType.cpp.o
2026-09-07T18:00:45.0991467Z [557/741] Building CXX object cpp/plugins/psdfile/psdparse/CMakeFiles/psdparse.dir/__/__/psbfile/resources/ImageMetadata.cpp.o
2026-09-07T18:00:46.8332595Z [558/741] Building CXX object cpp/plugins/psdfile/psdparse/CMakeFiles/psdparse.dir/__/__/psbfile/main.cpp.o
2026-09-07T18:00:46.8366337Z In file included from /home/runner/work/PocketKrKr/PocketKrKr/cpp/plugins/psbfile/main.cpp:11:
2026-09-07T18:00:46.8397548Z /home/runner/work/PocketKrKr/PocketKrKr/cpp/core/plugin/ncbind.hpp: In static member function ‘static ncbTypeConvertor::Conversion<FROM, TO>::OK ncbTypeConvertor::Conversion<FROM, TO>::check(TO)’:
2026-09-07T18:00:46.8426642Z /home/runner/work/PocketKrKr/PocketKrKr/cpp/core/plugin/ncbind.hpp:244:38: warning: no return statement in function returning non-void [-Wreturn-type]
2026-09-07T18:00:46.8456292Z   244 |                 static OK check(TO) {};
2026-09-07T18:00:46.8485787Z       |                                      ^
2026-09-07T18:00:48.5036696Z [559/741] Building CXX object cpp/plugins/psdfile/psdparse/CMakeFiles/psdparse.dir/__/__/psbfile/PSBFile.cpp.o
2026-09-07T18:00:48.5038491Z In file included from /home/runner/work/PocketKrKr/PocketKrKr/cpp/plugins/psbfile/PSBFile.cpp:8:
2026-09-07T18:00:48.5067516Z /home/runner/work/PocketKrKr/PocketKrKr/cpp/core/plugin/ncbind.hpp: In static member function ‘static ncbTypeConvertor::Conversion<FROM, TO>::OK ncbTypeConvertor::Conversion<FROM, TO>::check(TO)’:
2026-09-07T18:00:48.5096708Z /home/runner/work/PocketKrKr/PocketKrKr/cpp/core/plugin/ncbind.hpp:244:38: warning: no return statement in function returning non-void [-Wreturn-type]
2026-09-07T18:00:48.5125838Z   244 |                 static OK check(TO) {};
2026-09-07T18:00:48.5165779Z       |                                      ^
2026-09-07T18:00:50.7076957Z [560/741] Building CXX object cpp/plugins/psdfile/psdparse/CMakeFiles/psdparse.dir/__/__/layerex_draw/general/LayerExDraw.cpp.o
2026-09-07T18:00:50.7078956Z In file included from /home/runner/work/PocketKrKr/PocketKrKr/cpp/plugins/layerex_draw/general/LayerExDraw.cpp:5:
2026-09-07T18:00:50.7081701Z /home/runner/work/PocketKrKr/PocketKrKr/cpp/core/plugin/ncbind.hpp: In static member function ‘static ncbTypeConvertor::Conversion<FROM, TO>::OK ncbTypeConvertor::Conversion<FROM, TO>::check(TO)’:
2026-09-07T18:00:50.7083981Z /home/runner/work/PocketKrKr/PocketKrKr/cpp/core/plugin/ncbind.hpp:244:38: warning: no return statement in function returning non-void [-Wreturn-type]
2026-09-07T18:00:50.7085469Z   244 |                 static OK check(TO) {};
2026-09-07T18:00:50.7086011Z       |                                      ^
2026-09-07T18:00:50.7406950Z [561/741] Building CXX object cpp/plugins/psdfile/psdparse/CMakeFiles/psdparse.dir/__/__/layerex_draw/general/DrawPath.cpp.o
2026-09-07T18:00:50.7566858Z [562/741] Building CXX object cpp/plugins/psdfile/psdparse/CMakeFiles/psdparse.dir/__/__/motionplayer/EmotePlayer.cpp.o
2026-09-07T18:00:50.9206732Z [563/741] Building CXX object cpp/plugins/psdfile/psdparse/CMakeFiles/psdparse.dir/__/__/layerex_draw/general/main.cpp.o
2026-09-07T18:00:50.9226351Z In file included from /home/runner/work/PocketKrKr/PocketKrKr/cpp/plugins/layerex_draw/general/main.cpp:3:
2026-09-07T18:00:50.9257324Z /home/runner/work/PocketKrKr/PocketKrKr/cpp/core/plugin/ncbind.hpp: In static member function ‘static ncbTypeConvertor::Conversion<FROM, TO>::OK ncbTypeConvertor::Conversion<FROM, TO>::check(TO)’:
2026-09-07T18:00:50.9266467Z /home/runner/work/PocketKrKr/PocketKrKr/cpp/core/plugin/ncbind.hpp:244:38: warning: no return statement in function returning non-void [-Wreturn-type]
2026-09-07T18:00:50.9295696Z   244 |                 static OK check(TO) {};
2026-09-07T18:00:50.9296237Z       |                                      ^
2026-09-07T18:00:50.9426357Z [564/741] Building CXX object cpp/plugins/psdfile/psdparse/CMakeFiles/psdparse.dir/__/__/motionplayer/ResourceManager.cpp.o
2026-09-07T18:00:53.0396911Z [565/741] Building CXX object cpp/plugins/psdfile/psdparse/CMakeFiles/psdparse.dir/__/__/kagparserex/kagparserex_plugin.cpp.o
2026-09-07T18:00:53.0398695Z In file included from /home/runner/work/PocketKrKr/PocketKrKr/cpp/plugins/kagparserex/kagparserex_plugin.cpp:2:
2026-09-07T18:00:53.0401441Z /home/runner/work/PocketKrKr/PocketKrKr/cpp/core/plugin/ncbind.hpp: In static member function ‘static ncbTypeConvertor::Conversion<FROM, TO>::OK ncbTypeConvertor::Conversion<FROM, TO>::check(TO)’:
2026-09-07T18:00:53.0403687Z /home/runner/work/PocketKrKr/PocketKrKr/cpp/core/plugin/ncbind.hpp:244:38: warning: no return statement in function returning non-void [-Wreturn-type]
2026-09-07T18:00:53.0404971Z   244 |                 static OK check(TO) {};
2026-09-07T18:00:53.0405822Z       |                                      ^
2026-09-07T18:00:54.2787263Z [566/741] Building CXX object cpp/plugins/psdfile/psdparse/CMakeFiles/psdparse.dir/__/__/motionplayer/Player.cpp.o
2026-09-07T18:00:54.2816242Z In file included from /home/runner/work/PocketKrKr/PocketKrKr/cpp/plugins/motionplayer/Player.h:19,
2026-09-07T18:00:54.2846245Z                  from /home/runner/work/PocketKrKr/PocketKrKr/cpp/plugins/motionplayer/Player.cpp:5:
2026-09-07T18:00:54.2867519Z /home/runner/work/PocketKrKr/PocketKrKr/cpp/core/plugin/ncbind.hpp: In static member function ‘static ncbTypeConvertor::Conversion<FROM, TO>::OK ncbTypeConvertor::Conversion<FROM, TO>::check(TO)’:
2026-09-07T18:00:54.2896421Z /home/runner/work/PocketKrKr/PocketKrKr/cpp/core/plugin/ncbind.hpp:244:38: warning: no return statement in function returning non-void [-Wreturn-type]
2026-09-07T18:00:54.2925785Z   244 |                 static OK check(TO) {};
2026-09-07T18:00:54.2955774Z       |                                      ^
2026-09-07T18:00:55.7675142Z [567/741] Linking CXX static library cpp/plugins/psbfile/libpsbfile.a
2026-09-07T18:00:56.2819600Z [568/741] Building CXX object cpp/plugins/psdfile/psdparse/CMakeFiles/psdparse.dir/__/__/motionplayer/main.cpp.o
2026-09-07T18:00:56.2846189Z In file included from /home/runner/work/PocketKrKr/PocketKrKr/cpp/plugins/motionplayer/main.cpp:8:
2026-09-07T18:00:56.2877241Z /home/runner/work/PocketKrKr/PocketKrKr/cpp/core/plugin/ncbind.hpp: In static member function ‘static ncbTypeConvertor::Conversion<FROM, TO>::OK ncbTypeConvertor::Conversion<FROM, TO>::check(TO)’:
2026-09-07T18:00:56.2896755Z /home/runner/work/PocketKrKr/PocketKrKr/cpp/core/plugin/ncbind.hpp:244:38: warning: no return statement in function returning non-void [-Wreturn-type]
2026-09-07T18:00:56.2898753Z   244 |                 static OK check(TO) {};
2026-09-07T18:00:56.2899475Z       |                                      ^
2026-09-07T18:00:56.4546750Z [569/741] Building CXX object cpp/plugins/psdfile/psdparse/CMakeFiles/psdparse.dir/__/__/fstat/main.cpp.o
2026-09-07T18:00:56.4556373Z In file included from /home/runner/work/PocketKrKr/PocketKrKr/cpp/plugins/fstat/main.cpp:8:
2026-09-07T18:00:56.4562725Z /home/runner/work/PocketKrKr/PocketKrKr/cpp/core/plugin/ncbind.hpp: In static member function ‘static ncbTypeConvertor::Conversion<FROM, TO>::OK ncbTypeConvertor::Conversion<FROM, TO>::check(TO)’:
2026-09-07T18:00:56.4565623Z /home/runner/work/PocketKrKr/PocketKrKr/cpp/core/plugin/ncbind.hpp:244:38: warning: no return statement in function returning non-void [-Wreturn-type]
2026-09-07T18:00:56.4567098Z   244 |                 static OK check(TO) {};
2026-09-07T18:00:56.4567916Z       |                                      ^
2026-09-07T18:00:58.9876935Z [570/741] Building CXX object cpp/plugins/psdfile/CMakeFiles/psdfile.dir/main.cpp.o
2026-09-07T18:00:58.9906318Z In file included from /home/runner/work/PocketKrKr/PocketKrKr/cpp/plugins/psdfile/psdparse/psddata.h:5,
2026-09-07T18:00:58.9938858Z                  from /home/runner/work/PocketKrKr/PocketKrKr/cpp/plugins/psdfile/psdparse/psdfile.h:4,
2026-09-07T18:00:58.9966093Z                  from /home/runner/work/PocketKrKr/PocketKrKr/cpp/plugins/psdfile/psdclass.h:9,
2026-09-07T18:00:58.9996104Z                  from /home/runner/work/PocketKrKr/PocketKrKr/cpp/plugins/psdfile/main.cpp:5:
2026-09-07T18:00:59.0026429Z /home/runner/work/PocketKrKr/PocketKrKr/cpp/plugins/psdfile/psdparse/psddesc.h:17:26: warning: multi-character character constant [-Wmultichar]
2026-09-07T18:00:59.0027672Z    17 |         TYPE_REFERENCE = 'obj ',
2026-09-07T18:00:59.0028165Z       |                          ^~~~~~
2026-09-07T18:00:59.0029331Z /home/runner/work/PocketKrKr/PocketKrKr/cpp/plugins/psdfile/psdparse/psddesc.h:18:27: warning: multi-character character constant [-Wmultichar]
2026-09-07T18:00:59.0030512Z    18 |         TYPE_DESCRIPTOR = 'Objc',
2026-09-07T18:00:59.0031007Z       |                           ^~~~~~
2026-09-07T18:00:59.0032147Z /home/runner/work/PocketKrKr/PocketKrKr/cpp/plugins/psdfile/psdparse/psddesc.h:19:21: warning: multi-character character constant [-Wmultichar]
2026-09-07T18:00:59.0033299Z    19 |         TYPE_LIST = 'VlLs',
2026-09-07T18:00:59.0034158Z       |                     ^~~~~~
2026-09-07T18:00:59.0035499Z /home/runner/work/PocketKrKr/PocketKrKr/cpp/plugins/psdfile/psdparse/psddesc.h:20:23: warning: multi-character character constant [-Wmultichar]
2026-09-07T18:00:59.0036686Z    20 |         TYPE_DOUBLE = 'doub',
2026-09-07T18:00:59.0037478Z       |                       ^~~~~~
2026-09-07T18:00:59.0038650Z /home/runner/work/PocketKrKr/PocketKrKr/cpp/plugins/psdfile/psdparse/psddesc.h:21:27: warning: multi-character character constant [-Wmultichar]
2026-09-07T18:00:59.0039848Z    21 |         TYPE_UNIT_FLOAT = 'UntF',
2026-09-07T18:00:59.0040328Z       |                           ^~~~~~
2026-09-07T18:00:59.0041467Z /home/runner/work/PocketKrKr/PocketKrKr/cpp/plugins/psdfile/psdparse/psddesc.h:22:23: warning: multi-character character constant [-Wmultichar]
2026-09-07T18:00:59.0042656Z    22 |         TYPE_STRING = 'TEXT',
2026-09-07T18:00:59.0043122Z       |                       ^~~~~~
2026-09-07T18:00:59.0044265Z /home/runner/work/PocketKrKr/PocketKrKr/cpp/plugins/psdfile/psdparse/psddesc.h:23:27: warning: multi-character character constant [-Wmultichar]
2026-09-07T18:00:59.0045657Z    23 |         TYPE_ENUMERATED = 'enum',
2026-09-07T18:00:59.0046133Z       |                           ^~~~~~
2026-09-07T18:00:59.0047269Z /home/runner/work/PocketKrKr/PocketKrKr/cpp/plugins/psdfile/psdparse/psddesc.h:24:24: warning: multi-character character constant [-Wmultichar]
2026-09-07T18:00:59.0048449Z    24 |         TYPE_INTEGER = 'long',
2026-09-07T18:00:59.0048906Z       |                        ^~~~~~
2026-09-07T18:00:59.0050025Z /home/runner/work/PocketKrKr/PocketKrKr/cpp/plugins/psdfile/psdparse/psddesc.h:25:24: warning: multi-character character constant [-Wmultichar]
2026-09-07T18:00:59.0051199Z    25 |         TYPE_BOOLEAN = 'bool',
2026-09-07T18:00:59.0051656Z       |                        ^~~~~~
2026-09-07T18:00:59.0052763Z /home/runner/work/PocketKrKr/PocketKrKr/cpp/plugins/psdfile/psdparse/psddesc.h:26:30: warning: multi-character character constant [-Wmultichar]
2026-09-07T18:00:59.0053948Z    26 |         TYPE_GLOBAL_OBJECT = 'GlbO',
2026-09-07T18:00:59.0054445Z       |                              ^~~~~~
2026-09-07T18:00:59.0086100Z /home/runner/work/PocketKrKr/PocketKrKr/cpp/plugins/psdfile/psdparse/psddesc.h:27:23: warning: multi-character character constant [-Wmultichar]
2026-09-07T18:00:59.0087430Z    27 |         TYPE_CLASS1 = 'type',
2026-09-07T18:00:59.0087894Z       |                       ^~~~~~
2026-09-07T18:00:59.0089035Z /home/runner/work/PocketKrKr/PocketKrKr/cpp/plugins/psdfile/psdparse/psddesc.h:28:23: warning: multi-character character constant [-Wmultichar]
2026-09-07T18:00:59.0090215Z    28 |         TYPE_CLASS2 = 'GlbC',
2026-09-07T18:00:59.0090664Z       |                       ^~~~~~
2026-09-07T18:00:59.0091774Z /home/runner/work/PocketKrKr/PocketKrKr/cpp/plugins/psdfile/psdparse/psddesc.h:29:22: warning: multi-character character constant [-Wmultichar]
2026-09-07T18:00:59.0092936Z    29 |         TYPE_ALIAS = 'alis',
2026-09-07T18:00:59.0093390Z       |                      ^~~~~~
2026-09-07T18:00:59.0094524Z /home/runner/work/PocketKrKr/PocketKrKr/cpp/plugins/psdfile/psdparse/psddesc.h:30:25: warning: multi-character character constant [-Wmultichar]
2026-09-07T18:00:59.0095893Z    30 |         TYPE_RAW_DATA = 'tdta',
2026-09-07T18:00:59.0096369Z       |                         ^~~~~~
2026-09-07T18:00:59.0097481Z /home/runner/work/PocketKrKr/PocketKrKr/cpp/plugins/psdfile/psdparse/psddesc.h:34:23: warning: multi-character character constant [-Wmultichar]
2026-09-07T18:00:59.0098635Z    34 |         UNIT_POINTS = '#Pnt',
2026-09-07T18:00:59.0099094Z       |                       ^~~~~~
2026-09-07T18:00:59.0100212Z /home/runner/work/PocketKrKr/PocketKrKr/cpp/plugins/psdfile/psdparse/psddesc.h:35:28: warning: multi-character character constant [-Wmultichar]
2026-09-07T18:00:59.0101393Z    35 |         UNIT_MILLIMETERS = '#Mlm',
2026-09-07T18:00:59.0101873Z       |                            ^~~~~~
2026-09-07T18:00:59.0103243Z /home/runner/work/PocketKrKr/PocketKrKr/cpp/plugins/psdfile/psdparse/psddesc.h:36:22: warning: multi-character character constant [-Wmultichar]
2026-09-07T18:00:59.0104440Z    36 |         UNIT_ANGLE = '#Ang', // degrees
2026-09-07T18:00:59.0104928Z       |                      ^~~~~~
2026-09-07T18:00:59.0106491Z /home/runner/work/PocketKrKr/PocketKrKr/cpp/plugins/psdfile/psdparse/psddesc.h:37:24: warning: multi-character character constant [-Wmultichar]
2026-09-07T18:00:59.0107707Z    37 |         UNIT_DENSITY = '#Rsl', // base per inch
2026-09-07T18:00:59.0108247Z       |                        ^~~~~~
2026-09-07T18:00:59.0109323Z /home/runner/work/PocketKrKr/PocketKrKr/cpp/plugins/psdfile/psdparse/psddesc.h:38:25: warning: multi-character character constant [-Wmultichar]
2026-09-07T18:00:59.0110482Z    38 |         UNIT_DISTANCE = '#Rlt', // base 72ppi
2026-09-07T18:00:59.0110973Z       |                         ^~~~~~
2026-09-07T18:00:59.0112045Z /home/runner/work/PocketKrKr/PocketKrKr/cpp/plugins/psdfile/psdparse/psddesc.h:39:21: warning: multi-character character constant [-Wmultichar]
2026-09-07T18:00:59.0113200Z    39 |         UNIT_NONE = '#Nne',
2026-09-07T18:00:59.0113625Z       |                     ^~~~~~
2026-09-07T18:00:59.0114715Z /home/runner/work/PocketKrKr/PocketKrKr/cpp/plugins/psdfile/psdparse/psddesc.h:40:24: warning: multi-character character constant [-Wmultichar]
2026-09-07T18:00:59.0146439Z    40 |         UNIT_PERCENT = '#Prc',
2026-09-07T18:00:59.0146915Z       |                        ^~~~~~
2026-09-07T18:00:59.0148026Z /home/runner/work/PocketKrKr/PocketKrKr/cpp/plugins/psdfile/psdparse/psddesc.h:41:23: warning: multi-character character constant [-Wmultichar]
2026-09-07T18:00:59.0149216Z    41 |         UNIT_PIXELS = '#Pxl',
2026-09-07T18:00:59.0149704Z       |                       ^~~~~~
2026-09-07T18:00:59.0150860Z /home/runner/work/PocketKrKr/PocketKrKr/cpp/plugins/psdfile/psdparse/psddesc.h:46:29: warning: multi-character character constant [-Wmultichar]
2026-09-07T18:00:59.0152058Z    46 |         REF_TYPE_PROPERTY = 'prop',
2026-09-07T18:00:59.0152578Z       |                             ^~~~~~
2026-09-07T18:00:59.0153700Z /home/runner/work/PocketKrKr/PocketKrKr/cpp/plugins/psdfile/psdparse/psddesc.h:47:26: warning: multi-character character constant [-Wmultichar]
2026-09-07T18:00:59.0154884Z    47 |         REF_TYPE_CLASS = 'Clss',
2026-09-07T18:00:59.0155616Z       |                          ^~~~~~
2026-09-07T18:00:59.0156748Z /home/runner/work/PocketKrKr/PocketKrKr/cpp/plugins/psdfile/psdparse/psddesc.h:48:29: warning: multi-character character constant [-Wmultichar]
2026-09-07T18:00:59.0157929Z    48 |         REF_TYPE_ENUM_REF = 'Enmr',
2026-09-07T18:00:59.0158407Z       |                             ^~~~~~
2026-09-07T18:00:59.0159523Z /home/runner/work/PocketKrKr/PocketKrKr/cpp/plugins/psdfile/psdparse/psddesc.h:49:27: warning: multi-character character constant [-Wmultichar]
2026-09-07T18:00:59.0160678Z    49 |         REF_TYPE_OFFSET = 'rele',
2026-09-07T18:00:59.0161112Z       |                           ^~~~~~
2026-09-07T18:00:59.0162242Z /home/runner/work/PocketKrKr/PocketKrKr/cpp/plugins/psdfile/psdparse/psddesc.h:50:31: warning: multi-character character constant [-Wmultichar]
2026-09-07T18:00:59.0163417Z    50 |         REF_TYPE_IDENTIFIER = 'Idnt',
2026-09-07T18:00:59.0163925Z       |                               ^~~~~~
2026-09-07T18:00:59.0165023Z /home/runner/work/PocketKrKr/PocketKrKr/cpp/plugins/psdfile/psdparse/psddesc.h:51:26: warning: multi-character character constant [-Wmultichar]
2026-09-07T18:00:59.0166399Z    51 |         REF_TYPE_INDEX = 'indx',
2026-09-07T18:00:59.0166859Z       |                          ^~~~~~
2026-09-07T18:00:59.0167965Z /home/runner/work/PocketKrKr/PocketKrKr/cpp/plugins/psdfile/psdparse/psddesc.h:52:25: warning: multi-character character constant [-Wmultichar]
2026-09-07T18:00:59.0169165Z    52 |         REF_TYPE_NAME = 'name',
2026-09-07T18:00:59.0169633Z       |                         ^~~~~~
2026-09-07T18:00:59.0170827Z In file included from /home/runner/work/PocketKrKr/PocketKrKr/cpp/plugins/psdfile/psdparse/psdfile.h:4,
2026-09-07T18:00:59.0172056Z                  from /home/runner/work/PocketKrKr/PocketKrKr/cpp/plugins/psdfile/psdclass.h:9,
2026-09-07T18:00:59.0173127Z                  from /home/runner/work/PocketKrKr/PocketKrKr/cpp/plugins/psdfile/main.cpp:5:
2026-09-07T18:00:59.0174853Z /home/runner/work/PocketKrKr/PocketKrKr/cpp/plugins/psdfile/psdparse/psddata.h:113:18: warning: multi-character character constant [-Wmultichar]
2026-09-07T18:00:59.0206428Z   113 |             case 'norm':
2026-09-07T18:00:59.0206879Z       |                  ^~~~~~
2026-09-07T18:00:59.0208017Z /home/runner/work/PocketKrKr/PocketKrKr/cpp/plugins/psdfile/psdparse/psddata.h:115:18: warning: multi-character character constant [-Wmultichar]
2026-09-07T18:00:59.0209200Z   115 |             case 'diss':
2026-09-07T18:00:59.0209630Z       |                  ^~~~~~
2026-09-07T18:00:59.0210751Z /home/runner/work/PocketKrKr/PocketKrKr/cpp/plugins/psdfile/psdparse/psddata.h:117:18: warning: multi-character character constant [-Wmultichar]
2026-09-07T18:00:59.0211944Z   117 |             case 'dark':
2026-09-07T18:00:59.0212358Z       |                  ^~~~~~
2026-09-07T18:00:59.0213472Z /home/runner/work/PocketKrKr/PocketKrKr/cpp/plugins/psdfile/psdparse/psddata.h:119:18: warning: multi-character character constant [-Wmultichar]
2026-09-07T18:00:59.0214642Z   119 |             case 'mul ':
2026-09-07T18:00:59.0215068Z       |                  ^~~~~~
2026-09-07T18:00:59.0216386Z /home/runner/work/PocketKrKr/PocketKrKr/cpp/plugins/psdfile/psdparse/psddata.h:121:18: warning: multi-character character constant [-Wmultichar]
2026-09-07T18:00:59.0217554Z   121 |             case 'idiv':
2026-09-07T18:00:59.0217972Z       |                  ^~~~~~
2026-09-07T18:00:59.0219082Z /home/runner/work/PocketKrKr/PocketKrKr/cpp/plugins/psdfile/psdparse/psddata.h:123:18: warning: multi-character character constant [-Wmultichar]
2026-09-07T18:00:59.0220246Z   123 |             case 'lbrn':
2026-09-07T18:00:59.0220672Z       |                  ^~~~~~
2026-09-07T18:00:59.0221763Z /home/runner/work/PocketKrKr/PocketKrKr/cpp/plugins/psdfile/psdparse/psddata.h:125:18: warning: multi-character character constant [-Wmultichar]
2026-09-07T18:00:59.0222912Z   125 |             case 'dkCl':
2026-09-07T18:00:59.0223309Z       |                  ^~~~~~
2026-09-07T18:00:59.0224406Z /home/runner/work/PocketKrKr/PocketKrKr/cpp/plugins/psdfile/psdparse/psddata.h:127:18: warning: multi-character character constant [-Wmultichar]
2026-09-07T18:00:59.0225776Z   127 |             case 'lite':
2026-09-07T18:00:59.0226195Z       |                  ^~~~~~
2026-09-07T18:00:59.0227306Z /home/runner/work/PocketKrKr/PocketKrKr/cpp/plugins/psdfile/psdparse/psddata.h:129:18: warning: multi-character character constant [-Wmultichar]
2026-09-07T18:00:59.0228487Z   129 |             case 'scrn':
2026-09-07T18:00:59.0228902Z       |                  ^~~~~~
2026-09-07T18:00:59.0229995Z /home/runner/work/PocketKrKr/PocketKrKr/cpp/plugins/psdfile/psdparse/psddata.h:131:18: warning: multi-character character constant [-Wmultichar]
2026-09-07T18:00:59.0231154Z   131 |             case 'div ':
2026-09-07T18:00:59.0231557Z       |                  ^~~~~~
2026-09-07T18:00:59.0232675Z /home/runner/work/PocketKrKr/PocketKrKr/cpp/plugins/psdfile/psdparse/psddata.h:133:18: warning: multi-character character constant [-Wmultichar]
2026-09-07T18:00:59.0233866Z   133 |             case 'lddg':
2026-09-07T18:00:59.0234292Z       |                  ^~~~~~
2026-09-07T18:00:59.0265872Z /home/runner/work/PocketKrKr/PocketKrKr/cpp/plugins/psdfile/psdparse/psddata.h:135:18: warning: multi-character character constant [-Wmultichar]
2026-09-07T18:00:59.0267115Z   135 |             case 'ltCl':
2026-09-07T18:00:59.0267554Z       |                  ^~~~~~
2026-09-07T18:00:59.0268692Z /home/runner/work/PocketKrKr/PocketKrKr/cpp/plugins/psdfile/psdparse/psddata.h:137:18: warning: multi-character character constant [-Wmultichar]
2026-09-07T18:00:59.0270265Z   137 |             case 'over':
2026-09-07T18:00:59.0270705Z       |                  ^~~~~~
2026-09-07T18:00:59.0271814Z /home/runner/work/PocketKrKr/PocketKrKr/cpp/plugins/psdfile/psdparse/psddata.h:139:18: warning: multi-character character constant [-Wmultichar]
2026-09-07T18:00:59.0273215Z   139 |             case 'sLit':
2026-09-07T18:00:59.0273633Z       |                  ^~~~~~
2026-09-07T18:00:59.0274746Z /home/runner/work/PocketKrKr/PocketKrKr/cpp/plugins/psdfile/psdparse/psddata.h:141:18: warning: multi-character character constant [-Wmultichar]
2026-09-07T18:00:59.0276185Z   141 |             case 'hLit':
2026-09-07T18:00:59.0276601Z       |                  ^~~~~~
2026-09-07T18:00:59.0277717Z /home/runner/work/PocketKrKr/PocketKrKr/cpp/plugins/psdfile/psdparse/psddata.h:143:18: warning: multi-character character constant [-Wmultichar]
2026-09-07T18:00:59.0278901Z   143 |             case 'vLit':
2026-09-07T18:00:59.0279340Z       |                  ^~~~~~
2026-09-07T18:00:59.0280465Z /home/runner/work/PocketKrKr/PocketKrKr/cpp/plugins/psdfile/psdparse/psddata.h:145:18: warning: multi-character character constant [-Wmultichar]
2026-09-07T18:00:59.0281622Z   145 |             case 'lLit':
2026-09-07T18:00:59.0282043Z       |                  ^~~~~~
2026-09-07T18:00:59.0283161Z /home/runner/work/PocketKrKr/PocketKrKr/cpp/plugins/psdfile/psdparse/psddata.h:147:18: warning: multi-character character constant [-Wmultichar]
2026-09-07T18:00:59.0284323Z   147 |             case 'pLit':
2026-09-07T18:00:59.0284742Z       |                  ^~~~~~
2026-09-07T18:00:59.0286047Z /home/runner/work/PocketKrKr/PocketKrKr/cpp/plugins/psdfile/psdparse/psddata.h:149:18: warning: multi-character character constant [-Wmultichar]
2026-09-07T18:00:59.0287313Z   149 |             case 'hMix':
2026-09-07T18:00:59.0287728Z       |                  ^~~~~~
2026-09-07T18:00:59.0288842Z /home/runner/work/PocketKrKr/PocketKrKr/cpp/plugins/psdfile/psdparse/psddata.h:151:18: warning: multi-character character constant [-Wmultichar]
2026-09-07T18:00:59.0290031Z   151 |             case 'diff':
2026-09-07T18:00:59.0290445Z       |                  ^~~~~~
2026-09-07T18:00:59.0291541Z /home/runner/work/PocketKrKr/PocketKrKr/cpp/plugins/psdfile/psdparse/psddata.h:153:18: warning: multi-character character constant [-Wmultichar]
2026-09-07T18:00:59.0292700Z   153 |             case 'smud':
2026-09-07T18:00:59.0293112Z       |                  ^~~~~~
2026-09-07T18:00:59.0294182Z /home/runner/work/PocketKrKr/PocketKrKr/cpp/plugins/psdfile/psdparse/psddata.h:155:18: warning: multi-character character constant [-Wmultichar]
2026-09-07T18:00:59.0325684Z   155 |             case 'fsub':
2026-09-07T18:00:59.0326146Z       |                  ^~~~~~
2026-09-07T18:00:59.0327290Z /home/runner/work/PocketKrKr/PocketKrKr/cpp/plugins/psdfile/psdparse/psddata.h:157:18: warning: multi-character character constant [-Wmultichar]
2026-09-07T18:00:59.0328486Z   157 |             case 'fdiv':
2026-09-07T18:00:59.0328911Z       |                  ^~~~~~
2026-09-07T18:00:59.0330024Z /home/runner/work/PocketKrKr/PocketKrKr/cpp/plugins/psdfile/psdparse/psddata.h:159:18: warning: multi-character character constant [-Wmultichar]
2026-09-07T18:00:59.0331198Z   159 |             case 'hue ':
2026-09-07T18:00:59.0331616Z       |                  ^~~~~~
2026-09-07T18:00:59.0332731Z /home/runner/work/PocketKrKr/PocketKrKr/cpp/plugins/psdfile/psdparse/psddata.h:161:18: warning: multi-character character constant [-Wmultichar]
2026-09-07T18:00:59.0333879Z   161 |             case 'sat ':
2026-09-07T18:00:59.0334288Z       |                  ^~~~~~
2026-09-07T18:00:59.0335593Z /home/runner/work/PocketKrKr/PocketKrKr/cpp/plugins/psdfile/psdparse/psddata.h:163:18: warning: multi-character character constant [-Wmultichar]
2026-09-07T18:00:59.0336755Z   163 |             case 'colr':
2026-09-07T18:00:59.0337172Z       |                  ^~~~~~
2026-09-07T18:00:59.0338520Z /home/runner/work/PocketKrKr/PocketKrKr/cpp/plugins/psdfile/psdparse/psddata.h:165:18: warning: multi-character character constant [-Wmultichar]
2026-09-07T18:00:59.0339716Z   165 |             case 'lum ':
2026-09-07T18:00:59.0340140Z       |                  ^~~~~~
2026-09-07T18:00:59.0341249Z /home/runner/work/PocketKrKr/PocketKrKr/cpp/plugins/psdfile/psdparse/psddata.h:167:18: warning: multi-character character constant [-Wmultichar]
2026-09-07T18:00:59.0342668Z   167 |             case 'pass':
2026-09-07T18:00:59.0343083Z       |                  ^~~~~~
2026-09-07T18:00:59.0343841Z In file included from /home/runner/work/PocketKrKr/PocketKrKr/cpp/plugins/psdfile/main.cpp:1:
2026-09-07T18:00:59.0346548Z /home/runner/work/PocketKrKr/PocketKrKr/cpp/core/plugin/ncbind.hpp: In static member function ‘static ncbTypeConvertor::Conversion<FROM, TO>::OK ncbTypeConvertor::Conversion<FROM, TO>::check(TO)’:
2026-09-07T18:00:59.0348789Z /home/runner/work/PocketKrKr/PocketKrKr/cpp/core/plugin/ncbind.hpp:244:38: warning: no return statement in function returning non-void [-Wreturn-type]
2026-09-07T18:00:59.0350036Z   244 |                 static OK check(TO) {};
2026-09-07T18:00:59.0350556Z       |                                      ^
2026-09-07T18:00:59.0351464Z In file included from /home/runner/work/PocketKrKr/PocketKrKr/cpp/plugins/psdfile/psdparse/psdfile.h:3,
2026-09-07T18:00:59.0352677Z                  from /home/runner/work/PocketKrKr/PocketKrKr/cpp/plugins/psdfile/psdclass.h:9,
2026-09-07T18:00:59.0353742Z                  from /home/runner/work/PocketKrKr/PocketKrKr/cpp/plugins/psdfile/main.cpp:5:
2026-09-07T18:00:59.0385892Z /home/runner/work/PocketKrKr/PocketKrKr/cpp/plugins/psdfile/psdparse/psddesc.h: In member function ‘virtual void psd::DescriptorReference::dump(int)’:
2026-09-07T18:00:59.0389057Z /home/runner/work/PocketKrKr/PocketKrKr/cpp/plugins/psdfile/psdparse/psddesc.h:234:20: warning: format ‘%d’ expects argument of type ‘int’, but argument 3 has type ‘std::vector<psd::ReferenceItem*>::size_type’ {aka ‘long unsigned int’} [-Wformat=]
2026-09-07T18:00:59.0391057Z   234 |             dprint("%s (count:%d)\n", typeName(), items.size());
2026-09-07T18:00:59.0391728Z       |                    ^~~~~~~~~~~~~~~~~              ~~~~~~~~~~~~
2026-09-07T18:00:59.0392317Z       |                                                             |
2026-09-07T18:00:59.0393170Z       |                                                             std::vector<psd::ReferenceItem*>::size_type {aka long unsigned int}
2026-09-07T18:00:59.0394719Z /home/runner/work/PocketKrKr/PocketKrKr/cpp/plugins/psdfile/psdparse/psdbase.h:7:28: note: in definition of macro ‘dprint’
2026-09-07T18:00:59.0396052Z     7 | #define dprint(...) printf(__VA_ARGS__);
2026-09-07T18:00:59.0396580Z       |                            ^~~~~~~~~~~
2026-09-07T18:00:59.0397495Z In file included from /home/runner/work/PocketKrKr/PocketKrKr/cpp/plugins/psdfile/psdparse/psddata.h:5,
2026-09-07T18:00:59.0398781Z                  from /home/runner/work/PocketKrKr/PocketKrKr/cpp/plugins/psdfile/psdparse/psdfile.h:4,
2026-09-07T18:00:59.0399941Z                  from /home/runner/work/PocketKrKr/PocketKrKr/cpp/plugins/psdfile/psdclass.h:9,
2026-09-07T18:00:59.0400977Z                  from /home/runner/work/PocketKrKr/PocketKrKr/cpp/plugins/psdfile/main.cpp:5:
2026-09-07T18:00:59.0402284Z /home/runner/work/PocketKrKr/PocketKrKr/cpp/plugins/psdfile/psdparse/psddesc.h:234:32: note: format string is defined here
2026-09-07T18:00:59.0403458Z   234 |             dprint("%s (count:%d)\n", typeName(), items.size());
2026-09-07T18:00:59.0404072Z       |                               ~^
2026-09-07T18:00:59.0404544Z       |                                |
2026-09-07T18:00:59.0405010Z       |                                int
2026-09-07T18:00:59.0405692Z       |                               %ld
2026-09-07T18:00:59.0406598Z In file included from /home/runner/work/PocketKrKr/PocketKrKr/cpp/plugins/psdfile/psdparse/psdfile.h:3,
2026-09-07T18:00:59.0407793Z                  from /home/runner/work/PocketKrKr/PocketKrKr/cpp/plugins/psdfile/psdclass.h:9,
2026-09-07T18:00:59.0409088Z                  from /home/runner/work/PocketKrKr/PocketKrKr/cpp/plugins/psdfile/main.cpp:5:
2026-09-07T18:00:59.0410948Z /home/runner/work/PocketKrKr/PocketKrKr/cpp/plugins/psdfile/psdparse/psddesc.h: In member function ‘virtual void psd::DescriptorList::dump(int)’:
2026-09-07T18:00:59.0414139Z /home/runner/work/PocketKrKr/PocketKrKr/cpp/plugins/psdfile/psdparse/psddesc.h:253:20: warning: format ‘%d’ expects argument of type ‘int’, but argument 3 has type ‘std::vector<psd::DescriptorItem*>::size_type’ {aka ‘long unsigned int’} [-Wformat=]
2026-09-07T18:00:59.0446614Z   253 |             dprint("%s (count:%d)\n", typeName(), items.size());
2026-09-07T18:00:59.0447310Z       |                    ^~~~~~~~~~~~~~~~~              ~~~~~~~~~~~~
2026-09-07T18:00:59.0447906Z       |                                                             |
2026-09-07T18:00:59.0448788Z       |                                                             std::vector<psd::DescriptorItem*>::size_type {aka long unsigned int}
2026-09-07T18:00:59.0450428Z /home/runner/work/PocketKrKr/PocketKrKr/cpp/plugins/psdfile/psdparse/psdbase.h:7:28: note: in definition of macro ‘dprint’
2026-09-07T18:00:59.0451558Z     7 | #define dprint(...) printf(__VA_ARGS__);
2026-09-07T18:00:59.0452086Z       |                            ^~~~~~~~~~~
2026-09-07T18:00:59.0453019Z In file included from /home/runner/work/PocketKrKr/PocketKrKr/cpp/plugins/psdfile/psdparse/psddata.h:5,
2026-09-07T18:00:59.0454292Z                  from /home/runner/work/PocketKrKr/PocketKrKr/cpp/plugins/psdfile/psdparse/psdfile.h:4,
2026-09-07T18:00:59.0455652Z                  from /home/runner/work/PocketKrKr/PocketKrKr/cpp/plugins/psdfile/psdclass.h:9,
2026-09-07T18:00:59.0456733Z                  from /home/runner/work/PocketKrKr/PocketKrKr/cpp/plugins/psdfile/main.cpp:5:
2026-09-07T18:00:59.0458096Z /home/runner/work/PocketKrKr/PocketKrKr/cpp/plugins/psdfile/psdparse/psddesc.h:253:32: note: format string is defined here
2026-09-07T18:00:59.0459350Z   253 |             dprint("%s (count:%d)\n", typeName(), items.size());
2026-09-07T18:00:59.0459969Z       |                               ~^
2026-09-07T18:00:59.0460431Z       |                                |
2026-09-07T18:00:59.0460887Z       |                                int
2026-09-07T18:00:59.0489721Z       |                               %ld
2026-09-07T18:00:59.6978532Z [571/741] Building CXX object cpp/plugins/psdfile/CMakeFiles/psdfile.dir/psdclass_loadmem.cpp.o
2026-09-07T18:00:59.6980282Z In file included from /home/runner/work/PocketKrKr/PocketKrKr/cpp/plugins/psdfile/psdparse/psddata.h:5,
2026-09-07T18:00:59.6981788Z                  from /home/runner/work/PocketKrKr/PocketKrKr/cpp/plugins/psdfile/psdparse/psdfile.h:4,
2026-09-07T18:00:59.6983147Z                  from /home/runner/work/PocketKrKr/PocketKrKr/cpp/plugins/psdfile/psdclass.h:9,
2026-09-07T18:00:59.6984502Z                  from /home/runner/work/PocketKrKr/PocketKrKr/cpp/plugins/psdfile/psdclass_loadmem.cpp:1:
2026-09-07T18:00:59.6986678Z /home/runner/work/PocketKrKr/PocketKrKr/cpp/plugins/psdfile/psdparse/psddesc.h:17:26: warning: multi-character character constant [-Wmultichar]
2026-09-07T18:00:59.6988145Z    17 |         TYPE_REFERENCE = 'obj ',
2026-09-07T18:00:59.6988811Z       |                          ^~~~~~
2026-09-07T18:00:59.6990167Z /home/runner/work/PocketKrKr/PocketKrKr/cpp/plugins/psdfile/psdparse/psddesc.h:18:27: warning: multi-character character constant [-Wmultichar]
2026-09-07T18:00:59.6991659Z    18 |         TYPE_DESCRIPTOR = 'Objc',
2026-09-07T18:00:59.6992346Z       |                           ^~~~~~
2026-09-07T18:00:59.6993719Z /home/runner/work/PocketKrKr/PocketKrKr/cpp/plugins/psdfile/psdparse/psddesc.h:19:21: warning: multi-character character constant [-Wmultichar]
2026-09-07T18:00:59.6995148Z    19 |         TYPE_LIST = 'VlLs',
2026-09-07T18:00:59.6996204Z       |                     ^~~~~~
2026-09-07T18:00:59.6997844Z /home/runner/work/PocketKrKr/PocketKrKr/cpp/plugins/psdfile/psdparse/psddesc.h:20:23: warning: multi-character character constant [-Wmultichar]
2026-09-07T18:00:59.7000350Z    20 |         TYPE_DOUBLE = 'doub',
2026-09-07T18:00:59.7001089Z       |                       ^~~~~~
2026-09-07T18:00:59.7002495Z /home/runner/work/PocketKrKr/PocketKrKr/cpp/plugins/psdfile/psdparse/psddesc.h:21:27: warning: multi-character character constant [-Wmultichar]
2026-09-07T18:00:59.7004249Z    21 |         TYPE_UNIT_FLOAT = 'UntF',
2026-09-07T18:00:59.7004819Z       |                           ^~~~~~
2026-09-07T18:00:59.7006457Z /home/runner/work/PocketKrKr/PocketKrKr/cpp/plugins/psdfile/psdparse/psddesc.h:22:23: warning: multi-character character constant [-Wmultichar]
2026-09-07T18:00:59.7007615Z    22 |         TYPE_STRING = 'TEXT',
2026-09-07T18:00:59.7008150Z       |                       ^~~~~~
2026-09-07T18:00:59.7009234Z /home/runner/work/PocketKrKr/PocketKrKr/cpp/plugins/psdfile/psdparse/psddesc.h:23:27: warning: multi-character character constant [-Wmultichar]
2026-09-07T18:00:59.7010370Z    23 |         TYPE_ENUMERATED = 'enum',
2026-09-07T18:00:59.7010940Z       |                           ^~~~~~
2026-09-07T18:00:59.7012019Z /home/runner/work/PocketKrKr/PocketKrKr/cpp/plugins/psdfile/psdparse/psddesc.h:24:24: warning: multi-character character constant [-Wmultichar]
2026-09-07T18:00:59.7013151Z    24 |         TYPE_INTEGER = 'long',
2026-09-07T18:00:59.7013676Z       |                        ^~~~~~
2026-09-07T18:00:59.7014751Z /home/runner/work/PocketKrKr/PocketKrKr/cpp/plugins/psdfile/psdparse/psddesc.h:25:24: warning: multi-character character constant [-Wmultichar]
2026-09-07T18:00:59.7016103Z    25 |         TYPE_BOOLEAN = 'bool',
2026-09-07T18:00:59.7016642Z       |                        ^~~~~~
2026-09-07T18:00:59.7017743Z /home/runner/work/PocketKrKr/PocketKrKr/cpp/plugins/psdfile/psdparse/psddesc.h:26:30: warning: multi-character character constant [-Wmultichar]
2026-09-07T18:00:59.7018914Z    26 |         TYPE_GLOBAL_OBJECT = 'GlbO',
2026-09-07T18:00:59.7019495Z       |                              ^~~~~~
2026-09-07T18:00:59.7020623Z /home/runner/work/PocketKrKr/PocketKrKr/cpp/plugins/psdfile/psdparse/psddesc.h:27:23: warning: multi-character character constant [-Wmultichar]
2026-09-07T18:00:59.7021751Z    27 |         TYPE_CLASS1 = 'type',
2026-09-07T18:00:59.7022272Z       |                       ^~~~~~
2026-09-07T18:00:59.7023371Z /home/runner/work/PocketKrKr/PocketKrKr/cpp/plugins/psdfile/psdparse/psddesc.h:28:23: warning: multi-character character constant [-Wmultichar]
2026-09-07T18:00:59.7024509Z    28 |         TYPE_CLASS2 = 'GlbC',
2026-09-07T18:00:59.7025042Z       |                       ^~~~~~
2026-09-07T18:00:59.7026614Z /home/runner/work/PocketKrKr/PocketKrKr/cpp/plugins/psdfile/psdparse/psddesc.h:29:22: warning: multi-character character constant [-Wmultichar]
2026-09-07T18:00:59.7027771Z    29 |         TYPE_ALIAS = 'alis',
2026-09-07T18:00:59.7028301Z       |                      ^~~~~~
2026-09-07T18:00:59.7029384Z /home/runner/work/PocketKrKr/PocketKrKr/cpp/plugins/psdfile/psdparse/psddesc.h:30:25: warning: multi-character character constant [-Wmultichar]
2026-09-07T18:00:59.7030522Z    30 |         TYPE_RAW_DATA = 'tdta',
2026-09-07T18:00:59.7031050Z       |                         ^~~~~~
2026-09-07T18:00:59.7032132Z /home/runner/work/PocketKrKr/PocketKrKr/cpp/plugins/psdfile/psdparse/psddesc.h:34:23: warning: multi-character character constant [-Wmultichar]
2026-09-07T18:00:59.7033273Z    34 |         UNIT_POINTS = '#Pnt',
2026-09-07T18:00:59.7033794Z       |                       ^~~~~~
2026-09-07T18:00:59.7034878Z /home/runner/work/PocketKrKr/PocketKrKr/cpp/plugins/psdfile/psdparse/psddesc.h:35:28: warning: multi-character character constant [-Wmultichar]
2026-09-07T18:00:59.7036716Z    35 |         UNIT_MILLIMETERS = '#Mlm',
2026-09-07T18:00:59.7037278Z       |                            ^~~~~~
2026-09-07T18:00:59.7038448Z /home/runner/work/PocketKrKr/PocketKrKr/cpp/plugins/psdfile/psdparse/psddesc.h:36:22: warning: multi-character character constant [-Wmultichar]
2026-09-07T18:00:59.7039853Z    36 |         UNIT_ANGLE = '#Ang', // degrees
2026-09-07T18:00:59.7040450Z       |                      ^~~~~~
2026-09-07T18:00:59.7041564Z /home/runner/work/PocketKrKr/PocketKrKr/cpp/plugins/psdfile/psdparse/psddesc.h:37:24: warning: multi-character character constant [-Wmultichar]
2026-09-07T18:00:59.7042955Z    37 |         UNIT_DENSITY = '#Rsl', // base per inch
2026-09-07T18:00:59.7043574Z       |                        ^~~~~~
2026-09-07T18:00:59.7044726Z /home/runner/work/PocketKrKr/PocketKrKr/cpp/plugins/psdfile/psdparse/psddesc.h:38:25: warning: multi-character character constant [-Wmultichar]
2026-09-07T18:00:59.7046092Z    38 |         UNIT_DISTANCE = '#Rlt', // base 72ppi
2026-09-07T18:00:59.7046663Z       |                         ^~~~~~
2026-09-07T18:00:59.7047711Z /home/runner/work/PocketKrKr/PocketKrKr/cpp/plugins/psdfile/psdparse/psddesc.h:39:21: warning: multi-character character constant [-Wmultichar]
2026-09-07T18:00:59.7048808Z    39 |         UNIT_NONE = '#Nne',
2026-09-07T18:00:59.7049357Z       |                     ^~~~~~
2026-09-07T18:00:59.7050431Z /home/runner/work/PocketKrKr/PocketKrKr/cpp/plugins/psdfile/psdparse/psddesc.h:40:24: warning: multi-character character constant [-Wmultichar]
2026-09-07T18:00:59.7051617Z    40 |         UNIT_PERCENT = '#Prc',
2026-09-07T18:00:59.7052179Z       |                        ^~~~~~
2026-09-07T18:00:59.7053303Z /home/runner/work/PocketKrKr/PocketKrKr/cpp/plugins/psdfile/psdparse/psddesc.h:41:23: warning: multi-character character constant [-Wmultichar]
2026-09-07T18:00:59.7054485Z    41 |         UNIT_PIXELS = '#Pxl',
2026-09-07T18:00:59.7055044Z       |                       ^~~~~~
2026-09-07T18:00:59.7056459Z /home/runner/work/PocketKrKr/PocketKrKr/cpp/plugins/psdfile/psdparse/psddesc.h:46:29: warning: multi-character character constant [-Wmultichar]
2026-09-07T18:00:59.7057671Z    46 |         REF_TYPE_PROPERTY = 'prop',
2026-09-07T18:00:59.7058270Z       |                             ^~~~~~
2026-09-07T18:00:59.7059462Z /home/runner/work/PocketKrKr/PocketKrKr/cpp/plugins/psdfile/psdparse/psddesc.h:47:26: warning: multi-character character constant [-Wmultichar]
2026-09-07T18:00:59.7060639Z    47 |         REF_TYPE_CLASS = 'Clss',
2026-09-07T18:00:59.7061217Z       |                          ^~~~~~
2026-09-07T18:00:59.7062378Z /home/runner/work/PocketKrKr/PocketKrKr/cpp/plugins/psdfile/psdparse/psddesc.h:48:29: warning: multi-character character constant [-Wmultichar]
2026-09-07T18:00:59.7063613Z    48 |         REF_TYPE_ENUM_REF = 'Enmr',
2026-09-07T18:00:59.7064216Z       |                             ^~~~~~
2026-09-07T18:00:59.7065576Z /home/runner/work/PocketKrKr/PocketKrKr/cpp/plugins/psdfile/psdparse/psddesc.h:49:27: warning: multi-character character constant [-Wmultichar]
2026-09-07T18:00:59.7066806Z    49 |         REF_TYPE_OFFSET = 'rele',
2026-09-07T18:00:59.7067392Z       |                           ^~~~~~
2026-09-07T18:00:59.7068540Z /home/runner/work/PocketKrKr/PocketKrKr/cpp/plugins/psdfile/psdparse/psddesc.h:50:31: warning: multi-character character constant [-Wmultichar]
2026-09-07T18:00:59.7069769Z    50 |         REF_TYPE_IDENTIFIER = 'Idnt',
2026-09-07T18:00:59.7070370Z       |                               ^~~~~~
2026-09-07T18:00:59.7071514Z /home/runner/work/PocketKrKr/PocketKrKr/cpp/plugins/psdfile/psdparse/psddesc.h:51:26: warning: multi-character character constant [-Wmultichar]
2026-09-07T18:00:59.7072685Z    51 |         REF_TYPE_INDEX = 'indx',
2026-09-07T18:00:59.7073254Z       |                          ^~~~~~
2026-09-07T18:00:59.7074414Z /home/runner/work/PocketKrKr/PocketKrKr/cpp/plugins/psdfile/psdparse/psddesc.h:52:25: warning: multi-character character constant [-Wmultichar]
2026-09-07T18:00:59.7075936Z    52 |         REF_TYPE_NAME = 'name',
2026-09-07T18:00:59.7076487Z       |                         ^~~~~~
2026-09-07T18:00:59.7077372Z In file included from /home/runner/work/PocketKrKr/PocketKrKr/cpp/plugins/psdfile/psdparse/psdfile.h:4,
2026-09-07T18:00:59.7078766Z                  from /home/runner/work/PocketKrKr/PocketKrKr/cpp/plugins/psdfile/psdclass.h:9,
2026-09-07T18:00:59.7079935Z                  from /home/runner/work/PocketKrKr/PocketKrKr/cpp/plugins/psdfile/psdclass_loadmem.cpp:1:
2026-09-07T18:00:59.7081452Z /home/runner/work/PocketKrKr/PocketKrKr/cpp/plugins/psdfile/psdparse/psddata.h:113:18: warning: multi-character character constant [-Wmultichar]
2026-09-07T18:00:59.7082865Z   113 |             case 'norm':
2026-09-07T18:00:59.7083425Z       |                  ^~~~~~
2026-09-07T18:00:59.7084570Z /home/runner/work/PocketKrKr/PocketKrKr/cpp/plugins/psdfile/psdparse/psddata.h:115:18: warning: multi-character character constant [-Wmultichar]
2026-09-07T18:00:59.7086046Z   115 |             case 'diss':
2026-09-07T18:00:59.7086597Z       |                  ^~~~~~
2026-09-07T18:00:59.7087725Z /home/runner/work/PocketKrKr/PocketKrKr/cpp/plugins/psdfile/psdparse/psddata.h:117:18: warning: multi-character character constant [-Wmultichar]
2026-09-07T18:00:59.7088916Z   117 |             case 'dark':
2026-09-07T18:00:59.7089456Z       |                  ^~~~~~
2026-09-07T18:00:59.7090546Z /home/runner/work/PocketKrKr/PocketKrKr/cpp/plugins/psdfile/psdparse/psddata.h:119:18: warning: multi-character character constant [-Wmultichar]
2026-09-07T18:00:59.7091839Z   119 |             case 'mul ':
2026-09-07T18:00:59.7092375Z       |                  ^~~~~~
2026-09-07T18:00:59.7093589Z /home/runner/work/PocketKrKr/PocketKrKr/cpp/plugins/psdfile/psdparse/psddata.h:121:18: warning: multi-character character constant [-Wmultichar]
2026-09-07T18:00:59.7094781Z   121 |             case 'idiv':
2026-09-07T18:00:59.7095454Z       |                  ^~~~~~
2026-09-07T18:00:59.7096655Z /home/runner/work/PocketKrKr/PocketKrKr/cpp/plugins/psdfile/psdparse/psddata.h:123:18: warning: multi-character character constant [-Wmultichar]
2026-09-07T18:00:59.7097817Z   123 |             case 'lbrn':
2026-09-07T18:00:59.7098326Z       |                  ^~~~~~
2026-09-07T18:00:59.7099382Z /home/runner/work/PocketKrKr/PocketKrKr/cpp/plugins/psdfile/psdparse/psddata.h:125:18: warning: multi-character character constant [-Wmultichar]
2026-09-07T18:00:59.7100534Z   125 |             case 'dkCl':
2026-09-07T18:00:59.7101043Z       |                  ^~~~~~
2026-09-07T18:00:59.7102116Z /home/runner/work/PocketKrKr/PocketKrKr/cpp/plugins/psdfile/psdparse/psddata.h:127:18: warning: multi-character character constant [-Wmultichar]
2026-09-07T18:00:59.7103292Z   127 |             case 'lite':
2026-09-07T18:00:59.7103803Z       |                  ^~~~~~
2026-09-07T18:00:59.7104944Z /home/runner/work/PocketKrKr/PocketKrKr/cpp/plugins/psdfile/psdparse/psddata.h:129:18: warning: multi-character character constant [-Wmultichar]
2026-09-07T18:00:59.7106350Z   129 |             case 'scrn':
2026-09-07T18:00:59.7106875Z       |                  ^~~~~~
2026-09-07T18:00:59.7107969Z /home/runner/work/PocketKrKr/PocketKrKr/cpp/plugins/psdfile/psdparse/psddata.h:131:18: warning: multi-character character constant [-Wmultichar]
2026-09-07T18:00:59.7109147Z   131 |             case 'div ':
2026-09-07T18:00:59.7109699Z       |                  ^~~~~~
2026-09-07T18:00:59.7110834Z /home/runner/work/PocketKrKr/PocketKrKr/cpp/plugins/psdfile/psdparse/psddata.h:133:18: warning: multi-character character constant [-Wmultichar]
2026-09-07T18:00:59.7112009Z   133 |             case 'lddg':
2026-09-07T18:00:59.7112544Z       |                  ^~~~~~
2026-09-07T18:00:59.7113716Z /home/runner/work/PocketKrKr/PocketKrKr/cpp/plugins/psdfile/psdparse/psddata.h:135:18: warning: multi-character character constant [-Wmultichar]
2026-09-07T18:00:59.7114907Z   135 |             case 'ltCl':
2026-09-07T18:00:59.7115643Z       |                  ^~~~~~
2026-09-07T18:00:59.7116896Z /home/runner/work/PocketKrKr/PocketKrKr/cpp/plugins/psdfile/psdparse/psddata.h:137:18: warning: multi-character character constant [-Wmultichar]
2026-09-07T18:00:59.7118127Z   137 |             case 'over':
2026-09-07T18:00:59.7118646Z       |                  ^~~~~~
2026-09-07T18:00:59.7119936Z /home/runner/work/PocketKrKr/PocketKrKr/cpp/plugins/psdfile/psdparse/psddata.h:139:18: warning: multi-character character constant [-Wmultichar]
2026-09-07T18:00:59.7121147Z   139 |             case 'sLit':
2026-09-07T18:00:59.7121671Z       |                  ^~~~~~
2026-09-07T18:00:59.7122797Z /home/runner/work/PocketKrKr/PocketKrKr/cpp/plugins/psdfile/psdparse/psddata.h:141:18: warning: multi-character character constant [-Wmultichar]
2026-09-07T18:00:59.7124214Z   141 |             case 'hLit':
2026-09-07T18:00:59.7124735Z       |                  ^~~~~~
2026-09-07T18:00:59.7126183Z /home/runner/work/PocketKrKr/PocketKrKr/cpp/plugins/psdfile/psdparse/psddata.h:143:18: warning: multi-character character constant [-Wmultichar]
2026-09-07T18:00:59.7127397Z   143 |             case 'vLit':
2026-09-07T18:00:59.7127907Z       |                  ^~~~~~
2026-09-07T18:00:59.7129019Z /home/runner/work/PocketKrKr/PocketKrKr/cpp/plugins/psdfile/psdparse/psddata.h:145:18: warning: multi-character character constant [-Wmultichar]
2026-09-07T18:00:59.7130206Z   145 |             case 'lLit':
2026-09-07T18:00:59.7130723Z       |                  ^~~~~~
2026-09-07T18:00:59.7131816Z /home/runner/work/PocketKrKr/PocketKrKr/cpp/plugins/psdfile/psdparse/psddata.h:147:18: warning: multi-character character constant [-Wmultichar]
2026-09-07T18:00:59.7133065Z   147 |             case 'pLit':
2026-09-07T18:00:59.7133599Z       |                  ^~~~~~
2026-09-07T18:00:59.7134703Z /home/runner/work/PocketKrKr/PocketKrKr/cpp/plugins/psdfile/psdparse/psddata.h:149:18: warning: multi-character character constant [-Wmultichar]
2026-09-07T18:00:59.7136113Z   149 |             case 'hMix':
2026-09-07T18:00:59.7136651Z       |                  ^~~~~~
2026-09-07T18:00:59.7137794Z /home/runner/work/PocketKrKr/PocketKrKr/cpp/plugins/psdfile/psdparse/psddata.h:151:18: warning: multi-character character constant [-Wmultichar]
2026-09-07T18:00:59.7138991Z   151 |             case 'diff':
2026-09-07T18:00:59.7139516Z       |                  ^~~~~~
2026-09-07T18:00:59.7140628Z /home/runner/work/PocketKrKr/PocketKrKr/cpp/plugins/psdfile/psdparse/psddata.h:153:18: warning: multi-character character constant [-Wmultichar]
2026-09-07T18:00:59.7141829Z   153 |             case 'smud':
2026-09-07T18:00:59.7142355Z       |                  ^~~~~~
2026-09-07T18:00:59.7143486Z /home/runner/work/PocketKrKr/PocketKrKr/cpp/plugins/psdfile/psdparse/psddata.h:155:18: warning: multi-character character constant [-Wmultichar]
2026-09-07T18:00:59.7144779Z   155 |             case 'fsub':
2026-09-07T18:00:59.7145483Z       |                  ^~~~~~
2026-09-07T18:00:59.7146740Z /home/runner/work/PocketKrKr/PocketKrKr/cpp/plugins/psdfile/psdparse/psddata.h:157:18: warning: multi-character character constant [-Wmultichar]
2026-09-07T18:00:59.7147953Z   157 |             case 'fdiv':
2026-09-07T18:00:59.7148483Z       |                  ^~~~~~
2026-09-07T18:00:59.7149622Z /home/runner/work/PocketKrKr/PocketKrKr/cpp/plugins/psdfile/psdparse/psddata.h:159:18: warning: multi-character character constant [-Wmultichar]
2026-09-07T18:00:59.7150850Z   159 |             case 'hue ':
2026-09-07T18:00:59.7151394Z       |                  ^~~~~~
2026-09-07T18:00:59.7152632Z /home/runner/work/PocketKrKr/PocketKrKr/cpp/plugins/psdfile/psdparse/psddata.h:161:18: warning: multi-character character constant [-Wmultichar]
2026-09-07T18:00:59.7153872Z   161 |             case 'sat ':
2026-09-07T18:00:59.7154386Z       |                  ^~~~~~
2026-09-07T18:00:59.7155840Z /home/runner/work/PocketKrKr/PocketKrKr/cpp/plugins/psdfile/psdparse/psddata.h:163:18: warning: multi-character character constant [-Wmultichar]
2026-09-07T18:00:59.7157054Z   163 |             case 'colr':
2026-09-07T18:00:59.7157600Z       |                  ^~~~~~
2026-09-07T18:00:59.7158729Z /home/runner/work/PocketKrKr/PocketKrKr/cpp/plugins/psdfile/psdparse/psddata.h:165:18: warning: multi-character character constant [-Wmultichar]
2026-09-07T18:00:59.7159906Z   165 |             case 'lum ':
2026-09-07T18:00:59.7160428Z       |                  ^~~~~~
2026-09-07T18:00:59.7161806Z /home/runner/work/PocketKrKr/PocketKrKr/cpp/plugins/psdfile/psdparse/psddata.h:167:18: warning: multi-character character constant [-Wmultichar]
2026-09-07T18:00:59.7163039Z   167 |             case 'pass':
2026-09-07T18:00:59.7163561Z       |                  ^~~~~~
2026-09-07T18:00:59.7164661Z In file included from /home/runner/work/PocketKrKr/PocketKrKr/cpp/plugins/psdfile/psdparse/psdfile.h:3,
2026-09-07T18:00:59.7166103Z                  from /home/runner/work/PocketKrKr/PocketKrKr/cpp/plugins/psdfile/psdclass.h:9,
2026-09-07T18:00:59.7167289Z                  from /home/runner/work/PocketKrKr/PocketKrKr/cpp/plugins/psdfile/psdclass_loadmem.cpp:1:
2026-09-07T18:00:59.7169376Z /home/runner/work/PocketKrKr/PocketKrKr/cpp/plugins/psdfile/psdparse/psddesc.h: In member function ‘virtual void psd::DescriptorReference::dump(int)’:
2026-09-07T18:00:59.7172169Z /home/runner/work/PocketKrKr/PocketKrKr/cpp/plugins/psdfile/psdparse/psddesc.h:234:20: warning: format ‘%d’ expects argument of type ‘int’, but argument 3 has type ‘std::vector<psd::ReferenceItem*>::size_type’ {aka ‘long unsigned int’} [-Wformat=]
2026-09-07T18:00:59.7174042Z   234 |             dprint("%s (count:%d)\n", typeName(), items.size());
2026-09-07T18:00:59.7174777Z       |                    ^~~~~~~~~~~~~~~~~              ~~~~~~~~~~~~
2026-09-07T18:00:59.7175705Z       |                                                             |
2026-09-07T18:00:59.7176650Z       |                                                             std::vector<psd::ReferenceItem*>::size_type {aka long unsigned int}
2026-09-07T18:00:59.7178196Z /home/runner/work/PocketKrKr/PocketKrKr/cpp/plugins/psdfile/psdparse/psdbase.h:7:28: note: in definition of macro ‘dprint’
2026-09-07T18:00:59.7179343Z     7 | #define dprint(...) printf(__VA_ARGS__);
2026-09-07T18:00:59.7179973Z       |                            ^~~~~~~~~~~
2026-09-07T18:00:59.7180900Z In file included from /home/runner/work/PocketKrKr/PocketKrKr/cpp/plugins/psdfile/psdparse/psddata.h:5,
2026-09-07T18:00:59.7182189Z                  from /home/runner/work/PocketKrKr/PocketKrKr/cpp/plugins/psdfile/psdparse/psdfile.h:4,
2026-09-07T18:00:59.7183319Z                  from /home/runner/work/PocketKrKr/PocketKrKr/cpp/plugins/psdfile/psdclass.h:9,
2026-09-07T18:00:59.7184475Z                  from /home/runner/work/PocketKrKr/PocketKrKr/cpp/plugins/psdfile/psdclass_loadmem.cpp:1:
2026-09-07T18:00:59.7186207Z /home/runner/work/PocketKrKr/PocketKrKr/cpp/plugins/psdfile/psdparse/psddesc.h:234:32: note: format string is defined here
2026-09-07T18:00:59.7187432Z   234 |             dprint("%s (count:%d)\n", typeName(), items.size());
2026-09-07T18:00:59.7188140Z       |                               ~^
2026-09-07T18:00:59.7188687Z       |                                |
2026-09-07T18:00:59.7189255Z       |                                int
2026-09-07T18:00:59.7189818Z       |                               %ld
2026-09-07T18:00:59.7190749Z In file included from /home/runner/work/PocketKrKr/PocketKrKr/cpp/plugins/psdfile/psdparse/psdfile.h:3,
2026-09-07T18:00:59.7192036Z                  from /home/runner/work/PocketKrKr/PocketKrKr/cpp/plugins/psdfile/psdclass.h:9,
2026-09-07T18:00:59.7193202Z                  from /home/runner/work/PocketKrKr/PocketKrKr/cpp/plugins/psdfile/psdclass_loadmem.cpp:1:
2026-09-07T18:00:59.7194998Z /home/runner/work/PocketKrKr/PocketKrKr/cpp/plugins/psdfile/psdparse/psddesc.h: In member function ‘virtual void psd::DescriptorList::dump(int)’:
2026-09-07T18:00:59.7197973Z /home/runner/work/PocketKrKr/PocketKrKr/cpp/plugins/psdfile/psdparse/psddesc.h:253:20: warning: format ‘%d’ expects argument of type ‘int’, but argument 3 has type ‘std::vector<psd::DescriptorItem*>::size_type’ {aka ‘long unsigned int’} [-Wformat=]
2026-09-07T18:00:59.7199824Z   253 |             dprint("%s (count:%d)\n", typeName(), items.size());
2026-09-07T18:00:59.7200562Z       |                    ^~~~~~~~~~~~~~~~~              ~~~~~~~~~~~~
2026-09-07T18:00:59.7201553Z       |                                                             |
2026-09-07T18:00:59.7202503Z       |                                                             std::vector<psd::DescriptorItem*>::size_type {aka long unsigned int}
2026-09-07T18:00:59.7204051Z /home/runner/work/PocketKrKr/PocketKrKr/cpp/plugins/psdfile/psdparse/psdbase.h:7:28: note: in definition of macro ‘dprint’
2026-09-07T18:00:59.7205691Z     7 | #define dprint(...) printf(__VA_ARGS__);
2026-09-07T18:00:59.7206331Z       |                            ^~~~~~~~~~~
2026-09-07T18:00:59.7207291Z In file included from /home/runner/work/PocketKrKr/PocketKrKr/cpp/plugins/psdfile/psdparse/psddata.h:5,
2026-09-07T18:00:59.7208582Z                  from /home/runner/work/PocketKrKr/PocketKrKr/cpp/plugins/psdfile/psdparse/psdfile.h:4,
2026-09-07T18:00:59.7209740Z                  from /home/runner/work/PocketKrKr/PocketKrKr/cpp/plugins/psdfile/psdclass.h:9,
2026-09-07T18:00:59.7210905Z                  from /home/runner/work/PocketKrKr/PocketKrKr/cpp/plugins/psdfile/psdclass_loadmem.cpp:1:
2026-09-07T18:00:59.7212352Z /home/runner/work/PocketKrKr/PocketKrKr/cpp/plugins/psdfile/psdparse/psddesc.h:253:32: note: format string is defined here
2026-09-07T18:00:59.7213576Z   253 |             dprint("%s (count:%d)\n", typeName(), items.size());
2026-09-07T18:00:59.7214264Z       |                               ~^
2026-09-07T18:00:59.7214827Z       |                                |
2026-09-07T18:00:59.7215611Z       |                                int
2026-09-07T18:00:59.7216207Z       |                               %ld
2026-09-07T18:00:59.7217107Z In file included from /home/runner/work/PocketKrKr/PocketKrKr/cpp/plugins/psdfile/psdclass.h:10,
2026-09-07T18:00:59.7218357Z                  from /home/runner/work/PocketKrKr/PocketKrKr/cpp/plugins/psdfile/psdclass_loadmem.cpp:1:
2026-09-07T18:00:59.7220514Z /home/runner/work/PocketKrKr/PocketKrKr/cpp/core/plugin/ncbind.hpp: In static member function ‘static ncbTypeConvertor::Conversion<FROM, TO>::OK ncbTypeConvertor::Conversion<FROM, TO>::check(TO)’:
2026-09-07T18:00:59.7222669Z /home/runner/work/PocketKrKr/PocketKrKr/cpp/core/plugin/ncbind.hpp:244:38: warning: no return statement in function returning non-void [-Wreturn-type]
2026-09-07T18:00:59.7223942Z   244 |                 static OK check(TO) {};
2026-09-07T18:00:59.7224548Z       |                                      ^
2026-09-07T18:01:00.6346523Z [572/741] Building CXX object cpp/plugins/psdfile/CMakeFiles/psdfile.dir/psdclass.cpp.o
2026-09-07T18:01:00.6356576Z In file included from /home/runner/work/PocketKrKr/PocketKrKr/cpp/plugins/psdfile/psdparse/psddata.h:5,
2026-09-07T18:01:00.6357962Z                  from /home/runner/work/PocketKrKr/PocketKrKr/cpp/plugins/psdfile/psdparse/psdfile.h:4,
2026-09-07T18:01:00.6359135Z                  from /home/runner/work/PocketKrKr/PocketKrKr/cpp/plugins/psdfile/psdclass.h:9,
2026-09-07T18:01:00.6360244Z                  from /home/runner/work/PocketKrKr/PocketKrKr/cpp/plugins/psdfile/psdclass.cpp:4:
2026-09-07T18:01:00.6361778Z /home/runner/work/PocketKrKr/PocketKrKr/cpp/plugins/psdfile/psdparse/psddesc.h:17:26: warning: multi-character character constant [-Wmultichar]
2026-09-07T18:01:00.6363005Z    17 |         TYPE_REFERENCE = 'obj ',
2026-09-07T18:01:00.6363485Z       |                          ^~~~~~
2026-09-07T18:01:00.6364642Z /home/runner/work/PocketKrKr/PocketKrKr/cpp/plugins/psdfile/psdparse/psddesc.h:18:27: warning: multi-character character constant [-Wmultichar]
2026-09-07T18:01:00.6366106Z    18 |         TYPE_DESCRIPTOR = 'Objc',
2026-09-07T18:01:00.6366607Z       |                           ^~~~~~
2026-09-07T18:01:00.6367784Z /home/runner/work/PocketKrKr/PocketKrKr/cpp/plugins/psdfile/psdparse/psddesc.h:19:21: warning: multi-character character constant [-Wmultichar]
2026-09-07T18:01:00.6369002Z    19 |         TYPE_LIST = 'VlLs',
2026-09-07T18:01:00.6369454Z       |                     ^~~~~~
2026-09-07T18:01:00.6370893Z /home/runner/work/PocketKrKr/PocketKrKr/cpp/plugins/psdfile/psdparse/psddesc.h:20:23: warning: multi-character character constant [-Wmultichar]
2026-09-07T18:01:00.6372137Z    20 |         TYPE_DOUBLE = 'doub',
2026-09-07T18:01:00.6372601Z       |                       ^~~~~~
2026-09-07T18:01:00.6373769Z /home/runner/work/PocketKrKr/PocketKrKr/cpp/plugins/psdfile/psdparse/psddesc.h:21:27: warning: multi-character character constant [-Wmultichar]
2026-09-07T18:01:00.6375428Z    21 |         TYPE_UNIT_FLOAT = 'UntF',
2026-09-07T18:01:00.6375925Z       |                           ^~~~~~
2026-09-07T18:01:00.6377099Z /home/runner/work/PocketKrKr/PocketKrKr/cpp/plugins/psdfile/psdparse/psddesc.h:22:23: warning: multi-character character constant [-Wmultichar]
2026-09-07T18:01:00.6378310Z    22 |         TYPE_STRING = 'TEXT',
2026-09-07T18:01:00.6378782Z       |                       ^~~~~~
2026-09-07T18:01:00.6379926Z /home/runner/work/PocketKrKr/PocketKrKr/cpp/plugins/psdfile/psdparse/psddesc.h:23:27: warning: multi-character character constant [-Wmultichar]
2026-09-07T18:01:00.6381125Z    23 |         TYPE_ENUMERATED = 'enum',
2026-09-07T18:01:00.6381625Z       |                           ^~~~~~
2026-09-07T18:01:00.6382775Z /home/runner/work/PocketKrKr/PocketKrKr/cpp/plugins/psdfile/psdparse/psddesc.h:24:24: warning: multi-character character constant [-Wmultichar]
2026-09-07T18:01:00.6383980Z    24 |         TYPE_INTEGER = 'long',
2026-09-07T18:01:00.6384454Z       |                        ^~~~~~
2026-09-07T18:01:00.6415896Z /home/runner/work/PocketKrKr/PocketKrKr/cpp/plugins/psdfile/psdparse/psddesc.h:25:24: warning: multi-character character constant [-Wmultichar]
2026-09-07T18:01:00.6417159Z    25 |         TYPE_BOOLEAN = 'bool',
2026-09-07T18:01:00.6417630Z       |                        ^~~~~~
2026-09-07T18:01:00.6418801Z /home/runner/work/PocketKrKr/PocketKrKr/cpp/plugins/psdfile/psdparse/psddesc.h:26:30: warning: multi-character character constant [-Wmultichar]
2026-09-07T18:01:00.6420013Z    26 |         TYPE_GLOBAL_OBJECT = 'GlbO',
2026-09-07T18:01:00.6420512Z       |                              ^~~~~~
2026-09-07T18:01:00.6421697Z /home/runner/work/PocketKrKr/PocketKrKr/cpp/plugins/psdfile/psdparse/psddesc.h:27:23: warning: multi-character character constant [-Wmultichar]
2026-09-07T18:01:00.6422883Z    27 |         TYPE_CLASS1 = 'type',
2026-09-07T18:01:00.6423346Z       |                       ^~~~~~
2026-09-07T18:01:00.6424489Z /home/runner/work/PocketKrKr/PocketKrKr/cpp/plugins/psdfile/psdparse/psddesc.h:28:23: warning: multi-character character constant [-Wmultichar]
2026-09-07T18:01:00.6425951Z    28 |         TYPE_CLASS2 = 'GlbC',
2026-09-07T18:01:00.6426413Z       |                       ^~~~~~
2026-09-07T18:01:00.6427568Z /home/runner/work/PocketKrKr/PocketKrKr/cpp/plugins/psdfile/psdparse/psddesc.h:29:22: warning: multi-character character constant [-Wmultichar]
2026-09-07T18:01:00.6428771Z    29 |         TYPE_ALIAS = 'alis',
2026-09-07T18:01:00.6429225Z       |                      ^~~~~~
2026-09-07T18:01:00.6430362Z /home/runner/work/PocketKrKr/PocketKrKr/cpp/plugins/psdfile/psdparse/psddesc.h:30:25: warning: multi-character character constant [-Wmultichar]
2026-09-07T18:01:00.6431562Z    30 |         TYPE_RAW_DATA = 'tdta',
2026-09-07T18:01:00.6432029Z       |                         ^~~~~~
2026-09-07T18:01:00.6433191Z /home/runner/work/PocketKrKr/PocketKrKr/cpp/plugins/psdfile/psdparse/psddesc.h:34:23: warning: multi-character character constant [-Wmultichar]
2026-09-07T18:01:00.6434229Z    34 |         UNIT_POINTS = '#Pnt',
2026-09-07T18:01:00.6434634Z       |                       ^~~~~~
2026-09-07T18:01:00.6435862Z /home/runner/work/PocketKrKr/PocketKrKr/cpp/plugins/psdfile/psdparse/psddesc.h:35:28: warning: multi-character character constant [-Wmultichar]
2026-09-07T18:01:00.6436937Z    35 |         UNIT_MILLIMETERS = '#Mlm',
2026-09-07T18:01:00.6437373Z       |                            ^~~~~~
2026-09-07T18:01:00.6438419Z /home/runner/work/PocketKrKr/PocketKrKr/cpp/plugins/psdfile/psdparse/psddesc.h:36:22: warning: multi-character character constant [-Wmultichar]
2026-09-07T18:01:00.6439862Z    36 |         UNIT_ANGLE = '#Ang', // degrees
2026-09-07T18:01:00.6440311Z       |                      ^~~~~~
2026-09-07T18:01:00.6441422Z /home/runner/work/PocketKrKr/PocketKrKr/cpp/plugins/psdfile/psdparse/psddesc.h:37:24: warning: multi-character character constant [-Wmultichar]
2026-09-07T18:01:00.6442803Z    37 |         UNIT_DENSITY = '#Rsl', // base per inch
2026-09-07T18:01:00.6443328Z       |                        ^~~~~~
2026-09-07T18:01:00.6444400Z /home/runner/work/PocketKrKr/PocketKrKr/cpp/plugins/psdfile/psdparse/psddesc.h:38:25: warning: multi-character character constant [-Wmultichar]
2026-09-07T18:01:00.6476058Z    38 |         UNIT_DISTANCE = '#Rlt', // base 72ppi
2026-09-07T18:01:00.6476615Z       |                         ^~~~~~
2026-09-07T18:01:00.6477792Z /home/runner/work/PocketKrKr/PocketKrKr/cpp/plugins/psdfile/psdparse/psddesc.h:39:21: warning: multi-character character constant [-Wmultichar]
2026-09-07T18:01:00.6478991Z    39 |         UNIT_NONE = '#Nne',
2026-09-07T18:01:00.6479456Z       |                     ^~~~~~
2026-09-07T18:01:00.6480587Z /home/runner/work/PocketKrKr/PocketKrKr/cpp/plugins/psdfile/psdparse/psddesc.h:40:24: warning: multi-character character constant [-Wmultichar]
2026-09-07T18:01:00.6481793Z    40 |         UNIT_PERCENT = '#Prc',
2026-09-07T18:01:00.6482267Z       |                        ^~~~~~
2026-09-07T18:01:00.6483429Z /home/runner/work/PocketKrKr/PocketKrKr/cpp/plugins/psdfile/psdparse/psddesc.h:41:23: warning: multi-character character constant [-Wmultichar]
2026-09-07T18:01:00.6484621Z    41 |         UNIT_PIXELS = '#Pxl',
2026-09-07T18:01:00.6485073Z       |                       ^~~~~~
2026-09-07T18:01:00.6486409Z /home/runner/work/PocketKrKr/PocketKrKr/cpp/plugins/psdfile/psdparse/psddesc.h:46:29: warning: multi-character character constant [-Wmultichar]
2026-09-07T18:01:00.6487683Z    46 |         REF_TYPE_PROPERTY = 'prop',
2026-09-07T18:01:00.6488192Z       |                             ^~~~~~
2026-09-07T18:01:00.6489360Z /home/runner/work/PocketKrKr/PocketKrKr/cpp/plugins/psdfile/psdparse/psddesc.h:47:26: warning: multi-character character constant [-Wmultichar]
2026-09-07T18:01:00.6490549Z    47 |         REF_TYPE_CLASS = 'Clss',
2026-09-07T18:01:00.6491027Z       |                          ^~~~~~
2026-09-07T18:01:00.6492173Z /home/runner/work/PocketKrKr/PocketKrKr/cpp/plugins/psdfile/psdparse/psddesc.h:48:29: warning: multi-character character constant [-Wmultichar]
2026-09-07T18:01:00.6493378Z    48 |         REF_TYPE_ENUM_REF = 'Enmr',
2026-09-07T18:01:00.6493879Z       |                             ^~~~~~
2026-09-07T18:01:00.6495026Z /home/runner/work/PocketKrKr/PocketKrKr/cpp/plugins/psdfile/psdparse/psddesc.h:49:27: warning: multi-character character constant [-Wmultichar]
2026-09-07T18:01:00.6496416Z    49 |         REF_TYPE_OFFSET = 'rele',
2026-09-07T18:01:00.6496890Z       |                           ^~~~~~
2026-09-07T18:01:00.6498044Z /home/runner/work/PocketKrKr/PocketKrKr/cpp/plugins/psdfile/psdparse/psddesc.h:50:31: warning: multi-character character constant [-Wmultichar]
2026-09-07T18:01:00.6499253Z    50 |         REF_TYPE_IDENTIFIER = 'Idnt',
2026-09-07T18:01:00.6499758Z       |                               ^~~~~~
2026-09-07T18:01:00.6500940Z /home/runner/work/PocketKrKr/PocketKrKr/cpp/plugins/psdfile/psdparse/psddesc.h:51:26: warning: multi-character character constant [-Wmultichar]
2026-09-07T18:01:00.6502163Z    51 |         REF_TYPE_INDEX = 'indx',
2026-09-07T18:01:00.6502640Z       |                          ^~~~~~
2026-09-07T18:01:00.6503772Z /home/runner/work/PocketKrKr/PocketKrKr/cpp/plugins/psdfile/psdparse/psddesc.h:52:25: warning: multi-character character constant [-Wmultichar]
2026-09-07T18:01:00.6504953Z    52 |         REF_TYPE_NAME = 'name',
2026-09-07T18:01:00.6535768Z       |                         ^~~~~~
2026-09-07T18:01:00.6536695Z In file included from /home/runner/work/PocketKrKr/PocketKrKr/cpp/plugins/psdfile/psdparse/psdfile.h:4,
2026-09-07T18:01:00.6538214Z                  from /home/runner/work/PocketKrKr/PocketKrKr/cpp/plugins/psdfile/psdclass.h:9,
2026-09-07T18:01:00.6539346Z                  from /home/runner/work/PocketKrKr/PocketKrKr/cpp/plugins/psdfile/psdclass.cpp:4:
2026-09-07T18:01:00.6540874Z /home/runner/work/PocketKrKr/PocketKrKr/cpp/plugins/psdfile/psdparse/psddata.h:113:18: warning: multi-character character constant [-Wmultichar]
2026-09-07T18:01:00.6542305Z   113 |             case 'norm':
2026-09-07T18:01:00.6542739Z       |                  ^~~~~~
2026-09-07T18:01:00.6543857Z /home/runner/work/PocketKrKr/PocketKrKr/cpp/plugins/psdfile/psdparse/psddata.h:115:18: warning: multi-character character constant [-Wmultichar]
2026-09-07T18:01:00.6545038Z   115 |             case 'diss':
2026-09-07T18:01:00.6545673Z       |                  ^~~~~~
2026-09-07T18:01:00.6546794Z /home/runner/work/PocketKrKr/PocketKrKr/cpp/plugins/psdfile/psdparse/psddata.h:117:18: warning: multi-character character constant [-Wmultichar]
2026-09-07T18:01:00.6547971Z   117 |             case 'dark':
2026-09-07T18:01:00.6548402Z       |                  ^~~~~~
2026-09-07T18:01:00.6549505Z /home/runner/work/PocketKrKr/PocketKrKr/cpp/plugins/psdfile/psdparse/psddata.h:119:18: warning: multi-character character constant [-Wmultichar]
2026-09-07T18:01:00.6550700Z   119 |             case 'mul ':
2026-09-07T18:01:00.6551117Z       |                  ^~~~~~
2026-09-07T18:01:00.6552235Z /home/runner/work/PocketKrKr/PocketKrKr/cpp/plugins/psdfile/psdparse/psddata.h:121:18: warning: multi-character character constant [-Wmultichar]
2026-09-07T18:01:00.6553421Z   121 |             case 'idiv':
2026-09-07T18:01:00.6553836Z       |                  ^~~~~~
2026-09-07T18:01:00.6554947Z /home/runner/work/PocketKrKr/PocketKrKr/cpp/plugins/psdfile/psdparse/psddata.h:123:18: warning: multi-character character constant [-Wmultichar]
2026-09-07T18:01:00.6556318Z   123 |             case 'lbrn':
2026-09-07T18:01:00.6556736Z       |                  ^~~~~~
2026-09-07T18:01:00.6557854Z /home/runner/work/PocketKrKr/PocketKrKr/cpp/plugins/psdfile/psdparse/psddata.h:125:18: warning: multi-character character constant [-Wmultichar]
2026-09-07T18:01:00.6559031Z   125 |             case 'dkCl':
2026-09-07T18:01:00.6559453Z       |                  ^~~~~~
2026-09-07T18:01:00.6560551Z /home/runner/work/PocketKrKr/PocketKrKr/cpp/plugins/psdfile/psdparse/psddata.h:127:18: warning: multi-character character constant [-Wmultichar]
2026-09-07T18:01:00.6561736Z   127 |             case 'lite':
2026-09-07T18:01:00.6562159Z       |                  ^~~~~~
2026-09-07T18:01:00.6563270Z /home/runner/work/PocketKrKr/PocketKrKr/cpp/plugins/psdfile/psdparse/psddata.h:129:18: warning: multi-character character constant [-Wmultichar]
2026-09-07T18:01:00.6564448Z   129 |             case 'scrn':
2026-09-07T18:01:00.6564870Z       |                  ^~~~~~
2026-09-07T18:01:00.6596323Z /home/runner/work/PocketKrKr/PocketKrKr/cpp/plugins/psdfile/psdparse/psddata.h:131:18: warning: multi-character character constant [-Wmultichar]
2026-09-07T18:01:00.6597556Z   131 |             case 'div ':
2026-09-07T18:01:00.6597994Z       |                  ^~~~~~
2026-09-07T18:01:00.6599116Z /home/runner/work/PocketKrKr/PocketKrKr/cpp/plugins/psdfile/psdparse/psddata.h:133:18: warning: multi-character character constant [-Wmultichar]
2026-09-07T18:01:00.6600290Z   133 |             case 'lddg':
2026-09-07T18:01:00.6600723Z       |                  ^~~~~~
2026-09-07T18:01:00.6601846Z /home/runner/work/PocketKrKr/PocketKrKr/cpp/plugins/psdfile/psdparse/psddata.h:135:18: warning: multi-character character constant [-Wmultichar]
2026-09-07T18:01:00.6603031Z   135 |             case 'ltCl':
2026-09-07T18:01:00.6603458Z       |                  ^~~~~~
2026-09-07T18:01:00.6604575Z /home/runner/work/PocketKrKr/PocketKrKr/cpp/plugins/psdfile/psdparse/psddata.h:137:18: warning: multi-character character constant [-Wmultichar]
2026-09-07T18:01:00.6605954Z   137 |             case 'over':
2026-09-07T18:01:00.6606374Z       |                  ^~~~~~
2026-09-07T18:01:00.6607732Z /home/runner/work/PocketKrKr/PocketKrKr/cpp/plugins/psdfile/psdparse/psddata.h:139:18: warning: multi-character character constant [-Wmultichar]
2026-09-07T18:01:00.6608948Z   139 |             case 'sLit':
2026-09-07T18:01:00.6609369Z       |                  ^~~~~~
2026-09-07T18:01:00.6610473Z /home/runner/work/PocketKrKr/PocketKrKr/cpp/plugins/psdfile/psdparse/psddata.h:141:18: warning: multi-character character constant [-Wmultichar]
2026-09-07T18:01:00.6611890Z   141 |             case 'hLit':
2026-09-07T18:01:00.6612304Z       |                  ^~~~~~
2026-09-07T18:01:00.6613417Z /home/runner/work/PocketKrKr/PocketKrKr/cpp/plugins/psdfile/psdparse/psddata.h:143:18: warning: multi-character character constant [-Wmultichar]
2026-09-07T18:01:00.6614593Z   143 |             case 'vLit':
2026-09-07T18:01:00.6615007Z       |                  ^~~~~~
2026-09-07T18:01:00.6616315Z /home/runner/work/PocketKrKr/PocketKrKr/cpp/plugins/psdfile/psdparse/psddata.h:145:18: warning: multi-character character constant [-Wmultichar]
2026-09-07T18:01:00.6617495Z   145 |             case 'lLit':
2026-09-07T18:01:00.6617915Z       |                  ^~~~~~
2026-09-07T18:01:00.6619014Z /home/runner/work/PocketKrKr/PocketKrKr/cpp/plugins/psdfile/psdparse/psddata.h:147:18: warning: multi-character character constant [-Wmultichar]
2026-09-07T18:01:00.6620190Z   147 |             case 'pLit':
2026-09-07T18:01:00.6620621Z       |                  ^~~~~~
2026-09-07T18:01:00.6621716Z /home/runner/work/PocketKrKr/PocketKrKr/cpp/plugins/psdfile/psdparse/psddata.h:149:18: warning: multi-character character constant [-Wmultichar]
2026-09-07T18:01:00.6622899Z   149 |             case 'hMix':
2026-09-07T18:01:00.6623317Z       |                  ^~~~~~
2026-09-07T18:01:00.6624417Z /home/runner/work/PocketKrKr/PocketKrKr/cpp/plugins/psdfile/psdparse/psddata.h:151:18: warning: multi-character character constant [-Wmultichar]
2026-09-07T18:01:00.6655927Z   151 |             case 'diff':
2026-09-07T18:01:00.6656372Z       |                  ^~~~~~
2026-09-07T18:01:00.6657518Z /home/runner/work/PocketKrKr/PocketKrKr/cpp/plugins/psdfile/psdparse/psddata.h:153:18: warning: multi-character character constant [-Wmultichar]
2026-09-07T18:01:00.6658733Z   153 |             case 'smud':
2026-09-07T18:01:00.6659169Z       |                  ^~~~~~
2026-09-07T18:01:00.6660308Z /home/runner/work/PocketKrKr/PocketKrKr/cpp/plugins/psdfile/psdparse/psddata.h:155:18: warning: multi-character character constant [-Wmultichar]
2026-09-07T18:01:00.6661505Z   155 |             case 'fsub':
2026-09-07T18:01:00.6661930Z       |                  ^~~~~~
2026-09-07T18:01:00.6663040Z /home/runner/work/PocketKrKr/PocketKrKr/cpp/plugins/psdfile/psdparse/psddata.h:157:18: warning: multi-character character constant [-Wmultichar]
2026-09-07T18:01:00.6664170Z   157 |             case 'fdiv':
2026-09-07T18:01:00.6664592Z       |                  ^~~~~~
2026-09-07T18:01:00.6665882Z /home/runner/work/PocketKrKr/PocketKrKr/cpp/plugins/psdfile/psdparse/psddata.h:159:18: warning: multi-character character constant [-Wmultichar]
2026-09-07T18:01:00.6667076Z   159 |             case 'hue ':
2026-09-07T18:01:00.6667495Z       |                  ^~~~~~
2026-09-07T18:01:00.6668596Z /home/runner/work/PocketKrKr/PocketKrKr/cpp/plugins/psdfile/psdparse/psddata.h:161:18: warning: multi-character character constant [-Wmultichar]
2026-09-07T18:01:00.6669788Z   161 |             case 'sat ':
2026-09-07T18:01:00.6670203Z       |                  ^~~~~~
2026-09-07T18:01:00.6671308Z /home/runner/work/PocketKrKr/PocketKrKr/cpp/plugins/psdfile/psdparse/psddata.h:163:18: warning: multi-character character constant [-Wmultichar]
2026-09-07T18:01:00.6672477Z   163 |             case 'colr':
2026-09-07T18:01:00.6672890Z       |                  ^~~~~~
2026-09-07T18:01:00.6674001Z /home/runner/work/PocketKrKr/PocketKrKr/cpp/plugins/psdfile/psdparse/psddata.h:165:18: warning: multi-character character constant [-Wmultichar]
2026-09-07T18:01:00.6675345Z   165 |             case 'lum ':
2026-09-07T18:01:00.6675773Z       |                  ^~~~~~
2026-09-07T18:01:00.6677115Z /home/runner/work/PocketKrKr/PocketKrKr/cpp/plugins/psdfile/psdparse/psddata.h:167:18: warning: multi-character character constant [-Wmultichar]
2026-09-07T18:01:00.6678335Z   167 |             case 'pass':
2026-09-07T18:01:00.6678788Z       |                  ^~~~~~
2026-09-07T18:01:00.6679849Z In file included from /home/runner/work/PocketKrKr/PocketKrKr/cpp/plugins/psdfile/psdparse/psdfile.h:3,
2026-09-07T18:01:00.6681078Z                  from /home/runner/work/PocketKrKr/PocketKrKr/cpp/plugins/psdfile/psdclass.h:9,
2026-09-07T18:01:00.6682183Z                  from /home/runner/work/PocketKrKr/PocketKrKr/cpp/plugins/psdfile/psdclass.cpp:4:
2026-09-07T18:01:00.6684343Z /home/runner/work/PocketKrKr/PocketKrKr/cpp/plugins/psdfile/psdparse/psddesc.h: In member function ‘virtual void psd::DescriptorReference::dump(int)’:
2026-09-07T18:01:00.6717682Z /home/runner/work/PocketKrKr/PocketKrKr/cpp/plugins/psdfile/psdparse/psddesc.h:234:20: warning: format ‘%d’ expects argument of type ‘int’, but argument 3 has type ‘std::vector<psd::ReferenceItem*>::size_type’ {aka ‘long unsigned int’} [-Wformat=]
2026-09-07T18:01:00.6719591Z   234 |             dprint("%s (count:%d)\n", typeName(), items.size());
2026-09-07T18:01:00.6720246Z       |                    ^~~~~~~~~~~~~~~~~              ~~~~~~~~~~~~
2026-09-07T18:01:00.6720834Z       |                                                             |
2026-09-07T18:01:00.6721661Z       |                                                             std::vector<psd::ReferenceItem*>::size_type {aka long unsigned int}
2026-09-07T18:01:00.6723138Z /home/runner/work/PocketKrKr/PocketKrKr/cpp/plugins/psdfile/psdparse/psdbase.h:7:28: note: in definition of macro ‘dprint’
2026-09-07T18:01:00.6724185Z     7 | #define dprint(...) printf(__VA_ARGS__);
2026-09-07T18:01:00.6724694Z       |                            ^~~~~~~~~~~
2026-09-07T18:01:00.6725763Z In file included from /home/runner/work/PocketKrKr/PocketKrKr/cpp/plugins/psdfile/psdparse/psddata.h:5,
2026-09-07T18:01:00.6727015Z                  from /home/runner/work/PocketKrKr/PocketKrKr/cpp/plugins/psdfile/psdparse/psdfile.h:4,
2026-09-07T18:01:00.6728142Z                  from /home/runner/work/PocketKrKr/PocketKrKr/cpp/plugins/psdfile/psdclass.h:9,
2026-09-07T18:01:00.6729215Z                  from /home/runner/work/PocketKrKr/PocketKrKr/cpp/plugins/psdfile/psdclass.cpp:4:
2026-09-07T18:01:00.6730511Z /home/runner/work/PocketKrKr/PocketKrKr/cpp/plugins/psdfile/psdparse/psddesc.h:234:32: note: format string is defined here
2026-09-07T18:01:00.6731640Z   234 |             dprint("%s (count:%d)\n", typeName(), items.size());
2026-09-07T18:01:00.6732241Z       |                               ~^
2026-09-07T18:01:00.6732674Z       |                                |
2026-09-07T18:01:00.6733122Z       |                                int
2026-09-07T18:01:00.6733561Z       |                               %ld
2026-09-07T18:01:00.6734408Z In file included from /home/runner/work/PocketKrKr/PocketKrKr/cpp/plugins/psdfile/psdparse/psdfile.h:3,
2026-09-07T18:01:00.6735800Z                  from /home/runner/work/PocketKrKr/PocketKrKr/cpp/plugins/psdfile/psdclass.h:9,
2026-09-07T18:01:00.6736841Z                  from /home/runner/work/PocketKrKr/PocketKrKr/cpp/plugins/psdfile/psdclass.cpp:4:
2026-09-07T18:01:00.6738625Z /home/runner/work/PocketKrKr/PocketKrKr/cpp/plugins/psdfile/psdparse/psddesc.h: In member function ‘virtual void psd::DescriptorList::dump(int)’:
2026-09-07T18:01:00.6741308Z /home/runner/work/PocketKrKr/PocketKrKr/cpp/plugins/psdfile/psdparse/psddesc.h:253:20: warning: format ‘%d’ expects argument of type ‘int’, but argument 3 has type ‘std::vector<psd::DescriptorItem*>::size_type’ {aka ‘long unsigned int’} [-Wformat=]
2026-09-07T18:01:00.6743137Z   253 |             dprint("%s (count:%d)\n", typeName(), items.size());
2026-09-07T18:01:00.6743786Z       |                    ^~~~~~~~~~~~~~~~~              ~~~~~~~~~~~~
2026-09-07T18:01:00.6744364Z       |                                                             |
2026-09-07T18:01:00.6775654Z       |                                                             std::vector<psd::DescriptorItem*>::size_type {aka long unsigned int}
2026-09-07T18:01:00.6777353Z /home/runner/work/PocketKrKr/PocketKrKr/cpp/plugins/psdfile/psdparse/psdbase.h:7:28: note: in definition of macro ‘dprint’
2026-09-07T18:01:00.6778715Z     7 | #define dprint(...) printf(__VA_ARGS__);
2026-09-07T18:01:00.6779249Z       |                            ^~~~~~~~~~~
2026-09-07T18:01:00.6780169Z In file included from /home/runner/work/PocketKrKr/PocketKrKr/cpp/plugins/psdfile/psdparse/psddata.h:5,
2026-09-07T18:01:00.6781441Z                  from /home/runner/work/PocketKrKr/PocketKrKr/cpp/plugins/psdfile/psdparse/psdfile.h:4,
2026-09-07T18:01:00.6782578Z                  from /home/runner/work/PocketKrKr/PocketKrKr/cpp/plugins/psdfile/psdclass.h:9,
2026-09-07T18:01:00.6783661Z                  from /home/runner/work/PocketKrKr/PocketKrKr/cpp/plugins/psdfile/psdclass.cpp:4:
2026-09-07T18:01:00.6785029Z /home/runner/work/PocketKrKr/PocketKrKr/cpp/plugins/psdfile/psdparse/psddesc.h:253:32: note: format string is defined here
2026-09-07T18:01:00.6786431Z   253 |             dprint("%s (count:%d)\n", typeName(), items.size());
2026-09-07T18:01:00.6787101Z       |                               ~^
2026-09-07T18:01:00.6787573Z       |                                |
2026-09-07T18:01:00.6788039Z       |                                int
2026-09-07T18:01:00.6788507Z       |                               %ld
2026-09-07T18:01:00.6789338Z In file included from /home/runner/work/PocketKrKr/PocketKrKr/cpp/plugins/psdfile/psdclass.h:10,
2026-09-07T18:01:00.6790499Z                  from /home/runner/work/PocketKrKr/PocketKrKr/cpp/plugins/psdfile/psdclass.cpp:4:
2026-09-07T18:01:00.6792686Z /home/runner/work/PocketKrKr/PocketKrKr/cpp/core/plugin/ncbind.hpp: In static member function ‘static ncbTypeConvertor::Conversion<FROM, TO>::OK ncbTypeConvertor::Conversion<FROM, TO>::check(TO)’:
2026-09-07T18:01:00.6794926Z /home/runner/work/PocketKrKr/PocketKrKr/cpp/core/plugin/ncbind.hpp:244:38: warning: no return statement in function returning non-void [-Wreturn-type]
2026-09-07T18:01:00.6796349Z   244 |                 static OK check(TO) {};
2026-09-07T18:01:00.6796875Z       |                                      ^
2026-09-07T18:01:02.8586714Z [573/741] Building CXX object cpp/plugins/psdfile/CMakeFiles/psdfile.dir/psdclass_loadstreambase.cpp.o
2026-09-07T18:01:02.8596755Z In file included from /home/runner/work/PocketKrKr/PocketKrKr/cpp/plugins/psdfile/psdparse/psddata.h:5,
2026-09-07T18:01:02.8616194Z                  from /home/runner/work/PocketKrKr/PocketKrKr/cpp/plugins/psdfile/psdparse/psdfile.h:4,
2026-09-07T18:01:02.8646045Z                  from /home/runner/work/PocketKrKr/PocketKrKr/cpp/plugins/psdfile/psdclass.h:9,
2026-09-07T18:01:02.8676200Z                  from /home/runner/work/PocketKrKr/PocketKrKr/cpp/plugins/psdfile/psdclass_loadstreambase.cpp:4:
2026-09-07T18:01:02.8706527Z /home/runner/work/PocketKrKr/PocketKrKr/cpp/plugins/psdfile/psdparse/psddesc.h:17:26: warning: multi-character character constant [-Wmultichar]
2026-09-07T18:01:02.8707889Z    17 |         TYPE_REFERENCE = 'obj ',
2026-09-07T18:01:02.8735851Z       |                          ^~~~~~
2026-09-07T18:01:02.8766601Z /home/runner/work/PocketKrKr/PocketKrKr/cpp/plugins/psdfile/psdparse/psddesc.h:18:27: warning: multi-character character constant [-Wmultichar]
2026-09-07T18:01:02.8775759Z    18 |         TYPE_DESCRIPTOR = 'Objc',
2026-09-07T18:01:02.8795939Z       |                           ^~~~~~
2026-09-07T18:01:02.8826493Z /home/runner/work/PocketKrKr/PocketKrKr/cpp/plugins/psdfile/psdparse/psddesc.h:19:21: warning: multi-character character constant [-Wmultichar]
2026-09-07T18:01:02.8835713Z    19 |         TYPE_LIST = 'VlLs',
2026-09-07T18:01:02.8865661Z       |                     ^~~~~~
2026-09-07T18:01:02.8886517Z /home/runner/work/PocketKrKr/PocketKrKr/cpp/plugins/psdfile/psdparse/psddesc.h:20:23: warning: multi-character character constant [-Wmultichar]
2026-09-07T18:01:02.8916249Z    20 |         TYPE_DOUBLE = 'doub',
2026-09-07T18:01:02.8925669Z       |                       ^~~~~~
2026-09-07T18:01:02.8956342Z /home/runner/work/PocketKrKr/PocketKrKr/cpp/plugins/psdfile/psdparse/psddesc.h:21:27: warning: multi-character character constant [-Wmultichar]
2026-09-07T18:01:02.8985722Z    21 |         TYPE_UNIT_FLOAT = 'UntF',
2026-09-07T18:01:02.9005862Z       |                           ^~~~~~
2026-09-07T18:01:02.9016423Z /home/runner/work/PocketKrKr/PocketKrKr/cpp/plugins/psdfile/psdparse/psddesc.h:22:23: warning: multi-character character constant [-Wmultichar]
2026-09-07T18:01:02.9045759Z    22 |         TYPE_STRING = 'TEXT',
2026-09-07T18:01:02.9065945Z       |                       ^~~~~~
2026-09-07T18:01:02.9076483Z /home/runner/work/PocketKrKr/PocketKrKr/cpp/plugins/psdfile/psdparse/psddesc.h:23:27: warning: multi-character character constant [-Wmultichar]
2026-09-07T18:01:02.9105788Z    23 |         TYPE_ENUMERATED = 'enum',
2026-09-07T18:01:02.9135701Z       |                           ^~~~~~
2026-09-07T18:01:02.9156509Z /home/runner/work/PocketKrKr/PocketKrKr/cpp/plugins/psdfile/psdparse/psddesc.h:24:24: warning: multi-character character constant [-Wmultichar]
2026-09-07T18:01:02.9165679Z    24 |         TYPE_INTEGER = 'long',
2026-09-07T18:01:02.9195659Z       |                        ^~~~~~
2026-09-07T18:01:02.9216437Z /home/runner/work/PocketKrKr/PocketKrKr/cpp/plugins/psdfile/psdparse/psddesc.h:25:24: warning: multi-character character constant [-Wmultichar]
2026-09-07T18:01:02.9217667Z    25 |         TYPE_BOOLEAN = 'bool',
2026-09-07T18:01:02.9255679Z       |                        ^~~~~~
2026-09-07T18:01:02.9286334Z /home/runner/work/PocketKrKr/PocketKrKr/cpp/plugins/psdfile/psdparse/psddesc.h:26:30: warning: multi-character character constant [-Wmultichar]
2026-09-07T18:01:02.9305877Z    26 |         TYPE_GLOBAL_OBJECT = 'GlbO',
2026-09-07T18:01:02.9315652Z       |                              ^~~~~~
2026-09-07T18:01:02.9346405Z /home/runner/work/PocketKrKr/PocketKrKr/cpp/plugins/psdfile/psdparse/psddesc.h:27:23: warning: multi-character character constant [-Wmultichar]
2026-09-07T18:01:02.9365886Z    27 |         TYPE_CLASS1 = 'type',
2026-09-07T18:01:02.9375649Z       |                       ^~~~~~
2026-09-07T18:01:02.9406379Z /home/runner/work/PocketKrKr/PocketKrKr/cpp/plugins/psdfile/psdparse/psddesc.h:28:23: warning: multi-character character constant [-Wmultichar]
2026-09-07T18:01:02.9435685Z    28 |         TYPE_CLASS2 = 'GlbC',
2026-09-07T18:01:02.9451864Z       |                       ^~~~~~
2026-09-07T18:01:02.9466398Z /home/runner/work/PocketKrKr/PocketKrKr/cpp/plugins/psdfile/psdparse/psddesc.h:29:22: warning: multi-character character constant [-Wmultichar]
2026-09-07T18:01:02.9495686Z    29 |         TYPE_ALIAS = 'alis',
2026-09-07T18:01:02.9525615Z       |                      ^~~~~~
2026-09-07T18:01:02.9536586Z /home/runner/work/PocketKrKr/PocketKrKr/cpp/plugins/psdfile/psdparse/psddesc.h:30:25: warning: multi-character character constant [-Wmultichar]
2026-09-07T18:01:02.9537818Z    30 |         TYPE_RAW_DATA = 'tdta',
2026-09-07T18:01:02.9585662Z       |                         ^~~~~~
2026-09-07T18:01:02.9616380Z /home/runner/work/PocketKrKr/PocketKrKr/cpp/plugins/psdfile/psdparse/psddesc.h:34:23: warning: multi-character character constant [-Wmultichar]
2026-09-07T18:01:02.9625879Z    34 |         UNIT_POINTS = '#Pnt',
2026-09-07T18:01:02.9636592Z       |                       ^~~~~~
2026-09-07T18:01:02.9676394Z /home/runner/work/PocketKrKr/PocketKrKr/cpp/plugins/psdfile/psdparse/psddesc.h:35:28: warning: multi-character character constant [-Wmultichar]
2026-09-07T18:01:02.9705718Z    35 |         UNIT_MILLIMETERS = '#Mlm',
2026-09-07T18:01:02.9715860Z       |                            ^~~~~~
2026-09-07T18:01:02.9736355Z /home/runner/work/PocketKrKr/PocketKrKr/cpp/plugins/psdfile/psdparse/psddesc.h:36:22: warning: multi-character character constant [-Wmultichar]
2026-09-07T18:01:02.9765695Z    36 |         UNIT_ANGLE = '#Ang', // degrees
2026-09-07T18:01:02.9776104Z       |                      ^~~~~~
2026-09-07T18:01:02.9796350Z /home/runner/work/PocketKrKr/PocketKrKr/cpp/plugins/psdfile/psdparse/psddesc.h:37:24: warning: multi-character character constant [-Wmultichar]
2026-09-07T18:01:02.9825753Z    37 |         UNIT_DENSITY = '#Rsl', // base per inch
2026-09-07T18:01:02.9835775Z       |                        ^~~~~~
2026-09-07T18:01:02.9836961Z /home/runner/work/PocketKrKr/PocketKrKr/cpp/plugins/psdfile/psdparse/psddesc.h:38:25: warning: multi-character character constant [-Wmultichar]
2026-09-07T18:01:02.9865646Z    38 |         UNIT_DISTANCE = '#Rlt', // base 72ppi
2026-09-07T18:01:02.9885730Z       |                         ^~~~~~
2026-09-07T18:01:02.9916449Z /home/runner/work/PocketKrKr/PocketKrKr/cpp/plugins/psdfile/psdparse/psddesc.h:39:21: warning: multi-character character constant [-Wmultichar]
2026-09-07T18:01:02.9917669Z    39 |         UNIT_NONE = '#Nne',
2026-09-07T18:01:02.9918121Z       |                     ^~~~~~
2026-09-07T18:01:02.9919267Z /home/runner/work/PocketKrKr/PocketKrKr/cpp/plugins/psdfile/psdparse/psddesc.h:40:24: warning: multi-character character constant [-Wmultichar]
2026-09-07T18:01:02.9920463Z    40 |         UNIT_PERCENT = '#Prc',
2026-09-07T18:01:02.9920927Z       |                        ^~~~~~
2026-09-07T18:01:02.9922067Z /home/runner/work/PocketKrKr/PocketKrKr/cpp/plugins/psdfile/psdparse/psddesc.h:41:23: warning: multi-character character constant [-Wmultichar]
2026-09-07T18:01:02.9923243Z    41 |         UNIT_PIXELS = '#Pxl',
2026-09-07T18:01:02.9923699Z       |                       ^~~~~~
2026-09-07T18:01:02.9924833Z /home/runner/work/PocketKrKr/PocketKrKr/cpp/plugins/psdfile/psdparse/psddesc.h:46:29: warning: multi-character character constant [-Wmultichar]
2026-09-07T18:01:02.9926273Z    46 |         REF_TYPE_PROPERTY = 'prop',
2026-09-07T18:01:02.9926776Z       |                             ^~~~~~
2026-09-07T18:01:02.9927936Z /home/runner/work/PocketKrKr/PocketKrKr/cpp/plugins/psdfile/psdparse/psddesc.h:47:26: warning: multi-character character constant [-Wmultichar]
2026-09-07T18:01:02.9929134Z    47 |         REF_TYPE_CLASS = 'Clss',
2026-09-07T18:01:02.9929613Z       |                          ^~~~~~
2026-09-07T18:01:02.9930754Z /home/runner/work/PocketKrKr/PocketKrKr/cpp/plugins/psdfile/psdparse/psddesc.h:48:29: warning: multi-character character constant [-Wmultichar]
2026-09-07T18:01:02.9931961Z    48 |         REF_TYPE_ENUM_REF = 'Enmr',
2026-09-07T18:01:02.9932449Z       |                             ^~~~~~
2026-09-07T18:01:02.9933619Z /home/runner/work/PocketKrKr/PocketKrKr/cpp/plugins/psdfile/psdparse/psddesc.h:49:27: warning: multi-character character constant [-Wmultichar]
2026-09-07T18:01:02.9934817Z    49 |         REF_TYPE_OFFSET = 'rele',
2026-09-07T18:01:02.9935497Z       |                           ^~~~~~
2026-09-07T18:01:02.9936622Z /home/runner/work/PocketKrKr/PocketKrKr/cpp/plugins/psdfile/psdparse/psddesc.h:50:31: warning: multi-character character constant [-Wmultichar]
2026-09-07T18:01:02.9937834Z    50 |         REF_TYPE_IDENTIFIER = 'Idnt',
2026-09-07T18:01:02.9938340Z       |                               ^~~~~~
2026-09-07T18:01:02.9939510Z /home/runner/work/PocketKrKr/PocketKrKr/cpp/plugins/psdfile/psdparse/psddesc.h:51:26: warning: multi-character character constant [-Wmultichar]
2026-09-07T18:01:02.9940714Z    51 |         REF_TYPE_INDEX = 'indx',
2026-09-07T18:01:02.9941190Z       |                          ^~~~~~
2026-09-07T18:01:02.9942344Z /home/runner/work/PocketKrKr/PocketKrKr/cpp/plugins/psdfile/psdparse/psddesc.h:52:25: warning: multi-character character constant [-Wmultichar]
2026-09-07T18:01:02.9943524Z    52 |         REF_TYPE_NAME = 'name',
2026-09-07T18:01:02.9943985Z       |                         ^~~~~~
2026-09-07T18:01:02.9944887Z In file included from /home/runner/work/PocketKrKr/PocketKrKr/cpp/plugins/psdfile/psdparse/psdfile.h:4,
2026-09-07T18:01:02.9976504Z                  from /home/runner/work/PocketKrKr/PocketKrKr/cpp/plugins/psdfile/psdclass.h:9,
2026-09-07T18:01:02.9978046Z                  from /home/runner/work/PocketKrKr/PocketKrKr/cpp/plugins/psdfile/psdclass_loadstreambase.cpp:4:
2026-09-07T18:01:02.9979692Z /home/runner/work/PocketKrKr/PocketKrKr/cpp/plugins/psdfile/psdparse/psddata.h:113:18: warning: multi-character character constant [-Wmultichar]
2026-09-07T18:01:02.9981154Z   113 |             case 'norm':
2026-09-07T18:01:02.9981591Z       |                  ^~~~~~
2026-09-07T18:01:02.9982724Z /home/runner/work/PocketKrKr/PocketKrKr/cpp/plugins/psdfile/psdparse/psddata.h:115:18: warning: multi-character character constant [-Wmultichar]
2026-09-07T18:01:02.9984342Z   115 |             case 'diss':
2026-09-07T18:01:02.9984768Z       |                  ^~~~~~
2026-09-07T18:01:02.9986074Z /home/runner/work/PocketKrKr/PocketKrKr/cpp/plugins/psdfile/psdparse/psddata.h:117:18: warning: multi-character character constant [-Wmultichar]
2026-09-07T18:01:02.9987251Z   117 |             case 'dark':
2026-09-07T18:01:02.9987669Z       |                  ^~~~~~
2026-09-07T18:01:02.9988780Z /home/runner/work/PocketKrKr/PocketKrKr/cpp/plugins/psdfile/psdparse/psddata.h:119:18: warning: multi-character character constant [-Wmultichar]
2026-09-07T18:01:02.9989949Z   119 |             case 'mul ':
2026-09-07T18:01:02.9990442Z       |                  ^~~~~~
2026-09-07T18:01:02.9991551Z /home/runner/work/PocketKrKr/PocketKrKr/cpp/plugins/psdfile/psdparse/psddata.h:121:18: warning: multi-character character constant [-Wmultichar]
2026-09-07T18:01:02.9992749Z   121 |             case 'idiv':
2026-09-07T18:01:02.9993156Z       |                  ^~~~~~
2026-09-07T18:01:02.9994262Z /home/runner/work/PocketKrKr/PocketKrKr/cpp/plugins/psdfile/psdparse/psddata.h:123:18: warning: multi-character character constant [-Wmultichar]
2026-09-07T18:01:03.0016657Z   123 |             case 'lbrn':
2026-09-07T18:01:03.0017119Z       |                  ^~~~~~
2026-09-07T18:01:03.0018319Z /home/runner/work/PocketKrKr/PocketKrKr/cpp/plugins/psdfile/psdparse/psddata.h:125:18: warning: multi-character character constant [-Wmultichar]
2026-09-07T18:01:03.0019547Z   125 |             case 'dkCl':
2026-09-07T18:01:03.0019983Z       |                  ^~~~~~
2026-09-07T18:01:03.0021127Z /home/runner/work/PocketKrKr/PocketKrKr/cpp/plugins/psdfile/psdparse/psddata.h:127:18: warning: multi-character character constant [-Wmultichar]
2026-09-07T18:01:03.0022328Z   127 |             case 'lite':
2026-09-07T18:01:03.0022773Z       |                  ^~~~~~
2026-09-07T18:01:03.0023903Z /home/runner/work/PocketKrKr/PocketKrKr/cpp/plugins/psdfile/psdparse/psddata.h:129:18: warning: multi-character character constant [-Wmultichar]
2026-09-07T18:01:03.0025092Z   129 |             case 'scrn':
2026-09-07T18:01:03.0025739Z       |                  ^~~~~~
2026-09-07T18:01:03.0026849Z /home/runner/work/PocketKrKr/PocketKrKr/cpp/plugins/psdfile/psdparse/psddata.h:131:18: warning: multi-character character constant [-Wmultichar]
2026-09-07T18:01:03.0028020Z   131 |             case 'div ':
2026-09-07T18:01:03.0028430Z       |                  ^~~~~~
2026-09-07T18:01:03.0029537Z /home/runner/work/PocketKrKr/PocketKrKr/cpp/plugins/psdfile/psdparse/psddata.h:133:18: warning: multi-character character constant [-Wmultichar]
2026-09-07T18:01:03.0030689Z   133 |             case 'lddg':
2026-09-07T18:01:03.0031094Z       |                  ^~~~~~
2026-09-07T18:01:03.0032176Z /home/runner/work/PocketKrKr/PocketKrKr/cpp/plugins/psdfile/psdparse/psddata.h:135:18: warning: multi-character character constant [-Wmultichar]
2026-09-07T18:01:03.0033338Z   135 |             case 'ltCl':
2026-09-07T18:01:03.0033756Z       |                  ^~~~~~
2026-09-07T18:01:03.0034873Z /home/runner/work/PocketKrKr/PocketKrKr/cpp/plugins/psdfile/psdparse/psddata.h:137:18: warning: multi-character character constant [-Wmultichar]
2026-09-07T18:01:03.0057026Z   137 |             case 'over':
2026-09-07T18:01:03.0057471Z       |                  ^~~~~~
2026-09-07T18:01:03.0058869Z /home/runner/work/PocketKrKr/PocketKrKr/cpp/plugins/psdfile/psdparse/psddata.h:139:18: warning: multi-character character constant [-Wmultichar]
2026-09-07T18:01:03.0060077Z   139 |             case 'sLit':
2026-09-07T18:01:03.0060503Z       |                  ^~~~~~
2026-09-07T18:01:03.0061629Z /home/runner/work/PocketKrKr/PocketKrKr/cpp/plugins/psdfile/psdparse/psddata.h:141:18: warning: multi-character character constant [-Wmultichar]
2026-09-07T18:01:03.0063061Z   141 |             case 'hLit':
2026-09-07T18:01:03.0063490Z       |                  ^~~~~~
2026-09-07T18:01:03.0064617Z /home/runner/work/PocketKrKr/PocketKrKr/cpp/plugins/psdfile/psdparse/psddata.h:143:18: warning: multi-character character constant [-Wmultichar]
2026-09-07T18:01:03.0066101Z   143 |             case 'vLit':
2026-09-07T18:01:03.0066534Z       |                  ^~~~~~
2026-09-07T18:01:03.0067662Z /home/runner/work/PocketKrKr/PocketKrKr/cpp/plugins/psdfile/psdparse/psddata.h:145:18: warning: multi-character character constant [-Wmultichar]
2026-09-07T18:01:03.0068865Z   145 |             case 'lLit':
2026-09-07T18:01:03.0069303Z       |                  ^~~~~~
2026-09-07T18:01:03.0070434Z /home/runner/work/PocketKrKr/PocketKrKr/cpp/plugins/psdfile/psdparse/psddata.h:147:18: warning: multi-character character constant [-Wmultichar]
2026-09-07T18:01:03.0071597Z   147 |             case 'pLit':
2026-09-07T18:01:03.0072047Z       |                  ^~~~~~
2026-09-07T18:01:03.0073145Z /home/runner/work/PocketKrKr/PocketKrKr/cpp/plugins/psdfile/psdparse/psddata.h:149:18: warning: multi-character character constant [-Wmultichar]
2026-09-07T18:01:03.0074308Z   149 |             case 'hMix':
2026-09-07T18:01:03.0074736Z       |                  ^~~~~~
2026-09-07T18:01:03.0076077Z /home/runner/work/PocketKrKr/PocketKrKr/cpp/plugins/psdfile/psdparse/psddata.h:151:18: warning: multi-character character constant [-Wmultichar]
2026-09-07T18:01:03.0077251Z   151 |             case 'diff':
2026-09-07T18:01:03.0077663Z       |                  ^~~~~~
2026-09-07T18:01:03.0078755Z /home/runner/work/PocketKrKr/PocketKrKr/cpp/plugins/psdfile/psdparse/psddata.h:153:18: warning: multi-character character constant [-Wmultichar]
2026-09-07T18:01:03.0079915Z   153 |             case 'smud':
2026-09-07T18:01:03.0080325Z       |                  ^~~~~~
2026-09-07T18:01:03.0081415Z /home/runner/work/PocketKrKr/PocketKrKr/cpp/plugins/psdfile/psdparse/psddata.h:155:18: warning: multi-character character constant [-Wmultichar]
2026-09-07T18:01:03.0082595Z   155 |             case 'fsub':
2026-09-07T18:01:03.0083010Z       |                  ^~~~~~
2026-09-07T18:01:03.0084110Z /home/runner/work/PocketKrKr/PocketKrKr/cpp/plugins/psdfile/psdparse/psddata.h:157:18: warning: multi-character character constant [-Wmultichar]
2026-09-07T18:01:03.0115586Z   157 |             case 'fdiv':
2026-09-07T18:01:03.0116087Z       |                  ^~~~~~
2026-09-07T18:01:03.0117245Z /home/runner/work/PocketKrKr/PocketKrKr/cpp/plugins/psdfile/psdparse/psddata.h:159:18: warning: multi-character character constant [-Wmultichar]
2026-09-07T18:01:03.0118469Z   159 |             case 'hue ':
2026-09-07T18:01:03.0118914Z       |                  ^~~~~~
2026-09-07T18:01:03.0119997Z /home/runner/work/PocketKrKr/PocketKrKr/cpp/plugins/psdfile/psdparse/psddata.h:161:18: warning: multi-character character constant [-Wmultichar]
2026-09-07T18:01:03.0121181Z   161 |             case 'sat ':
2026-09-07T18:01:03.0121601Z       |                  ^~~~~~
2026-09-07T18:01:03.0122716Z /home/runner/work/PocketKrKr/PocketKrKr/cpp/plugins/psdfile/psdparse/psddata.h:163:18: warning: multi-character character constant [-Wmultichar]
2026-09-07T18:01:03.0123901Z   163 |             case 'colr':
2026-09-07T18:01:03.0124316Z       |                  ^~~~~~
2026-09-07T18:01:03.0125654Z /home/runner/work/PocketKrKr/PocketKrKr/cpp/plugins/psdfile/psdparse/psddata.h:165:18: warning: multi-character character constant [-Wmultichar]
2026-09-07T18:01:03.0126837Z   165 |             case 'lum ':
2026-09-07T18:01:03.0127252Z       |                  ^~~~~~
2026-09-07T18:01:03.0128617Z /home/runner/work/PocketKrKr/PocketKrKr/cpp/plugins/psdfile/psdparse/psddata.h:167:18: warning: multi-character character constant [-Wmultichar]
2026-09-07T18:01:03.0129797Z   167 |             case 'pass':
2026-09-07T18:01:03.0130236Z       |                  ^~~~~~
2026-09-07T18:01:03.0131288Z In file included from /home/runner/work/PocketKrKr/PocketKrKr/cpp/plugins/psdfile/psdparse/psdfile.h:3,
2026-09-07T18:01:03.0132507Z                  from /home/runner/work/PocketKrKr/PocketKrKr/cpp/plugins/psdfile/psdclass.h:9,
2026-09-07T18:01:03.0133758Z                  from /home/runner/work/PocketKrKr/PocketKrKr/cpp/plugins/psdfile/psdclass_loadstreambase.cpp:4:
2026-09-07T18:01:03.0136261Z /home/runner/work/PocketKrKr/PocketKrKr/cpp/plugins/psdfile/psdparse/psddesc.h: In member function ‘virtual void psd::DescriptorReference::dump(int)’:
2026-09-07T18:01:03.0139337Z /home/runner/work/PocketKrKr/PocketKrKr/cpp/plugins/psdfile/psdparse/psddesc.h:234:20: warning: format ‘%d’ expects argument of type ‘int’, but argument 3 has type ‘std::vector<psd::ReferenceItem*>::size_type’ {aka ‘long unsigned int’} [-Wformat=]
2026-09-07T18:01:03.0141306Z   234 |             dprint("%s (count:%d)\n", typeName(), items.size());
2026-09-07T18:01:03.0141987Z       |                    ^~~~~~~~~~~~~~~~~              ~~~~~~~~~~~~
2026-09-07T18:01:03.0142590Z       |                                                             |
2026-09-07T18:01:03.0143472Z       |                                                             std::vector<psd::ReferenceItem*>::size_type {aka long unsigned int}
2026-09-07T18:01:03.0145044Z /home/runner/work/PocketKrKr/PocketKrKr/cpp/plugins/psdfile/psdparse/psdbase.h:7:28: note: in definition of macro ‘dprint’
2026-09-07T18:01:03.0176616Z     7 | #define dprint(...) printf(__VA_ARGS__);
2026-09-07T18:01:03.0177172Z       |                            ^~~~~~~~~~~
2026-09-07T18:01:03.0178085Z In file included from /home/runner/work/PocketKrKr/PocketKrKr/cpp/plugins/psdfile/psdparse/psddata.h:5,
2026-09-07T18:01:03.0179388Z                  from /home/runner/work/PocketKrKr/PocketKrKr/cpp/plugins/psdfile/psdparse/psdfile.h:4,
2026-09-07T18:01:03.0180530Z                  from /home/runner/work/PocketKrKr/PocketKrKr/cpp/plugins/psdfile/psdclass.h:9,
2026-09-07T18:01:03.0181743Z                  from /home/runner/work/PocketKrKr/PocketKrKr/cpp/plugins/psdfile/psdclass_loadstreambase.cpp:4:
2026-09-07T18:01:03.0183260Z /home/runner/work/PocketKrKr/PocketKrKr/cpp/plugins/psdfile/psdparse/psddesc.h:234:32: note: format string is defined here
2026-09-07T18:01:03.0184446Z   234 |             dprint("%s (count:%d)\n", typeName(), items.size());
2026-09-07T18:01:03.0185048Z       |                               ~^
2026-09-07T18:01:03.0185751Z       |                                |
2026-09-07T18:01:03.0186216Z       |                                int
2026-09-07T18:01:03.0186663Z       |                               %ld
2026-09-07T18:01:03.0187805Z In file included from /home/runner/work/PocketKrKr/PocketKrKr/cpp/plugins/psdfile/psdparse/psdfile.h:3,
2026-09-07T18:01:03.0189040Z                  from /home/runner/work/PocketKrKr/PocketKrKr/cpp/plugins/psdfile/psdclass.h:9,
2026-09-07T18:01:03.0190255Z                  from /home/runner/work/PocketKrKr/PocketKrKr/cpp/plugins/psdfile/psdclass_loadstreambase.cpp:4:
2026-09-07T18:01:03.0192586Z /home/runner/work/PocketKrKr/PocketKrKr/cpp/plugins/psdfile/psdparse/psddesc.h: In member function ‘virtual void psd::DescriptorList::dump(int)’:
2026-09-07T18:01:03.0195828Z /home/runner/work/PocketKrKr/PocketKrKr/cpp/plugins/psdfile/psdparse/psddesc.h:253:20: warning: format ‘%d’ expects argument of type ‘int’, but argument 3 has type ‘std::vector<psd::DescriptorItem*>::size_type’ {aka ‘long unsigned int’} [-Wformat=]
2026-09-07T18:01:03.0197765Z   253 |             dprint("%s (count:%d)\n", typeName(), items.size());
2026-09-07T18:01:03.0198414Z       |                    ^~~~~~~~~~~~~~~~~              ~~~~~~~~~~~~
2026-09-07T18:01:03.0199012Z       |                                                             |
2026-09-07T18:01:03.0199870Z       |                                                             std::vector<psd::DescriptorItem*>::size_type {aka long unsigned int}
2026-09-07T18:01:03.0201419Z /home/runner/work/PocketKrKr/PocketKrKr/cpp/plugins/psdfile/psdparse/psdbase.h:7:28: note: in definition of macro ‘dprint’
2026-09-07T18:01:03.0202533Z     7 | #define dprint(...) printf(__VA_ARGS__);
2026-09-07T18:01:03.0203065Z       |                            ^~~~~~~~~~~
2026-09-07T18:01:03.0203965Z In file included from /home/runner/work/PocketKrKr/PocketKrKr/cpp/plugins/psdfile/psdparse/psddata.h:5,
2026-09-07T18:01:03.0235560Z                  from /home/runner/work/PocketKrKr/PocketKrKr/cpp/plugins/psdfile/psdparse/psdfile.h:4,
2026-09-07T18:01:03.0236786Z                  from /home/runner/work/PocketKrKr/PocketKrKr/cpp/plugins/psdfile/psdclass.h:9,
2026-09-07T18:01:03.0238028Z                  from /home/runner/work/PocketKrKr/PocketKrKr/cpp/plugins/psdfile/psdclass_loadstreambase.cpp:4:
2026-09-07T18:01:03.0239523Z /home/runner/work/PocketKrKr/PocketKrKr/cpp/plugins/psdfile/psdparse/psddesc.h:253:32: note: format string is defined here
2026-09-07T18:01:03.0240729Z   253 |             dprint("%s (count:%d)\n", typeName(), items.size());
2026-09-07T18:01:03.0241342Z       |                               ~^
2026-09-07T18:01:03.0241805Z       |                                |
2026-09-07T18:01:03.0242249Z       |                                int
2026-09-07T18:01:03.0242717Z       |                               %ld
2026-09-07T18:01:03.0243556Z In file included from /home/runner/work/PocketKrKr/PocketKrKr/cpp/plugins/psdfile/psdclass.h:10,
2026-09-07T18:01:03.0244844Z                  from /home/runner/work/PocketKrKr/PocketKrKr/cpp/plugins/psdfile/psdclass_loadstreambase.cpp:4:
2026-09-07T18:01:03.0247439Z /home/runner/work/PocketKrKr/PocketKrKr/cpp/core/plugin/ncbind.hpp: In static member function ‘static ncbTypeConvertor::Conversion<FROM, TO>::OK ncbTypeConvertor::Conversion<FROM, TO>::check(TO)’:
2026-09-07T18:01:03.0249667Z /home/runner/work/PocketKrKr/PocketKrKr/cpp/core/plugin/ncbind.hpp:244:38: warning: no return statement in function returning non-void [-Wreturn-type]
2026-09-07T18:01:03.0250894Z   244 |                 static OK check(TO) {};
2026-09-07T18:01:03.0251430Z       |                                      ^
2026-09-07T18:01:03.1626329Z [574/741] Building CXX object cpp/plugins/psdfile/CMakeFiles/psdfile.dir/__/scriptsEx.cpp.o
2026-09-07T18:01:03.1656160Z In file included from /home/runner/work/PocketKrKr/PocketKrKr/cpp/plugins/scriptsEx.cpp:5:
2026-09-07T18:01:03.1667307Z /home/runner/work/PocketKrKr/PocketKrKr/cpp/core/plugin/ncbind.hpp: In static member function ‘static ncbTypeConvertor::Conversion<FROM, TO>::OK ncbTypeConvertor::Conversion<FROM, TO>::check(TO)’:
2026-09-07T18:01:03.1675755Z /home/runner/work/PocketKrKr/PocketKrKr/cpp/core/plugin/ncbind.hpp:244:38: warning: no return statement in function returning non-void [-Wreturn-type]
2026-09-07T18:01:03.1677345Z   244 |                 static OK check(TO) {};
2026-09-07T18:01:03.1677953Z       |                                      ^
2026-09-07T18:01:04.9929505Z [575/741] Building CXX object cpp/plugins/psdfile/CMakeFiles/psdfile.dir/__/win32dialog.cpp.o
2026-09-07T18:01:04.9944103Z In file included from /home/runner/work/PocketKrKr/PocketKrKr/cpp/plugins/win32dialog.cpp:2:
2026-09-07T18:01:04.9947789Z /home/runner/work/PocketKrKr/PocketKrKr/cpp/core/plugin/ncbind.hpp: In static member function ‘static ncbTypeConvertor::Conversion<FROM, TO>::OK ncbTypeConvertor::Conversion<FROM, TO>::check(TO)’:
2026-09-07T18:01:04.9950600Z /home/runner/work/PocketKrKr/PocketKrKr/cpp/core/plugin/ncbind.hpp:244:38: warning: no return statement in function returning non-void [-Wreturn-type]
2026-09-07T18:01:04.9952035Z   244 |                 static OK check(TO) {};
2026-09-07T18:01:04.9952718Z       |                                      ^
2026-09-07T18:01:05.3838049Z [576/741] Building CXX object cpp/plugins/psdfile/CMakeFiles/psdfile.dir/__/dirlist.cpp.o
2026-09-07T18:01:05.3851376Z In file included from /home/runner/work/PocketKrKr/PocketKrKr/cpp/plugins/dirlist.cpp:5:
2026-09-07T18:01:05.3853843Z /home/runner/work/PocketKrKr/PocketKrKr/cpp/core/plugin/ncbind.hpp: In static member function ‘static ncbTypeConvertor::Conversion<FROM, TO>::OK ncbTypeConvertor::Conversion<FROM, TO>::check(TO)’:
2026-09-07T18:01:05.3856417Z /home/runner/work/PocketKrKr/PocketKrKr/cpp/core/plugin/ncbind.hpp:244:38: warning: no return statement in function returning non-void [-Wreturn-type]
2026-09-07T18:01:05.3857979Z   244 |                 static OK check(TO) {};
2026-09-07T18:01:05.3858720Z       |                                      ^
2026-09-07T18:01:07.2287469Z [577/741] Building CXX object cpp/plugins/psdfile/CMakeFiles/psdfile.dir/__/csvParser.cpp.o
2026-09-07T18:01:07.2316171Z In file included from /home/runner/work/PocketKrKr/PocketKrKr/cpp/plugins/csvParser.cpp:3:
2026-09-07T18:01:07.2337466Z /home/runner/work/PocketKrKr/PocketKrKr/cpp/core/plugin/ncbind.hpp: In static member function ‘static ncbTypeConvertor::Conversion<FROM, TO>::OK ncbTypeConvertor::Conversion<FROM, TO>::check(TO)’:
2026-09-07T18:01:07.2366492Z /home/runner/work/PocketKrKr/PocketKrKr/cpp/core/plugin/ncbind.hpp:244:38: warning: no return statement in function returning non-void [-Wreturn-type]
2026-09-07T18:01:07.2395928Z   244 |                 static OK check(TO) {};
2026-09-07T18:01:07.2405915Z       |                                      ^
2026-09-07T18:01:07.3036744Z [578/741] Building CXX object cpp/plugins/psdfile/psdparse/CMakeFiles/psdparse.dir/__/psdclass_loadstream.cpp.o
2026-09-07T18:01:07.3038218Z In file included from /home/runner/work/PocketKrKr/PocketKrKr/cpp/plugins/psdfile/psdparse/psddata.h:5,
2026-09-07T18:01:07.3039446Z                  from /home/runner/work/PocketKrKr/PocketKrKr/cpp/plugins/psdfile/psdparse/psdfile.h:4,
2026-09-07T18:01:07.3040572Z                  from /home/runner/work/PocketKrKr/PocketKrKr/cpp/plugins/psdfile/psdclass.h:9,
2026-09-07T18:01:07.3041498Z                  from /home/runner/work/PocketKrKr/PocketKrKr/cpp/plugins/psdfile/psdclass_loadstream.cpp:1:
2026-09-07T18:01:07.3042387Z /home/runner/work/PocketKrKr/PocketKrKr/cpp/plugins/psdfile/psdparse/psddesc.h:17:26: warning: multi-character character constant [-Wmultichar]
2026-09-07T18:01:07.3043089Z    17 |         TYPE_REFERENCE = 'obj ',
2026-09-07T18:01:07.3043368Z       |                          ^~~~~~
2026-09-07T18:01:07.3044007Z /home/runner/work/PocketKrKr/PocketKrKr/cpp/plugins/psdfile/psdparse/psddesc.h:18:27: warning: multi-character character constant [-Wmultichar]
2026-09-07T18:01:07.3044682Z    18 |         TYPE_DESCRIPTOR = 'Objc',
2026-09-07T18:01:07.3044967Z       |                           ^~~~~~
2026-09-07T18:01:07.3046167Z /home/runner/work/PocketKrKr/PocketKrKr/cpp/plugins/psdfile/psdparse/psddesc.h:19:21: warning: multi-character character constant [-Wmultichar]
2026-09-07T18:01:07.3047394Z    19 |         TYPE_LIST = 'VlLs',
2026-09-07T18:01:07.3048204Z       |                     ^~~~~~
2026-09-07T18:01:07.3049389Z /home/runner/work/PocketKrKr/PocketKrKr/cpp/plugins/psdfile/psdparse/psddesc.h:20:23: warning: multi-character character constant [-Wmultichar]
2026-09-07T18:01:07.3050606Z    20 |         TYPE_DOUBLE = 'doub',
2026-09-07T18:01:07.3051068Z       |                       ^~~~~~
2026-09-07T18:01:07.3052498Z /home/runner/work/PocketKrKr/PocketKrKr/cpp/plugins/psdfile/psdparse/psddesc.h:21:27: warning: multi-character character constant [-Wmultichar]
2026-09-07T18:01:07.3053748Z    21 |         TYPE_UNIT_FLOAT = 'UntF',
2026-09-07T18:01:07.3054260Z       |                           ^~~~~~
2026-09-07T18:01:07.3055743Z /home/runner/work/PocketKrKr/PocketKrKr/cpp/plugins/psdfile/psdparse/psddesc.h:22:23: warning: multi-character character constant [-Wmultichar]
2026-09-07T18:01:07.3056949Z    22 |         TYPE_STRING = 'TEXT',
2026-09-07T18:01:07.3057401Z       |                       ^~~~~~
2026-09-07T18:01:07.3067806Z /home/runner/work/PocketKrKr/PocketKrKr/cpp/plugins/psdfile/psdparse/psddesc.h:23:27: warning: multi-character character constant [-Wmultichar]
2026-09-07T18:01:07.3069090Z    23 |         TYPE_ENUMERATED = 'enum',
2026-09-07T18:01:07.3069627Z       |                           ^~~~~~
2026-09-07T18:01:07.3070822Z /home/runner/work/PocketKrKr/PocketKrKr/cpp/plugins/psdfile/psdparse/psddesc.h:24:24: warning: multi-character character constant [-Wmultichar]
2026-09-07T18:01:07.3072106Z    24 |         TYPE_INTEGER = 'long',
2026-09-07T18:01:07.3072599Z       |                        ^~~~~~
2026-09-07T18:01:07.3073790Z /home/runner/work/PocketKrKr/PocketKrKr/cpp/plugins/psdfile/psdparse/psddesc.h:25:24: warning: multi-character character constant [-Wmultichar]
2026-09-07T18:01:07.3075054Z    25 |         TYPE_BOOLEAN = 'bool',
2026-09-07T18:01:07.3075797Z       |                        ^~~~~~
2026-09-07T18:01:07.3076966Z /home/runner/work/PocketKrKr/PocketKrKr/cpp/plugins/psdfile/psdparse/psddesc.h:26:30: warning: multi-character character constant [-Wmultichar]
2026-09-07T18:01:07.3078229Z    26 |         TYPE_GLOBAL_OBJECT = 'GlbO',
2026-09-07T18:01:07.3078767Z       |                              ^~~~~~
2026-09-07T18:01:07.3079986Z /home/runner/work/PocketKrKr/PocketKrKr/cpp/plugins/psdfile/psdparse/psddesc.h:27:23: warning: multi-character character constant [-Wmultichar]
2026-09-07T18:01:07.3081248Z    27 |         TYPE_CLASS1 = 'type',
2026-09-07T18:01:07.3081742Z       |                       ^~~~~~
2026-09-07T18:01:07.3082925Z /home/runner/work/PocketKrKr/PocketKrKr/cpp/plugins/psdfile/psdparse/psddesc.h:28:23: warning: multi-character character constant [-Wmultichar]
2026-09-07T18:01:07.3084183Z    28 |         TYPE_CLASS2 = 'GlbC',
2026-09-07T18:01:07.3084696Z       |                       ^~~~~~
2026-09-07T18:01:07.3086178Z /home/runner/work/PocketKrKr/PocketKrKr/cpp/plugins/psdfile/psdparse/psddesc.h:29:22: warning: multi-character character constant [-Wmultichar]
2026-09-07T18:01:07.3087630Z    29 |         TYPE_ALIAS = 'alis',
2026-09-07T18:01:07.3088115Z       |                      ^~~~~~
2026-09-07T18:01:07.3089303Z /home/runner/work/PocketKrKr/PocketKrKr/cpp/plugins/psdfile/psdparse/psddesc.h:30:25: warning: multi-character character constant [-Wmultichar]
2026-09-07T18:01:07.3090700Z    30 |         TYPE_RAW_DATA = 'tdta',
2026-09-07T18:01:07.3091208Z       |                         ^~~~~~
2026-09-07T18:01:07.3092397Z /home/runner/work/PocketKrKr/PocketKrKr/cpp/plugins/psdfile/psdparse/psddesc.h:34:23: warning: multi-character character constant [-Wmultichar]
2026-09-07T18:01:07.3093653Z    34 |         UNIT_POINTS = '#Pnt',
2026-09-07T18:01:07.3094152Z       |                       ^~~~~~
2026-09-07T18:01:07.3095633Z /home/runner/work/PocketKrKr/PocketKrKr/cpp/plugins/psdfile/psdparse/psddesc.h:35:28: warning: multi-character character constant [-Wmultichar]
2026-09-07T18:01:07.3097000Z    35 |         UNIT_MILLIMETERS = '#Mlm',
2026-09-07T18:01:07.3097532Z       |                            ^~~~~~
2026-09-07T18:01:07.3099028Z /home/runner/work/PocketKrKr/PocketKrKr/cpp/plugins/psdfile/psdparse/psddesc.h:36:22: warning: multi-character character constant [-Wmultichar]
2026-09-07T18:01:07.3100347Z    36 |         UNIT_ANGLE = '#Ang', // degrees
2026-09-07T18:01:07.3100902Z       |                      ^~~~~~
2026-09-07T18:01:07.3102373Z /home/runner/work/PocketKrKr/PocketKrKr/cpp/plugins/psdfile/psdparse/psddesc.h:37:24: warning: multi-character character constant [-Wmultichar]
2026-09-07T18:01:07.3103684Z    37 |         UNIT_DENSITY = '#Rsl', // base per inch
2026-09-07T18:01:07.3104248Z       |                        ^~~~~~
2026-09-07T18:01:07.3105731Z /home/runner/work/PocketKrKr/PocketKrKr/cpp/plugins/psdfile/psdparse/psddesc.h:38:25: warning: multi-character character constant [-Wmultichar]
2026-09-07T18:01:07.3107032Z    38 |         UNIT_DISTANCE = '#Rlt', // base 72ppi
2026-09-07T18:01:07.3107545Z       |                         ^~~~~~
2026-09-07T18:01:07.3108699Z /home/runner/work/PocketKrKr/PocketKrKr/cpp/plugins/psdfile/psdparse/psddesc.h:39:21: warning: multi-character character constant [-Wmultichar]
2026-09-07T18:01:07.3109867Z    39 |         UNIT_NONE = '#Nne',
2026-09-07T18:01:07.3110324Z       |                     ^~~~~~
2026-09-07T18:01:07.3111479Z /home/runner/work/PocketKrKr/PocketKrKr/cpp/plugins/psdfile/psdparse/psddesc.h:40:24: warning: multi-character character constant [-Wmultichar]
2026-09-07T18:01:07.3112706Z    40 |         UNIT_PERCENT = '#Prc',
2026-09-07T18:01:07.3113203Z       |                        ^~~~~~
2026-09-07T18:01:07.3114341Z /home/runner/work/PocketKrKr/PocketKrKr/cpp/plugins/psdfile/psdparse/psddesc.h:41:23: warning: multi-character character constant [-Wmultichar]
2026-09-07T18:01:07.3115993Z    41 |         UNIT_PIXELS = '#Pxl',
2026-09-07T18:01:07.3116482Z       |                       ^~~~~~
2026-09-07T18:01:07.3117658Z /home/runner/work/PocketKrKr/PocketKrKr/cpp/plugins/psdfile/psdparse/psddesc.h:46:29: warning: multi-character character constant [-Wmultichar]
2026-09-07T18:01:07.3118931Z    46 |         REF_TYPE_PROPERTY = 'prop',
2026-09-07T18:01:07.3119451Z       |                             ^~~~~~
2026-09-07T18:01:07.3120663Z /home/runner/work/PocketKrKr/PocketKrKr/cpp/plugins/psdfile/psdparse/psddesc.h:47:26: warning: multi-character character constant [-Wmultichar]
2026-09-07T18:01:07.3121903Z    47 |         REF_TYPE_CLASS = 'Clss',
2026-09-07T18:01:07.3122398Z       |                          ^~~~~~
2026-09-07T18:01:07.3123601Z /home/runner/work/PocketKrKr/PocketKrKr/cpp/plugins/psdfile/psdparse/psddesc.h:48:29: warning: multi-character character constant [-Wmultichar]
2026-09-07T18:01:07.3124822Z    48 |         REF_TYPE_ENUM_REF = 'Enmr',
2026-09-07T18:01:07.3125604Z       |                             ^~~~~~
2026-09-07T18:01:07.3126700Z /home/runner/work/PocketKrKr/PocketKrKr/cpp/plugins/psdfile/psdparse/psddesc.h:49:27: warning: multi-character character constant [-Wmultichar]
2026-09-07T18:01:07.3127862Z    49 |         REF_TYPE_OFFSET = 'rele',
2026-09-07T18:01:07.3128380Z       |                           ^~~~~~
2026-09-07T18:01:07.3129560Z /home/runner/work/PocketKrKr/PocketKrKr/cpp/plugins/psdfile/psdparse/psddesc.h:50:31: warning: multi-character character constant [-Wmultichar]
2026-09-07T18:01:07.3130809Z    50 |         REF_TYPE_IDENTIFIER = 'Idnt',
2026-09-07T18:01:07.3131341Z       |                               ^~~~~~
2026-09-07T18:01:07.3132425Z /home/runner/work/PocketKrKr/PocketKrKr/cpp/plugins/psdfile/psdparse/psddesc.h:51:26: warning: multi-character character constant [-Wmultichar]
2026-09-07T18:01:07.3133621Z    51 |         REF_TYPE_INDEX = 'indx',
2026-09-07T18:01:07.3134118Z       |                          ^~~~~~
2026-09-07T18:01:07.3135881Z /home/runner/work/PocketKrKr/PocketKrKr/cpp/plugins/psdfile/psdparse/psddesc.h:52:25: warning: multi-character character constant [-Wmultichar]
2026-09-07T18:01:07.3137149Z    52 |         REF_TYPE_NAME = 'name',
2026-09-07T18:01:07.3137630Z       |                         ^~~~~~
2026-09-07T18:01:07.3138832Z In file included from /home/runner/work/PocketKrKr/PocketKrKr/cpp/plugins/psdfile/psdparse/psdfile.h:4,
2026-09-07T18:01:07.3140095Z                  from /home/runner/work/PocketKrKr/PocketKrKr/cpp/plugins/psdfile/psdclass.h:9,
2026-09-07T18:01:07.3141361Z                  from /home/runner/work/PocketKrKr/PocketKrKr/cpp/plugins/psdfile/psdclass_loadstream.cpp:1:
2026-09-07T18:01:07.3143165Z /home/runner/work/PocketKrKr/PocketKrKr/cpp/plugins/psdfile/psdparse/psddata.h:113:18: warning: multi-character character constant [-Wmultichar]
2026-09-07T18:01:07.3144397Z   113 |             case 'norm':
2026-09-07T18:01:07.3144843Z       |                  ^~~~~~
2026-09-07T18:01:07.3146285Z /home/runner/work/PocketKrKr/PocketKrKr/cpp/plugins/psdfile/psdparse/psddata.h:115:18: warning: multi-character character constant [-Wmultichar]
2026-09-07T18:01:07.3148259Z   115 |             case 'diss':
2026-09-07T18:01:07.3148717Z       |                  ^~~~~~
2026-09-07T18:01:07.3149889Z /home/runner/work/PocketKrKr/PocketKrKr/cpp/plugins/psdfile/psdparse/psddata.h:117:18: warning: multi-character character constant [-Wmultichar]
2026-09-07T18:01:07.3151126Z   117 |             case 'dark':
2026-09-07T18:01:07.3151582Z       |                  ^~~~~~
2026-09-07T18:01:07.3152747Z /home/runner/work/PocketKrKr/PocketKrKr/cpp/plugins/psdfile/psdparse/psddata.h:119:18: warning: multi-character character constant [-Wmultichar]
2026-09-07T18:01:07.3153987Z   119 |             case 'mul ':
2026-09-07T18:01:07.3154427Z       |                  ^~~~~~
2026-09-07T18:01:07.3155853Z /home/runner/work/PocketKrKr/PocketKrKr/cpp/plugins/psdfile/psdparse/psddata.h:121:18: warning: multi-character character constant [-Wmultichar]
2026-09-07T18:01:07.3157101Z   121 |             case 'idiv':
2026-09-07T18:01:07.3157541Z       |                  ^~~~~~
2026-09-07T18:01:07.3158710Z /home/runner/work/PocketKrKr/PocketKrKr/cpp/plugins/psdfile/psdparse/psddata.h:123:18: warning: multi-character character constant [-Wmultichar]
2026-09-07T18:01:07.3159916Z   123 |             case 'lbrn':
2026-09-07T18:01:07.3160374Z       |                  ^~~~~~
2026-09-07T18:01:07.3161511Z /home/runner/work/PocketKrKr/PocketKrKr/cpp/plugins/psdfile/psdparse/psddata.h:125:18: warning: multi-character character constant [-Wmultichar]
2026-09-07T18:01:07.3162721Z   125 |             case 'dkCl':
2026-09-07T18:01:07.3163129Z       |                  ^~~~~~
2026-09-07T18:01:07.3164094Z /home/runner/work/PocketKrKr/PocketKrKr/cpp/plugins/psdfile/psdparse/psddata.h:127:18: warning: multi-character character constant [-Wmultichar]
2026-09-07T18:01:07.3165745Z   127 |             case 'lite':
2026-09-07T18:01:07.3166205Z       |                  ^~~~~~
2026-09-07T18:01:07.3167307Z /home/runner/work/PocketKrKr/PocketKrKr/cpp/plugins/psdfile/psdparse/psddata.h:129:18: warning: multi-character character constant [-Wmultichar]
2026-09-07T18:01:07.3168472Z   129 |             case 'scrn':
2026-09-07T18:01:07.3168907Z       |                  ^~~~~~
2026-09-07T18:01:07.3170024Z /home/runner/work/PocketKrKr/PocketKrKr/cpp/plugins/psdfile/psdparse/psddata.h:131:18: warning: multi-character character constant [-Wmultichar]
2026-09-07T18:01:07.3171214Z   131 |             case 'div ':
2026-09-07T18:01:07.3171647Z       |                  ^~~~~~
2026-09-07T18:01:07.3172713Z /home/runner/work/PocketKrKr/PocketKrKr/cpp/plugins/psdfile/psdparse/psddata.h:133:18: warning: multi-character character constant [-Wmultichar]
2026-09-07T18:01:07.3173874Z   133 |             case 'lddg':
2026-09-07T18:01:07.3174308Z       |                  ^~~~~~
2026-09-07T18:01:07.3175721Z /home/runner/work/PocketKrKr/PocketKrKr/cpp/plugins/psdfile/psdparse/psddata.h:135:18: warning: multi-character character constant [-Wmultichar]
2026-09-07T18:01:07.3176925Z   135 |             case 'ltCl':
2026-09-07T18:01:07.3177359Z       |                  ^~~~~~
2026-09-07T18:01:07.3178578Z /home/runner/work/PocketKrKr/PocketKrKr/cpp/plugins/psdfile/psdparse/psddata.h:137:18: warning: multi-character character constant [-Wmultichar]
2026-09-07T18:01:07.3180117Z   137 |             case 'over':
2026-09-07T18:01:07.3180624Z       |                  ^~~~~~
2026-09-07T18:01:07.3181751Z /home/runner/work/PocketKrKr/PocketKrKr/cpp/plugins/psdfile/psdparse/psddata.h:139:18: warning: multi-character character constant [-Wmultichar]
2026-09-07T18:01:07.3183243Z   139 |             case 'sLit':
2026-09-07T18:01:07.3183676Z       |                  ^~~~~~
2026-09-07T18:01:07.3184825Z /home/runner/work/PocketKrKr/PocketKrKr/cpp/plugins/psdfile/psdparse/psddata.h:141:18: warning: multi-character character constant [-Wmultichar]
2026-09-07T18:01:07.3186316Z   141 |             case 'hLit':
2026-09-07T18:01:07.3186762Z       |                  ^~~~~~
2026-09-07T18:01:07.3187909Z /home/runner/work/PocketKrKr/PocketKrKr/cpp/plugins/psdfile/psdparse/psddata.h:143:18: warning: multi-character character constant [-Wmultichar]
2026-09-07T18:01:07.3189117Z   143 |             case 'vLit':
2026-09-07T18:01:07.3189566Z       |                  ^~~~~~
2026-09-07T18:01:07.3190680Z /home/runner/work/PocketKrKr/PocketKrKr/cpp/plugins/psdfile/psdparse/psddata.h:145:18: warning: multi-character character constant [-Wmultichar]
2026-09-07T18:01:07.3191887Z   145 |             case 'lLit':
2026-09-07T18:01:07.3192328Z       |                  ^~~~~~
2026-09-07T18:01:07.3193447Z /home/runner/work/PocketKrKr/PocketKrKr/cpp/plugins/psdfile/psdparse/psddata.h:147:18: warning: multi-character character constant [-Wmultichar]
2026-09-07T18:01:07.3194638Z   147 |             case 'pLit':
2026-09-07T18:01:07.3195067Z       |                  ^~~~~~
2026-09-07T18:01:07.3196524Z /home/runner/work/PocketKrKr/PocketKrKr/cpp/plugins/psdfile/psdparse/psddata.h:149:18: warning: multi-character character constant [-Wmultichar]
2026-09-07T18:01:07.3197703Z   149 |             case 'hMix':
2026-09-07T18:01:07.3198134Z       |                  ^~~~~~
2026-09-07T18:01:07.3199243Z /home/runner/work/PocketKrKr/PocketKrKr/cpp/plugins/psdfile/psdparse/psddata.h:151:18: warning: multi-character character constant [-Wmultichar]
2026-09-07T18:01:07.3200478Z   151 |             case 'diff':
2026-09-07T18:01:07.3200913Z       |                  ^~~~~~
2026-09-07T18:01:07.3201926Z /home/runner/work/PocketKrKr/PocketKrKr/cpp/plugins/psdfile/psdparse/psddata.h:153:18: warning: multi-character character constant [-Wmultichar]
2026-09-07T18:01:07.3203103Z   153 |             case 'smud':
2026-09-07T18:01:07.3203554Z       |                  ^~~~~~
2026-09-07T18:01:07.3204643Z /home/runner/work/PocketKrKr/PocketKrKr/cpp/plugins/psdfile/psdparse/psddata.h:155:18: warning: multi-character character constant [-Wmultichar]
2026-09-07T18:01:07.3206119Z   155 |             case 'fsub':
2026-09-07T18:01:07.3206564Z       |                  ^~~~~~
2026-09-07T18:01:07.3207719Z /home/runner/work/PocketKrKr/PocketKrKr/cpp/plugins/psdfile/psdparse/psddata.h:157:18: warning: multi-character character constant [-Wmultichar]
2026-09-07T18:01:07.3208942Z   157 |             case 'fdiv':
2026-09-07T18:01:07.3209374Z       |                  ^~~~~~
2026-09-07T18:01:07.3210529Z /home/runner/work/PocketKrKr/PocketKrKr/cpp/plugins/psdfile/psdparse/psddata.h:159:18: warning: multi-character character constant [-Wmultichar]
2026-09-07T18:01:07.3211708Z   159 |             case 'hue ':
2026-09-07T18:01:07.3212135Z       |                  ^~~~~~
2026-09-07T18:01:07.3213267Z /home/runner/work/PocketKrKr/PocketKrKr/cpp/plugins/psdfile/psdparse/psddata.h:161:18: warning: multi-character character constant [-Wmultichar]
2026-09-07T18:01:07.3214449Z   161 |             case 'sat ':
2026-09-07T18:01:07.3214865Z       |                  ^~~~~~
2026-09-07T18:01:07.3216247Z /home/runner/work/PocketKrKr/PocketKrKr/cpp/plugins/psdfile/psdparse/psddata.h:163:18: warning: multi-character character constant [-Wmultichar]
2026-09-07T18:01:07.3217403Z   163 |             case 'colr':
2026-09-07T18:01:07.3217830Z       |                  ^~~~~~
2026-09-07T18:01:07.3219218Z /home/runner/work/PocketKrKr/PocketKrKr/cpp/plugins/psdfile/psdparse/psddata.h:165:18: warning: multi-character character constant [-Wmultichar]
2026-09-07T18:01:07.3220454Z   165 |             case 'lum ':
2026-09-07T18:01:07.3220901Z       |                  ^~~~~~
2026-09-07T18:01:07.3222023Z /home/runner/work/PocketKrKr/PocketKrKr/cpp/plugins/psdfile/psdparse/psddata.h:167:18: warning: multi-character character constant [-Wmultichar]
2026-09-07T18:01:07.3223522Z   167 |             case 'pass':
2026-09-07T18:01:07.3223972Z       |                  ^~~~~~
2026-09-07T18:01:07.3224865Z In file included from /home/runner/work/PocketKrKr/PocketKrKr/cpp/plugins/psdfile/psdparse/psdfile.h:3,
2026-09-07T18:01:07.3226333Z                  from /home/runner/work/PocketKrKr/PocketKrKr/cpp/plugins/psdfile/psdclass.h:9,
2026-09-07T18:01:07.3227509Z                  from /home/runner/work/PocketKrKr/PocketKrKr/cpp/plugins/psdfile/psdclass_loadstream.cpp:1:
2026-09-07T18:01:07.3229764Z /home/runner/work/PocketKrKr/PocketKrKr/cpp/plugins/psdfile/psdparse/psddesc.h: In member function ‘virtual void psd::DescriptorReference::dump(int)’:
2026-09-07T18:01:07.3232882Z /home/runner/work/PocketKrKr/PocketKrKr/cpp/plugins/psdfile/psdparse/psddesc.h:234:20: warning: format ‘%d’ expects argument of type ‘int’, but argument 3 has type ‘std::vector<psd::ReferenceItem*>::size_type’ {aka ‘long unsigned int’} [-Wformat=]
2026-09-07T18:01:07.3235070Z   234 |             dprint("%s (count:%d)\n", typeName(), items.size());
2026-09-07T18:01:07.3236086Z       |                    ^~~~~~~~~~~~~~~~~              ~~~~~~~~~~~~
2026-09-07T18:01:07.3236687Z       |                                                             |
2026-09-07T18:01:07.3237591Z       |                                                             std::vector<psd::ReferenceItem*>::size_type {aka long unsigned int}
2026-09-07T18:01:07.3239207Z /home/runner/work/PocketKrKr/PocketKrKr/cpp/plugins/psdfile/psdparse/psdbase.h:7:28: note: in definition of macro ‘dprint’
2026-09-07T18:01:07.3240353Z     7 | #define dprint(...) printf(__VA_ARGS__);
2026-09-07T18:01:07.3240890Z       |                            ^~~~~~~~~~~
2026-09-07T18:01:07.3241757Z In file included from /home/runner/work/PocketKrKr/PocketKrKr/cpp/plugins/psdfile/psdparse/psddata.h:5,
2026-09-07T18:01:07.3243010Z                  from /home/runner/work/PocketKrKr/PocketKrKr/cpp/plugins/psdfile/psdparse/psdfile.h:4,
2026-09-07T18:01:07.3244208Z                  from /home/runner/work/PocketKrKr/PocketKrKr/cpp/plugins/psdfile/psdclass.h:9,
2026-09-07T18:01:07.3266812Z                  from /home/runner/work/PocketKrKr/PocketKrKr/cpp/plugins/psdfile/psdclass_loadstream.cpp:1:
2026-09-07T18:01:07.3268311Z /home/runner/work/PocketKrKr/PocketKrKr/cpp/plugins/psdfile/psdparse/psddesc.h:234:32: note: format string is defined here
2026-09-07T18:01:07.3269534Z   234 |             dprint("%s (count:%d)\n", typeName(), items.size());
2026-09-07T18:01:07.3270170Z       |                               ~^
2026-09-07T18:01:07.3270635Z       |                                |
2026-09-07T18:01:07.3271110Z       |                                int
2026-09-07T18:01:07.3271635Z       |                               %ld
2026-09-07T18:01:07.3272496Z In file included from /home/runner/work/PocketKrKr/PocketKrKr/cpp/plugins/psdfile/psdparse/psdfile.h:3,
2026-09-07T18:01:07.3273686Z                  from /home/runner/work/PocketKrKr/PocketKrKr/cpp/plugins/psdfile/psdclass.h:9,
2026-09-07T18:01:07.3274862Z                  from /home/runner/work/PocketKrKr/PocketKrKr/cpp/plugins/psdfile/psdclass_loadstream.cpp:1:
2026-09-07T18:01:07.3277260Z /home/runner/work/PocketKrKr/PocketKrKr/cpp/plugins/psdfile/psdparse/psddesc.h: In member function ‘virtual void psd::DescriptorList::dump(int)’:
2026-09-07T18:01:07.3280230Z /home/runner/work/PocketKrKr/PocketKrKr/cpp/plugins/psdfile/psdparse/psddesc.h:253:20: warning: format ‘%d’ expects argument of type ‘int’, but argument 3 has type ‘std::vector<psd::DescriptorItem*>::size_type’ {aka ‘long unsigned int’} [-Wformat=]
2026-09-07T18:01:07.3282208Z   253 |             dprint("%s (count:%d)\n", typeName(), items.size());
2026-09-07T18:01:07.3283257Z       |                    ^~~~~~~~~~~~~~~~~              ~~~~~~~~~~~~
2026-09-07T18:01:07.3283897Z       |                                                             |
2026-09-07T18:01:07.3284793Z       |                                                             std::vector<psd::DescriptorItem*>::size_type {aka long unsigned int}
2026-09-07T18:01:07.3287064Z /home/runner/work/PocketKrKr/PocketKrKr/cpp/plugins/psdfile/psdparse/psdbase.h:7:28: note: in definition of macro ‘dprint’
2026-09-07T18:01:07.3288238Z     7 | #define dprint(...) printf(__VA_ARGS__);
2026-09-07T18:01:07.3288795Z       |                            ^~~~~~~~~~~
2026-09-07T18:01:07.3289721Z In file included from /home/runner/work/PocketKrKr/PocketKrKr/cpp/plugins/psdfile/psdparse/psddata.h:5,
2026-09-07T18:01:07.3291002Z                  from /home/runner/work/PocketKrKr/PocketKrKr/cpp/plugins/psdfile/psdparse/psdfile.h:4,
2026-09-07T18:01:07.3292194Z                  from /home/runner/work/PocketKrKr/PocketKrKr/cpp/plugins/psdfile/psdclass.h:9,
2026-09-07T18:01:07.3293441Z                  from /home/runner/work/PocketKrKr/PocketKrKr/cpp/plugins/psdfile/psdclass_loadstream.cpp:1:
2026-09-07T18:01:07.3294966Z /home/runner/work/PocketKrKr/PocketKrKr/cpp/plugins/psdfile/psdparse/psddesc.h:253:32: note: format string is defined here
2026-09-07T18:01:07.3297967Z   253 |             dprint("%s (count:%d)\n", typeName(), items.size());
2026-09-07T18:01:07.3298533Z       |                               ~^
2026-09-07T18:01:07.3298974Z       |                                |
2026-09-07T18:01:07.3299448Z       |                                int
2026-09-07T18:01:07.3299949Z       |                               %ld
2026-09-07T18:01:07.3300822Z In file included from /home/runner/work/PocketKrKr/PocketKrKr/cpp/plugins/psdfile/psdclass.h:10,
2026-09-07T18:01:07.3302142Z                  from /home/runner/work/PocketKrKr/PocketKrKr/cpp/plugins/psdfile/psdclass_loadstream.cpp:1:
2026-09-07T18:01:07.3304533Z /home/runner/work/PocketKrKr/PocketKrKr/cpp/core/plugin/ncbind.hpp: In static member function ‘static ncbTypeConvertor::Conversion<FROM, TO>::OK ncbTypeConvertor::Conversion<FROM, TO>::check(TO)’:
2026-09-07T18:01:07.3307070Z /home/runner/work/PocketKrKr/PocketKrKr/cpp/core/plugin/ncbind.hpp:244:38: warning: no return statement in function returning non-void [-Wreturn-type]
2026-09-07T18:01:07.3308364Z   244 |                 static OK check(TO) {};
2026-09-07T18:01:07.3308915Z       |                                      ^
2026-09-07T18:01:08.1403605Z [579/741] Building CXX object cpp/plugins/psdfile/CMakeFiles/psdfile.dir/__/layerExMovie.cpp.o
2026-09-07T18:01:08.1413691Z In file included from /home/runner/work/PocketKrKr/PocketKrKr/cpp/plugins/layerExMovie.cpp:9:
2026-09-07T18:01:08.1447554Z /home/runner/work/PocketKrKr/PocketKrKr/cpp/core/plugin/ncbind.hpp: In static member function ‘static ncbTypeConvertor::Conversion<FROM, TO>::OK ncbTypeConvertor::Conversion<FROM, TO>::check(TO)’:
2026-09-07T18:01:08.1477072Z /home/runner/work/PocketKrKr/PocketKrKr/cpp/core/plugin/ncbind.hpp:244:38: warning: no return statement in function returning non-void [-Wreturn-type]
2026-09-07T18:01:08.1515831Z   244 |                 static OK check(TO) {};
2026-09-07T18:01:08.1516737Z       |                                      ^
2026-09-07T18:01:09.4517055Z [580/741] Building CXX object cpp/plugins/psdfile/CMakeFiles/psdfile.dir/__/varfile.cpp.o
2026-09-07T18:01:09.4518622Z In file included from /home/runner/work/PocketKrKr/PocketKrKr/cpp/plugins/varfile.cpp:3:
2026-09-07T18:01:09.4521544Z /home/runner/work/PocketKrKr/PocketKrKr/cpp/core/plugin/ncbind.hpp: In static member function ‘static ncbTypeConvertor::Conversion<FROM, TO>::OK ncbTypeConvertor::Conversion<FROM, TO>::check(TO)’:
2026-09-07T18:01:09.4524195Z /home/runner/work/PocketKrKr/PocketKrKr/cpp/core/plugin/ncbind.hpp:244:38: warning: no return statement in function returning non-void [-Wreturn-type]
2026-09-07T18:01:09.4525936Z   244 |                 static OK check(TO) {};
2026-09-07T18:01:09.4526945Z       |                                      ^
2026-09-07T18:01:09.6386258Z [581/741] Building CXX object cpp/plugins/psdfile/CMakeFiles/psdfile.dir/__/saveStruct.cpp.o
2026-09-07T18:01:09.6426142Z In file included from /home/runner/work/PocketKrKr/PocketKrKr/cpp/plugins/saveStruct.cpp:1:
2026-09-07T18:01:09.6429331Z /home/runner/work/PocketKrKr/PocketKrKr/cpp/core/plugin/ncbind.hpp: In static member function ‘static ncbTypeConvertor::Conversion<FROM, TO>::OK ncbTypeConvertor::Conversion<FROM, TO>::check(TO)’:
2026-09-07T18:01:09.6476602Z /home/runner/work/PocketKrKr/PocketKrKr/cpp/core/plugin/ncbind.hpp:244:38: warning: no return statement in function returning non-void [-Wreturn-type]
2026-09-07T18:01:09.6486441Z   244 |                 static OK check(TO) {};
2026-09-07T18:01:09.6505941Z       |                                      ^
2026-09-07T18:01:10.2982899Z [582/741] Building CXX object cpp/plugins/psdfile/CMakeFiles/psdfile.dir/__/getabout.cpp.o
2026-09-07T18:01:10.2996408Z In file included from /home/runner/work/PocketKrKr/PocketKrKr/cpp/plugins/getabout.cpp:1:
2026-09-07T18:01:10.2999372Z /home/runner/work/PocketKrKr/PocketKrKr/cpp/core/plugin/ncbind.hpp: In static member function ‘static ncbTypeConvertor::Conversion<FROM, TO>::OK ncbTypeConvertor::Conversion<FROM, TO>::check(TO)’:
2026-09-07T18:01:10.3001845Z /home/runner/work/PocketKrKr/PocketKrKr/cpp/core/plugin/ncbind.hpp:244:38: warning: no return statement in function returning non-void [-Wreturn-type]
2026-09-07T18:01:10.3003314Z   244 |                 static OK check(TO) {};
2026-09-07T18:01:10.3004028Z       |                                      ^
2026-09-07T18:01:11.6606643Z [583/741] Building CXX object cpp/plugins/psdfile/CMakeFiles/psdfile.dir/__/addFont.cpp.o
2026-09-07T18:01:11.6636090Z In file included from /home/runner/work/PocketKrKr/PocketKrKr/cpp/plugins/addFont.cpp:1:
2026-09-07T18:01:11.6667243Z /home/runner/work/PocketKrKr/PocketKrKr/cpp/core/plugin/ncbind.hpp: In static member function ‘static ncbTypeConvertor::Conversion<FROM, TO>::OK ncbTypeConvertor::Conversion<FROM, TO>::check(TO)’:
2026-09-07T18:01:11.6686490Z /home/runner/work/PocketKrKr/PocketKrKr/cpp/core/plugin/ncbind.hpp:244:38: warning: no return statement in function returning non-void [-Wreturn-type]
2026-09-07T18:01:11.6687910Z   244 |                 static OK check(TO) {};
2026-09-07T18:01:11.6688445Z       |                                      ^
2026-09-07T18:01:11.8386698Z [584/741] Building CXX object cpp/plugins/psdfile/CMakeFiles/psdfile.dir/__/wutcwf.cpp.o
2026-09-07T18:01:11.8388449Z In file included from /home/runner/work/PocketKrKr/PocketKrKr/cpp/plugins/wutcwf.cpp:2:
2026-09-07T18:01:11.8391146Z /home/runner/work/PocketKrKr/PocketKrKr/cpp/core/plugin/ncbind.hpp: In static member function ‘static ncbTypeConvertor::Conversion<FROM, TO>::OK ncbTypeConvertor::Conversion<FROM, TO>::check(TO)’:
2026-09-07T18:01:11.8393668Z /home/runner/work/PocketKrKr/PocketKrKr/cpp/core/plugin/ncbind.hpp:244:38: warning: no return statement in function returning non-void [-Wreturn-type]
2026-09-07T18:01:11.8395155Z   244 |                 static OK check(TO) {};
2026-09-07T18:01:11.8396162Z       |                                      ^
2026-09-07T18:01:13.4156565Z [585/741] Building CXX object cpp/plugins/psdfile/CMakeFiles/psdfile.dir/__/windowEx.cpp.o
2026-09-07T18:01:13.4177578Z In file included from /home/runner/work/PocketKrKr/PocketKrKr/cpp/plugins/windowEx.cpp:18:
2026-09-07T18:01:13.4207696Z /home/runner/work/PocketKrKr/PocketKrKr/cpp/core/plugin/ncbind.hpp: In static member function ‘static ncbTypeConvertor::Conversion<FROM, TO>::OK ncbTypeConvertor::Conversion<FROM, TO>::check(TO)’:
2026-09-07T18:01:13.4236578Z /home/runner/work/PocketKrKr/PocketKrKr/cpp/core/plugin/ncbind.hpp:244:38: warning: no return statement in function returning non-void [-Wreturn-type]
2026-09-07T18:01:13.4245845Z   244 |                 static OK check(TO) {};
2026-09-07T18:01:13.4266069Z       |                                      ^
2026-09-07T18:01:14.0447078Z [586/741] Building CXX object cpp/plugins/psdfile/CMakeFiles/psdfile.dir/__/getSample.cpp.o
2026-09-07T18:01:14.0448805Z In file included from /home/runner/work/PocketKrKr/PocketKrKr/cpp/plugins/getSample.cpp:1:
2026-09-07T18:01:14.0451670Z /home/runner/work/PocketKrKr/PocketKrKr/cpp/core/plugin/ncbind.hpp: In static member function ‘static ncbTypeConvertor::Conversion<FROM, TO>::OK ncbTypeConvertor::Conversion<FROM, TO>::check(TO)’:
2026-09-07T18:01:14.0454567Z /home/runner/work/PocketKrKr/PocketKrKr/cpp/core/plugin/ncbind.hpp:244:38: warning: no return statement in function returning non-void [-Wreturn-type]
2026-09-07T18:01:14.0456444Z   244 |                 static OK check(TO) {};
2026-09-07T18:01:14.0457249Z       |                                      ^
2026-09-07T18:01:14.1556877Z [587/741] Building CXX object cpp/plugins/psdfile/CMakeFiles/psdfile.dir/__/layerExPerspective.cpp.o
2026-09-07T18:01:14.1616329Z In file included from /home/runner/work/PocketKrKr/PocketKrKr/cpp/plugins/layerExPerspective.cpp:23:
2026-09-07T18:01:14.1647457Z /home/runner/work/PocketKrKr/PocketKrKr/cpp/core/plugin/ncbind.hpp: In static member function ‘static ncbTypeConvertor::Conversion<FROM, TO>::OK ncbTypeConvertor::Conversion<FROM, TO>::check(TO)’:
2026-09-07T18:01:14.1649921Z /home/runner/work/PocketKrKr/PocketKrKr/cpp/core/plugin/ncbind.hpp:244:38: warning: no return statement in function returning non-void [-Wreturn-type]
2026-09-07T18:01:14.1651377Z   244 |                 static OK check(TO) {};
2026-09-07T18:01:14.1651992Z       |                                      ^
2026-09-07T18:01:15.5232782Z [588/741] Building CXX object cpp/plugins/psdfile/CMakeFiles/psdfile.dir/__/fftgraph.cpp.o
2026-09-07T18:01:15.5234662Z In file included from /home/runner/work/PocketKrKr/PocketKrKr/cpp/plugins/fftgraph.cpp:1:
2026-09-07T18:01:15.5237547Z /home/runner/work/PocketKrKr/PocketKrKr/cpp/core/plugin/ncbind.hpp: In static member function ‘static ncbTypeConvertor::Conversion<FROM, TO>::OK ncbTypeConvertor::Conversion<FROM, TO>::check(TO)’:
2026-09-07T18:01:15.5239926Z /home/runner/work/PocketKrKr/PocketKrKr/cpp/core/plugin/ncbind.hpp:244:38: warning: no return statement in function returning non-void [-Wreturn-type]
2026-09-07T18:01:15.5241334Z   244 |                 static OK check(TO) {};
2026-09-07T18:01:15.5242016Z       |                                      ^
2026-09-07T18:01:15.8271343Z [589/741] Building CXX object cpp/plugins/psdfile/CMakeFiles/psdfile.dir/__/LayerExBase.cpp.o
2026-09-07T18:01:16.6796823Z [590/741] Building CXX object cpp/plugins/psdfile/CMakeFiles/psdfile.dir/__/xp3filter.cpp.o
2026-09-07T18:01:16.6826424Z In file included from /home/runner/work/PocketKrKr/PocketKrKr/cpp/plugins/xp3filter.cpp:1:
2026-09-07T18:01:16.6838039Z /home/runner/work/PocketKrKr/PocketKrKr/cpp/core/plugin/ncbind.hpp: In static member function ‘static ncbTypeConvertor::Conversion<FROM, TO>::OK ncbTypeConvertor::Conversion<FROM, TO>::check(TO)’:
2026-09-07T18:01:16.6876948Z /home/runner/work/PocketKrKr/PocketKrKr/cpp/core/plugin/ncbind.hpp:244:38: warning: no return statement in function returning non-void [-Wreturn-type]
2026-09-07T18:01:16.6904847Z   244 |                 static OK check(TO) {};
2026-09-07T18:01:16.6917391Z       |                                      ^
2026-09-07T18:01:17.6386710Z [591/741] Building CXX object cpp/plugins/psdfile/CMakeFiles/psdfile.dir/__/extrans.cpp.o
2026-09-07T18:01:17.6416411Z In file included from /home/runner/work/PocketKrKr/PocketKrKr/cpp/plugins/extrans.cpp:1:
2026-09-07T18:01:17.6447540Z /home/runner/work/PocketKrKr/PocketKrKr/cpp/core/plugin/ncbind.hpp: In static member function ‘static ncbTypeConvertor::Conversion<FROM, TO>::OK ncbTypeConvertor::Conversion<FROM, TO>::check(TO)’:
2026-09-07T18:01:17.6456842Z /home/runner/work/PocketKrKr/PocketKrKr/cpp/core/plugin/ncbind.hpp:244:38: warning: no return statement in function returning non-void [-Wreturn-type]
2026-09-07T18:01:17.6463477Z   244 |                 static OK check(TO) {};
2026-09-07T18:01:17.6464398Z       |                                      ^
2026-09-07T18:01:19.0357097Z [592/741] Building CXX object cpp/plugins/psdfile/CMakeFiles/psdfile.dir/__/textrender.cpp.o
2026-09-07T18:01:19.0368844Z In file included from /home/runner/work/PocketKrKr/PocketKrKr/cpp/plugins/textrender.cpp:10:
2026-09-07T18:01:19.0371844Z /home/runner/work/PocketKrKr/PocketKrKr/cpp/core/plugin/ncbind.hpp: In static member function ‘static ncbTypeConvertor::Conversion<FROM, TO>::OK ncbTypeConvertor::Conversion<FROM, TO>::check(TO)’:
2026-09-07T18:01:19.0374686Z /home/runner/work/PocketKrKr/PocketKrKr/cpp/core/plugin/ncbind.hpp:244:38: warning: no return statement in function returning non-void [-Wreturn-type]
2026-09-07T18:01:19.0376427Z   244 |                 static OK check(TO) {};
2026-09-07T18:01:19.0377223Z       |                                      ^
2026-09-07T18:01:19.0724787Z [593/741] Building CXX object cpp/plugins/psdfile/CMakeFiles/psdfile.dir/__/alphamovie.cpp.o
2026-09-07T18:01:19.0726824Z In file included from /home/runner/work/PocketKrKr/PocketKrKr/cpp/plugins/alphamovie.cpp:10:
2026-09-07T18:01:19.0729676Z /home/runner/work/PocketKrKr/PocketKrKr/cpp/core/plugin/ncbind.hpp: In static member function ‘static ncbTypeConvertor::Conversion<FROM, TO>::OK ncbTypeConvertor::Conversion<FROM, TO>::check(TO)’:
2026-09-07T18:01:19.0732287Z /home/runner/work/PocketKrKr/PocketKrKr/cpp/core/plugin/ncbind.hpp:244:38: warning: no return statement in function returning non-void [-Wreturn-type]
2026-09-07T18:01:19.0733859Z   244 |                 static OK check(TO) {};
2026-09-07T18:01:19.0734643Z       |                                      ^
2026-09-07T18:01:19.9096745Z [594/741] Building CXX object cpp/plugins/psdfile/CMakeFiles/psdfile.dir/__/layerExBTOA.cpp.o
2026-09-07T18:01:19.9126350Z In file included from /home/runner/work/PocketKrKr/PocketKrKr/cpp/plugins/layerExBTOA.cpp:4:
2026-09-07T18:01:19.9157492Z /home/runner/work/PocketKrKr/PocketKrKr/cpp/core/plugin/ncbind.hpp: In static member function ‘static ncbTypeConvertor::Conversion<FROM, TO>::OK ncbTypeConvertor::Conversion<FROM, TO>::check(TO)’:
2026-09-07T18:01:19.9166743Z /home/runner/work/PocketKrKr/PocketKrKr/cpp/core/plugin/ncbind.hpp:244:38: warning: no return statement in function returning non-void [-Wreturn-type]
2026-09-07T18:01:19.9185849Z   244 |                 static OK check(TO) {};
2026-09-07T18:01:19.9196000Z       |                                      ^
2026-09-07T18:01:21.4596775Z [595/741] Building CXX object cpp/plugins/psdfile/CMakeFiles/psdfile.dir/__/layerExRaster.cpp.o
2026-09-07T18:01:21.4626313Z In file included from /home/runner/work/PocketKrKr/PocketKrKr/cpp/plugins/layerExRaster.cpp:4:
2026-09-07T18:01:21.4657244Z /home/runner/work/PocketKrKr/PocketKrKr/cpp/core/plugin/ncbind.hpp: In static member function ‘static ncbTypeConvertor::Conversion<FROM, TO>::OK ncbTypeConvertor::Conversion<FROM, TO>::check(TO)’:
2026-09-07T18:01:21.4666454Z /home/runner/work/PocketKrKr/PocketKrKr/cpp/core/plugin/ncbind.hpp:244:38: warning: no return statement in function returning non-void [-Wreturn-type]
2026-09-07T18:01:21.4667853Z   244 |                 static OK check(TO) {};
2026-09-07T18:01:21.4668460Z       |                                      ^
2026-09-07T18:01:21.6002384Z [596/741] Building CXX object cpp/plugins/psdfile/CMakeFiles/psdfile.dir/__/layerExImage.cpp.o
2026-09-07T18:01:21.6004207Z In file included from /home/runner/work/PocketKrKr/PocketKrKr/cpp/plugins/layerExImage.cpp:5:
2026-09-07T18:01:21.6007222Z /home/runner/work/PocketKrKr/PocketKrKr/cpp/core/plugin/ncbind.hpp: In static member function ‘static ncbTypeConvertor::Conversion<FROM, TO>::OK ncbTypeConvertor::Conversion<FROM, TO>::check(TO)’:
2026-09-07T18:01:21.6009761Z /home/runner/work/PocketKrKr/PocketKrKr/cpp/core/plugin/ncbind.hpp:244:38: warning: no return statement in function returning non-void [-Wreturn-type]
2026-09-07T18:01:21.6011307Z   244 |                 static OK check(TO) {};
2026-09-07T18:01:21.6012067Z       |                                      ^
2026-09-07T18:01:22.1245564Z [597/741] Building CXX object cpp/plugins/psdfile/CMakeFiles/psdfile.dir/__/layerExAreaAverage.cpp.o
2026-09-07T18:01:22.1260091Z In file included from /home/runner/work/PocketKrKr/PocketKrKr/cpp/plugins/layerExAreaAverage.cpp:4:
2026-09-07T18:01:22.1263462Z /home/runner/work/PocketKrKr/PocketKrKr/cpp/core/plugin/ncbind.hpp: In static member function ‘static ncbTypeConvertor::Conversion<FROM, TO>::OK ncbTypeConvertor::Conversion<FROM, TO>::check(TO)’:
2026-09-07T18:01:22.1266499Z /home/runner/work/PocketKrKr/PocketKrKr/cpp/core/plugin/ncbind.hpp:244:38: warning: no return statement in function returning non-void [-Wreturn-type]
2026-09-07T18:01:22.1268009Z   244 |                 static OK check(TO) {};
2026-09-07T18:01:22.1268745Z       |                                      ^
2026-09-07T18:01:23.7928111Z [598/741] Building CXX object cpp/plugins/psdfile/CMakeFiles/psdfile.dir/__/layerExLongExposure.cpp.o
2026-09-07T18:01:23.7929506Z In file included from /home/runner/work/PocketKrKr/PocketKrKr/cpp/plugins/layerExLongExposure.cpp:4:
2026-09-07T18:01:23.7932111Z /home/runner/work/PocketKrKr/PocketKrKr/cpp/core/plugin/ncbind.hpp: In static member function ‘static ncbTypeConvertor::Conversion<FROM, TO>::OK ncbTypeConvertor::Conversion<FROM, TO>::check(TO)’:
2026-09-07T18:01:23.7934381Z /home/runner/work/PocketKrKr/PocketKrKr/cpp/core/plugin/ncbind.hpp:244:38: warning: no return statement in function returning non-void [-Wreturn-type]
2026-09-07T18:01:23.7936041Z   244 |                 static OK check(TO) {};
2026-09-07T18:01:23.7936589Z       |                                      ^
2026-09-07T18:01:24.9465829Z [599/741] Building CXX object cpp/plugins/psdfile/CMakeFiles/psdfile.dir/__/drawDeviceD2DCompat.cpp.o
2026-09-07T18:01:24.9467262Z In file included from /home/runner/work/PocketKrKr/PocketKrKr/cpp/plugins/drawDeviceD2DCompat.cpp:3:
2026-09-07T18:01:24.9469957Z /home/runner/work/PocketKrKr/PocketKrKr/cpp/core/plugin/ncbind.hpp: In static member function ‘static ncbTypeConvertor::Conversion<FROM, TO>::OK ncbTypeConvertor::Conversion<FROM, TO>::check(TO)’:
2026-09-07T18:01:24.9472217Z /home/runner/work/PocketKrKr/PocketKrKr/cpp/core/plugin/ncbind.hpp:244:38: warning: no return statement in function returning non-void [-Wreturn-type]
2026-09-07T18:01:24.9473475Z   244 |                 static OK check(TO) {};
2026-09-07T18:01:24.9474022Z       |                                      ^
2026-09-07T18:01:25.5626616Z [600/741] Building CXX object cpp/plugins/psdfile/CMakeFiles/psdfile.dir/__/krkrgles.cpp.o
2026-09-07T18:01:25.5656231Z In file included from /home/runner/work/PocketKrKr/PocketKrKr/cpp/plugins/krkrgles.cpp:2:
2026-09-07T18:01:25.5676687Z /home/runner/work/PocketKrKr/PocketKrKr/cpp/core/plugin/ncbind.hpp: In static member function ‘static ncbTypeConvertor::Conversion<FROM, TO>::OK ncbTypeConvertor::Conversion<FROM, TO>::check(TO)’:
2026-09-07T18:01:25.5679273Z /home/runner/work/PocketKrKr/PocketKrKr/cpp/core/plugin/ncbind.hpp:244:38: warning: no return statement in function returning non-void [-Wreturn-type]
2026-09-07T18:01:25.5680738Z   244 |                 static OK check(TO) {};
2026-09-07T18:01:25.5681421Z       |                                      ^
2026-09-07T18:01:25.7266146Z [601/741] Building CXX object cpp/plugins/psdfile/CMakeFiles/psdfile.dir/psdclass_loadstream.cpp.o
2026-09-07T18:01:25.7281297Z In file included from /home/runner/work/PocketKrKr/PocketKrKr/cpp/plugins/psdfile/psdparse/psddata.h:5,
2026-09-07T18:01:25.7306271Z                  from /home/runner/work/PocketKrKr/PocketKrKr/cpp/plugins/psdfile/psdparse/psdfile.h:4,
2026-09-07T18:01:25.7337027Z                  from /home/runner/work/PocketKrKr/PocketKrKr/cpp/plugins/psdfile/psdclass.h:9,
2026-09-07T18:01:25.7366116Z                  from /home/runner/work/PocketKrKr/PocketKrKr/cpp/plugins/psdfile/psdclass_loadstream.cpp:1:
2026-09-07T18:01:25.7396337Z /home/runner/work/PocketKrKr/PocketKrKr/cpp/plugins/psdfile/psdparse/psddesc.h:17:26: warning: multi-character character constant [-Wmultichar]
2026-09-07T18:01:25.7397786Z    17 |         TYPE_REFERENCE = 'obj ',
2026-09-07T18:01:25.7426127Z       |                          ^~~~~~
2026-09-07T18:01:25.7456509Z /home/runner/work/PocketKrKr/PocketKrKr/cpp/plugins/psdfile/psdparse/psddesc.h:18:27: warning: multi-character character constant [-Wmultichar]
2026-09-07T18:01:25.7470636Z    18 |         TYPE_DESCRIPTOR = 'Objc',
2026-09-07T18:01:25.7471674Z       |                           ^~~~~~
2026-09-07T18:01:25.7473001Z /home/runner/work/PocketKrKr/PocketKrKr/cpp/plugins/psdfile/psdparse/psddesc.h:19:21: warning: multi-character character constant [-Wmultichar]
2026-09-07T18:01:25.7474395Z    19 |         TYPE_LIST = 'VlLs',
2026-09-07T18:01:25.7475015Z       |                     ^~~~~~
2026-09-07T18:01:25.7476579Z /home/runner/work/PocketKrKr/PocketKrKr/cpp/plugins/psdfile/psdparse/psddesc.h:20:23: warning: multi-character character constant [-Wmultichar]
2026-09-07T18:01:25.7477950Z    20 |         TYPE_DOUBLE = 'doub',
2026-09-07T18:01:25.7478571Z       |                       ^~~~~~
2026-09-07T18:01:25.7479870Z /home/runner/work/PocketKrKr/PocketKrKr/cpp/plugins/psdfile/psdparse/psddesc.h:21:27: warning: multi-character character constant [-Wmultichar]
2026-09-07T18:01:25.7481245Z    21 |         TYPE_UNIT_FLOAT = 'UntF',
2026-09-07T18:01:25.7481881Z       |                           ^~~~~~
2026-09-07T18:01:25.7483188Z /home/runner/work/PocketKrKr/PocketKrKr/cpp/plugins/psdfile/psdparse/psddesc.h:22:23: warning: multi-character character constant [-Wmultichar]
2026-09-07T18:01:25.7484567Z    22 |         TYPE_STRING = 'TEXT',
2026-09-07T18:01:25.7485412Z       |                       ^~~~~~
2026-09-07T18:01:25.7486764Z /home/runner/work/PocketKrKr/PocketKrKr/cpp/plugins/psdfile/psdparse/psddesc.h:23:27: warning: multi-character character constant [-Wmultichar]
2026-09-07T18:01:25.7488157Z    23 |         TYPE_ENUMERATED = 'enum',
2026-09-07T18:01:25.7488799Z       |                           ^~~~~~
2026-09-07T18:01:25.7490131Z /home/runner/work/PocketKrKr/PocketKrKr/cpp/plugins/psdfile/psdparse/psddesc.h:24:24: warning: multi-character character constant [-Wmultichar]
2026-09-07T18:01:25.7491501Z    24 |         TYPE_INTEGER = 'long',
2026-09-07T18:01:25.7492123Z       |                        ^~~~~~
2026-09-07T18:01:25.7493422Z /home/runner/work/PocketKrKr/PocketKrKr/cpp/plugins/psdfile/psdparse/psddesc.h:25:24: warning: multi-character character constant [-Wmultichar]
2026-09-07T18:01:25.7494779Z    25 |         TYPE_BOOLEAN = 'bool',
2026-09-07T18:01:25.7495604Z       |                        ^~~~~~
2026-09-07T18:01:25.7497305Z /home/runner/work/PocketKrKr/PocketKrKr/cpp/plugins/psdfile/psdparse/psddesc.h:26:30: warning: multi-character character constant [-Wmultichar]
2026-09-07T18:01:25.7498863Z    26 |         TYPE_GLOBAL_OBJECT = 'GlbO',
2026-09-07T18:01:25.7499577Z       |                              ^~~~~~
2026-09-07T18:01:25.7500869Z /home/runner/work/PocketKrKr/PocketKrKr/cpp/plugins/psdfile/psdparse/psddesc.h:27:23: warning: multi-character character constant [-Wmultichar]
2026-09-07T18:01:25.7502267Z    27 |         TYPE_CLASS1 = 'type',
2026-09-07T18:01:25.7502896Z       |                       ^~~~~~
2026-09-07T18:01:25.7505494Z /home/runner/work/PocketKrKr/PocketKrKr/cpp/plugins/psdfile/psdparse/psddesc.h:28:23: warning: multi-character character constant [-Wmultichar]
2026-09-07T18:01:25.7506895Z    28 |         TYPE_CLASS2 = 'GlbC',
2026-09-07T18:01:25.7507522Z       |                       ^~~~~~
2026-09-07T18:01:25.7508832Z /home/runner/work/PocketKrKr/PocketKrKr/cpp/plugins/psdfile/psdparse/psddesc.h:29:22: warning: multi-character character constant [-Wmultichar]
2026-09-07T18:01:25.7510165Z    29 |         TYPE_ALIAS = 'alis',
2026-09-07T18:01:25.7510779Z       |                      ^~~~~~
2026-09-07T18:01:25.7512077Z /home/runner/work/PocketKrKr/PocketKrKr/cpp/plugins/psdfile/psdparse/psddesc.h:30:25: warning: multi-character character constant [-Wmultichar]
2026-09-07T18:01:25.7513477Z    30 |         TYPE_RAW_DATA = 'tdta',
2026-09-07T18:01:25.7514105Z       |                         ^~~~~~
2026-09-07T18:01:25.7516039Z /home/runner/work/PocketKrKr/PocketKrKr/cpp/plugins/psdfile/psdparse/psddesc.h:34:23: warning: multi-character character constant [-Wmultichar]
2026-09-07T18:01:25.7517467Z    34 |         UNIT_POINTS = '#Pnt',
2026-09-07T18:01:25.7518090Z       |                       ^~~~~~
2026-09-07T18:01:25.7519700Z /home/runner/work/PocketKrKr/PocketKrKr/cpp/plugins/psdfile/psdparse/psddesc.h:35:28: warning: multi-character character constant [-Wmultichar]
2026-09-07T18:01:25.7521092Z    35 |         UNIT_MILLIMETERS = '#Mlm',
2026-09-07T18:01:25.7521752Z       |                            ^~~~~~
2026-09-07T18:01:25.7523186Z /home/runner/work/PocketKrKr/PocketKrKr/cpp/plugins/psdfile/psdparse/psddesc.h:36:22: warning: multi-character character constant [-Wmultichar]
2026-09-07T18:01:25.7524590Z    36 |         UNIT_ANGLE = '#Ang', // degrees
2026-09-07T18:01:25.7525491Z       |                      ^~~~~~
2026-09-07T18:01:25.7534768Z /home/runner/work/PocketKrKr/PocketKrKr/cpp/plugins/psdfile/psdparse/psddesc.h:37:24: warning: multi-character character constant [-Wmultichar]
2026-09-07T18:01:25.7536477Z    37 |         UNIT_DENSITY = '#Rsl', // base per inch
2026-09-07T18:01:25.7537189Z       |                        ^~~~~~
2026-09-07T18:01:25.7538526Z /home/runner/work/PocketKrKr/PocketKrKr/cpp/plugins/psdfile/psdparse/psddesc.h:38:25: warning: multi-character character constant [-Wmultichar]
2026-09-07T18:01:25.7539956Z    38 |         UNIT_DISTANCE = '#Rlt', // base 72ppi
2026-09-07T18:01:25.7540642Z       |                         ^~~~~~
2026-09-07T18:01:25.7541945Z /home/runner/work/PocketKrKr/PocketKrKr/cpp/plugins/psdfile/psdparse/psddesc.h:39:21: warning: multi-character character constant [-Wmultichar]
2026-09-07T18:01:25.7543272Z    39 |         UNIT_NONE = '#Nne',
2026-09-07T18:01:25.7543887Z       |                     ^~~~~~
2026-09-07T18:01:25.7545166Z /home/runner/work/PocketKrKr/PocketKrKr/cpp/plugins/psdfile/psdparse/psddesc.h:40:24: warning: multi-character character constant [-Wmultichar]
2026-09-07T18:01:25.7546830Z    40 |         UNIT_PERCENT = '#Prc',
2026-09-07T18:01:25.7547451Z       |                        ^~~~~~
2026-09-07T18:01:25.7548761Z /home/runner/work/PocketKrKr/PocketKrKr/cpp/plugins/psdfile/psdparse/psddesc.h:41:23: warning: multi-character character constant [-Wmultichar]
2026-09-07T18:01:25.7550099Z    41 |         UNIT_PIXELS = '#Pxl',
2026-09-07T18:01:25.7550703Z       |                       ^~~~~~
2026-09-07T18:01:25.7551986Z /home/runner/work/PocketKrKr/PocketKrKr/cpp/plugins/psdfile/psdparse/psddesc.h:46:29: warning: multi-character character constant [-Wmultichar]
2026-09-07T18:01:25.7553339Z    46 |         REF_TYPE_PROPERTY = 'prop',
2026-09-07T18:01:25.7554004Z       |                             ^~~~~~
2026-09-07T18:01:25.7555501Z /home/runner/work/PocketKrKr/PocketKrKr/cpp/plugins/psdfile/psdparse/psddesc.h:47:26: warning: multi-character character constant [-Wmultichar]
2026-09-07T18:01:25.7556905Z    47 |         REF_TYPE_CLASS = 'Clss',
2026-09-07T18:01:25.7557551Z       |                          ^~~~~~
2026-09-07T18:01:25.7558853Z /home/runner/work/PocketKrKr/PocketKrKr/cpp/plugins/psdfile/psdparse/psddesc.h:48:29: warning: multi-character character constant [-Wmultichar]
2026-09-07T18:01:25.7560182Z    48 |         REF_TYPE_ENUM_REF = 'Enmr',
2026-09-07T18:01:25.7560844Z       |                             ^~~~~~
2026-09-07T18:01:25.7562116Z /home/runner/work/PocketKrKr/PocketKrKr/cpp/plugins/psdfile/psdparse/psddesc.h:49:27: warning: multi-character character constant [-Wmultichar]
2026-09-07T18:01:25.7563435Z    49 |         REF_TYPE_OFFSET = 'rele',
2026-09-07T18:01:25.7564081Z       |                           ^~~~~~
2026-09-07T18:01:25.7565558Z /home/runner/work/PocketKrKr/PocketKrKr/cpp/plugins/psdfile/psdparse/psddesc.h:50:31: warning: multi-character character constant [-Wmultichar]
2026-09-07T18:01:25.7566924Z    50 |         REF_TYPE_IDENTIFIER = 'Idnt',
2026-09-07T18:01:25.7567590Z       |                               ^~~~~~
2026-09-07T18:01:25.7569098Z /home/runner/work/PocketKrKr/PocketKrKr/cpp/plugins/psdfile/psdparse/psddesc.h:51:26: warning: multi-character character constant [-Wmultichar]
2026-09-07T18:01:25.7570500Z    51 |         REF_TYPE_INDEX = 'indx',
2026-09-07T18:01:25.7571134Z       |                          ^~~~~~
2026-09-07T18:01:25.7572667Z /home/runner/work/PocketKrKr/PocketKrKr/cpp/plugins/psdfile/psdparse/psddesc.h:52:25: warning: multi-character character constant [-Wmultichar]
2026-09-07T18:01:25.7574017Z    52 |         REF_TYPE_NAME = 'name',
2026-09-07T18:01:25.7574652Z       |                         ^~~~~~
2026-09-07T18:01:25.7575913Z In file included from /home/runner/work/PocketKrKr/PocketKrKr/cpp/plugins/psdfile/psdparse/psdfile.h:4,
2026-09-07T18:01:25.7577331Z                  from /home/runner/work/PocketKrKr/PocketKrKr/cpp/plugins/psdfile/psdclass.h:9,
2026-09-07T18:01:25.7578675Z                  from /home/runner/work/PocketKrKr/PocketKrKr/cpp/plugins/psdfile/psdclass_loadstream.cpp:1:
2026-09-07T18:01:25.7580460Z /home/runner/work/PocketKrKr/PocketKrKr/cpp/plugins/psdfile/psdparse/psddata.h:113:18: warning: multi-character character constant [-Wmultichar]
2026-09-07T18:01:25.7581836Z   113 |             case 'norm':
2026-09-07T18:01:25.7582428Z       |                  ^~~~~~
2026-09-07T18:01:25.7583708Z /home/runner/work/PocketKrKr/PocketKrKr/cpp/plugins/psdfile/psdparse/psddata.h:115:18: warning: multi-character character constant [-Wmultichar]
2026-09-07T18:01:25.7585067Z   115 |             case 'diss':
2026-09-07T18:01:25.7586021Z       |                  ^~~~~~
2026-09-07T18:01:25.7587314Z /home/runner/work/PocketKrKr/PocketKrKr/cpp/plugins/psdfile/psdparse/psddata.h:117:18: warning: multi-character character constant [-Wmultichar]
2026-09-07T18:01:25.7588682Z   117 |             case 'dark':
2026-09-07T18:01:25.7589272Z       |                  ^~~~~~
2026-09-07T18:01:25.7590546Z /home/runner/work/PocketKrKr/PocketKrKr/cpp/plugins/psdfile/psdparse/psddata.h:119:18: warning: multi-character character constant [-Wmultichar]
2026-09-07T18:01:25.7591908Z   119 |             case 'mul ':
2026-09-07T18:01:25.7592482Z       |                  ^~~~~~
2026-09-07T18:01:25.7593810Z /home/runner/work/PocketKrKr/PocketKrKr/cpp/plugins/psdfile/psdparse/psddata.h:121:18: warning: multi-character character constant [-Wmultichar]
2026-09-07T18:01:25.7595159Z   121 |             case 'idiv':
2026-09-07T18:01:25.7596035Z       |                  ^~~~~~
2026-09-07T18:01:25.7597307Z /home/runner/work/PocketKrKr/PocketKrKr/cpp/plugins/psdfile/psdparse/psddata.h:123:18: warning: multi-character character constant [-Wmultichar]
2026-09-07T18:01:25.7598696Z   123 |             case 'lbrn':
2026-09-07T18:01:25.7599286Z       |                  ^~~~~~
2026-09-07T18:01:25.7600552Z /home/runner/work/PocketKrKr/PocketKrKr/cpp/plugins/psdfile/psdparse/psddata.h:125:18: warning: multi-character character constant [-Wmultichar]
2026-09-07T18:01:25.7601897Z   125 |             case 'dkCl':
2026-09-07T18:01:25.7602480Z       |                  ^~~~~~
2026-09-07T18:01:25.7603742Z /home/runner/work/PocketKrKr/PocketKrKr/cpp/plugins/psdfile/psdparse/psddata.h:127:18: warning: multi-character character constant [-Wmultichar]
2026-09-07T18:01:25.7605063Z   127 |             case 'lite':
2026-09-07T18:01:25.7605894Z       |                  ^~~~~~
2026-09-07T18:01:25.7607160Z /home/runner/work/PocketKrKr/PocketKrKr/cpp/plugins/psdfile/psdparse/psddata.h:129:18: warning: multi-character character constant [-Wmultichar]
2026-09-07T18:01:25.7608490Z   129 |             case 'scrn':
2026-09-07T18:01:25.7609083Z       |                  ^~~~~~
2026-09-07T18:01:25.7610329Z /home/runner/work/PocketKrKr/PocketKrKr/cpp/plugins/psdfile/psdparse/psddata.h:131:18: warning: multi-character character constant [-Wmultichar]
2026-09-07T18:01:25.7611694Z   131 |             case 'div ':
2026-09-07T18:01:25.7612274Z       |                  ^~~~~~
2026-09-07T18:01:25.7613762Z /home/runner/work/PocketKrKr/PocketKrKr/cpp/plugins/psdfile/psdparse/psddata.h:133:18: warning: multi-character character constant [-Wmultichar]
2026-09-07T18:01:25.7615150Z   133 |             case 'lddg':
2026-09-07T18:01:25.7615991Z       |                  ^~~~~~
2026-09-07T18:01:25.7617260Z /home/runner/work/PocketKrKr/PocketKrKr/cpp/plugins/psdfile/psdparse/psddata.h:135:18: warning: multi-character character constant [-Wmultichar]
2026-09-07T18:01:25.7618938Z   135 |             case 'ltCl':
2026-09-07T18:01:25.7619533Z       |                  ^~~~~~
2026-09-07T18:01:25.7620802Z /home/runner/work/PocketKrKr/PocketKrKr/cpp/plugins/psdfile/psdparse/psddata.h:137:18: warning: multi-character character constant [-Wmultichar]
2026-09-07T18:01:25.7622162Z   137 |             case 'over':
2026-09-07T18:01:25.7622760Z       |                  ^~~~~~
2026-09-07T18:01:25.7624044Z /home/runner/work/PocketKrKr/PocketKrKr/cpp/plugins/psdfile/psdparse/psddata.h:139:18: warning: multi-character character constant [-Wmultichar]
2026-09-07T18:01:25.7625723Z   139 |             case 'sLit':
2026-09-07T18:01:25.7626338Z       |                  ^~~~~~
2026-09-07T18:01:25.7627628Z /home/runner/work/PocketKrKr/PocketKrKr/cpp/plugins/psdfile/psdparse/psddata.h:141:18: warning: multi-character character constant [-Wmultichar]
2026-09-07T18:01:25.7628973Z   141 |             case 'hLit':
2026-09-07T18:01:25.7629564Z       |                  ^~~~~~
2026-09-07T18:01:25.7630819Z /home/runner/work/PocketKrKr/PocketKrKr/cpp/plugins/psdfile/psdparse/psddata.h:143:18: warning: multi-character character constant [-Wmultichar]
2026-09-07T18:01:25.7632173Z   143 |             case 'vLit':
2026-09-07T18:01:25.7632757Z       |                  ^~~~~~
2026-09-07T18:01:25.7634005Z /home/runner/work/PocketKrKr/PocketKrKr/cpp/plugins/psdfile/psdparse/psddata.h:145:18: warning: multi-character character constant [-Wmultichar]
2026-09-07T18:01:25.7635694Z   145 |             case 'lLit':
2026-09-07T18:01:25.7636297Z       |                  ^~~~~~
2026-09-07T18:01:25.7637578Z /home/runner/work/PocketKrKr/PocketKrKr/cpp/plugins/psdfile/psdparse/psddata.h:147:18: warning: multi-character character constant [-Wmultichar]
2026-09-07T18:01:25.7638918Z   147 |             case 'pLit':
2026-09-07T18:01:25.7639489Z       |                  ^~~~~~
2026-09-07T18:01:25.7640733Z /home/runner/work/PocketKrKr/PocketKrKr/cpp/plugins/psdfile/psdparse/psddata.h:149:18: warning: multi-character character constant [-Wmultichar]
2026-09-07T18:01:25.7642074Z   149 |             case 'hMix':
2026-09-07T18:01:25.7642645Z       |                  ^~~~~~
2026-09-07T18:01:25.7643887Z /home/runner/work/PocketKrKr/PocketKrKr/cpp/plugins/psdfile/psdparse/psddata.h:151:18: warning: multi-character character constant [-Wmultichar]
2026-09-07T18:01:25.7645433Z   151 |             case 'diff':
2026-09-07T18:01:25.7646051Z       |                  ^~~~~~
2026-09-07T18:01:25.7647344Z /home/runner/work/PocketKrKr/PocketKrKr/cpp/plugins/psdfile/psdparse/psddata.h:153:18: warning: multi-character character constant [-Wmultichar]
2026-09-07T18:01:25.7648707Z   153 |             case 'smud':
2026-09-07T18:01:25.7649309Z       |                  ^~~~~~
2026-09-07T18:01:25.7650584Z /home/runner/work/PocketKrKr/PocketKrKr/cpp/plugins/psdfile/psdparse/psddata.h:155:18: warning: multi-character character constant [-Wmultichar]
2026-09-07T18:01:25.7651932Z   155 |             case 'fsub':
2026-09-07T18:01:25.7652514Z       |                  ^~~~~~
2026-09-07T18:01:25.7653797Z /home/runner/work/PocketKrKr/PocketKrKr/cpp/plugins/psdfile/psdparse/psddata.h:157:18: warning: multi-character character constant [-Wmultichar]
2026-09-07T18:01:25.7655374Z   157 |             case 'fdiv':
2026-09-07T18:01:25.7656007Z       |                  ^~~~~~
2026-09-07T18:01:25.7657278Z /home/runner/work/PocketKrKr/PocketKrKr/cpp/plugins/psdfile/psdparse/psddata.h:159:18: warning: multi-character character constant [-Wmultichar]
2026-09-07T18:01:25.7658608Z   159 |             case 'hue ':
2026-09-07T18:01:25.7659204Z       |                  ^~~~~~
2026-09-07T18:01:25.7660846Z /home/runner/work/PocketKrKr/PocketKrKr/cpp/plugins/psdfile/psdparse/psddata.h:161:18: warning: multi-character character constant [-Wmultichar]
2026-09-07T18:01:25.7662225Z   161 |             case 'sat ':
2026-09-07T18:01:25.7662796Z       |                  ^~~~~~
2026-09-07T18:01:25.7664060Z /home/runner/work/PocketKrKr/PocketKrKr/cpp/plugins/psdfile/psdparse/psddata.h:163:18: warning: multi-character character constant [-Wmultichar]
2026-09-07T18:01:25.7665970Z   163 |             case 'colr':
2026-09-07T18:01:25.7666565Z       |                  ^~~~~~
2026-09-07T18:01:25.7667857Z /home/runner/work/PocketKrKr/PocketKrKr/cpp/plugins/psdfile/psdparse/psddata.h:165:18: warning: multi-character character constant [-Wmultichar]
2026-09-07T18:01:25.7669199Z   165 |             case 'lum ':
2026-09-07T18:01:25.7669792Z       |                  ^~~~~~
2026-09-07T18:01:25.7671079Z /home/runner/work/PocketKrKr/PocketKrKr/cpp/plugins/psdfile/psdparse/psddata.h:167:18: warning: multi-character character constant [-Wmultichar]
2026-09-07T18:01:25.7672440Z   167 |             case 'pass':
2026-09-07T18:01:25.7673020Z       |                  ^~~~~~
2026-09-07T18:01:25.7674012Z In file included from /home/runner/work/PocketKrKr/PocketKrKr/cpp/plugins/psdfile/psdparse/psdfile.h:3,
2026-09-07T18:01:25.7675725Z                  from /home/runner/work/PocketKrKr/PocketKrKr/cpp/plugins/psdfile/psdclass.h:9,
2026-09-07T18:01:25.7677118Z                  from /home/runner/work/PocketKrKr/PocketKrKr/cpp/plugins/psdfile/psdclass_loadstream.cpp:1:
2026-09-07T18:01:25.7679479Z /home/runner/work/PocketKrKr/PocketKrKr/cpp/plugins/psdfile/psdparse/psddesc.h: In member function ‘virtual void psd::DescriptorReference::dump(int)’:
2026-09-07T18:01:25.7682627Z /home/runner/work/PocketKrKr/PocketKrKr/cpp/plugins/psdfile/psdparse/psddesc.h:234:20: warning: format ‘%d’ expects argument of type ‘int’, but argument 3 has type ‘std::vector<psd::ReferenceItem*>::size_type’ {aka ‘long unsigned int’} [-Wformat=]
2026-09-07T18:01:25.7684784Z   234 |             dprint("%s (count:%d)\n", typeName(), items.size());
2026-09-07T18:01:25.7685890Z       |                    ^~~~~~~~~~~~~~~~~              ~~~~~~~~~~~~
2026-09-07T18:01:25.7686669Z       |                                                             |
2026-09-07T18:01:25.7687703Z       |                                                             std::vector<psd::ReferenceItem*>::size_type {aka long unsigned int}
2026-09-07T18:01:25.7689452Z /home/runner/work/PocketKrKr/PocketKrKr/cpp/plugins/psdfile/psdparse/psdbase.h:7:28: note: in definition of macro ‘dprint’
2026-09-07T18:01:25.7690743Z     7 | #define dprint(...) printf(__VA_ARGS__);
2026-09-07T18:01:25.7691439Z       |                            ^~~~~~~~~~~
2026-09-07T18:01:25.7692497Z In file included from /home/runner/work/PocketKrKr/PocketKrKr/cpp/plugins/psdfile/psdparse/psddata.h:5,
2026-09-07T18:01:25.7693954Z                  from /home/runner/work/PocketKrKr/PocketKrKr/cpp/plugins/psdfile/psdparse/psdfile.h:4,
2026-09-07T18:01:25.7695481Z                  from /home/runner/work/PocketKrKr/PocketKrKr/cpp/plugins/psdfile/psdclass.h:9,
2026-09-07T18:01:25.7696871Z                  from /home/runner/work/PocketKrKr/PocketKrKr/cpp/plugins/psdfile/psdclass_loadstream.cpp:1:
2026-09-07T18:01:25.7698495Z /home/runner/work/PocketKrKr/PocketKrKr/cpp/plugins/psdfile/psdparse/psddesc.h:234:32: note: format string is defined here
2026-09-07T18:01:25.7699832Z   234 |             dprint("%s (count:%d)\n", typeName(), items.size());
2026-09-07T18:01:25.7700608Z       |                               ~^
2026-09-07T18:01:25.7701221Z       |                                |
2026-09-07T18:01:25.7701842Z       |                                int
2026-09-07T18:01:25.7702469Z       |                               %ld
2026-09-07T18:01:25.7703517Z In file included from /home/runner/work/PocketKrKr/PocketKrKr/cpp/plugins/psdfile/psdparse/psdfile.h:3,
2026-09-07T18:01:25.7704895Z                  from /home/runner/work/PocketKrKr/PocketKrKr/cpp/plugins/psdfile/psdclass.h:9,
2026-09-07T18:01:25.7706772Z                  from /home/runner/work/PocketKrKr/PocketKrKr/cpp/plugins/psdfile/psdclass_loadstream.cpp:1:
2026-09-07T18:01:25.7708916Z /home/runner/work/PocketKrKr/PocketKrKr/cpp/plugins/psdfile/psdparse/psddesc.h: In member function ‘virtual void psd::DescriptorList::dump(int)’:
2026-09-07T18:01:25.7712371Z /home/runner/work/PocketKrKr/PocketKrKr/cpp/plugins/psdfile/psdparse/psddesc.h:253:20: warning: format ‘%d’ expects argument of type ‘int’, but argument 3 has type ‘std::vector<psd::DescriptorItem*>::size_type’ {aka ‘long unsigned int’} [-Wformat=]
2026-09-07T18:01:25.7714523Z   253 |             dprint("%s (count:%d)\n", typeName(), items.size());
2026-09-07T18:01:25.7715574Z       |                    ^~~~~~~~~~~~~~~~~              ~~~~~~~~~~~~
2026-09-07T18:01:25.7716358Z       |                                                             |
2026-09-07T18:01:25.7717387Z       |                                                             std::vector<psd::DescriptorItem*>::size_type {aka long unsigned int}
2026-09-07T18:01:25.7719326Z /home/runner/work/PocketKrKr/PocketKrKr/cpp/plugins/psdfile/psdparse/psdbase.h:7:28: note: in definition of macro ‘dprint’
2026-09-07T18:01:25.7720617Z     7 | #define dprint(...) printf(__VA_ARGS__);
2026-09-07T18:01:25.7721313Z       |                            ^~~~~~~~~~~
2026-09-07T18:01:25.7722394Z In file included from /home/runner/work/PocketKrKr/PocketKrKr/cpp/plugins/psdfile/psdparse/psddata.h:5,
2026-09-07T18:01:25.7723834Z                  from /home/runner/work/PocketKrKr/PocketKrKr/cpp/plugins/psdfile/psdparse/psdfile.h:4,
2026-09-07T18:01:25.7725146Z                  from /home/runner/work/PocketKrKr/PocketKrKr/cpp/plugins/psdfile/psdclass.h:9,
2026-09-07T18:01:25.7726718Z                  from /home/runner/work/PocketKrKr/PocketKrKr/cpp/plugins/psdfile/psdclass_loadstream.cpp:1:
2026-09-07T18:01:25.7728356Z /home/runner/work/PocketKrKr/PocketKrKr/cpp/plugins/psdfile/psdparse/psddesc.h:253:32: note: format string is defined here
2026-09-07T18:01:25.7729710Z   253 |             dprint("%s (count:%d)\n", typeName(), items.size());
2026-09-07T18:01:25.7730487Z       |                               ~^
2026-09-07T18:01:25.7731129Z       |                                |
2026-09-07T18:01:25.7731757Z       |                                int
2026-09-07T18:01:25.7732399Z       |                               %ld
2026-09-07T18:01:25.7733390Z In file included from /home/runner/work/PocketKrKr/PocketKrKr/cpp/plugins/psdfile/psdclass.h:10,
2026-09-07T18:01:25.7734823Z                  from /home/runner/work/PocketKrKr/PocketKrKr/cpp/plugins/psdfile/psdclass_loadstream.cpp:1:
2026-09-07T18:01:25.7737623Z /home/runner/work/PocketKrKr/PocketKrKr/cpp/core/plugin/ncbind.hpp: In static member function ‘static ncbTypeConvertor::Conversion<FROM, TO>::OK ncbTypeConvertor::Conversion<FROM, TO>::check(TO)’:
2026-09-07T18:01:25.7740058Z /home/runner/work/PocketKrKr/PocketKrKr/cpp/core/plugin/ncbind.hpp:244:38: warning: no return statement in function returning non-void [-Wreturn-type]
2026-09-07T18:01:25.7741477Z   244 |                 static OK check(TO) {};
2026-09-07T18:01:25.7742164Z       |                                      ^
2026-09-07T18:01:25.7743166Z [602/741] Building CXX object cpp/plugins/psdfile/CMakeFiles/psdfile.dir/__/psbfile/PSBValue.cpp.o
2026-09-07T18:01:26.8056593Z [603/741] Building CXX object cpp/plugins/psdfile/CMakeFiles/psdfile.dir/__/wfBasicEffectCompat.cpp.o
2026-09-07T18:01:26.8070023Z In file included from /home/runner/work/PocketKrKr/PocketKrKr/cpp/plugins/wfBasicEffectCompat.cpp:3:
2026-09-07T18:01:26.8107644Z /home/runner/work/PocketKrKr/PocketKrKr/cpp/core/plugin/ncbind.hpp: In static member function ‘static ncbTypeConvertor::Conversion<FROM, TO>::OK ncbTypeConvertor::Conversion<FROM, TO>::check(TO)’:
2026-09-07T18:01:26.8136585Z /home/runner/work/PocketKrKr/PocketKrKr/cpp/core/plugin/ncbind.hpp:244:38: warning: no return statement in function returning non-void [-Wreturn-type]
2026-09-07T18:01:26.8165818Z   244 |                 static OK check(TO) {};
2026-09-07T18:01:26.8186167Z       |                                      ^
2026-09-07T18:01:26.8316348Z [604/741] Building CXX object cpp/plugins/psdfile/CMakeFiles/psdfile.dir/__/psbfile/PSBMedia.cpp.o
2026-09-07T18:01:26.8536640Z [605/741] Building CXX object cpp/plugins/psdfile/CMakeFiles/psdfile.dir/__/psbfile/types/PimgType.cpp.o
2026-09-07T18:01:26.8766660Z [606/741] Building CXX object cpp/plugins/psdfile/CMakeFiles/psdfile.dir/__/psbfile/types/MotionType.cpp.o
2026-09-07T18:01:26.8976633Z [607/741] Building CXX object cpp/plugins/psdfile/CMakeFiles/psdfile.dir/__/psbfile/types/ScnType.cpp.o
2026-09-07T18:01:26.9186638Z [608/741] Building CXX object cpp/plugins/psdfile/CMakeFiles/psdfile.dir/__/psbfile/types/ImageType.cpp.o
2026-09-07T18:01:26.9396656Z [609/741] Building CXX object cpp/plugins/psdfile/CMakeFiles/psdfile.dir/__/psbfile/types/MmoType.cpp.o
2026-09-07T18:01:26.9606644Z [610/741] Building CXX object cpp/plugins/psdfile/CMakeFiles/psdfile.dir/__/psbfile/types/ArchiveType.cpp.o
2026-09-07T18:01:26.9816778Z [611/741] Building CXX object cpp/plugins/psdfile/CMakeFiles/psdfile.dir/__/psbfile/types/SoundArchiveType.cpp.o
2026-09-07T18:01:27.0206765Z [612/741] Building CXX object cpp/plugins/psdfile/CMakeFiles/psdfile.dir/__/psbfile/resources/ImageMetadata.cpp.o
2026-09-07T18:01:27.4961939Z [613/741] Building CXX object cpp/plugins/psdfile/CMakeFiles/psdfile.dir/__/wfTypicalDSPCompat.cpp.o
2026-09-07T18:01:27.4963682Z In file included from /home/runner/work/PocketKrKr/PocketKrKr/cpp/plugins/wfTypicalDSPCompat.cpp:3:
2026-09-07T18:01:27.4966667Z /home/runner/work/PocketKrKr/PocketKrKr/cpp/core/plugin/ncbind.hpp: In static member function ‘static ncbTypeConvertor::Conversion<FROM, TO>::OK ncbTypeConvertor::Conversion<FROM, TO>::check(TO)’:
2026-09-07T18:01:27.4969067Z /home/runner/work/PocketKrKr/PocketKrKr/cpp/core/plugin/ncbind.hpp:244:38: warning: no return statement in function returning non-void [-Wreturn-type]
2026-09-07T18:01:27.4970523Z   244 |                 static OK check(TO) {};
2026-09-07T18:01:27.4971344Z       |                                      ^
2026-09-07T18:01:29.6941300Z [614/741] Building CXX object cpp/plugins/psdfile/CMakeFiles/psdfile.dir/__/psbfile/main.cpp.o
2026-09-07T18:01:29.6943056Z In file included from /home/runner/work/PocketKrKr/PocketKrKr/cpp/plugins/psbfile/main.cpp:11:
2026-09-07T18:01:29.6946290Z /home/runner/work/PocketKrKr/PocketKrKr/cpp/core/plugin/ncbind.hpp: In static member function ‘static ncbTypeConvertor::Conversion<FROM, TO>::OK ncbTypeConvertor::Conversion<FROM, TO>::check(TO)’:
2026-09-07T18:01:29.6948591Z /home/runner/work/PocketKrKr/PocketKrKr/cpp/core/plugin/ncbind.hpp:244:38: warning: no return statement in function returning non-void [-Wreturn-type]
2026-09-07T18:01:29.6950056Z   244 |                 static OK check(TO) {};
2026-09-07T18:01:29.6950896Z       |                                      ^
2026-09-07T18:01:30.8046845Z [615/741] Building CXX object cpp/plugins/psdfile/CMakeFiles/psdfile.dir/__/psbfile/PSBFile.cpp.o
2026-09-07T18:01:30.8048626Z In file included from /home/runner/work/PocketKrKr/PocketKrKr/cpp/plugins/psbfile/PSBFile.cpp:8:
2026-09-07T18:01:30.8077712Z /home/runner/work/PocketKrKr/PocketKrKr/cpp/core/plugin/ncbind.hpp: In static member function ‘static ncbTypeConvertor::Conversion<FROM, TO>::OK ncbTypeConvertor::Conversion<FROM, TO>::check(TO)’:
2026-09-07T18:01:30.8106518Z /home/runner/work/PocketKrKr/PocketKrKr/cpp/core/plugin/ncbind.hpp:244:38: warning: no return statement in function returning non-void [-Wreturn-type]
2026-09-07T18:01:30.8135877Z   244 |                 static OK check(TO) {};
2026-09-07T18:01:30.8136471Z       |                                      ^
2026-09-07T18:01:31.3662963Z [616/741] Building CXX object cpp/plugins/psdfile/CMakeFiles/psdfile.dir/__/layerex_draw/general/LayerExDraw.cpp.o
2026-09-07T18:01:31.3686251Z In file included from /home/runner/work/PocketKrKr/PocketKrKr/cpp/plugins/layerex_draw/general/LayerExDraw.cpp:5:
2026-09-07T18:01:31.3697794Z /home/runner/work/PocketKrKr/PocketKrKr/cpp/core/plugin/ncbind.hpp: In static member function ‘static ncbTypeConvertor::Conversion<FROM, TO>::OK ncbTypeConvertor::Conversion<FROM, TO>::check(TO)’:
2026-09-07T18:01:31.3736540Z /home/runner/work/PocketKrKr/PocketKrKr/cpp/core/plugin/ncbind.hpp:244:38: warning: no return statement in function returning non-void [-Wreturn-type]
2026-09-07T18:01:31.3775687Z   244 |                 static OK check(TO) {};
2026-09-07T18:01:31.3805756Z       |                                      ^
2026-09-07T18:01:31.3836382Z [617/741] Building CXX object cpp/plugins/psdfile/CMakeFiles/psdfile.dir/__/motionplayer/EmotePlayer.cpp.o
2026-09-07T18:01:31.9832565Z [618/741] Building CXX object cpp/plugins/psdfile/CMakeFiles/psdfile.dir/__/layerex_draw/general/DrawPath.cpp.o
2026-09-07T18:01:32.0066572Z [619/741] Building CXX object cpp/plugins/psdfile/CMakeFiles/psdfile.dir/__/motionplayer/ResourceManager.cpp.o
2026-09-07T18:01:32.9916948Z [620/741] Building CXX object cpp/plugins/psdfile/CMakeFiles/psdfile.dir/__/layerex_draw/general/main.cpp.o
2026-09-07T18:01:32.9925575Z In file included from /home/runner/work/PocketKrKr/PocketKrKr/cpp/plugins/layerex_draw/general/main.cpp:3:
2026-09-07T18:01:32.9928616Z /home/runner/work/PocketKrKr/PocketKrKr/cpp/core/plugin/ncbind.hpp: In static member function ‘static ncbTypeConvertor::Conversion<FROM, TO>::OK ncbTypeConvertor::Conversion<FROM, TO>::check(TO)’:
2026-09-07T18:01:32.9931158Z /home/runner/work/PocketKrKr/PocketKrKr/cpp/core/plugin/ncbind.hpp:244:38: warning: no return statement in function returning non-void [-Wreturn-type]
2026-09-07T18:01:32.9932687Z   244 |                 static OK check(TO) {};
2026-09-07T18:01:32.9933545Z       |                                      ^
2026-09-07T18:01:34.1116811Z [621/741] Building CXX object cpp/plugins/psdfile/CMakeFiles/psdfile.dir/__/kagparserex/kagparserex_plugin.cpp.o
2026-09-07T18:01:34.1136430Z In file included from /home/runner/work/PocketKrKr/PocketKrKr/cpp/plugins/kagparserex/kagparserex_plugin.cpp:2:
2026-09-07T18:01:34.1152379Z /home/runner/work/PocketKrKr/PocketKrKr/cpp/core/plugin/ncbind.hpp: In static member function ‘static ncbTypeConvertor::Conversion<FROM, TO>::OK ncbTypeConvertor::Conversion<FROM, TO>::check(TO)’:
2026-09-07T18:01:34.1154933Z /home/runner/work/PocketKrKr/PocketKrKr/cpp/core/plugin/ncbind.hpp:244:38: warning: no return statement in function returning non-void [-Wreturn-type]
2026-09-07T18:01:34.1156759Z   244 |                 static OK check(TO) {};
2026-09-07T18:01:34.1157603Z       |                                      ^
2026-09-07T18:01:35.0507523Z [622/741] Building CXX object cpp/plugins/psdfile/CMakeFiles/psdfile.dir/__/motionplayer/Player.cpp.o
2026-09-07T18:01:35.0522425Z In file included from /home/runner/work/PocketKrKr/PocketKrKr/cpp/plugins/motionplayer/Player.h:19,
2026-09-07T18:01:35.0525670Z                  from /home/runner/work/PocketKrKr/PocketKrKr/cpp/plugins/motionplayer/Player.cpp:5:
2026-09-07T18:01:35.0528740Z /home/runner/work/PocketKrKr/PocketKrKr/cpp/core/plugin/ncbind.hpp: In static member function ‘static ncbTypeConvertor::Conversion<FROM, TO>::OK ncbTypeConvertor::Conversion<FROM, TO>::check(TO)’:
2026-09-07T18:01:35.0531215Z /home/runner/work/PocketKrKr/PocketKrKr/cpp/core/plugin/ncbind.hpp:244:38: warning: no return statement in function returning non-void [-Wreturn-type]
2026-09-07T18:01:35.0532704Z   244 |                 static OK check(TO) {};
2026-09-07T18:01:35.0533453Z       |                                      ^
2026-09-07T18:01:36.1450992Z [623/741] Linking CXX static library cpp/plugins/psdfile/psdparse/libpsdparse.a
2026-09-07T18:01:36.4683427Z [624/741] Building CXX object cpp/plugins/psdfile/CMakeFiles/psdfile.dir/__/motionplayer/main.cpp.o
2026-09-07T18:01:36.4685752Z In file included from /home/runner/work/PocketKrKr/PocketKrKr/cpp/plugins/motionplayer/main.cpp:8:
2026-09-07T18:01:36.4694091Z /home/runner/work/PocketKrKr/PocketKrKr/cpp/core/plugin/ncbind.hpp: In static member function ‘static ncbTypeConvertor::Conversion<FROM, TO>::OK ncbTypeConvertor::Conversion<FROM, TO>::check(TO)’:
2026-09-07T18:01:36.4696739Z /home/runner/work/PocketKrKr/PocketKrKr/cpp/core/plugin/ncbind.hpp:244:38: warning: no return statement in function returning non-void [-Wreturn-type]
2026-09-07T18:01:36.4698550Z   244 |                 static OK check(TO) {};
2026-09-07T18:01:36.4699670Z       |                                      ^
2026-09-07T18:01:36.4700753Z [625/741] Building CXX object cpp/plugins/psdfile/CMakeFiles/psdfile.dir/__/fstat/main.cpp.o
2026-09-07T18:01:36.4702177Z In file included from /home/runner/work/PocketKrKr/PocketKrKr/cpp/plugins/fstat/main.cpp:8:
2026-09-07T18:01:36.4704675Z /home/runner/work/PocketKrKr/PocketKrKr/cpp/core/plugin/ncbind.hpp: In static member function ‘static ncbTypeConvertor::Conversion<FROM, TO>::OK ncbTypeConvertor::Conversion<FROM, TO>::check(TO)’:
2026-09-07T18:01:36.4707431Z /home/runner/work/PocketKrKr/PocketKrKr/cpp/core/plugin/ncbind.hpp:244:38: warning: no return statement in function returning non-void [-Wreturn-type]
2026-09-07T18:01:36.4708928Z   244 |                 static OK check(TO) {};
2026-09-07T18:01:36.4709687Z       |                                      ^
2026-09-07T18:01:37.5006695Z [626/741] Building CXX object cpp/plugins/CMakeFiles/krkr2plugin.dir/scriptsEx.cpp.o
2026-09-07T18:01:37.5010439Z In file included from /home/runner/work/PocketKrKr/PocketKrKr/cpp/plugins/scriptsEx.cpp:5:
2026-09-07T18:01:37.5012989Z /home/runner/work/PocketKrKr/PocketKrKr/cpp/core/plugin/ncbind.hpp: In static member function ‘static ncbTypeConvertor::Conversion<FROM, TO>::OK ncbTypeConvertor::Conversion<FROM, TO>::check(TO)’:
2026-09-07T18:01:37.5015885Z /home/runner/work/PocketKrKr/PocketKrKr/cpp/core/plugin/ncbind.hpp:244:38: warning: no return statement in function returning non-void [-Wreturn-type]
2026-09-07T18:01:37.5017474Z   244 |                 static OK check(TO) {};
2026-09-07T18:01:37.5018303Z       |                                      ^
2026-09-07T18:01:38.2247850Z [627/741] Building CXX object cpp/plugins/CMakeFiles/krkr2plugin.dir/win32dialog.cpp.o
2026-09-07T18:01:38.2276185Z In file included from /home/runner/work/PocketKrKr/PocketKrKr/cpp/plugins/win32dialog.cpp:2:
2026-09-07T18:01:38.2307599Z /home/runner/work/PocketKrKr/PocketKrKr/cpp/core/plugin/ncbind.hpp: In static member function ‘static ncbTypeConvertor::Conversion<FROM, TO>::OK ncbTypeConvertor::Conversion<FROM, TO>::check(TO)’:
2026-09-07T18:01:38.2316552Z /home/runner/work/PocketKrKr/PocketKrKr/cpp/core/plugin/ncbind.hpp:244:38: warning: no return statement in function returning non-void [-Wreturn-type]
2026-09-07T18:01:38.2345801Z   244 |                 static OK check(TO) {};
2026-09-07T18:01:38.2363591Z       |                                      ^
2026-09-07T18:01:38.6977546Z [628/741] Building CXX object cpp/plugins/CMakeFiles/krkr2plugin.dir/csvParser.cpp.o
2026-09-07T18:01:38.6991827Z In file included from /home/runner/work/PocketKrKr/PocketKrKr/cpp/plugins/csvParser.cpp:3:
2026-09-07T18:01:38.6994729Z /home/runner/work/PocketKrKr/PocketKrKr/cpp/core/plugin/ncbind.hpp: In static member function ‘static ncbTypeConvertor::Conversion<FROM, TO>::OK ncbTypeConvertor::Conversion<FROM, TO>::check(TO)’:
2026-09-07T18:01:38.6997392Z /home/runner/work/PocketKrKr/PocketKrKr/cpp/core/plugin/ncbind.hpp:244:38: warning: no return statement in function returning non-void [-Wreturn-type]
2026-09-07T18:01:38.6998821Z   244 |                 static OK check(TO) {};
2026-09-07T18:01:38.6999467Z       |                                      ^
2026-09-07T18:01:38.7436496Z [629/741] Building CXX object cpp/plugins/CMakeFiles/krkr2plugin.dir/dirlist.cpp.o
2026-09-07T18:01:38.7437655Z In file included from /home/runner/work/PocketKrKr/PocketKrKr/cpp/plugins/dirlist.cpp:5:
2026-09-07T18:01:38.7467663Z /home/runner/work/PocketKrKr/PocketKrKr/cpp/core/plugin/ncbind.hpp: In static member function ‘static ncbTypeConvertor::Conversion<FROM, TO>::OK ncbTypeConvertor::Conversion<FROM, TO>::check(TO)’:
2026-09-07T18:01:38.7496921Z /home/runner/work/PocketKrKr/PocketKrKr/cpp/core/plugin/ncbind.hpp:244:38: warning: no return statement in function returning non-void [-Wreturn-type]
2026-09-07T18:01:38.7516584Z   244 |                 static OK check(TO) {};
2026-09-07T18:01:38.7530835Z       |                                      ^
2026-09-07T18:01:40.4294396Z [630/741] Building CXX object cpp/plugins/CMakeFiles/krkr2plugin.dir/varfile.cpp.o
2026-09-07T18:01:40.4296580Z In file included from /home/runner/work/PocketKrKr/PocketKrKr/cpp/plugins/varfile.cpp:3:
2026-09-07T18:01:40.4299368Z /home/runner/work/PocketKrKr/PocketKrKr/cpp/core/plugin/ncbind.hpp: In static member function ‘static ncbTypeConvertor::Conversion<FROM, TO>::OK ncbTypeConvertor::Conversion<FROM, TO>::check(TO)’:
2026-09-07T18:01:40.4301899Z /home/runner/work/PocketKrKr/PocketKrKr/cpp/core/plugin/ncbind.hpp:244:38: warning: no return statement in function returning non-void [-Wreturn-type]
2026-09-07T18:01:40.4303412Z   244 |                 static OK check(TO) {};
2026-09-07T18:01:40.4304143Z       |                                      ^
2026-09-07T18:01:40.4366230Z [631/741] Building CXX object cpp/plugins/CMakeFiles/krkr2plugin.dir/layerExMovie.cpp.o
2026-09-07T18:01:40.4375115Z In file included from /home/runner/work/PocketKrKr/PocketKrKr/cpp/plugins/layerExMovie.cpp:9:
2026-09-07T18:01:40.4377980Z /home/runner/work/PocketKrKr/PocketKrKr/cpp/core/plugin/ncbind.hpp: In static member function ‘static ncbTypeConvertor::Conversion<FROM, TO>::OK ncbTypeConvertor::Conversion<FROM, TO>::check(TO)’:
2026-09-07T18:01:40.4380540Z /home/runner/work/PocketKrKr/PocketKrKr/cpp/core/plugin/ncbind.hpp:244:38: warning: no return statement in function returning non-void [-Wreturn-type]
2026-09-07T18:01:40.4382017Z   244 |                 static OK check(TO) {};
2026-09-07T18:01:40.4382807Z       |                                      ^
2026-09-07T18:01:40.9586650Z [632/741] Building CXX object cpp/plugins/CMakeFiles/krkr2plugin.dir/getabout.cpp.o
2026-09-07T18:01:40.9626920Z In file included from /home/runner/work/PocketKrKr/PocketKrKr/cpp/plugins/getabout.cpp:1:
2026-09-07T18:01:40.9629834Z /home/runner/work/PocketKrKr/PocketKrKr/cpp/core/plugin/ncbind.hpp: In static member function ‘static ncbTypeConvertor::Conversion<FROM, TO>::OK ncbTypeConvertor::Conversion<FROM, TO>::check(TO)’:
2026-09-07T18:01:40.9643527Z /home/runner/work/PocketKrKr/PocketKrKr/cpp/core/plugin/ncbind.hpp:244:38: warning: no return statement in function returning non-void [-Wreturn-type]
2026-09-07T18:01:40.9645026Z   244 |                 static OK check(TO) {};
2026-09-07T18:01:40.9646001Z       |                                      ^
2026-09-07T18:01:40.9926504Z [633/741] Building CXX object cpp/plugins/CMakeFiles/krkr2plugin.dir/saveStruct.cpp.o
2026-09-07T18:01:40.9931126Z In file included from /home/runner/work/PocketKrKr/PocketKrKr/cpp/plugins/saveStruct.cpp:1:
2026-09-07T18:01:40.9933943Z /home/runner/work/PocketKrKr/PocketKrKr/cpp/core/plugin/ncbind.hpp: In static member function ‘static ncbTypeConvertor::Conversion<FROM, TO>::OK ncbTypeConvertor::Conversion<FROM, TO>::check(TO)’:
2026-09-07T18:01:40.9936707Z /home/runner/work/PocketKrKr/PocketKrKr/cpp/core/plugin/ncbind.hpp:244:38: warning: no return statement in function returning non-void [-Wreturn-type]
2026-09-07T18:01:40.9938149Z   244 |                 static OK check(TO) {};
2026-09-07T18:01:40.9938848Z       |                                      ^
2026-09-07T18:01:42.5336743Z [634/741] Building CXX object cpp/plugins/CMakeFiles/krkr2plugin.dir/addFont.cpp.o
2026-09-07T18:01:42.5396515Z In file included from /home/runner/work/PocketKrKr/PocketKrKr/cpp/plugins/addFont.cpp:1:
2026-09-07T18:01:42.5417900Z /home/runner/work/PocketKrKr/PocketKrKr/cpp/core/plugin/ncbind.hpp: In static member function ‘static ncbTypeConvertor::Conversion<FROM, TO>::OK ncbTypeConvertor::Conversion<FROM, TO>::check(TO)’:
2026-09-07T18:01:42.5420528Z /home/runner/work/PocketKrKr/PocketKrKr/cpp/core/plugin/ncbind.hpp:244:38: warning: no return statement in function returning non-void [-Wreturn-type]
2026-09-07T18:01:42.5422326Z   244 |                 static OK check(TO) {};
2026-09-07T18:01:42.5423080Z       |                                      ^
2026-09-07T18:01:42.5506205Z [635/741] Building CXX object cpp/plugins/CMakeFiles/krkr2plugin.dir/wutcwf.cpp.o
2026-09-07T18:01:42.5507358Z In file included from /home/runner/work/PocketKrKr/PocketKrKr/cpp/plugins/wutcwf.cpp:2:
2026-09-07T18:01:42.5537466Z /home/runner/work/PocketKrKr/PocketKrKr/cpp/core/plugin/ncbind.hpp: In static member function ‘static ncbTypeConvertor::Conversion<FROM, TO>::OK ncbTypeConvertor::Conversion<FROM, TO>::check(TO)’:
2026-09-07T18:01:42.5566477Z /home/runner/work/PocketKrKr/PocketKrKr/cpp/core/plugin/ncbind.hpp:244:38: warning: no return statement in function returning non-void [-Wreturn-type]
2026-09-07T18:01:42.5567764Z   244 |                 static OK check(TO) {};
2026-09-07T18:01:42.5568290Z       |                                      ^
2026-09-07T18:01:43.3448534Z [636/741] Building CXX object cpp/plugins/CMakeFiles/krkr2plugin.dir/getSample.cpp.o
2026-09-07T18:01:43.3461939Z In file included from /home/runner/work/PocketKrKr/PocketKrKr/cpp/plugins/getSample.cpp:1:
2026-09-07T18:01:43.3464955Z /home/runner/work/PocketKrKr/PocketKrKr/cpp/core/plugin/ncbind.hpp: In static member function ‘static ncbTypeConvertor::Conversion<FROM, TO>::OK ncbTypeConvertor::Conversion<FROM, TO>::check(TO)’:
2026-09-07T18:01:43.3468128Z /home/runner/work/PocketKrKr/PocketKrKr/cpp/core/plugin/ncbind.hpp:244:38: warning: no return statement in function returning non-void [-Wreturn-type]
2026-09-07T18:01:43.3469733Z   244 |                 static OK check(TO) {};
2026-09-07T18:01:43.3470469Z       |                                      ^
2026-09-07T18:01:44.1716673Z [637/741] Building CXX object cpp/plugins/CMakeFiles/krkr2plugin.dir/windowEx.cpp.o
2026-09-07T18:01:44.1746290Z In file included from /home/runner/work/PocketKrKr/PocketKrKr/cpp/plugins/windowEx.cpp:18:
2026-09-07T18:01:44.1757570Z /home/runner/work/PocketKrKr/PocketKrKr/cpp/core/plugin/ncbind.hpp: In static member function ‘static ncbTypeConvertor::Conversion<FROM, TO>::OK ncbTypeConvertor::Conversion<FROM, TO>::check(TO)’:
2026-09-07T18:01:44.1806491Z /home/runner/work/PocketKrKr/PocketKrKr/cpp/core/plugin/ncbind.hpp:244:38: warning: no return statement in function returning non-void [-Wreturn-type]
2026-09-07T18:01:44.1815845Z   244 |                 static OK check(TO) {};
2026-09-07T18:01:44.1816405Z       |                                      ^
2026-09-07T18:01:44.6696599Z [638/741] Building CXX object cpp/plugins/CMakeFiles/krkr2plugin.dir/fftgraph.cpp.o
2026-09-07T18:01:44.6756272Z In file included from /home/runner/work/PocketKrKr/PocketKrKr/cpp/plugins/fftgraph.cpp:1:
2026-09-07T18:01:44.6758781Z /home/runner/work/PocketKrKr/PocketKrKr/cpp/core/plugin/ncbind.hpp: In static member function ‘static ncbTypeConvertor::Conversion<FROM, TO>::OK ncbTypeConvertor::Conversion<FROM, TO>::check(TO)’:
2026-09-07T18:01:44.6761115Z /home/runner/work/PocketKrKr/PocketKrKr/cpp/core/plugin/ncbind.hpp:244:38: warning: no return statement in function returning non-void [-Wreturn-type]
2026-09-07T18:01:44.6762414Z   244 |                 static OK check(TO) {};
2026-09-07T18:01:44.6762951Z       |                                      ^
2026-09-07T18:01:44.7946622Z [639/741] Building CXX object cpp/plugins/CMakeFiles/krkr2plugin.dir/layerExPerspective.cpp.o
2026-09-07T18:01:44.7976219Z In file included from /home/runner/work/PocketKrKr/PocketKrKr/cpp/plugins/layerExPerspective.cpp:23:
2026-09-07T18:01:44.8007539Z /home/runner/work/PocketKrKr/PocketKrKr/cpp/core/plugin/ncbind.hpp: In static member function ‘static ncbTypeConvertor::Conversion<FROM, TO>::OK ncbTypeConvertor::Conversion<FROM, TO>::check(TO)’:
2026-09-07T18:01:44.8036586Z /home/runner/work/PocketKrKr/PocketKrKr/cpp/core/plugin/ncbind.hpp:244:38: warning: no return statement in function returning non-void [-Wreturn-type]
2026-09-07T18:01:44.8038175Z   244 |                 static OK check(TO) {};
2026-09-07T18:01:44.8065893Z       |                                      ^
2026-09-07T18:01:45.1435018Z [640/741] Building CXX object cpp/plugins/CMakeFiles/krkr2plugin.dir/LayerExBase.cpp.o
2026-09-07T18:01:46.6826708Z [641/741] Building CXX object cpp/plugins/CMakeFiles/krkr2plugin.dir/xp3filter.cpp.o
2026-09-07T18:01:46.6856151Z In file included from /home/runner/work/PocketKrKr/PocketKrKr/cpp/plugins/xp3filter.cpp:1:
2026-09-07T18:01:46.6858962Z /home/runner/work/PocketKrKr/PocketKrKr/cpp/core/plugin/ncbind.hpp: In static member function ‘static ncbTypeConvertor::Conversion<FROM, TO>::OK ncbTypeConvertor::Conversion<FROM, TO>::check(TO)’:
2026-09-07T18:01:46.6916493Z /home/runner/work/PocketKrKr/PocketKrKr/cpp/core/plugin/ncbind.hpp:244:38: warning: no return statement in function returning non-void [-Wreturn-type]
2026-09-07T18:01:46.6945921Z   244 |                 static OK check(TO) {};
2026-09-07T18:01:46.6965833Z       |                                      ^
2026-09-07T18:01:46.7960338Z [642/741] Building CXX object cpp/plugins/CMakeFiles/krkr2plugin.dir/extrans.cpp.o
2026-09-07T18:01:46.7963777Z In file included from /home/runner/work/PocketKrKr/PocketKrKr/cpp/plugins/extrans.cpp:1:
2026-09-07T18:01:46.7966932Z /home/runner/work/PocketKrKr/PocketKrKr/cpp/core/plugin/ncbind.hpp: In static member function ‘static ncbTypeConvertor::Conversion<FROM, TO>::OK ncbTypeConvertor::Conversion<FROM, TO>::check(TO)’:
2026-09-07T18:01:46.7969554Z /home/runner/work/PocketKrKr/PocketKrKr/cpp/core/plugin/ncbind.hpp:244:38: warning: no return statement in function returning non-void [-Wreturn-type]
2026-09-07T18:01:46.7971065Z   244 |                 static OK check(TO) {};
2026-09-07T18:01:46.7971866Z       |                                      ^
2026-09-07T18:01:47.6301647Z [643/741] Building CXX object cpp/plugins/CMakeFiles/krkr2plugin.dir/alphamovie.cpp.o
2026-09-07T18:01:47.6303572Z In file included from /home/runner/work/PocketKrKr/PocketKrKr/cpp/plugins/alphamovie.cpp:10:
2026-09-07T18:01:47.6306870Z /home/runner/work/PocketKrKr/PocketKrKr/cpp/core/plugin/ncbind.hpp: In static member function ‘static ncbTypeConvertor::Conversion<FROM, TO>::OK ncbTypeConvertor::Conversion<FROM, TO>::check(TO)’:
2026-09-07T18:01:47.6309509Z /home/runner/work/PocketKrKr/PocketKrKr/cpp/core/plugin/ncbind.hpp:244:38: warning: no return statement in function returning non-void [-Wreturn-type]
2026-09-07T18:01:47.6311124Z   244 |                 static OK check(TO) {};
2026-09-07T18:01:47.6311930Z       |                                      ^
2026-09-07T18:01:48.0084187Z [644/741] Building CXX object cpp/plugins/CMakeFiles/krkr2plugin.dir/textrender.cpp.o
2026-09-07T18:01:48.0090279Z In file included from /home/runner/work/PocketKrKr/PocketKrKr/cpp/plugins/textrender.cpp:10:
2026-09-07T18:01:48.0093714Z /home/runner/work/PocketKrKr/PocketKrKr/cpp/core/plugin/ncbind.hpp: In static member function ‘static ncbTypeConvertor::Conversion<FROM, TO>::OK ncbTypeConvertor::Conversion<FROM, TO>::check(TO)’:
2026-09-07T18:01:48.0096409Z /home/runner/work/PocketKrKr/PocketKrKr/cpp/core/plugin/ncbind.hpp:244:38: warning: no return statement in function returning non-void [-Wreturn-type]
2026-09-07T18:01:48.0098957Z   244 |                 static OK check(TO) {};
2026-09-07T18:01:48.0099769Z       |                                      ^
2026-09-07T18:01:48.9566529Z [645/741] Building CXX object cpp/plugins/CMakeFiles/krkr2plugin.dir/layerExBTOA.cpp.o
2026-09-07T18:01:48.9596139Z In file included from /home/runner/work/PocketKrKr/PocketKrKr/cpp/plugins/layerExBTOA.cpp:4:
2026-09-07T18:01:48.9627575Z /home/runner/work/PocketKrKr/PocketKrKr/cpp/core/plugin/ncbind.hpp: In static member function ‘static ncbTypeConvertor::Conversion<FROM, TO>::OK ncbTypeConvertor::Conversion<FROM, TO>::check(TO)’:
2026-09-07T18:01:48.9629869Z /home/runner/work/PocketKrKr/PocketKrKr/cpp/core/plugin/ncbind.hpp:244:38: warning: no return statement in function returning non-void [-Wreturn-type]
2026-09-07T18:01:48.9655894Z   244 |                 static OK check(TO) {};
2026-09-07T18:01:48.9665930Z       |                                      ^
2026-09-07T18:01:49.3186981Z [646/741] Building CXX object cpp/plugins/CMakeFiles/krkr2plugin.dir/layerExImage.cpp.o
2026-09-07T18:01:49.3196206Z In file included from /home/runner/work/PocketKrKr/PocketKrKr/cpp/plugins/layerExImage.cpp:5:
2026-09-07T18:01:49.3217491Z /home/runner/work/PocketKrKr/PocketKrKr/cpp/core/plugin/ncbind.hpp: In static member function ‘static ncbTypeConvertor::Conversion<FROM, TO>::OK ncbTypeConvertor::Conversion<FROM, TO>::check(TO)’:
2026-09-07T18:01:49.3220033Z /home/runner/work/PocketKrKr/PocketKrKr/cpp/core/plugin/ncbind.hpp:244:38: warning: no return statement in function returning non-void [-Wreturn-type]
2026-09-07T18:01:49.3221241Z   244 |                 static OK check(TO) {};
2026-09-07T18:01:49.3221755Z       |                                      ^
2026-09-07T18:01:49.9536540Z [647/741] Building CXX object cpp/plugins/CMakeFiles/krkr2plugin.dir/layerExRaster.cpp.o
2026-09-07T18:01:49.9539023Z In file included from /home/runner/work/PocketKrKr/PocketKrKr/cpp/plugins/layerExRaster.cpp:4:
2026-09-07T18:01:49.9541865Z /home/runner/work/PocketKrKr/PocketKrKr/cpp/core/plugin/ncbind.hpp: In static member function ‘static ncbTypeConvertor::Conversion<FROM, TO>::OK ncbTypeConvertor::Conversion<FROM, TO>::check(TO)’:
2026-09-07T18:01:49.9544367Z /home/runner/work/PocketKrKr/PocketKrKr/cpp/core/plugin/ncbind.hpp:244:38: warning: no return statement in function returning non-void [-Wreturn-type]
2026-09-07T18:01:49.9546138Z   244 |                 static OK check(TO) {};
2026-09-07T18:01:49.9546855Z       |                                      ^
2026-09-07T18:01:50.2230092Z [648/741] Building CXX object cpp/plugins/CMakeFiles/krkr2plugin.dir/layerExAreaAverage.cpp.o
2026-09-07T18:01:50.2266401Z In file included from /home/runner/work/PocketKrKr/PocketKrKr/cpp/plugins/layerExAreaAverage.cpp:4:
2026-09-07T18:01:50.2277549Z /home/runner/work/PocketKrKr/PocketKrKr/cpp/core/plugin/ncbind.hpp: In static member function ‘static ncbTypeConvertor::Conversion<FROM, TO>::OK ncbTypeConvertor::Conversion<FROM, TO>::check(TO)’:
2026-09-07T18:01:50.2297574Z /home/runner/work/PocketKrKr/PocketKrKr/cpp/core/plugin/ncbind.hpp:244:38: warning: no return statement in function returning non-void [-Wreturn-type]
2026-09-07T18:01:50.2326119Z   244 |                 static OK check(TO) {};
2026-09-07T18:01:50.2337977Z       |                                      ^
2026-09-07T18:01:51.2856692Z [649/741] Building CXX object cpp/plugins/CMakeFiles/krkr2plugin.dir/layerExLongExposure.cpp.o
2026-09-07T18:01:51.2866226Z In file included from /home/runner/work/PocketKrKr/PocketKrKr/cpp/plugins/layerExLongExposure.cpp:4:
2026-09-07T18:01:51.2897444Z /home/runner/work/PocketKrKr/PocketKrKr/cpp/core/plugin/ncbind.hpp: In static member function ‘static ncbTypeConvertor::Conversion<FROM, TO>::OK ncbTypeConvertor::Conversion<FROM, TO>::check(TO)’:
2026-09-07T18:01:51.2899691Z /home/runner/work/PocketKrKr/PocketKrKr/cpp/core/plugin/ncbind.hpp:244:38: warning: no return statement in function returning non-void [-Wreturn-type]
2026-09-07T18:01:51.2900974Z   244 |                 static OK check(TO) {};
2026-09-07T18:01:51.2901490Z       |                                      ^
2026-09-07T18:01:52.8237113Z [650/741] Building CXX object cpp/plugins/CMakeFiles/krkr2plugin.dir/drawDeviceD2DCompat.cpp.o
2026-09-07T18:01:52.8239196Z In file included from /home/runner/work/PocketKrKr/PocketKrKr/cpp/plugins/drawDeviceD2DCompat.cpp:3:
2026-09-07T18:01:52.8242149Z /home/runner/work/PocketKrKr/PocketKrKr/cpp/core/plugin/ncbind.hpp: In static member function ‘static ncbTypeConvertor::Conversion<FROM, TO>::OK ncbTypeConvertor::Conversion<FROM, TO>::check(TO)’:
2026-09-07T18:01:52.8244766Z /home/runner/work/PocketKrKr/PocketKrKr/cpp/core/plugin/ncbind.hpp:244:38: warning: no return statement in function returning non-void [-Wreturn-type]
2026-09-07T18:01:52.8246573Z   244 |                 static OK check(TO) {};
2026-09-07T18:01:52.8247332Z       |                                      ^
2026-09-07T18:01:53.2795671Z [651/741] Building CXX object cpp/plugins/CMakeFiles/krkr2plugin.dir/wfBasicEffectCompat.cpp.o
2026-09-07T18:01:53.2816143Z In file included from /home/runner/work/PocketKrKr/PocketKrKr/cpp/plugins/wfBasicEffectCompat.cpp:3:
2026-09-07T18:01:53.2846718Z /home/runner/work/PocketKrKr/PocketKrKr/cpp/core/plugin/ncbind.hpp: In static member function ‘static ncbTypeConvertor::Conversion<FROM, TO>::OK ncbTypeConvertor::Conversion<FROM, TO>::check(TO)’:
2026-09-07T18:01:53.2849635Z /home/runner/work/PocketKrKr/PocketKrKr/cpp/core/plugin/ncbind.hpp:244:38: warning: no return statement in function returning non-void [-Wreturn-type]
2026-09-07T18:01:53.2851073Z   244 |                 static OK check(TO) {};
2026-09-07T18:01:53.2851720Z       |                                      ^
2026-09-07T18:01:53.5006766Z [652/741] Building CXX object cpp/plugins/CMakeFiles/krkr2plugin.dir/krkrgles.cpp.o
2026-09-07T18:01:53.5007989Z In file included from /home/runner/work/PocketKrKr/PocketKrKr/cpp/plugins/krkrgles.cpp:2:
2026-09-07T18:01:53.5009642Z /home/runner/work/PocketKrKr/PocketKrKr/cpp/core/plugin/ncbind.hpp: In static member function ‘static ncbTypeConvertor::Conversion<FROM, TO>::OK ncbTypeConvertor::Conversion<FROM, TO>::check(TO)’:
2026-09-07T18:01:53.5010910Z /home/runner/work/PocketKrKr/PocketKrKr/cpp/core/plugin/ncbind.hpp:244:38: warning: no return statement in function returning non-void [-Wreturn-type]
2026-09-07T18:01:53.5011627Z   244 |                 static OK check(TO) {};
2026-09-07T18:01:53.5011928Z       |                                      ^
2026-09-07T18:01:53.8056688Z [653/741] Building CXX object cpp/plugins/CMakeFiles/krkr2plugin.dir/wfTypicalDSPCompat.cpp.o
2026-09-07T18:01:53.8116281Z In file included from /home/runner/work/PocketKrKr/PocketKrKr/cpp/plugins/wfTypicalDSPCompat.cpp:3:
2026-09-07T18:01:53.8118923Z /home/runner/work/PocketKrKr/PocketKrKr/cpp/core/plugin/ncbind.hpp: In static member function ‘static ncbTypeConvertor::Conversion<FROM, TO>::OK ncbTypeConvertor::Conversion<FROM, TO>::check(TO)’:
2026-09-07T18:01:53.8146840Z /home/runner/work/PocketKrKr/PocketKrKr/cpp/core/plugin/ncbind.hpp:244:38: warning: no return statement in function returning non-void [-Wreturn-type]
2026-09-07T18:01:53.8205737Z   244 |                 static OK check(TO) {};
2026-09-07T18:01:53.8206290Z       |                                      ^
2026-09-07T18:01:56.1928383Z [654/741] Building CXX object cpp/plugins/CMakeFiles/krkr2plugin.dir/psdfile/main.cpp.o
2026-09-07T18:01:56.1930274Z In file included from /home/runner/work/PocketKrKr/PocketKrKr/cpp/plugins/psdfile/psdparse/psddata.h:5,
2026-09-07T18:01:56.1931808Z                  from /home/runner/work/PocketKrKr/PocketKrKr/cpp/plugins/psdfile/psdparse/psdfile.h:4,
2026-09-07T18:01:56.1933185Z                  from /home/runner/work/PocketKrKr/PocketKrKr/cpp/plugins/psdfile/psdclass.h:9,
2026-09-07T18:01:56.1934551Z                  from /home/runner/work/PocketKrKr/PocketKrKr/cpp/plugins/psdfile/main.cpp:5:
2026-09-07T18:01:56.1936700Z /home/runner/work/PocketKrKr/PocketKrKr/cpp/plugins/psdfile/psdparse/psddesc.h:17:26: warning: multi-character character constant [-Wmultichar]
2026-09-07T18:01:56.1938219Z    17 |         TYPE_REFERENCE = 'obj ',
2026-09-07T18:01:56.1938959Z       |                          ^~~~~~
2026-09-07T18:01:56.1940412Z /home/runner/work/PocketKrKr/PocketKrKr/cpp/plugins/psdfile/psdparse/psddesc.h:18:27: warning: multi-character character constant [-Wmultichar]
2026-09-07T18:01:56.1941947Z    18 |         TYPE_DESCRIPTOR = 'Objc',
2026-09-07T18:01:56.1942693Z       |                           ^~~~~~
2026-09-07T18:01:56.1944099Z /home/runner/work/PocketKrKr/PocketKrKr/cpp/plugins/psdfile/psdparse/psddesc.h:19:21: warning: multi-character character constant [-Wmultichar]
2026-09-07T18:01:56.1946046Z    19 |         TYPE_LIST = 'VlLs',
2026-09-07T18:01:56.1946676Z       |                     ^~~~~~
2026-09-07T18:01:56.1948076Z /home/runner/work/PocketKrKr/PocketKrKr/cpp/plugins/psdfile/psdparse/psddesc.h:20:23: warning: multi-character character constant [-Wmultichar]
2026-09-07T18:01:56.1949851Z    20 |         TYPE_DOUBLE = 'doub',
2026-09-07T18:01:56.1950572Z       |                       ^~~~~~
2026-09-07T18:01:56.1951942Z /home/runner/work/PocketKrKr/PocketKrKr/cpp/plugins/psdfile/psdparse/psddesc.h:21:27: warning: multi-character character constant [-Wmultichar]
2026-09-07T18:01:56.1953761Z    21 |         TYPE_UNIT_FLOAT = 'UntF',
2026-09-07T18:01:56.1954508Z       |                           ^~~~~~
2026-09-07T18:01:56.1956203Z /home/runner/work/PocketKrKr/PocketKrKr/cpp/plugins/psdfile/psdparse/psddesc.h:22:23: warning: multi-character character constant [-Wmultichar]
2026-09-07T18:01:56.1957678Z    22 |         TYPE_STRING = 'TEXT',
2026-09-07T18:01:56.1958382Z       |                       ^~~~~~
2026-09-07T18:01:56.1959793Z /home/runner/work/PocketKrKr/PocketKrKr/cpp/plugins/psdfile/psdparse/psddesc.h:23:27: warning: multi-character character constant [-Wmultichar]
2026-09-07T18:01:56.1961261Z    23 |         TYPE_ENUMERATED = 'enum',
2026-09-07T18:01:56.1961974Z       |                           ^~~~~~
2026-09-07T18:01:56.1963367Z /home/runner/work/PocketKrKr/PocketKrKr/cpp/plugins/psdfile/psdparse/psddesc.h:24:24: warning: multi-character character constant [-Wmultichar]
2026-09-07T18:01:56.1964767Z    24 |         TYPE_INTEGER = 'long',
2026-09-07T18:01:56.1965666Z       |                        ^~~~~~
2026-09-07T18:01:56.1967182Z /home/runner/work/PocketKrKr/PocketKrKr/cpp/plugins/psdfile/psdparse/psddesc.h:25:24: warning: multi-character character constant [-Wmultichar]
2026-09-07T18:01:56.1968654Z    25 |         TYPE_BOOLEAN = 'bool',
2026-09-07T18:01:56.1969346Z       |                        ^~~~~~
2026-09-07T18:01:56.1970789Z /home/runner/work/PocketKrKr/PocketKrKr/cpp/plugins/psdfile/psdparse/psddesc.h:26:30: warning: multi-character character constant [-Wmultichar]
2026-09-07T18:01:56.1972235Z    26 |         TYPE_GLOBAL_OBJECT = 'GlbO',
2026-09-07T18:01:56.1973046Z       |                              ^~~~~~
2026-09-07T18:01:56.1974401Z /home/runner/work/PocketKrKr/PocketKrKr/cpp/plugins/psdfile/psdparse/psddesc.h:27:23: warning: multi-character character constant [-Wmultichar]
2026-09-07T18:01:56.1976049Z    27 |         TYPE_CLASS1 = 'type',
2026-09-07T18:01:56.1976709Z       |                       ^~~~~~
2026-09-07T18:01:56.1977994Z /home/runner/work/PocketKrKr/PocketKrKr/cpp/plugins/psdfile/psdparse/psddesc.h:28:23: warning: multi-character character constant [-Wmultichar]
2026-09-07T18:01:56.1979282Z    28 |         TYPE_CLASS2 = 'GlbC',
2026-09-07T18:01:56.1979861Z       |                       ^~~~~~
2026-09-07T18:01:56.1981123Z /home/runner/work/PocketKrKr/PocketKrKr/cpp/plugins/psdfile/psdparse/psddesc.h:29:22: warning: multi-character character constant [-Wmultichar]
2026-09-07T18:01:56.1982477Z    29 |         TYPE_ALIAS = 'alis',
2026-09-07T18:01:56.1983086Z       |                      ^~~~~~
2026-09-07T18:01:56.1984344Z /home/runner/work/PocketKrKr/PocketKrKr/cpp/plugins/psdfile/psdparse/psddesc.h:30:25: warning: multi-character character constant [-Wmultichar]
2026-09-07T18:01:56.1985952Z    30 |         TYPE_RAW_DATA = 'tdta',
2026-09-07T18:01:56.1986611Z       |                         ^~~~~~
2026-09-07T18:01:56.1987879Z /home/runner/work/PocketKrKr/PocketKrKr/cpp/plugins/psdfile/psdparse/psddesc.h:34:23: warning: multi-character character constant [-Wmultichar]
2026-09-07T18:01:56.1989261Z    34 |         UNIT_POINTS = '#Pnt',
2026-09-07T18:01:56.1989895Z       |                       ^~~~~~
2026-09-07T18:01:56.1991178Z /home/runner/work/PocketKrKr/PocketKrKr/cpp/plugins/psdfile/psdparse/psddesc.h:35:28: warning: multi-character character constant [-Wmultichar]
2026-09-07T18:01:56.1992595Z    35 |         UNIT_MILLIMETERS = '#Mlm',
2026-09-07T18:01:56.1993295Z       |                            ^~~~~~
2026-09-07T18:01:56.1994687Z /home/runner/work/PocketKrKr/PocketKrKr/cpp/plugins/psdfile/psdparse/psddesc.h:36:22: warning: multi-character character constant [-Wmultichar]
2026-09-07T18:01:56.1996316Z    36 |         UNIT_ANGLE = '#Ang', // degrees
2026-09-07T18:01:56.1997224Z       |                      ^~~~~~
2026-09-07T18:01:56.1998740Z /home/runner/work/PocketKrKr/PocketKrKr/cpp/plugins/psdfile/psdparse/psddesc.h:37:24: warning: multi-character character constant [-Wmultichar]
2026-09-07T18:01:56.2000281Z    37 |         UNIT_DENSITY = '#Rsl', // base per inch
2026-09-07T18:01:56.2001325Z       |                        ^~~~~~
2026-09-07T18:01:56.2002756Z /home/runner/work/PocketKrKr/PocketKrKr/cpp/plugins/psdfile/psdparse/psddesc.h:38:25: warning: multi-character character constant [-Wmultichar]
2026-09-07T18:01:56.2004318Z    38 |         UNIT_DISTANCE = '#Rlt', // base 72ppi
2026-09-07T18:01:56.2005094Z       |                         ^~~~~~
2026-09-07T18:01:56.2006885Z /home/runner/work/PocketKrKr/PocketKrKr/cpp/plugins/psdfile/psdparse/psddesc.h:39:21: warning: multi-character character constant [-Wmultichar]
2026-09-07T18:01:56.2008353Z    39 |         UNIT_NONE = '#Nne',
2026-09-07T18:01:56.2009060Z       |                     ^~~~~~
2026-09-07T18:01:56.2010461Z /home/runner/work/PocketKrKr/PocketKrKr/cpp/plugins/psdfile/psdparse/psddesc.h:40:24: warning: multi-character character constant [-Wmultichar]
2026-09-07T18:01:56.2011921Z    40 |         UNIT_PERCENT = '#Prc',
2026-09-07T18:01:56.2012629Z       |                        ^~~~~~
2026-09-07T18:01:56.2013982Z /home/runner/work/PocketKrKr/PocketKrKr/cpp/plugins/psdfile/psdparse/psddesc.h:41:23: warning: multi-character character constant [-Wmultichar]
2026-09-07T18:01:56.2015630Z    41 |         UNIT_PIXELS = '#Pxl',
2026-09-07T18:01:56.2016285Z       |                       ^~~~~~
2026-09-07T18:01:56.2017605Z /home/runner/work/PocketKrKr/PocketKrKr/cpp/plugins/psdfile/psdparse/psddesc.h:46:29: warning: multi-character character constant [-Wmultichar]
2026-09-07T18:01:56.2019048Z    46 |         REF_TYPE_PROPERTY = 'prop',
2026-09-07T18:01:56.2019806Z       |                             ^~~~~~
2026-09-07T18:01:56.2021251Z /home/runner/work/PocketKrKr/PocketKrKr/cpp/plugins/psdfile/psdparse/psddesc.h:47:26: warning: multi-character character constant [-Wmultichar]
2026-09-07T18:01:56.2022715Z    47 |         REF_TYPE_CLASS = 'Clss',
2026-09-07T18:01:56.2023441Z       |                          ^~~~~~
2026-09-07T18:01:56.2024826Z /home/runner/work/PocketKrKr/PocketKrKr/cpp/plugins/psdfile/psdparse/psddesc.h:48:29: warning: multi-character character constant [-Wmultichar]
2026-09-07T18:01:56.2026575Z    48 |         REF_TYPE_ENUM_REF = 'Enmr',
2026-09-07T18:01:56.2027240Z       |                             ^~~~~~
2026-09-07T18:01:56.2028564Z /home/runner/work/PocketKrKr/PocketKrKr/cpp/plugins/psdfile/psdparse/psddesc.h:49:27: warning: multi-character character constant [-Wmultichar]
2026-09-07T18:01:56.2029907Z    49 |         REF_TYPE_OFFSET = 'rele',
2026-09-07T18:01:56.2030535Z       |                           ^~~~~~
2026-09-07T18:01:56.2031812Z /home/runner/work/PocketKrKr/PocketKrKr/cpp/plugins/psdfile/psdparse/psddesc.h:50:31: warning: multi-character character constant [-Wmultichar]
2026-09-07T18:01:56.2033234Z    50 |         REF_TYPE_IDENTIFIER = 'Idnt',
2026-09-07T18:01:56.2033917Z       |                               ^~~~~~
2026-09-07T18:01:56.2035452Z /home/runner/work/PocketKrKr/PocketKrKr/cpp/plugins/psdfile/psdparse/psddesc.h:51:26: warning: multi-character character constant [-Wmultichar]
2026-09-07T18:01:56.2038644Z    51 |         REF_TYPE_INDEX = 'indx',
2026-09-07T18:01:56.2039350Z       |                          ^~~~~~
2026-09-07T18:01:56.2040776Z /home/runner/work/PocketKrKr/PocketKrKr/cpp/plugins/psdfile/psdparse/psddesc.h:52:25: warning: multi-character character constant [-Wmultichar]
2026-09-07T18:01:56.2042293Z    52 |         REF_TYPE_NAME = 'name',
2026-09-07T18:01:56.2043009Z       |                         ^~~~~~
2026-09-07T18:01:56.2044176Z In file included from /home/runner/work/PocketKrKr/PocketKrKr/cpp/plugins/psdfile/psdparse/psdfile.h:4,
2026-09-07T18:01:56.2045981Z                  from /home/runner/work/PocketKrKr/PocketKrKr/cpp/plugins/psdfile/psdclass.h:9,
2026-09-07T18:01:56.2047567Z                  from /home/runner/work/PocketKrKr/PocketKrKr/cpp/plugins/psdfile/main.cpp:5:
2026-09-07T18:01:56.2049372Z /home/runner/work/PocketKrKr/PocketKrKr/cpp/plugins/psdfile/psdparse/psddata.h:113:18: warning: multi-character character constant [-Wmultichar]
2026-09-07T18:01:56.2050917Z   113 |             case 'norm':
2026-09-07T18:01:56.2051862Z       |                  ^~~~~~
2026-09-07T18:01:56.2053255Z /home/runner/work/PocketKrKr/PocketKrKr/cpp/plugins/psdfile/psdparse/psddata.h:115:18: warning: multi-character character constant [-Wmultichar]
2026-09-07T18:01:56.2054709Z   115 |             case 'diss':
2026-09-07T18:01:56.2055627Z       |                  ^~~~~~
2026-09-07T18:01:56.2057024Z /home/runner/work/PocketKrKr/PocketKrKr/cpp/plugins/psdfile/psdparse/psddata.h:117:18: warning: multi-character character constant [-Wmultichar]
2026-09-07T18:01:56.2058454Z   117 |             case 'dark':
2026-09-07T18:01:56.2059064Z       |                  ^~~~~~
2026-09-07T18:01:56.2060398Z /home/runner/work/PocketKrKr/PocketKrKr/cpp/plugins/psdfile/psdparse/psddata.h:119:18: warning: multi-character character constant [-Wmultichar]
2026-09-07T18:01:56.2061849Z   119 |             case 'mul ':
2026-09-07T18:01:56.2062499Z       |                  ^~~~~~
2026-09-07T18:01:56.2063892Z /home/runner/work/PocketKrKr/PocketKrKr/cpp/plugins/psdfile/psdparse/psddata.h:121:18: warning: multi-character character constant [-Wmultichar]
2026-09-07T18:01:56.2065687Z   121 |             case 'idiv':
2026-09-07T18:01:56.2066350Z       |                  ^~~~~~
2026-09-07T18:01:56.2067747Z /home/runner/work/PocketKrKr/PocketKrKr/cpp/plugins/psdfile/psdparse/psddata.h:123:18: warning: multi-character character constant [-Wmultichar]
2026-09-07T18:01:56.2069168Z   123 |             case 'lbrn':
2026-09-07T18:01:56.2069831Z       |                  ^~~~~~
2026-09-07T18:01:56.2071210Z /home/runner/work/PocketKrKr/PocketKrKr/cpp/plugins/psdfile/psdparse/psddata.h:125:18: warning: multi-character character constant [-Wmultichar]
2026-09-07T18:01:56.2072705Z   125 |             case 'dkCl':
2026-09-07T18:01:56.2073351Z       |                  ^~~~~~
2026-09-07T18:01:56.2074705Z /home/runner/work/PocketKrKr/PocketKrKr/cpp/plugins/psdfile/psdparse/psddata.h:127:18: warning: multi-character character constant [-Wmultichar]
2026-09-07T18:01:56.2076419Z   127 |             case 'lite':
2026-09-07T18:01:56.2077051Z       |                  ^~~~~~
2026-09-07T18:01:56.2078413Z /home/runner/work/PocketKrKr/PocketKrKr/cpp/plugins/psdfile/psdparse/psddata.h:129:18: warning: multi-character character constant [-Wmultichar]
2026-09-07T18:01:56.2079818Z   129 |             case 'scrn':
2026-09-07T18:01:56.2080419Z       |                  ^~~~~~
2026-09-07T18:01:56.2081769Z /home/runner/work/PocketKrKr/PocketKrKr/cpp/plugins/psdfile/psdparse/psddata.h:131:18: warning: multi-character character constant [-Wmultichar]
2026-09-07T18:01:56.2083244Z   131 |             case 'div ':
2026-09-07T18:01:56.2083906Z       |                  ^~~~~~
2026-09-07T18:01:56.2085522Z /home/runner/work/PocketKrKr/PocketKrKr/cpp/plugins/psdfile/psdparse/psddata.h:133:18: warning: multi-character character constant [-Wmultichar]
2026-09-07T18:01:56.2087020Z   133 |             case 'lddg':
2026-09-07T18:01:56.2087680Z       |                  ^~~~~~
2026-09-07T18:01:56.2089084Z /home/runner/work/PocketKrKr/PocketKrKr/cpp/plugins/psdfile/psdparse/psddata.h:135:18: warning: multi-character character constant [-Wmultichar]
2026-09-07T18:01:56.2090554Z   135 |             case 'ltCl':
2026-09-07T18:01:56.2091221Z       |                  ^~~~~~
2026-09-07T18:01:56.2092596Z /home/runner/work/PocketKrKr/PocketKrKr/cpp/plugins/psdfile/psdparse/psddata.h:137:18: warning: multi-character character constant [-Wmultichar]
2026-09-07T18:01:56.2094012Z   137 |             case 'over':
2026-09-07T18:01:56.2094633Z       |                  ^~~~~~
2026-09-07T18:01:56.2104775Z /home/runner/work/PocketKrKr/PocketKrKr/cpp/plugins/psdfile/psdparse/psddata.h:139:18: warning: multi-character character constant [-Wmultichar]
2026-09-07T18:01:56.2106594Z   139 |             case 'sLit':
2026-09-07T18:01:56.2107224Z       |                  ^~~~~~
2026-09-07T18:01:56.2108622Z /home/runner/work/PocketKrKr/PocketKrKr/cpp/plugins/psdfile/psdparse/psddata.h:141:18: warning: multi-character character constant [-Wmultichar]
2026-09-07T18:01:56.2110414Z   141 |             case 'hLit':
2026-09-07T18:01:56.2111113Z       |                  ^~~~~~
2026-09-07T18:01:56.2112512Z /home/runner/work/PocketKrKr/PocketKrKr/cpp/plugins/psdfile/psdparse/psddata.h:143:18: warning: multi-character character constant [-Wmultichar]
2026-09-07T18:01:56.2113994Z   143 |             case 'vLit':
2026-09-07T18:01:56.2114667Z       |                  ^~~~~~
2026-09-07T18:01:56.2116203Z /home/runner/work/PocketKrKr/PocketKrKr/cpp/plugins/psdfile/psdparse/psddata.h:145:18: warning: multi-character character constant [-Wmultichar]
2026-09-07T18:01:56.2117689Z   145 |             case 'lLit':
2026-09-07T18:01:56.2118398Z       |                  ^~~~~~
2026-09-07T18:01:56.2119839Z /home/runner/work/PocketKrKr/PocketKrKr/cpp/plugins/psdfile/psdparse/psddata.h:147:18: warning: multi-character character constant [-Wmultichar]
2026-09-07T18:01:56.2121257Z   147 |             case 'pLit':
2026-09-07T18:01:56.2121875Z       |                  ^~~~~~
2026-09-07T18:01:56.2123176Z /home/runner/work/PocketKrKr/PocketKrKr/cpp/plugins/psdfile/psdparse/psddata.h:149:18: warning: multi-character character constant [-Wmultichar]
2026-09-07T18:01:56.2124534Z   149 |             case 'hMix':
2026-09-07T18:01:56.2125541Z       |                  ^~~~~~
2026-09-07T18:01:56.2126976Z /home/runner/work/PocketKrKr/PocketKrKr/cpp/plugins/psdfile/psdparse/psddata.h:151:18: warning: multi-character character constant [-Wmultichar]
2026-09-07T18:01:56.2128438Z   151 |             case 'diff':
2026-09-07T18:01:56.2129116Z       |                  ^~~~~~
2026-09-07T18:01:56.2130533Z /home/runner/work/PocketKrKr/PocketKrKr/cpp/plugins/psdfile/psdparse/psddata.h:153:18: warning: multi-character character constant [-Wmultichar]
2026-09-07T18:01:56.2132060Z   153 |             case 'smud':
2026-09-07T18:01:56.2132739Z       |                  ^~~~~~
2026-09-07T18:01:56.2134111Z /home/runner/work/PocketKrKr/PocketKrKr/cpp/plugins/psdfile/psdparse/psddata.h:155:18: warning: multi-character character constant [-Wmultichar]
2026-09-07T18:01:56.2135830Z   155 |             case 'fsub':
2026-09-07T18:01:56.2136510Z       |                  ^~~~~~
2026-09-07T18:01:56.2137901Z /home/runner/work/PocketKrKr/PocketKrKr/cpp/plugins/psdfile/psdparse/psddata.h:157:18: warning: multi-character character constant [-Wmultichar]
2026-09-07T18:01:56.2139353Z   157 |             case 'fdiv':
2026-09-07T18:01:56.2139991Z       |                  ^~~~~~
2026-09-07T18:01:56.2141334Z /home/runner/work/PocketKrKr/PocketKrKr/cpp/plugins/psdfile/psdparse/psddata.h:159:18: warning: multi-character character constant [-Wmultichar]
2026-09-07T18:01:56.2142782Z   159 |             case 'hue ':
2026-09-07T18:01:56.2143432Z       |                  ^~~~~~
2026-09-07T18:01:56.2144891Z /home/runner/work/PocketKrKr/PocketKrKr/cpp/plugins/psdfile/psdparse/psddata.h:161:18: warning: multi-character character constant [-Wmultichar]
2026-09-07T18:01:56.2146672Z   161 |             case 'sat ':
2026-09-07T18:01:56.2147332Z       |                  ^~~~~~
2026-09-07T18:01:56.2148685Z /home/runner/work/PocketKrKr/PocketKrKr/cpp/plugins/psdfile/psdparse/psddata.h:163:18: warning: multi-character character constant [-Wmultichar]
2026-09-07T18:01:56.2150170Z   163 |             case 'colr':
2026-09-07T18:01:56.2150826Z       |                  ^~~~~~
2026-09-07T18:01:56.2152146Z /home/runner/work/PocketKrKr/PocketKrKr/cpp/plugins/psdfile/psdparse/psddata.h:165:18: warning: multi-character character constant [-Wmultichar]
2026-09-07T18:01:56.2153544Z   165 |             case 'lum ':
2026-09-07T18:01:56.2154177Z       |                  ^~~~~~
2026-09-07T18:01:56.2156020Z /home/runner/work/PocketKrKr/PocketKrKr/cpp/plugins/psdfile/psdparse/psddata.h:167:18: warning: multi-character character constant [-Wmultichar]
2026-09-07T18:01:56.2157479Z   167 |             case 'pass':
2026-09-07T18:01:56.2158144Z       |                  ^~~~~~
2026-09-07T18:01:56.2159150Z In file included from /home/runner/work/PocketKrKr/PocketKrKr/cpp/plugins/psdfile/main.cpp:1:
2026-09-07T18:01:56.2162180Z /home/runner/work/PocketKrKr/PocketKrKr/cpp/core/plugin/ncbind.hpp: In static member function ‘static ncbTypeConvertor::Conversion<FROM, TO>::OK ncbTypeConvertor::Conversion<FROM, TO>::check(TO)’:
2026-09-07T18:01:56.2164722Z /home/runner/work/PocketKrKr/PocketKrKr/cpp/core/plugin/ncbind.hpp:244:38: warning: no return statement in function returning non-void [-Wreturn-type]
2026-09-07T18:01:56.2166633Z   244 |                 static OK check(TO) {};
2026-09-07T18:01:56.2167376Z       |                                      ^
2026-09-07T18:01:56.2168451Z In file included from /home/runner/work/PocketKrKr/PocketKrKr/cpp/plugins/psdfile/psdparse/psdfile.h:3,
2026-09-07T18:01:56.2169880Z                  from /home/runner/work/PocketKrKr/PocketKrKr/cpp/plugins/psdfile/psdclass.h:9,
2026-09-07T18:01:56.2171176Z                  from /home/runner/work/PocketKrKr/PocketKrKr/cpp/plugins/psdfile/main.cpp:5:
2026-09-07T18:01:56.2173300Z /home/runner/work/PocketKrKr/PocketKrKr/cpp/plugins/psdfile/psdparse/psddesc.h: In member function ‘virtual void psd::DescriptorReference::dump(int)’:
2026-09-07T18:01:56.2176945Z /home/runner/work/PocketKrKr/PocketKrKr/cpp/plugins/psdfile/psdparse/psddesc.h:234:20: warning: format ‘%d’ expects argument of type ‘int’, but argument 3 has type ‘std::vector<psd::ReferenceItem*>::size_type’ {aka ‘long unsigned int’} [-Wformat=]
2026-09-07T18:01:56.2179229Z   234 |             dprint("%s (count:%d)\n", typeName(), items.size());
2026-09-07T18:01:56.2180181Z       |                    ^~~~~~~~~~~~~~~~~              ~~~~~~~~~~~~
2026-09-07T18:01:56.2181035Z       |                                                             |
2026-09-07T18:01:56.2182210Z       |                                                             std::vector<psd::ReferenceItem*>::size_type {aka long unsigned int}
2026-09-07T18:01:56.2184110Z /home/runner/work/PocketKrKr/PocketKrKr/cpp/plugins/psdfile/psdparse/psdbase.h:7:28: note: in definition of macro ‘dprint’
2026-09-07T18:01:56.2185813Z     7 | #define dprint(...) printf(__VA_ARGS__);
2026-09-07T18:01:56.2186600Z       |                            ^~~~~~~~~~~
2026-09-07T18:01:56.2187774Z In file included from /home/runner/work/PocketKrKr/PocketKrKr/cpp/plugins/psdfile/psdparse/psddata.h:5,
2026-09-07T18:01:56.2189304Z                  from /home/runner/work/PocketKrKr/PocketKrKr/cpp/plugins/psdfile/psdparse/psdfile.h:4,
2026-09-07T18:01:56.2190727Z                  from /home/runner/work/PocketKrKr/PocketKrKr/cpp/plugins/psdfile/psdclass.h:9,
2026-09-07T18:01:56.2192043Z                  from /home/runner/work/PocketKrKr/PocketKrKr/cpp/plugins/psdfile/main.cpp:5:
2026-09-07T18:01:56.2193651Z /home/runner/work/PocketKrKr/PocketKrKr/cpp/plugins/psdfile/psdparse/psddesc.h:234:32: note: format string is defined here
2026-09-07T18:01:56.2195425Z   234 |             dprint("%s (count:%d)\n", typeName(), items.size());
2026-09-07T18:01:56.2196320Z       |                               ~^
2026-09-07T18:01:56.2197063Z       |                                |
2026-09-07T18:01:56.2197804Z       |                                int
2026-09-07T18:01:56.2198635Z       |                               %ld
2026-09-07T18:01:56.2199785Z In file included from /home/runner/work/PocketKrKr/PocketKrKr/cpp/plugins/psdfile/psdparse/psdfile.h:3,
2026-09-07T18:01:56.2201289Z                  from /home/runner/work/PocketKrKr/PocketKrKr/cpp/plugins/psdfile/psdclass.h:9,
2026-09-07T18:01:56.2202628Z                  from /home/runner/work/PocketKrKr/PocketKrKr/cpp/plugins/psdfile/main.cpp:5:
2026-09-07T18:01:56.2205030Z /home/runner/work/PocketKrKr/PocketKrKr/cpp/plugins/psdfile/psdparse/psddesc.h: In member function ‘virtual void psd::DescriptorList::dump(int)’:
2026-09-07T18:01:56.2208659Z /home/runner/work/PocketKrKr/PocketKrKr/cpp/plugins/psdfile/psdparse/psddesc.h:253:20: warning: format ‘%d’ expects argument of type ‘int’, but argument 3 has type ‘std::vector<psd::DescriptorItem*>::size_type’ {aka ‘long unsigned int’} [-Wformat=]
2026-09-07T18:01:56.2211285Z   253 |             dprint("%s (count:%d)\n", typeName(), items.size());
2026-09-07T18:01:56.2212256Z       |                    ^~~~~~~~~~~~~~~~~              ~~~~~~~~~~~~
2026-09-07T18:01:56.2213110Z       |                                                             |
2026-09-07T18:01:56.2214269Z       |                                                             std::vector<psd::DescriptorItem*>::size_type {aka long unsigned int}
2026-09-07T18:01:56.2216418Z /home/runner/work/PocketKrKr/PocketKrKr/cpp/plugins/psdfile/psdparse/psdbase.h:7:28: note: in definition of macro ‘dprint’
2026-09-07T18:01:56.2217830Z     7 | #define dprint(...) printf(__VA_ARGS__);
2026-09-07T18:01:56.2218649Z       |                            ^~~~~~~~~~~
2026-09-07T18:01:56.2219797Z In file included from /home/runner/work/PocketKrKr/PocketKrKr/cpp/plugins/psdfile/psdparse/psddata.h:5,
2026-09-07T18:01:56.2221336Z                  from /home/runner/work/PocketKrKr/PocketKrKr/cpp/plugins/psdfile/psdparse/psdfile.h:4,
2026-09-07T18:01:56.2222767Z                  from /home/runner/work/PocketKrKr/PocketKrKr/cpp/plugins/psdfile/psdclass.h:9,
2026-09-07T18:01:56.2224109Z                  from /home/runner/work/PocketKrKr/PocketKrKr/cpp/plugins/psdfile/main.cpp:5:
2026-09-07T18:01:56.2225954Z /home/runner/work/PocketKrKr/PocketKrKr/cpp/plugins/psdfile/psdparse/psddesc.h:253:32: note: format string is defined here
2026-09-07T18:01:56.2227425Z   253 |             dprint("%s (count:%d)\n", typeName(), items.size());
2026-09-07T18:01:56.2228320Z       |                               ~^
2026-09-07T18:01:56.2229033Z       |                                |
2026-09-07T18:01:56.2229779Z       |                                int
2026-09-07T18:01:56.2230510Z       |                               %ld
2026-09-07T18:01:56.5996570Z [655/741] Building CXX object cpp/plugins/CMakeFiles/krkr2plugin.dir/psdfile/psdclass_loadmem.cpp.o
2026-09-07T18:01:56.6026273Z In file included from /home/runner/work/PocketKrKr/PocketKrKr/cpp/plugins/psdfile/psdparse/psddata.h:5,
2026-09-07T18:01:56.6056188Z                  from /home/runner/work/PocketKrKr/PocketKrKr/cpp/plugins/psdfile/psdparse/psdfile.h:4,
2026-09-07T18:01:56.6066303Z                  from /home/runner/work/PocketKrKr/PocketKrKr/cpp/plugins/psdfile/psdclass.h:9,
2026-09-07T18:01:56.6067858Z                  from /home/runner/work/PocketKrKr/PocketKrKr/cpp/plugins/psdfile/psdclass_loadmem.cpp:1:
2026-09-07T18:01:56.6069699Z /home/runner/work/PocketKrKr/PocketKrKr/cpp/plugins/psdfile/psdparse/psddesc.h:17:26: warning: multi-character character constant [-Wmultichar]
2026-09-07T18:01:56.6071180Z    17 |         TYPE_REFERENCE = 'obj ',
2026-09-07T18:01:56.6071884Z       |                          ^~~~~~
2026-09-07T18:01:56.6073297Z /home/runner/work/PocketKrKr/PocketKrKr/cpp/plugins/psdfile/psdparse/psddesc.h:18:27: warning: multi-character character constant [-Wmultichar]
2026-09-07T18:01:56.6074749Z    18 |         TYPE_DESCRIPTOR = 'Objc',
2026-09-07T18:01:56.6075790Z       |                           ^~~~~~
2026-09-07T18:01:56.6077240Z /home/runner/work/PocketKrKr/PocketKrKr/cpp/plugins/psdfile/psdparse/psddesc.h:19:21: warning: multi-character character constant [-Wmultichar]
2026-09-07T18:01:56.6078673Z    19 |         TYPE_LIST = 'VlLs',
2026-09-07T18:01:56.6079359Z       |                     ^~~~~~
2026-09-07T18:01:56.6080724Z /home/runner/work/PocketKrKr/PocketKrKr/cpp/plugins/psdfile/psdparse/psddesc.h:20:23: warning: multi-character character constant [-Wmultichar]
2026-09-07T18:01:56.6082170Z    20 |         TYPE_DOUBLE = 'doub',
2026-09-07T18:01:56.6082853Z       |                       ^~~~~~
2026-09-07T18:01:56.6084508Z /home/runner/work/PocketKrKr/PocketKrKr/cpp/plugins/psdfile/psdparse/psddesc.h:21:27: warning: multi-character character constant [-Wmultichar]
2026-09-07T18:01:56.6086221Z    21 |         TYPE_UNIT_FLOAT = 'UntF',
2026-09-07T18:01:56.6086938Z       |                           ^~~~~~
2026-09-07T18:01:56.6088333Z /home/runner/work/PocketKrKr/PocketKrKr/cpp/plugins/psdfile/psdparse/psddesc.h:22:23: warning: multi-character character constant [-Wmultichar]
2026-09-07T18:01:56.6090025Z    22 |         TYPE_STRING = 'TEXT',
2026-09-07T18:01:56.6090720Z       |                       ^~~~~~
2026-09-07T18:01:56.6092088Z /home/runner/work/PocketKrKr/PocketKrKr/cpp/plugins/psdfile/psdparse/psddesc.h:23:27: warning: multi-character character constant [-Wmultichar]
2026-09-07T18:01:56.6093520Z    23 |         TYPE_ENUMERATED = 'enum',
2026-09-07T18:01:56.6094219Z       |                           ^~~~~~
2026-09-07T18:01:56.6095830Z /home/runner/work/PocketKrKr/PocketKrKr/cpp/plugins/psdfile/psdparse/psddesc.h:24:24: warning: multi-character character constant [-Wmultichar]
2026-09-07T18:01:56.6097332Z    24 |         TYPE_INTEGER = 'long',
2026-09-07T18:01:56.6098035Z       |                        ^~~~~~
2026-09-07T18:01:56.6099419Z /home/runner/work/PocketKrKr/PocketKrKr/cpp/plugins/psdfile/psdparse/psddesc.h:25:24: warning: multi-character character constant [-Wmultichar]
2026-09-07T18:01:56.6100863Z    25 |         TYPE_BOOLEAN = 'bool',
2026-09-07T18:01:56.6101558Z       |                        ^~~~~~
2026-09-07T18:01:56.6103006Z /home/runner/work/PocketKrKr/PocketKrKr/cpp/plugins/psdfile/psdparse/psddesc.h:26:30: warning: multi-character character constant [-Wmultichar]
2026-09-07T18:01:56.6104459Z    26 |         TYPE_GLOBAL_OBJECT = 'GlbO',
2026-09-07T18:01:56.6105409Z       |                              ^~~~~~
2026-09-07T18:01:56.6106842Z /home/runner/work/PocketKrKr/PocketKrKr/cpp/plugins/psdfile/psdparse/psddesc.h:27:23: warning: multi-character character constant [-Wmultichar]
2026-09-07T18:01:56.6108279Z    27 |         TYPE_CLASS1 = 'type',
2026-09-07T18:01:56.6108970Z       |                       ^~~~~~
2026-09-07T18:01:56.6110423Z /home/runner/work/PocketKrKr/PocketKrKr/cpp/plugins/psdfile/psdparse/psddesc.h:28:23: warning: multi-character character constant [-Wmultichar]
2026-09-07T18:01:56.6111872Z    28 |         TYPE_CLASS2 = 'GlbC',
2026-09-07T18:01:56.6112576Z       |                       ^~~~~~
2026-09-07T18:01:56.6113939Z /home/runner/work/PocketKrKr/PocketKrKr/cpp/plugins/psdfile/psdparse/psddesc.h:29:22: warning: multi-character character constant [-Wmultichar]
2026-09-07T18:01:56.6115559Z    29 |         TYPE_ALIAS = 'alis',
2026-09-07T18:01:56.6116258Z       |                      ^~~~~~
2026-09-07T18:01:56.6117610Z /home/runner/work/PocketKrKr/PocketKrKr/cpp/plugins/psdfile/psdparse/psddesc.h:30:25: warning: multi-character character constant [-Wmultichar]
2026-09-07T18:01:56.6119053Z    30 |         TYPE_RAW_DATA = 'tdta',
2026-09-07T18:01:56.6119744Z       |                         ^~~~~~
2026-09-07T18:01:56.6121138Z /home/runner/work/PocketKrKr/PocketKrKr/cpp/plugins/psdfile/psdparse/psddesc.h:34:23: warning: multi-character character constant [-Wmultichar]
2026-09-07T18:01:56.6122572Z    34 |         UNIT_POINTS = '#Pnt',
2026-09-07T18:01:56.6123265Z       |                       ^~~~~~
2026-09-07T18:01:56.6124620Z /home/runner/work/PocketKrKr/PocketKrKr/cpp/plugins/psdfile/psdparse/psddesc.h:35:28: warning: multi-character character constant [-Wmultichar]
2026-09-07T18:01:56.6126282Z    35 |         UNIT_MILLIMETERS = '#Mlm',
2026-09-07T18:01:56.6127004Z       |                            ^~~~~~
2026-09-07T18:01:56.6128479Z /home/runner/work/PocketKrKr/PocketKrKr/cpp/plugins/psdfile/psdparse/psddesc.h:36:22: warning: multi-character character constant [-Wmultichar]
2026-09-07T18:01:56.6129952Z    36 |         UNIT_ANGLE = '#Ang', // degrees
2026-09-07T18:01:56.6130675Z       |                      ^~~~~~
2026-09-07T18:01:56.6132275Z /home/runner/work/PocketKrKr/PocketKrKr/cpp/plugins/psdfile/psdparse/psddesc.h:37:24: warning: multi-character character constant [-Wmultichar]
2026-09-07T18:01:56.6133781Z    37 |         UNIT_DENSITY = '#Rsl', // base per inch
2026-09-07T18:01:56.6134559Z       |                        ^~~~~~
2026-09-07T18:01:56.6136170Z /home/runner/work/PocketKrKr/PocketKrKr/cpp/plugins/psdfile/psdparse/psddesc.h:38:25: warning: multi-character character constant [-Wmultichar]
2026-09-07T18:01:56.6137903Z    38 |         UNIT_DISTANCE = '#Rlt', // base 72ppi
2026-09-07T18:01:56.6138652Z       |                         ^~~~~~
2026-09-07T18:01:56.6140031Z /home/runner/work/PocketKrKr/PocketKrKr/cpp/plugins/psdfile/psdparse/psddesc.h:39:21: warning: multi-character character constant [-Wmultichar]
2026-09-07T18:01:56.6141456Z    39 |         UNIT_NONE = '#Nne',
2026-09-07T18:01:56.6142122Z       |                     ^~~~~~
2026-09-07T18:01:56.6143490Z /home/runner/work/PocketKrKr/PocketKrKr/cpp/plugins/psdfile/psdparse/psddesc.h:40:24: warning: multi-character character constant [-Wmultichar]
2026-09-07T18:01:56.6144935Z    40 |         UNIT_PERCENT = '#Prc',
2026-09-07T18:01:56.6145855Z       |                        ^~~~~~
2026-09-07T18:01:56.6147254Z /home/runner/work/PocketKrKr/PocketKrKr/cpp/plugins/psdfile/psdparse/psddesc.h:41:23: warning: multi-character character constant [-Wmultichar]
2026-09-07T18:01:56.6148689Z    41 |         UNIT_PIXELS = '#Pxl',
2026-09-07T18:01:56.6149388Z       |                       ^~~~~~
2026-09-07T18:01:56.6150752Z /home/runner/work/PocketKrKr/PocketKrKr/cpp/plugins/psdfile/psdparse/psddesc.h:46:29: warning: multi-character character constant [-Wmultichar]
2026-09-07T18:01:56.6152204Z    46 |         REF_TYPE_PROPERTY = 'prop',
2026-09-07T18:01:56.6152920Z       |                             ^~~~~~
2026-09-07T18:01:56.6154313Z /home/runner/work/PocketKrKr/PocketKrKr/cpp/plugins/psdfile/psdparse/psddesc.h:47:26: warning: multi-character character constant [-Wmultichar]
2026-09-07T18:01:56.6156038Z    47 |         REF_TYPE_CLASS = 'Clss',
2026-09-07T18:01:56.6156743Z       |                          ^~~~~~
2026-09-07T18:01:56.6158131Z /home/runner/work/PocketKrKr/PocketKrKr/cpp/plugins/psdfile/psdparse/psddesc.h:48:29: warning: multi-character character constant [-Wmultichar]
2026-09-07T18:01:56.6159622Z    48 |         REF_TYPE_ENUM_REF = 'Enmr',
2026-09-07T18:01:56.6160344Z       |                             ^~~~~~
2026-09-07T18:01:56.6161749Z /home/runner/work/PocketKrKr/PocketKrKr/cpp/plugins/psdfile/psdparse/psddesc.h:49:27: warning: multi-character character constant [-Wmultichar]
2026-09-07T18:01:56.6163190Z    49 |         REF_TYPE_OFFSET = 'rele',
2026-09-07T18:01:56.6163894Z       |                           ^~~~~~
2026-09-07T18:01:56.6165482Z /home/runner/work/PocketKrKr/PocketKrKr/cpp/plugins/psdfile/psdparse/psddesc.h:50:31: warning: multi-character character constant [-Wmultichar]
2026-09-07T18:01:56.6166957Z    50 |         REF_TYPE_IDENTIFIER = 'Idnt',
2026-09-07T18:01:56.6167689Z       |                               ^~~~~~
2026-09-07T18:01:56.6169083Z /home/runner/work/PocketKrKr/PocketKrKr/cpp/plugins/psdfile/psdparse/psddesc.h:51:26: warning: multi-character character constant [-Wmultichar]
2026-09-07T18:01:56.6170506Z    51 |         REF_TYPE_INDEX = 'indx',
2026-09-07T18:01:56.6171205Z       |                          ^~~~~~
2026-09-07T18:01:56.6172573Z /home/runner/work/PocketKrKr/PocketKrKr/cpp/plugins/psdfile/psdparse/psddesc.h:52:25: warning: multi-character character constant [-Wmultichar]
2026-09-07T18:01:56.6174008Z    52 |         REF_TYPE_NAME = 'name',
2026-09-07T18:01:56.6174698Z       |                         ^~~~~~
2026-09-07T18:01:56.6176014Z In file included from /home/runner/work/PocketKrKr/PocketKrKr/cpp/plugins/psdfile/psdparse/psdfile.h:4,
2026-09-07T18:01:56.6177481Z                  from /home/runner/work/PocketKrKr/PocketKrKr/cpp/plugins/psdfile/psdclass.h:9,
2026-09-07T18:01:56.6178878Z                  from /home/runner/work/PocketKrKr/PocketKrKr/cpp/plugins/psdfile/psdclass_loadmem.cpp:1:
2026-09-07T18:01:56.6180920Z /home/runner/work/PocketKrKr/PocketKrKr/cpp/plugins/psdfile/psdparse/psddata.h:113:18: warning: multi-character character constant [-Wmultichar]
2026-09-07T18:01:56.6182488Z   113 |             case 'norm':
2026-09-07T18:01:56.6183151Z       |                  ^~~~~~
2026-09-07T18:01:56.6184504Z /home/runner/work/PocketKrKr/PocketKrKr/cpp/plugins/psdfile/psdparse/psddata.h:115:18: warning: multi-character character constant [-Wmultichar]
2026-09-07T18:01:56.6186420Z   115 |             case 'diss':
2026-09-07T18:01:56.6187073Z       |                  ^~~~~~
2026-09-07T18:01:56.6188428Z /home/runner/work/PocketKrKr/PocketKrKr/cpp/plugins/psdfile/psdparse/psddata.h:117:18: warning: multi-character character constant [-Wmultichar]
2026-09-07T18:01:56.6189846Z   117 |             case 'dark':
2026-09-07T18:01:56.6190489Z       |                  ^~~~~~
2026-09-07T18:01:56.6191824Z /home/runner/work/PocketKrKr/PocketKrKr/cpp/plugins/psdfile/psdparse/psddata.h:119:18: warning: multi-character character constant [-Wmultichar]
2026-09-07T18:01:56.6193235Z   119 |             case 'mul ':
2026-09-07T18:01:56.6193893Z       |                  ^~~~~~
2026-09-07T18:01:56.6195508Z /home/runner/work/PocketKrKr/PocketKrKr/cpp/plugins/psdfile/psdparse/psddata.h:121:18: warning: multi-character character constant [-Wmultichar]
2026-09-07T18:01:56.6196969Z   121 |             case 'idiv':
2026-09-07T18:01:56.6197628Z       |                  ^~~~~~
2026-09-07T18:01:56.6198968Z /home/runner/work/PocketKrKr/PocketKrKr/cpp/plugins/psdfile/psdparse/psddata.h:123:18: warning: multi-character character constant [-Wmultichar]
2026-09-07T18:01:56.6200381Z   123 |             case 'lbrn':
2026-09-07T18:01:56.6201017Z       |                  ^~~~~~
2026-09-07T18:01:56.6202360Z /home/runner/work/PocketKrKr/PocketKrKr/cpp/plugins/psdfile/psdparse/psddata.h:125:18: warning: multi-character character constant [-Wmultichar]
2026-09-07T18:01:56.6203812Z   125 |             case 'dkCl':
2026-09-07T18:01:56.6204487Z       |                  ^~~~~~
2026-09-07T18:01:56.6206027Z /home/runner/work/PocketKrKr/PocketKrKr/cpp/plugins/psdfile/psdparse/psddata.h:127:18: warning: multi-character character constant [-Wmultichar]
2026-09-07T18:01:56.6207474Z   127 |             case 'lite':
2026-09-07T18:01:56.6208116Z       |                  ^~~~~~
2026-09-07T18:01:56.6209444Z /home/runner/work/PocketKrKr/PocketKrKr/cpp/plugins/psdfile/psdparse/psddata.h:129:18: warning: multi-character character constant [-Wmultichar]
2026-09-07T18:01:56.6211008Z   129 |             case 'scrn':
2026-09-07T18:01:56.6211646Z       |                  ^~~~~~
2026-09-07T18:01:56.6212993Z /home/runner/work/PocketKrKr/PocketKrKr/cpp/plugins/psdfile/psdparse/psddata.h:131:18: warning: multi-character character constant [-Wmultichar]
2026-09-07T18:01:56.6214412Z   131 |             case 'div ':
2026-09-07T18:01:56.6215061Z       |                  ^~~~~~
2026-09-07T18:01:56.6216519Z /home/runner/work/PocketKrKr/PocketKrKr/cpp/plugins/psdfile/psdparse/psddata.h:133:18: warning: multi-character character constant [-Wmultichar]
2026-09-07T18:01:56.6217877Z   133 |             case 'lddg':
2026-09-07T18:01:56.6218417Z       |                  ^~~~~~
2026-09-07T18:01:56.6219674Z /home/runner/work/PocketKrKr/PocketKrKr/cpp/plugins/psdfile/psdparse/psddata.h:135:18: warning: multi-character character constant [-Wmultichar]
2026-09-07T18:01:56.6220988Z   135 |             case 'ltCl':
2026-09-07T18:01:56.6221555Z       |                  ^~~~~~
2026-09-07T18:01:56.6222773Z /home/runner/work/PocketKrKr/PocketKrKr/cpp/plugins/psdfile/psdparse/psddata.h:137:18: warning: multi-character character constant [-Wmultichar]
2026-09-07T18:01:56.6224122Z   137 |             case 'over':
2026-09-07T18:01:56.6224654Z       |                  ^~~~~~
2026-09-07T18:01:56.6226115Z /home/runner/work/PocketKrKr/PocketKrKr/cpp/plugins/psdfile/psdparse/psddata.h:139:18: warning: multi-character character constant [-Wmultichar]
2026-09-07T18:01:56.6227418Z   139 |             case 'sLit':
2026-09-07T18:01:56.6227996Z       |                  ^~~~~~
2026-09-07T18:01:56.6229478Z /home/runner/work/PocketKrKr/PocketKrKr/cpp/plugins/psdfile/psdparse/psddata.h:141:18: warning: multi-character character constant [-Wmultichar]
2026-09-07T18:01:56.6230852Z   141 |             case 'hLit':
2026-09-07T18:01:56.6231382Z       |                  ^~~~~~
2026-09-07T18:01:56.6232878Z /home/runner/work/PocketKrKr/PocketKrKr/cpp/plugins/psdfile/psdparse/psddata.h:143:18: warning: multi-character character constant [-Wmultichar]
2026-09-07T18:01:56.6234529Z   143 |             case 'vLit':
2026-09-07T18:01:56.6235125Z       |                  ^~~~~~
2026-09-07T18:01:56.6236594Z /home/runner/work/PocketKrKr/PocketKrKr/cpp/plugins/psdfile/psdparse/psddata.h:145:18: warning: multi-character character constant [-Wmultichar]
2026-09-07T18:01:56.6237941Z   145 |             case 'lLit':
2026-09-07T18:01:56.6238477Z       |                  ^~~~~~
2026-09-07T18:01:56.6239758Z /home/runner/work/PocketKrKr/PocketKrKr/cpp/plugins/psdfile/psdparse/psddata.h:147:18: warning: multi-character character constant [-Wmultichar]
2026-09-07T18:01:56.6241085Z   147 |             case 'pLit':
2026-09-07T18:01:56.6241665Z       |                  ^~~~~~
2026-09-07T18:01:56.6242920Z /home/runner/work/PocketKrKr/PocketKrKr/cpp/plugins/psdfile/psdparse/psddata.h:149:18: warning: multi-character character constant [-Wmultichar]
2026-09-07T18:01:56.6244279Z   149 |             case 'hMix':
2026-09-07T18:01:56.6244812Z       |                  ^~~~~~
2026-09-07T18:01:56.6246309Z /home/runner/work/PocketKrKr/PocketKrKr/cpp/plugins/psdfile/psdparse/psddata.h:151:18: warning: multi-character character constant [-Wmultichar]
2026-09-07T18:01:56.6247392Z   151 |             case 'diff':
2026-09-07T18:01:56.6247651Z       |                  ^~~~~~
2026-09-07T18:01:56.6248268Z /home/runner/work/PocketKrKr/PocketKrKr/cpp/plugins/psdfile/psdparse/psddata.h:153:18: warning: multi-character character constant [-Wmultichar]
2026-09-07T18:01:56.6248918Z   153 |             case 'smud':
2026-09-07T18:01:56.6249150Z       |                  ^~~~~~
2026-09-07T18:01:56.6249753Z /home/runner/work/PocketKrKr/PocketKrKr/cpp/plugins/psdfile/psdparse/psddata.h:155:18: warning: multi-character character constant [-Wmultichar]
2026-09-07T18:01:56.6250378Z   155 |             case 'fsub':
2026-09-07T18:01:56.6250606Z       |                  ^~~~~~
2026-09-07T18:01:56.6251198Z /home/runner/work/PocketKrKr/PocketKrKr/cpp/plugins/psdfile/psdparse/psddata.h:157:18: warning: multi-character character constant [-Wmultichar]
2026-09-07T18:01:56.6251830Z   157 |             case 'fdiv':
2026-09-07T18:01:56.6252061Z       |                  ^~~~~~
2026-09-07T18:01:56.6252642Z /home/runner/work/PocketKrKr/PocketKrKr/cpp/plugins/psdfile/psdparse/psddata.h:159:18: warning: multi-character character constant [-Wmultichar]
2026-09-07T18:01:56.6253264Z   159 |             case 'hue ':
2026-09-07T18:01:56.6253496Z       |                  ^~~~~~
2026-09-07T18:01:56.6254084Z /home/runner/work/PocketKrKr/PocketKrKr/cpp/plugins/psdfile/psdparse/psddata.h:161:18: warning: multi-character character constant [-Wmultichar]
2026-09-07T18:01:56.6254719Z   161 |             case 'sat ':
2026-09-07T18:01:56.6254945Z       |                  ^~~~~~
2026-09-07T18:01:56.6256077Z /home/runner/work/PocketKrKr/PocketKrKr/cpp/plugins/psdfile/psdparse/psddata.h:163:18: warning: multi-character character constant [-Wmultichar]
2026-09-07T18:01:56.6257278Z   163 |             case 'colr':
2026-09-07T18:01:56.6257695Z       |                  ^~~~~~
2026-09-07T18:01:56.6258802Z /home/runner/work/PocketKrKr/PocketKrKr/cpp/plugins/psdfile/psdparse/psddata.h:165:18: warning: multi-character character constant [-Wmultichar]
2026-09-07T18:01:56.6259984Z   165 |             case 'lum ':
2026-09-07T18:01:56.6260398Z       |                  ^~~~~~
2026-09-07T18:01:56.6261488Z /home/runner/work/PocketKrKr/PocketKrKr/cpp/plugins/psdfile/psdparse/psddata.h:167:18: warning: multi-character character constant [-Wmultichar]
2026-09-07T18:01:56.6262675Z   167 |             case 'pass':
2026-09-07T18:01:56.6263369Z       |                  ^~~~~~
2026-09-07T18:01:56.6264237Z In file included from /home/runner/work/PocketKrKr/PocketKrKr/cpp/plugins/psdfile/psdparse/psdfile.h:3,
2026-09-07T18:01:56.6265703Z                  from /home/runner/work/PocketKrKr/PocketKrKr/cpp/plugins/psdfile/psdclass.h:9,
2026-09-07T18:01:56.6267132Z                  from /home/runner/work/PocketKrKr/PocketKrKr/cpp/plugins/psdfile/psdclass_loadmem.cpp:1:
2026-09-07T18:01:56.6269339Z /home/runner/work/PocketKrKr/PocketKrKr/cpp/plugins/psdfile/psdparse/psddesc.h: In member function ‘virtual void psd::DescriptorReference::dump(int)’:
2026-09-07T18:01:56.6272402Z /home/runner/work/PocketKrKr/PocketKrKr/cpp/plugins/psdfile/psdparse/psddesc.h:234:20: warning: format ‘%d’ expects argument of type ‘int’, but argument 3 has type ‘std::vector<psd::ReferenceItem*>::size_type’ {aka ‘long unsigned int’} [-Wformat=]
2026-09-07T18:01:56.6274377Z   234 |             dprint("%s (count:%d)\n", typeName(), items.size());
2026-09-07T18:01:56.6275080Z       |                    ^~~~~~~~~~~~~~~~~              ~~~~~~~~~~~~
2026-09-07T18:01:56.6275883Z       |                                                             |
2026-09-07T18:01:56.6276750Z       |                                                             std::vector<psd::ReferenceItem*>::size_type {aka long unsigned int}
2026-09-07T18:01:56.6278352Z /home/runner/work/PocketKrKr/PocketKrKr/cpp/plugins/psdfile/psdparse/psdbase.h:7:28: note: in definition of macro ‘dprint’
2026-09-07T18:01:56.6279462Z     7 | #define dprint(...) printf(__VA_ARGS__);
2026-09-07T18:01:56.6280002Z       |                            ^~~~~~~~~~~
2026-09-07T18:01:56.6280917Z In file included from /home/runner/work/PocketKrKr/PocketKrKr/cpp/plugins/psdfile/psdparse/psddata.h:5,
2026-09-07T18:01:56.6282205Z                  from /home/runner/work/PocketKrKr/PocketKrKr/cpp/plugins/psdfile/psdparse/psdfile.h:4,
2026-09-07T18:01:56.6283361Z                  from /home/runner/work/PocketKrKr/PocketKrKr/cpp/plugins/psdfile/psdclass.h:9,
2026-09-07T18:01:56.6284547Z                  from /home/runner/work/PocketKrKr/PocketKrKr/cpp/plugins/psdfile/psdclass_loadmem.cpp:1:
2026-09-07T18:01:56.6286186Z /home/runner/work/PocketKrKr/PocketKrKr/cpp/plugins/psdfile/psdparse/psddesc.h:234:32: note: format string is defined here
2026-09-07T18:01:56.6287408Z   234 |             dprint("%s (count:%d)\n", typeName(), items.size());
2026-09-07T18:01:56.6288019Z       |                               ~^
2026-09-07T18:01:56.6288475Z       |                                |
2026-09-07T18:01:56.6288942Z       |                                int
2026-09-07T18:01:56.6289409Z       |                               %ld
2026-09-07T18:01:56.6290300Z In file included from /home/runner/work/PocketKrKr/PocketKrKr/cpp/plugins/psdfile/psdparse/psdfile.h:3,
2026-09-07T18:01:56.6291503Z                  from /home/runner/work/PocketKrKr/PocketKrKr/cpp/plugins/psdfile/psdclass.h:9,
2026-09-07T18:01:56.6292672Z                  from /home/runner/work/PocketKrKr/PocketKrKr/cpp/plugins/psdfile/psdclass_loadmem.cpp:1:
2026-09-07T18:01:56.6294572Z /home/runner/work/PocketKrKr/PocketKrKr/cpp/plugins/psdfile/psdparse/psddesc.h: In member function ‘virtual void psd::DescriptorList::dump(int)’:
2026-09-07T18:01:56.6297728Z /home/runner/work/PocketKrKr/PocketKrKr/cpp/plugins/psdfile/psdparse/psddesc.h:253:20: warning: format ‘%d’ expects argument of type ‘int’, but argument 3 has type ‘std::vector<psd::DescriptorItem*>::size_type’ {aka ‘long unsigned int’} [-Wformat=]
2026-09-07T18:01:56.6299684Z   253 |             dprint("%s (count:%d)\n", typeName(), items.size());
2026-09-07T18:01:56.6300350Z       |                    ^~~~~~~~~~~~~~~~~              ~~~~~~~~~~~~
2026-09-07T18:01:56.6300953Z       |                                                             |
2026-09-07T18:01:56.6301834Z       |                                                             std::vector<psd::DescriptorItem*>::size_type {aka long unsigned int}
2026-09-07T18:01:56.6303668Z /home/runner/work/PocketKrKr/PocketKrKr/cpp/plugins/psdfile/psdparse/psdbase.h:7:28: note: in definition of macro ‘dprint’
2026-09-07T18:01:56.6304802Z     7 | #define dprint(...) printf(__VA_ARGS__);
2026-09-07T18:01:56.6305527Z       |                            ^~~~~~~~~~~
2026-09-07T18:01:56.6306450Z In file included from /home/runner/work/PocketKrKr/PocketKrKr/cpp/plugins/psdfile/psdparse/psddata.h:5,
2026-09-07T18:01:56.6307926Z                  from /home/runner/work/PocketKrKr/PocketKrKr/cpp/plugins/psdfile/psdparse/psdfile.h:4,
2026-09-07T18:01:56.6309074Z                  from /home/runner/work/PocketKrKr/PocketKrKr/cpp/plugins/psdfile/psdclass.h:9,
2026-09-07T18:01:56.6310308Z                  from /home/runner/work/PocketKrKr/PocketKrKr/cpp/plugins/psdfile/psdclass_loadmem.cpp:1:
2026-09-07T18:01:56.6311701Z /home/runner/work/PocketKrKr/PocketKrKr/cpp/plugins/psdfile/psdparse/psddesc.h:253:32: note: format string is defined here
2026-09-07T18:01:56.6312827Z   253 |             dprint("%s (count:%d)\n", typeName(), items.size());
2026-09-07T18:01:56.6313418Z       |                               ~^
2026-09-07T18:01:56.6313864Z       |                                |
2026-09-07T18:01:56.6314309Z       |                                int
2026-09-07T18:01:56.6314762Z       |                               %ld
2026-09-07T18:01:56.6315781Z In file included from /home/runner/work/PocketKrKr/PocketKrKr/cpp/plugins/psdfile/psdclass.h:10,
2026-09-07T18:01:56.6316947Z                  from /home/runner/work/PocketKrKr/PocketKrKr/cpp/plugins/psdfile/psdclass_loadmem.cpp:1:
2026-09-07T18:01:56.6319092Z /home/runner/work/PocketKrKr/PocketKrKr/cpp/core/plugin/ncbind.hpp: In static member function ‘static ncbTypeConvertor::Conversion<FROM, TO>::OK ncbTypeConvertor::Conversion<FROM, TO>::check(TO)’:
2026-09-07T18:01:56.6321219Z /home/runner/work/PocketKrKr/PocketKrKr/cpp/core/plugin/ncbind.hpp:244:38: warning: no return statement in function returning non-void [-Wreturn-type]
2026-09-07T18:01:56.6322399Z   244 |                 static OK check(TO) {};
2026-09-07T18:01:56.6322911Z       |                                      ^
2026-09-07T18:01:57.6666556Z [656/741] Building CXX object cpp/plugins/CMakeFiles/krkr2plugin.dir/psdfile/psdclass.cpp.o
2026-09-07T18:01:57.6667973Z In file included from /home/runner/work/PocketKrKr/PocketKrKr/cpp/plugins/psdfile/psdparse/psddata.h:5,
2026-09-07T18:01:57.6669448Z                  from /home/runner/work/PocketKrKr/PocketKrKr/cpp/plugins/psdfile/psdparse/psdfile.h:4,
2026-09-07T18:01:57.6670673Z                  from /home/runner/work/PocketKrKr/PocketKrKr/cpp/plugins/psdfile/psdclass.h:9,
2026-09-07T18:01:57.6671822Z                  from /home/runner/work/PocketKrKr/PocketKrKr/cpp/plugins/psdfile/psdclass.cpp:4:
2026-09-07T18:01:57.6673406Z /home/runner/work/PocketKrKr/PocketKrKr/cpp/plugins/psdfile/psdparse/psddesc.h:17:26: warning: multi-character character constant [-Wmultichar]
2026-09-07T18:01:57.6674674Z    17 |         TYPE_REFERENCE = 'obj ',
2026-09-07T18:01:57.6675462Z       |                          ^~~~~~
2026-09-07T18:01:57.6676619Z /home/runner/work/PocketKrKr/PocketKrKr/cpp/plugins/psdfile/psdparse/psddesc.h:18:27: warning: multi-character character constant [-Wmultichar]
2026-09-07T18:01:57.6677867Z    18 |         TYPE_DESCRIPTOR = 'Objc',
2026-09-07T18:01:57.6678401Z       |                           ^~~~~~
2026-09-07T18:01:57.6679626Z /home/runner/work/PocketKrKr/PocketKrKr/cpp/plugins/psdfile/psdparse/psddesc.h:19:21: warning: multi-character character constant [-Wmultichar]
2026-09-07T18:01:57.6680794Z    19 |         TYPE_LIST = 'VlLs',
2026-09-07T18:01:57.6681266Z       |                     ^~~~~~
2026-09-07T18:01:57.6682408Z /home/runner/work/PocketKrKr/PocketKrKr/cpp/plugins/psdfile/psdparse/psddesc.h:20:23: warning: multi-character character constant [-Wmultichar]
2026-09-07T18:01:57.6683614Z    20 |         TYPE_DOUBLE = 'doub',
2026-09-07T18:01:57.6684117Z       |                       ^~~~~~
2026-09-07T18:01:57.6685916Z /home/runner/work/PocketKrKr/PocketKrKr/cpp/plugins/psdfile/psdparse/psddesc.h:21:27: warning: multi-character character constant [-Wmultichar]
2026-09-07T18:01:57.6687235Z    21 |         TYPE_UNIT_FLOAT = 'UntF',
2026-09-07T18:01:57.6687767Z       |                           ^~~~~~
2026-09-07T18:01:57.6688981Z /home/runner/work/PocketKrKr/PocketKrKr/cpp/plugins/psdfile/psdparse/psddesc.h:22:23: warning: multi-character character constant [-Wmultichar]
2026-09-07T18:01:57.6690534Z    22 |         TYPE_STRING = 'TEXT',
2026-09-07T18:01:57.6691108Z       |                       ^~~~~~
2026-09-07T18:01:57.6692312Z /home/runner/work/PocketKrKr/PocketKrKr/cpp/plugins/psdfile/psdparse/psddesc.h:23:27: warning: multi-character character constant [-Wmultichar]
2026-09-07T18:01:57.6693599Z    23 |         TYPE_ENUMERATED = 'enum',
2026-09-07T18:01:57.6694130Z       |                           ^~~~~~
2026-09-07T18:01:57.6725707Z /home/runner/work/PocketKrKr/PocketKrKr/cpp/plugins/psdfile/psdparse/psddesc.h:24:24: warning: multi-character character constant [-Wmultichar]
2026-09-07T18:01:57.6727002Z    24 |         TYPE_INTEGER = 'long',
2026-09-07T18:01:57.6727507Z       |                        ^~~~~~
2026-09-07T18:01:57.6728718Z /home/runner/work/PocketKrKr/PocketKrKr/cpp/plugins/psdfile/psdparse/psddesc.h:25:24: warning: multi-character character constant [-Wmultichar]
2026-09-07T18:01:57.6730010Z    25 |         TYPE_BOOLEAN = 'bool',
2026-09-07T18:01:57.6730514Z       |                        ^~~~~~
2026-09-07T18:01:57.6731722Z /home/runner/work/PocketKrKr/PocketKrKr/cpp/plugins/psdfile/psdparse/psddesc.h:26:30: warning: multi-character character constant [-Wmultichar]
2026-09-07T18:01:57.6732994Z    26 |         TYPE_GLOBAL_OBJECT = 'GlbO',
2026-09-07T18:01:57.6733521Z       |                              ^~~~~~
2026-09-07T18:01:57.6734758Z /home/runner/work/PocketKrKr/PocketKrKr/cpp/plugins/psdfile/psdparse/psddesc.h:27:23: warning: multi-character character constant [-Wmultichar]
2026-09-07T18:01:57.6736289Z    27 |         TYPE_CLASS1 = 'type',
2026-09-07T18:01:57.6736857Z       |                       ^~~~~~
2026-09-07T18:01:57.6738079Z /home/runner/work/PocketKrKr/PocketKrKr/cpp/plugins/psdfile/psdparse/psddesc.h:28:23: warning: multi-character character constant [-Wmultichar]
2026-09-07T18:01:57.6739327Z    28 |         TYPE_CLASS2 = 'GlbC',
2026-09-07T18:01:57.6739831Z       |                       ^~~~~~
2026-09-07T18:01:57.6740946Z /home/runner/work/PocketKrKr/PocketKrKr/cpp/plugins/psdfile/psdparse/psddesc.h:29:22: warning: multi-character character constant [-Wmultichar]
2026-09-07T18:01:57.6742197Z    29 |         TYPE_ALIAS = 'alis',
2026-09-07T18:01:57.6742667Z       |                      ^~~~~~
2026-09-07T18:01:57.6743794Z /home/runner/work/PocketKrKr/PocketKrKr/cpp/plugins/psdfile/psdparse/psddesc.h:30:25: warning: multi-character character constant [-Wmultichar]
2026-09-07T18:01:57.6744974Z    30 |         TYPE_RAW_DATA = 'tdta',
2026-09-07T18:01:57.6745730Z       |                         ^~~~~~
2026-09-07T18:01:57.6746927Z /home/runner/work/PocketKrKr/PocketKrKr/cpp/plugins/psdfile/psdparse/psddesc.h:34:23: warning: multi-character character constant [-Wmultichar]
2026-09-07T18:01:57.6748149Z    34 |         UNIT_POINTS = '#Pnt',
2026-09-07T18:01:57.6748642Z       |                       ^~~~~~
2026-09-07T18:01:57.6749841Z /home/runner/work/PocketKrKr/PocketKrKr/cpp/plugins/psdfile/psdparse/psddesc.h:35:28: warning: multi-character character constant [-Wmultichar]
2026-09-07T18:01:57.6751120Z    35 |         UNIT_MILLIMETERS = '#Mlm',
2026-09-07T18:01:57.6751657Z       |                            ^~~~~~
2026-09-07T18:01:57.6752863Z /home/runner/work/PocketKrKr/PocketKrKr/cpp/plugins/psdfile/psdparse/psddesc.h:36:22: warning: multi-character character constant [-Wmultichar]
2026-09-07T18:01:57.6754120Z    36 |         UNIT_ANGLE = '#Ang', // degrees
2026-09-07T18:01:57.6754659Z       |                      ^~~~~~
2026-09-07T18:01:57.6786546Z /home/runner/work/PocketKrKr/PocketKrKr/cpp/plugins/psdfile/psdparse/psddesc.h:37:24: warning: multi-character character constant [-Wmultichar]
2026-09-07T18:01:57.6787908Z    37 |         UNIT_DENSITY = '#Rsl', // base per inch
2026-09-07T18:01:57.6788481Z       |                        ^~~~~~
2026-09-07T18:01:57.6789681Z /home/runner/work/PocketKrKr/PocketKrKr/cpp/plugins/psdfile/psdparse/psddesc.h:38:25: warning: multi-character character constant [-Wmultichar]
2026-09-07T18:01:57.6791277Z    38 |         UNIT_DISTANCE = '#Rlt', // base 72ppi
2026-09-07T18:01:57.6791845Z       |                         ^~~~~~
2026-09-07T18:01:57.6793059Z /home/runner/work/PocketKrKr/PocketKrKr/cpp/plugins/psdfile/psdparse/psddesc.h:39:21: warning: multi-character character constant [-Wmultichar]
2026-09-07T18:01:57.6794217Z    39 |         UNIT_NONE = '#Nne',
2026-09-07T18:01:57.6794671Z       |                     ^~~~~~
2026-09-07T18:01:57.6796121Z /home/runner/work/PocketKrKr/PocketKrKr/cpp/plugins/psdfile/psdparse/psddesc.h:40:24: warning: multi-character character constant [-Wmultichar]
2026-09-07T18:01:57.6797383Z    40 |         UNIT_PERCENT = '#Prc',
2026-09-07T18:01:57.6797911Z       |                        ^~~~~~
2026-09-07T18:01:57.6799106Z /home/runner/work/PocketKrKr/PocketKrKr/cpp/plugins/psdfile/psdparse/psddesc.h:41:23: warning: multi-character character constant [-Wmultichar]
2026-09-07T18:01:57.6800365Z    41 |         UNIT_PIXELS = '#Pxl',
2026-09-07T18:01:57.6800882Z       |                       ^~~~~~
2026-09-07T18:01:57.6802069Z /home/runner/work/PocketKrKr/PocketKrKr/cpp/plugins/psdfile/psdparse/psddesc.h:46:29: warning: multi-character character constant [-Wmultichar]
2026-09-07T18:01:57.6803352Z    46 |         REF_TYPE_PROPERTY = 'prop',
2026-09-07T18:01:57.6803893Z       |                             ^~~~~~
2026-09-07T18:01:57.6805127Z /home/runner/work/PocketKrKr/PocketKrKr/cpp/plugins/psdfile/psdparse/psddesc.h:47:26: warning: multi-character character constant [-Wmultichar]
2026-09-07T18:01:57.6806679Z    47 |         REF_TYPE_CLASS = 'Clss',
2026-09-07T18:01:57.6807212Z       |                          ^~~~~~
2026-09-07T18:01:57.6808434Z /home/runner/work/PocketKrKr/PocketKrKr/cpp/plugins/psdfile/psdparse/psddesc.h:48:29: warning: multi-character character constant [-Wmultichar]
2026-09-07T18:01:57.6809714Z    48 |         REF_TYPE_ENUM_REF = 'Enmr',
2026-09-07T18:01:57.6810246Z       |                             ^~~~~~
2026-09-07T18:01:57.6811468Z /home/runner/work/PocketKrKr/PocketKrKr/cpp/plugins/psdfile/psdparse/psddesc.h:49:27: warning: multi-character character constant [-Wmultichar]
2026-09-07T18:01:57.6812720Z    49 |         REF_TYPE_OFFSET = 'rele',
2026-09-07T18:01:57.6813218Z       |                           ^~~~~~
2026-09-07T18:01:57.6814371Z /home/runner/work/PocketKrKr/PocketKrKr/cpp/plugins/psdfile/psdparse/psddesc.h:50:31: warning: multi-character character constant [-Wmultichar]
2026-09-07T18:01:57.6846029Z    50 |         REF_TYPE_IDENTIFIER = 'Idnt',
2026-09-07T18:01:57.6846602Z       |                               ^~~~~~
2026-09-07T18:01:57.6847844Z /home/runner/work/PocketKrKr/PocketKrKr/cpp/plugins/psdfile/psdparse/psddesc.h:51:26: warning: multi-character character constant [-Wmultichar]
2026-09-07T18:01:57.6849106Z    51 |         REF_TYPE_INDEX = 'indx',
2026-09-07T18:01:57.6849612Z       |                          ^~~~~~
2026-09-07T18:01:57.6850826Z /home/runner/work/PocketKrKr/PocketKrKr/cpp/plugins/psdfile/psdparse/psddesc.h:52:25: warning: multi-character character constant [-Wmultichar]
2026-09-07T18:01:57.6852096Z    52 |         REF_TYPE_NAME = 'name',
2026-09-07T18:01:57.6852608Z       |                         ^~~~~~
2026-09-07T18:01:57.6853544Z In file included from /home/runner/work/PocketKrKr/PocketKrKr/cpp/plugins/psdfile/psdparse/psdfile.h:4,
2026-09-07T18:01:57.6854794Z                  from /home/runner/work/PocketKrKr/PocketKrKr/cpp/plugins/psdfile/psdclass.h:9,
2026-09-07T18:01:57.6856227Z                  from /home/runner/work/PocketKrKr/PocketKrKr/cpp/plugins/psdfile/psdclass.cpp:4:
2026-09-07T18:01:57.6858039Z /home/runner/work/PocketKrKr/PocketKrKr/cpp/plugins/psdfile/psdparse/psddata.h:113:18: warning: multi-character character constant [-Wmultichar]
2026-09-07T18:01:57.6859309Z   113 |             case 'norm':
2026-09-07T18:01:57.6859776Z       |                  ^~~~~~
2026-09-07T18:01:57.6860933Z /home/runner/work/PocketKrKr/PocketKrKr/cpp/plugins/psdfile/psdparse/psddata.h:115:18: warning: multi-character character constant [-Wmultichar]
2026-09-07T18:01:57.6862421Z   115 |             case 'diss':
2026-09-07T18:01:57.6862821Z       |                  ^~~~~~
2026-09-07T18:01:57.6863889Z /home/runner/work/PocketKrKr/PocketKrKr/cpp/plugins/psdfile/psdparse/psddata.h:117:18: warning: multi-character character constant [-Wmultichar]
2026-09-07T18:01:57.6865017Z   117 |             case 'dark':
2026-09-07T18:01:57.6865716Z       |                  ^~~~~~
2026-09-07T18:01:57.6866826Z /home/runner/work/PocketKrKr/PocketKrKr/cpp/plugins/psdfile/psdparse/psddata.h:119:18: warning: multi-character character constant [-Wmultichar]
2026-09-07T18:01:57.6868050Z   119 |             case 'mul ':
2026-09-07T18:01:57.6868505Z       |                  ^~~~~~
2026-09-07T18:01:57.6869649Z /home/runner/work/PocketKrKr/PocketKrKr/cpp/plugins/psdfile/psdparse/psddata.h:121:18: warning: multi-character character constant [-Wmultichar]
2026-09-07T18:01:57.6870848Z   121 |             case 'idiv':
2026-09-07T18:01:57.6871318Z       |                  ^~~~~~
2026-09-07T18:01:57.6872424Z /home/runner/work/PocketKrKr/PocketKrKr/cpp/plugins/psdfile/psdparse/psddata.h:123:18: warning: multi-character character constant [-Wmultichar]
2026-09-07T18:01:57.6873561Z   123 |             case 'lbrn':
2026-09-07T18:01:57.6873964Z       |                  ^~~~~~
2026-09-07T18:01:57.6875069Z /home/runner/work/PocketKrKr/PocketKrKr/cpp/plugins/psdfile/psdparse/psddata.h:125:18: warning: multi-character character constant [-Wmultichar]
2026-09-07T18:01:57.6906650Z   125 |             case 'dkCl':
2026-09-07T18:01:57.6907095Z       |                  ^~~~~~
2026-09-07T18:01:57.6908232Z /home/runner/work/PocketKrKr/PocketKrKr/cpp/plugins/psdfile/psdparse/psddata.h:127:18: warning: multi-character character constant [-Wmultichar]
2026-09-07T18:01:57.6909452Z   127 |             case 'lite':
2026-09-07T18:01:57.6909887Z       |                  ^~~~~~
2026-09-07T18:01:57.6911019Z /home/runner/work/PocketKrKr/PocketKrKr/cpp/plugins/psdfile/psdparse/psddata.h:129:18: warning: multi-character character constant [-Wmultichar]
2026-09-07T18:01:57.6912223Z   129 |             case 'scrn':
2026-09-07T18:01:57.6912663Z       |                  ^~~~~~
2026-09-07T18:01:57.6913800Z /home/runner/work/PocketKrKr/PocketKrKr/cpp/plugins/psdfile/psdparse/psddata.h:131:18: warning: multi-character character constant [-Wmultichar]
2026-09-07T18:01:57.6914999Z   131 |             case 'div ':
2026-09-07T18:01:57.6915805Z       |                  ^~~~~~
2026-09-07T18:01:57.6916945Z /home/runner/work/PocketKrKr/PocketKrKr/cpp/plugins/psdfile/psdparse/psddata.h:133:18: warning: multi-character character constant [-Wmultichar]
2026-09-07T18:01:57.6918192Z   133 |             case 'lddg':
2026-09-07T18:01:57.6918657Z       |                  ^~~~~~
2026-09-07T18:01:57.6919789Z /home/runner/work/PocketKrKr/PocketKrKr/cpp/plugins/psdfile/psdparse/psddata.h:135:18: warning: multi-character character constant [-Wmultichar]
2026-09-07T18:01:57.6921009Z   135 |             case 'ltCl':
2026-09-07T18:01:57.6921439Z       |                  ^~~~~~
2026-09-07T18:01:57.6922546Z /home/runner/work/PocketKrKr/PocketKrKr/cpp/plugins/psdfile/psdparse/psddata.h:137:18: warning: multi-character character constant [-Wmultichar]
2026-09-07T18:01:57.6923741Z   137 |             case 'over':
2026-09-07T18:01:57.6924172Z       |                  ^~~~~~
2026-09-07T18:01:57.6925558Z /home/runner/work/PocketKrKr/PocketKrKr/cpp/plugins/psdfile/psdparse/psddata.h:139:18: warning: multi-character character constant [-Wmultichar]
2026-09-07T18:01:57.6926778Z   139 |             case 'sLit':
2026-09-07T18:01:57.6927223Z       |                  ^~~~~~
2026-09-07T18:01:57.6928638Z /home/runner/work/PocketKrKr/PocketKrKr/cpp/plugins/psdfile/psdparse/psddata.h:141:18: warning: multi-character character constant [-Wmultichar]
2026-09-07T18:01:57.6929859Z   141 |             case 'hLit':
2026-09-07T18:01:57.6930298Z       |                  ^~~~~~
2026-09-07T18:01:57.6931368Z /home/runner/work/PocketKrKr/PocketKrKr/cpp/plugins/psdfile/psdparse/psddata.h:143:18: warning: multi-character character constant [-Wmultichar]
2026-09-07T18:01:57.6932840Z   143 |             case 'vLit':
2026-09-07T18:01:57.6933293Z       |                  ^~~~~~
2026-09-07T18:01:57.6934448Z /home/runner/work/PocketKrKr/PocketKrKr/cpp/plugins/psdfile/psdparse/psddata.h:145:18: warning: multi-character character constant [-Wmultichar]
2026-09-07T18:01:57.6966090Z   145 |             case 'lLit':
2026-09-07T18:01:57.6966576Z       |                  ^~~~~~
2026-09-07T18:01:57.6967765Z /home/runner/work/PocketKrKr/PocketKrKr/cpp/plugins/psdfile/psdparse/psddata.h:147:18: warning: multi-character character constant [-Wmultichar]
2026-09-07T18:01:57.6969026Z   147 |             case 'pLit':
2026-09-07T18:01:57.6969488Z       |                  ^~~~~~
2026-09-07T18:01:57.6970664Z /home/runner/work/PocketKrKr/PocketKrKr/cpp/plugins/psdfile/psdparse/psddata.h:149:18: warning: multi-character character constant [-Wmultichar]
2026-09-07T18:01:57.6971917Z   149 |             case 'hMix':
2026-09-07T18:01:57.6972375Z       |                  ^~~~~~
2026-09-07T18:01:57.6973540Z /home/runner/work/PocketKrKr/PocketKrKr/cpp/plugins/psdfile/psdparse/psddata.h:151:18: warning: multi-character character constant [-Wmultichar]
2026-09-07T18:01:57.6974763Z   151 |             case 'diff':
2026-09-07T18:01:57.6975482Z       |                  ^~~~~~
2026-09-07T18:01:57.6976582Z /home/runner/work/PocketKrKr/PocketKrKr/cpp/plugins/psdfile/psdparse/psddata.h:153:18: warning: multi-character character constant [-Wmultichar]
2026-09-07T18:01:57.6977717Z   153 |             case 'smud':
2026-09-07T18:01:57.6978136Z       |                  ^~~~~~
2026-09-07T18:01:57.6979298Z /home/runner/work/PocketKrKr/PocketKrKr/cpp/plugins/psdfile/psdparse/psddata.h:155:18: warning: multi-character character constant [-Wmultichar]
2026-09-07T18:01:57.6980526Z   155 |             case 'fsub':
2026-09-07T18:01:57.6980971Z       |                  ^~~~~~
2026-09-07T18:01:57.6982128Z /home/runner/work/PocketKrKr/PocketKrKr/cpp/plugins/psdfile/psdparse/psddata.h:157:18: warning: multi-character character constant [-Wmultichar]
2026-09-07T18:01:57.6983355Z   157 |             case 'fdiv':
2026-09-07T18:01:57.6983807Z       |                  ^~~~~~
2026-09-07T18:01:57.6984957Z /home/runner/work/PocketKrKr/PocketKrKr/cpp/plugins/psdfile/psdparse/psddata.h:159:18: warning: multi-character character constant [-Wmultichar]
2026-09-07T18:01:57.6986434Z   159 |             case 'hue ':
2026-09-07T18:01:57.6986882Z       |                  ^~~~~~
2026-09-07T18:01:57.6988056Z /home/runner/work/PocketKrKr/PocketKrKr/cpp/plugins/psdfile/psdparse/psddata.h:161:18: warning: multi-character character constant [-Wmultichar]
2026-09-07T18:01:57.6989286Z   161 |             case 'sat ':
2026-09-07T18:01:57.6989744Z       |                  ^~~~~~
2026-09-07T18:01:57.6990901Z /home/runner/work/PocketKrKr/PocketKrKr/cpp/plugins/psdfile/psdparse/psddata.h:163:18: warning: multi-character character constant [-Wmultichar]
2026-09-07T18:01:57.6992231Z   163 |             case 'colr':
2026-09-07T18:01:57.6992706Z       |                  ^~~~~~
2026-09-07T18:01:57.6993871Z /home/runner/work/PocketKrKr/PocketKrKr/cpp/plugins/psdfile/psdparse/psddata.h:165:18: warning: multi-character character constant [-Wmultichar]
2026-09-07T18:01:57.6995108Z   165 |             case 'lum ':
2026-09-07T18:01:57.7025981Z       |                  ^~~~~~
2026-09-07T18:01:57.7027132Z /home/runner/work/PocketKrKr/PocketKrKr/cpp/plugins/psdfile/psdparse/psddata.h:167:18: warning: multi-character character constant [-Wmultichar]
2026-09-07T18:01:57.7028361Z   167 |             case 'pass':
2026-09-07T18:01:57.7029071Z       |                  ^~~~~~
2026-09-07T18:01:57.7030003Z In file included from /home/runner/work/PocketKrKr/PocketKrKr/cpp/plugins/psdfile/psdparse/psdfile.h:3,
2026-09-07T18:01:57.7031309Z                  from /home/runner/work/PocketKrKr/PocketKrKr/cpp/plugins/psdfile/psdclass.h:9,
2026-09-07T18:01:57.7032728Z                  from /home/runner/work/PocketKrKr/PocketKrKr/cpp/plugins/psdfile/psdclass.cpp:4:
2026-09-07T18:01:57.7035006Z /home/runner/work/PocketKrKr/PocketKrKr/cpp/plugins/psdfile/psdparse/psddesc.h: In member function ‘virtual void psd::DescriptorReference::dump(int)’:
2026-09-07T18:01:57.7038480Z /home/runner/work/PocketKrKr/PocketKrKr/cpp/plugins/psdfile/psdparse/psddesc.h:234:20: warning: format ‘%d’ expects argument of type ‘int’, but argument 3 has type ‘std::vector<psd::ReferenceItem*>::size_type’ {aka ‘long unsigned int’} [-Wformat=]
2026-09-07T18:01:57.7040504Z   234 |             dprint("%s (count:%d)\n", typeName(), items.size());
2026-09-07T18:01:57.7041244Z       |                    ^~~~~~~~~~~~~~~~~              ~~~~~~~~~~~~
2026-09-07T18:01:57.7041976Z       |                                                             |
2026-09-07T18:01:57.7042886Z       |                                                             std::vector<psd::ReferenceItem*>::size_type {aka long unsigned int}
2026-09-07T18:01:57.7044584Z /home/runner/work/PocketKrKr/PocketKrKr/cpp/plugins/psdfile/psdparse/psdbase.h:7:28: note: in definition of macro ‘dprint’
2026-09-07T18:01:57.7046024Z     7 | #define dprint(...) printf(__VA_ARGS__);
2026-09-07T18:01:57.7046606Z       |                            ^~~~~~~~~~~
2026-09-07T18:01:57.7047585Z In file included from /home/runner/work/PocketKrKr/PocketKrKr/cpp/plugins/psdfile/psdparse/psddata.h:5,
2026-09-07T18:01:57.7048917Z                  from /home/runner/work/PocketKrKr/PocketKrKr/cpp/plugins/psdfile/psdparse/psdfile.h:4,
2026-09-07T18:01:57.7050144Z                  from /home/runner/work/PocketKrKr/PocketKrKr/cpp/plugins/psdfile/psdclass.h:9,
2026-09-07T18:01:57.7051325Z                  from /home/runner/work/PocketKrKr/PocketKrKr/cpp/plugins/psdfile/psdclass.cpp:4:
2026-09-07T18:01:57.7052777Z /home/runner/work/PocketKrKr/PocketKrKr/cpp/plugins/psdfile/psdparse/psddesc.h:234:32: note: format string is defined here
2026-09-07T18:01:57.7054044Z   234 |             dprint("%s (count:%d)\n", typeName(), items.size());
2026-09-07T18:01:57.7054707Z       |                               ~^
2026-09-07T18:01:57.7085577Z       |                                |
2026-09-07T18:01:57.7086116Z       |                                int
2026-09-07T18:01:57.7086648Z       |                               %ld
2026-09-07T18:01:57.7087562Z In file included from /home/runner/work/PocketKrKr/PocketKrKr/cpp/plugins/psdfile/psdparse/psdfile.h:3,
2026-09-07T18:01:57.7088714Z                  from /home/runner/work/PocketKrKr/PocketKrKr/cpp/plugins/psdfile/psdclass.h:9,
2026-09-07T18:01:57.7089730Z                  from /home/runner/work/PocketKrKr/PocketKrKr/cpp/plugins/psdfile/psdclass.cpp:4:
2026-09-07T18:01:57.7091546Z /home/runner/work/PocketKrKr/PocketKrKr/cpp/plugins/psdfile/psdparse/psddesc.h: In member function ‘virtual void psd::DescriptorList::dump(int)’:
2026-09-07T18:01:57.7094321Z /home/runner/work/PocketKrKr/PocketKrKr/cpp/plugins/psdfile/psdparse/psddesc.h:253:20: warning: format ‘%d’ expects argument of type ‘int’, but argument 3 has type ‘std::vector<psd::DescriptorItem*>::size_type’ {aka ‘long unsigned int’} [-Wformat=]
2026-09-07T18:01:57.7096453Z   253 |             dprint("%s (count:%d)\n", typeName(), items.size());
2026-09-07T18:01:57.7097172Z       |                    ^~~~~~~~~~~~~~~~~              ~~~~~~~~~~~~
2026-09-07T18:01:57.7097804Z       |                                                             |
2026-09-07T18:01:57.7098816Z       |                                                             std::vector<psd::DescriptorItem*>::size_type {aka long unsigned int}
2026-09-07T18:01:57.7100785Z /home/runner/work/PocketKrKr/PocketKrKr/cpp/plugins/psdfile/psdparse/psdbase.h:7:28: note: in definition of macro ‘dprint’
2026-09-07T18:01:57.7101927Z     7 | #define dprint(...) printf(__VA_ARGS__);
2026-09-07T18:01:57.7102498Z       |                            ^~~~~~~~~~~
2026-09-07T18:01:57.7103411Z In file included from /home/runner/work/PocketKrKr/PocketKrKr/cpp/plugins/psdfile/psdparse/psddata.h:5,
2026-09-07T18:01:57.7104985Z                  from /home/runner/work/PocketKrKr/PocketKrKr/cpp/plugins/psdfile/psdparse/psdfile.h:4,
2026-09-07T18:01:57.7106464Z                  from /home/runner/work/PocketKrKr/PocketKrKr/cpp/plugins/psdfile/psdclass.h:9,
2026-09-07T18:01:57.7107536Z                  from /home/runner/work/PocketKrKr/PocketKrKr/cpp/plugins/psdfile/psdclass.cpp:4:
2026-09-07T18:01:57.7108982Z /home/runner/work/PocketKrKr/PocketKrKr/cpp/plugins/psdfile/psdparse/psddesc.h:253:32: note: format string is defined here
2026-09-07T18:01:57.7110175Z   253 |             dprint("%s (count:%d)\n", typeName(), items.size());
2026-09-07T18:01:57.7110849Z       |                               ~^
2026-09-07T18:01:57.7111325Z       |                                |
2026-09-07T18:01:57.7111783Z       |                                int
2026-09-07T18:01:57.7112271Z       |                               %ld
2026-09-07T18:01:57.7113139Z In file included from /home/runner/work/PocketKrKr/PocketKrKr/cpp/plugins/psdfile/psdclass.h:10,
2026-09-07T18:01:57.7114375Z                  from /home/runner/work/PocketKrKr/PocketKrKr/cpp/plugins/psdfile/psdclass.cpp:4:
2026-09-07T18:01:57.7147070Z /home/runner/work/PocketKrKr/PocketKrKr/cpp/core/plugin/ncbind.hpp: In static member function ‘static ncbTypeConvertor::Conversion<FROM, TO>::OK ncbTypeConvertor::Conversion<FROM, TO>::check(TO)’:
2026-09-07T18:01:57.7149393Z /home/runner/work/PocketKrKr/PocketKrKr/cpp/core/plugin/ncbind.hpp:244:38: warning: no return statement in function returning non-void [-Wreturn-type]
2026-09-07T18:01:57.7150624Z   244 |                 static OK check(TO) {};
2026-09-07T18:01:57.7151207Z       |                                      ^
2026-09-07T18:01:57.7152096Z [657/741] Building CXX object cpp/plugins/CMakeFiles/krkr2plugin.dir/psbfile/PSBValue.cpp.o
2026-09-07T18:01:59.4676884Z [658/741] Building CXX object cpp/plugins/CMakeFiles/krkr2plugin.dir/psdfile/psdclass_loadstreambase.cpp.o
2026-09-07T18:01:59.4706184Z In file included from /home/runner/work/PocketKrKr/PocketKrKr/cpp/plugins/psdfile/psdparse/psddata.h:5,
2026-09-07T18:01:59.4726171Z                  from /home/runner/work/PocketKrKr/PocketKrKr/cpp/plugins/psdfile/psdparse/psdfile.h:4,
2026-09-07T18:01:59.4756284Z                  from /home/runner/work/PocketKrKr/PocketKrKr/cpp/plugins/psdfile/psdclass.h:9,
2026-09-07T18:01:59.4786303Z                  from /home/runner/work/PocketKrKr/PocketKrKr/cpp/plugins/psdfile/psdclass_loadstreambase.cpp:4:
2026-09-07T18:01:59.4787992Z /home/runner/work/PocketKrKr/PocketKrKr/cpp/plugins/psdfile/psdparse/psddesc.h:17:26: warning: multi-character character constant [-Wmultichar]
2026-09-07T18:01:59.4789294Z    17 |         TYPE_REFERENCE = 'obj ',
2026-09-07T18:01:59.4789816Z       |                          ^~~~~~
2026-09-07T18:01:59.4790990Z /home/runner/work/PocketKrKr/PocketKrKr/cpp/plugins/psdfile/psdparse/psddesc.h:18:27: warning: multi-character character constant [-Wmultichar]
2026-09-07T18:01:59.4792234Z    18 |         TYPE_DESCRIPTOR = 'Objc',
2026-09-07T18:01:59.4792751Z       |                           ^~~~~~
2026-09-07T18:01:59.4793923Z /home/runner/work/PocketKrKr/PocketKrKr/cpp/plugins/psdfile/psdparse/psddesc.h:19:21: warning: multi-character character constant [-Wmultichar]
2026-09-07T18:01:59.4795143Z    19 |         TYPE_LIST = 'VlLs',
2026-09-07T18:01:59.4795886Z       |                     ^~~~~~
2026-09-07T18:01:59.4797053Z /home/runner/work/PocketKrKr/PocketKrKr/cpp/plugins/psdfile/psdparse/psddesc.h:20:23: warning: multi-character character constant [-Wmultichar]
2026-09-07T18:01:59.4798298Z    20 |         TYPE_DOUBLE = 'doub',
2026-09-07T18:01:59.4798782Z       |                       ^~~~~~
2026-09-07T18:01:59.4800286Z /home/runner/work/PocketKrKr/PocketKrKr/cpp/plugins/psdfile/psdparse/psddesc.h:21:27: warning: multi-character character constant [-Wmultichar]
2026-09-07T18:01:59.4809075Z    21 |         TYPE_UNIT_FLOAT = 'UntF',
2026-09-07T18:01:59.4809645Z       |                           ^~~~~~
2026-09-07T18:01:59.4811174Z /home/runner/work/PocketKrKr/PocketKrKr/cpp/plugins/psdfile/psdparse/psddesc.h:22:23: warning: multi-character character constant [-Wmultichar]
2026-09-07T18:01:59.4812399Z    22 |         TYPE_STRING = 'TEXT',
2026-09-07T18:01:59.4812904Z       |                       ^~~~~~
2026-09-07T18:01:59.4814076Z /home/runner/work/PocketKrKr/PocketKrKr/cpp/plugins/psdfile/psdparse/psddesc.h:23:27: warning: multi-character character constant [-Wmultichar]
2026-09-07T18:01:59.4845938Z    23 |         TYPE_ENUMERATED = 'enum',
2026-09-07T18:01:59.4846482Z       |                           ^~~~~~
2026-09-07T18:01:59.4847655Z /home/runner/work/PocketKrKr/PocketKrKr/cpp/plugins/psdfile/psdparse/psddesc.h:24:24: warning: multi-character character constant [-Wmultichar]
2026-09-07T18:01:59.4848839Z    24 |         TYPE_INTEGER = 'long',
2026-09-07T18:01:59.4849310Z       |                        ^~~~~~
2026-09-07T18:01:59.4850486Z /home/runner/work/PocketKrKr/PocketKrKr/cpp/plugins/psdfile/psdparse/psddesc.h:25:24: warning: multi-character character constant [-Wmultichar]
2026-09-07T18:01:59.4851677Z    25 |         TYPE_BOOLEAN = 'bool',
2026-09-07T18:01:59.4852162Z       |                        ^~~~~~
2026-09-07T18:01:59.4853305Z /home/runner/work/PocketKrKr/PocketKrKr/cpp/plugins/psdfile/psdparse/psddesc.h:26:30: warning: multi-character character constant [-Wmultichar]
2026-09-07T18:01:59.4854512Z    26 |         TYPE_GLOBAL_OBJECT = 'GlbO',
2026-09-07T18:01:59.4855020Z       |                              ^~~~~~
2026-09-07T18:01:59.4856490Z /home/runner/work/PocketKrKr/PocketKrKr/cpp/plugins/psdfile/psdparse/psddesc.h:27:23: warning: multi-character character constant [-Wmultichar]
2026-09-07T18:01:59.4857722Z    27 |         TYPE_CLASS1 = 'type',
2026-09-07T18:01:59.4858196Z       |                       ^~~~~~
2026-09-07T18:01:59.4859329Z /home/runner/work/PocketKrKr/PocketKrKr/cpp/plugins/psdfile/psdparse/psddesc.h:28:23: warning: multi-character character constant [-Wmultichar]
2026-09-07T18:01:59.4860527Z    28 |         TYPE_CLASS2 = 'GlbC',
2026-09-07T18:01:59.4860978Z       |                       ^~~~~~
2026-09-07T18:01:59.4862107Z /home/runner/work/PocketKrKr/PocketKrKr/cpp/plugins/psdfile/psdparse/psddesc.h:29:22: warning: multi-character character constant [-Wmultichar]
2026-09-07T18:01:59.4863289Z    29 |         TYPE_ALIAS = 'alis',
2026-09-07T18:01:59.4863772Z       |                      ^~~~~~
2026-09-07T18:01:59.4864807Z /home/runner/work/PocketKrKr/PocketKrKr/cpp/plugins/psdfile/psdparse/psddesc.h:30:25: warning: multi-character character constant [-Wmultichar]
2026-09-07T18:01:59.4866138Z    30 |         TYPE_RAW_DATA = 'tdta',
2026-09-07T18:01:59.4866641Z       |                         ^~~~~~
2026-09-07T18:01:59.4867779Z /home/runner/work/PocketKrKr/PocketKrKr/cpp/plugins/psdfile/psdparse/psddesc.h:34:23: warning: multi-character character constant [-Wmultichar]
2026-09-07T18:01:59.4868925Z    34 |         UNIT_POINTS = '#Pnt',
2026-09-07T18:01:59.4869409Z       |                       ^~~~~~
2026-09-07T18:01:59.4870532Z /home/runner/work/PocketKrKr/PocketKrKr/cpp/plugins/psdfile/psdparse/psddesc.h:35:28: warning: multi-character character constant [-Wmultichar]
2026-09-07T18:01:59.4871739Z    35 |         UNIT_MILLIMETERS = '#Mlm',
2026-09-07T18:01:59.4872220Z       |                            ^~~~~~
2026-09-07T18:01:59.4873352Z /home/runner/work/PocketKrKr/PocketKrKr/cpp/plugins/psdfile/psdparse/psddesc.h:36:22: warning: multi-character character constant [-Wmultichar]
2026-09-07T18:01:59.4874526Z    36 |         UNIT_ANGLE = '#Ang', // degrees
2026-09-07T18:01:59.4875015Z       |                      ^~~~~~
2026-09-07T18:01:59.4906950Z /home/runner/work/PocketKrKr/PocketKrKr/cpp/plugins/psdfile/psdparse/psddesc.h:37:24: warning: multi-character character constant [-Wmultichar]
2026-09-07T18:01:59.4908281Z    37 |         UNIT_DENSITY = '#Rsl', // base per inch
2026-09-07T18:01:59.4908845Z       |                        ^~~~~~
2026-09-07T18:01:59.4910316Z /home/runner/work/PocketKrKr/PocketKrKr/cpp/plugins/psdfile/psdparse/psddesc.h:38:25: warning: multi-character character constant [-Wmultichar]
2026-09-07T18:01:59.4911608Z    38 |         UNIT_DISTANCE = '#Rlt', // base 72ppi
2026-09-07T18:01:59.4912171Z       |                         ^~~~~~
2026-09-07T18:01:59.4913351Z /home/runner/work/PocketKrKr/PocketKrKr/cpp/plugins/psdfile/psdparse/psddesc.h:39:21: warning: multi-character character constant [-Wmultichar]
2026-09-07T18:01:59.4914591Z    39 |         UNIT_NONE = '#Nne',
2026-09-07T18:01:59.4915081Z       |                     ^~~~~~
2026-09-07T18:01:59.4916566Z /home/runner/work/PocketKrKr/PocketKrKr/cpp/plugins/psdfile/psdparse/psddesc.h:40:24: warning: multi-character character constant [-Wmultichar]
2026-09-07T18:01:59.4917788Z    40 |         UNIT_PERCENT = '#Prc',
2026-09-07T18:01:59.4918267Z       |                        ^~~~~~
2026-09-07T18:01:59.4919420Z /home/runner/work/PocketKrKr/PocketKrKr/cpp/plugins/psdfile/psdparse/psddesc.h:41:23: warning: multi-character character constant [-Wmultichar]
2026-09-07T18:01:59.4920648Z    41 |         UNIT_PIXELS = '#Pxl',
2026-09-07T18:01:59.4921106Z       |                       ^~~~~~
2026-09-07T18:01:59.4922250Z /home/runner/work/PocketKrKr/PocketKrKr/cpp/plugins/psdfile/psdparse/psddesc.h:46:29: warning: multi-character character constant [-Wmultichar]
2026-09-07T18:01:59.4923497Z    46 |         REF_TYPE_PROPERTY = 'prop',
2026-09-07T18:01:59.4924050Z       |                             ^~~~~~
2026-09-07T18:01:59.4925594Z /home/runner/work/PocketKrKr/PocketKrKr/cpp/plugins/psdfile/psdparse/psddesc.h:47:26: warning: multi-character character constant [-Wmultichar]
2026-09-07T18:01:59.4926917Z    47 |         REF_TYPE_CLASS = 'Clss',
2026-09-07T18:01:59.4927417Z       |                          ^~~~~~
2026-09-07T18:01:59.4928623Z /home/runner/work/PocketKrKr/PocketKrKr/cpp/plugins/psdfile/psdparse/psddesc.h:48:29: warning: multi-character character constant [-Wmultichar]
2026-09-07T18:01:59.4929898Z    48 |         REF_TYPE_ENUM_REF = 'Enmr',
2026-09-07T18:01:59.4930451Z       |                             ^~~~~~
2026-09-07T18:01:59.4931661Z /home/runner/work/PocketKrKr/PocketKrKr/cpp/plugins/psdfile/psdparse/psddesc.h:49:27: warning: multi-character character constant [-Wmultichar]
2026-09-07T18:01:59.4932886Z    49 |         REF_TYPE_OFFSET = 'rele',
2026-09-07T18:01:59.4933378Z       |                           ^~~~~~
2026-09-07T18:01:59.4934551Z /home/runner/work/PocketKrKr/PocketKrKr/cpp/plugins/psdfile/psdparse/psddesc.h:50:31: warning: multi-character character constant [-Wmultichar]
2026-09-07T18:01:59.4966321Z    50 |         REF_TYPE_IDENTIFIER = 'Idnt',
2026-09-07T18:01:59.4966899Z       |                               ^~~~~~
2026-09-07T18:01:59.4968192Z /home/runner/work/PocketKrKr/PocketKrKr/cpp/plugins/psdfile/psdparse/psddesc.h:51:26: warning: multi-character character constant [-Wmultichar]
2026-09-07T18:01:59.4969462Z    51 |         REF_TYPE_INDEX = 'indx',
2026-09-07T18:01:59.4969976Z       |                          ^~~~~~
2026-09-07T18:01:59.4971163Z /home/runner/work/PocketKrKr/PocketKrKr/cpp/plugins/psdfile/psdparse/psddesc.h:52:25: warning: multi-character character constant [-Wmultichar]
2026-09-07T18:01:59.4972401Z    52 |         REF_TYPE_NAME = 'name',
2026-09-07T18:01:59.4972887Z       |                         ^~~~~~
2026-09-07T18:01:59.4973788Z In file included from /home/runner/work/PocketKrKr/PocketKrKr/cpp/plugins/psdfile/psdparse/psdfile.h:4,
2026-09-07T18:01:59.4975019Z                  from /home/runner/work/PocketKrKr/PocketKrKr/cpp/plugins/psdfile/psdclass.h:9,
2026-09-07T18:01:59.4976815Z                  from /home/runner/work/PocketKrKr/PocketKrKr/cpp/plugins/psdfile/psdclass_loadstreambase.cpp:4:
2026-09-07T18:01:59.4978537Z /home/runner/work/PocketKrKr/PocketKrKr/cpp/plugins/psdfile/psdparse/psddata.h:113:18: warning: multi-character character constant [-Wmultichar]
2026-09-07T18:01:59.4979771Z   113 |             case 'norm':
2026-09-07T18:01:59.4980206Z       |                  ^~~~~~
2026-09-07T18:01:59.4981681Z /home/runner/work/PocketKrKr/PocketKrKr/cpp/plugins/psdfile/psdparse/psddata.h:115:18: warning: multi-character character constant [-Wmultichar]
2026-09-07T18:01:59.4982907Z   115 |             case 'diss':
2026-09-07T18:01:59.4983373Z       |                  ^~~~~~
2026-09-07T18:01:59.4984537Z /home/runner/work/PocketKrKr/PocketKrKr/cpp/plugins/psdfile/psdparse/psddata.h:117:18: warning: multi-character character constant [-Wmultichar]
2026-09-07T18:01:59.4986040Z   117 |             case 'dark':
2026-09-07T18:01:59.4986506Z       |                  ^~~~~~
2026-09-07T18:01:59.4987708Z /home/runner/work/PocketKrKr/PocketKrKr/cpp/plugins/psdfile/psdparse/psddata.h:119:18: warning: multi-character character constant [-Wmultichar]
2026-09-07T18:01:59.4988827Z   119 |             case 'mul ':
2026-09-07T18:01:59.4989279Z       |                  ^~~~~~
2026-09-07T18:01:59.4990462Z /home/runner/work/PocketKrKr/PocketKrKr/cpp/plugins/psdfile/psdparse/psddata.h:121:18: warning: multi-character character constant [-Wmultichar]
2026-09-07T18:01:59.4991714Z   121 |             case 'idiv':
2026-09-07T18:01:59.4992164Z       |                  ^~~~~~
2026-09-07T18:01:59.4993305Z /home/runner/work/PocketKrKr/PocketKrKr/cpp/plugins/psdfile/psdparse/psddata.h:123:18: warning: multi-character character constant [-Wmultichar]
2026-09-07T18:01:59.4994508Z   123 |             case 'lbrn':
2026-09-07T18:01:59.4994960Z       |                  ^~~~~~
2026-09-07T18:01:59.5026603Z /home/runner/work/PocketKrKr/PocketKrKr/cpp/plugins/psdfile/psdparse/psddata.h:125:18: warning: multi-character character constant [-Wmultichar]
2026-09-07T18:01:59.5027832Z   125 |             case 'dkCl':
2026-09-07T18:01:59.5028386Z       |                  ^~~~~~
2026-09-07T18:01:59.5029560Z /home/runner/work/PocketKrKr/PocketKrKr/cpp/plugins/psdfile/psdparse/psddata.h:127:18: warning: multi-character character constant [-Wmultichar]
2026-09-07T18:01:59.5030753Z   127 |             case 'lite':
2026-09-07T18:01:59.5031209Z       |                  ^~~~~~
2026-09-07T18:01:59.5032342Z /home/runner/work/PocketKrKr/PocketKrKr/cpp/plugins/psdfile/psdparse/psddata.h:129:18: warning: multi-character character constant [-Wmultichar]
2026-09-07T18:01:59.5033557Z   129 |             case 'scrn':
2026-09-07T18:01:59.5033991Z       |                  ^~~~~~
2026-09-07T18:01:59.5035116Z /home/runner/work/PocketKrKr/PocketKrKr/cpp/plugins/psdfile/psdparse/psddata.h:131:18: warning: multi-character character constant [-Wmultichar]
2026-09-07T18:01:59.5036623Z   131 |             case 'div ':
2026-09-07T18:01:59.5037064Z       |                  ^~~~~~
2026-09-07T18:01:59.5038228Z /home/runner/work/PocketKrKr/PocketKrKr/cpp/plugins/psdfile/psdparse/psddata.h:133:18: warning: multi-character character constant [-Wmultichar]
2026-09-07T18:01:59.5039507Z   133 |             case 'lddg':
2026-09-07T18:01:59.5039942Z       |                  ^~~~~~
2026-09-07T18:01:59.5041053Z /home/runner/work/PocketKrKr/PocketKrKr/cpp/plugins/psdfile/psdparse/psddata.h:135:18: warning: multi-character character constant [-Wmultichar]
2026-09-07T18:01:59.5042220Z   135 |             case 'ltCl':
2026-09-07T18:01:59.5042636Z       |                  ^~~~~~
2026-09-07T18:01:59.5043700Z /home/runner/work/PocketKrKr/PocketKrKr/cpp/plugins/psdfile/psdparse/psddata.h:137:18: warning: multi-character character constant [-Wmultichar]
2026-09-07T18:01:59.5044819Z   137 |             case 'over':
2026-09-07T18:01:59.5045476Z       |                  ^~~~~~
2026-09-07T18:01:59.5046576Z /home/runner/work/PocketKrKr/PocketKrKr/cpp/plugins/psdfile/psdparse/psddata.h:139:18: warning: multi-character character constant [-Wmultichar]
2026-09-07T18:01:59.5047975Z   139 |             case 'sLit':
2026-09-07T18:01:59.5048417Z       |                  ^~~~~~
2026-09-07T18:01:59.5049503Z /home/runner/work/PocketKrKr/PocketKrKr/cpp/plugins/psdfile/psdparse/psddata.h:141:18: warning: multi-character character constant [-Wmultichar]
2026-09-07T18:01:59.5050649Z   141 |             case 'hLit':
2026-09-07T18:01:59.5051305Z       |                  ^~~~~~
2026-09-07T18:01:59.5052387Z /home/runner/work/PocketKrKr/PocketKrKr/cpp/plugins/psdfile/psdparse/psddata.h:143:18: warning: multi-character character constant [-Wmultichar]
2026-09-07T18:01:59.5053511Z   143 |             case 'vLit':
2026-09-07T18:01:59.5053928Z       |                  ^~~~~~
2026-09-07T18:01:59.5055004Z /home/runner/work/PocketKrKr/PocketKrKr/cpp/plugins/psdfile/psdparse/psddata.h:145:18: warning: multi-character character constant [-Wmultichar]
2026-09-07T18:01:59.5086647Z   145 |             case 'lLit':
2026-09-07T18:01:59.5087126Z       |                  ^~~~~~
2026-09-07T18:01:59.5088322Z /home/runner/work/PocketKrKr/PocketKrKr/cpp/plugins/psdfile/psdparse/psddata.h:147:18: warning: multi-character character constant [-Wmultichar]
2026-09-07T18:01:59.5089584Z   147 |             case 'pLit':
2026-09-07T18:01:59.5090041Z       |                  ^~~~~~
2026-09-07T18:01:59.5091189Z /home/runner/work/PocketKrKr/PocketKrKr/cpp/plugins/psdfile/psdparse/psddata.h:149:18: warning: multi-character character constant [-Wmultichar]
2026-09-07T18:01:59.5092392Z   149 |             case 'hMix':
2026-09-07T18:01:59.5092813Z       |                  ^~~~~~
2026-09-07T18:01:59.5093968Z /home/runner/work/PocketKrKr/PocketKrKr/cpp/plugins/psdfile/psdparse/psddata.h:151:18: warning: multi-character character constant [-Wmultichar]
2026-09-07T18:01:59.5095474Z   151 |             case 'diff':
2026-09-07T18:01:59.5095986Z       |                  ^~~~~~
2026-09-07T18:01:59.5097169Z /home/runner/work/PocketKrKr/PocketKrKr/cpp/plugins/psdfile/psdparse/psddata.h:153:18: warning: multi-character character constant [-Wmultichar]
2026-09-07T18:01:59.5098402Z   153 |             case 'smud':
2026-09-07T18:01:59.5098859Z       |                  ^~~~~~
2026-09-07T18:01:59.5099980Z /home/runner/work/PocketKrKr/PocketKrKr/cpp/plugins/psdfile/psdparse/psddata.h:155:18: warning: multi-character character constant [-Wmultichar]
2026-09-07T18:01:59.5101208Z   155 |             case 'fsub':
2026-09-07T18:01:59.5101656Z       |                  ^~~~~~
2026-09-07T18:01:59.5102768Z /home/runner/work/PocketKrKr/PocketKrKr/cpp/plugins/psdfile/psdparse/psddata.h:157:18: warning: multi-character character constant [-Wmultichar]
2026-09-07T18:01:59.5104055Z   157 |             case 'fdiv':
2026-09-07T18:01:59.5104498Z       |                  ^~~~~~
2026-09-07T18:01:59.5105884Z /home/runner/work/PocketKrKr/PocketKrKr/cpp/plugins/psdfile/psdparse/psddata.h:159:18: warning: multi-character character constant [-Wmultichar]
2026-09-07T18:01:59.5107099Z   159 |             case 'hue ':
2026-09-07T18:01:59.5107531Z       |                  ^~~~~~
2026-09-07T18:01:59.5108674Z /home/runner/work/PocketKrKr/PocketKrKr/cpp/plugins/psdfile/psdparse/psddata.h:161:18: warning: multi-character character constant [-Wmultichar]
2026-09-07T18:01:59.5109888Z   161 |             case 'sat ':
2026-09-07T18:01:59.5110331Z       |                  ^~~~~~
2026-09-07T18:01:59.5111498Z /home/runner/work/PocketKrKr/PocketKrKr/cpp/plugins/psdfile/psdparse/psddata.h:163:18: warning: multi-character character constant [-Wmultichar]
2026-09-07T18:01:59.5112711Z   163 |             case 'colr':
2026-09-07T18:01:59.5113144Z       |                  ^~~~~~
2026-09-07T18:01:59.5114281Z /home/runner/work/PocketKrKr/PocketKrKr/cpp/plugins/psdfile/psdparse/psddata.h:165:18: warning: multi-character character constant [-Wmultichar]
2026-09-07T18:01:59.5145874Z   165 |             case 'lum ':
2026-09-07T18:01:59.5146340Z       |                  ^~~~~~
2026-09-07T18:01:59.5147790Z /home/runner/work/PocketKrKr/PocketKrKr/cpp/plugins/psdfile/psdparse/psddata.h:167:18: warning: multi-character character constant [-Wmultichar]
2026-09-07T18:01:59.5149023Z   167 |             case 'pass':
2026-09-07T18:01:59.5149465Z       |                  ^~~~~~
2026-09-07T18:01:59.5150316Z In file included from /home/runner/work/PocketKrKr/PocketKrKr/cpp/plugins/psdfile/psdparse/psdfile.h:3,
2026-09-07T18:01:59.5151795Z                  from /home/runner/work/PocketKrKr/PocketKrKr/cpp/plugins/psdfile/psdclass.h:9,
2026-09-07T18:01:59.5153032Z                  from /home/runner/work/PocketKrKr/PocketKrKr/cpp/plugins/psdfile/psdclass_loadstreambase.cpp:4:
2026-09-07T18:01:59.5155530Z /home/runner/work/PocketKrKr/PocketKrKr/cpp/plugins/psdfile/psdparse/psddesc.h: In member function ‘virtual void psd::DescriptorReference::dump(int)’:
2026-09-07T18:01:59.5158577Z /home/runner/work/PocketKrKr/PocketKrKr/cpp/plugins/psdfile/psdparse/psddesc.h:234:20: warning: format ‘%d’ expects argument of type ‘int’, but argument 3 has type ‘std::vector<psd::ReferenceItem*>::size_type’ {aka ‘long unsigned int’} [-Wformat=]
2026-09-07T18:01:59.5160563Z   234 |             dprint("%s (count:%d)\n", typeName(), items.size());
2026-09-07T18:01:59.5161240Z       |                    ^~~~~~~~~~~~~~~~~              ~~~~~~~~~~~~
2026-09-07T18:01:59.5161834Z       |                                                             |
2026-09-07T18:01:59.5162721Z       |                                                             std::vector<psd::ReferenceItem*>::size_type {aka long unsigned int}
2026-09-07T18:01:59.5164283Z /home/runner/work/PocketKrKr/PocketKrKr/cpp/plugins/psdfile/psdparse/psdbase.h:7:28: note: in definition of macro ‘dprint’
2026-09-07T18:01:59.5185929Z     7 | #define dprint(...) printf(__VA_ARGS__);
2026-09-07T18:01:59.5186498Z       |                            ^~~~~~~~~~~
2026-09-07T18:01:59.5187430Z In file included from /home/runner/work/PocketKrKr/PocketKrKr/cpp/plugins/psdfile/psdparse/psddata.h:5,
2026-09-07T18:01:59.5188717Z                  from /home/runner/work/PocketKrKr/PocketKrKr/cpp/plugins/psdfile/psdparse/psdfile.h:4,
2026-09-07T18:01:59.5189885Z                  from /home/runner/work/PocketKrKr/PocketKrKr/cpp/plugins/psdfile/psdclass.h:9,
2026-09-07T18:01:59.5191149Z                  from /home/runner/work/PocketKrKr/PocketKrKr/cpp/plugins/psdfile/psdclass_loadstreambase.cpp:4:
2026-09-07T18:01:59.5192678Z /home/runner/work/PocketKrKr/PocketKrKr/cpp/plugins/psdfile/psdparse/psddesc.h:234:32: note: format string is defined here
2026-09-07T18:01:59.5193889Z   234 |             dprint("%s (count:%d)\n", typeName(), items.size());
2026-09-07T18:01:59.5194509Z       |                               ~^
2026-09-07T18:01:59.5194967Z       |                                |
2026-09-07T18:01:59.5205796Z       |                                int
2026-09-07T18:01:59.5206311Z       |                               %ld
2026-09-07T18:01:59.5207239Z In file included from /home/runner/work/PocketKrKr/PocketKrKr/cpp/plugins/psdfile/psdparse/psdfile.h:3,
2026-09-07T18:01:59.5208475Z                  from /home/runner/work/PocketKrKr/PocketKrKr/cpp/plugins/psdfile/psdclass.h:9,
2026-09-07T18:01:59.5209724Z                  from /home/runner/work/PocketKrKr/PocketKrKr/cpp/plugins/psdfile/psdclass_loadstreambase.cpp:4:
2026-09-07T18:01:59.5211787Z /home/runner/work/PocketKrKr/PocketKrKr/cpp/plugins/psdfile/psdparse/psddesc.h: In member function ‘virtual void psd::DescriptorList::dump(int)’:
2026-09-07T18:01:59.5214841Z /home/runner/work/PocketKrKr/PocketKrKr/cpp/plugins/psdfile/psdparse/psddesc.h:253:20: warning: format ‘%d’ expects argument of type ‘int’, but argument 3 has type ‘std::vector<psd::DescriptorItem*>::size_type’ {aka ‘long unsigned int’} [-Wformat=]
2026-09-07T18:01:59.5217081Z   253 |             dprint("%s (count:%d)\n", typeName(), items.size());
2026-09-07T18:01:59.5217767Z       |                    ^~~~~~~~~~~~~~~~~              ~~~~~~~~~~~~
2026-09-07T18:01:59.5218375Z       |                                                             |
2026-09-07T18:01:59.5219516Z       |                                                             std::vector<psd::DescriptorItem*>::size_type {aka long unsigned int}
2026-09-07T18:01:59.5221174Z /home/runner/work/PocketKrKr/PocketKrKr/cpp/plugins/psdfile/psdparse/psdbase.h:7:28: note: in definition of macro ‘dprint’
2026-09-07T18:01:59.5222319Z     7 | #define dprint(...) printf(__VA_ARGS__);
2026-09-07T18:01:59.5223156Z       |                            ^~~~~~~~~~~
2026-09-07T18:01:59.5224062Z In file included from /home/runner/work/PocketKrKr/PocketKrKr/cpp/plugins/psdfile/psdparse/psddata.h:5,
2026-09-07T18:01:59.5225546Z                  from /home/runner/work/PocketKrKr/PocketKrKr/cpp/plugins/psdfile/psdparse/psdfile.h:4,
2026-09-07T18:01:59.5226685Z                  from /home/runner/work/PocketKrKr/PocketKrKr/cpp/plugins/psdfile/psdclass.h:9,
2026-09-07T18:01:59.5227768Z                  from /home/runner/work/PocketKrKr/PocketKrKr/cpp/plugins/psdfile/psdclass_loadstreambase.cpp:4:
2026-09-07T18:01:59.5229052Z /home/runner/work/PocketKrKr/PocketKrKr/cpp/plugins/psdfile/psdparse/psddesc.h:253:32: note: format string is defined here
2026-09-07T18:01:59.5230107Z   253 |             dprint("%s (count:%d)\n", typeName(), items.size());
2026-09-07T18:01:59.5230657Z       |                               ~^
2026-09-07T18:01:59.5231079Z       |                                |
2026-09-07T18:01:59.5231518Z       |                                int
2026-09-07T18:01:59.5231952Z       |                               %ld
2026-09-07T18:01:59.5232753Z In file included from /home/runner/work/PocketKrKr/PocketKrKr/cpp/plugins/psdfile/psdclass.h:10,
2026-09-07T18:01:59.5234081Z                  from /home/runner/work/PocketKrKr/PocketKrKr/cpp/plugins/psdfile/psdclass_loadstreambase.cpp:4:
2026-09-07T18:01:59.5266787Z /home/runner/work/PocketKrKr/PocketKrKr/cpp/core/plugin/ncbind.hpp: In static member function ‘static ncbTypeConvertor::Conversion<FROM, TO>::OK ncbTypeConvertor::Conversion<FROM, TO>::check(TO)’:
2026-09-07T18:01:59.5269118Z /home/runner/work/PocketKrKr/PocketKrKr/cpp/core/plugin/ncbind.hpp:244:38: warning: no return statement in function returning non-void [-Wreturn-type]
2026-09-07T18:01:59.5270426Z   244 |                 static OK check(TO) {};
2026-09-07T18:01:59.5270972Z       |                                      ^
2026-09-07T18:01:59.5271829Z [659/741] Building CXX object cpp/plugins/CMakeFiles/krkr2plugin.dir/psbfile/PSBMedia.cpp.o
2026-09-07T18:01:59.5273023Z [660/741] Building CXX object cpp/plugins/CMakeFiles/krkr2plugin.dir/psbfile/types/PimgType.cpp.o
2026-09-07T18:01:59.5306157Z [661/741] Building CXX object cpp/plugins/CMakeFiles/krkr2plugin.dir/psbfile/types/MotionType.cpp.o
2026-09-07T18:01:59.5486532Z [662/741] Building CXX object cpp/plugins/CMakeFiles/krkr2plugin.dir/psbfile/types/ScnType.cpp.o
2026-09-07T18:01:59.5686608Z [663/741] Building CXX object cpp/plugins/CMakeFiles/krkr2plugin.dir/psbfile/types/ImageType.cpp.o
2026-09-07T18:01:59.5866441Z [664/741] Building CXX object cpp/plugins/CMakeFiles/krkr2plugin.dir/psbfile/types/MmoType.cpp.o
2026-09-07T18:01:59.6056680Z [665/741] Building CXX object cpp/plugins/CMakeFiles/krkr2plugin.dir/psbfile/types/ArchiveType.cpp.o
2026-09-07T18:01:59.6226702Z [666/741] Building CXX object cpp/plugins/CMakeFiles/krkr2plugin.dir/psbfile/types/SoundArchiveType.cpp.o
2026-09-07T18:01:59.6556782Z [667/741] Building CXX object cpp/plugins/CMakeFiles/krkr2plugin.dir/psbfile/resources/ImageMetadata.cpp.o
2026-09-07T18:02:00.7036616Z [668/741] Building CXX object cpp/plugins/CMakeFiles/krkr2plugin.dir/psbfile/main.cpp.o
2026-09-07T18:02:00.7066142Z In file included from /home/runner/work/PocketKrKr/PocketKrKr/cpp/plugins/psbfile/main.cpp:11:
2026-09-07T18:02:00.7068643Z /home/runner/work/PocketKrKr/PocketKrKr/cpp/core/plugin/ncbind.hpp: In static member function ‘static ncbTypeConvertor::Conversion<FROM, TO>::OK ncbTypeConvertor::Conversion<FROM, TO>::check(TO)’:
2026-09-07T18:02:00.7070631Z /home/runner/work/PocketKrKr/PocketKrKr/cpp/core/plugin/ncbind.hpp:244:38: warning: no return statement in function returning non-void [-Wreturn-type]
2026-09-07T18:02:00.7072038Z   244 |                 static OK check(TO) {};
2026-09-07T18:02:00.7072522Z       |                                      ^
2026-09-07T18:02:02.7856721Z [669/741] Building CXX object cpp/plugins/CMakeFiles/krkr2plugin.dir/psbfile/PSBFile.cpp.o
2026-09-07T18:02:02.7886260Z In file included from /home/runner/work/PocketKrKr/PocketKrKr/cpp/plugins/psbfile/PSBFile.cpp:8:
2026-09-07T18:02:02.7917363Z /home/runner/work/PocketKrKr/PocketKrKr/cpp/core/plugin/ncbind.hpp: In static member function ‘static ncbTypeConvertor::Conversion<FROM, TO>::OK ncbTypeConvertor::Conversion<FROM, TO>::check(TO)’:
2026-09-07T18:02:02.7936759Z /home/runner/work/PocketKrKr/PocketKrKr/cpp/core/plugin/ncbind.hpp:244:38: warning: no return statement in function returning non-void [-Wreturn-type]
2026-09-07T18:02:02.7966212Z   244 |                 static OK check(TO) {};
2026-09-07T18:02:02.7998004Z       |                                      ^
2026-09-07T18:02:04.5731568Z [670/741] Building CXX object cpp/plugins/CMakeFiles/krkr2plugin.dir/layerex_draw/general/LayerExDraw.cpp.o
2026-09-07T18:02:04.5743190Z In file included from /home/runner/work/PocketKrKr/PocketKrKr/cpp/plugins/layerex_draw/general/LayerExDraw.cpp:5:
2026-09-07T18:02:04.5746514Z /home/runner/work/PocketKrKr/PocketKrKr/cpp/core/plugin/ncbind.hpp: In static member function ‘static ncbTypeConvertor::Conversion<FROM, TO>::OK ncbTypeConvertor::Conversion<FROM, TO>::check(TO)’:
2026-09-07T18:02:04.5749061Z /home/runner/work/PocketKrKr/PocketKrKr/cpp/core/plugin/ncbind.hpp:244:38: warning: no return statement in function returning non-void [-Wreturn-type]
2026-09-07T18:02:04.5750472Z   244 |                 static OK check(TO) {};
2026-09-07T18:02:04.5751221Z       |                                      ^
2026-09-07T18:02:05.0296821Z [671/741] Building CXX object cpp/plugins/CMakeFiles/krkr2plugin.dir/layerex_draw/general/DrawPath.cpp.o
2026-09-07T18:02:05.0458957Z [672/741] Building CXX object cpp/plugins/CMakeFiles/krkr2plugin.dir/motionplayer/EmotePlayer.cpp.o
2026-09-07T18:02:05.5326819Z [673/741] Building CXX object cpp/plugins/CMakeFiles/krkr2plugin.dir/layerex_draw/general/main.cpp.o
2026-09-07T18:02:05.5356381Z In file included from /home/runner/work/PocketKrKr/PocketKrKr/cpp/plugins/layerex_draw/general/main.cpp:3:
2026-09-07T18:02:05.5387420Z /home/runner/work/PocketKrKr/PocketKrKr/cpp/core/plugin/ncbind.hpp: In static member function ‘static ncbTypeConvertor::Conversion<FROM, TO>::OK ncbTypeConvertor::Conversion<FROM, TO>::check(TO)’:
2026-09-07T18:02:05.5416478Z /home/runner/work/PocketKrKr/PocketKrKr/cpp/core/plugin/ncbind.hpp:244:38: warning: no return statement in function returning non-void [-Wreturn-type]
2026-09-07T18:02:05.5445806Z   244 |                 static OK check(TO) {};
2026-09-07T18:02:05.5475762Z       |                                      ^
2026-09-07T18:02:05.5536218Z [674/741] Building CXX object cpp/plugins/CMakeFiles/krkr2plugin.dir/motionplayer/ResourceManager.cpp.o
2026-09-07T18:02:07.5896637Z [675/741] Building CXX object cpp/plugins/CMakeFiles/krkr2plugin.dir/kagparserex/kagparserex_plugin.cpp.o
2026-09-07T18:02:07.5956229Z In file included from /home/runner/work/PocketKrKr/PocketKrKr/cpp/plugins/kagparserex/kagparserex_plugin.cpp:2:
2026-09-07T18:02:07.5958723Z /home/runner/work/PocketKrKr/PocketKrKr/cpp/core/plugin/ncbind.hpp: In static member function ‘static ncbTypeConvertor::Conversion<FROM, TO>::OK ncbTypeConvertor::Conversion<FROM, TO>::check(TO)’:
2026-09-07T18:02:07.5986277Z /home/runner/work/PocketKrKr/PocketKrKr/cpp/core/plugin/ncbind.hpp:244:38: warning: no return statement in function returning non-void [-Wreturn-type]
2026-09-07T18:02:07.6015926Z   244 |                 static OK check(TO) {};
2026-09-07T18:02:07.6045759Z       |                                      ^
2026-09-07T18:02:08.5536798Z [676/741] Building CXX object cpp/plugins/CMakeFiles/krkr2plugin.dir/motionplayer/Player.cpp.o
2026-09-07T18:02:08.5566457Z In file included from /home/runner/work/PocketKrKr/PocketKrKr/cpp/plugins/motionplayer/Player.h:19,
2026-09-07T18:02:08.5586652Z                  from /home/runner/work/PocketKrKr/PocketKrKr/cpp/plugins/motionplayer/Player.cpp:5:
2026-09-07T18:02:08.5617444Z /home/runner/work/PocketKrKr/PocketKrKr/cpp/core/plugin/ncbind.hpp: In static member function ‘static ncbTypeConvertor::Conversion<FROM, TO>::OK ncbTypeConvertor::Conversion<FROM, TO>::check(TO)’:
2026-09-07T18:02:08.5647630Z /home/runner/work/PocketKrKr/PocketKrKr/cpp/core/plugin/ncbind.hpp:244:38: warning: no return statement in function returning non-void [-Wreturn-type]
2026-09-07T18:02:08.5685857Z   244 |                 static OK check(TO) {};
2026-09-07T18:02:08.5705837Z       |                                      ^
2026-09-07T18:02:10.0590046Z [677/741] Linking CXX static library cpp/plugins/psdfile/libpsdfile.a
2026-09-07T18:02:10.1926603Z [678/741] Building CXX object cpp/plugins/CMakeFiles/krkr2plugin.dir/motionplayer/main.cpp.o
2026-09-07T18:02:10.1936170Z In file included from /home/runner/work/PocketKrKr/PocketKrKr/cpp/plugins/motionplayer/main.cpp:8:
2026-09-07T18:02:10.1967428Z /home/runner/work/PocketKrKr/PocketKrKr/cpp/core/plugin/ncbind.hpp: In static member function ‘static ncbTypeConvertor::Conversion<FROM, TO>::OK ncbTypeConvertor::Conversion<FROM, TO>::check(TO)’:
2026-09-07T18:02:10.1996481Z /home/runner/work/PocketKrKr/PocketKrKr/cpp/core/plugin/ncbind.hpp:244:38: warning: no return statement in function returning non-void [-Wreturn-type]
2026-09-07T18:02:10.2015796Z   244 |                 static OK check(TO) {};
2026-09-07T18:02:10.2039617Z       |                                      ^
2026-09-07T18:02:11.1386739Z [679/741] Building CXX object cpp/plugins/CMakeFiles/krkr2plugin.dir/fstat/main.cpp.o
2026-09-07T18:02:11.1416395Z In file included from /home/runner/work/PocketKrKr/PocketKrKr/cpp/plugins/fstat/main.cpp:8:
2026-09-07T18:02:11.1419022Z /home/runner/work/PocketKrKr/PocketKrKr/cpp/core/plugin/ncbind.hpp: In static member function ‘static ncbTypeConvertor::Conversion<FROM, TO>::OK ncbTypeConvertor::Conversion<FROM, TO>::check(TO)’:
2026-09-07T18:02:11.1446687Z /home/runner/work/PocketKrKr/PocketKrKr/cpp/core/plugin/ncbind.hpp:244:38: warning: no return statement in function returning non-void [-Wreturn-type]
2026-09-07T18:02:11.1464845Z   244 |                 static OK check(TO) {};
2026-09-07T18:02:11.1466415Z       |                                      ^
2026-09-07T18:02:12.5686902Z [680/741] Building CXX object bridge/engine_api/CMakeFiles/engine_api.dir/__/__/cpp/plugins/scriptsEx.cpp.o
2026-09-07T18:02:12.5716266Z In file included from /home/runner/work/PocketKrKr/PocketKrKr/cpp/plugins/scriptsEx.cpp:5:
2026-09-07T18:02:12.5747477Z /home/runner/work/PocketKrKr/PocketKrKr/cpp/core/plugin/ncbind.hpp: In static member function ‘static ncbTypeConvertor::Conversion<FROM, TO>::OK ncbTypeConvertor::Conversion<FROM, TO>::check(TO)’:
2026-09-07T18:02:12.5776465Z /home/runner/work/PocketKrKr/PocketKrKr/cpp/core/plugin/ncbind.hpp:244:38: warning: no return statement in function returning non-void [-Wreturn-type]
2026-09-07T18:02:12.5806098Z   244 |                 static OK check(TO) {};
2026-09-07T18:02:12.5835789Z       |                                      ^
2026-09-07T18:02:13.2767138Z [681/741] Building CXX object bridge/engine_api/CMakeFiles/engine_api.dir/__/__/cpp/plugins/win32dialog.cpp.o
2026-09-07T18:02:13.2806149Z In file included from /home/runner/work/PocketKrKr/PocketKrKr/cpp/plugins/win32dialog.cpp:2:
2026-09-07T18:02:13.2817607Z /home/runner/work/PocketKrKr/PocketKrKr/cpp/core/plugin/ncbind.hpp: In static member function ‘static ncbTypeConvertor::Conversion<FROM, TO>::OK ncbTypeConvertor::Conversion<FROM, TO>::check(TO)’:
2026-09-07T18:02:13.2837004Z /home/runner/work/PocketKrKr/PocketKrKr/cpp/core/plugin/ncbind.hpp:244:38: warning: no return statement in function returning non-void [-Wreturn-type]
2026-09-07T18:02:13.2845836Z   244 |                 static OK check(TO) {};
2026-09-07T18:02:13.2855108Z       |                                      ^
2026-09-07T18:02:14.4676973Z [682/741] Building CXX object bridge/engine_api/CMakeFiles/engine_api.dir/src/engine_api.cpp.o
2026-09-07T18:02:14.8456818Z [683/741] Building CXX object bridge/engine_api/CMakeFiles/engine_api.dir/__/__/cpp/plugins/dirlist.cpp.o
2026-09-07T18:02:14.8516253Z In file included from /home/runner/work/PocketKrKr/PocketKrKr/cpp/plugins/dirlist.cpp:5:
2026-09-07T18:02:14.8547409Z /home/runner/work/PocketKrKr/PocketKrKr/cpp/core/plugin/ncbind.hpp: In static member function ‘static ncbTypeConvertor::Conversion<FROM, TO>::OK ncbTypeConvertor::Conversion<FROM, TO>::check(TO)’:
2026-09-07T18:02:14.8566737Z /home/runner/work/PocketKrKr/PocketKrKr/cpp/core/plugin/ncbind.hpp:244:38: warning: no return statement in function returning non-void [-Wreturn-type]
2026-09-07T18:02:14.8568452Z   244 |                 static OK check(TO) {};
2026-09-07T18:02:14.8569238Z       |                                      ^
2026-09-07T18:02:15.5266723Z [684/741] Building CXX object bridge/engine_api/CMakeFiles/engine_api.dir/__/__/cpp/plugins/csvParser.cpp.o
2026-09-07T18:02:15.5286357Z In file included from /home/runner/work/PocketKrKr/PocketKrKr/cpp/plugins/csvParser.cpp:3:
2026-09-07T18:02:15.5289364Z /home/runner/work/PocketKrKr/PocketKrKr/cpp/core/plugin/ncbind.hpp: In static member function ‘static ncbTypeConvertor::Conversion<FROM, TO>::OK ncbTypeConvertor::Conversion<FROM, TO>::check(TO)’:
2026-09-07T18:02:15.5291921Z /home/runner/work/PocketKrKr/PocketKrKr/cpp/core/plugin/ncbind.hpp:244:38: warning: no return statement in function returning non-void [-Wreturn-type]
2026-09-07T18:02:15.5293413Z   244 |                 static OK check(TO) {};
2026-09-07T18:02:15.5294186Z       |                                      ^
2026-09-07T18:02:17.0736825Z [685/741] Building CXX object bridge/engine_api/CMakeFiles/engine_api.dir/__/__/cpp/plugins/varfile.cpp.o
2026-09-07T18:02:17.0796482Z In file included from /home/runner/work/PocketKrKr/PocketKrKr/cpp/plugins/varfile.cpp:3:
2026-09-07T18:02:17.0817770Z /home/runner/work/PocketKrKr/PocketKrKr/cpp/core/plugin/ncbind.hpp: In static member function ‘static ncbTypeConvertor::Conversion<FROM, TO>::OK ncbTypeConvertor::Conversion<FROM, TO>::check(TO)’:
2026-09-07T18:02:17.0820427Z /home/runner/work/PocketKrKr/PocketKrKr/cpp/core/plugin/ncbind.hpp:244:38: warning: no return statement in function returning non-void [-Wreturn-type]
2026-09-07T18:02:17.0822112Z   244 |                 static OK check(TO) {};
2026-09-07T18:02:17.0822992Z       |                                      ^
2026-09-07T18:02:17.2590915Z [686/741] Building CXX object bridge/engine_api/CMakeFiles/engine_api.dir/__/__/cpp/plugins/layerExMovie.cpp.o
2026-09-07T18:02:17.2606006Z In file included from /home/runner/work/PocketKrKr/PocketKrKr/cpp/plugins/layerExMovie.cpp:9:
2026-09-07T18:02:17.2637708Z /home/runner/work/PocketKrKr/PocketKrKr/cpp/core/plugin/ncbind.hpp: In static member function ‘static ncbTypeConvertor::Conversion<FROM, TO>::OK ncbTypeConvertor::Conversion<FROM, TO>::check(TO)’:
2026-09-07T18:02:17.2646680Z /home/runner/work/PocketKrKr/PocketKrKr/cpp/core/plugin/ncbind.hpp:244:38: warning: no return statement in function returning non-void [-Wreturn-type]
2026-09-07T18:02:17.2651770Z   244 |                 static OK check(TO) {};
2026-09-07T18:02:17.2652656Z       |                                      ^
2026-09-07T18:02:17.8386839Z [687/741] Building CXX object bridge/engine_api/CMakeFiles/engine_api.dir/__/__/cpp/plugins/saveStruct.cpp.o
2026-09-07T18:02:17.8426523Z In file included from /home/runner/work/PocketKrKr/PocketKrKr/cpp/plugins/saveStruct.cpp:1:
2026-09-07T18:02:17.8458017Z /home/runner/work/PocketKrKr/PocketKrKr/cpp/core/plugin/ncbind.hpp: In static member function ‘static ncbTypeConvertor::Conversion<FROM, TO>::OK ncbTypeConvertor::Conversion<FROM, TO>::check(TO)’:
2026-09-07T18:02:17.8476703Z /home/runner/work/PocketKrKr/PocketKrKr/cpp/core/plugin/ncbind.hpp:244:38: warning: no return statement in function returning non-void [-Wreturn-type]
2026-09-07T18:02:17.8486001Z   244 |                 static OK check(TO) {};
2026-09-07T18:02:17.8506324Z       |                                      ^
2026-09-07T18:02:19.2794690Z [688/741] Building CXX object bridge/engine_api/CMakeFiles/engine_api.dir/__/__/cpp/plugins/getabout.cpp.o
2026-09-07T18:02:19.2836391Z In file included from /home/runner/work/PocketKrKr/PocketKrKr/cpp/plugins/getabout.cpp:1:
2026-09-07T18:02:19.2839219Z /home/runner/work/PocketKrKr/PocketKrKr/cpp/core/plugin/ncbind.hpp: In static member function ‘static ncbTypeConvertor::Conversion<FROM, TO>::OK ncbTypeConvertor::Conversion<FROM, TO>::check(TO)’:
2026-09-07T18:02:19.2846777Z /home/runner/work/PocketKrKr/PocketKrKr/cpp/core/plugin/ncbind.hpp:244:38: warning: no return statement in function returning non-void [-Wreturn-type]
2026-09-07T18:02:19.2848429Z   244 |                 static OK check(TO) {};
2026-09-07T18:02:19.2849342Z       |                                      ^
2026-09-07T18:02:19.3227983Z [689/741] Building CXX object bridge/engine_api/CMakeFiles/engine_api.dir/__/__/cpp/plugins/addFont.cpp.o
2026-09-07T18:02:19.3241454Z In file included from /home/runner/work/PocketKrKr/PocketKrKr/cpp/plugins/addFont.cpp:1:
2026-09-07T18:02:19.3267643Z /home/runner/work/PocketKrKr/PocketKrKr/cpp/core/plugin/ncbind.hpp: In static member function ‘static ncbTypeConvertor::Conversion<FROM, TO>::OK ncbTypeConvertor::Conversion<FROM, TO>::check(TO)’:
2026-09-07T18:02:19.3296520Z /home/runner/work/PocketKrKr/PocketKrKr/cpp/core/plugin/ncbind.hpp:244:38: warning: no return statement in function returning non-void [-Wreturn-type]
2026-09-07T18:02:19.3326081Z   244 |                 static OK check(TO) {};
2026-09-07T18:02:19.3331061Z       |                                      ^
2026-09-07T18:02:20.0296935Z [690/741] Building CXX object bridge/engine_api/CMakeFiles/engine_api.dir/__/__/cpp/plugins/wutcwf.cpp.o
2026-09-07T18:02:20.0298218Z In file included from /home/runner/work/PocketKrKr/PocketKrKr/cpp/plugins/wutcwf.cpp:2:
2026-09-07T18:02:20.0300803Z /home/runner/work/PocketKrKr/PocketKrKr/cpp/core/plugin/ncbind.hpp: In static member function ‘static ncbTypeConvertor::Conversion<FROM, TO>::OK ncbTypeConvertor::Conversion<FROM, TO>::check(TO)’:
2026-09-07T18:02:20.0303098Z /home/runner/work/PocketKrKr/PocketKrKr/cpp/core/plugin/ncbind.hpp:244:38: warning: no return statement in function returning non-void [-Wreturn-type]
2026-09-07T18:02:20.0304431Z   244 |                 static OK check(TO) {};
2026-09-07T18:02:20.0304995Z       |                                      ^
2026-09-07T18:02:20.5306704Z [691/741] Building CXX object cpp/plugins/CMakeFiles/krkr2plugin.dir/psdfile/psdclass_loadstream.cpp.o
2026-09-07T18:02:20.5316303Z In file included from /home/runner/work/PocketKrKr/PocketKrKr/cpp/plugins/psdfile/psdparse/psddata.h:5,
2026-09-07T18:02:20.5317959Z                  from /home/runner/work/PocketKrKr/PocketKrKr/cpp/plugins/psdfile/psdparse/psdfile.h:4,
2026-09-07T18:02:20.5319506Z                  from /home/runner/work/PocketKrKr/PocketKrKr/cpp/plugins/psdfile/psdclass.h:9,
2026-09-07T18:02:20.5320908Z                  from /home/runner/work/PocketKrKr/PocketKrKr/cpp/plugins/psdfile/psdclass_loadstream.cpp:1:
2026-09-07T18:02:20.5322748Z /home/runner/work/PocketKrKr/PocketKrKr/cpp/plugins/psdfile/psdparse/psddesc.h:17:26: warning: multi-character character constant [-Wmultichar]
2026-09-07T18:02:20.5324158Z    17 |         TYPE_REFERENCE = 'obj ',
2026-09-07T18:02:20.5324872Z       |                          ^~~~~~
2026-09-07T18:02:20.5326527Z /home/runner/work/PocketKrKr/PocketKrKr/cpp/plugins/psdfile/psdparse/psddesc.h:18:27: warning: multi-character character constant [-Wmultichar]
2026-09-07T18:02:20.5327951Z    18 |         TYPE_DESCRIPTOR = 'Objc',
2026-09-07T18:02:20.5328666Z       |                           ^~~~~~
2026-09-07T18:02:20.5330029Z /home/runner/work/PocketKrKr/PocketKrKr/cpp/plugins/psdfile/psdparse/psddesc.h:19:21: warning: multi-character character constant [-Wmultichar]
2026-09-07T18:02:20.5331444Z    19 |         TYPE_LIST = 'VlLs',
2026-09-07T18:02:20.5332088Z       |                     ^~~~~~
2026-09-07T18:02:20.5333822Z /home/runner/work/PocketKrKr/PocketKrKr/cpp/plugins/psdfile/psdparse/psddesc.h:20:23: warning: multi-character character constant [-Wmultichar]
2026-09-07T18:02:20.5335554Z    20 |         TYPE_DOUBLE = 'doub',
2026-09-07T18:02:20.5336261Z       |                       ^~~~~~
2026-09-07T18:02:20.5337576Z /home/runner/work/PocketKrKr/PocketKrKr/cpp/plugins/psdfile/psdparse/psddesc.h:21:27: warning: multi-character character constant [-Wmultichar]
2026-09-07T18:02:20.5339413Z    21 |         TYPE_UNIT_FLOAT = 'UntF',
2026-09-07T18:02:20.5340133Z       |                           ^~~~~~
2026-09-07T18:02:20.5341494Z /home/runner/work/PocketKrKr/PocketKrKr/cpp/plugins/psdfile/psdparse/psddesc.h:22:23: warning: multi-character character constant [-Wmultichar]
2026-09-07T18:02:20.5342876Z    22 |         TYPE_STRING = 'TEXT',
2026-09-07T18:02:20.5343553Z       |                       ^~~~~~
2026-09-07T18:02:20.5344936Z /home/runner/work/PocketKrKr/PocketKrKr/cpp/plugins/psdfile/psdparse/psddesc.h:23:27: warning: multi-character character constant [-Wmultichar]
2026-09-07T18:02:20.5346704Z    23 |         TYPE_ENUMERATED = 'enum',
2026-09-07T18:02:20.5347445Z       |                           ^~~~~~
2026-09-07T18:02:20.5348887Z /home/runner/work/PocketKrKr/PocketKrKr/cpp/plugins/psdfile/psdparse/psddesc.h:24:24: warning: multi-character character constant [-Wmultichar]
2026-09-07T18:02:20.5350364Z    24 |         TYPE_INTEGER = 'long',
2026-09-07T18:02:20.5351073Z       |                        ^~~~~~
2026-09-07T18:02:20.5352432Z /home/runner/work/PocketKrKr/PocketKrKr/cpp/plugins/psdfile/psdparse/psddesc.h:25:24: warning: multi-character character constant [-Wmultichar]
2026-09-07T18:02:20.5353881Z    25 |         TYPE_BOOLEAN = 'bool',
2026-09-07T18:02:20.5354592Z       |                        ^~~~~~
2026-09-07T18:02:20.5356196Z /home/runner/work/PocketKrKr/PocketKrKr/cpp/plugins/psdfile/psdparse/psddesc.h:26:30: warning: multi-character character constant [-Wmultichar]
2026-09-07T18:02:20.5357696Z    26 |         TYPE_GLOBAL_OBJECT = 'GlbO',
2026-09-07T18:02:20.5358465Z       |                              ^~~~~~
2026-09-07T18:02:20.5359894Z /home/runner/work/PocketKrKr/PocketKrKr/cpp/plugins/psdfile/psdparse/psddesc.h:27:23: warning: multi-character character constant [-Wmultichar]
2026-09-07T18:02:20.5361356Z    27 |         TYPE_CLASS1 = 'type',
2026-09-07T18:02:20.5362092Z       |                       ^~~~~~
2026-09-07T18:02:20.5363481Z /home/runner/work/PocketKrKr/PocketKrKr/cpp/plugins/psdfile/psdparse/psddesc.h:28:23: warning: multi-character character constant [-Wmultichar]
2026-09-07T18:02:20.5365064Z    28 |         TYPE_CLASS2 = 'GlbC',
2026-09-07T18:02:20.5366086Z       |                       ^~~~~~
2026-09-07T18:02:20.5367482Z /home/runner/work/PocketKrKr/PocketKrKr/cpp/plugins/psdfile/psdparse/psddesc.h:29:22: warning: multi-character character constant [-Wmultichar]
2026-09-07T18:02:20.5368984Z    29 |         TYPE_ALIAS = 'alis',
2026-09-07T18:02:20.5369682Z       |                      ^~~~~~
2026-09-07T18:02:20.5371139Z /home/runner/work/PocketKrKr/PocketKrKr/cpp/plugins/psdfile/psdparse/psddesc.h:30:25: warning: multi-character character constant [-Wmultichar]
2026-09-07T18:02:20.5372611Z    30 |         TYPE_RAW_DATA = 'tdta',
2026-09-07T18:02:20.5373345Z       |                         ^~~~~~
2026-09-07T18:02:20.5374714Z /home/runner/work/PocketKrKr/PocketKrKr/cpp/plugins/psdfile/psdparse/psddesc.h:34:23: warning: multi-character character constant [-Wmultichar]
2026-09-07T18:02:20.5376598Z    34 |         UNIT_POINTS = '#Pnt',
2026-09-07T18:02:20.5377290Z       |                       ^~~~~~
2026-09-07T18:02:20.5378640Z /home/runner/work/PocketKrKr/PocketKrKr/cpp/plugins/psdfile/psdparse/psddesc.h:35:28: warning: multi-character character constant [-Wmultichar]
2026-09-07T18:02:20.5380093Z    35 |         UNIT_MILLIMETERS = '#Mlm',
2026-09-07T18:02:20.5380803Z       |                            ^~~~~~
2026-09-07T18:02:20.5382593Z /home/runner/work/PocketKrKr/PocketKrKr/cpp/plugins/psdfile/psdparse/psddesc.h:36:22: warning: multi-character character constant [-Wmultichar]
2026-09-07T18:02:20.5384112Z    36 |         UNIT_ANGLE = '#Ang', // degrees
2026-09-07T18:02:20.5384850Z       |                      ^~~~~~
2026-09-07T18:02:20.5386480Z /home/runner/work/PocketKrKr/PocketKrKr/cpp/plugins/psdfile/psdparse/psddesc.h:37:24: warning: multi-character character constant [-Wmultichar]
2026-09-07T18:02:20.5388232Z    37 |         UNIT_DENSITY = '#Rsl', // base per inch
2026-09-07T18:02:20.5388981Z       |                        ^~~~~~
2026-09-07T18:02:20.5390312Z /home/runner/work/PocketKrKr/PocketKrKr/cpp/plugins/psdfile/psdparse/psddesc.h:38:25: warning: multi-character character constant [-Wmultichar]
2026-09-07T18:02:20.5391778Z    38 |         UNIT_DISTANCE = '#Rlt', // base 72ppi
2026-09-07T18:02:20.5392495Z       |                         ^~~~~~
2026-09-07T18:02:20.5393881Z /home/runner/work/PocketKrKr/PocketKrKr/cpp/plugins/psdfile/psdparse/psddesc.h:39:21: warning: multi-character character constant [-Wmultichar]
2026-09-07T18:02:20.5395626Z    39 |         UNIT_NONE = '#Nne',
2026-09-07T18:02:20.5396322Z       |                     ^~~~~~
2026-09-07T18:02:20.5397671Z /home/runner/work/PocketKrKr/PocketKrKr/cpp/plugins/psdfile/psdparse/psddesc.h:40:24: warning: multi-character character constant [-Wmultichar]
2026-09-07T18:02:20.5399110Z    40 |         UNIT_PERCENT = '#Prc',
2026-09-07T18:02:20.5399813Z       |                        ^~~~~~
2026-09-07T18:02:20.5401138Z /home/runner/work/PocketKrKr/PocketKrKr/cpp/plugins/psdfile/psdparse/psddesc.h:41:23: warning: multi-character character constant [-Wmultichar]
2026-09-07T18:02:20.5402541Z    41 |         UNIT_PIXELS = '#Pxl',
2026-09-07T18:02:20.5403195Z       |                       ^~~~~~
2026-09-07T18:02:20.5404525Z /home/runner/work/PocketKrKr/PocketKrKr/cpp/plugins/psdfile/psdparse/psddesc.h:46:29: warning: multi-character character constant [-Wmultichar]
2026-09-07T18:02:20.5406373Z    46 |         REF_TYPE_PROPERTY = 'prop',
2026-09-07T18:02:20.5407086Z       |                             ^~~~~~
2026-09-07T18:02:20.5408423Z /home/runner/work/PocketKrKr/PocketKrKr/cpp/plugins/psdfile/psdparse/psddesc.h:47:26: warning: multi-character character constant [-Wmultichar]
2026-09-07T18:02:20.5409786Z    47 |         REF_TYPE_CLASS = 'Clss',
2026-09-07T18:02:20.5410459Z       |                          ^~~~~~
2026-09-07T18:02:20.5411771Z /home/runner/work/PocketKrKr/PocketKrKr/cpp/plugins/psdfile/psdparse/psddesc.h:48:29: warning: multi-character character constant [-Wmultichar]
2026-09-07T18:02:20.5413163Z    48 |         REF_TYPE_ENUM_REF = 'Enmr',
2026-09-07T18:02:20.5413867Z       |                             ^~~~~~
2026-09-07T18:02:20.5415421Z /home/runner/work/PocketKrKr/PocketKrKr/cpp/plugins/psdfile/psdparse/psddesc.h:49:27: warning: multi-character character constant [-Wmultichar]
2026-09-07T18:02:20.5416766Z    49 |         REF_TYPE_OFFSET = 'rele',
2026-09-07T18:02:20.5417394Z       |                           ^~~~~~
2026-09-07T18:02:20.5418773Z /home/runner/work/PocketKrKr/PocketKrKr/cpp/plugins/psdfile/psdparse/psddesc.h:50:31: warning: multi-character character constant [-Wmultichar]
2026-09-07T18:02:20.5420231Z    50 |         REF_TYPE_IDENTIFIER = 'Idnt',
2026-09-07T18:02:20.5420960Z       |                               ^~~~~~
2026-09-07T18:02:20.5422359Z /home/runner/work/PocketKrKr/PocketKrKr/cpp/plugins/psdfile/psdparse/psddesc.h:51:26: warning: multi-character character constant [-Wmultichar]
2026-09-07T18:02:20.5423825Z    51 |         REF_TYPE_INDEX = 'indx',
2026-09-07T18:02:20.5424509Z       |                          ^~~~~~
2026-09-07T18:02:20.5426154Z /home/runner/work/PocketKrKr/PocketKrKr/cpp/plugins/psdfile/psdparse/psddesc.h:52:25: warning: multi-character character constant [-Wmultichar]
2026-09-07T18:02:20.5427639Z    52 |         REF_TYPE_NAME = 'name',
2026-09-07T18:02:20.5428411Z       |                         ^~~~~~
2026-09-07T18:02:20.5429538Z In file included from /home/runner/work/PocketKrKr/PocketKrKr/cpp/plugins/psdfile/psdparse/psdfile.h:4,
2026-09-07T18:02:20.5431254Z                  from /home/runner/work/PocketKrKr/PocketKrKr/cpp/plugins/psdfile/psdclass.h:9,
2026-09-07T18:02:20.5432755Z                  from /home/runner/work/PocketKrKr/PocketKrKr/cpp/plugins/psdfile/psdclass_loadstream.cpp:1:
2026-09-07T18:02:20.5434828Z /home/runner/work/PocketKrKr/PocketKrKr/cpp/plugins/psdfile/psdparse/psddata.h:113:18: warning: multi-character character constant [-Wmultichar]
2026-09-07T18:02:20.5436542Z   113 |             case 'norm':
2026-09-07T18:02:20.5437178Z       |                  ^~~~~~
2026-09-07T18:02:20.5438520Z /home/runner/work/PocketKrKr/PocketKrKr/cpp/plugins/psdfile/psdparse/psddata.h:115:18: warning: multi-character character constant [-Wmultichar]
2026-09-07T18:02:20.5439906Z   115 |             case 'diss':
2026-09-07T18:02:20.5440536Z       |                  ^~~~~~
2026-09-07T18:02:20.5441860Z /home/runner/work/PocketKrKr/PocketKrKr/cpp/plugins/psdfile/psdparse/psddata.h:117:18: warning: multi-character character constant [-Wmultichar]
2026-09-07T18:02:20.5443267Z   117 |             case 'dark':
2026-09-07T18:02:20.5443919Z       |                  ^~~~~~
2026-09-07T18:02:20.5445439Z /home/runner/work/PocketKrKr/PocketKrKr/cpp/plugins/psdfile/psdparse/psddata.h:119:18: warning: multi-character character constant [-Wmultichar]
2026-09-07T18:02:20.5446807Z   119 |             case 'mul ':
2026-09-07T18:02:20.5447397Z       |                  ^~~~~~
2026-09-07T18:02:20.5448734Z /home/runner/work/PocketKrKr/PocketKrKr/cpp/plugins/psdfile/psdparse/psddata.h:121:18: warning: multi-character character constant [-Wmultichar]
2026-09-07T18:02:20.5449932Z   121 |             case 'idiv':
2026-09-07T18:02:20.5450464Z       |                  ^~~~~~
2026-09-07T18:02:20.5451710Z /home/runner/work/PocketKrKr/PocketKrKr/cpp/plugins/psdfile/psdparse/psddata.h:123:18: warning: multi-character character constant [-Wmultichar]
2026-09-07T18:02:20.5453080Z   123 |             case 'lbrn':
2026-09-07T18:02:20.5453718Z       |                  ^~~~~~
2026-09-07T18:02:20.5455050Z /home/runner/work/PocketKrKr/PocketKrKr/cpp/plugins/psdfile/psdparse/psddata.h:125:18: warning: multi-character character constant [-Wmultichar]
2026-09-07T18:02:20.5456719Z   125 |             case 'dkCl':
2026-09-07T18:02:20.5457370Z       |                  ^~~~~~
2026-09-07T18:02:20.5458703Z /home/runner/work/PocketKrKr/PocketKrKr/cpp/plugins/psdfile/psdparse/psddata.h:127:18: warning: multi-character character constant [-Wmultichar]
2026-09-07T18:02:20.5460296Z   127 |             case 'lite':
2026-09-07T18:02:20.5460918Z       |                  ^~~~~~
2026-09-07T18:02:20.5462233Z /home/runner/work/PocketKrKr/PocketKrKr/cpp/plugins/psdfile/psdparse/psddata.h:129:18: warning: multi-character character constant [-Wmultichar]
2026-09-07T18:02:20.5463662Z   129 |             case 'scrn':
2026-09-07T18:02:20.5464311Z       |                  ^~~~~~
2026-09-07T18:02:20.5466106Z /home/runner/work/PocketKrKr/PocketKrKr/cpp/plugins/psdfile/psdparse/psddata.h:131:18: warning: multi-character character constant [-Wmultichar]
2026-09-07T18:02:20.5467599Z   131 |             case 'div ':
2026-09-07T18:02:20.5468267Z       |                  ^~~~~~
2026-09-07T18:02:20.5469663Z /home/runner/work/PocketKrKr/PocketKrKr/cpp/plugins/psdfile/psdparse/psddata.h:133:18: warning: multi-character character constant [-Wmultichar]
2026-09-07T18:02:20.5471176Z   133 |             case 'lddg':
2026-09-07T18:02:20.5471835Z       |                  ^~~~~~
2026-09-07T18:02:20.5473214Z /home/runner/work/PocketKrKr/PocketKrKr/cpp/plugins/psdfile/psdparse/psddata.h:135:18: warning: multi-character character constant [-Wmultichar]
2026-09-07T18:02:20.5474697Z   135 |             case 'ltCl':
2026-09-07T18:02:20.5475605Z       |                  ^~~~~~
2026-09-07T18:02:20.5476881Z /home/runner/work/PocketKrKr/PocketKrKr/cpp/plugins/psdfile/psdparse/psddata.h:137:18: warning: multi-character character constant [-Wmultichar]
2026-09-07T18:02:20.5478402Z   137 |             case 'over':
2026-09-07T18:02:20.5479332Z       |                  ^~~~~~
2026-09-07T18:02:20.5480793Z /home/runner/work/PocketKrKr/PocketKrKr/cpp/plugins/psdfile/psdparse/psddata.h:139:18: warning: multi-character character constant [-Wmultichar]
2026-09-07T18:02:20.5482281Z   139 |             case 'sLit':
2026-09-07T18:02:20.5483241Z       |                  ^~~~~~
2026-09-07T18:02:20.5484627Z /home/runner/work/PocketKrKr/PocketKrKr/cpp/plugins/psdfile/psdparse/psddata.h:141:18: warning: multi-character character constant [-Wmultichar]
2026-09-07T18:02:20.5486341Z   141 |             case 'hLit':
2026-09-07T18:02:20.5487018Z       |                  ^~~~~~
2026-09-07T18:02:20.5488375Z /home/runner/work/PocketKrKr/PocketKrKr/cpp/plugins/psdfile/psdparse/psddata.h:143:18: warning: multi-character character constant [-Wmultichar]
2026-09-07T18:02:20.5489810Z   143 |             case 'vLit':
2026-09-07T18:02:20.5490464Z       |                  ^~~~~~
2026-09-07T18:02:20.5491836Z /home/runner/work/PocketKrKr/PocketKrKr/cpp/plugins/psdfile/psdparse/psddata.h:145:18: warning: multi-character character constant [-Wmultichar]
2026-09-07T18:02:20.5493334Z   145 |             case 'lLit':
2026-09-07T18:02:20.5494003Z       |                  ^~~~~~
2026-09-07T18:02:20.5495656Z /home/runner/work/PocketKrKr/PocketKrKr/cpp/plugins/psdfile/psdparse/psddata.h:147:18: warning: multi-character character constant [-Wmultichar]
2026-09-07T18:02:20.5497141Z   147 |             case 'pLit':
2026-09-07T18:02:20.5497795Z       |                  ^~~~~~
2026-09-07T18:02:20.5499156Z /home/runner/work/PocketKrKr/PocketKrKr/cpp/plugins/psdfile/psdparse/psddata.h:149:18: warning: multi-character character constant [-Wmultichar]
2026-09-07T18:02:20.5500630Z   149 |             case 'hMix':
2026-09-07T18:02:20.5501314Z       |                  ^~~~~~
2026-09-07T18:02:20.5502663Z /home/runner/work/PocketKrKr/PocketKrKr/cpp/plugins/psdfile/psdparse/psddata.h:151:18: warning: multi-character character constant [-Wmultichar]
2026-09-07T18:02:20.5504099Z   151 |             case 'diff':
2026-09-07T18:02:20.5504712Z       |                  ^~~~~~
2026-09-07T18:02:20.5506368Z /home/runner/work/PocketKrKr/PocketKrKr/cpp/plugins/psdfile/psdparse/psddata.h:153:18: warning: multi-character character constant [-Wmultichar]
2026-09-07T18:02:20.5507855Z   153 |             case 'smud':
2026-09-07T18:02:20.5508537Z       |                  ^~~~~~
2026-09-07T18:02:20.5509921Z /home/runner/work/PocketKrKr/PocketKrKr/cpp/plugins/psdfile/psdparse/psddata.h:155:18: warning: multi-character character constant [-Wmultichar]
2026-09-07T18:02:20.5511361Z   155 |             case 'fsub':
2026-09-07T18:02:20.5512001Z       |                  ^~~~~~
2026-09-07T18:02:20.5513304Z /home/runner/work/PocketKrKr/PocketKrKr/cpp/plugins/psdfile/psdparse/psddata.h:157:18: warning: multi-character character constant [-Wmultichar]
2026-09-07T18:02:20.5514768Z   157 |             case 'fdiv':
2026-09-07T18:02:20.5515727Z       |                  ^~~~~~
2026-09-07T18:02:20.5516943Z /home/runner/work/PocketKrKr/PocketKrKr/cpp/plugins/psdfile/psdparse/psddata.h:159:18: warning: multi-character character constant [-Wmultichar]
2026-09-07T18:02:20.5518165Z   159 |             case 'hue ':
2026-09-07T18:02:20.5518591Z       |                  ^~~~~~
2026-09-07T18:02:20.5519699Z /home/runner/work/PocketKrKr/PocketKrKr/cpp/plugins/psdfile/psdparse/psddata.h:161:18: warning: multi-character character constant [-Wmultichar]
2026-09-07T18:02:20.5520881Z   161 |             case 'sat ':
2026-09-07T18:02:20.5521304Z       |                  ^~~~~~
2026-09-07T18:02:20.5522408Z /home/runner/work/PocketKrKr/PocketKrKr/cpp/plugins/psdfile/psdparse/psddata.h:163:18: warning: multi-character character constant [-Wmultichar]
2026-09-07T18:02:20.5523566Z   163 |             case 'colr':
2026-09-07T18:02:20.5524038Z       |                  ^~~~~~
2026-09-07T18:02:20.5525114Z /home/runner/work/PocketKrKr/PocketKrKr/cpp/plugins/psdfile/psdparse/psddata.h:165:18: warning: multi-character character constant [-Wmultichar]
2026-09-07T18:02:20.5526716Z   165 |             case 'lum ':
2026-09-07T18:02:20.5527156Z       |                  ^~~~~~
2026-09-07T18:02:20.5528233Z /home/runner/work/PocketKrKr/PocketKrKr/cpp/plugins/psdfile/psdparse/psddata.h:167:18: warning: multi-character character constant [-Wmultichar]
2026-09-07T18:02:20.5529589Z   167 |             case 'pass':
2026-09-07T18:02:20.5530007Z       |                  ^~~~~~
2026-09-07T18:02:20.5530833Z In file included from /home/runner/work/PocketKrKr/PocketKrKr/cpp/plugins/psdfile/psdparse/psdfile.h:3,
2026-09-07T18:02:20.5532129Z                  from /home/runner/work/PocketKrKr/PocketKrKr/cpp/plugins/psdfile/psdclass.h:9,
2026-09-07T18:02:20.5533301Z                  from /home/runner/work/PocketKrKr/PocketKrKr/cpp/plugins/psdfile/psdclass_loadstream.cpp:1:
2026-09-07T18:02:20.5535715Z /home/runner/work/PocketKrKr/PocketKrKr/cpp/plugins/psdfile/psdparse/psddesc.h: In member function ‘virtual void psd::DescriptorReference::dump(int)’:
2026-09-07T18:02:20.5538716Z /home/runner/work/PocketKrKr/PocketKrKr/cpp/plugins/psdfile/psdparse/psddesc.h:234:20: warning: format ‘%d’ expects argument of type ‘int’, but argument 3 has type ‘std::vector<psd::ReferenceItem*>::size_type’ {aka ‘long unsigned int’} [-Wformat=]
2026-09-07T18:02:20.5540642Z   234 |             dprint("%s (count:%d)\n", typeName(), items.size());
2026-09-07T18:02:20.5541334Z       |                    ^~~~~~~~~~~~~~~~~              ~~~~~~~~~~~~
2026-09-07T18:02:20.5541923Z       |                                                             |
2026-09-07T18:02:20.5542774Z       |                                                             std::vector<psd::ReferenceItem*>::size_type {aka long unsigned int}
2026-09-07T18:02:20.5544297Z /home/runner/work/PocketKrKr/PocketKrKr/cpp/plugins/psdfile/psdparse/psdbase.h:7:28: note: in definition of macro ‘dprint’
2026-09-07T18:02:20.5575911Z     7 | #define dprint(...) printf(__VA_ARGS__);
2026-09-07T18:02:20.5576487Z       |                            ^~~~~~~~~~~
2026-09-07T18:02:20.5577426Z In file included from /home/runner/work/PocketKrKr/PocketKrKr/cpp/plugins/psdfile/psdparse/psddata.h:5,
2026-09-07T18:02:20.5578706Z                  from /home/runner/work/PocketKrKr/PocketKrKr/cpp/plugins/psdfile/psdparse/psdfile.h:4,
2026-09-07T18:02:20.5579862Z                  from /home/runner/work/PocketKrKr/PocketKrKr/cpp/plugins/psdfile/psdclass.h:9,
2026-09-07T18:02:20.5581053Z                  from /home/runner/work/PocketKrKr/PocketKrKr/cpp/plugins/psdfile/psdclass_loadstream.cpp:1:
2026-09-07T18:02:20.5582497Z /home/runner/work/PocketKrKr/PocketKrKr/cpp/plugins/psdfile/psdparse/psddesc.h:234:32: note: format string is defined here
2026-09-07T18:02:20.5583689Z   234 |             dprint("%s (count:%d)\n", typeName(), items.size());
2026-09-07T18:02:20.5584302Z       |                               ~^
2026-09-07T18:02:20.5584769Z       |                                |
2026-09-07T18:02:20.5585543Z       |                                int
2026-09-07T18:02:20.5586036Z       |                               %ld
2026-09-07T18:02:20.5586933Z In file included from /home/runner/work/PocketKrKr/PocketKrKr/cpp/plugins/psdfile/psdparse/psdfile.h:3,
2026-09-07T18:02:20.5588128Z                  from /home/runner/work/PocketKrKr/PocketKrKr/cpp/plugins/psdfile/psdclass.h:9,
2026-09-07T18:02:20.5589275Z                  from /home/runner/work/PocketKrKr/PocketKrKr/cpp/plugins/psdfile/psdclass_loadstream.cpp:1:
2026-09-07T18:02:20.5591190Z /home/runner/work/PocketKrKr/PocketKrKr/cpp/plugins/psdfile/psdparse/psddesc.h: In member function ‘virtual void psd::DescriptorList::dump(int)’:
2026-09-07T18:02:20.5594092Z /home/runner/work/PocketKrKr/PocketKrKr/cpp/plugins/psdfile/psdparse/psddesc.h:253:20: warning: format ‘%d’ expects argument of type ‘int’, but argument 3 has type ‘std::vector<psd::DescriptorItem*>::size_type’ {aka ‘long unsigned int’} [-Wformat=]
2026-09-07T18:02:20.5596188Z   253 |             dprint("%s (count:%d)\n", typeName(), items.size());
2026-09-07T18:02:20.5597085Z       |                    ^~~~~~~~~~~~~~~~~              ~~~~~~~~~~~~
2026-09-07T18:02:20.5597691Z       |                                                             |
2026-09-07T18:02:20.5598541Z       |                                                             std::vector<psd::DescriptorItem*>::size_type {aka long unsigned int}
2026-09-07T18:02:20.5600273Z /home/runner/work/PocketKrKr/PocketKrKr/cpp/plugins/psdfile/psdparse/psdbase.h:7:28: note: in definition of macro ‘dprint’
2026-09-07T18:02:20.5601356Z     7 | #define dprint(...) printf(__VA_ARGS__);
2026-09-07T18:02:20.5601873Z       |                            ^~~~~~~~~~~
2026-09-07T18:02:20.5602758Z In file included from /home/runner/work/PocketKrKr/PocketKrKr/cpp/plugins/psdfile/psdparse/psddata.h:5,
2026-09-07T18:02:20.5603982Z                  from /home/runner/work/PocketKrKr/PocketKrKr/cpp/plugins/psdfile/psdparse/psdfile.h:4,
2026-09-07T18:02:20.5605035Z                  from /home/runner/work/PocketKrKr/PocketKrKr/cpp/plugins/psdfile/psdclass.h:9,
2026-09-07T18:02:20.5606312Z                  from /home/runner/work/PocketKrKr/PocketKrKr/cpp/plugins/psdfile/psdclass_loadstream.cpp:1:
2026-09-07T18:02:20.5607656Z /home/runner/work/PocketKrKr/PocketKrKr/cpp/plugins/psdfile/psdparse/psddesc.h:253:32: note: format string is defined here
2026-09-07T18:02:20.5608807Z   253 |             dprint("%s (count:%d)\n", typeName(), items.size());
2026-09-07T18:02:20.5609397Z       |                               ~^
2026-09-07T18:02:20.5609864Z       |                                |
2026-09-07T18:02:20.5610329Z       |                                int
2026-09-07T18:02:20.5610827Z       |                               %ld
2026-09-07T18:02:20.5611697Z In file included from /home/runner/work/PocketKrKr/PocketKrKr/cpp/plugins/psdfile/psdclass.h:10,
2026-09-07T18:02:20.5613051Z                  from /home/runner/work/PocketKrKr/PocketKrKr/cpp/plugins/psdfile/psdclass_loadstream.cpp:1:
2026-09-07T18:02:20.5615678Z /home/runner/work/PocketKrKr/PocketKrKr/cpp/core/plugin/ncbind.hpp: In static member function ‘static ncbTypeConvertor::Conversion<FROM, TO>::OK ncbTypeConvertor::Conversion<FROM, TO>::check(TO)’:
2026-09-07T18:02:20.5617880Z /home/runner/work/PocketKrKr/PocketKrKr/cpp/core/plugin/ncbind.hpp:244:38: warning: no return statement in function returning non-void [-Wreturn-type]
2026-09-07T18:02:20.5628960Z   244 |                 static OK check(TO) {};
2026-09-07T18:02:20.5629515Z       |                                      ^
2026-09-07T18:02:21.6406896Z [692/741] Building CXX object bridge/engine_api/CMakeFiles/engine_api.dir/__/__/cpp/plugins/getSample.cpp.o
2026-09-07T18:02:21.6436243Z In file included from /home/runner/work/PocketKrKr/PocketKrKr/cpp/plugins/getSample.cpp:1:
2026-09-07T18:02:21.6457404Z /home/runner/work/PocketKrKr/PocketKrKr/cpp/core/plugin/ncbind.hpp: In static member function ‘static ncbTypeConvertor::Conversion<FROM, TO>::OK ncbTypeConvertor::Conversion<FROM, TO>::check(TO)’:
2026-09-07T18:02:21.6459716Z /home/runner/work/PocketKrKr/PocketKrKr/cpp/core/plugin/ncbind.hpp:244:38: warning: no return statement in function returning non-void [-Wreturn-type]
2026-09-07T18:02:21.6485835Z   244 |                 static OK check(TO) {};
2026-09-07T18:02:21.6486314Z       |                                      ^
2026-09-07T18:02:22.0938770Z [693/741] Linking CXX static library cpp/plugins/libkrkr2plugin.a
2026-09-07T18:02:22.3064831Z [694/741] Building CXX object bridge/engine_api/CMakeFiles/engine_api.dir/__/__/cpp/plugins/layerExPerspective.cpp.o
2026-09-07T18:02:22.3067554Z In file included from /home/runner/work/PocketKrKr/PocketKrKr/cpp/plugins/layerExPerspective.cpp:23:
2026-09-07T18:02:22.3070473Z /home/runner/work/PocketKrKr/PocketKrKr/cpp/core/plugin/ncbind.hpp: In static member function ‘static ncbTypeConvertor::Conversion<FROM, TO>::OK ncbTypeConvertor::Conversion<FROM, TO>::check(TO)’:
2026-09-07T18:02:22.3073065Z /home/runner/work/PocketKrKr/PocketKrKr/cpp/core/plugin/ncbind.hpp:244:38: warning: no return statement in function returning non-void [-Wreturn-type]
2026-09-07T18:02:22.3074950Z   244 |                 static OK check(TO) {};
2026-09-07T18:02:22.3076274Z       |                                      ^
2026-09-07T18:02:22.4436958Z [695/741] Building CXX object bridge/engine_api/CMakeFiles/engine_api.dir/__/__/cpp/plugins/windowEx.cpp.o
2026-09-07T18:02:22.4466249Z In file included from /home/runner/work/PocketKrKr/PocketKrKr/cpp/plugins/windowEx.cpp:18:
2026-09-07T18:02:22.4497514Z /home/runner/work/PocketKrKr/PocketKrKr/cpp/core/plugin/ncbind.hpp: In static member function ‘static ncbTypeConvertor::Conversion<FROM, TO>::OK ncbTypeConvertor::Conversion<FROM, TO>::check(TO)’:
2026-09-07T18:02:22.4526775Z /home/runner/work/PocketKrKr/PocketKrKr/cpp/core/plugin/ncbind.hpp:244:38: warning: no return statement in function returning non-void [-Wreturn-type]
2026-09-07T18:02:22.4528485Z   244 |                 static OK check(TO) {};
2026-09-07T18:02:22.4555845Z       |                                      ^
2026-09-07T18:02:23.7856849Z [696/741] Building CXX object bridge/engine_api/CMakeFiles/engine_api.dir/__/__/cpp/plugins/fftgraph.cpp.o
2026-09-07T18:02:23.7860401Z In file included from /home/runner/work/PocketKrKr/PocketKrKr/cpp/plugins/fftgraph.cpp:1:
2026-09-07T18:02:23.7863164Z /home/runner/work/PocketKrKr/PocketKrKr/cpp/core/plugin/ncbind.hpp: In static member function ‘static ncbTypeConvertor::Conversion<FROM, TO>::OK ncbTypeConvertor::Conversion<FROM, TO>::check(TO)’:
2026-09-07T18:02:23.7866049Z /home/runner/work/PocketKrKr/PocketKrKr/cpp/core/plugin/ncbind.hpp:244:38: warning: no return statement in function returning non-void [-Wreturn-type]
2026-09-07T18:02:23.7867464Z   244 |                 static OK check(TO) {};
2026-09-07T18:02:23.7868290Z       |                                      ^
2026-09-07T18:02:23.8870404Z [697/741] Building CXX object bridge/engine_api/CMakeFiles/engine_api.dir/__/__/cpp/plugins/LayerExBase.cpp.o
2026-09-07T18:02:24.5616621Z [698/741] Building CXX object bridge/engine_api/CMakeFiles/engine_api.dir/__/__/cpp/plugins/extrans.cpp.o
2026-09-07T18:02:24.5656437Z In file included from /home/runner/work/PocketKrKr/PocketKrKr/cpp/plugins/extrans.cpp:1:
2026-09-07T18:02:24.5687811Z /home/runner/work/PocketKrKr/PocketKrKr/cpp/core/plugin/ncbind.hpp: In static member function ‘static ncbTypeConvertor::Conversion<FROM, TO>::OK ncbTypeConvertor::Conversion<FROM, TO>::check(TO)’:
2026-09-07T18:02:24.5716763Z /home/runner/work/PocketKrKr/PocketKrKr/cpp/core/plugin/ncbind.hpp:244:38: warning: no return statement in function returning non-void [-Wreturn-type]
2026-09-07T18:02:24.5718055Z   244 |                 static OK check(TO) {};
2026-09-07T18:02:24.5718579Z       |                                      ^
2026-09-07T18:02:24.8596852Z [699/741] Building CXX object bridge/engine_api/CMakeFiles/engine_api.dir/__/__/cpp/plugins/xp3filter.cpp.o
2026-09-07T18:02:24.8626103Z In file included from /home/runner/work/PocketKrKr/PocketKrKr/cpp/plugins/xp3filter.cpp:1:
2026-09-07T18:02:24.8637781Z /home/runner/work/PocketKrKr/PocketKrKr/cpp/core/plugin/ncbind.hpp: In static member function ‘static ncbTypeConvertor::Conversion<FROM, TO>::OK ncbTypeConvertor::Conversion<FROM, TO>::check(TO)’:
2026-09-07T18:02:24.8640337Z /home/runner/work/PocketKrKr/PocketKrKr/cpp/core/plugin/ncbind.hpp:244:38: warning: no return statement in function returning non-void [-Wreturn-type]
2026-09-07T18:02:24.8641876Z   244 |                 static OK check(TO) {};
2026-09-07T18:02:24.8642687Z       |                                      ^
2026-09-07T18:02:26.3722213Z [700/741] Building CXX object bridge/engine_api/CMakeFiles/engine_api.dir/__/__/cpp/plugins/alphamovie.cpp.o
2026-09-07T18:02:26.3732580Z In file included from /home/runner/work/PocketKrKr/PocketKrKr/cpp/plugins/alphamovie.cpp:10:
2026-09-07T18:02:26.3735511Z /home/runner/work/PocketKrKr/PocketKrKr/cpp/core/plugin/ncbind.hpp: In static member function ‘static ncbTypeConvertor::Conversion<FROM, TO>::OK ncbTypeConvertor::Conversion<FROM, TO>::check(TO)’:
2026-09-07T18:02:26.3738395Z /home/runner/work/PocketKrKr/PocketKrKr/cpp/core/plugin/ncbind.hpp:244:38: warning: no return statement in function returning non-void [-Wreturn-type]
2026-09-07T18:02:26.3739895Z   244 |                 static OK check(TO) {};
2026-09-07T18:02:26.3740682Z       |                                      ^
2026-09-07T18:02:26.8591115Z [701/741] Building CXX object bridge/engine_api/CMakeFiles/engine_api.dir/__/__/cpp/plugins/layerExBTOA.cpp.o
2026-09-07T18:02:26.8604775Z In file included from /home/runner/work/PocketKrKr/PocketKrKr/cpp/plugins/layerExBTOA.cpp:4:
2026-09-07T18:02:26.8609122Z /home/runner/work/PocketKrKr/PocketKrKr/cpp/core/plugin/ncbind.hpp: In static member function ‘static ncbTypeConvertor::Conversion<FROM, TO>::OK ncbTypeConvertor::Conversion<FROM, TO>::check(TO)’:
2026-09-07T18:02:26.8611694Z /home/runner/work/PocketKrKr/PocketKrKr/cpp/core/plugin/ncbind.hpp:244:38: warning: no return statement in function returning non-void [-Wreturn-type]
2026-09-07T18:02:26.8613150Z   244 |                 static OK check(TO) {};
2026-09-07T18:02:26.8613928Z       |                                      ^
2026-09-07T18:02:27.0116641Z [702/741] Building CXX object bridge/engine_api/CMakeFiles/engine_api.dir/__/__/cpp/plugins/textrender.cpp.o
2026-09-07T18:02:27.0156127Z In file included from /home/runner/work/PocketKrKr/PocketKrKr/cpp/plugins/textrender.cpp:10:
2026-09-07T18:02:27.0177443Z /home/runner/work/PocketKrKr/PocketKrKr/cpp/core/plugin/ncbind.hpp: In static member function ‘static ncbTypeConvertor::Conversion<FROM, TO>::OK ncbTypeConvertor::Conversion<FROM, TO>::check(TO)’:
2026-09-07T18:02:27.0206770Z /home/runner/work/PocketKrKr/PocketKrKr/cpp/core/plugin/ncbind.hpp:244:38: warning: no return statement in function returning non-void [-Wreturn-type]
2026-09-07T18:02:27.0215932Z   244 |                 static OK check(TO) {};
2026-09-07T18:02:27.0216766Z       |                                      ^
2026-09-07T18:02:27.4123012Z [703/741] Building CXX object bridge/engine_api/CMakeFiles/engine_api.dir/__/__/cpp/plugins/layerExImage.cpp.o
2026-09-07T18:02:27.4137211Z In file included from /home/runner/work/PocketKrKr/PocketKrKr/cpp/plugins/layerExImage.cpp:5:
2026-09-07T18:02:27.4167685Z /home/runner/work/PocketKrKr/PocketKrKr/cpp/core/plugin/ncbind.hpp: In static member function ‘static ncbTypeConvertor::Conversion<FROM, TO>::OK ncbTypeConvertor::Conversion<FROM, TO>::check(TO)’:
2026-09-07T18:02:27.4179969Z /home/runner/work/PocketKrKr/PocketKrKr/cpp/core/plugin/ncbind.hpp:244:38: warning: no return statement in function returning non-void [-Wreturn-type]
2026-09-07T18:02:27.4181420Z   244 |                 static OK check(TO) {};
2026-09-07T18:02:27.4182171Z       |                                      ^
2026-09-07T18:02:28.7356900Z [704/741] Building CXX object bridge/engine_api/CMakeFiles/engine_api.dir/__/__/cpp/plugins/layerExRaster.cpp.o
2026-09-07T18:02:28.7366170Z In file included from /home/runner/work/PocketKrKr/PocketKrKr/cpp/plugins/layerExRaster.cpp:4:
2026-09-07T18:02:28.7397513Z /home/runner/work/PocketKrKr/PocketKrKr/cpp/core/plugin/ncbind.hpp: In static member function ‘static ncbTypeConvertor::Conversion<FROM, TO>::OK ncbTypeConvertor::Conversion<FROM, TO>::check(TO)’:
2026-09-07T18:02:28.7419643Z /home/runner/work/PocketKrKr/PocketKrKr/cpp/core/plugin/ncbind.hpp:244:38: warning: no return statement in function returning non-void [-Wreturn-type]
2026-09-07T18:02:28.7421006Z   244 |                 static OK check(TO) {};
2026-09-07T18:02:28.7421571Z       |                                      ^
2026-09-07T18:02:29.0896896Z [705/741] Building CXX object bridge/engine_api/CMakeFiles/engine_api.dir/__/__/cpp/plugins/layerExAreaAverage.cpp.o
2026-09-07T18:02:29.0916390Z In file included from /home/runner/work/PocketKrKr/PocketKrKr/cpp/plugins/layerExAreaAverage.cpp:4:
2026-09-07T18:02:29.0927526Z /home/runner/work/PocketKrKr/PocketKrKr/cpp/core/plugin/ncbind.hpp: In static member function ‘static ncbTypeConvertor::Conversion<FROM, TO>::OK ncbTypeConvertor::Conversion<FROM, TO>::check(TO)’:
2026-09-07T18:02:29.0957045Z /home/runner/work/PocketKrKr/PocketKrKr/cpp/core/plugin/ncbind.hpp:244:38: warning: no return statement in function returning non-void [-Wreturn-type]
2026-09-07T18:02:29.0985984Z   244 |                 static OK check(TO) {};
2026-09-07T18:02:29.0995880Z       |                                      ^
2026-09-07T18:02:29.3371824Z [706/741] Building CXX object bridge/engine_api/CMakeFiles/engine_api.dir/__/__/cpp/plugins/layerExLongExposure.cpp.o
2026-09-07T18:02:29.3396381Z In file included from /home/runner/work/PocketKrKr/PocketKrKr/cpp/plugins/layerExLongExposure.cpp:4:
2026-09-07T18:02:29.3417510Z /home/runner/work/PocketKrKr/PocketKrKr/cpp/core/plugin/ncbind.hpp: In static member function ‘static ncbTypeConvertor::Conversion<FROM, TO>::OK ncbTypeConvertor::Conversion<FROM, TO>::check(TO)’:
2026-09-07T18:02:29.3419843Z /home/runner/work/PocketKrKr/PocketKrKr/cpp/core/plugin/ncbind.hpp:244:38: warning: no return statement in function returning non-void [-Wreturn-type]
2026-09-07T18:02:29.3445828Z   244 |                 static OK check(TO) {};
2026-09-07T18:02:29.3475789Z       |                                      ^
2026-09-07T18:02:31.5516656Z [707/741] Building CXX object bridge/engine_api/CMakeFiles/engine_api.dir/__/__/cpp/plugins/krkrgles.cpp.o
2026-09-07T18:02:31.5526290Z In file included from /home/runner/work/PocketKrKr/PocketKrKr/cpp/plugins/krkrgles.cpp:2:
2026-09-07T18:02:31.5557416Z /home/runner/work/PocketKrKr/PocketKrKr/cpp/core/plugin/ncbind.hpp: In static member function ‘static ncbTypeConvertor::Conversion<FROM, TO>::OK ncbTypeConvertor::Conversion<FROM, TO>::check(TO)’:
2026-09-07T18:02:31.5576508Z /home/runner/work/PocketKrKr/PocketKrKr/cpp/core/plugin/ncbind.hpp:244:38: warning: no return statement in function returning non-void [-Wreturn-type]
2026-09-07T18:02:31.5616030Z   244 |                 static OK check(TO) {};
2026-09-07T18:02:31.5616876Z       |                                      ^
2026-09-07T18:02:31.5720931Z [708/741] Building CXX object bridge/engine_api/CMakeFiles/engine_api.dir/__/__/cpp/plugins/drawDeviceD2DCompat.cpp.o
2026-09-07T18:02:31.5724823Z In file included from /home/runner/work/PocketKrKr/PocketKrKr/cpp/plugins/drawDeviceD2DCompat.cpp:3:
2026-09-07T18:02:31.5728269Z /home/runner/work/PocketKrKr/PocketKrKr/cpp/core/plugin/ncbind.hpp: In static member function ‘static ncbTypeConvertor::Conversion<FROM, TO>::OK ncbTypeConvertor::Conversion<FROM, TO>::check(TO)’:
2026-09-07T18:02:31.5731026Z /home/runner/work/PocketKrKr/PocketKrKr/cpp/core/plugin/ncbind.hpp:244:38: warning: no return statement in function returning non-void [-Wreturn-type]
2026-09-07T18:02:31.5732572Z   244 |                 static OK check(TO) {};
2026-09-07T18:02:31.5733369Z       |                                      ^
2026-09-07T18:02:31.8336767Z [709/741] Building CXX object bridge/engine_api/CMakeFiles/engine_api.dir/__/__/cpp/plugins/wfTypicalDSPCompat.cpp.o
2026-09-07T18:02:31.8346356Z In file included from /home/runner/work/PocketKrKr/PocketKrKr/cpp/plugins/wfTypicalDSPCompat.cpp:3:
2026-09-07T18:02:31.8377617Z /home/runner/work/PocketKrKr/PocketKrKr/cpp/core/plugin/ncbind.hpp: In static member function ‘static ncbTypeConvertor::Conversion<FROM, TO>::OK ncbTypeConvertor::Conversion<FROM, TO>::check(TO)’:
2026-09-07T18:02:31.8396510Z /home/runner/work/PocketKrKr/PocketKrKr/cpp/core/plugin/ncbind.hpp:244:38: warning: no return statement in function returning non-void [-Wreturn-type]
2026-09-07T18:02:31.8425956Z   244 |                 static OK check(TO) {};
2026-09-07T18:02:31.8436100Z       |                                      ^
2026-09-07T18:02:32.1356531Z [710/741] Building CXX object bridge/engine_api/CMakeFiles/engine_api.dir/__/__/cpp/plugins/wfBasicEffectCompat.cpp.o
2026-09-07T18:02:32.1386054Z In file included from /home/runner/work/PocketKrKr/PocketKrKr/cpp/plugins/wfBasicEffectCompat.cpp:3:
2026-09-07T18:02:32.1407835Z /home/runner/work/PocketKrKr/PocketKrKr/cpp/core/plugin/ncbind.hpp: In static member function ‘static ncbTypeConvertor::Conversion<FROM, TO>::OK ncbTypeConvertor::Conversion<FROM, TO>::check(TO)’:
2026-09-07T18:02:32.1446360Z /home/runner/work/PocketKrKr/PocketKrKr/cpp/core/plugin/ncbind.hpp:244:38: warning: no return statement in function returning non-void [-Wreturn-type]
2026-09-07T18:02:32.1475655Z   244 |                 static OK check(TO) {};
2026-09-07T18:02:32.1505621Z       |                                      ^
2026-09-07T18:02:34.9096677Z [711/741] Building CXX object bridge/engine_api/CMakeFiles/engine_api.dir/__/__/cpp/plugins/psdfile/main.cpp.o
2026-09-07T18:02:34.9136414Z In file included from /home/runner/work/PocketKrKr/PocketKrKr/cpp/plugins/psdfile/psdparse/psddata.h:5,
2026-09-07T18:02:34.9156373Z                  from /home/runner/work/PocketKrKr/PocketKrKr/cpp/plugins/psdfile/psdparse/psdfile.h:4,
2026-09-07T18:02:34.9196124Z                  from /home/runner/work/PocketKrKr/PocketKrKr/cpp/plugins/psdfile/psdclass.h:9,
2026-09-07T18:02:34.9215973Z                  from /home/runner/work/PocketKrKr/PocketKrKr/cpp/plugins/psdfile/main.cpp:5:
2026-09-07T18:02:34.9246336Z /home/runner/work/PocketKrKr/PocketKrKr/cpp/plugins/psdfile/psdparse/psddesc.h:17:26: warning: multi-character character constant [-Wmultichar]
2026-09-07T18:02:34.9275743Z    17 |         TYPE_REFERENCE = 'obj ',
2026-09-07T18:02:34.9305672Z       |                          ^~~~~~
2026-09-07T18:02:34.9336284Z /home/runner/work/PocketKrKr/PocketKrKr/cpp/plugins/psdfile/psdparse/psddesc.h:18:27: warning: multi-character character constant [-Wmultichar]
2026-09-07T18:02:34.9365757Z    18 |         TYPE_DESCRIPTOR = 'Objc',
2026-09-07T18:02:34.9395696Z       |                           ^~~~~~
2026-09-07T18:02:34.9426362Z /home/runner/work/PocketKrKr/PocketKrKr/cpp/plugins/psdfile/psdparse/psddesc.h:19:21: warning: multi-character character constant [-Wmultichar]
2026-09-07T18:02:34.9455629Z    19 |         TYPE_LIST = 'VlLs',
2026-09-07T18:02:34.9485616Z       |                     ^~~~~~
2026-09-07T18:02:34.9516242Z /home/runner/work/PocketKrKr/PocketKrKr/cpp/plugins/psdfile/psdparse/psddesc.h:20:23: warning: multi-character character constant [-Wmultichar]
2026-09-07T18:02:34.9545618Z    20 |         TYPE_DOUBLE = 'doub',
2026-09-07T18:02:34.9575642Z       |                       ^~~~~~
2026-09-07T18:02:34.9606289Z /home/runner/work/PocketKrKr/PocketKrKr/cpp/plugins/psdfile/psdparse/psddesc.h:21:27: warning: multi-character character constant [-Wmultichar]
2026-09-07T18:02:34.9635676Z    21 |         TYPE_UNIT_FLOAT = 'UntF',
2026-09-07T18:02:34.9665743Z       |                           ^~~~~~
2026-09-07T18:02:34.9696218Z /home/runner/work/PocketKrKr/PocketKrKr/cpp/plugins/psdfile/psdparse/psddesc.h:22:23: warning: multi-character character constant [-Wmultichar]
2026-09-07T18:02:34.9726255Z    22 |         TYPE_STRING = 'TEXT',
2026-09-07T18:02:34.9735698Z       |                       ^~~~~~
2026-09-07T18:02:34.9736887Z /home/runner/work/PocketKrKr/PocketKrKr/cpp/plugins/psdfile/psdparse/psddesc.h:23:27: warning: multi-character character constant [-Wmultichar]
2026-09-07T18:02:34.9738152Z    23 |         TYPE_ENUMERATED = 'enum',
2026-09-07T18:02:34.9738644Z       |                           ^~~~~~
2026-09-07T18:02:34.9739815Z /home/runner/work/PocketKrKr/PocketKrKr/cpp/plugins/psdfile/psdparse/psddesc.h:24:24: warning: multi-character character constant [-Wmultichar]
2026-09-07T18:02:34.9741068Z    24 |         TYPE_INTEGER = 'long',
2026-09-07T18:02:34.9785641Z       |                        ^~~~~~
2026-09-07T18:02:34.9796366Z /home/runner/work/PocketKrKr/PocketKrKr/cpp/plugins/psdfile/psdparse/psddesc.h:25:24: warning: multi-character character constant [-Wmultichar]
2026-09-07T18:02:34.9797571Z    25 |         TYPE_BOOLEAN = 'bool',
2026-09-07T18:02:34.9798012Z       |                        ^~~~~~
2026-09-07T18:02:34.9799155Z /home/runner/work/PocketKrKr/PocketKrKr/cpp/plugins/psdfile/psdparse/psddesc.h:26:30: warning: multi-character character constant [-Wmultichar]
2026-09-07T18:02:34.9800316Z    26 |         TYPE_GLOBAL_OBJECT = 'GlbO',
2026-09-07T18:02:34.9801144Z       |                              ^~~~~~
2026-09-07T18:02:34.9802272Z /home/runner/work/PocketKrKr/PocketKrKr/cpp/plugins/psdfile/psdparse/psddesc.h:27:23: warning: multi-character character constant [-Wmultichar]
2026-09-07T18:02:34.9803433Z    27 |         TYPE_CLASS1 = 'type',
2026-09-07T18:02:34.9803870Z       |                       ^~~~~~
2026-09-07T18:02:34.9805470Z /home/runner/work/PocketKrKr/PocketKrKr/cpp/plugins/psdfile/psdparse/psddesc.h:28:23: warning: multi-character character constant [-Wmultichar]
2026-09-07T18:02:34.9806625Z    28 |         TYPE_CLASS2 = 'GlbC',
2026-09-07T18:02:34.9807071Z       |                       ^~~~~~
2026-09-07T18:02:34.9808168Z /home/runner/work/PocketKrKr/PocketKrKr/cpp/plugins/psdfile/psdparse/psddesc.h:29:22: warning: multi-character character constant [-Wmultichar]
2026-09-07T18:02:34.9809306Z    29 |         TYPE_ALIAS = 'alis',
2026-09-07T18:02:34.9809746Z       |                      ^~~~~~
2026-09-07T18:02:34.9810887Z /home/runner/work/PocketKrKr/PocketKrKr/cpp/plugins/psdfile/psdparse/psddesc.h:30:25: warning: multi-character character constant [-Wmultichar]
2026-09-07T18:02:34.9812067Z    30 |         TYPE_RAW_DATA = 'tdta',
2026-09-07T18:02:34.9812531Z       |                         ^~~~~~
2026-09-07T18:02:34.9813661Z /home/runner/work/PocketKrKr/PocketKrKr/cpp/plugins/psdfile/psdparse/psddesc.h:34:23: warning: multi-character character constant [-Wmultichar]
2026-09-07T18:02:34.9814923Z    34 |         UNIT_POINTS = '#Pnt',
2026-09-07T18:02:34.9815580Z       |                       ^~~~~~
2026-09-07T18:02:34.9816711Z /home/runner/work/PocketKrKr/PocketKrKr/cpp/plugins/psdfile/psdparse/psddesc.h:35:28: warning: multi-character character constant [-Wmultichar]
2026-09-07T18:02:34.9817895Z    35 |         UNIT_MILLIMETERS = '#Mlm',
2026-09-07T18:02:34.9818384Z       |                            ^~~~~~
2026-09-07T18:02:34.9819531Z /home/runner/work/PocketKrKr/PocketKrKr/cpp/plugins/psdfile/psdparse/psddesc.h:36:22: warning: multi-character character constant [-Wmultichar]
2026-09-07T18:02:34.9845686Z    36 |         UNIT_ANGLE = '#Ang', // degrees
2026-09-07T18:02:34.9875629Z       |                      ^~~~~~
2026-09-07T18:02:34.9906380Z /home/runner/work/PocketKrKr/PocketKrKr/cpp/plugins/psdfile/psdparse/psddesc.h:37:24: warning: multi-character character constant [-Wmultichar]
2026-09-07T18:02:34.9935726Z    37 |         UNIT_DENSITY = '#Rsl', // base per inch
2026-09-07T18:02:34.9965704Z       |                        ^~~~~~
2026-09-07T18:02:34.9996355Z /home/runner/work/PocketKrKr/PocketKrKr/cpp/plugins/psdfile/psdparse/psddesc.h:38:25: warning: multi-character character constant [-Wmultichar]
2026-09-07T18:02:35.0025685Z    38 |         UNIT_DISTANCE = '#Rlt', // base 72ppi
2026-09-07T18:02:35.0055645Z       |                         ^~~~~~
2026-09-07T18:02:35.0086348Z /home/runner/work/PocketKrKr/PocketKrKr/cpp/plugins/psdfile/psdparse/psddesc.h:39:21: warning: multi-character character constant [-Wmultichar]
2026-09-07T18:02:35.0115650Z    39 |         UNIT_NONE = '#Nne',
2026-09-07T18:02:35.0145825Z       |                     ^~~~~~
2026-09-07T18:02:35.0176343Z /home/runner/work/PocketKrKr/PocketKrKr/cpp/plugins/psdfile/psdparse/psddesc.h:40:24: warning: multi-character character constant [-Wmultichar]
2026-09-07T18:02:35.0177619Z    40 |         UNIT_PERCENT = '#Prc',
2026-09-07T18:02:35.0235617Z       |                        ^~~~~~
2026-09-07T18:02:35.0236846Z /home/runner/work/PocketKrKr/PocketKrKr/cpp/plugins/psdfile/psdparse/psddesc.h:41:23: warning: multi-character character constant [-Wmultichar]
2026-09-07T18:02:35.0295684Z    41 |         UNIT_PIXELS = '#Pxl',
2026-09-07T18:02:35.0296218Z       |                       ^~~~~~
2026-09-07T18:02:35.0326379Z /home/runner/work/PocketKrKr/PocketKrKr/cpp/plugins/psdfile/psdparse/psddesc.h:46:29: warning: multi-character character constant [-Wmultichar]
2026-09-07T18:02:35.0327653Z    46 |         REF_TYPE_PROPERTY = 'prop',
2026-09-07T18:02:35.0328154Z       |                             ^~~~~~
2026-09-07T18:02:35.0329707Z /home/runner/work/PocketKrKr/PocketKrKr/cpp/plugins/psdfile/psdparse/psddesc.h:47:26: warning: multi-character character constant [-Wmultichar]
2026-09-07T18:02:35.0330943Z    47 |         REF_TYPE_CLASS = 'Clss',
2026-09-07T18:02:35.0331422Z       |                          ^~~~~~
2026-09-07T18:02:35.0332801Z /home/runner/work/PocketKrKr/PocketKrKr/cpp/plugins/psdfile/psdparse/psddesc.h:48:29: warning: multi-character character constant [-Wmultichar]
2026-09-07T18:02:35.0334000Z    48 |         REF_TYPE_ENUM_REF = 'Enmr',
2026-09-07T18:02:35.0334491Z       |                             ^~~~~~
2026-09-07T18:02:35.0335845Z /home/runner/work/PocketKrKr/PocketKrKr/cpp/plugins/psdfile/psdparse/psddesc.h:49:27: warning: multi-character character constant [-Wmultichar]
2026-09-07T18:02:35.0337038Z    49 |         REF_TYPE_OFFSET = 'rele',
2026-09-07T18:02:35.0337527Z       |                           ^~~~~~
2026-09-07T18:02:35.0338689Z /home/runner/work/PocketKrKr/PocketKrKr/cpp/plugins/psdfile/psdparse/psddesc.h:50:31: warning: multi-character character constant [-Wmultichar]
2026-09-07T18:02:35.0339903Z    50 |         REF_TYPE_IDENTIFIER = 'Idnt',
2026-09-07T18:02:35.0340416Z       |                               ^~~~~~
2026-09-07T18:02:35.0341583Z /home/runner/work/PocketKrKr/PocketKrKr/cpp/plugins/psdfile/psdparse/psddesc.h:51:26: warning: multi-character character constant [-Wmultichar]
2026-09-07T18:02:35.0342812Z    51 |         REF_TYPE_INDEX = 'indx',
2026-09-07T18:02:35.0343289Z       |                          ^~~~~~
2026-09-07T18:02:35.0344440Z /home/runner/work/PocketKrKr/PocketKrKr/cpp/plugins/psdfile/psdparse/psddesc.h:52:25: warning: multi-character character constant [-Wmultichar]
2026-09-07T18:02:35.0345831Z    52 |         REF_TYPE_NAME = 'name',
2026-09-07T18:02:35.0346305Z       |                         ^~~~~~
2026-09-07T18:02:35.0347210Z In file included from /home/runner/work/PocketKrKr/PocketKrKr/cpp/plugins/psdfile/psdparse/psdfile.h:4,
2026-09-07T18:02:35.0348522Z                  from /home/runner/work/PocketKrKr/PocketKrKr/cpp/plugins/psdfile/psdclass.h:9,
2026-09-07T18:02:35.0355897Z                  from /home/runner/work/PocketKrKr/PocketKrKr/cpp/plugins/psdfile/main.cpp:5:
2026-09-07T18:02:35.0357195Z /home/runner/work/PocketKrKr/PocketKrKr/cpp/plugins/psdfile/psdparse/psddata.h:113:18: warning: multi-character character constant [-Wmultichar]
2026-09-07T18:02:35.0358243Z   113 |             case 'norm':
2026-09-07T18:02:35.0358609Z       |                  ^~~~~~
2026-09-07T18:02:35.0359577Z /home/runner/work/PocketKrKr/PocketKrKr/cpp/plugins/psdfile/psdparse/psddata.h:115:18: warning: multi-character character constant [-Wmultichar]
2026-09-07T18:02:35.0360602Z   115 |             case 'diss':
2026-09-07T18:02:35.0360970Z       |                  ^~~~~~
2026-09-07T18:02:35.0361919Z /home/runner/work/PocketKrKr/PocketKrKr/cpp/plugins/psdfile/psdparse/psddata.h:117:18: warning: multi-character character constant [-Wmultichar]
2026-09-07T18:02:35.0362931Z   117 |             case 'dark':
2026-09-07T18:02:35.0363298Z       |                  ^~~~~~
2026-09-07T18:02:35.0364253Z /home/runner/work/PocketKrKr/PocketKrKr/cpp/plugins/psdfile/psdparse/psddata.h:119:18: warning: multi-character character constant [-Wmultichar]
2026-09-07T18:02:35.0365473Z   119 |             case 'mul ':
2026-09-07T18:02:35.0365907Z       |                  ^~~~~~
2026-09-07T18:02:35.0366880Z /home/runner/work/PocketKrKr/PocketKrKr/cpp/plugins/psdfile/psdparse/psddata.h:121:18: warning: multi-character character constant [-Wmultichar]
2026-09-07T18:02:35.0367970Z   121 |             case 'idiv':
2026-09-07T18:02:35.0395569Z       |                  ^~~~~~
2026-09-07T18:02:35.0426294Z /home/runner/work/PocketKrKr/PocketKrKr/cpp/plugins/psdfile/psdparse/psddata.h:123:18: warning: multi-character character constant [-Wmultichar]
2026-09-07T18:02:35.0455575Z   123 |             case 'lbrn':
2026-09-07T18:02:35.0484072Z       |                  ^~~~~~
2026-09-07T18:02:35.0485588Z /home/runner/work/PocketKrKr/PocketKrKr/cpp/plugins/psdfile/psdparse/psddata.h:125:18: warning: multi-character character constant [-Wmultichar]
2026-09-07T18:02:35.0486792Z   125 |             case 'dkCl':
2026-09-07T18:02:35.0525622Z       |                  ^~~~~~
2026-09-07T18:02:35.0556352Z /home/runner/work/PocketKrKr/PocketKrKr/cpp/plugins/psdfile/psdparse/psddata.h:127:18: warning: multi-character character constant [-Wmultichar]
2026-09-07T18:02:35.0585628Z   127 |             case 'lite':
2026-09-07T18:02:35.0605696Z       |                  ^~~~~~
2026-09-07T18:02:35.0616487Z /home/runner/work/PocketKrKr/PocketKrKr/cpp/plugins/psdfile/psdparse/psddata.h:129:18: warning: multi-character character constant [-Wmultichar]
2026-09-07T18:02:35.0617826Z   129 |             case 'scrn':
2026-09-07T18:02:35.0618300Z       |                  ^~~~~~
2026-09-07T18:02:35.0619464Z /home/runner/work/PocketKrKr/PocketKrKr/cpp/plugins/psdfile/psdparse/psddata.h:131:18: warning: multi-character character constant [-Wmultichar]
2026-09-07T18:02:35.0620784Z   131 |             case 'div ':
2026-09-07T18:02:35.0665637Z       |                  ^~~~~~
2026-09-07T18:02:35.0696399Z /home/runner/work/PocketKrKr/PocketKrKr/cpp/plugins/psdfile/psdparse/psddata.h:133:18: warning: multi-character character constant [-Wmultichar]
2026-09-07T18:02:35.0705741Z   133 |             case 'lddg':
2026-09-07T18:02:35.0725683Z       |                  ^~~~~~
2026-09-07T18:02:35.0736377Z /home/runner/work/PocketKrKr/PocketKrKr/cpp/plugins/psdfile/psdparse/psddata.h:135:18: warning: multi-character character constant [-Wmultichar]
2026-09-07T18:02:35.0755785Z   135 |             case 'ltCl':
2026-09-07T18:02:35.0785699Z       |                  ^~~~~~
2026-09-07T18:02:35.0796375Z /home/runner/work/PocketKrKr/PocketKrKr/cpp/plugins/psdfile/psdparse/psddata.h:137:18: warning: multi-character character constant [-Wmultichar]
2026-09-07T18:02:35.0815873Z   137 |             case 'over':
2026-09-07T18:02:35.0845658Z       |                  ^~~~~~
2026-09-07T18:02:35.0856372Z /home/runner/work/PocketKrKr/PocketKrKr/cpp/plugins/psdfile/psdparse/psddata.h:139:18: warning: multi-character character constant [-Wmultichar]
2026-09-07T18:02:35.0885639Z   139 |             case 'sLit':
2026-09-07T18:02:35.0905704Z       |                  ^~~~~~
2026-09-07T18:02:35.0936298Z /home/runner/work/PocketKrKr/PocketKrKr/cpp/plugins/psdfile/psdparse/psddata.h:141:18: warning: multi-character character constant [-Wmultichar]
2026-09-07T18:02:35.0945633Z   141 |             case 'hLit':
2026-09-07T18:02:35.0965697Z       |                  ^~~~~~
2026-09-07T18:02:35.0996202Z /home/runner/work/PocketKrKr/PocketKrKr/cpp/plugins/psdfile/psdparse/psddata.h:143:18: warning: multi-character character constant [-Wmultichar]
2026-09-07T18:02:35.1025639Z   143 |             case 'vLit':
2026-09-07T18:02:35.1035597Z       |                  ^~~~~~
2026-09-07T18:02:35.1056339Z /home/runner/work/PocketKrKr/PocketKrKr/cpp/plugins/psdfile/psdparse/psddata.h:145:18: warning: multi-character character constant [-Wmultichar]
2026-09-07T18:02:35.1085661Z   145 |             case 'lLit':
2026-09-07T18:02:35.1095597Z       |                  ^~~~~~
2026-09-07T18:02:35.1126304Z /home/runner/work/PocketKrKr/PocketKrKr/cpp/plugins/psdfile/psdparse/psddata.h:147:18: warning: multi-character character constant [-Wmultichar]
2026-09-07T18:02:35.1145708Z   147 |             case 'pLit':
2026-09-07T18:02:35.1175673Z       |                  ^~~~~~
2026-09-07T18:02:35.1186442Z /home/runner/work/PocketKrKr/PocketKrKr/cpp/plugins/psdfile/psdparse/psddata.h:149:18: warning: multi-character character constant [-Wmultichar]
2026-09-07T18:02:35.1205878Z   149 |             case 'hMix':
2026-09-07T18:02:35.1235827Z       |                  ^~~~~~
2026-09-07T18:02:35.1246498Z /home/runner/work/PocketKrKr/PocketKrKr/cpp/plugins/psdfile/psdparse/psddata.h:151:18: warning: multi-character character constant [-Wmultichar]
2026-09-07T18:02:35.1275751Z   151 |             case 'diff':
2026-09-07T18:02:35.1295824Z       |                  ^~~~~~
2026-09-07T18:02:35.1326828Z /home/runner/work/PocketKrKr/PocketKrKr/cpp/plugins/psdfile/psdparse/psddata.h:153:18: warning: multi-character character constant [-Wmultichar]
2026-09-07T18:02:35.1355824Z   153 |             case 'smud':
2026-09-07T18:02:35.1365704Z       |                  ^~~~~~
2026-09-07T18:02:35.1386634Z /home/runner/work/PocketKrKr/PocketKrKr/cpp/plugins/psdfile/psdparse/psddata.h:155:18: warning: multi-character character constant [-Wmultichar]
2026-09-07T18:02:35.1415842Z   155 |             case 'fsub':
2026-09-07T18:02:35.1445790Z       |                  ^~~~~~
2026-09-07T18:02:35.1456392Z /home/runner/work/PocketKrKr/PocketKrKr/cpp/plugins/psdfile/psdparse/psddata.h:157:18: warning: multi-character character constant [-Wmultichar]
2026-09-07T18:02:35.1475849Z   157 |             case 'fdiv':
2026-09-07T18:02:35.1505828Z       |                  ^~~~~~
2026-09-07T18:02:35.1516524Z /home/runner/work/PocketKrKr/PocketKrKr/cpp/plugins/psdfile/psdparse/psddata.h:159:18: warning: multi-character character constant [-Wmultichar]
2026-09-07T18:02:35.1545763Z   159 |             case 'hue ':
2026-09-07T18:02:35.1565962Z       |                  ^~~~~~
2026-09-07T18:02:35.1596659Z /home/runner/work/PocketKrKr/PocketKrKr/cpp/plugins/psdfile/psdparse/psddata.h:161:18: warning: multi-character character constant [-Wmultichar]
2026-09-07T18:02:35.1605769Z   161 |             case 'sat ':
2026-09-07T18:02:35.1625894Z       |                  ^~~~~~
2026-09-07T18:02:35.1656572Z /home/runner/work/PocketKrKr/PocketKrKr/cpp/plugins/psdfile/psdparse/psddata.h:163:18: warning: multi-character character constant [-Wmultichar]
2026-09-07T18:02:35.1665770Z   163 |             case 'colr':
2026-09-07T18:02:35.1695784Z       |                  ^~~~~~
2026-09-07T18:02:35.1716585Z /home/runner/work/PocketKrKr/PocketKrKr/cpp/plugins/psdfile/psdparse/psddata.h:165:18: warning: multi-character character constant [-Wmultichar]
2026-09-07T18:02:35.1745842Z   165 |             case 'lum ':
2026-09-07T18:02:35.1755743Z       |                  ^~~~~~
2026-09-07T18:02:35.1786519Z /home/runner/work/PocketKrKr/PocketKrKr/cpp/plugins/psdfile/psdparse/psddata.h:167:18: warning: multi-character character constant [-Wmultichar]
2026-09-07T18:02:35.1815768Z   167 |             case 'pass':
2026-09-07T18:02:35.1825862Z       |                  ^~~~~~
2026-09-07T18:02:35.1840193Z In file included from /home/runner/work/PocketKrKr/PocketKrKr/cpp/plugins/psdfile/main.cpp:1:
2026-09-07T18:02:35.1867505Z /home/runner/work/PocketKrKr/PocketKrKr/cpp/core/plugin/ncbind.hpp: In static member function ‘static ncbTypeConvertor::Conversion<FROM, TO>::OK ncbTypeConvertor::Conversion<FROM, TO>::check(TO)’:
2026-09-07T18:02:35.1886704Z /home/runner/work/PocketKrKr/PocketKrKr/cpp/core/plugin/ncbind.hpp:244:38: warning: no return statement in function returning non-void [-Wreturn-type]
2026-09-07T18:02:35.1915928Z   244 |                 static OK check(TO) {};
2026-09-07T18:02:35.1940250Z       |                                      ^
2026-09-07T18:02:35.1956381Z In file included from /home/runner/work/PocketKrKr/PocketKrKr/cpp/plugins/psdfile/psdparse/psdfile.h:3,
2026-09-07T18:02:35.1986093Z                  from /home/runner/work/PocketKrKr/PocketKrKr/cpp/plugins/psdfile/psdclass.h:9,
2026-09-07T18:02:35.1996172Z                  from /home/runner/work/PocketKrKr/PocketKrKr/cpp/plugins/psdfile/main.cpp:5:
2026-09-07T18:02:35.2027111Z /home/runner/work/PocketKrKr/PocketKrKr/cpp/plugins/psdfile/psdparse/psddesc.h: In member function ‘virtual void psd::DescriptorReference::dump(int)’:
2026-09-07T18:02:35.2047783Z /home/runner/work/PocketKrKr/PocketKrKr/cpp/plugins/psdfile/psdparse/psddesc.h:234:20: warning: format ‘%d’ expects argument of type ‘int’, but argument 3 has type ‘std::vector<psd::ReferenceItem*>::size_type’ {aka ‘long unsigned int’} [-Wformat=]
2026-09-07T18:02:35.2049748Z   234 |             dprint("%s (count:%d)\n", typeName(), items.size());
2026-09-07T18:02:35.2050419Z       |                    ^~~~~~~~~~~~~~~~~              ~~~~~~~~~~~~
2026-09-07T18:02:35.2051272Z       |                                                             |
2026-09-07T18:02:35.2052144Z       |                                                             std::vector<psd::ReferenceItem*>::size_type {aka long unsigned int}
2026-09-07T18:02:35.2053675Z /home/runner/work/PocketKrKr/PocketKrKr/cpp/plugins/psdfile/psdparse/psdbase.h:7:28: note: in definition of macro ‘dprint’
2026-09-07T18:02:35.2055005Z     7 | #define dprint(...) printf(__VA_ARGS__);
2026-09-07T18:02:35.2055787Z       |                            ^~~~~~~~~~~
2026-09-07T18:02:35.2056644Z In file included from /home/runner/work/PocketKrKr/PocketKrKr/cpp/plugins/psdfile/psdparse/psddata.h:5,
2026-09-07T18:02:35.2057893Z                  from /home/runner/work/PocketKrKr/PocketKrKr/cpp/plugins/psdfile/psdparse/psdfile.h:4,
2026-09-07T18:02:35.2059013Z                  from /home/runner/work/PocketKrKr/PocketKrKr/cpp/plugins/psdfile/psdclass.h:9,
2026-09-07T18:02:35.2060053Z                  from /home/runner/work/PocketKrKr/PocketKrKr/cpp/plugins/psdfile/main.cpp:5:
2026-09-07T18:02:35.2061358Z /home/runner/work/PocketKrKr/PocketKrKr/cpp/plugins/psdfile/psdparse/psddesc.h:234:32: note: format string is defined here
2026-09-07T18:02:35.2062530Z   234 |             dprint("%s (count:%d)\n", typeName(), items.size());
2026-09-07T18:02:35.2063153Z       |                               ~^
2026-09-07T18:02:35.2063599Z       |                                |
2026-09-07T18:02:35.2064056Z       |                                int
2026-09-07T18:02:35.2064502Z       |                               %ld
2026-09-07T18:02:35.2065599Z In file included from /home/runner/work/PocketKrKr/PocketKrKr/cpp/plugins/psdfile/psdparse/psdfile.h:3,
2026-09-07T18:02:35.2066836Z                  from /home/runner/work/PocketKrKr/PocketKrKr/cpp/plugins/psdfile/psdclass.h:9,
2026-09-07T18:02:35.2067898Z                  from /home/runner/work/PocketKrKr/PocketKrKr/cpp/plugins/psdfile/main.cpp:5:
2026-09-07T18:02:35.2069701Z /home/runner/work/PocketKrKr/PocketKrKr/cpp/plugins/psdfile/psdparse/psddesc.h: In member function ‘virtual void psd::DescriptorList::dump(int)’:
2026-09-07T18:02:35.2072608Z /home/runner/work/PocketKrKr/PocketKrKr/cpp/plugins/psdfile/psdparse/psddesc.h:253:20: warning: format ‘%d’ expects argument of type ‘int’, but argument 3 has type ‘std::vector<psd::DescriptorItem*>::size_type’ {aka ‘long unsigned int’} [-Wformat=]
2026-09-07T18:02:35.2074536Z   253 |             dprint("%s (count:%d)\n", typeName(), items.size());
2026-09-07T18:02:35.2085820Z       |                    ^~~~~~~~~~~~~~~~~              ~~~~~~~~~~~~
2026-09-07T18:02:35.2115856Z       |                                                             |
2026-09-07T18:02:35.2146142Z       |                                                             std::vector<psd::DescriptorItem*>::size_type {aka long unsigned int}
2026-09-07T18:02:35.2176575Z /home/runner/work/PocketKrKr/PocketKrKr/cpp/plugins/psdfile/psdparse/psdbase.h:7:28: note: in definition of macro ‘dprint’
2026-09-07T18:02:35.2205984Z     7 | #define dprint(...) printf(__VA_ARGS__);
2026-09-07T18:02:35.2235776Z       |                            ^~~~~~~~~~~
2026-09-07T18:02:35.2266279Z In file included from /home/runner/work/PocketKrKr/PocketKrKr/cpp/plugins/psdfile/psdparse/psddata.h:5,
2026-09-07T18:02:35.2267666Z                  from /home/runner/work/PocketKrKr/PocketKrKr/cpp/plugins/psdfile/psdparse/psdfile.h:4,
2026-09-07T18:02:35.2268876Z                  from /home/runner/work/PocketKrKr/PocketKrKr/cpp/plugins/psdfile/psdclass.h:9,
2026-09-07T18:02:35.2269964Z                  from /home/runner/work/PocketKrKr/PocketKrKr/cpp/plugins/psdfile/main.cpp:5:
2026-09-07T18:02:35.2271355Z /home/runner/work/PocketKrKr/PocketKrKr/cpp/plugins/psdfile/psdparse/psddesc.h:253:32: note: format string is defined here
2026-09-07T18:02:35.2272576Z   253 |             dprint("%s (count:%d)\n", typeName(), items.size());
2026-09-07T18:02:35.2273221Z       |                               ~^
2026-09-07T18:02:35.2274026Z       |                                |
2026-09-07T18:02:35.2274556Z       |                                int
2026-09-07T18:02:35.2275054Z       |                               %ld
2026-09-07T18:02:35.2276347Z [712/741] Building CXX object bridge/engine_api/CMakeFiles/engine_api.dir/__/__/cpp/plugins/psdfile/psdclass_loadmem.cpp.o
2026-09-07T18:02:35.2278148Z In file included from /home/runner/work/PocketKrKr/PocketKrKr/cpp/plugins/psdfile/psdparse/psddata.h:5,
2026-09-07T18:02:35.2279454Z                  from /home/runner/work/PocketKrKr/PocketKrKr/cpp/plugins/psdfile/psdparse/psdfile.h:4,
2026-09-07T18:02:35.2280583Z                  from /home/runner/work/PocketKrKr/PocketKrKr/cpp/plugins/psdfile/psdclass.h:9,
2026-09-07T18:02:35.2281767Z                  from /home/runner/work/PocketKrKr/PocketKrKr/cpp/plugins/psdfile/psdclass_loadmem.cpp:1:
2026-09-07T18:02:35.2283357Z /home/runner/work/PocketKrKr/PocketKrKr/cpp/plugins/psdfile/psdparse/psddesc.h:17:26: warning: multi-character character constant [-Wmultichar]
2026-09-07T18:02:35.2284626Z    17 |         TYPE_REFERENCE = 'obj ',
2026-09-07T18:02:35.2285122Z       |                          ^~~~~~
2026-09-07T18:02:35.2286561Z /home/runner/work/PocketKrKr/PocketKrKr/cpp/plugins/psdfile/psdparse/psddesc.h:18:27: warning: multi-character character constant [-Wmultichar]
2026-09-07T18:02:35.2287812Z    18 |         TYPE_DESCRIPTOR = 'Objc',
2026-09-07T18:02:35.2315779Z       |                           ^~~~~~
2026-09-07T18:02:35.2346471Z /home/runner/work/PocketKrKr/PocketKrKr/cpp/plugins/psdfile/psdparse/psddesc.h:19:21: warning: multi-character character constant [-Wmultichar]
2026-09-07T18:02:35.2375784Z    19 |         TYPE_LIST = 'VlLs',
2026-09-07T18:02:35.2405748Z       |                     ^~~~~~
2026-09-07T18:02:35.2436477Z /home/runner/work/PocketKrKr/PocketKrKr/cpp/plugins/psdfile/psdparse/psddesc.h:20:23: warning: multi-character character constant [-Wmultichar]
2026-09-07T18:02:35.2465783Z    20 |         TYPE_DOUBLE = 'doub',
2026-09-07T18:02:35.2495745Z       |                       ^~~~~~
2026-09-07T18:02:35.2526436Z /home/runner/work/PocketKrKr/PocketKrKr/cpp/plugins/psdfile/psdparse/psddesc.h:21:27: warning: multi-character character constant [-Wmultichar]
2026-09-07T18:02:35.2555785Z    21 |         TYPE_UNIT_FLOAT = 'UntF',
2026-09-07T18:02:35.2585748Z       |                           ^~~~~~
2026-09-07T18:02:35.2616491Z /home/runner/work/PocketKrKr/PocketKrKr/cpp/plugins/psdfile/psdparse/psddesc.h:22:23: warning: multi-character character constant [-Wmultichar]
2026-09-07T18:02:35.2645763Z    22 |         TYPE_STRING = 'TEXT',
2026-09-07T18:02:35.2675774Z       |                       ^~~~~~
2026-09-07T18:02:35.2706462Z /home/runner/work/PocketKrKr/PocketKrKr/cpp/plugins/psdfile/psdparse/psddesc.h:23:27: warning: multi-character character constant [-Wmultichar]
2026-09-07T18:02:35.2735786Z    23 |         TYPE_ENUMERATED = 'enum',
2026-09-07T18:02:35.2765749Z       |                           ^~~~~~
2026-09-07T18:02:35.2796488Z /home/runner/work/PocketKrKr/PocketKrKr/cpp/plugins/psdfile/psdparse/psddesc.h:24:24: warning: multi-character character constant [-Wmultichar]
2026-09-07T18:02:35.2825790Z    24 |         TYPE_INTEGER = 'long',
2026-09-07T18:02:35.2855748Z       |                        ^~~~~~
2026-09-07T18:02:35.2886492Z /home/runner/work/PocketKrKr/PocketKrKr/cpp/plugins/psdfile/psdparse/psddesc.h:25:24: warning: multi-character character constant [-Wmultichar]
2026-09-07T18:02:35.2915729Z    25 |         TYPE_BOOLEAN = 'bool',
2026-09-07T18:02:35.2945757Z       |                        ^~~~~~
2026-09-07T18:02:35.2976464Z /home/runner/work/PocketKrKr/PocketKrKr/cpp/plugins/psdfile/psdparse/psddesc.h:26:30: warning: multi-character character constant [-Wmultichar]
2026-09-07T18:02:35.3005773Z    26 |         TYPE_GLOBAL_OBJECT = 'GlbO',
2026-09-07T18:02:35.3035817Z       |                              ^~~~~~
2026-09-07T18:02:35.3066837Z /home/runner/work/PocketKrKr/PocketKrKr/cpp/plugins/psdfile/psdparse/psddesc.h:27:23: warning: multi-character character constant [-Wmultichar]
2026-09-07T18:02:35.3095773Z    27 |         TYPE_CLASS1 = 'type',
2026-09-07T18:02:35.3125745Z       |                       ^~~~~~
2026-09-07T18:02:35.3166409Z /home/runner/work/PocketKrKr/PocketKrKr/cpp/plugins/psdfile/psdparse/psddesc.h:28:23: warning: multi-character character constant [-Wmultichar]
2026-09-07T18:02:35.3185881Z    28 |         TYPE_CLASS2 = 'GlbC',
2026-09-07T18:02:35.3215736Z       |                       ^~~~~~
2026-09-07T18:02:35.3246461Z /home/runner/work/PocketKrKr/PocketKrKr/cpp/plugins/psdfile/psdparse/psddesc.h:29:22: warning: multi-character character constant [-Wmultichar]
2026-09-07T18:02:35.3275766Z    29 |         TYPE_ALIAS = 'alis',
2026-09-07T18:02:35.3305751Z       |                      ^~~~~~
2026-09-07T18:02:35.3336483Z /home/runner/work/PocketKrKr/PocketKrKr/cpp/plugins/psdfile/psdparse/psddesc.h:30:25: warning: multi-character character constant [-Wmultichar]
2026-09-07T18:02:35.3365781Z    30 |         TYPE_RAW_DATA = 'tdta',
2026-09-07T18:02:35.3395772Z       |                         ^~~~~~
2026-09-07T18:02:35.3426481Z /home/runner/work/PocketKrKr/PocketKrKr/cpp/plugins/psdfile/psdparse/psddesc.h:34:23: warning: multi-character character constant [-Wmultichar]
2026-09-07T18:02:35.3455756Z    34 |         UNIT_POINTS = '#Pnt',
2026-09-07T18:02:35.3485738Z       |                       ^~~~~~
2026-09-07T18:02:35.3516468Z /home/runner/work/PocketKrKr/PocketKrKr/cpp/plugins/psdfile/psdparse/psddesc.h:35:28: warning: multi-character character constant [-Wmultichar]
2026-09-07T18:02:35.3545785Z    35 |         UNIT_MILLIMETERS = '#Mlm',
2026-09-07T18:02:35.3575869Z       |                            ^~~~~~
2026-09-07T18:02:35.3606491Z /home/runner/work/PocketKrKr/PocketKrKr/cpp/plugins/psdfile/psdparse/psddesc.h:36:22: warning: multi-character character constant [-Wmultichar]
2026-09-07T18:02:35.3635806Z    36 |         UNIT_ANGLE = '#Ang', // degrees
2026-09-07T18:02:35.3665751Z       |                      ^~~~~~
2026-09-07T18:02:35.3696497Z /home/runner/work/PocketKrKr/PocketKrKr/cpp/plugins/psdfile/psdparse/psddesc.h:37:24: warning: multi-character character constant [-Wmultichar]
2026-09-07T18:02:35.3725826Z    37 |         UNIT_DENSITY = '#Rsl', // base per inch
2026-09-07T18:02:35.3755751Z       |                        ^~~~~~
2026-09-07T18:02:35.3786477Z /home/runner/work/PocketKrKr/PocketKrKr/cpp/plugins/psdfile/psdparse/psddesc.h:38:25: warning: multi-character character constant [-Wmultichar]
2026-09-07T18:02:35.3815821Z    38 |         UNIT_DISTANCE = '#Rlt', // base 72ppi
2026-09-07T18:02:35.3845757Z       |                         ^~~~~~
2026-09-07T18:02:35.3876484Z /home/runner/work/PocketKrKr/PocketKrKr/cpp/plugins/psdfile/psdparse/psddesc.h:39:21: warning: multi-character character constant [-Wmultichar]
2026-09-07T18:02:35.3905777Z    39 |         UNIT_NONE = '#Nne',
2026-09-07T18:02:35.3935762Z       |                     ^~~~~~
2026-09-07T18:02:35.3966505Z /home/runner/work/PocketKrKr/PocketKrKr/cpp/plugins/psdfile/psdparse/psddesc.h:40:24: warning: multi-character character constant [-Wmultichar]
2026-09-07T18:02:35.3995833Z    40 |         UNIT_PERCENT = '#Prc',
2026-09-07T18:02:35.4025780Z       |                        ^~~~~~
2026-09-07T18:02:35.4027021Z /home/runner/work/PocketKrKr/PocketKrKr/cpp/plugins/psdfile/psdparse/psddesc.h:41:23: warning: multi-character character constant [-Wmultichar]
2026-09-07T18:02:35.4028299Z    41 |         UNIT_PIXELS = '#Pxl',
2026-09-07T18:02:35.4028793Z       |                       ^~~~~~
2026-09-07T18:02:35.4029974Z /home/runner/work/PocketKrKr/PocketKrKr/cpp/plugins/psdfile/psdparse/psddesc.h:46:29: warning: multi-character character constant [-Wmultichar]
2026-09-07T18:02:35.4031176Z    46 |         REF_TYPE_PROPERTY = 'prop',
2026-09-07T18:02:35.4031699Z       |                             ^~~~~~
2026-09-07T18:02:35.4032890Z /home/runner/work/PocketKrKr/PocketKrKr/cpp/plugins/psdfile/psdparse/psddesc.h:47:26: warning: multi-character character constant [-Wmultichar]
2026-09-07T18:02:35.4034402Z    47 |         REF_TYPE_CLASS = 'Clss',
2026-09-07T18:02:35.4034909Z       |                          ^~~~~~
2026-09-07T18:02:35.4036372Z /home/runner/work/PocketKrKr/PocketKrKr/cpp/plugins/psdfile/psdparse/psddesc.h:48:29: warning: multi-character character constant [-Wmultichar]
2026-09-07T18:02:35.4037916Z    48 |         REF_TYPE_ENUM_REF = 'Enmr',
2026-09-07T18:02:35.4038438Z       |                             ^~~~~~
2026-09-07T18:02:35.4039619Z /home/runner/work/PocketKrKr/PocketKrKr/cpp/plugins/psdfile/psdparse/psddesc.h:49:27: warning: multi-character character constant [-Wmultichar]
2026-09-07T18:02:35.4040856Z    49 |         REF_TYPE_OFFSET = 'rele',
2026-09-07T18:02:35.4041359Z       |                           ^~~~~~
2026-09-07T18:02:35.4042558Z /home/runner/work/PocketKrKr/PocketKrKr/cpp/plugins/psdfile/psdparse/psddesc.h:50:31: warning: multi-character character constant [-Wmultichar]
2026-09-07T18:02:35.4043825Z    50 |         REF_TYPE_IDENTIFIER = 'Idnt',
2026-09-07T18:02:35.4044373Z       |                               ^~~~~~
2026-09-07T18:02:35.4045939Z /home/runner/work/PocketKrKr/PocketKrKr/cpp/plugins/psdfile/psdparse/psddesc.h:51:26: warning: multi-character character constant [-Wmultichar]
2026-09-07T18:02:35.4055780Z    51 |         REF_TYPE_INDEX = 'indx',
2026-09-07T18:02:35.4085759Z       |                          ^~~~~~
2026-09-07T18:02:35.4116484Z /home/runner/work/PocketKrKr/PocketKrKr/cpp/plugins/psdfile/psdparse/psddesc.h:52:25: warning: multi-character character constant [-Wmultichar]
2026-09-07T18:02:35.4117713Z    52 |         REF_TYPE_NAME = 'name',
2026-09-07T18:02:35.4118157Z       |                         ^~~~~~
2026-09-07T18:02:35.4119019Z In file included from /home/runner/work/PocketKrKr/PocketKrKr/cpp/plugins/psdfile/psdparse/psdfile.h:4,
2026-09-07T18:02:35.4120182Z                  from /home/runner/work/PocketKrKr/PocketKrKr/cpp/plugins/psdfile/psdclass.h:9,
2026-09-07T18:02:35.4121346Z                  from /home/runner/work/PocketKrKr/PocketKrKr/cpp/plugins/psdfile/psdclass_loadmem.cpp:1:
2026-09-07T18:02:35.4122857Z /home/runner/work/PocketKrKr/PocketKrKr/cpp/plugins/psdfile/psdparse/psddata.h:113:18: warning: multi-character character constant [-Wmultichar]
2026-09-07T18:02:35.4123992Z   113 |             case 'norm':
2026-09-07T18:02:35.4124424Z       |                  ^~~~~~
2026-09-07T18:02:35.4125765Z /home/runner/work/PocketKrKr/PocketKrKr/cpp/plugins/psdfile/psdparse/psddata.h:115:18: warning: multi-character character constant [-Wmultichar]
2026-09-07T18:02:35.4126900Z   115 |             case 'diss':
2026-09-07T18:02:35.4127318Z       |                  ^~~~~~
2026-09-07T18:02:35.4128373Z /home/runner/work/PocketKrKr/PocketKrKr/cpp/plugins/psdfile/psdparse/psddata.h:117:18: warning: multi-character character constant [-Wmultichar]
2026-09-07T18:02:35.4129528Z   117 |             case 'dark':
2026-09-07T18:02:35.4129948Z       |                  ^~~~~~
2026-09-07T18:02:35.4130995Z /home/runner/work/PocketKrKr/PocketKrKr/cpp/plugins/psdfile/psdparse/psddata.h:119:18: warning: multi-character character constant [-Wmultichar]
2026-09-07T18:02:35.4132155Z   119 |             case 'mul ':
2026-09-07T18:02:35.4132526Z       |                  ^~~~~~
2026-09-07T18:02:35.4133581Z /home/runner/work/PocketKrKr/PocketKrKr/cpp/plugins/psdfile/psdparse/psddata.h:121:18: warning: multi-character character constant [-Wmultichar]
2026-09-07T18:02:35.4134749Z   121 |             case 'idiv':
2026-09-07T18:02:35.4135140Z       |                  ^~~~~~
2026-09-07T18:02:35.4136461Z /home/runner/work/PocketKrKr/PocketKrKr/cpp/plugins/psdfile/psdparse/psddata.h:123:18: warning: multi-character character constant [-Wmultichar]
2026-09-07T18:02:35.4137657Z   123 |             case 'lbrn':
2026-09-07T18:02:35.4138075Z       |                  ^~~~~~
2026-09-07T18:02:35.4139193Z /home/runner/work/PocketKrKr/PocketKrKr/cpp/plugins/psdfile/psdparse/psddata.h:125:18: warning: multi-character character constant [-Wmultichar]
2026-09-07T18:02:35.4140379Z   125 |             case 'dkCl':
2026-09-07T18:02:35.4141083Z       |                  ^~~~~~
2026-09-07T18:02:35.4142223Z /home/runner/work/PocketKrKr/PocketKrKr/cpp/plugins/psdfile/psdparse/psddata.h:127:18: warning: multi-character character constant [-Wmultichar]
2026-09-07T18:02:35.4143412Z   127 |             case 'lite':
2026-09-07T18:02:35.4144074Z       |                  ^~~~~~
2026-09-07T18:02:35.4175605Z /home/runner/work/PocketKrKr/PocketKrKr/cpp/plugins/psdfile/psdparse/psddata.h:129:18: warning: multi-character character constant [-Wmultichar]
2026-09-07T18:02:35.4176981Z   129 |             case 'scrn':
2026-09-07T18:02:35.4177418Z       |                  ^~~~~~
2026-09-07T18:02:35.4178571Z /home/runner/work/PocketKrKr/PocketKrKr/cpp/plugins/psdfile/psdparse/psddata.h:131:18: warning: multi-character character constant [-Wmultichar]
2026-09-07T18:02:35.4179775Z   131 |             case 'div ':
2026-09-07T18:02:35.4180203Z       |                  ^~~~~~
2026-09-07T18:02:35.4181335Z /home/runner/work/PocketKrKr/PocketKrKr/cpp/plugins/psdfile/psdparse/psddata.h:133:18: warning: multi-character character constant [-Wmultichar]
2026-09-07T18:02:35.4182524Z   133 |             case 'lddg':
2026-09-07T18:02:35.4182959Z       |                  ^~~~~~
2026-09-07T18:02:35.4184082Z /home/runner/work/PocketKrKr/PocketKrKr/cpp/plugins/psdfile/psdparse/psddata.h:135:18: warning: multi-character character constant [-Wmultichar]
2026-09-07T18:02:35.4185478Z   135 |             case 'ltCl':
2026-09-07T18:02:35.4185911Z       |                  ^~~~~~
2026-09-07T18:02:35.4187050Z /home/runner/work/PocketKrKr/PocketKrKr/cpp/plugins/psdfile/psdparse/psddata.h:137:18: warning: multi-character character constant [-Wmultichar]
2026-09-07T18:02:35.4188254Z   137 |             case 'over':
2026-09-07T18:02:35.4188672Z       |                  ^~~~~~
2026-09-07T18:02:35.4189797Z /home/runner/work/PocketKrKr/PocketKrKr/cpp/plugins/psdfile/psdparse/psddata.h:139:18: warning: multi-character character constant [-Wmultichar]
2026-09-07T18:02:35.4190983Z   139 |             case 'sLit':
2026-09-07T18:02:35.4191404Z       |                  ^~~~~~
2026-09-07T18:02:35.4192515Z /home/runner/work/PocketKrKr/PocketKrKr/cpp/plugins/psdfile/psdparse/psddata.h:141:18: warning: multi-character character constant [-Wmultichar]
2026-09-07T18:02:35.4193697Z   141 |             case 'hLit':
2026-09-07T18:02:35.4194119Z       |                  ^~~~~~
2026-09-07T18:02:35.4195435Z /home/runner/work/PocketKrKr/PocketKrKr/cpp/plugins/psdfile/psdparse/psddata.h:143:18: warning: multi-character character constant [-Wmultichar]
2026-09-07T18:02:35.4196770Z   143 |             case 'vLit':
2026-09-07T18:02:35.4197189Z       |                  ^~~~~~
2026-09-07T18:02:35.4198300Z /home/runner/work/PocketKrKr/PocketKrKr/cpp/plugins/psdfile/psdparse/psddata.h:145:18: warning: multi-character character constant [-Wmultichar]
2026-09-07T18:02:35.4199493Z   145 |             case 'lLit':
2026-09-07T18:02:35.4199909Z       |                  ^~~~~~
2026-09-07T18:02:35.4201019Z /home/runner/work/PocketKrKr/PocketKrKr/cpp/plugins/psdfile/psdparse/psddata.h:147:18: warning: multi-character character constant [-Wmultichar]
2026-09-07T18:02:35.4202215Z   147 |             case 'pLit':
2026-09-07T18:02:35.4202632Z       |                  ^~~~~~
2026-09-07T18:02:35.4203735Z /home/runner/work/PocketKrKr/PocketKrKr/cpp/plugins/psdfile/psdparse/psddata.h:149:18: warning: multi-character character constant [-Wmultichar]
2026-09-07T18:02:35.4204926Z   149 |             case 'hMix':
2026-09-07T18:02:35.4235833Z       |                  ^~~~~~
2026-09-07T18:02:35.4237043Z /home/runner/work/PocketKrKr/PocketKrKr/cpp/plugins/psdfile/psdparse/psddata.h:151:18: warning: multi-character character constant [-Wmultichar]
2026-09-07T18:02:35.4238259Z   151 |             case 'diff':
2026-09-07T18:02:35.4238699Z       |                  ^~~~~~
2026-09-07T18:02:35.4239832Z /home/runner/work/PocketKrKr/PocketKrKr/cpp/plugins/psdfile/psdparse/psddata.h:153:18: warning: multi-character character constant [-Wmultichar]
2026-09-07T18:02:35.4241306Z   153 |             case 'smud':
2026-09-07T18:02:35.4241751Z       |                  ^~~~~~
2026-09-07T18:02:35.4242861Z /home/runner/work/PocketKrKr/PocketKrKr/cpp/plugins/psdfile/psdparse/psddata.h:155:18: warning: multi-character character constant [-Wmultichar]
2026-09-07T18:02:35.4244294Z   155 |             case 'fsub':
2026-09-07T18:02:35.4244718Z       |                  ^~~~~~
2026-09-07T18:02:35.4246115Z /home/runner/work/PocketKrKr/PocketKrKr/cpp/plugins/psdfile/psdparse/psddata.h:157:18: warning: multi-character character constant [-Wmultichar]
2026-09-07T18:02:35.4247328Z   157 |             case 'fdiv':
2026-09-07T18:02:35.4247757Z       |                  ^~~~~~
2026-09-07T18:02:35.4248888Z /home/runner/work/PocketKrKr/PocketKrKr/cpp/plugins/psdfile/psdparse/psddata.h:159:18: warning: multi-character character constant [-Wmultichar]
2026-09-07T18:02:35.4250081Z   159 |             case 'hue ':
2026-09-07T18:02:35.4250506Z       |                  ^~~~~~
2026-09-07T18:02:35.4251607Z /home/runner/work/PocketKrKr/PocketKrKr/cpp/plugins/psdfile/psdparse/psddata.h:161:18: warning: multi-character character constant [-Wmultichar]
2026-09-07T18:02:35.4252725Z   161 |             case 'sat ':
2026-09-07T18:02:35.4253146Z       |                  ^~~~~~
2026-09-07T18:02:35.4254232Z /home/runner/work/PocketKrKr/PocketKrKr/cpp/plugins/psdfile/psdparse/psddata.h:163:18: warning: multi-character character constant [-Wmultichar]
2026-09-07T18:02:35.4255413Z   163 |             case 'colr':
2026-09-07T18:02:35.4255849Z       |                  ^~~~~~
2026-09-07T18:02:35.4256943Z /home/runner/work/PocketKrKr/PocketKrKr/cpp/plugins/psdfile/psdparse/psddata.h:165:18: warning: multi-character character constant [-Wmultichar]
2026-09-07T18:02:35.4257997Z   165 |             case 'lum ':
2026-09-07T18:02:35.4258413Z       |                  ^~~~~~
2026-09-07T18:02:35.4259459Z /home/runner/work/PocketKrKr/PocketKrKr/cpp/plugins/psdfile/psdparse/psddata.h:167:18: warning: multi-character character constant [-Wmultichar]
2026-09-07T18:02:35.4260624Z   167 |             case 'pass':
2026-09-07T18:02:35.4261022Z       |                  ^~~~~~
2026-09-07T18:02:35.4261803Z In file included from /home/runner/work/PocketKrKr/PocketKrKr/cpp/plugins/psdfile/psdparse/psdfile.h:3,
2026-09-07T18:02:35.4262956Z                  from /home/runner/work/PocketKrKr/PocketKrKr/cpp/plugins/psdfile/psdclass.h:9,
2026-09-07T18:02:35.4264035Z                  from /home/runner/work/PocketKrKr/PocketKrKr/cpp/plugins/psdfile/psdclass_loadmem.cpp:1:
2026-09-07T18:02:35.4296731Z /home/runner/work/PocketKrKr/PocketKrKr/cpp/plugins/psdfile/psdparse/psddesc.h: In member function ‘virtual void psd::DescriptorReference::dump(int)’:
2026-09-07T18:02:35.4299903Z /home/runner/work/PocketKrKr/PocketKrKr/cpp/plugins/psdfile/psdparse/psddesc.h:234:20: warning: format ‘%d’ expects argument of type ‘int’, but argument 3 has type ‘std::vector<psd::ReferenceItem*>::size_type’ {aka ‘long unsigned int’} [-Wformat=]
2026-09-07T18:02:35.4301894Z   234 |             dprint("%s (count:%d)\n", typeName(), items.size());
2026-09-07T18:02:35.4302557Z       |                    ^~~~~~~~~~~~~~~~~              ~~~~~~~~~~~~
2026-09-07T18:02:35.4303128Z       |                                                             |
2026-09-07T18:02:35.4303997Z       |                                                             std::vector<psd::ReferenceItem*>::size_type {aka long unsigned int}
2026-09-07T18:02:35.4305732Z /home/runner/work/PocketKrKr/PocketKrKr/cpp/plugins/psdfile/psdparse/psdbase.h:7:28: note: in definition of macro ‘dprint’
2026-09-07T18:02:35.4306818Z     7 | #define dprint(...) printf(__VA_ARGS__);
2026-09-07T18:02:35.4307337Z       |                            ^~~~~~~~~~~
2026-09-07T18:02:35.4308182Z In file included from /home/runner/work/PocketKrKr/PocketKrKr/cpp/plugins/psdfile/psdparse/psddata.h:5,
2026-09-07T18:02:35.4309428Z                  from /home/runner/work/PocketKrKr/PocketKrKr/cpp/plugins/psdfile/psdparse/psdfile.h:4,
2026-09-07T18:02:35.4310774Z                  from /home/runner/work/PocketKrKr/PocketKrKr/cpp/plugins/psdfile/psdclass.h:9,
2026-09-07T18:02:35.4311887Z                  from /home/runner/work/PocketKrKr/PocketKrKr/cpp/plugins/psdfile/psdclass_loadmem.cpp:1:
2026-09-07T18:02:35.4313284Z /home/runner/work/PocketKrKr/PocketKrKr/cpp/plugins/psdfile/psdparse/psddesc.h:234:32: note: format string is defined here
2026-09-07T18:02:35.4314631Z   234 |             dprint("%s (count:%d)\n", typeName(), items.size());
2026-09-07T18:02:35.4315440Z       |                               ~^
2026-09-07T18:02:35.4315879Z       |                                |
2026-09-07T18:02:35.4316313Z       |                                int
2026-09-07T18:02:35.4316756Z       |                               %ld
2026-09-07T18:02:35.4317592Z In file included from /home/runner/work/PocketKrKr/PocketKrKr/cpp/plugins/psdfile/psdparse/psdfile.h:3,
2026-09-07T18:02:35.4318788Z                  from /home/runner/work/PocketKrKr/PocketKrKr/cpp/plugins/psdfile/psdclass.h:9,
2026-09-07T18:02:35.4319886Z                  from /home/runner/work/PocketKrKr/PocketKrKr/cpp/plugins/psdfile/psdclass_loadmem.cpp:1:
2026-09-07T18:02:35.4321788Z /home/runner/work/PocketKrKr/PocketKrKr/cpp/plugins/psdfile/psdparse/psddesc.h: In member function ‘virtual void psd::DescriptorList::dump(int)’:
2026-09-07T18:02:35.4324744Z /home/runner/work/PocketKrKr/PocketKrKr/cpp/plugins/psdfile/psdparse/psddesc.h:253:20: warning: format ‘%d’ expects argument of type ‘int’, but argument 3 has type ‘std::vector<psd::DescriptorItem*>::size_type’ {aka ‘long unsigned int’} [-Wformat=]
2026-09-07T18:02:35.4357172Z   253 |             dprint("%s (count:%d)\n", typeName(), items.size());
2026-09-07T18:02:35.4357860Z       |                    ^~~~~~~~~~~~~~~~~              ~~~~~~~~~~~~
2026-09-07T18:02:35.4358470Z       |                                                             |
2026-09-07T18:02:35.4359353Z       |                                                             std::vector<psd::DescriptorItem*>::size_type {aka long unsigned int}
2026-09-07T18:02:35.4360962Z /home/runner/work/PocketKrKr/PocketKrKr/cpp/plugins/psdfile/psdparse/psdbase.h:7:28: note: in definition of macro ‘dprint’
2026-09-07T18:02:35.4362081Z     7 | #define dprint(...) printf(__VA_ARGS__);
2026-09-07T18:02:35.4362620Z       |                            ^~~~~~~~~~~
2026-09-07T18:02:35.4363511Z In file included from /home/runner/work/PocketKrKr/PocketKrKr/cpp/plugins/psdfile/psdparse/psddata.h:5,
2026-09-07T18:02:35.4364738Z                  from /home/runner/work/PocketKrKr/PocketKrKr/cpp/plugins/psdfile/psdparse/psdfile.h:4,
2026-09-07T18:02:35.4366097Z                  from /home/runner/work/PocketKrKr/PocketKrKr/cpp/plugins/psdfile/psdclass.h:9,
2026-09-07T18:02:35.4367301Z                  from /home/runner/work/PocketKrKr/PocketKrKr/cpp/plugins/psdfile/psdclass_loadmem.cpp:1:
2026-09-07T18:02:35.4368695Z /home/runner/work/PocketKrKr/PocketKrKr/cpp/plugins/psdfile/psdparse/psddesc.h:253:32: note: format string is defined here
2026-09-07T18:02:35.4369882Z   253 |             dprint("%s (count:%d)\n", typeName(), items.size());
2026-09-07T18:02:35.4370471Z       |                               ~^
2026-09-07T18:02:35.4370914Z       |                                |
2026-09-07T18:02:35.4371362Z       |                                int
2026-09-07T18:02:35.4371833Z       |                               %ld
2026-09-07T18:02:35.4372622Z In file included from /home/runner/work/PocketKrKr/PocketKrKr/cpp/plugins/psdfile/psdclass.h:10,
2026-09-07T18:02:35.4373836Z                  from /home/runner/work/PocketKrKr/PocketKrKr/cpp/plugins/psdfile/psdclass_loadmem.cpp:1:
2026-09-07T18:02:35.4376282Z /home/runner/work/PocketKrKr/PocketKrKr/cpp/core/plugin/ncbind.hpp: In static member function ‘static ncbTypeConvertor::Conversion<FROM, TO>::OK ncbTypeConvertor::Conversion<FROM, TO>::check(TO)’:
2026-09-07T18:02:35.4378681Z /home/runner/work/PocketKrKr/PocketKrKr/cpp/core/plugin/ncbind.hpp:244:38: warning: no return statement in function returning non-void [-Wreturn-type]
2026-09-07T18:02:35.4379915Z   244 |                 static OK check(TO) {};
2026-09-07T18:02:35.4420921Z       |                                      ^
2026-09-07T18:02:35.8946647Z [713/741] Building CXX object bridge/engine_api/CMakeFiles/engine_api.dir/__/__/cpp/plugins/psdfile/psdclass.cpp.o
2026-09-07T18:02:35.8976172Z In file included from /home/runner/work/PocketKrKr/PocketKrKr/cpp/plugins/psdfile/psdparse/psddata.h:5,
2026-09-07T18:02:35.9006018Z                  from /home/runner/work/PocketKrKr/PocketKrKr/cpp/plugins/psdfile/psdparse/psdfile.h:4,
2026-09-07T18:02:35.9035922Z                  from /home/runner/work/PocketKrKr/PocketKrKr/cpp/plugins/psdfile/psdclass.h:9,
2026-09-07T18:02:35.9065930Z                  from /home/runner/work/PocketKrKr/PocketKrKr/cpp/plugins/psdfile/psdclass.cpp:4:
2026-09-07T18:02:35.9096356Z /home/runner/work/PocketKrKr/PocketKrKr/cpp/plugins/psdfile/psdparse/psddesc.h:17:26: warning: multi-character character constant [-Wmultichar]
2026-09-07T18:02:35.9131889Z    17 |         TYPE_REFERENCE = 'obj ',
2026-09-07T18:02:35.9135748Z       |                          ^~~~~~
2026-09-07T18:02:35.9166472Z /home/runner/work/PocketKrKr/PocketKrKr/cpp/plugins/psdfile/psdparse/psddesc.h:18:27: warning: multi-character character constant [-Wmultichar]
2026-09-07T18:02:35.9191990Z    18 |         TYPE_DESCRIPTOR = 'Objc',
2026-09-07T18:02:35.9192665Z       |                           ^~~~~~
2026-09-07T18:02:35.9194036Z /home/runner/work/PocketKrKr/PocketKrKr/cpp/plugins/psdfile/psdparse/psddesc.h:19:21: warning: multi-character character constant [-Wmultichar]
2026-09-07T18:02:35.9195763Z    19 |         TYPE_LIST = 'VlLs',
2026-09-07T18:02:35.9196291Z       |                     ^~~~~~
2026-09-07T18:02:35.9197436Z /home/runner/work/PocketKrKr/PocketKrKr/cpp/plugins/psdfile/psdparse/psddesc.h:20:23: warning: multi-character character constant [-Wmultichar]
2026-09-07T18:02:35.9198628Z    20 |         TYPE_DOUBLE = 'doub',
2026-09-07T18:02:35.9199122Z       |                       ^~~~~~
2026-09-07T18:02:35.9200285Z /home/runner/work/PocketKrKr/PocketKrKr/cpp/plugins/psdfile/psdparse/psddesc.h:21:27: warning: multi-character character constant [-Wmultichar]
2026-09-07T18:02:35.9201488Z    21 |         TYPE_UNIT_FLOAT = 'UntF',
2026-09-07T18:02:35.9201961Z       |                           ^~~~~~
2026-09-07T18:02:35.9203109Z /home/runner/work/PocketKrKr/PocketKrKr/cpp/plugins/psdfile/psdparse/psddesc.h:22:23: warning: multi-character character constant [-Wmultichar]
2026-09-07T18:02:35.9204291Z    22 |         TYPE_STRING = 'TEXT',
2026-09-07T18:02:35.9204744Z       |                       ^~~~~~
2026-09-07T18:02:35.9206114Z /home/runner/work/PocketKrKr/PocketKrKr/cpp/plugins/psdfile/psdparse/psddesc.h:23:27: warning: multi-character character constant [-Wmultichar]
2026-09-07T18:02:35.9207275Z    23 |         TYPE_ENUMERATED = 'enum',
2026-09-07T18:02:35.9207761Z       |                           ^~~~~~
2026-09-07T18:02:35.9208893Z /home/runner/work/PocketKrKr/PocketKrKr/cpp/plugins/psdfile/psdparse/psddesc.h:24:24: warning: multi-character character constant [-Wmultichar]
2026-09-07T18:02:35.9210055Z    24 |         TYPE_INTEGER = 'long',
2026-09-07T18:02:35.9210502Z       |                        ^~~~~~
2026-09-07T18:02:35.9211619Z /home/runner/work/PocketKrKr/PocketKrKr/cpp/plugins/psdfile/psdparse/psddesc.h:25:24: warning: multi-character character constant [-Wmultichar]
2026-09-07T18:02:35.9212771Z    25 |         TYPE_BOOLEAN = 'bool',
2026-09-07T18:02:35.9213210Z       |                        ^~~~~~
2026-09-07T18:02:35.9214303Z /home/runner/work/PocketKrKr/PocketKrKr/cpp/plugins/psdfile/psdparse/psddesc.h:26:30: warning: multi-character character constant [-Wmultichar]
2026-09-07T18:02:35.9215672Z    26 |         TYPE_GLOBAL_OBJECT = 'GlbO',
2026-09-07T18:02:35.9216155Z       |                              ^~~~~~
2026-09-07T18:02:35.9217650Z /home/runner/work/PocketKrKr/PocketKrKr/cpp/plugins/psdfile/psdparse/psddesc.h:27:23: warning: multi-character character constant [-Wmultichar]
2026-09-07T18:02:35.9218800Z    27 |         TYPE_CLASS1 = 'type',
2026-09-07T18:02:35.9219248Z       |                       ^~~~~~
2026-09-07T18:02:35.9220333Z /home/runner/work/PocketKrKr/PocketKrKr/cpp/plugins/psdfile/psdparse/psddesc.h:28:23: warning: multi-character character constant [-Wmultichar]
2026-09-07T18:02:35.9221706Z    28 |         TYPE_CLASS2 = 'GlbC',
2026-09-07T18:02:35.9222157Z       |                       ^~~~~~
2026-09-07T18:02:35.9223226Z /home/runner/work/PocketKrKr/PocketKrKr/cpp/plugins/psdfile/psdparse/psddesc.h:29:22: warning: multi-character character constant [-Wmultichar]
2026-09-07T18:02:35.9224386Z    29 |         TYPE_ALIAS = 'alis',
2026-09-07T18:02:35.9224830Z       |                      ^~~~~~
2026-09-07T18:02:35.9256351Z /home/runner/work/PocketKrKr/PocketKrKr/cpp/plugins/psdfile/psdparse/psddesc.h:30:25: warning: multi-character character constant [-Wmultichar]
2026-09-07T18:02:35.9257593Z    30 |         TYPE_RAW_DATA = 'tdta',
2026-09-07T18:02:35.9258078Z       |                         ^~~~~~
2026-09-07T18:02:35.9259216Z /home/runner/work/PocketKrKr/PocketKrKr/cpp/plugins/psdfile/psdparse/psddesc.h:34:23: warning: multi-character character constant [-Wmultichar]
2026-09-07T18:02:35.9260384Z    34 |         UNIT_POINTS = '#Pnt',
2026-09-07T18:02:35.9260863Z       |                       ^~~~~~
2026-09-07T18:02:35.9262001Z /home/runner/work/PocketKrKr/PocketKrKr/cpp/plugins/psdfile/psdparse/psddesc.h:35:28: warning: multi-character character constant [-Wmultichar]
2026-09-07T18:02:35.9263235Z    35 |         UNIT_MILLIMETERS = '#Mlm',
2026-09-07T18:02:35.9263741Z       |                            ^~~~~~
2026-09-07T18:02:35.9264865Z /home/runner/work/PocketKrKr/PocketKrKr/cpp/plugins/psdfile/psdparse/psddesc.h:36:22: warning: multi-character character constant [-Wmultichar]
2026-09-07T18:02:35.9266290Z    36 |         UNIT_ANGLE = '#Ang', // degrees
2026-09-07T18:02:35.9266787Z       |                      ^~~~~~
2026-09-07T18:02:35.9267904Z /home/runner/work/PocketKrKr/PocketKrKr/cpp/plugins/psdfile/psdparse/psddesc.h:37:24: warning: multi-character character constant [-Wmultichar]
2026-09-07T18:02:35.9269124Z    37 |         UNIT_DENSITY = '#Rsl', // base per inch
2026-09-07T18:02:35.9269650Z       |                        ^~~~~~
2026-09-07T18:02:35.9270771Z /home/runner/work/PocketKrKr/PocketKrKr/cpp/plugins/psdfile/psdparse/psddesc.h:38:25: warning: multi-character character constant [-Wmultichar]
2026-09-07T18:02:35.9271980Z    38 |         UNIT_DISTANCE = '#Rlt', // base 72ppi
2026-09-07T18:02:35.9272493Z       |                         ^~~~~~
2026-09-07T18:02:35.9273607Z /home/runner/work/PocketKrKr/PocketKrKr/cpp/plugins/psdfile/psdparse/psddesc.h:39:21: warning: multi-character character constant [-Wmultichar]
2026-09-07T18:02:35.9274757Z    39 |         UNIT_NONE = '#Nne',
2026-09-07T18:02:35.9275386Z       |                     ^~~~~~
2026-09-07T18:02:35.9276517Z /home/runner/work/PocketKrKr/PocketKrKr/cpp/plugins/psdfile/psdparse/psddesc.h:40:24: warning: multi-character character constant [-Wmultichar]
2026-09-07T18:02:35.9277694Z    40 |         UNIT_PERCENT = '#Prc',
2026-09-07T18:02:35.9278175Z       |                        ^~~~~~
2026-09-07T18:02:35.9279286Z /home/runner/work/PocketKrKr/PocketKrKr/cpp/plugins/psdfile/psdparse/psddesc.h:41:23: warning: multi-character character constant [-Wmultichar]
2026-09-07T18:02:35.9280471Z    41 |         UNIT_PIXELS = '#Pxl',
2026-09-07T18:02:35.9280928Z       |                       ^~~~~~
2026-09-07T18:02:35.9282033Z /home/runner/work/PocketKrKr/PocketKrKr/cpp/plugins/psdfile/psdparse/psddesc.h:46:29: warning: multi-character character constant [-Wmultichar]
2026-09-07T18:02:35.9283232Z    46 |         REF_TYPE_PROPERTY = 'prop',
2026-09-07T18:02:35.9283721Z       |                             ^~~~~~
2026-09-07T18:02:35.9284839Z /home/runner/work/PocketKrKr/PocketKrKr/cpp/plugins/psdfile/psdparse/psddesc.h:47:26: warning: multi-character character constant [-Wmultichar]
2026-09-07T18:02:35.9316793Z    47 |         REF_TYPE_CLASS = 'Clss',
2026-09-07T18:02:35.9317333Z       |                          ^~~~~~
2026-09-07T18:02:35.9318494Z /home/runner/work/PocketKrKr/PocketKrKr/cpp/plugins/psdfile/psdparse/psddesc.h:48:29: warning: multi-character character constant [-Wmultichar]
2026-09-07T18:02:35.9319893Z    48 |         REF_TYPE_ENUM_REF = 'Enmr',
2026-09-07T18:02:35.9320382Z       |                             ^~~~~~
2026-09-07T18:02:35.9321517Z /home/runner/work/PocketKrKr/PocketKrKr/cpp/plugins/psdfile/psdparse/psddesc.h:49:27: warning: multi-character character constant [-Wmultichar]
2026-09-07T18:02:35.9322674Z    49 |         REF_TYPE_OFFSET = 'rele',
2026-09-07T18:02:35.9323161Z       |                           ^~~~~~
2026-09-07T18:02:35.9324298Z /home/runner/work/PocketKrKr/PocketKrKr/cpp/plugins/psdfile/psdparse/psddesc.h:50:31: warning: multi-character character constant [-Wmultichar]
2026-09-07T18:02:35.9325734Z    50 |         REF_TYPE_IDENTIFIER = 'Idnt',
2026-09-07T18:02:35.9326225Z       |                               ^~~~~~
2026-09-07T18:02:35.9327378Z /home/runner/work/PocketKrKr/PocketKrKr/cpp/plugins/psdfile/psdparse/psddesc.h:51:26: warning: multi-character character constant [-Wmultichar]
2026-09-07T18:02:35.9328548Z    51 |         REF_TYPE_INDEX = 'indx',
2026-09-07T18:02:35.9329025Z       |                          ^~~~~~
2026-09-07T18:02:35.9330173Z /home/runner/work/PocketKrKr/PocketKrKr/cpp/plugins/psdfile/psdparse/psddesc.h:52:25: warning: multi-character character constant [-Wmultichar]
2026-09-07T18:02:35.9331403Z    52 |         REF_TYPE_NAME = 'name',
2026-09-07T18:02:35.9331859Z       |                         ^~~~~~
2026-09-07T18:02:35.9332738Z In file included from /home/runner/work/PocketKrKr/PocketKrKr/cpp/plugins/psdfile/psdparse/psdfile.h:4,
2026-09-07T18:02:35.9333937Z                  from /home/runner/work/PocketKrKr/PocketKrKr/cpp/plugins/psdfile/psdclass.h:9,
2026-09-07T18:02:35.9335039Z                  from /home/runner/work/PocketKrKr/PocketKrKr/cpp/plugins/psdfile/psdclass.cpp:4:
2026-09-07T18:02:35.9336754Z /home/runner/work/PocketKrKr/PocketKrKr/cpp/plugins/psdfile/psdparse/psddata.h:113:18: warning: multi-character character constant [-Wmultichar]
2026-09-07T18:02:35.9337962Z   113 |             case 'norm':
2026-09-07T18:02:35.9338409Z       |                  ^~~~~~
2026-09-07T18:02:35.9339522Z /home/runner/work/PocketKrKr/PocketKrKr/cpp/plugins/psdfile/psdparse/psddata.h:115:18: warning: multi-character character constant [-Wmultichar]
2026-09-07T18:02:35.9340725Z   115 |             case 'diss':
2026-09-07T18:02:35.9341152Z       |                  ^~~~~~
2026-09-07T18:02:35.9342277Z /home/runner/work/PocketKrKr/PocketKrKr/cpp/plugins/psdfile/psdparse/psddata.h:117:18: warning: multi-character character constant [-Wmultichar]
2026-09-07T18:02:35.9343453Z   117 |             case 'dark':
2026-09-07T18:02:35.9343879Z       |                  ^~~~~~
2026-09-07T18:02:35.9344996Z /home/runner/work/PocketKrKr/PocketKrKr/cpp/plugins/psdfile/psdparse/psddata.h:119:18: warning: multi-character character constant [-Wmultichar]
2026-09-07T18:02:35.9357043Z   119 |             case 'mul ':
2026-09-07T18:02:35.9357495Z       |                  ^~~~~~
2026-09-07T18:02:35.9358642Z /home/runner/work/PocketKrKr/PocketKrKr/cpp/plugins/psdfile/psdparse/psddata.h:121:18: warning: multi-character character constant [-Wmultichar]
2026-09-07T18:02:35.9359865Z   121 |             case 'idiv':
2026-09-07T18:02:35.9360287Z       |                  ^~~~~~
2026-09-07T18:02:35.9361416Z /home/runner/work/PocketKrKr/PocketKrKr/cpp/plugins/psdfile/psdparse/psddata.h:123:18: warning: multi-character character constant [-Wmultichar]
2026-09-07T18:02:35.9362624Z   123 |             case 'lbrn':
2026-09-07T18:02:35.9363045Z       |                  ^~~~~~
2026-09-07T18:02:35.9364175Z /home/runner/work/PocketKrKr/PocketKrKr/cpp/plugins/psdfile/psdparse/psddata.h:125:18: warning: multi-character character constant [-Wmultichar]
2026-09-07T18:02:35.9365813Z   125 |             case 'dkCl':
2026-09-07T18:02:35.9366246Z       |                  ^~~~~~
2026-09-07T18:02:35.9367378Z /home/runner/work/PocketKrKr/PocketKrKr/cpp/plugins/psdfile/psdparse/psddata.h:127:18: warning: multi-character character constant [-Wmultichar]
2026-09-07T18:02:35.9368547Z   127 |             case 'lite':
2026-09-07T18:02:35.9369194Z       |                  ^~~~~~
2026-09-07T18:02:35.9370329Z /home/runner/work/PocketKrKr/PocketKrKr/cpp/plugins/psdfile/psdparse/psddata.h:129:18: warning: multi-character character constant [-Wmultichar]
2026-09-07T18:02:35.9371533Z   129 |             case 'scrn':
2026-09-07T18:02:35.9371958Z       |                  ^~~~~~
2026-09-07T18:02:35.9373075Z /home/runner/work/PocketKrKr/PocketKrKr/cpp/plugins/psdfile/psdparse/psddata.h:131:18: warning: multi-character character constant [-Wmultichar]
2026-09-07T18:02:35.9374282Z   131 |             case 'div ':
2026-09-07T18:02:35.9374706Z       |                  ^~~~~~
2026-09-07T18:02:35.9376032Z /home/runner/work/PocketKrKr/PocketKrKr/cpp/plugins/psdfile/psdparse/psddata.h:133:18: warning: multi-character character constant [-Wmultichar]
2026-09-07T18:02:35.9377224Z   133 |             case 'lddg':
2026-09-07T18:02:35.9377640Z       |                  ^~~~~~
2026-09-07T18:02:35.9378759Z /home/runner/work/PocketKrKr/PocketKrKr/cpp/plugins/psdfile/psdparse/psddata.h:135:18: warning: multi-character character constant [-Wmultichar]
2026-09-07T18:02:35.9379946Z   135 |             case 'ltCl':
2026-09-07T18:02:35.9380361Z       |                  ^~~~~~
2026-09-07T18:02:35.9381487Z /home/runner/work/PocketKrKr/PocketKrKr/cpp/plugins/psdfile/psdparse/psddata.h:137:18: warning: multi-character character constant [-Wmultichar]
2026-09-07T18:02:35.9382739Z   137 |             case 'over':
2026-09-07T18:02:35.9383158Z       |                  ^~~~~~
2026-09-07T18:02:35.9384270Z /home/runner/work/PocketKrKr/PocketKrKr/cpp/plugins/psdfile/psdparse/psddata.h:139:18: warning: multi-character character constant [-Wmultichar]
2026-09-07T18:02:35.9435846Z   139 |             case 'sLit':
2026-09-07T18:02:35.9436307Z       |                  ^~~~~~
2026-09-07T18:02:35.9437474Z /home/runner/work/PocketKrKr/PocketKrKr/cpp/plugins/psdfile/psdparse/psddata.h:141:18: warning: multi-character character constant [-Wmultichar]
2026-09-07T18:02:35.9438706Z   141 |             case 'hLit':
2026-09-07T18:02:35.9439144Z       |                  ^~~~~~
2026-09-07T18:02:35.9440274Z /home/runner/work/PocketKrKr/PocketKrKr/cpp/plugins/psdfile/psdparse/psddata.h:143:18: warning: multi-character character constant [-Wmultichar]
2026-09-07T18:02:35.9441472Z   143 |             case 'vLit':
2026-09-07T18:02:35.9441903Z       |                  ^~~~~~
2026-09-07T18:02:35.9443023Z /home/runner/work/PocketKrKr/PocketKrKr/cpp/plugins/psdfile/psdparse/psddata.h:145:18: warning: multi-character character constant [-Wmultichar]
2026-09-07T18:02:35.9444210Z   145 |             case 'lLit':
2026-09-07T18:02:35.9444636Z       |                  ^~~~~~
2026-09-07T18:02:35.9445970Z /home/runner/work/PocketKrKr/PocketKrKr/cpp/plugins/psdfile/psdparse/psddata.h:147:18: warning: multi-character character constant [-Wmultichar]
2026-09-07T18:02:35.9447174Z   147 |             case 'pLit':
2026-09-07T18:02:35.9447593Z       |                  ^~~~~~
2026-09-07T18:02:35.9448716Z /home/runner/work/PocketKrKr/PocketKrKr/cpp/plugins/psdfile/psdparse/psddata.h:149:18: warning: multi-character character constant [-Wmultichar]
2026-09-07T18:02:35.9449901Z   149 |             case 'hMix':
2026-09-07T18:02:35.9450315Z       |                  ^~~~~~
2026-09-07T18:02:35.9451427Z /home/runner/work/PocketKrKr/PocketKrKr/cpp/plugins/psdfile/psdparse/psddata.h:151:18: warning: multi-character character constant [-Wmultichar]
2026-09-07T18:02:35.9452604Z   151 |             case 'diff':
2026-09-07T18:02:35.9453020Z       |                  ^~~~~~
2026-09-07T18:02:35.9454394Z /home/runner/work/PocketKrKr/PocketKrKr/cpp/plugins/psdfile/psdparse/psddata.h:153:18: warning: multi-character character constant [-Wmultichar]
2026-09-07T18:02:35.9455808Z   153 |             case 'smud':
2026-09-07T18:02:35.9456244Z       |                  ^~~~~~
2026-09-07T18:02:35.9457369Z /home/runner/work/PocketKrKr/PocketKrKr/cpp/plugins/psdfile/psdparse/psddata.h:155:18: warning: multi-character character constant [-Wmultichar]
2026-09-07T18:02:35.9458768Z   155 |             case 'fsub':
2026-09-07T18:02:35.9459193Z       |                  ^~~~~~
2026-09-07T18:02:35.9460310Z /home/runner/work/PocketKrKr/PocketKrKr/cpp/plugins/psdfile/psdparse/psddata.h:157:18: warning: multi-character character constant [-Wmultichar]
2026-09-07T18:02:35.9461501Z   157 |             case 'fdiv':
2026-09-07T18:02:35.9461921Z       |                  ^~~~~~
2026-09-07T18:02:35.9463047Z /home/runner/work/PocketKrKr/PocketKrKr/cpp/plugins/psdfile/psdparse/psddata.h:159:18: warning: multi-character character constant [-Wmultichar]
2026-09-07T18:02:35.9464256Z   159 |             case 'hue ':
2026-09-07T18:02:35.9464683Z       |                  ^~~~~~
2026-09-07T18:02:35.9496212Z /home/runner/work/PocketKrKr/PocketKrKr/cpp/plugins/psdfile/psdparse/psddata.h:161:18: warning: multi-character character constant [-Wmultichar]
2026-09-07T18:02:35.9497458Z   161 |             case 'sat ':
2026-09-07T18:02:35.9497892Z       |                  ^~~~~~
2026-09-07T18:02:35.9499041Z /home/runner/work/PocketKrKr/PocketKrKr/cpp/plugins/psdfile/psdparse/psddata.h:163:18: warning: multi-character character constant [-Wmultichar]
2026-09-07T18:02:35.9500243Z   163 |             case 'colr':
2026-09-07T18:02:35.9500679Z       |                  ^~~~~~
2026-09-07T18:02:35.9501821Z /home/runner/work/PocketKrKr/PocketKrKr/cpp/plugins/psdfile/psdparse/psddata.h:165:18: warning: multi-character character constant [-Wmultichar]
2026-09-07T18:02:35.9503021Z   165 |             case 'lum ':
2026-09-07T18:02:35.9503460Z       |                  ^~~~~~
2026-09-07T18:02:35.9504587Z /home/runner/work/PocketKrKr/PocketKrKr/cpp/plugins/psdfile/psdparse/psddata.h:167:18: warning: multi-character character constant [-Wmultichar]
2026-09-07T18:02:35.9505987Z   167 |             case 'pass':
2026-09-07T18:02:35.9506416Z       |                  ^~~~~~
2026-09-07T18:02:35.9507279Z In file included from /home/runner/work/PocketKrKr/PocketKrKr/cpp/plugins/psdfile/psdparse/psdfile.h:3,
2026-09-07T18:02:35.9508528Z                  from /home/runner/work/PocketKrKr/PocketKrKr/cpp/plugins/psdfile/psdclass.h:9,
2026-09-07T18:02:35.9509639Z                  from /home/runner/work/PocketKrKr/PocketKrKr/cpp/plugins/psdfile/psdclass.cpp:4:
2026-09-07T18:02:35.9511843Z /home/runner/work/PocketKrKr/PocketKrKr/cpp/plugins/psdfile/psdparse/psddesc.h: In member function ‘virtual void psd::DescriptorReference::dump(int)’:
2026-09-07T18:02:35.9514896Z /home/runner/work/PocketKrKr/PocketKrKr/cpp/plugins/psdfile/psdparse/psddesc.h:234:20: warning: format ‘%d’ expects argument of type ‘int’, but argument 3 has type ‘std::vector<psd::ReferenceItem*>::size_type’ {aka ‘long unsigned int’} [-Wformat=]
2026-09-07T18:02:35.9517099Z   234 |             dprint("%s (count:%d)\n", typeName(), items.size());
2026-09-07T18:02:35.9517770Z       |                    ^~~~~~~~~~~~~~~~~              ~~~~~~~~~~~~
2026-09-07T18:02:35.9518362Z       |                                                             |
2026-09-07T18:02:35.9519253Z       |                                                             std::vector<psd::ReferenceItem*>::size_type {aka long unsigned int}
2026-09-07T18:02:35.9520821Z /home/runner/work/PocketKrKr/PocketKrKr/cpp/plugins/psdfile/psdparse/psdbase.h:7:28: note: in definition of macro ‘dprint’
2026-09-07T18:02:35.9521946Z     7 | #define dprint(...) printf(__VA_ARGS__);
2026-09-07T18:02:35.9522477Z       |                            ^~~~~~~~~~~
2026-09-07T18:02:35.9523400Z In file included from /home/runner/work/PocketKrKr/PocketKrKr/cpp/plugins/psdfile/psdparse/psddata.h:5,
2026-09-07T18:02:35.9524682Z                  from /home/runner/work/PocketKrKr/PocketKrKr/cpp/plugins/psdfile/psdparse/psdfile.h:4,
2026-09-07T18:02:35.9536636Z                  from /home/runner/work/PocketKrKr/PocketKrKr/cpp/plugins/psdfile/psdclass.h:9,
2026-09-07T18:02:35.9537788Z                  from /home/runner/work/PocketKrKr/PocketKrKr/cpp/plugins/psdfile/psdclass.cpp:4:
2026-09-07T18:02:35.9539143Z /home/runner/work/PocketKrKr/PocketKrKr/cpp/plugins/psdfile/psdparse/psddesc.h:234:32: note: format string is defined here
2026-09-07T18:02:35.9540582Z   234 |             dprint("%s (count:%d)\n", typeName(), items.size());
2026-09-07T18:02:35.9541195Z       |                               ~^
2026-09-07T18:02:35.9541651Z       |                                |
2026-09-07T18:02:35.9542116Z       |                                int
2026-09-07T18:02:35.9542593Z       |                               %ld
2026-09-07T18:02:35.9543483Z In file included from /home/runner/work/PocketKrKr/PocketKrKr/cpp/plugins/psdfile/psdparse/psdfile.h:3,
2026-09-07T18:02:35.9544679Z                  from /home/runner/work/PocketKrKr/PocketKrKr/cpp/plugins/psdfile/psdclass.h:9,
2026-09-07T18:02:35.9546009Z                  from /home/runner/work/PocketKrKr/PocketKrKr/cpp/plugins/psdfile/psdclass.cpp:4:
2026-09-07T18:02:35.9547903Z /home/runner/work/PocketKrKr/PocketKrKr/cpp/plugins/psdfile/psdparse/psddesc.h: In member function ‘virtual void psd::DescriptorList::dump(int)’:
2026-09-07T18:02:35.9550871Z /home/runner/work/PocketKrKr/PocketKrKr/cpp/plugins/psdfile/psdparse/psddesc.h:253:20: warning: format ‘%d’ expects argument of type ‘int’, but argument 3 has type ‘std::vector<psd::DescriptorItem*>::size_type’ {aka ‘long unsigned int’} [-Wformat=]
2026-09-07T18:02:35.9552810Z   253 |             dprint("%s (count:%d)\n", typeName(), items.size());
2026-09-07T18:02:35.9553451Z       |                    ^~~~~~~~~~~~~~~~~              ~~~~~~~~~~~~
2026-09-07T18:02:35.9554064Z       |                                                             |
2026-09-07T18:02:35.9554967Z       |                                                             std::vector<psd::DescriptorItem*>::size_type {aka long unsigned int}
2026-09-07T18:02:35.9556757Z /home/runner/work/PocketKrKr/PocketKrKr/cpp/plugins/psdfile/psdparse/psdbase.h:7:28: note: in definition of macro ‘dprint’
2026-09-07T18:02:35.9557817Z     7 | #define dprint(...) printf(__VA_ARGS__);
2026-09-07T18:02:35.9558345Z       |                            ^~~~~~~~~~~
2026-09-07T18:02:35.9559206Z In file included from /home/runner/work/PocketKrKr/PocketKrKr/cpp/plugins/psdfile/psdparse/psddata.h:5,
2026-09-07T18:02:35.9560414Z                  from /home/runner/work/PocketKrKr/PocketKrKr/cpp/plugins/psdfile/psdparse/psdfile.h:4,
2026-09-07T18:02:35.9561515Z                  from /home/runner/work/PocketKrKr/PocketKrKr/cpp/plugins/psdfile/psdclass.h:9,
2026-09-07T18:02:35.9562626Z                  from /home/runner/work/PocketKrKr/PocketKrKr/cpp/plugins/psdfile/psdclass.cpp:4:
2026-09-07T18:02:35.9564011Z /home/runner/work/PocketKrKr/PocketKrKr/cpp/plugins/psdfile/psdparse/psddesc.h:253:32: note: format string is defined here
2026-09-07T18:02:35.9605599Z   253 |             dprint("%s (count:%d)\n", typeName(), items.size());
2026-09-07T18:02:35.9606318Z       |                               ~^
2026-09-07T18:02:35.9606842Z       |                                |
2026-09-07T18:02:35.9607349Z       |                                int
2026-09-07T18:02:35.9607863Z       |                               %ld
2026-09-07T18:02:35.9608791Z In file included from /home/runner/work/PocketKrKr/PocketKrKr/cpp/plugins/psdfile/psdclass.h:10,
2026-09-07T18:02:35.9610027Z                  from /home/runner/work/PocketKrKr/PocketKrKr/cpp/plugins/psdfile/psdclass.cpp:4:
2026-09-07T18:02:35.9612340Z /home/runner/work/PocketKrKr/PocketKrKr/cpp/core/plugin/ncbind.hpp: In static member function ‘static ncbTypeConvertor::Conversion<FROM, TO>::OK ncbTypeConvertor::Conversion<FROM, TO>::check(TO)’:
2026-09-07T18:02:35.9614928Z /home/runner/work/PocketKrKr/PocketKrKr/cpp/core/plugin/ncbind.hpp:244:38: warning: no return statement in function returning non-void [-Wreturn-type]
2026-09-07T18:02:35.9616492Z   244 |                 static OK check(TO) {};
2026-09-07T18:02:35.9617040Z       |                                      ^
2026-09-07T18:02:35.9618020Z [714/741] Building CXX object bridge/engine_api/CMakeFiles/engine_api.dir/__/__/cpp/plugins/psbfile/PSBValue.cpp.o
2026-09-07T18:02:38.1656983Z [715/741] Building CXX object bridge/engine_api/CMakeFiles/engine_api.dir/__/__/cpp/plugins/psdfile/psdclass_loadstreambase.cpp.o
2026-09-07T18:02:38.1658623Z In file included from /home/runner/work/PocketKrKr/PocketKrKr/cpp/plugins/psdfile/psdparse/psddata.h:5,
2026-09-07T18:02:38.1667754Z                  from /home/runner/work/PocketKrKr/PocketKrKr/cpp/plugins/psdfile/psdparse/psdfile.h:4,
2026-09-07T18:02:38.1669019Z                  from /home/runner/work/PocketKrKr/PocketKrKr/cpp/plugins/psdfile/psdclass.h:9,
2026-09-07T18:02:38.1670230Z                  from /home/runner/work/PocketKrKr/PocketKrKr/cpp/plugins/psdfile/psdclass_loadstreambase.cpp:4:
2026-09-07T18:02:38.1671724Z /home/runner/work/PocketKrKr/PocketKrKr/cpp/plugins/psdfile/psdparse/psddesc.h:17:26: warning: multi-character character constant [-Wmultichar]
2026-09-07T18:02:38.1672898Z    17 |         TYPE_REFERENCE = 'obj ',
2026-09-07T18:02:38.1673402Z       |                          ^~~~~~
2026-09-07T18:02:38.1674521Z /home/runner/work/PocketKrKr/PocketKrKr/cpp/plugins/psdfile/psdparse/psddesc.h:18:27: warning: multi-character character constant [-Wmultichar]
2026-09-07T18:02:38.1676070Z    18 |         TYPE_DESCRIPTOR = 'Objc',
2026-09-07T18:02:38.1676626Z       |                           ^~~~~~
2026-09-07T18:02:38.1677676Z /home/runner/work/PocketKrKr/PocketKrKr/cpp/plugins/psdfile/psdparse/psddesc.h:19:21: warning: multi-character character constant [-Wmultichar]
2026-09-07T18:02:38.1678820Z    19 |         TYPE_LIST = 'VlLs',
2026-09-07T18:02:38.1679308Z       |                     ^~~~~~
2026-09-07T18:02:38.1680395Z /home/runner/work/PocketKrKr/PocketKrKr/cpp/plugins/psdfile/psdparse/psddesc.h:20:23: warning: multi-character character constant [-Wmultichar]
2026-09-07T18:02:38.1681492Z    20 |         TYPE_DOUBLE = 'doub',
2026-09-07T18:02:38.1682023Z       |                       ^~~~~~
2026-09-07T18:02:38.1683059Z /home/runner/work/PocketKrKr/PocketKrKr/cpp/plugins/psdfile/psdparse/psddesc.h:21:27: warning: multi-character character constant [-Wmultichar]
2026-09-07T18:02:38.1684211Z    21 |         TYPE_UNIT_FLOAT = 'UntF',
2026-09-07T18:02:38.1684703Z       |                           ^~~~~~
2026-09-07T18:02:38.1685994Z /home/runner/work/PocketKrKr/PocketKrKr/cpp/plugins/psdfile/psdparse/psddesc.h:22:23: warning: multi-character character constant [-Wmultichar]
2026-09-07T18:02:38.1687132Z    22 |         TYPE_STRING = 'TEXT',
2026-09-07T18:02:38.1687649Z       |                       ^~~~~~
2026-09-07T18:02:38.1688677Z /home/runner/work/PocketKrKr/PocketKrKr/cpp/plugins/psdfile/psdparse/psddesc.h:23:27: warning: multi-character character constant [-Wmultichar]
2026-09-07T18:02:38.1689839Z    23 |         TYPE_ENUMERATED = 'enum',
2026-09-07T18:02:38.1690344Z       |                           ^~~~~~
2026-09-07T18:02:38.1691430Z /home/runner/work/PocketKrKr/PocketKrKr/cpp/plugins/psdfile/psdparse/psddesc.h:24:24: warning: multi-character character constant [-Wmultichar]
2026-09-07T18:02:38.1692545Z    24 |         TYPE_INTEGER = 'long',
2026-09-07T18:02:38.1693086Z       |                        ^~~~~~
2026-09-07T18:02:38.1694139Z /home/runner/work/PocketKrKr/PocketKrKr/cpp/plugins/psdfile/psdparse/psddesc.h:25:24: warning: multi-character character constant [-Wmultichar]
2026-09-07T18:02:38.1695481Z    25 |         TYPE_BOOLEAN = 'bool',
2026-09-07T18:02:38.1696004Z       |                        ^~~~~~
2026-09-07T18:02:38.1697079Z /home/runner/work/PocketKrKr/PocketKrKr/cpp/plugins/psdfile/psdparse/psddesc.h:26:30: warning: multi-character character constant [-Wmultichar]
2026-09-07T18:02:38.1698186Z    26 |         TYPE_GLOBAL_OBJECT = 'GlbO',
2026-09-07T18:02:38.1699058Z       |                              ^~~~~~
2026-09-07T18:02:38.1700194Z /home/runner/work/PocketKrKr/PocketKrKr/cpp/plugins/psdfile/psdparse/psddesc.h:27:23: warning: multi-character character constant [-Wmultichar]
2026-09-07T18:02:38.1701362Z    27 |         TYPE_CLASS1 = 'type',
2026-09-07T18:02:38.1701844Z       |                       ^~~~~~
2026-09-07T18:02:38.1703187Z /home/runner/work/PocketKrKr/PocketKrKr/cpp/plugins/psdfile/psdparse/psddesc.h:28:23: warning: multi-character character constant [-Wmultichar]
2026-09-07T18:02:38.1704300Z    28 |         TYPE_CLASS2 = 'GlbC',
2026-09-07T18:02:38.1704842Z       |                       ^~~~~~
2026-09-07T18:02:38.1706329Z /home/runner/work/PocketKrKr/PocketKrKr/cpp/plugins/psdfile/psdparse/psddesc.h:29:22: warning: multi-character character constant [-Wmultichar]
2026-09-07T18:02:38.1707435Z    29 |         TYPE_ALIAS = 'alis',
2026-09-07T18:02:38.1707955Z       |                      ^~~~~~
2026-09-07T18:02:38.1708996Z /home/runner/work/PocketKrKr/PocketKrKr/cpp/plugins/psdfile/psdparse/psddesc.h:30:25: warning: multi-character character constant [-Wmultichar]
2026-09-07T18:02:38.1710153Z    30 |         TYPE_RAW_DATA = 'tdta',
2026-09-07T18:02:38.1710634Z       |                         ^~~~~~
2026-09-07T18:02:38.1711707Z /home/runner/work/PocketKrKr/PocketKrKr/cpp/plugins/psdfile/psdparse/psddesc.h:34:23: warning: multi-character character constant [-Wmultichar]
2026-09-07T18:02:38.1712820Z    34 |         UNIT_POINTS = '#Pnt',
2026-09-07T18:02:38.1713349Z       |                       ^~~~~~
2026-09-07T18:02:38.1714378Z /home/runner/work/PocketKrKr/PocketKrKr/cpp/plugins/psdfile/psdparse/psddesc.h:35:28: warning: multi-character character constant [-Wmultichar]
2026-09-07T18:02:38.1715731Z    35 |         UNIT_MILLIMETERS = '#Mlm',
2026-09-07T18:02:38.1716237Z       |                            ^~~~~~
2026-09-07T18:02:38.1717392Z /home/runner/work/PocketKrKr/PocketKrKr/cpp/plugins/psdfile/psdparse/psddesc.h:36:22: warning: multi-character character constant [-Wmultichar]
2026-09-07T18:02:38.1718519Z    36 |         UNIT_ANGLE = '#Ang', // degrees
2026-09-07T18:02:38.1719075Z       |                      ^~~~~~
2026-09-07T18:02:38.1720123Z /home/runner/work/PocketKrKr/PocketKrKr/cpp/plugins/psdfile/psdparse/psddesc.h:37:24: warning: multi-character character constant [-Wmultichar]
2026-09-07T18:02:38.1721322Z    37 |         UNIT_DENSITY = '#Rsl', // base per inch
2026-09-07T18:02:38.1721881Z       |                        ^~~~~~
2026-09-07T18:02:38.1722962Z /home/runner/work/PocketKrKr/PocketKrKr/cpp/plugins/psdfile/psdparse/psddesc.h:38:25: warning: multi-character character constant [-Wmultichar]
2026-09-07T18:02:38.1724125Z    38 |         UNIT_DISTANCE = '#Rlt', // base 72ppi
2026-09-07T18:02:38.1724706Z       |                         ^~~~~~
2026-09-07T18:02:38.1725949Z /home/runner/work/PocketKrKr/PocketKrKr/cpp/plugins/psdfile/psdparse/psddesc.h:39:21: warning: multi-character character constant [-Wmultichar]
2026-09-07T18:02:38.1727096Z    39 |         UNIT_NONE = '#Nne',
2026-09-07T18:02:38.1727573Z       |                     ^~~~~~
2026-09-07T18:02:38.1728654Z /home/runner/work/PocketKrKr/PocketKrKr/cpp/plugins/psdfile/psdparse/psddesc.h:40:24: warning: multi-character character constant [-Wmultichar]
2026-09-07T18:02:38.1729756Z    40 |         UNIT_PERCENT = '#Prc',
2026-09-07T18:02:38.1730300Z       |                        ^~~~~~
2026-09-07T18:02:38.1731346Z /home/runner/work/PocketKrKr/PocketKrKr/cpp/plugins/psdfile/psdparse/psddesc.h:41:23: warning: multi-character character constant [-Wmultichar]
2026-09-07T18:02:38.1732480Z    41 |         UNIT_PIXELS = '#Pxl',
2026-09-07T18:02:38.1732951Z       |                       ^~~~~~
2026-09-07T18:02:38.1734036Z /home/runner/work/PocketKrKr/PocketKrKr/cpp/plugins/psdfile/psdparse/psddesc.h:46:29: warning: multi-character character constant [-Wmultichar]
2026-09-07T18:02:38.1735625Z    46 |         REF_TYPE_PROPERTY = 'prop',
2026-09-07T18:02:38.1736215Z       |                             ^~~~~~
2026-09-07T18:02:38.1737643Z /home/runner/work/PocketKrKr/PocketKrKr/cpp/plugins/psdfile/psdparse/psddesc.h:47:26: warning: multi-character character constant [-Wmultichar]
2026-09-07T18:02:38.1738836Z    47 |         REF_TYPE_CLASS = 'Clss',
2026-09-07T18:02:38.1739344Z       |                          ^~~~~~
2026-09-07T18:02:38.1740662Z /home/runner/work/PocketKrKr/PocketKrKr/cpp/plugins/psdfile/psdparse/psddesc.h:48:29: warning: multi-character character constant [-Wmultichar]
2026-09-07T18:02:38.1741791Z    48 |         REF_TYPE_ENUM_REF = 'Enmr',
2026-09-07T18:02:38.1742347Z       |                             ^~~~~~
2026-09-07T18:02:38.1743407Z /home/runner/work/PocketKrKr/PocketKrKr/cpp/plugins/psdfile/psdparse/psddesc.h:49:27: warning: multi-character character constant [-Wmultichar]
2026-09-07T18:02:38.1744567Z    49 |         REF_TYPE_OFFSET = 'rele',
2026-09-07T18:02:38.1745073Z       |                           ^~~~~~
2026-09-07T18:02:38.1746481Z /home/runner/work/PocketKrKr/PocketKrKr/cpp/plugins/psdfile/psdparse/psddesc.h:50:31: warning: multi-character character constant [-Wmultichar]
2026-09-07T18:02:38.1747607Z    50 |         REF_TYPE_IDENTIFIER = 'Idnt',
2026-09-07T18:02:38.1748175Z       |                               ^~~~~~
2026-09-07T18:02:38.1749232Z /home/runner/work/PocketKrKr/PocketKrKr/cpp/plugins/psdfile/psdparse/psddesc.h:51:26: warning: multi-character character constant [-Wmultichar]
2026-09-07T18:02:38.1750382Z    51 |         REF_TYPE_INDEX = 'indx',
2026-09-07T18:02:38.1750879Z       |                          ^~~~~~
2026-09-07T18:02:38.1751965Z /home/runner/work/PocketKrKr/PocketKrKr/cpp/plugins/psdfile/psdparse/psddesc.h:52:25: warning: multi-character character constant [-Wmultichar]
2026-09-07T18:02:38.1753067Z    52 |         REF_TYPE_NAME = 'name',
2026-09-07T18:02:38.1753590Z       |                         ^~~~~~
2026-09-07T18:02:38.1754421Z In file included from /home/runner/work/PocketKrKr/PocketKrKr/cpp/plugins/psdfile/psdparse/psdfile.h:4,
2026-09-07T18:02:38.1755779Z                  from /home/runner/work/PocketKrKr/PocketKrKr/cpp/plugins/psdfile/psdclass.h:9,
2026-09-07T18:02:38.1765641Z                  from /home/runner/work/PocketKrKr/PocketKrKr/cpp/plugins/psdfile/psdclass_loadstreambase.cpp:4:
2026-09-07T18:02:38.1767125Z /home/runner/work/PocketKrKr/PocketKrKr/cpp/plugins/psdfile/psdparse/psddata.h:113:18: warning: multi-character character constant [-Wmultichar]
2026-09-07T18:02:38.1768147Z   113 |             case 'norm':
2026-09-07T18:02:38.1768513Z       |                  ^~~~~~
2026-09-07T18:02:38.1769454Z /home/runner/work/PocketKrKr/PocketKrKr/cpp/plugins/psdfile/psdparse/psddata.h:115:18: warning: multi-character character constant [-Wmultichar]
2026-09-07T18:02:38.1770448Z   115 |             case 'diss':
2026-09-07T18:02:38.1770799Z       |                  ^~~~~~
2026-09-07T18:02:38.1771736Z /home/runner/work/PocketKrKr/PocketKrKr/cpp/plugins/psdfile/psdparse/psddata.h:117:18: warning: multi-character character constant [-Wmultichar]
2026-09-07T18:02:38.1772718Z   117 |             case 'dark':
2026-09-07T18:02:38.1773061Z       |                  ^~~~~~
2026-09-07T18:02:38.1773983Z /home/runner/work/PocketKrKr/PocketKrKr/cpp/plugins/psdfile/psdparse/psddata.h:119:18: warning: multi-character character constant [-Wmultichar]
2026-09-07T18:02:38.1774975Z   119 |             case 'mul ':
2026-09-07T18:02:38.1775546Z       |                  ^~~~~~
2026-09-07T18:02:38.1776472Z /home/runner/work/PocketKrKr/PocketKrKr/cpp/plugins/psdfile/psdparse/psddata.h:121:18: warning: multi-character character constant [-Wmultichar]
2026-09-07T18:02:38.1777460Z   121 |             case 'idiv':
2026-09-07T18:02:38.1777812Z       |                  ^~~~~~
2026-09-07T18:02:38.1778735Z /home/runner/work/PocketKrKr/PocketKrKr/cpp/plugins/psdfile/psdparse/psddata.h:123:18: warning: multi-character character constant [-Wmultichar]
2026-09-07T18:02:38.1779732Z   123 |             case 'lbrn':
2026-09-07T18:02:38.1780082Z       |                  ^~~~~~
2026-09-07T18:02:38.1781226Z /home/runner/work/PocketKrKr/PocketKrKr/cpp/plugins/psdfile/psdparse/psddata.h:125:18: warning: multi-character character constant [-Wmultichar]
2026-09-07T18:02:38.1782260Z   125 |             case 'dkCl':
2026-09-07T18:02:38.1782610Z       |                  ^~~~~~
2026-09-07T18:02:38.1783535Z /home/runner/work/PocketKrKr/PocketKrKr/cpp/plugins/psdfile/psdparse/psddata.h:127:18: warning: multi-character character constant [-Wmultichar]
2026-09-07T18:02:38.1784719Z   127 |             case 'lite':
2026-09-07T18:02:38.1785064Z       |                  ^~~~~~
2026-09-07T18:02:38.1786177Z /home/runner/work/PocketKrKr/PocketKrKr/cpp/plugins/psdfile/psdparse/psddata.h:129:18: warning: multi-character character constant [-Wmultichar]
2026-09-07T18:02:38.1787168Z   129 |             case 'scrn':
2026-09-07T18:02:38.1787527Z       |                  ^~~~~~
2026-09-07T18:02:38.1788453Z /home/runner/work/PocketKrKr/PocketKrKr/cpp/plugins/psdfile/psdparse/psddata.h:131:18: warning: multi-character character constant [-Wmultichar]
2026-09-07T18:02:38.1789447Z   131 |             case 'div ':
2026-09-07T18:02:38.1789799Z       |                  ^~~~~~
2026-09-07T18:02:38.1790711Z /home/runner/work/PocketKrKr/PocketKrKr/cpp/plugins/psdfile/psdparse/psddata.h:133:18: warning: multi-character character constant [-Wmultichar]
2026-09-07T18:02:38.1791725Z   133 |             case 'lddg':
2026-09-07T18:02:38.1792077Z       |                  ^~~~~~
2026-09-07T18:02:38.1793007Z /home/runner/work/PocketKrKr/PocketKrKr/cpp/plugins/psdfile/psdparse/psddata.h:135:18: warning: multi-character character constant [-Wmultichar]
2026-09-07T18:02:38.1794009Z   135 |             case 'ltCl':
2026-09-07T18:02:38.1794357Z       |                  ^~~~~~
2026-09-07T18:02:38.1795569Z /home/runner/work/PocketKrKr/PocketKrKr/cpp/plugins/psdfile/psdparse/psddata.h:137:18: warning: multi-character character constant [-Wmultichar]
2026-09-07T18:02:38.1796575Z   137 |             case 'over':
2026-09-07T18:02:38.1796928Z       |                  ^~~~~~
2026-09-07T18:02:38.1797881Z /home/runner/work/PocketKrKr/PocketKrKr/cpp/plugins/psdfile/psdparse/psddata.h:139:18: warning: multi-character character constant [-Wmultichar]
2026-09-07T18:02:38.1798878Z   139 |             case 'sLit':
2026-09-07T18:02:38.1799232Z       |                  ^~~~~~
2026-09-07T18:02:38.1800175Z /home/runner/work/PocketKrKr/PocketKrKr/cpp/plugins/psdfile/psdparse/psddata.h:141:18: warning: multi-character character constant [-Wmultichar]
2026-09-07T18:02:38.1801153Z   141 |             case 'hLit':
2026-09-07T18:02:38.1801509Z       |                  ^~~~~~
2026-09-07T18:02:38.1802435Z /home/runner/work/PocketKrKr/PocketKrKr/cpp/plugins/psdfile/psdparse/psddata.h:143:18: warning: multi-character character constant [-Wmultichar]
2026-09-07T18:02:38.1803433Z   143 |             case 'vLit':
2026-09-07T18:02:38.1803785Z       |                  ^~~~~~
2026-09-07T18:02:38.1804710Z /home/runner/work/PocketKrKr/PocketKrKr/cpp/plugins/psdfile/psdparse/psddata.h:145:18: warning: multi-character character constant [-Wmultichar]
2026-09-07T18:02:38.1805890Z   145 |             case 'lLit':
2026-09-07T18:02:38.1806239Z       |                  ^~~~~~
2026-09-07T18:02:38.1807160Z /home/runner/work/PocketKrKr/PocketKrKr/cpp/plugins/psdfile/psdparse/psddata.h:147:18: warning: multi-character character constant [-Wmultichar]
2026-09-07T18:02:38.1808150Z   147 |             case 'pLit':
2026-09-07T18:02:38.1808504Z       |                  ^~~~~~
2026-09-07T18:02:38.1809437Z /home/runner/work/PocketKrKr/PocketKrKr/cpp/plugins/psdfile/psdparse/psddata.h:149:18: warning: multi-character character constant [-Wmultichar]
2026-09-07T18:02:38.1810419Z   149 |             case 'hMix':
2026-09-07T18:02:38.1810773Z       |                  ^~~~~~
2026-09-07T18:02:38.1811699Z /home/runner/work/PocketKrKr/PocketKrKr/cpp/plugins/psdfile/psdparse/psddata.h:151:18: warning: multi-character character constant [-Wmultichar]
2026-09-07T18:02:38.1812673Z   151 |             case 'diff':
2026-09-07T18:02:38.1813032Z       |                  ^~~~~~
2026-09-07T18:02:38.1814153Z /home/runner/work/PocketKrKr/PocketKrKr/cpp/plugins/psdfile/psdparse/psddata.h:153:18: warning: multi-character character constant [-Wmultichar]
2026-09-07T18:02:38.1815340Z   153 |             case 'smud':
2026-09-07T18:02:38.1815694Z       |                  ^~~~~~
2026-09-07T18:02:38.1816834Z /home/runner/work/PocketKrKr/PocketKrKr/cpp/plugins/psdfile/psdparse/psddata.h:155:18: warning: multi-character character constant [-Wmultichar]
2026-09-07T18:02:38.1817830Z   155 |             case 'fsub':
2026-09-07T18:02:38.1818178Z       |                  ^~~~~~
2026-09-07T18:02:38.1819100Z /home/runner/work/PocketKrKr/PocketKrKr/cpp/plugins/psdfile/psdparse/psddata.h:157:18: warning: multi-character character constant [-Wmultichar]
2026-09-07T18:02:38.1820086Z   157 |             case 'fdiv':
2026-09-07T18:02:38.1820434Z       |                  ^~~~~~
2026-09-07T18:02:38.1821379Z /home/runner/work/PocketKrKr/PocketKrKr/cpp/plugins/psdfile/psdparse/psddata.h:159:18: warning: multi-character character constant [-Wmultichar]
2026-09-07T18:02:38.1822367Z   159 |             case 'hue ':
2026-09-07T18:02:38.1822730Z       |                  ^~~~~~
2026-09-07T18:02:38.1823653Z /home/runner/work/PocketKrKr/PocketKrKr/cpp/plugins/psdfile/psdparse/psddata.h:161:18: warning: multi-character character constant [-Wmultichar]
2026-09-07T18:02:38.1824656Z   161 |             case 'sat ':
2026-09-07T18:02:38.1825012Z       |                  ^~~~~~
2026-09-07T18:02:38.1836307Z /home/runner/work/PocketKrKr/PocketKrKr/cpp/plugins/psdfile/psdparse/psddata.h:163:18: warning: multi-character character constant [-Wmultichar]
2026-09-07T18:02:38.1837382Z   163 |             case 'colr':
2026-09-07T18:02:38.1837744Z       |                  ^~~~~~
2026-09-07T18:02:38.1838708Z /home/runner/work/PocketKrKr/PocketKrKr/cpp/plugins/psdfile/psdparse/psddata.h:165:18: warning: multi-character character constant [-Wmultichar]
2026-09-07T18:02:38.1839737Z   165 |             case 'lum ':
2026-09-07T18:02:38.1840122Z       |                  ^~~~~~
2026-09-07T18:02:38.1841143Z /home/runner/work/PocketKrKr/PocketKrKr/cpp/plugins/psdfile/psdparse/psddata.h:167:18: warning: multi-character character constant [-Wmultichar]
2026-09-07T18:02:38.1842154Z   167 |             case 'pass':
2026-09-07T18:02:38.1842517Z       |                  ^~~~~~
2026-09-07T18:02:38.1843234Z In file included from /home/runner/work/PocketKrKr/PocketKrKr/cpp/plugins/psdfile/psdparse/psdfile.h:3,
2026-09-07T18:02:38.1844235Z                  from /home/runner/work/PocketKrKr/PocketKrKr/cpp/plugins/psdfile/psdclass.h:9,
2026-09-07T18:02:38.1845445Z                  from /home/runner/work/PocketKrKr/PocketKrKr/cpp/plugins/psdfile/psdclass_loadstreambase.cpp:4:
2026-09-07T18:02:38.1847343Z /home/runner/work/PocketKrKr/PocketKrKr/cpp/plugins/psdfile/psdparse/psddesc.h: In member function ‘virtual void psd::DescriptorReference::dump(int)’:
2026-09-07T18:02:38.1849936Z /home/runner/work/PocketKrKr/PocketKrKr/cpp/plugins/psdfile/psdparse/psddesc.h:234:20: warning: format ‘%d’ expects argument of type ‘int’, but argument 3 has type ‘std::vector<psd::ReferenceItem*>::size_type’ {aka ‘long unsigned int’} [-Wformat=]
2026-09-07T18:02:38.1851855Z   234 |             dprint("%s (count:%d)\n", typeName(), items.size());
2026-09-07T18:02:38.1852500Z       |                    ^~~~~~~~~~~~~~~~~              ~~~~~~~~~~~~
2026-09-07T18:02:38.1853038Z       |                                                             |
2026-09-07T18:02:38.1853804Z       |                                                             std::vector<psd::ReferenceItem*>::size_type {aka long unsigned int}
2026-09-07T18:02:38.1855351Z /home/runner/work/PocketKrKr/PocketKrKr/cpp/plugins/psdfile/psdparse/psdbase.h:7:28: note: in definition of macro ‘dprint’
2026-09-07T18:02:38.1856349Z     7 | #define dprint(...) printf(__VA_ARGS__);
2026-09-07T18:02:38.1856828Z       |                            ^~~~~~~~~~~
2026-09-07T18:02:38.1857872Z In file included from /home/runner/work/PocketKrKr/PocketKrKr/cpp/plugins/psdfile/psdparse/psddata.h:5,
2026-09-07T18:02:38.1859044Z                  from /home/runner/work/PocketKrKr/PocketKrKr/cpp/plugins/psdfile/psdparse/psdfile.h:4,
2026-09-07T18:02:38.1860102Z                  from /home/runner/work/PocketKrKr/PocketKrKr/cpp/plugins/psdfile/psdclass.h:9,
2026-09-07T18:02:38.1861412Z                  from /home/runner/work/PocketKrKr/PocketKrKr/cpp/plugins/psdfile/psdclass_loadstreambase.cpp:4:
2026-09-07T18:02:38.1862729Z /home/runner/work/PocketKrKr/PocketKrKr/cpp/plugins/psdfile/psdparse/psddesc.h:234:32: note: format string is defined here
2026-09-07T18:02:38.1863864Z   234 |             dprint("%s (count:%d)\n", typeName(), items.size());
2026-09-07T18:02:38.1864454Z       |                               ~^
2026-09-07T18:02:38.1864889Z       |                                |
2026-09-07T18:02:38.1865512Z       |                                int
2026-09-07T18:02:38.1865963Z       |                               %ld
2026-09-07T18:02:38.1866792Z In file included from /home/runner/work/PocketKrKr/PocketKrKr/cpp/plugins/psdfile/psdparse/psdfile.h:3,
2026-09-07T18:02:38.1867843Z                  from /home/runner/work/PocketKrKr/PocketKrKr/cpp/plugins/psdfile/psdclass.h:9,
2026-09-07T18:02:38.1868876Z                  from /home/runner/work/PocketKrKr/PocketKrKr/cpp/plugins/psdfile/psdclass_loadstreambase.cpp:4:
2026-09-07T18:02:38.1870544Z /home/runner/work/PocketKrKr/PocketKrKr/cpp/plugins/psdfile/psdparse/psddesc.h: In member function ‘virtual void psd::DescriptorList::dump(int)’:
2026-09-07T18:02:38.1873077Z /home/runner/work/PocketKrKr/PocketKrKr/cpp/plugins/psdfile/psdparse/psddesc.h:253:20: warning: format ‘%d’ expects argument of type ‘int’, but argument 3 has type ‘std::vector<psd::DescriptorItem*>::size_type’ {aka ‘long unsigned int’} [-Wformat=]
2026-09-07T18:02:38.1874764Z   253 |             dprint("%s (count:%d)\n", typeName(), items.size());
2026-09-07T18:02:38.1876609Z       |                    ^~~~~~~~~~~~~~~~~              ~~~~~~~~~~~~
2026-09-07T18:02:38.1877130Z       |                                                             |
2026-09-07T18:02:38.1877884Z       |                                                             std::vector<psd::DescriptorItem*>::size_type {aka long unsigned int}
2026-09-07T18:02:38.1879235Z /home/runner/work/PocketKrKr/PocketKrKr/cpp/plugins/psdfile/psdparse/psdbase.h:7:28: note: in definition of macro ‘dprint’
2026-09-07T18:02:38.1880202Z     7 | #define dprint(...) printf(__VA_ARGS__);
2026-09-07T18:02:38.1880651Z       |                            ^~~~~~~~~~~
2026-09-07T18:02:38.1881423Z In file included from /home/runner/work/PocketKrKr/PocketKrKr/cpp/plugins/psdfile/psdparse/psddata.h:5,
2026-09-07T18:02:38.1882528Z                  from /home/runner/work/PocketKrKr/PocketKrKr/cpp/plugins/psdfile/psdparse/psdfile.h:4,
2026-09-07T18:02:38.1883512Z                  from /home/runner/work/PocketKrKr/PocketKrKr/cpp/plugins/psdfile/psdclass.h:9,
2026-09-07T18:02:38.1884563Z                  from /home/runner/work/PocketKrKr/PocketKrKr/cpp/plugins/psdfile/psdclass_loadstreambase.cpp:4:
2026-09-07T18:02:38.1886021Z /home/runner/work/PocketKrKr/PocketKrKr/cpp/plugins/psdfile/psdparse/psddesc.h:253:32: note: format string is defined here
2026-09-07T18:02:38.1887019Z   253 |             dprint("%s (count:%d)\n", typeName(), items.size());
2026-09-07T18:02:38.1887544Z       |                               ~^
2026-09-07T18:02:38.1887925Z       |                                |
2026-09-07T18:02:38.1888329Z       |                                int
2026-09-07T18:02:38.1888727Z       |                               %ld
2026-09-07T18:02:38.1889441Z In file included from /home/runner/work/PocketKrKr/PocketKrKr/cpp/plugins/psdfile/psdclass.h:10,
2026-09-07T18:02:38.1890535Z                  from /home/runner/work/PocketKrKr/PocketKrKr/cpp/plugins/psdfile/psdclass_loadstreambase.cpp:4:
2026-09-07T18:02:38.1892731Z /home/runner/work/PocketKrKr/PocketKrKr/cpp/core/plugin/ncbind.hpp: In static member function ‘static ncbTypeConvertor::Conversion<FROM, TO>::OK ncbTypeConvertor::Conversion<FROM, TO>::check(TO)’:
2026-09-07T18:02:38.1894673Z /home/runner/work/PocketKrKr/PocketKrKr/cpp/core/plugin/ncbind.hpp:244:38: warning: no return statement in function returning non-void [-Wreturn-type]
2026-09-07T18:02:38.1895923Z   244 |                 static OK check(TO) {};
2026-09-07T18:02:38.1896566Z       |                                      ^
2026-09-07T18:02:38.2055891Z [716/741] Building CXX object bridge/engine_api/CMakeFiles/engine_api.dir/__/__/cpp/plugins/psbfile/PSBMedia.cpp.o
2026-09-07T18:02:38.2279318Z [717/741] Building CXX object bridge/engine_api/CMakeFiles/engine_api.dir/__/__/cpp/plugins/psbfile/types/PimgType.cpp.o
2026-09-07T18:02:38.2543717Z [718/741] Building CXX object bridge/engine_api/CMakeFiles/engine_api.dir/__/__/cpp/plugins/psbfile/types/MotionType.cpp.o
2026-09-07T18:02:38.2737631Z [719/741] Building CXX object bridge/engine_api/CMakeFiles/engine_api.dir/__/__/cpp/plugins/psbfile/types/ScnType.cpp.o
2026-09-07T18:02:38.2932914Z [720/741] Building CXX object bridge/engine_api/CMakeFiles/engine_api.dir/__/__/cpp/plugins/psbfile/types/ImageType.cpp.o
2026-09-07T18:02:38.3128553Z [721/741] Building CXX object bridge/engine_api/CMakeFiles/engine_api.dir/__/__/cpp/plugins/psbfile/types/MmoType.cpp.o
2026-09-07T18:02:38.3338810Z [722/741] Building CXX object bridge/engine_api/CMakeFiles/engine_api.dir/__/__/cpp/plugins/psbfile/types/ArchiveType.cpp.o
2026-09-07T18:02:38.3533251Z [723/741] Building CXX object bridge/engine_api/CMakeFiles/engine_api.dir/__/__/cpp/plugins/psbfile/types/SoundArchiveType.cpp.o
2026-09-07T18:02:38.3916798Z [724/741] Building CXX object bridge/engine_api/CMakeFiles/engine_api.dir/__/__/cpp/plugins/psbfile/resources/ImageMetadata.cpp.o
2026-09-07T18:02:39.2106928Z [725/741] Building CXX object bridge/engine_api/CMakeFiles/engine_api.dir/__/__/cpp/plugins/psbfile/main.cpp.o
2026-09-07T18:02:39.2166430Z In file included from /home/runner/work/PocketKrKr/PocketKrKr/cpp/plugins/psbfile/main.cpp:11:
2026-09-07T18:02:39.2169025Z /home/runner/work/PocketKrKr/PocketKrKr/cpp/core/plugin/ncbind.hpp: In static member function ‘static ncbTypeConvertor::Conversion<FROM, TO>::OK ncbTypeConvertor::Conversion<FROM, TO>::check(TO)’:
2026-09-07T18:02:39.2171237Z /home/runner/work/PocketKrKr/PocketKrKr/cpp/core/plugin/ncbind.hpp:244:38: warning: no return statement in function returning non-void [-Wreturn-type]
2026-09-07T18:02:39.2172538Z   244 |                 static OK check(TO) {};
2026-09-07T18:02:39.2173073Z       |                                      ^
2026-09-07T18:02:40.9487018Z [726/741] Building CXX object bridge/engine_api/CMakeFiles/engine_api.dir/__/__/cpp/plugins/psbfile/PSBFile.cpp.o
2026-09-07T18:02:40.9516225Z In file included from /home/runner/work/PocketKrKr/PocketKrKr/cpp/plugins/psbfile/PSBFile.cpp:8:
2026-09-07T18:02:40.9547417Z /home/runner/work/PocketKrKr/PocketKrKr/cpp/core/plugin/ncbind.hpp: In static member function ‘static ncbTypeConvertor::Conversion<FROM, TO>::OK ncbTypeConvertor::Conversion<FROM, TO>::check(TO)’:
2026-09-07T18:02:40.9576458Z /home/runner/work/PocketKrKr/PocketKrKr/cpp/core/plugin/ncbind.hpp:244:38: warning: no return statement in function returning non-void [-Wreturn-type]
2026-09-07T18:02:40.9605920Z   244 |                 static OK check(TO) {};
2026-09-07T18:02:40.9606894Z       |                                      ^
2026-09-07T18:02:43.1437021Z [727/741] Building CXX object bridge/engine_api/CMakeFiles/engine_api.dir/__/__/cpp/plugins/layerex_draw/general/LayerExDraw.cpp.o
2026-09-07T18:02:43.1438914Z In file included from /home/runner/work/PocketKrKr/PocketKrKr/cpp/plugins/layerex_draw/general/LayerExDraw.cpp:5:
2026-09-07T18:02:43.1467477Z /home/runner/work/PocketKrKr/PocketKrKr/cpp/core/plugin/ncbind.hpp: In static member function ‘static ncbTypeConvertor::Conversion<FROM, TO>::OK ncbTypeConvertor::Conversion<FROM, TO>::check(TO)’:
2026-09-07T18:02:43.1496971Z /home/runner/work/PocketKrKr/PocketKrKr/cpp/core/plugin/ncbind.hpp:244:38: warning: no return statement in function returning non-void [-Wreturn-type]
2026-09-07T18:02:43.1525785Z   244 |                 static OK check(TO) {};
2026-09-07T18:02:43.1526367Z       |                                      ^
2026-09-07T18:02:43.2486803Z [728/741] Building CXX object bridge/engine_api/CMakeFiles/engine_api.dir/__/__/cpp/plugins/layerex_draw/general/DrawPath.cpp.o
2026-09-07T18:02:43.2666708Z [729/741] Building CXX object bridge/engine_api/CMakeFiles/engine_api.dir/__/__/cpp/plugins/motionplayer/EmotePlayer.cpp.o
2026-09-07T18:02:44.2841366Z [730/741] Building CXX object bridge/engine_api/CMakeFiles/engine_api.dir/__/__/cpp/plugins/layerex_draw/general/main.cpp.o
2026-09-07T18:02:44.2856405Z In file included from /home/runner/work/PocketKrKr/PocketKrKr/cpp/plugins/layerex_draw/general/main.cpp:3:
2026-09-07T18:02:44.2887600Z /home/runner/work/PocketKrKr/PocketKrKr/cpp/core/plugin/ncbind.hpp: In static member function ‘static ncbTypeConvertor::Conversion<FROM, TO>::OK ncbTypeConvertor::Conversion<FROM, TO>::check(TO)’:
2026-09-07T18:02:44.2916554Z /home/runner/work/PocketKrKr/PocketKrKr/cpp/core/plugin/ncbind.hpp:244:38: warning: no return statement in function returning non-void [-Wreturn-type]
2026-09-07T18:02:44.2945966Z   244 |                 static OK check(TO) {};
2026-09-07T18:02:44.2946595Z       |                                      ^
2026-09-07T18:02:44.3059817Z [731/741] Building CXX object bridge/engine_api/CMakeFiles/engine_api.dir/__/__/cpp/plugins/motionplayer/ResourceManager.cpp.o
2026-09-07T18:02:46.3396806Z [732/741] Building CXX object bridge/engine_api/CMakeFiles/engine_api.dir/__/__/cpp/plugins/kagparserex/kagparserex_plugin.cpp.o
2026-09-07T18:02:46.3426275Z In file included from /home/runner/work/PocketKrKr/PocketKrKr/cpp/plugins/kagparserex/kagparserex_plugin.cpp:2:
2026-09-07T18:02:46.3447219Z /home/runner/work/PocketKrKr/PocketKrKr/cpp/core/plugin/ncbind.hpp: In static member function ‘static ncbTypeConvertor::Conversion<FROM, TO>::OK ncbTypeConvertor::Conversion<FROM, TO>::check(TO)’:
2026-09-07T18:02:46.3449426Z /home/runner/work/PocketKrKr/PocketKrKr/cpp/core/plugin/ncbind.hpp:244:38: warning: no return statement in function returning non-void [-Wreturn-type]
2026-09-07T18:02:46.3455968Z   244 |                 static OK check(TO) {};
2026-09-07T18:02:46.3485852Z       |                                      ^
2026-09-07T18:02:46.7986950Z [733/741] Building CXX object bridge/engine_api/CMakeFiles/engine_api.dir/__/__/cpp/plugins/motionplayer/Player.cpp.o
2026-09-07T18:02:46.8006789Z In file included from /home/runner/work/PocketKrKr/PocketKrKr/cpp/plugins/motionplayer/Player.h:19,
2026-09-07T18:02:46.8008128Z                  from /home/runner/work/PocketKrKr/PocketKrKr/cpp/plugins/motionplayer/Player.cpp:5:
2026-09-07T18:02:46.8010545Z /home/runner/work/PocketKrKr/PocketKrKr/cpp/core/plugin/ncbind.hpp: In static member function ‘static ncbTypeConvertor::Conversion<FROM, TO>::OK ncbTypeConvertor::Conversion<FROM, TO>::check(TO)’:
2026-09-07T18:02:46.8012815Z /home/runner/work/PocketKrKr/PocketKrKr/cpp/core/plugin/ncbind.hpp:244:38: warning: no return statement in function returning non-void [-Wreturn-type]
2026-09-07T18:02:46.8014102Z   244 |                 static OK check(TO) {};
2026-09-07T18:02:46.8014707Z       |                                      ^
2026-09-07T18:02:47.0806793Z [734/741] Building CXX object tests/CMakeFiles/tvpgl_simd_compare.dir/tvpgl_simd_compare.cpp.o
2026-09-07T18:02:47.1236557Z [735/741] Building CXX object tools/xp3/CMakeFiles/xp3.dir/main.cpp.o
2026-09-07T18:02:47.3499853Z [736/741] Linking CXX executable tests/tvpgl_simd_compare
2026-09-07T18:02:48.6973285Z [737/741] Building CXX object bridge/engine_api/CMakeFiles/engine_api.dir/__/__/cpp/plugins/motionplayer/main.cpp.o
2026-09-07T18:02:48.6974951Z In file included from /home/runner/work/PocketKrKr/PocketKrKr/cpp/plugins/motionplayer/main.cpp:8:
2026-09-07T18:02:48.6978282Z /home/runner/work/PocketKrKr/PocketKrKr/cpp/core/plugin/ncbind.hpp: In static member function ‘static ncbTypeConvertor::Conversion<FROM, TO>::OK ncbTypeConvertor::Conversion<FROM, TO>::check(TO)’:
2026-09-07T18:02:48.6980707Z /home/runner/work/PocketKrKr/PocketKrKr/cpp/core/plugin/ncbind.hpp:244:38: warning: no return statement in function returning non-void [-Wreturn-type]
2026-09-07T18:02:48.6982110Z   244 |                 static OK check(TO) {};
2026-09-07T18:02:48.6982967Z       |                                      ^
2026-09-07T18:02:49.8679140Z [738/741] Building CXX object bridge/engine_api/CMakeFiles/engine_api.dir/__/__/cpp/plugins/fstat/main.cpp.o
2026-09-07T18:02:49.8680719Z In file included from /home/runner/work/PocketKrKr/PocketKrKr/cpp/plugins/fstat/main.cpp:8:
2026-09-07T18:02:49.8683378Z /home/runner/work/PocketKrKr/PocketKrKr/cpp/core/plugin/ncbind.hpp: In static member function ‘static ncbTypeConvertor::Conversion<FROM, TO>::OK ncbTypeConvertor::Conversion<FROM, TO>::check(TO)’:
2026-09-07T18:02:49.8686042Z /home/runner/work/PocketKrKr/PocketKrKr/cpp/core/plugin/ncbind.hpp:244:38: warning: no return statement in function returning non-void [-Wreturn-type]
2026-09-07T18:02:49.8687490Z   244 |                 static OK check(TO) {};
2026-09-07T18:02:49.8688216Z       |                                      ^
2026-09-07T18:02:56.4714755Z [739/741] Building CXX object bridge/engine_api/CMakeFiles/engine_api.dir/__/__/cpp/plugins/psdfile/psdclass_loadstream.cpp.o
2026-09-07T18:02:56.4716698Z In file included from /home/runner/work/PocketKrKr/PocketKrKr/cpp/plugins/psdfile/psdparse/psddata.h:5,
2026-09-07T18:02:56.4717469Z                  from /home/runner/work/PocketKrKr/PocketKrKr/cpp/plugins/psdfile/psdparse/psdfile.h:4,
2026-09-07T18:02:56.4718119Z                  from /home/runner/work/PocketKrKr/PocketKrKr/cpp/plugins/psdfile/psdclass.h:9,
2026-09-07T18:02:56.4719153Z                  from /home/runner/work/PocketKrKr/PocketKrKr/cpp/plugins/psdfile/psdclass_loadstream.cpp:1:
2026-09-07T18:02:56.4720895Z /home/runner/work/PocketKrKr/PocketKrKr/cpp/plugins/psdfile/psdparse/psddesc.h:17:26: warning: multi-character character constant [-Wmultichar]
2026-09-07T18:02:56.4722104Z    17 |         TYPE_REFERENCE = 'obj ',
2026-09-07T18:02:56.4722578Z       |                          ^~~~~~
2026-09-07T18:02:56.4723653Z /home/runner/work/PocketKrKr/PocketKrKr/cpp/plugins/psdfile/psdparse/psddesc.h:18:27: warning: multi-character character constant [-Wmultichar]
2026-09-07T18:02:56.4724915Z    18 |         TYPE_DESCRIPTOR = 'Objc',
2026-09-07T18:02:56.4725642Z       |                           ^~~~~~
2026-09-07T18:02:56.4726862Z /home/runner/work/PocketKrKr/PocketKrKr/cpp/plugins/psdfile/psdparse/psddesc.h:19:21: warning: multi-character character constant [-Wmultichar]
2026-09-07T18:02:56.4728050Z    19 |         TYPE_LIST = 'VlLs',
2026-09-07T18:02:56.4728316Z       |                     ^~~~~~
2026-09-07T18:02:56.4728956Z /home/runner/work/PocketKrKr/PocketKrKr/cpp/plugins/psdfile/psdparse/psddesc.h:20:23: warning: multi-character character constant [-Wmultichar]
2026-09-07T18:02:56.4729739Z    20 |         TYPE_DOUBLE = 'doub',
2026-09-07T18:02:56.4730276Z       |                       ^~~~~~
2026-09-07T18:02:56.4731031Z /home/runner/work/PocketKrKr/PocketKrKr/cpp/plugins/psdfile/psdparse/psddesc.h:21:27: warning: multi-character character constant [-Wmultichar]
2026-09-07T18:02:56.4731701Z    21 |         TYPE_UNIT_FLOAT = 'UntF',
2026-09-07T18:02:56.4732141Z       |                           ^~~~~~
2026-09-07T18:02:56.4732789Z /home/runner/work/PocketKrKr/PocketKrKr/cpp/plugins/psdfile/psdparse/psddesc.h:22:23: warning: multi-character character constant [-Wmultichar]
2026-09-07T18:02:56.4733447Z    22 |         TYPE_STRING = 'TEXT',
2026-09-07T18:02:56.4733715Z       |                       ^~~~~~
2026-09-07T18:02:56.4734350Z /home/runner/work/PocketKrKr/PocketKrKr/cpp/plugins/psdfile/psdparse/psddesc.h:23:27: warning: multi-character character constant [-Wmultichar]
2026-09-07T18:02:56.4735023Z    23 |         TYPE_ENUMERATED = 'enum',
2026-09-07T18:02:56.4735612Z       |                           ^~~~~~
2026-09-07T18:02:56.4736254Z /home/runner/work/PocketKrKr/PocketKrKr/cpp/plugins/psdfile/psdparse/psddesc.h:24:24: warning: multi-character character constant [-Wmultichar]
2026-09-07T18:02:56.4736908Z    24 |         TYPE_INTEGER = 'long',
2026-09-07T18:02:56.4737173Z       |                        ^~~~~~
2026-09-07T18:02:56.4737787Z /home/runner/work/PocketKrKr/PocketKrKr/cpp/plugins/psdfile/psdparse/psddesc.h:25:24: warning: multi-character character constant [-Wmultichar]
2026-09-07T18:02:56.4744517Z    25 |         TYPE_BOOLEAN = 'bool',
2026-09-07T18:02:56.4744845Z       |                        ^~~~~~
2026-09-07T18:02:56.4746109Z /home/runner/work/PocketKrKr/PocketKrKr/cpp/plugins/psdfile/psdparse/psddesc.h:26:30: warning: multi-character character constant [-Wmultichar]
2026-09-07T18:02:56.4746815Z    26 |         TYPE_GLOBAL_OBJECT = 'GlbO',
2026-09-07T18:02:56.4747103Z       |                              ^~~~~~
2026-09-07T18:02:56.4747780Z /home/runner/work/PocketKrKr/PocketKrKr/cpp/plugins/psdfile/psdparse/psddesc.h:27:23: warning: multi-character character constant [-Wmultichar]
2026-09-07T18:02:56.4748446Z    27 |         TYPE_CLASS1 = 'type',
2026-09-07T18:02:56.4748708Z       |                       ^~~~~~
2026-09-07T18:02:56.4749325Z /home/runner/work/PocketKrKr/PocketKrKr/cpp/plugins/psdfile/psdparse/psddesc.h:28:23: warning: multi-character character constant [-Wmultichar]
2026-09-07T18:02:56.4749964Z    28 |         TYPE_CLASS2 = 'GlbC',
2026-09-07T18:02:56.4750215Z       |                       ^~~~~~
2026-09-07T18:02:56.4750817Z /home/runner/work/PocketKrKr/PocketKrKr/cpp/plugins/psdfile/psdparse/psddesc.h:29:22: warning: multi-character character constant [-Wmultichar]
2026-09-07T18:02:56.4751441Z    29 |         TYPE_ALIAS = 'alis',
2026-09-07T18:02:56.4751692Z       |                      ^~~~~~
2026-09-07T18:02:56.4752290Z /home/runner/work/PocketKrKr/PocketKrKr/cpp/plugins/psdfile/psdparse/psddesc.h:30:25: warning: multi-character character constant [-Wmultichar]
2026-09-07T18:02:56.4752914Z    30 |         TYPE_RAW_DATA = 'tdta',
2026-09-07T18:02:56.4753187Z       |                         ^~~~~~
2026-09-07T18:02:56.4753789Z /home/runner/work/PocketKrKr/PocketKrKr/cpp/plugins/psdfile/psdparse/psddesc.h:34:23: warning: multi-character character constant [-Wmultichar]
2026-09-07T18:02:56.4754422Z    34 |         UNIT_POINTS = '#Pnt',
2026-09-07T18:02:56.4754679Z       |                       ^~~~~~
2026-09-07T18:02:56.4755528Z /home/runner/work/PocketKrKr/PocketKrKr/cpp/plugins/psdfile/psdparse/psddesc.h:35:28: warning: multi-character character constant [-Wmultichar]
2026-09-07T18:02:56.4756190Z    35 |         UNIT_MILLIMETERS = '#Mlm',
2026-09-07T18:02:56.4756464Z       |                            ^~~~~~
2026-09-07T18:02:56.4757084Z /home/runner/work/PocketKrKr/PocketKrKr/cpp/plugins/psdfile/psdparse/psddesc.h:36:22: warning: multi-character character constant [-Wmultichar]
2026-09-07T18:02:56.4757734Z    36 |         UNIT_ANGLE = '#Ang', // degrees
2026-09-07T18:02:56.4758017Z       |                      ^~~~~~
2026-09-07T18:02:56.4758830Z /home/runner/work/PocketKrKr/PocketKrKr/cpp/plugins/psdfile/psdparse/psddesc.h:37:24: warning: multi-character character constant [-Wmultichar]
2026-09-07T18:02:56.4759510Z    37 |         UNIT_DENSITY = '#Rsl', // base per inch
2026-09-07T18:02:56.4759814Z       |                        ^~~~~~
2026-09-07T18:02:56.4760558Z /home/runner/work/PocketKrKr/PocketKrKr/cpp/plugins/psdfile/psdparse/psddesc.h:38:25: warning: multi-character character constant [-Wmultichar]
2026-09-07T18:02:56.4761229Z    38 |         UNIT_DISTANCE = '#Rlt', // base 72ppi
2026-09-07T18:02:56.4761526Z       |                         ^~~~~~
2026-09-07T18:02:56.4762138Z /home/runner/work/PocketKrKr/PocketKrKr/cpp/plugins/psdfile/psdparse/psddesc.h:39:21: warning: multi-character character constant [-Wmultichar]
2026-09-07T18:02:56.4762769Z    39 |         UNIT_NONE = '#Nne',
2026-09-07T18:02:56.4763018Z       |                     ^~~~~~
2026-09-07T18:02:56.4763615Z /home/runner/work/PocketKrKr/PocketKrKr/cpp/plugins/psdfile/psdparse/psddesc.h:40:24: warning: multi-character character constant [-Wmultichar]
2026-09-07T18:02:56.4764260Z    40 |         UNIT_PERCENT = '#Prc',
2026-09-07T18:02:56.4764516Z       |                        ^~~~~~
2026-09-07T18:02:56.4765128Z /home/runner/work/PocketKrKr/PocketKrKr/cpp/plugins/psdfile/psdparse/psddesc.h:41:23: warning: multi-character character constant [-Wmultichar]
2026-09-07T18:02:56.4765986Z    41 |         UNIT_PIXELS = '#Pxl',
2026-09-07T18:02:56.4766242Z       |                       ^~~~~~
2026-09-07T18:02:56.4766843Z /home/runner/work/PocketKrKr/PocketKrKr/cpp/plugins/psdfile/psdparse/psddesc.h:46:29: warning: multi-character character constant [-Wmultichar]
2026-09-07T18:02:56.4767486Z    46 |         REF_TYPE_PROPERTY = 'prop',
2026-09-07T18:02:56.4767775Z       |                             ^~~~~~
2026-09-07T18:02:56.4768385Z /home/runner/work/PocketKrKr/PocketKrKr/cpp/plugins/psdfile/psdparse/psddesc.h:47:26: warning: multi-character character constant [-Wmultichar]
2026-09-07T18:02:56.4769016Z    47 |         REF_TYPE_CLASS = 'Clss',
2026-09-07T18:02:56.4769286Z       |                          ^~~~~~
2026-09-07T18:02:56.4769891Z /home/runner/work/PocketKrKr/PocketKrKr/cpp/plugins/psdfile/psdparse/psddesc.h:48:29: warning: multi-character character constant [-Wmultichar]
2026-09-07T18:02:56.4770532Z    48 |         REF_TYPE_ENUM_REF = 'Enmr',
2026-09-07T18:02:56.4770799Z       |                             ^~~~~~
2026-09-07T18:02:56.4771404Z /home/runner/work/PocketKrKr/PocketKrKr/cpp/plugins/psdfile/psdparse/psddesc.h:49:27: warning: multi-character character constant [-Wmultichar]
2026-09-07T18:02:56.4772044Z    49 |         REF_TYPE_OFFSET = 'rele',
2026-09-07T18:02:56.4772304Z       |                           ^~~~~~
2026-09-07T18:02:56.4772912Z /home/runner/work/PocketKrKr/PocketKrKr/cpp/plugins/psdfile/psdparse/psddesc.h:50:31: warning: multi-character character constant [-Wmultichar]
2026-09-07T18:02:56.4773545Z    50 |         REF_TYPE_IDENTIFIER = 'Idnt',
2026-09-07T18:02:56.4773829Z       |                               ^~~~~~
2026-09-07T18:02:56.4774440Z /home/runner/work/PocketKrKr/PocketKrKr/cpp/plugins/psdfile/psdparse/psddesc.h:51:26: warning: multi-character character constant [-Wmultichar]
2026-09-07T18:02:56.4775065Z    51 |         REF_TYPE_INDEX = 'indx',
2026-09-07T18:02:56.4775615Z       |                          ^~~~~~
2026-09-07T18:02:56.4776231Z /home/runner/work/PocketKrKr/PocketKrKr/cpp/plugins/psdfile/psdparse/psddesc.h:52:25: warning: multi-character character constant [-Wmultichar]
2026-09-07T18:02:56.4776860Z    52 |         REF_TYPE_NAME = 'name',
2026-09-07T18:02:56.4777112Z       |                         ^~~~~~
2026-09-07T18:02:56.4777593Z In file included from /home/runner/work/PocketKrKr/PocketKrKr/cpp/plugins/psdfile/psdparse/psdfile.h:4,
2026-09-07T18:02:56.4778255Z                  from /home/runner/work/PocketKrKr/PocketKrKr/cpp/plugins/psdfile/psdclass.h:9,
2026-09-07T18:02:56.4779043Z                  from /home/runner/work/PocketKrKr/PocketKrKr/cpp/plugins/psdfile/psdclass_loadstream.cpp:1:
2026-09-07T18:02:56.4779890Z /home/runner/work/PocketKrKr/PocketKrKr/cpp/plugins/psdfile/psdparse/psddata.h:113:18: warning: multi-character character constant [-Wmultichar]
2026-09-07T18:02:56.4780520Z   113 |             case 'norm':
2026-09-07T18:02:56.4780882Z       |                  ^~~~~~
2026-09-07T18:02:56.4781495Z /home/runner/work/PocketKrKr/PocketKrKr/cpp/plugins/psdfile/psdparse/psddata.h:115:18: warning: multi-character character constant [-Wmultichar]
2026-09-07T18:02:56.4782124Z   115 |             case 'diss':
2026-09-07T18:02:56.4782366Z       |                  ^~~~~~
2026-09-07T18:02:56.4782955Z /home/runner/work/PocketKrKr/PocketKrKr/cpp/plugins/psdfile/psdparse/psddata.h:117:18: warning: multi-character character constant [-Wmultichar]
2026-09-07T18:02:56.4783587Z   117 |             case 'dark':
2026-09-07T18:02:56.4783821Z       |                  ^~~~~~
2026-09-07T18:02:56.4784413Z /home/runner/work/PocketKrKr/PocketKrKr/cpp/plugins/psdfile/psdparse/psddata.h:119:18: warning: multi-character character constant [-Wmultichar]
2026-09-07T18:02:56.4785046Z   119 |             case 'mul ':
2026-09-07T18:02:56.4785558Z       |                  ^~~~~~
2026-09-07T18:02:56.4786169Z /home/runner/work/PocketKrKr/PocketKrKr/cpp/plugins/psdfile/psdparse/psddata.h:121:18: warning: multi-character character constant [-Wmultichar]
2026-09-07T18:02:56.4786813Z   121 |             case 'idiv':
2026-09-07T18:02:56.4787045Z       |                  ^~~~~~
2026-09-07T18:02:56.4787634Z /home/runner/work/PocketKrKr/PocketKrKr/cpp/plugins/psdfile/psdparse/psddata.h:123:18: warning: multi-character character constant [-Wmultichar]
2026-09-07T18:02:56.4788253Z   123 |             case 'lbrn':
2026-09-07T18:02:56.4788487Z       |                  ^~~~~~
2026-09-07T18:02:56.4789077Z /home/runner/work/PocketKrKr/PocketKrKr/cpp/plugins/psdfile/psdparse/psddata.h:125:18: warning: multi-character character constant [-Wmultichar]
2026-09-07T18:02:56.4789700Z   125 |             case 'dkCl':
2026-09-07T18:02:56.4789933Z       |                  ^~~~~~
2026-09-07T18:02:56.4790511Z /home/runner/work/PocketKrKr/PocketKrKr/cpp/plugins/psdfile/psdparse/psddata.h:127:18: warning: multi-character character constant [-Wmultichar]
2026-09-07T18:02:56.4791126Z   127 |             case 'lite':
2026-09-07T18:02:56.4791363Z       |                  ^~~~~~
2026-09-07T18:02:56.4791941Z /home/runner/work/PocketKrKr/PocketKrKr/cpp/plugins/psdfile/psdparse/psddata.h:129:18: warning: multi-character character constant [-Wmultichar]
2026-09-07T18:02:56.4792565Z   129 |             case 'scrn':
2026-09-07T18:02:56.4792800Z       |                  ^~~~~~
2026-09-07T18:02:56.4793375Z /home/runner/work/PocketKrKr/PocketKrKr/cpp/plugins/psdfile/psdparse/psddata.h:131:18: warning: multi-character character constant [-Wmultichar]
2026-09-07T18:02:56.4793994Z   131 |             case 'div ':
2026-09-07T18:02:56.4794223Z       |                  ^~~~~~
2026-09-07T18:02:56.4794819Z /home/runner/work/PocketKrKr/PocketKrKr/cpp/plugins/psdfile/psdparse/psddata.h:133:18: warning: multi-character character constant [-Wmultichar]
2026-09-07T18:02:56.4795667Z   133 |             case 'lddg':
2026-09-07T18:02:56.4795900Z       |                  ^~~~~~
2026-09-07T18:02:56.4796491Z /home/runner/work/PocketKrKr/PocketKrKr/cpp/plugins/psdfile/psdparse/psddata.h:135:18: warning: multi-character character constant [-Wmultichar]
2026-09-07T18:02:56.4797119Z   135 |             case 'ltCl':
2026-09-07T18:02:56.4797351Z       |                  ^~~~~~
2026-09-07T18:02:56.4797932Z /home/runner/work/PocketKrKr/PocketKrKr/cpp/plugins/psdfile/psdparse/psddata.h:137:18: warning: multi-character character constant [-Wmultichar]
2026-09-07T18:02:56.4798549Z   137 |             case 'over':
2026-09-07T18:02:56.4798782Z       |                  ^~~~~~
2026-09-07T18:02:56.4799364Z /home/runner/work/PocketKrKr/PocketKrKr/cpp/plugins/psdfile/psdparse/psddata.h:139:18: warning: multi-character character constant [-Wmultichar]
2026-09-07T18:02:56.4800130Z   139 |             case 'sLit':
2026-09-07T18:02:56.4800362Z       |                  ^~~~~~
2026-09-07T18:02:56.4800943Z /home/runner/work/PocketKrKr/PocketKrKr/cpp/plugins/psdfile/psdparse/psddata.h:141:18: warning: multi-character character constant [-Wmultichar]
2026-09-07T18:02:56.4801694Z   141 |             case 'hLit':
2026-09-07T18:02:56.4801924Z       |                  ^~~~~~
2026-09-07T18:02:56.4802508Z /home/runner/work/PocketKrKr/PocketKrKr/cpp/plugins/psdfile/psdparse/psddata.h:143:18: warning: multi-character character constant [-Wmultichar]
2026-09-07T18:02:56.4803127Z   143 |             case 'vLit':
2026-09-07T18:02:56.4803357Z       |                  ^~~~~~
2026-09-07T18:02:56.4803950Z /home/runner/work/PocketKrKr/PocketKrKr/cpp/plugins/psdfile/psdparse/psddata.h:145:18: warning: multi-character character constant [-Wmultichar]
2026-09-07T18:02:56.4804745Z   145 |             case 'lLit':
2026-09-07T18:02:56.4805335Z       |                  ^~~~~~
2026-09-07T18:02:56.4806444Z /home/runner/work/PocketKrKr/PocketKrKr/cpp/plugins/psdfile/psdparse/psddata.h:147:18: warning: multi-character character constant [-Wmultichar]
2026-09-07T18:02:56.4807624Z   147 |             case 'pLit':
2026-09-07T18:02:56.4808078Z       |                  ^~~~~~
2026-09-07T18:02:56.4809277Z /home/runner/work/PocketKrKr/PocketKrKr/cpp/plugins/psdfile/psdparse/psddata.h:149:18: warning: multi-character character constant [-Wmultichar]
2026-09-07T18:02:56.4810472Z   149 |             case 'hMix':
2026-09-07T18:02:56.4810893Z       |                  ^~~~~~
2026-09-07T18:02:56.4811975Z /home/runner/work/PocketKrKr/PocketKrKr/cpp/plugins/psdfile/psdparse/psddata.h:151:18: warning: multi-character character constant [-Wmultichar]
2026-09-07T18:02:56.4813136Z   151 |             case 'diff':
2026-09-07T18:02:56.4813554Z       |                  ^~~~~~
2026-09-07T18:02:56.4814658Z /home/runner/work/PocketKrKr/PocketKrKr/cpp/plugins/psdfile/psdparse/psddata.h:153:18: warning: multi-character character constant [-Wmultichar]
2026-09-07T18:02:56.4816043Z   153 |             case 'smud':
2026-09-07T18:02:56.4816462Z       |                  ^~~~~~
2026-09-07T18:02:56.4817531Z /home/runner/work/PocketKrKr/PocketKrKr/cpp/plugins/psdfile/psdparse/psddata.h:155:18: warning: multi-character character constant [-Wmultichar]
2026-09-07T18:02:56.4818548Z   155 |             case 'fsub':
2026-09-07T18:02:56.4818793Z       |                  ^~~~~~
2026-09-07T18:02:56.4819388Z /home/runner/work/PocketKrKr/PocketKrKr/cpp/plugins/psdfile/psdparse/psddata.h:157:18: warning: multi-character character constant [-Wmultichar]
2026-09-07T18:02:56.4820021Z   157 |             case 'fdiv':
2026-09-07T18:02:56.4820432Z       |                  ^~~~~~
2026-09-07T18:02:56.4821043Z /home/runner/work/PocketKrKr/PocketKrKr/cpp/plugins/psdfile/psdparse/psddata.h:159:18: warning: multi-character character constant [-Wmultichar]
2026-09-07T18:02:56.4821673Z   159 |             case 'hue ':
2026-09-07T18:02:56.4821903Z       |                  ^~~~~~
2026-09-07T18:02:56.4822497Z /home/runner/work/PocketKrKr/PocketKrKr/cpp/plugins/psdfile/psdparse/psddata.h:161:18: warning: multi-character character constant [-Wmultichar]
2026-09-07T18:02:56.4823116Z   161 |             case 'sat ':
2026-09-07T18:02:56.4823343Z       |                  ^~~~~~
2026-09-07T18:02:56.4823968Z /home/runner/work/PocketKrKr/PocketKrKr/cpp/plugins/psdfile/psdparse/psddata.h:163:18: warning: multi-character character constant [-Wmultichar]
2026-09-07T18:02:56.4824592Z   163 |             case 'colr':
2026-09-07T18:02:56.4824828Z       |                  ^~~~~~
2026-09-07T18:02:56.4825694Z /home/runner/work/PocketKrKr/PocketKrKr/cpp/plugins/psdfile/psdparse/psddata.h:165:18: warning: multi-character character constant [-Wmultichar]
2026-09-07T18:02:56.4826330Z   165 |             case 'lum ':
2026-09-07T18:02:56.4826570Z       |                  ^~~~~~
2026-09-07T18:02:56.4827338Z /home/runner/work/PocketKrKr/PocketKrKr/cpp/plugins/psdfile/psdparse/psddata.h:167:18: warning: multi-character character constant [-Wmultichar]
2026-09-07T18:02:56.4827975Z   167 |             case 'pass':
2026-09-07T18:02:56.4828210Z       |                  ^~~~~~
2026-09-07T18:02:56.4828673Z In file included from /home/runner/work/PocketKrKr/PocketKrKr/cpp/plugins/psdfile/psdparse/psdfile.h:3,
2026-09-07T18:02:56.4829496Z                  from /home/runner/work/PocketKrKr/PocketKrKr/cpp/plugins/psdfile/psdclass.h:9,
2026-09-07T18:02:56.4830135Z                  from /home/runner/work/PocketKrKr/PocketKrKr/cpp/plugins/psdfile/psdclass_loadstream.cpp:1:
2026-09-07T18:02:56.4831444Z /home/runner/work/PocketKrKr/PocketKrKr/cpp/plugins/psdfile/psdparse/psddesc.h: In member function ‘virtual void psd::DescriptorReference::dump(int)’:
2026-09-07T18:02:56.4833072Z /home/runner/work/PocketKrKr/PocketKrKr/cpp/plugins/psdfile/psdparse/psddesc.h:234:20: warning: format ‘%d’ expects argument of type ‘int’, but argument 3 has type ‘std::vector<psd::ReferenceItem*>::size_type’ {aka ‘long unsigned int’} [-Wformat=]
2026-09-07T18:02:56.4834157Z   234 |             dprint("%s (count:%d)\n", typeName(), items.size());
2026-09-07T18:02:56.4834533Z       |                    ^~~~~~~~~~~~~~~~~              ~~~~~~~~~~~~
2026-09-07T18:02:56.4834861Z       |                                                             |
2026-09-07T18:02:56.4835691Z       |                                                             std::vector<psd::ReferenceItem*>::size_type {aka long unsigned int}
2026-09-07T18:02:56.4836545Z /home/runner/work/PocketKrKr/PocketKrKr/cpp/plugins/psdfile/psdparse/psdbase.h:7:28: note: in definition of macro ‘dprint’
2026-09-07T18:02:56.4837149Z     7 | #define dprint(...) printf(__VA_ARGS__);
2026-09-07T18:02:56.4837446Z       |                            ^~~~~~~~~~~
2026-09-07T18:02:56.4837940Z In file included from /home/runner/work/PocketKrKr/PocketKrKr/cpp/plugins/psdfile/psdparse/psddata.h:5,
2026-09-07T18:02:56.4838631Z                  from /home/runner/work/PocketKrKr/PocketKrKr/cpp/plugins/psdfile/psdparse/psdfile.h:4,
2026-09-07T18:02:56.4839253Z                  from /home/runner/work/PocketKrKr/PocketKrKr/cpp/plugins/psdfile/psdclass.h:9,
2026-09-07T18:02:56.4839891Z                  from /home/runner/work/PocketKrKr/PocketKrKr/cpp/plugins/psdfile/psdclass_loadstream.cpp:1:
2026-09-07T18:02:56.4840672Z /home/runner/work/PocketKrKr/PocketKrKr/cpp/plugins/psdfile/psdparse/psddesc.h:234:32: note: format string is defined here
2026-09-07T18:02:56.4841313Z   234 |             dprint("%s (count:%d)\n", typeName(), items.size());
2026-09-07T18:02:56.4841649Z       |                               ~^
2026-09-07T18:02:56.4841906Z       |                                |
2026-09-07T18:02:56.4842164Z       |                                int
2026-09-07T18:02:56.4842429Z       |                               %ld
2026-09-07T18:02:56.4842920Z In file included from /home/runner/work/PocketKrKr/PocketKrKr/cpp/plugins/psdfile/psdparse/psdfile.h:3,
2026-09-07T18:02:56.4843578Z                  from /home/runner/work/PocketKrKr/PocketKrKr/cpp/plugins/psdfile/psdclass.h:9,
2026-09-07T18:02:56.4844210Z                  from /home/runner/work/PocketKrKr/PocketKrKr/cpp/plugins/psdfile/psdclass_loadstream.cpp:1:
2026-09-07T18:02:56.4845426Z /home/runner/work/PocketKrKr/PocketKrKr/cpp/plugins/psdfile/psdparse/psddesc.h: In member function ‘virtual void psd::DescriptorList::dump(int)’:
2026-09-07T18:02:56.4847027Z /home/runner/work/PocketKrKr/PocketKrKr/cpp/plugins/psdfile/psdparse/psddesc.h:253:20: warning: format ‘%d’ expects argument of type ‘int’, but argument 3 has type ‘std::vector<psd::DescriptorItem*>::size_type’ {aka ‘long unsigned int’} [-Wformat=]
2026-09-07T18:02:56.4848068Z   253 |             dprint("%s (count:%d)\n", typeName(), items.size());
2026-09-07T18:02:56.4848441Z       |                    ^~~~~~~~~~~~~~~~~              ~~~~~~~~~~~~
2026-09-07T18:02:56.4848777Z       |                                                             |
2026-09-07T18:02:56.4849413Z       |                                                             std::vector<psd::DescriptorItem*>::size_type {aka long unsigned int}
2026-09-07T18:02:56.4850257Z /home/runner/work/PocketKrKr/PocketKrKr/cpp/plugins/psdfile/psdparse/psdbase.h:7:28: note: in definition of macro ‘dprint’
2026-09-07T18:02:56.4850854Z     7 | #define dprint(...) printf(__VA_ARGS__);
2026-09-07T18:02:56.4851277Z       |                            ^~~~~~~~~~~
2026-09-07T18:02:56.4851793Z In file included from /home/runner/work/PocketKrKr/PocketKrKr/cpp/plugins/psdfile/psdparse/psddata.h:5,
2026-09-07T18:02:56.4852472Z                  from /home/runner/work/PocketKrKr/PocketKrKr/cpp/plugins/psdfile/psdparse/psdfile.h:4,
2026-09-07T18:02:56.4853090Z                  from /home/runner/work/PocketKrKr/PocketKrKr/cpp/plugins/psdfile/psdclass.h:9,
2026-09-07T18:02:56.4853722Z                  from /home/runner/work/PocketKrKr/PocketKrKr/cpp/plugins/psdfile/psdclass_loadstream.cpp:1:
2026-09-07T18:02:56.4854502Z /home/runner/work/PocketKrKr/PocketKrKr/cpp/plugins/psdfile/psdparse/psddesc.h:253:32: note: format string is defined here
2026-09-07T18:02:56.4855350Z   253 |             dprint("%s (count:%d)\n", typeName(), items.size());
2026-09-07T18:02:56.4855714Z       |                               ~^
2026-09-07T18:02:56.4855973Z       |                                |
2026-09-07T18:02:56.4856232Z       |                                int
2026-09-07T18:02:56.4856490Z       |                               %ld
2026-09-07T18:02:56.4856943Z In file included from /home/runner/work/PocketKrKr/PocketKrKr/cpp/plugins/psdfile/psdclass.h:10,
2026-09-07T18:02:56.4857610Z                  from /home/runner/work/PocketKrKr/PocketKrKr/cpp/plugins/psdfile/psdclass_loadstream.cpp:1:
2026-09-07T18:02:56.4858819Z /home/runner/work/PocketKrKr/PocketKrKr/cpp/core/plugin/ncbind.hpp: In static member function ‘static ncbTypeConvertor::Conversion<FROM, TO>::OK ncbTypeConvertor::Conversion<FROM, TO>::check(TO)’:
2026-09-07T18:02:56.4860003Z /home/runner/work/PocketKrKr/PocketKrKr/cpp/core/plugin/ncbind.hpp:244:38: warning: no return statement in function returning non-void [-Wreturn-type]
2026-09-07T18:02:56.4860669Z   244 |                 static OK check(TO) {};
2026-09-07T18:02:56.4860960Z       |                                      ^
2026-09-07T18:03:02.0151362Z [740/741] Linking CXX executable /home/runner/work/PocketKrKr/PocketKrKr/tools/bin/dbg/xp3
2026-09-07T18:03:02.0152292Z /usr/bin/ld: vcpkg_installed/x64-linux/debug/lib/libjpegxrd.a(strenc.c.o): in function `StrIOEncInit':
2026-09-07T18:03:02.0153399Z /home/runner/work/PocketKrKr/PocketKrKr/.devtools/vcpkg/buildtrees/jxrlib/src/0dd9dbbdb4-ff67a15ca3.clean/image/encode/strenc.c:485: warning: the use of `tmpnam' is dangerous, better use `mkstemp'
2026-09-07T18:03:13.1892481Z [741/741] Linking CXX shared library bridge/engine_api/libengine_api.so
2026-09-07T18:03:13.1893599Z /usr/bin/ld: vcpkg_installed/x64-linux/debug/lib/libjpegxrd.a(strenc.c.o): in function `StrIOEncInit':
2026-09-07T18:03:13.1895689Z /home/runner/work/PocketKrKr/PocketKrKr/.devtools/vcpkg/buildtrees/jxrlib/src/0dd9dbbdb4-ff67a15ca3.clean/image/encode/strenc.c:485: warning: the use of `tmpnam' is dangerous, better use `mkstemp'
2026-09-07T18:03:13.1979085Z ##[group]Run if [ -d "out/linux/debug/tests" ]; then
2026-09-07T18:03:13.1979501Z [36;1mif [ -d "out/linux/debug/tests" ]; then[0m
2026-09-07T18:03:13.1979886Z [36;1m  (cd out/linux/debug && ctest --output-on-failure)[0m
2026-09-07T18:03:13.1980219Z [36;1melse[0m
2026-09-07T18:03:13.1980464Z [36;1m  echo "No tests yet — build succeeded."[0m
2026-09-07T18:03:13.1980756Z [36;1mfi[0m
2026-09-07T18:03:13.2129283Z shell: /usr/bin/bash -e {0}
2026-09-07T18:03:13.2129576Z env:
2026-09-07T18:03:13.2129771Z   JOBS: 4
2026-09-07T18:03:13.2129962Z ##[endgroup]
2026-09-07T18:03:13.5142446Z Test project /home/runner/work/PocketKrKr/PocketKrKr/out/linux/debug
2026-09-07T18:03:13.5352144Z     Start 1: tvpgl_simd_compare
2026-09-07T18:03:13.5771363Z 1/1 Test #1: tvpgl_simd_compare ...............***Failed    0.04 sec
2026-09-07T18:03:13.5772292Z [MISMATCH] PsAlphaBlend round=0 idx=1 scalar=005E8946 simd=00FF8946
2026-09-07T18:03:13.5773241Z [MISMATCH] PsAlphaBlend_o opa=64 round=0 idx=0 scalar=00E0CF55 simd=00FFFF55
2026-09-07T18:03:13.5774070Z [MISMATCH] PsSubBlend round=0 idx=0 scalar=00500070 simd=00FF00FF
2026-09-07T18:03:13.5775481Z [MISMATCH] PsSubBlend_o opa=64 round=0 idx=0 scalar=00E0038A simd=00FFFFFF
2026-09-07T18:03:13.5776363Z [MISMATCH] PsMulBlend round=0 idx=0 scalar=00752B57 simd=00FFFFFF
2026-09-07T18:03:13.5777220Z [MISMATCH] PsMulBlend_o opa=64 round=0 idx=0 scalar=006C4CA8 simd=00FFFFFF
2026-09-07T18:03:13.5778100Z [MISMATCH] PsOverlayBlend round=0 idx=0 scalar=0091E9BF simd=0091FFBF
2026-09-07T18:03:13.5779146Z [MISMATCH] PsOverlayBlend_o opa=64 round=0 idx=0 scalar=008F0CE1 simd=008F0CFF
2026-09-07T18:03:13.5779759Z [MISMATCH] PsHardLightBlend round=0 idx=3 scalar=00F96D84 simd=00F9FFFF
2026-09-07T18:03:13.5780362Z [MISMATCH] PsHardLightBlend_o opa=64 round=0 idx=1 scalar=00C1C26E simd=00FFFFFF
2026-09-07T18:03:13.5780934Z [MISMATCH] PsDarkenBlend round=0 idx=1 scalar=00B77250 simd=00FFFF50
2026-09-07T18:03:13.5781498Z [MISMATCH] PsDarkenBlend_o opa=64 round=0 idx=0 scalar=0049DF83 simd=0049FFFF
2026-09-07T18:03:13.5782041Z [MISMATCH] PsDiffBlend round=0 idx=0 scalar=0087D464 simd=00FFFFFF
2026-09-07T18:03:13.5782584Z [MISMATCH] PsDiffBlend_o opa=64 round=0 idx=0 scalar=0014D2D0 simd=0014FFFF
2026-09-07T18:03:13.5783122Z [MISMATCH] PsExclusionBlend round=0 idx=1 scalar=00CBF99B simd=00FFFFFF
2026-09-07T18:03:13.5783660Z [MISMATCH] PsExclusionBlend_o opa=64 round=0 idx=0 scalar=0036BF89 simd=0036FFFF
2026-09-07T18:03:13.5784113Z tvpgl_simd_compare: 16 mismatches found
2026-09-07T18:03:13.5784308Z 
2026-09-07T18:03:13.5784416Z Errors while running CTest
2026-09-07T18:03:13.5784576Z 
2026-09-07T18:03:13.5784694Z 0% tests passed, 1 tests failed out of 1
2026-09-07T18:03:13.5784884Z 
2026-09-07T18:03:13.5784987Z Total Test time (real) =   0.06 sec
2026-09-07T18:03:13.5785407Z 
2026-09-07T18:03:13.5785536Z The following tests FAILED:
2026-09-07T18:03:13.5785801Z 	  1 - tvpgl_simd_compare (Failed)
2026-09-07T18:03:13.6021121Z ##[error]Process completed with exit code 8.
2026-09-07T18:03:13.6141596Z Node 20 is being deprecated. This workflow is running with Node 24 by default. If you need to temporarily use Node 20, you can set the ACTIONS_ALLOW_USE_UNSECURE_NODE_VERSION=true environment variable. For more information see: https://github.blog/changelog/2025-09-19-deprecation-of-node-20-on-github-actions-runners/
2026-09-07T18:03:13.6142899Z Post job cleanup.
2026-09-07T18:03:13.7160981Z [command]/usr/bin/git version
2026-09-07T18:03:13.7216845Z git version 2.55.0
2026-09-07T18:03:13.7268334Z Temporarily overriding HOME='/home/runner/work/_temp/ba4fa4a3-c814-4858-bd8d-fe1578ea9456' before making global git config changes
2026-09-07T18:03:13.7270031Z Adding repository directory to the temporary git global config as a safe directory
2026-09-07T18:03:13.7271953Z [command]/usr/bin/git config --global --add safe.directory /home/runner/work/PocketKrKr/PocketKrKr
2026-09-07T18:03:13.7326003Z [command]/usr/bin/git config --local --name-only --get-regexp core\.sshCommand
2026-09-07T18:03:13.7376532Z [command]/usr/bin/git submodule foreach --recursive sh -c "git config --local --name-only --get-regexp 'core\.sshCommand' && git config --local --unset-all 'core.sshCommand' || :"
2026-09-07T18:03:13.7694182Z [command]/usr/bin/git config --local --name-only --get-regexp http\.https\:\/\/github\.com\/\.extraheader
2026-09-07T18:03:13.7721788Z http.https://github.com/.extraheader
2026-09-07T18:03:13.7733797Z [command]/usr/bin/git config --local --unset-all http.https://github.com/.extraheader
2026-09-07T18:03:13.7772545Z [command]/usr/bin/git submodule foreach --recursive sh -c "git config --local --name-only --get-regexp 'http\.https\:\/\/github\.com\/\.extraheader' && git config --local --unset-all 'http.https://github.com/.extraheader' || :"
2026-09-07T18:03:13.8067625Z [command]/usr/bin/git config --local --name-only --get-regexp ^includeIf\.gitdir:
2026-09-07T18:03:13.8112635Z [command]/usr/bin/git submodule foreach --recursive git config --local --show-origin --name-only --get-regexp remote.origin.url
2026-09-07T18:03:13.8622999Z Cleaning up orphan processes
2026-09-07T18:03:13.9005545Z ##[warning]Node.js 20 is deprecated. The following actions target Node.js 20 but are being forced to run on Node.js 24: actions/cache/restore@v4, actions/checkout@v4. For more information see: https://github.blog/changelog/2025-09-19-deprecation-of-node-20-on-github-actions-runners/
